imports starting...
imports done — CUDA available: False
Run 007
creating env...
env created, building model...
Using cpu device
Wrapping the env with a `Monitor` wrapper
Wrapping the env in a DummyVecEnv.
model ready, starting training...
-----------------------------
| time/              |      |
|    fps             | 510  |
|    iterations      | 1    |
|    time_elapsed    | 4    |
|    total_timesteps | 2048 |
-----------------------------
Early stopping at step 1 due to reaching max kl: 0.24
----------------------------------------
| time/                   |            |
|    fps                  | 418        |
|    iterations           | 2          |
|    time_elapsed         | 9          |
|    total_timesteps      | 4096       |
| train/                  |            |
|    approx_kl            | 0.24183618 |
|    clip_fraction        | 0.0942     |
|    clip_range           | 0.1        |
|    entropy_loss         | -105       |
|    explained_variance   | -2.08      |
|    learning_rate        | 3e-05      |
|    loss                 | -9.73      |
|    n_updates            | 2          |
|    policy_gradient_loss | -0.00331   |
|    std                  | 1          |
|    value_loss           | 1.72       |
----------------------------------------
Early stopping at step 2 due to reaching max kl: 0.23
----------------------------------------
| time/                   |            |
|    fps                  | 354        |
|    iterations           | 3          |
|    time_elapsed         | 17         |
|    total_timesteps      | 6144       |
| train/                  |            |
|    approx_kl            | 0.20464277 |
|    clip_fraction        | 0.431      |
|    clip_range           | 0.1        |
|    entropy_loss         | -106       |
|    explained_variance   | -2.13      |
|    learning_rate        | 3e-05      |
|    loss                 | -9.87      |
|    n_updates            | 5          |
|    policy_gradient_loss | -0.0389    |
|    std                  | 1          |
|    value_loss           | 1.65       |
----------------------------------------
Early stopping at step 2 due to reaching max kl: 0.29
----------------------------------------
| time/                   |            |
|    fps                  | 330        |
|    iterations           | 4          |
|    time_elapsed         | 24         |
|    total_timesteps      | 8192       |
| train/                  |            |
|    approx_kl            | 0.29062065 |
|    clip_fraction        | 0.438      |
|    clip_range           | 0.1        |
|    entropy_loss         | -106       |
|    explained_variance   | -1.46      |
|    learning_rate        | 3e-05      |
|    loss                 | -9.99      |
|    n_updates            | 8          |
|    policy_gradient_loss | -0.0374    |
|    std                  | 1          |
|    value_loss           | 1.88       |
----------------------------------------
Early stopping at step 1 due to reaching max kl: 0.24
Saved → /home/rrahman/StudentClusterBT/Tabula Rasa/simulation03c/../artifacts/sim03c/run007.png
Saved → /home/rrahman/StudentClusterBT/Tabula Rasa/simulation03c/../artifacts/sim03c/run007_iq.png
Saved model → /home/rrahman/StudentClusterBT/Tabula Rasa/simulation03c/../artifacts/sim03c/run007_model.zip  (step 10000)
---------------------------------------
| time/                   |           |
|    fps                  | 306       |
|    iterations           | 5         |
|    time_elapsed         | 33        |
|    total_timesteps      | 10240     |
| train/                  |           |
|    approx_kl            | 0.1391938 |
|    clip_fraction        | 0.205     |
|    clip_range           | 0.1       |
|    entropy_loss         | -106      |
|    explained_variance   | -1.87     |
|    learning_rate        | 3e-05     |
|    loss                 | -9.89     |
|    n_updates            | 10        |
|    policy_gradient_loss | -0.0179   |
|    std                  | 1         |
|    value_loss           | 1.58      |
---------------------------------------
Early stopping at step 1 due to reaching max kl: 0.26
----------------------------------------
| time/                   |            |
|    fps                  | 307        |
|    iterations           | 6          |
|    time_elapsed         | 39         |
|    total_timesteps      | 12288      |
| train/                  |            |
|    approx_kl            | 0.14787926 |
|    clip_fraction        | 0.422      |
|    clip_range           | 0.1        |
|    entropy_loss         | -106       |
|    explained_variance   | -1.39      |
|    learning_rate        | 3e-05      |
|    loss                 | -9.45      |
|    n_updates            | 12         |
|    policy_gradient_loss | -0.0377    |
|    std                  | 1          |
|    value_loss           | 1.77       |
----------------------------------------
Early stopping at step 2 due to reaching max kl: 0.25
----------------------------------------
| time/                   |            |
|    fps                  | 306        |
|    iterations           | 7          |
|    time_elapsed         | 46         |
|    total_timesteps      | 14336      |
| train/                  |            |
|    approx_kl            | 0.21315089 |
|    clip_fraction        | 0.446      |
|    clip_range           | 0.1        |
|    entropy_loss         | -105       |
|    explained_variance   | -1.5       |
|    learning_rate        | 3e-05      |
|    loss                 | -9.71      |
|    n_updates            | 15         |
|    policy_gradient_loss | -0.0388    |
|    std                  | 1          |
|    value_loss           | 1.67       |
----------------------------------------
Early stopping at step 1 due to reaching max kl: 0.23
----------------------------------------
| time/                   |            |
|    fps                  | 308        |
|    iterations           | 8          |
|    time_elapsed         | 53         |
|    total_timesteps      | 16384      |
| train/                  |            |
|    approx_kl            | 0.15061681 |
|    clip_fraction        | 0.383      |
|    clip_range           | 0.1        |
|    entropy_loss         | -106       |
|    explained_variance   | -1.58      |
|    learning_rate        | 3e-05      |
|    loss                 | -9.92      |
|    n_updates            | 17         |
|    policy_gradient_loss | -0.0345    |
|    std                  | 1          |
|    value_loss           | 1.52       |
----------------------------------------
Early stopping at step 1 due to reaching max kl: 0.27
----------------------------------------
| time/                   |            |
|    fps                  | 310        |
|    iterations           | 9          |
|    time_elapsed         | 59         |
|    total_timesteps      | 18432      |
| train/                  |            |
|    approx_kl            | 0.13706227 |
|    clip_fraction        | 0.349      |
|    clip_range           | 0.1        |
|    entropy_loss         | -105       |
|    explained_variance   | -1.77      |
|    learning_rate        | 3e-05      |
|    loss                 | -9.81      |
|    n_updates            | 19         |
|    policy_gradient_loss | -0.0298    |
|    std                  | 1          |
|    value_loss           | 1.58       |
----------------------------------------
Early stopping at step 1 due to reaching max kl: 0.27
Saved → /home/rrahman/StudentClusterBT/Tabula Rasa/simulation03c/../artifacts/sim03c/run007.png
Saved → /home/rrahman/StudentClusterBT/Tabula Rasa/simulation03c/../artifacts/sim03c/run007_iq.png
Saved model → /home/rrahman/StudentClusterBT/Tabula Rasa/simulation03c/../artifacts/sim03c/run007_model.zip  (step 20000)
----------------------------------------
| time/                   |            |
|    fps                  | 299        |
|    iterations           | 10         |
|    time_elapsed         | 68         |
|    total_timesteps      | 20480      |
| train/                  |            |
|    approx_kl            | 0.14340575 |
|    clip_fraction        | 0.302      |
|    clip_range           | 0.1        |
|    entropy_loss         | -106       |
|    explained_variance   | -1.35      |
|    learning_rate        | 3e-05      |
|    loss                 | -9.84      |
|    n_updates            | 21         |
|    policy_gradient_loss | -0.0257    |
|    std                  | 1          |
|    value_loss           | 1.6        |
----------------------------------------
Early stopping at step 1 due to reaching max kl: 0.23
----------------------------------------
| time/                   |            |
|    fps                  | 304        |
|    iterations           | 11         |
|    time_elapsed         | 74         |
|    total_timesteps      | 22528      |
| train/                  |            |
|    approx_kl            | 0.14585051 |
|    clip_fraction        | 0.332      |
|    clip_range           | 0.1        |
|    entropy_loss         | -106       |
|    explained_variance   | -1.47      |
|    learning_rate        | 3e-05      |
|    loss                 | -9.96      |
|    n_updates            | 23         |
|    policy_gradient_loss | -0.0298    |
|    std                  | 1          |
|    value_loss           | 1.61       |
----------------------------------------
Early stopping at step 1 due to reaching max kl: 0.25
----------------------------------------
| time/                   |            |
|    fps                  | 307        |
|    iterations           | 12         |
|    time_elapsed         | 79         |
|    total_timesteps      | 24576      |
| train/                  |            |
|    approx_kl            | 0.13982075 |
|    clip_fraction        | 0.313      |
|    clip_range           | 0.1        |
|    entropy_loss         | -106       |
|    explained_variance   | -1.42      |
|    learning_rate        | 3e-05      |
|    loss                 | -9.9       |
|    n_updates            | 25         |
|    policy_gradient_loss | -0.0272    |
|    std                  | 1          |
|    value_loss           | 1.75       |
----------------------------------------
Early stopping at step 1 due to reaching max kl: 0.24
----------------------------------------
| time/                   |            |
|    fps                  | 309        |
|    iterations           | 13         |
|    time_elapsed         | 85         |
|    total_timesteps      | 26624      |
| train/                  |            |
|    approx_kl            | 0.15112299 |
|    clip_fraction        | 0.436      |
|    clip_range           | 0.1        |
|    entropy_loss         | -106       |
|    explained_variance   | -1.06      |
|    learning_rate        | 3e-05      |
|    loss                 | -9.8       |
|    n_updates            | 27         |
|    policy_gradient_loss | -0.0392    |
|    std                  | 1          |
|    value_loss           | 1.6        |
----------------------------------------
Early stopping at step 1 due to reaching max kl: 0.24
----------------------------------------
| time/                   |            |
|    fps                  | 312        |
|    iterations           | 14         |
|    time_elapsed         | 91         |
|    total_timesteps      | 28672      |
| train/                  |            |
|    approx_kl            | 0.14580616 |
|    clip_fraction        | 0.359      |
|    clip_range           | 0.1        |
|    entropy_loss         | -105       |
|    explained_variance   | -1.36      |
|    learning_rate        | 3e-05      |
|    loss                 | -9.75      |
|    n_updates            | 29         |
|    policy_gradient_loss | -0.0309    |
|    std                  | 1          |
|    value_loss           | 1.54       |
----------------------------------------
Early stopping at step 1 due to reaching max kl: 0.23
Saved → /home/rrahman/StudentClusterBT/Tabula Rasa/simulation03c/../artifacts/sim03c/run007.png
Saved → /home/rrahman/StudentClusterBT/Tabula Rasa/simulation03c/../artifacts/sim03c/run007_iq.png
Saved model → /home/rrahman/StudentClusterBT/Tabula Rasa/simulation03c/../artifacts/sim03c/run007_model.zip  (step 30000)
---------------------------------------
| time/                   |           |
|    fps                  | 306       |
|    iterations           | 15        |
|    time_elapsed         | 100       |
|    total_timesteps      | 30720     |
| train/                  |           |
|    approx_kl            | 0.1375174 |
|    clip_fraction        | 0.195     |
|    clip_range           | 0.1       |
|    entropy_loss         | -106      |
|    explained_variance   | -1.45     |
|    learning_rate        | 3e-05     |
|    loss                 | -9.79     |
|    n_updates            | 31        |
|    policy_gradient_loss | -0.0161   |
|    std                  | 1         |
|    value_loss           | 1.62      |
---------------------------------------
Early stopping at step 1 due to reaching max kl: 0.26
----------------------------------------
| time/                   |            |
|    fps                  | 308        |
|    iterations           | 16         |
|    time_elapsed         | 106        |
|    total_timesteps      | 32768      |
| train/                  |            |
|    approx_kl            | 0.15439019 |
|    clip_fraction        | 0.427      |
|    clip_range           | 0.1        |
|    entropy_loss         | -105       |
|    explained_variance   | -1.25      |
|    learning_rate        | 3e-05      |
|    loss                 | -9.6       |
|    n_updates            | 33         |
|    policy_gradient_loss | -0.0375    |
|    std                  | 1          |
|    value_loss           | 1.57       |
----------------------------------------
Early stopping at step 2 due to reaching max kl: 0.25
----------------------------------------
| time/                   |            |
|    fps                  | 309        |
|    iterations           | 17         |
|    time_elapsed         | 112        |
|    total_timesteps      | 34816      |
| train/                  |            |
|    approx_kl            | 0.25200838 |
|    clip_fraction        | 0.431      |
|    clip_range           | 0.1        |
|    entropy_loss         | -106       |
|    explained_variance   | -1.21      |
|    learning_rate        | 3e-05      |
|    loss                 | -9.81      |
|    n_updates            | 36         |
|    policy_gradient_loss | -0.0381    |
|    std                  | 1          |
|    value_loss           | 1.43       |
----------------------------------------
Early stopping at step 1 due to reaching max kl: 0.23
----------------------------------------
| time/                   |            |
|    fps                  | 312        |
|    iterations           | 18         |
|    time_elapsed         | 117        |
|    total_timesteps      | 36864      |
| train/                  |            |
|    approx_kl            | 0.13877717 |
|    clip_fraction        | 0.231      |
|    clip_range           | 0.1        |
|    entropy_loss         | -105       |
|    explained_variance   | -1.01      |
|    learning_rate        | 3e-05      |
|    loss                 | -10.1      |
|    n_updates            | 38         |
|    policy_gradient_loss | -0.0189    |
|    std                  | 1          |
|    value_loss           | 1.43       |
----------------------------------------
Early stopping at step 1 due to reaching max kl: 0.23
-----------------------------------------
| time/                   |             |
|    fps                  | 315         |
|    iterations           | 19          |
|    time_elapsed         | 123         |
|    total_timesteps      | 38912       |
| train/                  |             |
|    approx_kl            | 0.117405176 |
|    clip_fraction        | 0.14        |
|    clip_range           | 0.1         |
|    entropy_loss         | -105        |
|    explained_variance   | -1.04       |
|    learning_rate        | 3e-05       |
|    loss                 | -9.78       |
|    n_updates            | 40          |
|    policy_gradient_loss | -0.0115     |
|    std                  | 1           |
|    value_loss           | 1.51        |
-----------------------------------------
Early stopping at step 1 due to reaching max kl: 0.25
Saved → /home/rrahman/StudentClusterBT/Tabula Rasa/simulation03c/../artifacts/sim03c/run007.png
Saved → /home/rrahman/StudentClusterBT/Tabula Rasa/simulation03c/../artifacts/sim03c/run007_iq.png
Saved model → /home/rrahman/StudentClusterBT/Tabula Rasa/simulation03c/../artifacts/sim03c/run007_model.zip  (step 40000)
----------------------------------------
| time/                   |            |
|    fps                  | 311        |
|    iterations           | 20         |
|    time_elapsed         | 131        |
|    total_timesteps      | 40960      |
| train/                  |            |
|    approx_kl            | 0.14382102 |
|    clip_fraction        | 0.226      |
|    clip_range           | 0.1        |
|    entropy_loss         | -106       |
|    explained_variance   | -1.07      |
|    learning_rate        | 3e-05      |
|    loss                 | -9.71      |
|    n_updates            | 42         |
|    policy_gradient_loss | -0.0197    |
|    std                  | 1          |
|    value_loss           | 1.64       |
----------------------------------------
Early stopping at step 2 due to reaching max kl: 0.23
--------------------------------------
| time/                   |          |
|    fps                  | 312      |
|    iterations           | 21       |
|    time_elapsed         | 137      |
|    total_timesteps      | 43008    |
| train/                  |          |
|    approx_kl            | 0.227572 |
|    clip_fraction        | 0.433    |
|    clip_range           | 0.1      |
|    entropy_loss         | -106     |
|    explained_variance   | -0.947   |
|    learning_rate        | 3e-05    |
|    loss                 | -9.93    |
|    n_updates            | 45       |
|    policy_gradient_loss | -0.0389  |
|    std                  | 1        |
|    value_loss           | 1.48     |
--------------------------------------
Early stopping at step 2 due to reaching max kl: 0.39
---------------------------------------
| time/                   |           |
|    fps                  | 313       |
|    iterations           | 22        |
|    time_elapsed         | 143       |
|    total_timesteps      | 45056     |
| train/                  |           |
|    approx_kl            | 0.3862191 |
|    clip_fraction        | 0.435     |
|    clip_range           | 0.1       |
|    entropy_loss         | -106      |
|    explained_variance   | -0.861    |
|    learning_rate        | 3e-05     |
|    loss                 | -9.91     |
|    n_updates            | 48        |
|    policy_gradient_loss | -0.0381   |
|    std                  | 1         |
|    value_loss           | 1.59      |
---------------------------------------
Early stopping at step 1 due to reaching max kl: 0.25
----------------------------------------
| time/                   |            |
|    fps                  | 315        |
|    iterations           | 23         |
|    time_elapsed         | 149        |
|    total_timesteps      | 47104      |
| train/                  |            |
|    approx_kl            | 0.13575321 |
|    clip_fraction        | 0.201      |
|    clip_range           | 0.1        |
|    entropy_loss         | -105       |
|    explained_variance   | -1.01      |
|    learning_rate        | 3e-05      |
|    loss                 | -9.84      |
|    n_updates            | 50         |
|    policy_gradient_loss | -0.0174    |
|    std                  | 1          |
|    value_loss           | 1.34       |
----------------------------------------
Early stopping at step 1 due to reaching max kl: 0.26
----------------------------------------
| time/                   |            |
|    fps                  | 317        |
|    iterations           | 24         |
|    time_elapsed         | 155        |
|    total_timesteps      | 49152      |
| train/                  |            |
|    approx_kl            | 0.14016797 |
|    clip_fraction        | 0.327      |
|    clip_range           | 0.1        |
|    entropy_loss         | -106       |
|    explained_variance   | -1.09      |
|    learning_rate        | 3e-05      |
|    loss                 | -10        |
|    n_updates            | 52         |
|    policy_gradient_loss | -0.0295    |
|    std                  | 1          |
|    value_loss           | 1.34       |
----------------------------------------
Early stopping at step 1 due to reaching max kl: 0.23
Saved → /home/rrahman/StudentClusterBT/Tabula Rasa/simulation03c/../artifacts/sim03c/run007.png
Saved → /home/rrahman/StudentClusterBT/Tabula Rasa/simulation03c/../artifacts/sim03c/run007_iq.png
Saved model → /home/rrahman/StudentClusterBT/Tabula Rasa/simulation03c/../artifacts/sim03c/run007_model.zip  (step 50000)
----------------------------------------
| time/                   |            |
|    fps                  | 312        |
|    iterations           | 25         |
|    time_elapsed         | 163        |
|    total_timesteps      | 51200      |
| train/                  |            |
|    approx_kl            | 0.13759367 |
|    clip_fraction        | 0.336      |
|    clip_range           | 0.1        |
|    entropy_loss         | -105       |
|    explained_variance   | -1.01      |
|    learning_rate        | 3e-05      |
|    loss                 | -9.85      |
|    n_updates            | 54         |
|    policy_gradient_loss | -0.0299    |
|    std                  | 1          |
|    value_loss           | 1.58       |
----------------------------------------
Early stopping at step 2 due to reaching max kl: 0.28
Saved model → /home/rrahman/StudentClusterBT/Tabula Rasa/simulation03c/../artifacts/sim03c/run007_model.zip
Saved → /home/rrahman/StudentClusterBT/Tabula Rasa/simulation03c/../artifacts/sim03c/run007.png
Saved → /home/rrahman/StudentClusterBT/Tabula Rasa/simulation03c/../artifacts/sim03c/run007_iq.png
