imports starting...
imports done — CUDA available: False
Run 002
creating env...
env created, building model...
Using cpu device
Wrapping the env with a `Monitor` wrapper
Wrapping the env in a DummyVecEnv.
model ready, starting training...
-----------------------------
| time/              |      |
|    fps             | 455  |
|    iterations      | 1    |
|    time_elapsed    | 4    |
|    total_timesteps | 2048 |
-----------------------------
Early stopping at step 1 due to reaching max kl: 0.12
----------------------------------------
| time/                   |            |
|    fps                  | 386        |
|    iterations           | 2          |
|    time_elapsed         | 10         |
|    total_timesteps      | 4096       |
| train/                  |            |
|    approx_kl            | 0.11723325 |
|    clip_fraction        | 0.0634     |
|    clip_range           | 0.1        |
|    entropy_loss         | -390       |
|    explained_variance   | -0.0327    |
|    learning_rate        | 0.0001     |
|    loss                 | 757        |
|    n_updates            | 2          |
|    policy_gradient_loss | -0.00175   |
|    std                  | 1          |
|    value_loss           | 1.53e+03   |
----------------------------------------
Early stopping at step 1 due to reaching max kl: 0.14
----------------------------------------
| time/                   |            |
|    fps                  | 369        |
|    iterations           | 3          |
|    time_elapsed         | 16         |
|    total_timesteps      | 6144       |
| train/                  |            |
|    approx_kl            | 0.13797791 |
|    clip_fraction        | 0.0327     |
|    clip_range           | 0.1        |
|    entropy_loss         | -390       |
|    explained_variance   | -0.0287    |
|    learning_rate        | 0.0001     |
|    loss                 | 769        |
|    n_updates            | 4          |
|    policy_gradient_loss | -0.00258   |
|    std                  | 1          |
|    value_loss           | 1.51e+03   |
----------------------------------------
Early stopping at step 1 due to reaching max kl: 0.08
----------------------------------------
| time/                   |            |
|    fps                  | 360        |
|    iterations           | 4          |
|    time_elapsed         | 22         |
|    total_timesteps      | 8192       |
| train/                  |            |
|    approx_kl            | 0.07708579 |
|    clip_fraction        | 0.035      |
|    clip_range           | 0.1        |
|    entropy_loss         | -390       |
|    explained_variance   | -0.0427    |
|    learning_rate        | 0.0001     |
|    loss                 | 720        |
|    n_updates            | 6          |
|    policy_gradient_loss | -0.00255   |
|    std                  | 1          |
|    value_loss           | 1.48e+03   |
----------------------------------------
Early stopping at step 1 due to reaching max kl: 0.12
Saved → /home/rrahman/StudentClusterBT/Tabula Rasa/simulation03c/../artifacts/sim03c/run002.png
Saved → /home/rrahman/StudentClusterBT/Tabula Rasa/simulation03c/../artifacts/sim03c/run002_iq.png
Saved model → /home/rrahman/StudentClusterBT/Tabula Rasa/simulation03c/../artifacts/sim03c/run002_model.zip  (step 10000)
----------------------------------------
| time/                   |            |
|    fps                  | 323        |
|    iterations           | 5          |
|    time_elapsed         | 31         |
|    total_timesteps      | 10240      |
| train/                  |            |
|    approx_kl            | 0.12011695 |
|    clip_fraction        | 0.0284     |
|    clip_range           | 0.1        |
|    entropy_loss         | -390       |
|    explained_variance   | -0.0412    |
|    learning_rate        | 0.0001     |
|    loss                 | 769        |
|    n_updates            | 8          |
|    policy_gradient_loss | -0.00251   |
|    std                  | 1          |
|    value_loss           | 1.52e+03   |
----------------------------------------
Early stopping at step 1 due to reaching max kl: 0.06
-----------------------------------------
| time/                   |             |
|    fps                  | 330         |
|    iterations           | 6           |
|    time_elapsed         | 37          |
|    total_timesteps      | 12288       |
| train/                  |             |
|    approx_kl            | 0.060400173 |
|    clip_fraction        | 0.036       |
|    clip_range           | 0.1         |
|    entropy_loss         | -390        |
|    explained_variance   | -0.0426     |
|    learning_rate        | 0.0001      |
|    loss                 | 754         |
|    n_updates            | 10          |
|    policy_gradient_loss | -0.00264    |
|    std                  | 1           |
|    value_loss           | 1.48e+03    |
-----------------------------------------
Early stopping at step 1 due to reaching max kl: 0.16
---------------------------------------
| time/                   |           |
|    fps                  | 334       |
|    iterations           | 7         |
|    time_elapsed         | 42        |
|    total_timesteps      | 14336     |
| train/                  |           |
|    approx_kl            | 0.1615194 |
|    clip_fraction        | 0.0294    |
|    clip_range           | 0.1       |
|    entropy_loss         | -390      |
|    explained_variance   | -0.0361   |
|    learning_rate        | 0.0001    |
|    loss                 | 746       |
|    n_updates            | 12        |
|    policy_gradient_loss | -0.00203  |
|    std                  | 1         |
|    value_loss           | 1.5e+03   |
---------------------------------------
Early stopping at step 1 due to reaching max kl: 0.06
-----------------------------------------
| time/                   |             |
|    fps                  | 336         |
|    iterations           | 8           |
|    time_elapsed         | 48          |
|    total_timesteps      | 16384       |
| train/                  |             |
|    approx_kl            | 0.062535465 |
|    clip_fraction        | 0.0346      |
|    clip_range           | 0.1         |
|    entropy_loss         | -390        |
|    explained_variance   | -0.0223     |
|    learning_rate        | 0.0001      |
|    loss                 | 719         |
|    n_updates            | 14          |
|    policy_gradient_loss | -0.00133    |
|    std                  | 1           |
|    value_loss           | 1.47e+03    |
-----------------------------------------
Early stopping at step 1 due to reaching max kl: 0.10
----------------------------------------
| time/                   |            |
|    fps                  | 338        |
|    iterations           | 9          |
|    time_elapsed         | 54         |
|    total_timesteps      | 18432      |
| train/                  |            |
|    approx_kl            | 0.10112458 |
|    clip_fraction        | 0.0279     |
|    clip_range           | 0.1        |
|    entropy_loss         | -390       |
|    explained_variance   | -0.0497    |
|    learning_rate        | 0.0001     |
|    loss                 | 740        |
|    n_updates            | 16         |
|    policy_gradient_loss | -0.00146   |
|    std                  | 1          |
|    value_loss           | 1.46e+03   |
----------------------------------------
Early stopping at step 1 due to reaching max kl: 0.05
Saved → /home/rrahman/StudentClusterBT/Tabula Rasa/simulation03c/../artifacts/sim03c/run002.png
Saved → /home/rrahman/StudentClusterBT/Tabula Rasa/simulation03c/../artifacts/sim03c/run002_iq.png
Saved model → /home/rrahman/StudentClusterBT/Tabula Rasa/simulation03c/../artifacts/sim03c/run002_model.zip  (step 20000)
-----------------------------------------
| time/                   |             |
|    fps                  | 323         |
|    iterations           | 10          |
|    time_elapsed         | 63          |
|    total_timesteps      | 20480       |
| train/                  |             |
|    approx_kl            | 0.051105365 |
|    clip_fraction        | 0.0251      |
|    clip_range           | 0.1         |
|    entropy_loss         | -390        |
|    explained_variance   | -0.0285     |
|    learning_rate        | 0.0001      |
|    loss                 | 756         |
|    n_updates            | 18          |
|    policy_gradient_loss | -0.00169    |
|    std                  | 1           |
|    value_loss           | 1.48e+03    |
-----------------------------------------
Early stopping at step 1 due to reaching max kl: 0.05
----------------------------------------
| time/                   |            |
|    fps                  | 328        |
|    iterations           | 11         |
|    time_elapsed         | 68         |
|    total_timesteps      | 22528      |
| train/                  |            |
|    approx_kl            | 0.05067063 |
|    clip_fraction        | 0.0284     |
|    clip_range           | 0.1        |
|    entropy_loss         | -390       |
|    explained_variance   | -0.0467    |
|    learning_rate        | 0.0001     |
|    loss                 | 763        |
|    n_updates            | 20         |
|    policy_gradient_loss | -0.00199   |
|    std                  | 1          |
|    value_loss           | 1.52e+03   |
----------------------------------------
Early stopping at step 1 due to reaching max kl: 0.04
----------------------------------------
| time/                   |            |
|    fps                  | 331        |
|    iterations           | 12         |
|    time_elapsed         | 74         |
|    total_timesteps      | 24576      |
| train/                  |            |
|    approx_kl            | 0.04120074 |
|    clip_fraction        | 0.0275     |
|    clip_range           | 0.1        |
|    entropy_loss         | -390       |
|    explained_variance   | -0.0296    |
|    learning_rate        | 0.0001     |
|    loss                 | 728        |
|    n_updates            | 22         |
|    policy_gradient_loss | -0.00333   |
|    std                  | 1          |
|    value_loss           | 1.47e+03   |
----------------------------------------
Early stopping at step 1 due to reaching max kl: 0.05
-----------------------------------------
| time/                   |             |
|    fps                  | 334         |
|    iterations           | 13          |
|    time_elapsed         | 79          |
|    total_timesteps      | 26624       |
| train/                  |             |
|    approx_kl            | 0.049747016 |
|    clip_fraction        | 0.0312      |
|    clip_range           | 0.1         |
|    entropy_loss         | -390        |
|    explained_variance   | -0.0334     |
|    learning_rate        | 0.0001      |
|    loss                 | 740         |
|    n_updates            | 24          |
|    policy_gradient_loss | -0.00321    |
|    std                  | 1           |
|    value_loss           | 1.46e+03    |
-----------------------------------------
Early stopping at step 1 due to reaching max kl: 0.05
-----------------------------------------
| time/                   |             |
|    fps                  | 337         |
|    iterations           | 14          |
|    time_elapsed         | 84          |
|    total_timesteps      | 28672       |
| train/                  |             |
|    approx_kl            | 0.046709716 |
|    clip_fraction        | 0.027       |
|    clip_range           | 0.1         |
|    entropy_loss         | -390        |
|    explained_variance   | -0.0462     |
|    learning_rate        | 0.0001      |
|    loss                 | 720         |
|    n_updates            | 26          |
|    policy_gradient_loss | -0.00296    |
|    std                  | 1           |
|    value_loss           | 1.46e+03    |
-----------------------------------------
Early stopping at step 1 due to reaching max kl: 0.06
Saved → /home/rrahman/StudentClusterBT/Tabula Rasa/simulation03c/../artifacts/sim03c/run002.png
Saved → /home/rrahman/StudentClusterBT/Tabula Rasa/simulation03c/../artifacts/sim03c/run002_iq.png
Saved model → /home/rrahman/StudentClusterBT/Tabula Rasa/simulation03c/../artifacts/sim03c/run002_model.zip  (step 30000)
---------------------------------------
| time/                   |           |
|    fps                  | 324       |
|    iterations           | 15        |
|    time_elapsed         | 94        |
|    total_timesteps      | 30720     |
| train/                  |           |
|    approx_kl            | 0.0621919 |
|    clip_fraction        | 0.0355    |
|    clip_range           | 0.1       |
|    entropy_loss         | -390      |
|    explained_variance   | -0.0485   |
|    learning_rate        | 0.0001    |
|    loss                 | 731       |
|    n_updates            | 28        |
|    policy_gradient_loss | -0.00224  |
|    std                  | 1         |
|    value_loss           | 1.5e+03   |
---------------------------------------
Early stopping at step 1 due to reaching max kl: 0.06
----------------------------------------
| time/                   |            |
|    fps                  | 327        |
|    iterations           | 16         |
|    time_elapsed         | 100        |
|    total_timesteps      | 32768      |
| train/                  |            |
|    approx_kl            | 0.06134449 |
|    clip_fraction        | 0.0265     |
|    clip_range           | 0.1        |
|    entropy_loss         | -390       |
|    explained_variance   | -0.0285    |
|    learning_rate        | 0.0001     |
|    loss                 | 742        |
|    n_updates            | 30         |
|    policy_gradient_loss | -0.00148   |
|    std                  | 1          |
|    value_loss           | 1.49e+03   |
----------------------------------------
Early stopping at step 1 due to reaching max kl: 0.11
---------------------------------------
| time/                   |           |
|    fps                  | 329       |
|    iterations           | 17        |
|    time_elapsed         | 105       |
|    total_timesteps      | 34816     |
| train/                  |           |
|    approx_kl            | 0.1096403 |
|    clip_fraction        | 0.0237    |
|    clip_range           | 0.1       |
|    entropy_loss         | -390      |
|    explained_variance   | -0.0589   |
|    learning_rate        | 0.0001    |
|    loss                 | 705       |
|    n_updates            | 32        |
|    policy_gradient_loss | -0.00129  |
|    std                  | 1         |
|    value_loss           | 1.45e+03  |
---------------------------------------
Early stopping at step 1 due to reaching max kl: 0.34
---------------------------------------
| time/                   |           |
|    fps                  | 332       |
|    iterations           | 18        |
|    time_elapsed         | 110       |
|    total_timesteps      | 36864     |
| train/                  |           |
|    approx_kl            | 0.3426441 |
|    clip_fraction        | 0.026     |
|    clip_range           | 0.1       |
|    entropy_loss         | -390      |
|    explained_variance   | -0.0592   |
|    learning_rate        | 0.0001    |
|    loss                 | 756       |
|    n_updates            | 34        |
|    policy_gradient_loss | -0.00278  |
|    std                  | 1         |
|    value_loss           | 1.5e+03   |
---------------------------------------
Early stopping at step 1 due to reaching max kl: 0.03
-----------------------------------------
| time/                   |             |
|    fps                  | 334         |
|    iterations           | 19          |
|    time_elapsed         | 116         |
|    total_timesteps      | 38912       |
| train/                  |             |
|    approx_kl            | 0.032284908 |
|    clip_fraction        | 0.0204      |
|    clip_range           | 0.1         |
|    entropy_loss         | -390        |
|    explained_variance   | -0.086      |
|    learning_rate        | 0.0001      |
|    loss                 | 768         |
|    n_updates            | 36          |
|    policy_gradient_loss | -0.00106    |
|    std                  | 1           |
|    value_loss           | 1.5e+03     |
-----------------------------------------
Early stopping at step 1 due to reaching max kl: 0.10
Saved → /home/rrahman/StudentClusterBT/Tabula Rasa/simulation03c/../artifacts/sim03c/run002.png
Saved → /home/rrahman/StudentClusterBT/Tabula Rasa/simulation03c/../artifacts/sim03c/run002_iq.png
Saved model → /home/rrahman/StudentClusterBT/Tabula Rasa/simulation03c/../artifacts/sim03c/run002_model.zip  (step 40000)
-----------------------------------------
| time/                   |             |
|    fps                  | 328         |
|    iterations           | 20          |
|    time_elapsed         | 124         |
|    total_timesteps      | 40960       |
| train/                  |             |
|    approx_kl            | 0.102009416 |
|    clip_fraction        | 0.0223      |
|    clip_range           | 0.1         |
|    entropy_loss         | -390        |
|    explained_variance   | -0.0569     |
|    learning_rate        | 0.0001      |
|    loss                 | 713         |
|    n_updates            | 38          |
|    policy_gradient_loss | -0.00281    |
|    std                  | 1           |
|    value_loss           | 1.45e+03    |
-----------------------------------------
Early stopping at step 1 due to reaching max kl: 0.13
----------------------------------------
| time/                   |            |
|    fps                  | 330        |
|    iterations           | 21         |
|    time_elapsed         | 130        |
|    total_timesteps      | 43008      |
| train/                  |            |
|    approx_kl            | 0.13448142 |
|    clip_fraction        | 0.0237     |
|    clip_range           | 0.1        |
|    entropy_loss         | -390       |
|    explained_variance   | -0.0565    |
|    learning_rate        | 0.0001     |
|    loss                 | 732        |
|    n_updates            | 40         |
|    policy_gradient_loss | -0.00266   |
|    std                  | 1          |
|    value_loss           | 1.5e+03    |
----------------------------------------
Early stopping at step 1 due to reaching max kl: 0.04
-----------------------------------------
| time/                   |             |
|    fps                  | 331         |
|    iterations           | 22          |
|    time_elapsed         | 135         |
|    total_timesteps      | 45056       |
| train/                  |             |
|    approx_kl            | 0.036929958 |
|    clip_fraction        | 0.0175      |
|    clip_range           | 0.1         |
|    entropy_loss         | -390        |
|    explained_variance   | -0.0829     |
|    learning_rate        | 0.0001      |
|    loss                 | 787         |
|    n_updates            | 42          |
|    policy_gradient_loss | -0.00155    |
|    std                  | 1           |
|    value_loss           | 1.56e+03    |
-----------------------------------------
Early stopping at step 1 due to reaching max kl: 0.04
-----------------------------------------
| time/                   |             |
|    fps                  | 333         |
|    iterations           | 23          |
|    time_elapsed         | 141         |
|    total_timesteps      | 47104       |
| train/                  |             |
|    approx_kl            | 0.037623435 |
|    clip_fraction        | 0.0223      |
|    clip_range           | 0.1         |
|    entropy_loss         | -390        |
|    explained_variance   | -0.0764     |
|    learning_rate        | 0.0001      |
|    loss                 | 747         |
|    n_updates            | 44          |
|    policy_gradient_loss | -0.00132    |
|    std                  | 1           |
|    value_loss           | 1.48e+03    |
-----------------------------------------
Early stopping at step 1 due to reaching max kl: 0.09
-----------------------------------------
| time/                   |             |
|    fps                  | 335         |
|    iterations           | 24          |
|    time_elapsed         | 146         |
|    total_timesteps      | 49152       |
| train/                  |             |
|    approx_kl            | 0.047551513 |
|    clip_fraction        | 0.0518      |
|    clip_range           | 0.1         |
|    entropy_loss         | -390        |
|    explained_variance   | -0.0822     |
|    learning_rate        | 0.0001      |
|    loss                 | 747         |
|    n_updates            | 46          |
|    policy_gradient_loss | -0.0054     |
|    std                  | 1           |
|    value_loss           | 1.51e+03    |
-----------------------------------------
Early stopping at step 1 due to reaching max kl: 0.03
Saved → /home/rrahman/StudentClusterBT/Tabula Rasa/simulation03c/../artifacts/sim03c/run002.png
Saved → /home/rrahman/StudentClusterBT/Tabula Rasa/simulation03c/../artifacts/sim03c/run002_iq.png
Saved model → /home/rrahman/StudentClusterBT/Tabula Rasa/simulation03c/../artifacts/sim03c/run002_model.zip  (step 50000)
-----------------------------------------
| time/                   |             |
|    fps                  | 329         |
|    iterations           | 25          |
|    time_elapsed         | 155         |
|    total_timesteps      | 51200       |
| train/                  |             |
|    approx_kl            | 0.030683346 |
|    clip_fraction        | 0.017       |
|    clip_range           | 0.1         |
|    entropy_loss         | -390        |
|    explained_variance   | -0.0834     |
|    learning_rate        | 0.0001      |
|    loss                 | 741         |
|    n_updates            | 48          |
|    policy_gradient_loss | -0.0024     |
|    std                  | 1           |
|    value_loss           | 1.48e+03    |
-----------------------------------------
Early stopping at step 1 due to reaching max kl: 0.04
Saved model → /home/rrahman/StudentClusterBT/Tabula Rasa/simulation03c/../artifacts/sim03c/run002_model.zip
Saved → /home/rrahman/StudentClusterBT/Tabula Rasa/simulation03c/../artifacts/sim03c/run002.png
Saved → /home/rrahman/StudentClusterBT/Tabula Rasa/simulation03c/../artifacts/sim03c/run002_iq.png
