imports starting...
imports done — CUDA available: False
Run 005
creating env...
env created, building model...
Using cpu device
Wrapping the env with a `Monitor` wrapper
Wrapping the env in a DummyVecEnv.
model ready, starting training...
-----------------------------
| time/              |      |
|    fps             | 492  |
|    iterations      | 1    |
|    time_elapsed    | 4    |
|    total_timesteps | 2048 |
-----------------------------
Early stopping at step 1 due to reaching max kl: 0.13
---------------------------------------
| time/                   |           |
|    fps                  | 406       |
|    iterations           | 2         |
|    time_elapsed         | 10        |
|    total_timesteps      | 4096      |
| train/                  |           |
|    approx_kl            | 0.1258604 |
|    clip_fraction        | 0.0971    |
|    clip_range           | 0.1       |
|    entropy_loss         | -105      |
|    explained_variance   | -2.77     |
|    learning_rate        | 3e-05     |
|    loss                 | -0.364    |
|    n_updates            | 2         |
|    policy_gradient_loss | -0.00184  |
|    std                  | 1         |
|    value_loss           | 1.56      |
---------------------------------------
Early stopping at step 1 due to reaching max kl: 0.12
----------------------------------------
| time/                   |            |
|    fps                  | 385        |
|    iterations           | 3          |
|    time_elapsed         | 15         |
|    total_timesteps      | 6144       |
| train/                  |            |
|    approx_kl            | 0.11926116 |
|    clip_fraction        | 0.0369     |
|    clip_range           | 0.1        |
|    entropy_loss         | -105       |
|    explained_variance   | -2.69      |
|    learning_rate        | 3e-05      |
|    loss                 | -0.147     |
|    n_updates            | 4          |
|    policy_gradient_loss | -0.00243   |
|    std                  | 1          |
|    value_loss           | 1.68       |
----------------------------------------
Early stopping at step 1 due to reaching max kl: 0.08
-----------------------------------------
| time/                   |             |
|    fps                  | 374         |
|    iterations           | 4           |
|    time_elapsed         | 21          |
|    total_timesteps      | 8192        |
| train/                  |             |
|    approx_kl            | 0.076215036 |
|    clip_fraction        | 0.0426      |
|    clip_range           | 0.1         |
|    entropy_loss         | -105        |
|    explained_variance   | -2.59       |
|    learning_rate        | 3e-05       |
|    loss                 | -0.378      |
|    n_updates            | 6           |
|    policy_gradient_loss | -0.00237    |
|    std                  | 1           |
|    value_loss           | 1.49        |
-----------------------------------------
Early stopping at step 1 due to reaching max kl: 0.08
Saved → /home/rrahman/StudentClusterBT/Tabula Rasa/simulation03c/../artifacts/sim03c/run005.png
Saved → /home/rrahman/StudentClusterBT/Tabula Rasa/simulation03c/../artifacts/sim03c/run005_iq.png
Saved model → /home/rrahman/StudentClusterBT/Tabula Rasa/simulation03c/../artifacts/sim03c/run005_model.zip  (step 10000)
----------------------------------------
| time/                   |            |
|    fps                  | 339        |
|    iterations           | 5          |
|    time_elapsed         | 30         |
|    total_timesteps      | 10240      |
| train/                  |            |
|    approx_kl            | 0.07559241 |
|    clip_fraction        | 0.0398     |
|    clip_range           | 0.1        |
|    entropy_loss         | -105       |
|    explained_variance   | -1.9       |
|    learning_rate        | 3e-05      |
|    loss                 | -0.203     |
|    n_updates            | 8          |
|    policy_gradient_loss | -0.00245   |
|    std                  | 1          |
|    value_loss           | 1.79       |
----------------------------------------
Early stopping at step 1 due to reaching max kl: 0.08
----------------------------------------
| time/                   |            |
|    fps                  | 345        |
|    iterations           | 6          |
|    time_elapsed         | 35         |
|    total_timesteps      | 12288      |
| train/                  |            |
|    approx_kl            | 0.07667324 |
|    clip_fraction        | 0.0417     |
|    clip_range           | 0.1        |
|    entropy_loss         | -105       |
|    explained_variance   | -1.98      |
|    learning_rate        | 3e-05      |
|    loss                 | -0.245     |
|    n_updates            | 10         |
|    policy_gradient_loss | -0.00308   |
|    std                  | 1          |
|    value_loss           | 1.75       |
----------------------------------------
Early stopping at step 1 due to reaching max kl: 0.07
----------------------------------------
| time/                   |            |
|    fps                  | 348        |
|    iterations           | 7          |
|    time_elapsed         | 41         |
|    total_timesteps      | 14336      |
| train/                  |            |
|    approx_kl            | 0.06527499 |
|    clip_fraction        | 0.0379     |
|    clip_range           | 0.1        |
|    entropy_loss         | -105       |
|    explained_variance   | -1.61      |
|    learning_rate        | 3e-05      |
|    loss                 | -0.367     |
|    n_updates            | 12         |
|    policy_gradient_loss | -0.00142   |
|    std                  | 1          |
|    value_loss           | 1.75       |
----------------------------------------
Early stopping at step 1 due to reaching max kl: 0.10
-----------------------------------------
| time/                   |             |
|    fps                  | 351         |
|    iterations           | 8           |
|    time_elapsed         | 46          |
|    total_timesteps      | 16384       |
| train/                  |             |
|    approx_kl            | 0.103490114 |
|    clip_fraction        | 0.0417      |
|    clip_range           | 0.1         |
|    entropy_loss         | -105        |
|    explained_variance   | -2.04       |
|    learning_rate        | 3e-05       |
|    loss                 | -0.175      |
|    n_updates            | 14          |
|    policy_gradient_loss | -0.00107    |
|    std                  | 1           |
|    value_loss           | 1.63        |
-----------------------------------------
Early stopping at step 1 due to reaching max kl: 0.10
----------------------------------------
| time/                   |            |
|    fps                  | 352        |
|    iterations           | 9          |
|    time_elapsed         | 52         |
|    total_timesteps      | 18432      |
| train/                  |            |
|    approx_kl            | 0.10197018 |
|    clip_fraction        | 0.0374     |
|    clip_range           | 0.1        |
|    entropy_loss         | -105       |
|    explained_variance   | -2.26      |
|    learning_rate        | 3e-05      |
|    loss                 | -0.449     |
|    n_updates            | 16         |
|    policy_gradient_loss | -0.0014    |
|    std                  | 1          |
|    value_loss           | 1.5        |
----------------------------------------
Early stopping at step 1 due to reaching max kl: 0.11
Saved → /home/rrahman/StudentClusterBT/Tabula Rasa/simulation03c/../artifacts/sim03c/run005.png
Saved → /home/rrahman/StudentClusterBT/Tabula Rasa/simulation03c/../artifacts/sim03c/run005_iq.png
Saved model → /home/rrahman/StudentClusterBT/Tabula Rasa/simulation03c/../artifacts/sim03c/run005_model.zip  (step 20000)
---------------------------------------
| time/                   |           |
|    fps                  | 338       |
|    iterations           | 10        |
|    time_elapsed         | 60        |
|    total_timesteps      | 20480     |
| train/                  |           |
|    approx_kl            | 0.1147657 |
|    clip_fraction        | 0.0365    |
|    clip_range           | 0.1       |
|    entropy_loss         | -106      |
|    explained_variance   | -1.5      |
|    learning_rate        | 3e-05     |
|    loss                 | -0.166    |
|    n_updates            | 18        |
|    policy_gradient_loss | -0.00276  |
|    std                  | 1         |
|    value_loss           | 1.68      |
---------------------------------------
Early stopping at step 1 due to reaching max kl: 0.08
----------------------------------------
| time/                   |            |
|    fps                  | 342        |
|    iterations           | 11         |
|    time_elapsed         | 65         |
|    total_timesteps      | 22528      |
| train/                  |            |
|    approx_kl            | 0.07783741 |
|    clip_fraction        | 0.0421     |
|    clip_range           | 0.1        |
|    entropy_loss         | -105       |
|    explained_variance   | -2.16      |
|    learning_rate        | 3e-05      |
|    loss                 | -0.217     |
|    n_updates            | 20         |
|    policy_gradient_loss | -0.00203   |
|    std                  | 1          |
|    value_loss           | 1.72       |
----------------------------------------
Early stopping at step 1 due to reaching max kl: 0.12
----------------------------------------
| time/                   |            |
|    fps                  | 345        |
|    iterations           | 12         |
|    time_elapsed         | 71         |
|    total_timesteps      | 24576      |
| train/                  |            |
|    approx_kl            | 0.12166162 |
|    clip_fraction        | 0.0412     |
|    clip_range           | 0.1        |
|    entropy_loss         | -105       |
|    explained_variance   | -1.48      |
|    learning_rate        | 3e-05      |
|    loss                 | -0.189     |
|    n_updates            | 22         |
|    policy_gradient_loss | -0.00129   |
|    std                  | 1          |
|    value_loss           | 1.55       |
----------------------------------------
Early stopping at step 1 due to reaching max kl: 0.14
---------------------------------------
| time/                   |           |
|    fps                  | 348       |
|    iterations           | 13        |
|    time_elapsed         | 76        |
|    total_timesteps      | 26624     |
| train/                  |           |
|    approx_kl            | 0.1364817 |
|    clip_fraction        | 0.0436    |
|    clip_range           | 0.1       |
|    entropy_loss         | -106      |
|    explained_variance   | -1.5      |
|    learning_rate        | 3e-05     |
|    loss                 | -0.429    |
|    n_updates            | 24        |
|    policy_gradient_loss | -0.00214  |
|    std                  | 1         |
|    value_loss           | 1.69      |
---------------------------------------
Early stopping at step 1 due to reaching max kl: 0.11
----------------------------------------
| time/                   |            |
|    fps                  | 350        |
|    iterations           | 14         |
|    time_elapsed         | 81         |
|    total_timesteps      | 28672      |
| train/                  |            |
|    approx_kl            | 0.11451425 |
|    clip_fraction        | 0.0402     |
|    clip_range           | 0.1        |
|    entropy_loss         | -106       |
|    explained_variance   | -1.35      |
|    learning_rate        | 3e-05      |
|    loss                 | -0.255     |
|    n_updates            | 26         |
|    policy_gradient_loss | -0.00248   |
|    std                  | 1          |
|    value_loss           | 1.68       |
----------------------------------------
Early stopping at step 1 due to reaching max kl: 0.10
Saved → /home/rrahman/StudentClusterBT/Tabula Rasa/simulation03c/../artifacts/sim03c/run005.png
Saved → /home/rrahman/StudentClusterBT/Tabula Rasa/simulation03c/../artifacts/sim03c/run005_iq.png
Saved model → /home/rrahman/StudentClusterBT/Tabula Rasa/simulation03c/../artifacts/sim03c/run005_model.zip  (step 30000)
----------------------------------------
| time/                   |            |
|    fps                  | 340        |
|    iterations           | 15         |
|    time_elapsed         | 90         |
|    total_timesteps      | 30720      |
| train/                  |            |
|    approx_kl            | 0.10175651 |
|    clip_fraction        | 0.0346     |
|    clip_range           | 0.1        |
|    entropy_loss         | -105       |
|    explained_variance   | -1.37      |
|    learning_rate        | 3e-05      |
|    loss                 | -0.342     |
|    n_updates            | 28         |
|    policy_gradient_loss | -0.0018    |
|    std                  | 1          |
|    value_loss           | 1.48       |
----------------------------------------
Early stopping at step 1 due to reaching max kl: 0.09
----------------------------------------
| time/                   |            |
|    fps                  | 343        |
|    iterations           | 16         |
|    time_elapsed         | 95         |
|    total_timesteps      | 32768      |
| train/                  |            |
|    approx_kl            | 0.09487678 |
|    clip_fraction        | 0.0365     |
|    clip_range           | 0.1        |
|    entropy_loss         | -106       |
|    explained_variance   | -1.52      |
|    learning_rate        | 3e-05      |
|    loss                 | -0.399     |
|    n_updates            | 30         |
|    policy_gradient_loss | -0.00171   |
|    std                  | 1          |
|    value_loss           | 1.55       |
----------------------------------------
Early stopping at step 1 due to reaching max kl: 0.09
-----------------------------------------
| time/                   |             |
|    fps                  | 345         |
|    iterations           | 17          |
|    time_elapsed         | 100         |
|    total_timesteps      | 34816       |
| train/                  |             |
|    approx_kl            | 0.091021195 |
|    clip_fraction        | 0.0369      |
|    clip_range           | 0.1         |
|    entropy_loss         | -105        |
|    explained_variance   | -1.04       |
|    learning_rate        | 3e-05       |
|    loss                 | -0.412      |
|    n_updates            | 32          |
|    policy_gradient_loss | -0.00309    |
|    std                  | 1           |
|    value_loss           | 1.6         |
-----------------------------------------
Early stopping at step 1 due to reaching max kl: 0.10
-----------------------------------------
| time/                   |             |
|    fps                  | 347         |
|    iterations           | 18          |
|    time_elapsed         | 106         |
|    total_timesteps      | 36864       |
| train/                  |             |
|    approx_kl            | 0.101533845 |
|    clip_fraction        | 0.0407      |
|    clip_range           | 0.1         |
|    entropy_loss         | -105        |
|    explained_variance   | -1.2        |
|    learning_rate        | 3e-05       |
|    loss                 | -0.342      |
|    n_updates            | 34          |
|    policy_gradient_loss | -0.00219    |
|    std                  | 1           |
|    value_loss           | 1.5         |
-----------------------------------------
Early stopping at step 1 due to reaching max kl: 0.11
----------------------------------------
| time/                   |            |
|    fps                  | 349        |
|    iterations           | 19         |
|    time_elapsed         | 111        |
|    total_timesteps      | 38912      |
| train/                  |            |
|    approx_kl            | 0.11067164 |
|    clip_fraction        | 0.0417     |
|    clip_range           | 0.1        |
|    entropy_loss         | -105       |
|    explained_variance   | -1.59      |
|    learning_rate        | 3e-05      |
|    loss                 | -0.464     |
|    n_updates            | 36         |
|    policy_gradient_loss | -0.00353   |
|    std                  | 1          |
|    value_loss           | 1.36       |
----------------------------------------
Early stopping at step 1 due to reaching max kl: 0.10
Saved → /home/rrahman/StudentClusterBT/Tabula Rasa/simulation03c/../artifacts/sim03c/run005.png
Saved → /home/rrahman/StudentClusterBT/Tabula Rasa/simulation03c/../artifacts/sim03c/run005_iq.png
Saved model → /home/rrahman/StudentClusterBT/Tabula Rasa/simulation03c/../artifacts/sim03c/run005_model.zip  (step 40000)
----------------------------------------
| time/                   |            |
|    fps                  | 342        |
|    iterations           | 20         |
|    time_elapsed         | 119        |
|    total_timesteps      | 40960      |
| train/                  |            |
|    approx_kl            | 0.10453346 |
|    clip_fraction        | 0.0355     |
|    clip_range           | 0.1        |
|    entropy_loss         | -105       |
|    explained_variance   | -1.27      |
|    learning_rate        | 3e-05      |
|    loss                 | -0.465     |
|    n_updates            | 38         |
|    policy_gradient_loss | -0.00295   |
|    std                  | 1          |
|    value_loss           | 1.47       |
----------------------------------------
Early stopping at step 1 due to reaching max kl: 0.10
-----------------------------------------
| time/                   |             |
|    fps                  | 344         |
|    iterations           | 21          |
|    time_elapsed         | 124         |
|    total_timesteps      | 43008       |
| train/                  |             |
|    approx_kl            | 0.097962886 |
|    clip_fraction        | 0.0355      |
|    clip_range           | 0.1         |
|    entropy_loss         | -105        |
|    explained_variance   | -1.24       |
|    learning_rate        | 3e-05       |
|    loss                 | -0.539      |
|    n_updates            | 40          |
|    policy_gradient_loss | -0.00236    |
|    std                  | 1           |
|    value_loss           | 1.4         |
-----------------------------------------
Early stopping at step 1 due to reaching max kl: 0.08
----------------------------------------
| time/                   |            |
|    fps                  | 346        |
|    iterations           | 22         |
|    time_elapsed         | 130        |
|    total_timesteps      | 45056      |
| train/                  |            |
|    approx_kl            | 0.07963987 |
|    clip_fraction        | 0.0365     |
|    clip_range           | 0.1        |
|    entropy_loss         | -105       |
|    explained_variance   | -1.02      |
|    learning_rate        | 3e-05      |
|    loss                 | -0.442     |
|    n_updates            | 42         |
|    policy_gradient_loss | -0.00204   |
|    std                  | 1          |
|    value_loss           | 1.53       |
----------------------------------------
Early stopping at step 1 due to reaching max kl: 0.11
----------------------------------------
| time/                   |            |
|    fps                  | 347        |
|    iterations           | 23         |
|    time_elapsed         | 135        |
|    total_timesteps      | 47104      |
| train/                  |            |
|    approx_kl            | 0.11157791 |
|    clip_fraction        | 0.0407     |
|    clip_range           | 0.1        |
|    entropy_loss         | -106       |
|    explained_variance   | -1.23      |
|    learning_rate        | 3e-05      |
|    loss                 | -0.42      |
|    n_updates            | 44         |
|    policy_gradient_loss | -0.0019    |
|    std                  | 1          |
|    value_loss           | 1.45       |
----------------------------------------
Early stopping at step 1 due to reaching max kl: 0.10
-----------------------------------------
| time/                   |             |
|    fps                  | 348         |
|    iterations           | 24          |
|    time_elapsed         | 140         |
|    total_timesteps      | 49152       |
| train/                  |             |
|    approx_kl            | 0.104921274 |
|    clip_fraction        | 0.0388      |
|    clip_range           | 0.1         |
|    entropy_loss         | -105        |
|    explained_variance   | -0.992      |
|    learning_rate        | 3e-05       |
|    loss                 | -0.537      |
|    n_updates            | 46          |
|    policy_gradient_loss | -0.00193    |
|    std                  | 1           |
|    value_loss           | 1.49        |
-----------------------------------------
Early stopping at step 1 due to reaching max kl: 0.13
Saved → /home/rrahman/StudentClusterBT/Tabula Rasa/simulation03c/../artifacts/sim03c/run005.png
Saved → /home/rrahman/StudentClusterBT/Tabula Rasa/simulation03c/../artifacts/sim03c/run005_iq.png
Saved model → /home/rrahman/StudentClusterBT/Tabula Rasa/simulation03c/../artifacts/sim03c/run005_model.zip  (step 50000)
----------------------------------------
| time/                   |            |
|    fps                  | 342        |
|    iterations           | 25         |
|    time_elapsed         | 149        |
|    total_timesteps      | 51200      |
| train/                  |            |
|    approx_kl            | 0.12893663 |
|    clip_fraction        | 0.0483     |
|    clip_range           | 0.1        |
|    entropy_loss         | -105       |
|    explained_variance   | -0.865     |
|    learning_rate        | 3e-05      |
|    loss                 | -0.444     |
|    n_updates            | 48         |
|    policy_gradient_loss | -0.00193   |
|    std                  | 1          |
|    value_loss           | 1.56       |
----------------------------------------
Early stopping at step 1 due to reaching max kl: 0.07
Saved model → /home/rrahman/StudentClusterBT/Tabula Rasa/simulation03c/../artifacts/sim03c/run005_model.zip
Saved → /home/rrahman/StudentClusterBT/Tabula Rasa/simulation03c/../artifacts/sim03c/run005.png
Saved → /home/rrahman/StudentClusterBT/Tabula Rasa/simulation03c/../artifacts/sim03c/run005_iq.png
