imports starting...
imports done — CUDA available: False
Run 001
creating env...
env created, building model...
Using cpu device
Wrapping the env with a `Monitor` wrapper
Wrapping the env in a DummyVecEnv.
model ready, starting training...
-----------------------------
| time/              |      |
|    fps             | 479  |
|    iterations      | 1    |
|    time_elapsed    | 4    |
|    total_timesteps | 2048 |
-----------------------------
----------------------------------------
| time/                   |            |
|    fps                  | 158        |
|    iterations           | 2          |
|    time_elapsed         | 25         |
|    total_timesteps      | 4096       |
| train/                  |            |
|    approx_kl            | 0.30549064 |
|    clip_fraction        | 0.86       |
|    clip_range           | 0.1        |
|    entropy_loss         | -395       |
|    explained_variance   | -0.017     |
|    learning_rate        | 0.0001     |
|    loss                 | 1.14e+03   |
|    n_updates            | 10         |
|    policy_gradient_loss | -0.0658    |
|    std                  | 1          |
|    value_loss           | 2.28e+03   |
----------------------------------------
--------------------------------------
| time/                   |          |
|    fps                  | 129      |
|    iterations           | 3        |
|    time_elapsed         | 47       |
|    total_timesteps      | 6144     |
| train/                  |          |
|    approx_kl            | 1.533672 |
|    clip_fraction        | 0.869    |
|    clip_range           | 0.1      |
|    entropy_loss         | -395     |
|    explained_variance   | -0.0273  |
|    learning_rate        | 0.0001   |
|    loss                 | 1.15e+03 |
|    n_updates            | 20       |
|    policy_gradient_loss | -0.0646  |
|    std                  | 1        |
|    value_loss           | 2.33e+03 |
--------------------------------------
--------------------------------------
| time/                   |          |
|    fps                  | 118      |
|    iterations           | 4        |
|    time_elapsed         | 68       |
|    total_timesteps      | 8192     |
| train/                  |          |
|    approx_kl            | 1.808523 |
|    clip_fraction        | 0.865    |
|    clip_range           | 0.1      |
|    entropy_loss         | -395     |
|    explained_variance   | -0.0807  |
|    learning_rate        | 0.0001   |
|    loss                 | 1.07e+03 |
|    n_updates            | 30       |
|    policy_gradient_loss | -0.0644  |
|    std                  | 1        |
|    value_loss           | 2.16e+03 |
--------------------------------------
----------------------------------------
| time/                   |            |
|    fps                  | 112        |
|    iterations           | 5          |
|    time_elapsed         | 90         |
|    total_timesteps      | 10240      |
| train/                  |            |
|    approx_kl            | 0.39581376 |
|    clip_fraction        | 0.851      |
|    clip_range           | 0.1        |
|    entropy_loss         | -395       |
|    explained_variance   | -0.219     |
|    learning_rate        | 0.0001     |
|    loss                 | 1.01e+03   |
|    n_updates            | 40         |
|    policy_gradient_loss | -0.0642    |
|    std                  | 1          |
|    value_loss           | 2.15e+03   |
----------------------------------------
----------------------------------------
| time/                   |            |
|    fps                  | 109        |
|    iterations           | 6          |
|    time_elapsed         | 112        |
|    total_timesteps      | 12288      |
| train/                  |            |
|    approx_kl            | 0.23240763 |
|    clip_fraction        | 0.841      |
|    clip_range           | 0.1        |
|    entropy_loss         | -395       |
|    explained_variance   | -0.419     |
|    learning_rate        | 0.0001     |
|    loss                 | 912        |
|    n_updates            | 50         |
|    policy_gradient_loss | -0.066     |
|    std                  | 1          |
|    value_loss           | 2.1e+03    |
----------------------------------------
----------------------------------------
| time/                   |            |
|    fps                  | 107        |
|    iterations           | 7          |
|    time_elapsed         | 133        |
|    total_timesteps      | 14336      |
| train/                  |            |
|    approx_kl            | 0.14002873 |
|    clip_fraction        | 0.83       |
|    clip_range           | 0.1        |
|    entropy_loss         | -395       |
|    explained_variance   | -0.407     |
|    learning_rate        | 0.0001     |
|    loss                 | 877        |
|    n_updates            | 60         |
|    policy_gradient_loss | -0.0658    |
|    std                  | 1          |
|    value_loss           | 2.01e+03   |
----------------------------------------
-----------------------------------------
| time/                   |             |
|    fps                  | 105         |
|    iterations           | 8           |
|    time_elapsed         | 155         |
|    total_timesteps      | 16384       |
| train/                  |             |
|    approx_kl            | 0.116418846 |
|    clip_fraction        | 0.832       |
|    clip_range           | 0.1         |
|    entropy_loss         | -395        |
|    explained_variance   | -0.273      |
|    learning_rate        | 0.0001      |
|    loss                 | 858         |
|    n_updates            | 70          |
|    policy_gradient_loss | -0.0666     |
|    std                  | 1           |
|    value_loss           | 1.98e+03    |
-----------------------------------------
----------------------------------------
| time/                   |            |
|    fps                  | 103        |
|    iterations           | 9          |
|    time_elapsed         | 177        |
|    total_timesteps      | 18432      |
| train/                  |            |
|    approx_kl            | 0.14037365 |
|    clip_fraction        | 0.833      |
|    clip_range           | 0.1        |
|    entropy_loss         | -395       |
|    explained_variance   | -0.119     |
|    learning_rate        | 0.0001     |
|    loss                 | 846        |
|    n_updates            | 80         |
|    policy_gradient_loss | -0.0639    |
|    std                  | 1          |
|    value_loss           | 1.9e+03    |
----------------------------------------
----------------------------------------
| time/                   |            |
|    fps                  | 102        |
|    iterations           | 10         |
|    time_elapsed         | 199        |
|    total_timesteps      | 20480      |
| train/                  |            |
|    approx_kl            | 0.21769097 |
|    clip_fraction        | 0.834      |
|    clip_range           | 0.1        |
|    entropy_loss         | -395       |
|    explained_variance   | -0.0563    |
|    learning_rate        | 0.0001     |
|    loss                 | 792        |
|    n_updates            | 90         |
|    policy_gradient_loss | -0.0627    |
|    std                  | 1          |
|    value_loss           | 1.82e+03   |
----------------------------------------
----------------------------------------
| time/                   |            |
|    fps                  | 102        |
|    iterations           | 11         |
|    time_elapsed         | 220        |
|    total_timesteps      | 22528      |
| train/                  |            |
|    approx_kl            | 0.38882732 |
|    clip_fraction        | 0.851      |
|    clip_range           | 0.1        |
|    entropy_loss         | -395       |
|    explained_variance   | -0.0249    |
|    learning_rate        | 0.0001     |
|    loss                 | 869        |
|    n_updates            | 100        |
|    policy_gradient_loss | -0.0664    |
|    std                  | 1          |
|    value_loss           | 1.86e+03   |
----------------------------------------
---------------------------------------
| time/                   |           |
|    fps                  | 101       |
|    iterations           | 12        |
|    time_elapsed         | 242       |
|    total_timesteps      | 24576     |
| train/                  |           |
|    approx_kl            | 0.4997477 |
|    clip_fraction        | 0.857     |
|    clip_range           | 0.1       |
|    entropy_loss         | -395      |
|    explained_variance   | -0.00369  |
|    learning_rate        | 0.0001    |
|    loss                 | 869       |
|    n_updates            | 110       |
|    policy_gradient_loss | -0.0655   |
|    std                  | 1         |
|    value_loss           | 1.86e+03  |
---------------------------------------
----------------------------------------
| time/                   |            |
|    fps                  | 101        |
|    iterations           | 13         |
|    time_elapsed         | 263        |
|    total_timesteps      | 26624      |
| train/                  |            |
|    approx_kl            | 0.51154625 |
|    clip_fraction        | 0.854      |
|    clip_range           | 0.1        |
|    entropy_loss         | -395       |
|    explained_variance   | -0.00213   |
|    learning_rate        | 0.0001     |
|    loss                 | 834        |
|    n_updates            | 120        |
|    policy_gradient_loss | -0.063     |
|    std                  | 1          |
|    value_loss           | 1.75e+03   |
----------------------------------------
---------------------------------------
| time/                   |           |
|    fps                  | 100       |
|    iterations           | 14        |
|    time_elapsed         | 284       |
|    total_timesteps      | 28672     |
| train/                  |           |
|    approx_kl            | 0.8645022 |
|    clip_fraction        | 0.86      |
|    clip_range           | 0.1       |
|    entropy_loss         | -395      |
|    explained_variance   | -0.00127  |
|    learning_rate        | 0.0001    |
|    loss                 | 781       |
|    n_updates            | 130       |
|    policy_gradient_loss | -0.0649   |
|    std                  | 1         |
|    value_loss           | 1.64e+03  |
---------------------------------------
---------------------------------------
| time/                   |           |
|    fps                  | 100       |
|    iterations           | 15        |
|    time_elapsed         | 305       |
|    total_timesteps      | 30720     |
| train/                  |           |
|    approx_kl            | 1.4178121 |
|    clip_fraction        | 0.858     |
|    clip_range           | 0.1       |
|    entropy_loss         | -395      |
|    explained_variance   | 0.000131  |
|    learning_rate        | 0.0001    |
|    loss                 | 787       |
|    n_updates            | 140       |
|    policy_gradient_loss | -0.0635   |
|    std                  | 1         |
|    value_loss           | 1.64e+03  |
---------------------------------------
----------------------------------------
| time/                   |            |
|    fps                  | 100        |
|    iterations           | 16         |
|    time_elapsed         | 327        |
|    total_timesteps      | 32768      |
| train/                  |            |
|    approx_kl            | 0.38236105 |
|    clip_fraction        | 0.858      |
|    clip_range           | 0.1        |
|    entropy_loss         | -395       |
|    explained_variance   | -0.000284  |
|    learning_rate        | 0.0001     |
|    loss                 | 809        |
|    n_updates            | 150        |
|    policy_gradient_loss | -0.0633    |
|    std                  | 1          |
|    value_loss           | 1.67e+03   |
----------------------------------------
----------------------------------------
| time/                   |            |
|    fps                  | 99         |
|    iterations           | 17         |
|    time_elapsed         | 348        |
|    total_timesteps      | 34816      |
| train/                  |            |
|    approx_kl            | 0.43706584 |
|    clip_fraction        | 0.854      |
|    clip_range           | 0.1        |
|    entropy_loss         | -395       |
|    explained_variance   | -0.000207  |
|    learning_rate        | 0.0001     |
|    loss                 | 791        |
|    n_updates            | 160        |
|    policy_gradient_loss | -0.0647    |
|    std                  | 1          |
|    value_loss           | 1.7e+03    |
----------------------------------------
----------------------------------------
| time/                   |            |
|    fps                  | 99         |
|    iterations           | 18         |
|    time_elapsed         | 369        |
|    total_timesteps      | 36864      |
| train/                  |            |
|    approx_kl            | 0.67753965 |
|    clip_fraction        | 0.863      |
|    clip_range           | 0.1        |
|    entropy_loss         | -395       |
|    explained_variance   | -0.000496  |
|    learning_rate        | 0.0001     |
|    loss                 | 724        |
|    n_updates            | 170        |
|    policy_gradient_loss | -0.0642    |
|    std                  | 1          |
|    value_loss           | 1.57e+03   |
----------------------------------------
---------------------------------------
| time/                   |           |
|    fps                  | 99        |
|    iterations           | 19        |
|    time_elapsed         | 391       |
|    total_timesteps      | 38912     |
| train/                  |           |
|    approx_kl            | 0.5298122 |
|    clip_fraction        | 0.856     |
|    clip_range           | 0.1       |
|    entropy_loss         | -395      |
|    explained_variance   | 0.000424  |
|    learning_rate        | 0.0001    |
|    loss                 | 738       |
|    n_updates            | 180       |
|    policy_gradient_loss | -0.062    |
|    std                  | 1         |
|    value_loss           | 1.56e+03  |
---------------------------------------
---------------------------------------
| time/                   |           |
|    fps                  | 99        |
|    iterations           | 20        |
|    time_elapsed         | 412       |
|    total_timesteps      | 40960     |
| train/                  |           |
|    approx_kl            | 0.7862525 |
|    clip_fraction        | 0.861     |
|    clip_range           | 0.1       |
|    entropy_loss         | -395      |
|    explained_variance   | -0.000203 |
|    learning_rate        | 0.0001    |
|    loss                 | 733       |
|    n_updates            | 190       |
|    policy_gradient_loss | -0.0645   |
|    std                  | 1         |
|    value_loss           | 1.56e+03  |
---------------------------------------
----------------------------------------
| time/                   |            |
|    fps                  | 99         |
|    iterations           | 21         |
|    time_elapsed         | 433        |
|    total_timesteps      | 43008      |
| train/                  |            |
|    approx_kl            | 0.50308096 |
|    clip_fraction        | 0.86       |
|    clip_range           | 0.1        |
|    entropy_loss         | -395       |
|    explained_variance   | 0.000144   |
|    learning_rate        | 0.0001     |
|    loss                 | 673        |
|    n_updates            | 200        |
|    policy_gradient_loss | -0.0642    |
|    std                  | 1          |
|    value_loss           | 1.54e+03   |
----------------------------------------
---------------------------------------
| time/                   |           |
|    fps                  | 99        |
|    iterations           | 22        |
|    time_elapsed         | 454       |
|    total_timesteps      | 45056     |
| train/                  |           |
|    approx_kl            | 0.5605775 |
|    clip_fraction        | 0.864     |
|    clip_range           | 0.1       |
|    entropy_loss         | -395      |
|    explained_variance   | 0.000232  |
|    learning_rate        | 0.0001    |
|    loss                 | 740       |
|    n_updates            | 210       |
|    policy_gradient_loss | -0.0652   |
|    std                  | 1         |
|    value_loss           | 1.5e+03   |
---------------------------------------
----------------------------------------
| time/                   |            |
|    fps                  | 98         |
|    iterations           | 23         |
|    time_elapsed         | 476        |
|    total_timesteps      | 47104      |
| train/                  |            |
|    approx_kl            | 0.55737007 |
|    clip_fraction        | 0.861      |
|    clip_range           | 0.1        |
|    entropy_loss         | -395       |
|    explained_variance   | 0.000112   |
|    learning_rate        | 0.0001     |
|    loss                 | 706        |
|    n_updates            | 220        |
|    policy_gradient_loss | -0.064     |
|    std                  | 1          |
|    value_loss           | 1.46e+03   |
----------------------------------------
---------------------------------------
| time/                   |           |
|    fps                  | 98        |
|    iterations           | 24        |
|    time_elapsed         | 497       |
|    total_timesteps      | 49152     |
| train/                  |           |
|    approx_kl            | 0.5983273 |
|    clip_fraction        | 0.865     |
|    clip_range           | 0.1       |
|    entropy_loss         | -394      |
|    explained_variance   | 1.55e-05  |
|    learning_rate        | 0.0001    |
|    loss                 | 708       |
|    n_updates            | 230       |
|    policy_gradient_loss | -0.0656   |
|    std                  | 1         |
|    value_loss           | 1.47e+03  |
---------------------------------------
----------------------------------------
| time/                   |            |
|    fps                  | 98         |
|    iterations           | 25         |
|    time_elapsed         | 518        |
|    total_timesteps      | 51200      |
| train/                  |            |
|    approx_kl            | 0.75441813 |
|    clip_fraction        | 0.869      |
|    clip_range           | 0.1        |
|    entropy_loss         | -395       |
|    explained_variance   | 4.45e-05   |
|    learning_rate        | 0.0001     |
|    loss                 | 673        |
|    n_updates            | 240        |
|    policy_gradient_loss | -0.0675    |
|    std                  | 1          |
|    value_loss           | 1.44e+03   |
----------------------------------------
Saved model → /home/rrahman/StudentClusterBT/Tabula Rasa/simulation03c/../artifacts/sim03c/run001_model.zip
Saved → /home/rrahman/StudentClusterBT/Tabula Rasa/simulation03c/../artifacts/sim03c/run001.png
Saved → /home/rrahman/StudentClusterBT/Tabula Rasa/simulation03c/../artifacts/sim03c/run001_iq.png
