imports starting...
imports done — CUDA available: False
Run 004
creating env...
env created, building model...
Using cpu device
Wrapping the env with a `Monitor` wrapper
Wrapping the env in a DummyVecEnv.
model ready, starting training...
-----------------------------
| time/              |      |
|    fps             | 496  |
|    iterations      | 1    |
|    time_elapsed    | 4    |
|    total_timesteps | 2048 |
-----------------------------
Early stopping at step 0 due to reaching max kl: 0.03
------------------------------------------
| time/                   |              |
|    fps                  | 427          |
|    iterations           | 2            |
|    time_elapsed         | 9            |
|    total_timesteps      | 4096         |
| train/                  |              |
|    approx_kl            | 0.0115925325 |
|    clip_fraction        | 0.448        |
|    clip_range           | 0.1          |
|    entropy_loss         | -105         |
|    explained_variance   | -2.24        |
|    learning_rate        | 0.0001       |
|    loss                 | -0.107       |
|    n_updates            | 1            |
|    policy_gradient_loss | 0.0166       |
|    std                  | 1            |
|    value_loss           | 1.71         |
------------------------------------------
Early stopping at step 1 due to reaching max kl: 1.75
---------------------------------------
| time/                   |           |
|    fps                  | 398       |
|    iterations           | 3         |
|    time_elapsed         | 15        |
|    total_timesteps      | 6144      |
| train/                  |           |
|    approx_kl            | 1.7489326 |
|    clip_fraction        | 0.334     |
|    clip_range           | 0.1       |
|    entropy_loss         | -106      |
|    explained_variance   | -2.01     |
|    learning_rate        | 0.0001    |
|    loss                 | -0.0824   |
|    n_updates            | 3         |
|    policy_gradient_loss | 0.00956   |
|    std                  | 1         |
|    value_loss           | 1.76      |
---------------------------------------
Early stopping at step 1 due to reaching max kl: 1.71
---------------------------------------
| time/                   |           |
|    fps                  | 385       |
|    iterations           | 4         |
|    time_elapsed         | 21        |
|    total_timesteps      | 8192      |
| train/                  |           |
|    approx_kl            | 1.7095991 |
|    clip_fraction        | 0.318     |
|    clip_range           | 0.1       |
|    entropy_loss         | -106      |
|    explained_variance   | -1.59     |
|    learning_rate        | 0.0001    |
|    loss                 | -0.373    |
|    n_updates            | 5         |
|    policy_gradient_loss | 0.00897   |
|    std                  | 1         |
|    value_loss           | 1.64      |
---------------------------------------
Early stopping at step 1 due to reaching max kl: 2.37
Saved → /home/rrahman/StudentClusterBT/Tabula Rasa/simulation03c/../artifacts/sim03c/run004.png
Saved → /home/rrahman/StudentClusterBT/Tabula Rasa/simulation03c/../artifacts/sim03c/run004_iq.png
Saved model → /home/rrahman/StudentClusterBT/Tabula Rasa/simulation03c/../artifacts/sim03c/run004_model.zip  (step 10000)
---------------------------------------
| time/                   |           |
|    fps                  | 346       |
|    iterations           | 5         |
|    time_elapsed         | 29        |
|    total_timesteps      | 10240     |
| train/                  |           |
|    approx_kl            | 2.3682535 |
|    clip_fraction        | 0.333     |
|    clip_range           | 0.1       |
|    entropy_loss         | -105      |
|    explained_variance   | -2.23     |
|    learning_rate        | 0.0001    |
|    loss                 | -0.405    |
|    n_updates            | 7         |
|    policy_gradient_loss | 0.00994   |
|    std                  | 1         |
|    value_loss           | 1.55      |
---------------------------------------
Early stopping at step 1 due to reaching max kl: 1.52
---------------------------------------
| time/                   |           |
|    fps                  | 351       |
|    iterations           | 6         |
|    time_elapsed         | 34        |
|    total_timesteps      | 12288     |
| train/                  |           |
|    approx_kl            | 1.5171818 |
|    clip_fraction        | 0.337     |
|    clip_range           | 0.1       |
|    entropy_loss         | -105      |
|    explained_variance   | -1.61     |
|    learning_rate        | 0.0001    |
|    loss                 | -0.368    |
|    n_updates            | 9         |
|    policy_gradient_loss | 0.0098    |
|    std                  | 1         |
|    value_loss           | 1.58      |
---------------------------------------
Early stopping at step 1 due to reaching max kl: 3.13
---------------------------------------
| time/                   |           |
|    fps                  | 354       |
|    iterations           | 7         |
|    time_elapsed         | 40        |
|    total_timesteps      | 14336     |
| train/                  |           |
|    approx_kl            | 3.1323495 |
|    clip_fraction        | 0.31      |
|    clip_range           | 0.1       |
|    entropy_loss         | -106      |
|    explained_variance   | -0.945    |
|    learning_rate        | 0.0001    |
|    loss                 | -0.364    |
|    n_updates            | 11        |
|    policy_gradient_loss | 0.00879   |
|    std                  | 1         |
|    value_loss           | 1.72      |
---------------------------------------
Early stopping at step 1 due to reaching max kl: 1.19
---------------------------------------
| time/                   |           |
|    fps                  | 356       |
|    iterations           | 8         |
|    time_elapsed         | 45        |
|    total_timesteps      | 16384     |
| train/                  |           |
|    approx_kl            | 1.1884748 |
|    clip_fraction        | 0.338     |
|    clip_range           | 0.1       |
|    entropy_loss         | -105      |
|    explained_variance   | -0.942    |
|    learning_rate        | 0.0001    |
|    loss                 | -0.162    |
|    n_updates            | 13        |
|    policy_gradient_loss | 0.00589   |
|    std                  | 1         |
|    value_loss           | 1.87      |
---------------------------------------
Early stopping at step 1 due to reaching max kl: 1.21
---------------------------------------
| time/                   |           |
|    fps                  | 358       |
|    iterations           | 9         |
|    time_elapsed         | 51        |
|    total_timesteps      | 18432     |
| train/                  |           |
|    approx_kl            | 1.2133114 |
|    clip_fraction        | 0.312     |
|    clip_range           | 0.1       |
|    entropy_loss         | -106      |
|    explained_variance   | -1.03     |
|    learning_rate        | 0.0001    |
|    loss                 | -0.346    |
|    n_updates            | 15        |
|    policy_gradient_loss | 0.011     |
|    std                  | 1         |
|    value_loss           | 1.64      |
---------------------------------------
Early stopping at step 1 due to reaching max kl: 1.02
Saved → /home/rrahman/StudentClusterBT/Tabula Rasa/simulation03c/../artifacts/sim03c/run004.png
Saved → /home/rrahman/StudentClusterBT/Tabula Rasa/simulation03c/../artifacts/sim03c/run004_iq.png
Saved model → /home/rrahman/StudentClusterBT/Tabula Rasa/simulation03c/../artifacts/sim03c/run004_model.zip  (step 20000)
---------------------------------------
| time/                   |           |
|    fps                  | 343       |
|    iterations           | 10        |
|    time_elapsed         | 59        |
|    total_timesteps      | 20480     |
| train/                  |           |
|    approx_kl            | 1.0160928 |
|    clip_fraction        | 0.306     |
|    clip_range           | 0.1       |
|    entropy_loss         | -106      |
|    explained_variance   | -1.45     |
|    learning_rate        | 0.0001    |
|    loss                 | -0.4      |
|    n_updates            | 17        |
|    policy_gradient_loss | 0.00995   |
|    std                  | 1         |
|    value_loss           | 1.5       |
---------------------------------------
Early stopping at step 1 due to reaching max kl: 2.69
---------------------------------------
| time/                   |           |
|    fps                  | 347       |
|    iterations           | 11        |
|    time_elapsed         | 64        |
|    total_timesteps      | 22528     |
| train/                  |           |
|    approx_kl            | 2.6888225 |
|    clip_fraction        | 0.348     |
|    clip_range           | 0.1       |
|    entropy_loss         | -106      |
|    explained_variance   | -1.24     |
|    learning_rate        | 0.0001    |
|    loss                 | -0.488    |
|    n_updates            | 19        |
|    policy_gradient_loss | 0.00894   |
|    std                  | 1         |
|    value_loss           | 1.46      |
---------------------------------------
Early stopping at step 1 due to reaching max kl: 1.93
---------------------------------------
| time/                   |           |
|    fps                  | 350       |
|    iterations           | 12        |
|    time_elapsed         | 70        |
|    total_timesteps      | 24576     |
| train/                  |           |
|    approx_kl            | 1.9337356 |
|    clip_fraction        | 0.332     |
|    clip_range           | 0.1       |
|    entropy_loss         | -105      |
|    explained_variance   | -0.798    |
|    learning_rate        | 0.0001    |
|    loss                 | -0.477    |
|    n_updates            | 21        |
|    policy_gradient_loss | 0.0109    |
|    std                  | 1         |
|    value_loss           | 1.37      |
---------------------------------------
Early stopping at step 1 due to reaching max kl: 2.79
--------------------------------------
| time/                   |          |
|    fps                  | 353      |
|    iterations           | 13       |
|    time_elapsed         | 75       |
|    total_timesteps      | 26624    |
| train/                  |          |
|    approx_kl            | 2.792151 |
|    clip_fraction        | 0.322    |
|    clip_range           | 0.1      |
|    entropy_loss         | -105     |
|    explained_variance   | -0.659   |
|    learning_rate        | 0.0001   |
|    loss                 | -0.284   |
|    n_updates            | 23       |
|    policy_gradient_loss | 0.00712  |
|    std                  | 1        |
|    value_loss           | 1.61     |
--------------------------------------
Early stopping at step 1 due to reaching max kl: 1.76
---------------------------------------
| time/                   |           |
|    fps                  | 355       |
|    iterations           | 14        |
|    time_elapsed         | 80        |
|    total_timesteps      | 28672     |
| train/                  |           |
|    approx_kl            | 1.7550498 |
|    clip_fraction        | 0.309     |
|    clip_range           | 0.1       |
|    entropy_loss         | -106      |
|    explained_variance   | -0.667    |
|    learning_rate        | 0.0001    |
|    loss                 | -0.352    |
|    n_updates            | 25        |
|    policy_gradient_loss | 0.00579   |
|    std                  | 1         |
|    value_loss           | 1.65      |
---------------------------------------
Early stopping at step 1 due to reaching max kl: 1.26
Saved → /home/rrahman/StudentClusterBT/Tabula Rasa/simulation03c/../artifacts/sim03c/run004.png
Saved → /home/rrahman/StudentClusterBT/Tabula Rasa/simulation03c/../artifacts/sim03c/run004_iq.png
Saved model → /home/rrahman/StudentClusterBT/Tabula Rasa/simulation03c/../artifacts/sim03c/run004_model.zip  (step 30000)
---------------------------------------
| time/                   |           |
|    fps                  | 344       |
|    iterations           | 15        |
|    time_elapsed         | 89        |
|    total_timesteps      | 30720     |
| train/                  |           |
|    approx_kl            | 1.2639292 |
|    clip_fraction        | 0.321     |
|    clip_range           | 0.1       |
|    entropy_loss         | -105      |
|    explained_variance   | -0.968    |
|    learning_rate        | 0.0001    |
|    loss                 | -0.356    |
|    n_updates            | 27        |
|    policy_gradient_loss | 0.0103    |
|    std                  | 1         |
|    value_loss           | 1.38      |
---------------------------------------
Early stopping at step 1 due to reaching max kl: 0.79
---------------------------------------
| time/                   |           |
|    fps                  | 347       |
|    iterations           | 16        |
|    time_elapsed         | 94        |
|    total_timesteps      | 32768     |
| train/                  |           |
|    approx_kl            | 0.7859917 |
|    clip_fraction        | 0.32      |
|    clip_range           | 0.1       |
|    entropy_loss         | -106      |
|    explained_variance   | -0.98     |
|    learning_rate        | 0.0001    |
|    loss                 | -0.338    |
|    n_updates            | 29        |
|    policy_gradient_loss | 0.00479   |
|    std                  | 1         |
|    value_loss           | 1.43      |
---------------------------------------
Early stopping at step 1 due to reaching max kl: 1.73
---------------------------------------
| time/                   |           |
|    fps                  | 349       |
|    iterations           | 17        |
|    time_elapsed         | 99        |
|    total_timesteps      | 34816     |
| train/                  |           |
|    approx_kl            | 1.7264725 |
|    clip_fraction        | 0.304     |
|    clip_range           | 0.1       |
|    entropy_loss         | -106      |
|    explained_variance   | -0.875    |
|    learning_rate        | 0.0001    |
|    loss                 | -0.385    |
|    n_updates            | 31        |
|    policy_gradient_loss | 0.00483   |
|    std                  | 1         |
|    value_loss           | 1.59      |
---------------------------------------
Early stopping at step 1 due to reaching max kl: 2.38
---------------------------------------
| time/                   |           |
|    fps                  | 351       |
|    iterations           | 18        |
|    time_elapsed         | 104       |
|    total_timesteps      | 36864     |
| train/                  |           |
|    approx_kl            | 2.3797536 |
|    clip_fraction        | 0.328     |
|    clip_range           | 0.1       |
|    entropy_loss         | -105      |
|    explained_variance   | -0.821    |
|    learning_rate        | 0.0001    |
|    loss                 | -0.535    |
|    n_updates            | 33        |
|    policy_gradient_loss | 0.00761   |
|    std                  | 1         |
|    value_loss           | 1.26      |
---------------------------------------
Early stopping at step 1 due to reaching max kl: 2.21
---------------------------------------
| time/                   |           |
|    fps                  | 353       |
|    iterations           | 19        |
|    time_elapsed         | 109       |
|    total_timesteps      | 38912     |
| train/                  |           |
|    approx_kl            | 2.2129164 |
|    clip_fraction        | 0.321     |
|    clip_range           | 0.1       |
|    entropy_loss         | -105      |
|    explained_variance   | -0.888    |
|    learning_rate        | 0.0001    |
|    loss                 | -0.451    |
|    n_updates            | 35        |
|    policy_gradient_loss | 0.0103    |
|    std                  | 1         |
|    value_loss           | 1.5       |
---------------------------------------
Early stopping at step 1 due to reaching max kl: 0.92
Saved → /home/rrahman/StudentClusterBT/Tabula Rasa/simulation03c/../artifacts/sim03c/run004.png
Saved → /home/rrahman/StudentClusterBT/Tabula Rasa/simulation03c/../artifacts/sim03c/run004_iq.png
Saved model → /home/rrahman/StudentClusterBT/Tabula Rasa/simulation03c/../artifacts/sim03c/run004_model.zip  (step 40000)
----------------------------------------
| time/                   |            |
|    fps                  | 347        |
|    iterations           | 20         |
|    time_elapsed         | 117        |
|    total_timesteps      | 40960      |
| train/                  |            |
|    approx_kl            | 0.92294323 |
|    clip_fraction        | 0.331      |
|    clip_range           | 0.1        |
|    entropy_loss         | -106       |
|    explained_variance   | -0.968     |
|    learning_rate        | 0.0001     |
|    loss                 | -0.458     |
|    n_updates            | 37         |
|    policy_gradient_loss | 0.0103     |
|    std                  | 1          |
|    value_loss           | 1.3        |
----------------------------------------
Early stopping at step 1 due to reaching max kl: 0.66
----------------------------------------
| time/                   |            |
|    fps                  | 349        |
|    iterations           | 21         |
|    time_elapsed         | 123        |
|    total_timesteps      | 43008      |
| train/                  |            |
|    approx_kl            | 0.65883166 |
|    clip_fraction        | 0.324      |
|    clip_range           | 0.1        |
|    entropy_loss         | -106       |
|    explained_variance   | -1.42      |
|    learning_rate        | 0.0001     |
|    loss                 | -0.518     |
|    n_updates            | 39         |
|    policy_gradient_loss | 0.00783    |
|    std                  | 1          |
|    value_loss           | 1.19       |
----------------------------------------
Early stopping at step 1 due to reaching max kl: 2.39
---------------------------------------
| time/                   |           |
|    fps                  | 350       |
|    iterations           | 22        |
|    time_elapsed         | 128       |
|    total_timesteps      | 45056     |
| train/                  |           |
|    approx_kl            | 2.3869884 |
|    clip_fraction        | 0.332     |
|    clip_range           | 0.1       |
|    entropy_loss         | -106      |
|    explained_variance   | -0.823    |
|    learning_rate        | 0.0001    |
|    loss                 | -0.475    |
|    n_updates            | 41        |
|    policy_gradient_loss | 0.00967   |
|    std                  | 1         |
|    value_loss           | 1.24      |
---------------------------------------
Early stopping at step 1 due to reaching max kl: 2.46
---------------------------------------
| time/                   |           |
|    fps                  | 352       |
|    iterations           | 23        |
|    time_elapsed         | 133       |
|    total_timesteps      | 47104     |
| train/                  |           |
|    approx_kl            | 2.4576652 |
|    clip_fraction        | 0.32      |
|    clip_range           | 0.1       |
|    entropy_loss         | -106      |
|    explained_variance   | -0.751    |
|    learning_rate        | 0.0001    |
|    loss                 | -0.393    |
|    n_updates            | 43        |
|    policy_gradient_loss | 0.00259   |
|    std                  | 1         |
|    value_loss           | 1.5       |
---------------------------------------
Early stopping at step 1 due to reaching max kl: 1.16
--------------------------------------
| time/                   |          |
|    fps                  | 354      |
|    iterations           | 24       |
|    time_elapsed         | 138      |
|    total_timesteps      | 49152    |
| train/                  |          |
|    approx_kl            | 1.161891 |
|    clip_fraction        | 0.331    |
|    clip_range           | 0.1      |
|    entropy_loss         | -106     |
|    explained_variance   | -0.865   |
|    learning_rate        | 0.0001   |
|    loss                 | -0.693   |
|    n_updates            | 45       |
|    policy_gradient_loss | 0.00248  |
|    std                  | 1        |
|    value_loss           | 1.31     |
--------------------------------------
Early stopping at step 1 due to reaching max kl: 0.87
Saved → /home/rrahman/StudentClusterBT/Tabula Rasa/simulation03c/../artifacts/sim03c/run004.png
Saved → /home/rrahman/StudentClusterBT/Tabula Rasa/simulation03c/../artifacts/sim03c/run004_iq.png
Saved model → /home/rrahman/StudentClusterBT/Tabula Rasa/simulation03c/../artifacts/sim03c/run004_model.zip  (step 50000)
---------------------------------------
| time/                   |           |
|    fps                  | 348       |
|    iterations           | 25        |
|    time_elapsed         | 146       |
|    total_timesteps      | 51200     |
| train/                  |           |
|    approx_kl            | 0.8690505 |
|    clip_fraction        | 0.32      |
|    clip_range           | 0.1       |
|    entropy_loss         | -106      |
|    explained_variance   | -0.875    |
|    learning_rate        | 0.0001    |
|    loss                 | -0.543    |
|    n_updates            | 47        |
|    policy_gradient_loss | 0.0101    |
|    std                  | 1         |
|    value_loss           | 1.16      |
---------------------------------------
Early stopping at step 1 due to reaching max kl: 0.94
Saved model → /home/rrahman/StudentClusterBT/Tabula Rasa/simulation03c/../artifacts/sim03c/run004_model.zip
Saved → /home/rrahman/StudentClusterBT/Tabula Rasa/simulation03c/../artifacts/sim03c/run004.png
Saved → /home/rrahman/StudentClusterBT/Tabula Rasa/simulation03c/../artifacts/sim03c/run004_iq.png
