imports starting...
imports done — CUDA available: False
Run 006
creating env...
env created, building model...
Using cpu device
Wrapping the env with a `Monitor` wrapper
Wrapping the env in a DummyVecEnv.
model ready, starting training...
-----------------------------
| time/              |      |
|    fps             | 504  |
|    iterations      | 1    |
|    time_elapsed    | 4    |
|    total_timesteps | 2048 |
-----------------------------
Early stopping at step 1 due to reaching max kl: 0.36
----------------------------------------
| time/                   |            |
|    fps                  | 413        |
|    iterations           | 2          |
|    time_elapsed         | 9          |
|    total_timesteps      | 4096       |
| train/                  |            |
|    approx_kl            | 0.35596856 |
|    clip_fraction        | 0.0895     |
|    clip_range           | 0.1        |
|    entropy_loss         | -105       |
|    explained_variance   | -2         |
|    learning_rate        | 3e-05      |
|    loss                 | -0.382     |
|    n_updates            | 2          |
|    policy_gradient_loss | -0.00172   |
|    std                  | 1          |
|    value_loss           | 1.72       |
----------------------------------------
Early stopping at step 2 due to reaching max kl: 0.29
----------------------------------------
| time/                   |            |
|    fps                  | 351        |
|    iterations           | 3          |
|    time_elapsed         | 17         |
|    total_timesteps      | 6144       |
| train/                  |            |
|    approx_kl            | 0.28872928 |
|    clip_fraction        | 0.434      |
|    clip_range           | 0.1        |
|    entropy_loss         | -105       |
|    explained_variance   | -2.64      |
|    learning_rate        | 3e-05      |
|    loss                 | -0.467     |
|    n_updates            | 5          |
|    policy_gradient_loss | -0.0391    |
|    std                  | 1          |
|    value_loss           | 1.53       |
----------------------------------------
Early stopping at step 1 due to reaching max kl: 0.28
---------------------------------------
| time/                   |           |
|    fps                  | 328       |
|    iterations           | 4         |
|    time_elapsed         | 24        |
|    total_timesteps      | 8192      |
| train/                  |           |
|    approx_kl            | 0.1485348 |
|    clip_fraction        | 0.419     |
|    clip_range           | 0.1       |
|    entropy_loss         | -105      |
|    explained_variance   | -1.78     |
|    learning_rate        | 3e-05     |
|    loss                 | -0.367    |
|    n_updates            | 7         |
|    policy_gradient_loss | -0.0364   |
|    std                  | 1         |
|    value_loss           | 1.74      |
---------------------------------------
Early stopping at step 1 due to reaching max kl: 0.23
Saved → /home/rrahman/StudentClusterBT/Tabula Rasa/simulation03c/../artifacts/sim03c/run006.png
Saved → /home/rrahman/StudentClusterBT/Tabula Rasa/simulation03c/../artifacts/sim03c/run006_iq.png
Saved model → /home/rrahman/StudentClusterBT/Tabula Rasa/simulation03c/../artifacts/sim03c/run006_model.zip  (step 10000)
----------------------------------------
| time/                   |            |
|    fps                  | 306        |
|    iterations           | 5          |
|    time_elapsed         | 33         |
|    total_timesteps      | 10240      |
| train/                  |            |
|    approx_kl            | 0.17016113 |
|    clip_fraction        | 0.0862     |
|    clip_range           | 0.1        |
|    entropy_loss         | -105       |
|    explained_variance   | -2.22      |
|    learning_rate        | 3e-05      |
|    loss                 | -0.284     |
|    n_updates            | 9          |
|    policy_gradient_loss | -0.00688   |
|    std                  | 1          |
|    value_loss           | 1.65       |
----------------------------------------
Early stopping at step 1 due to reaching max kl: 0.24
---------------------------------------
| time/                   |           |
|    fps                  | 307       |
|    iterations           | 6         |
|    time_elapsed         | 39        |
|    total_timesteps      | 12288     |
| train/                  |           |
|    approx_kl            | 0.1557616 |
|    clip_fraction        | 0.43      |
|    clip_range           | 0.1       |
|    entropy_loss         | -105      |
|    explained_variance   | -3.02     |
|    learning_rate        | 3e-05     |
|    loss                 | -0.619    |
|    n_updates            | 11        |
|    policy_gradient_loss | -0.0384   |
|    std                  | 1         |
|    value_loss           | 1.42      |
---------------------------------------
Early stopping at step 2 due to reaching max kl: 0.33
---------------------------------------
| time/                   |           |
|    fps                  | 305       |
|    iterations           | 7         |
|    time_elapsed         | 46        |
|    total_timesteps      | 14336     |
| train/                  |           |
|    approx_kl            | 0.2728751 |
|    clip_fraction        | 0.442     |
|    clip_range           | 0.1       |
|    entropy_loss         | -105      |
|    explained_variance   | -2        |
|    learning_rate        | 3e-05     |
|    loss                 | -0.315    |
|    n_updates            | 14        |
|    policy_gradient_loss | -0.0396   |
|    std                  | 1         |
|    value_loss           | 1.6       |
---------------------------------------
Early stopping at step 1 due to reaching max kl: 0.23
---------------------------------------
| time/                   |           |
|    fps                  | 306       |
|    iterations           | 8         |
|    time_elapsed         | 53        |
|    total_timesteps      | 16384     |
| train/                  |           |
|    approx_kl            | 0.1396096 |
|    clip_fraction        | 0.361     |
|    clip_range           | 0.1       |
|    entropy_loss         | -105      |
|    explained_variance   | -1.5      |
|    learning_rate        | 3e-05     |
|    loss                 | -0.266    |
|    n_updates            | 16        |
|    policy_gradient_loss | -0.0321   |
|    std                  | 1         |
|    value_loss           | 1.4       |
---------------------------------------
Early stopping at step 1 due to reaching max kl: 0.23
----------------------------------------
| time/                   |            |
|    fps                  | 308        |
|    iterations           | 9          |
|    time_elapsed         | 59         |
|    total_timesteps      | 18432      |
| train/                  |            |
|    approx_kl            | 0.14376573 |
|    clip_fraction        | 0.322      |
|    clip_range           | 0.1        |
|    entropy_loss         | -105       |
|    explained_variance   | -1.34      |
|    learning_rate        | 3e-05      |
|    loss                 | -0.31      |
|    n_updates            | 18         |
|    policy_gradient_loss | -0.0278    |
|    std                  | 1          |
|    value_loss           | 1.62       |
----------------------------------------
Early stopping at step 1 due to reaching max kl: 0.28
Saved → /home/rrahman/StudentClusterBT/Tabula Rasa/simulation03c/../artifacts/sim03c/run006.png
Saved → /home/rrahman/StudentClusterBT/Tabula Rasa/simulation03c/../artifacts/sim03c/run006_iq.png
Saved model → /home/rrahman/StudentClusterBT/Tabula Rasa/simulation03c/../artifacts/sim03c/run006_model.zip  (step 20000)
----------------------------------------
| time/                   |            |
|    fps                  | 296        |
|    iterations           | 10         |
|    time_elapsed         | 68         |
|    total_timesteps      | 20480      |
| train/                  |            |
|    approx_kl            | 0.15622805 |
|    clip_fraction        | 0.408      |
|    clip_range           | 0.1        |
|    entropy_loss         | -105       |
|    explained_variance   | -1.57      |
|    learning_rate        | 3e-05      |
|    loss                 | -0.289     |
|    n_updates            | 20         |
|    policy_gradient_loss | -0.0362    |
|    std                  | 1          |
|    value_loss           | 1.54       |
----------------------------------------
Early stopping at step 1 due to reaching max kl: 0.23
----------------------------------------
| time/                   |            |
|    fps                  | 302        |
|    iterations           | 11         |
|    time_elapsed         | 74         |
|    total_timesteps      | 22528      |
| train/                  |            |
|    approx_kl            | 0.14461629 |
|    clip_fraction        | 0.207      |
|    clip_range           | 0.1        |
|    entropy_loss         | -105       |
|    explained_variance   | -1.3       |
|    learning_rate        | 3e-05      |
|    loss                 | -0.472     |
|    n_updates            | 22         |
|    policy_gradient_loss | -0.0179    |
|    std                  | 1          |
|    value_loss           | 1.46       |
----------------------------------------
Early stopping at step 1 due to reaching max kl: 0.25
---------------------------------------
| time/                   |           |
|    fps                  | 306       |
|    iterations           | 12        |
|    time_elapsed         | 80        |
|    total_timesteps      | 24576     |
| train/                  |           |
|    approx_kl            | 0.1430966 |
|    clip_fraction        | 0.302     |
|    clip_range           | 0.1       |
|    entropy_loss         | -105      |
|    explained_variance   | -1.67     |
|    learning_rate        | 3e-05     |
|    loss                 | -0.233    |
|    n_updates            | 24        |
|    policy_gradient_loss | -0.0269   |
|    std                  | 1         |
|    value_loss           | 1.49      |
---------------------------------------
Early stopping at step 1 due to reaching max kl: 0.25
---------------------------------------
| time/                   |           |
|    fps                  | 308       |
|    iterations           | 13        |
|    time_elapsed         | 86        |
|    total_timesteps      | 26624     |
| train/                  |           |
|    approx_kl            | 0.1477016 |
|    clip_fraction        | 0.397     |
|    clip_range           | 0.1       |
|    entropy_loss         | -105      |
|    explained_variance   | -1.74     |
|    learning_rate        | 3e-05     |
|    loss                 | -0.136    |
|    n_updates            | 26        |
|    policy_gradient_loss | -0.035    |
|    std                  | 1         |
|    value_loss           | 1.6       |
---------------------------------------
Early stopping at step 1 due to reaching max kl: 0.23
----------------------------------------
| time/                   |            |
|    fps                  | 310        |
|    iterations           | 14         |
|    time_elapsed         | 92         |
|    total_timesteps      | 28672      |
| train/                  |            |
|    approx_kl            | 0.15367126 |
|    clip_fraction        | 0.407      |
|    clip_range           | 0.1        |
|    entropy_loss         | -105       |
|    explained_variance   | -0.925     |
|    learning_rate        | 3e-05      |
|    loss                 | -0.257     |
|    n_updates            | 28         |
|    policy_gradient_loss | -0.0361    |
|    std                  | 1          |
|    value_loss           | 1.58       |
----------------------------------------
Early stopping at step 1 due to reaching max kl: 0.24
Saved → /home/rrahman/StudentClusterBT/Tabula Rasa/simulation03c/../artifacts/sim03c/run006.png
Saved → /home/rrahman/StudentClusterBT/Tabula Rasa/simulation03c/../artifacts/sim03c/run006_iq.png
Saved model → /home/rrahman/StudentClusterBT/Tabula Rasa/simulation03c/../artifacts/sim03c/run006_model.zip  (step 30000)
----------------------------------------
| time/                   |            |
|    fps                  | 303        |
|    iterations           | 15         |
|    time_elapsed         | 101        |
|    total_timesteps      | 30720      |
| train/                  |            |
|    approx_kl            | 0.15353675 |
|    clip_fraction        | 0.397      |
|    clip_range           | 0.1        |
|    entropy_loss         | -105       |
|    explained_variance   | -1.51      |
|    learning_rate        | 3e-05      |
|    loss                 | -0.496     |
|    n_updates            | 30         |
|    policy_gradient_loss | -0.0354    |
|    std                  | 1          |
|    value_loss           | 1.49       |
----------------------------------------
Early stopping at step 1 due to reaching max kl: 0.23
----------------------------------------
| time/                   |            |
|    fps                  | 306        |
|    iterations           | 16         |
|    time_elapsed         | 106        |
|    total_timesteps      | 32768      |
| train/                  |            |
|    approx_kl            | 0.14973563 |
|    clip_fraction        | 0.342      |
|    clip_range           | 0.1        |
|    entropy_loss         | -105       |
|    explained_variance   | -1.32      |
|    learning_rate        | 3e-05      |
|    loss                 | -0.513     |
|    n_updates            | 32         |
|    policy_gradient_loss | -0.0304    |
|    std                  | 1          |
|    value_loss           | 1.41       |
----------------------------------------
Early stopping at step 1 due to reaching max kl: 0.23
----------------------------------------
| time/                   |            |
|    fps                  | 309        |
|    iterations           | 17         |
|    time_elapsed         | 112        |
|    total_timesteps      | 34816      |
| train/                  |            |
|    approx_kl            | 0.15014645 |
|    clip_fraction        | 0.283      |
|    clip_range           | 0.1        |
|    entropy_loss         | -105       |
|    explained_variance   | -1.2       |
|    learning_rate        | 3e-05      |
|    loss                 | -0.57      |
|    n_updates            | 34         |
|    policy_gradient_loss | -0.0255    |
|    std                  | 1          |
|    value_loss           | 1.3        |
----------------------------------------
Early stopping at step 1 due to reaching max kl: 0.28
--------------------------------------
| time/                   |          |
|    fps                  | 310      |
|    iterations           | 18       |
|    time_elapsed         | 118      |
|    total_timesteps      | 36864    |
| train/                  |          |
|    approx_kl            | 0.157834 |
|    clip_fraction        | 0.408    |
|    clip_range           | 0.1      |
|    entropy_loss         | -105     |
|    explained_variance   | -1.32    |
|    learning_rate        | 3e-05    |
|    loss                 | -0.42    |
|    n_updates            | 36       |
|    policy_gradient_loss | -0.0366  |
|    std                  | 1        |
|    value_loss           | 1.46     |
--------------------------------------
Early stopping at step 1 due to reaching max kl: 0.23
----------------------------------------
| time/                   |            |
|    fps                  | 312        |
|    iterations           | 19         |
|    time_elapsed         | 124        |
|    total_timesteps      | 38912      |
| train/                  |            |
|    approx_kl            | 0.14708547 |
|    clip_fraction        | 0.377      |
|    clip_range           | 0.1        |
|    entropy_loss         | -105       |
|    explained_variance   | -1.27      |
|    learning_rate        | 3e-05      |
|    loss                 | -0.457     |
|    n_updates            | 38         |
|    policy_gradient_loss | -0.0335    |
|    std                  | 1          |
|    value_loss           | 1.31       |
----------------------------------------
Early stopping at step 1 due to reaching max kl: 0.24
Saved → /home/rrahman/StudentClusterBT/Tabula Rasa/simulation03c/../artifacts/sim03c/run006.png
Saved → /home/rrahman/StudentClusterBT/Tabula Rasa/simulation03c/../artifacts/sim03c/run006_iq.png
Saved model → /home/rrahman/StudentClusterBT/Tabula Rasa/simulation03c/../artifacts/sim03c/run006_model.zip  (step 40000)
----------------------------------------
| time/                   |            |
|    fps                  | 307        |
|    iterations           | 20         |
|    time_elapsed         | 133        |
|    total_timesteps      | 40960      |
| train/                  |            |
|    approx_kl            | 0.13898998 |
|    clip_fraction        | 0.291      |
|    clip_range           | 0.1        |
|    entropy_loss         | -105       |
|    explained_variance   | -0.96      |
|    learning_rate        | 3e-05      |
|    loss                 | -0.486     |
|    n_updates            | 40         |
|    policy_gradient_loss | -0.0257    |
|    std                  | 1          |
|    value_loss           | 1.48       |
----------------------------------------
Early stopping at step 1 due to reaching max kl: 0.24
---------------------------------------
| time/                   |           |
|    fps                  | 309       |
|    iterations           | 21        |
|    time_elapsed         | 138       |
|    total_timesteps      | 43008     |
| train/                  |           |
|    approx_kl            | 0.1490862 |
|    clip_fraction        | 0.344     |
|    clip_range           | 0.1       |
|    entropy_loss         | -105      |
|    explained_variance   | -1.06     |
|    learning_rate        | 3e-05     |
|    loss                 | -0.269    |
|    n_updates            | 42        |
|    policy_gradient_loss | -0.0298   |
|    std                  | 1         |
|    value_loss           | 1.6       |
---------------------------------------
Early stopping at step 1 due to reaching max kl: 0.23
---------------------------------------
| time/                   |           |
|    fps                  | 311       |
|    iterations           | 22        |
|    time_elapsed         | 144       |
|    total_timesteps      | 45056     |
| train/                  |           |
|    approx_kl            | 0.1374109 |
|    clip_fraction        | 0.298     |
|    clip_range           | 0.1       |
|    entropy_loss         | -105      |
|    explained_variance   | -1.2      |
|    learning_rate        | 3e-05     |
|    loss                 | -0.496    |
|    n_updates            | 44        |
|    policy_gradient_loss | -0.0266   |
|    std                  | 1         |
|    value_loss           | 1.4       |
---------------------------------------
Early stopping at step 2 due to reaching max kl: 1.17
---------------------------------------
| time/                   |           |
|    fps                  | 312       |
|    iterations           | 23        |
|    time_elapsed         | 150       |
|    total_timesteps      | 47104     |
| train/                  |           |
|    approx_kl            | 1.1660568 |
|    clip_fraction        | 0.438     |
|    clip_range           | 0.1       |
|    entropy_loss         | -105      |
|    explained_variance   | -1.25     |
|    learning_rate        | 3e-05     |
|    loss                 | -0.365    |
|    n_updates            | 47        |
|    policy_gradient_loss | -0.0389   |
|    std                  | 1         |
|    value_loss           | 1.31      |
---------------------------------------
Early stopping at step 2 due to reaching max kl: 0.27
----------------------------------------
| time/                   |            |
|    fps                  | 312        |
|    iterations           | 24         |
|    time_elapsed         | 157        |
|    total_timesteps      | 49152      |
| train/                  |            |
|    approx_kl            | 0.26943573 |
|    clip_fraction        | 0.433      |
|    clip_range           | 0.1        |
|    entropy_loss         | -105       |
|    explained_variance   | -0.9       |
|    learning_rate        | 3e-05      |
|    loss                 | -0.361     |
|    n_updates            | 50         |
|    policy_gradient_loss | -0.0385    |
|    std                  | 1          |
|    value_loss           | 1.46       |
----------------------------------------
Early stopping at step 1 due to reaching max kl: 0.29
Saved → /home/rrahman/StudentClusterBT/Tabula Rasa/simulation03c/../artifacts/sim03c/run006.png
Saved → /home/rrahman/StudentClusterBT/Tabula Rasa/simulation03c/../artifacts/sim03c/run006_iq.png
Saved model → /home/rrahman/StudentClusterBT/Tabula Rasa/simulation03c/../artifacts/sim03c/run006_model.zip  (step 50000)
----------------------------------------
| time/                   |            |
|    fps                  | 309        |
|    iterations           | 25         |
|    time_elapsed         | 165        |
|    total_timesteps      | 51200      |
| train/                  |            |
|    approx_kl            | 0.13419943 |
|    clip_fraction        | 0.263      |
|    clip_range           | 0.1        |
|    entropy_loss         | -105       |
|    explained_variance   | -0.881     |
|    learning_rate        | 3e-05      |
|    loss                 | -0.335     |
|    n_updates            | 52         |
|    policy_gradient_loss | -0.0224    |
|    std                  | 1          |
|    value_loss           | 1.52       |
----------------------------------------
Early stopping at step 1 due to reaching max kl: 0.23
Saved model → /home/rrahman/StudentClusterBT/Tabula Rasa/simulation03c/../artifacts/sim03c/run006_model.zip
Saved → /home/rrahman/StudentClusterBT/Tabula Rasa/simulation03c/../artifacts/sim03c/run006.png
Saved → /home/rrahman/StudentClusterBT/Tabula Rasa/simulation03c/../artifacts/sim03c/run006_iq.png
