OFDM initialized on cuda: 624 data syms, 104 pilot syms, 52 effective SC
Target FFT SC: 20, effective SC idx: 14

Strategy                   Scale   P(jam)      BER  Jam Power
-----------------------------------------------------------------
1SC: jam=-2*tx               0.0   0.0057   0.0000     0.0000
                             0.1   0.0033   0.0000     0.0400
                             0.3   0.0018   0.0000     0.3600
                             0.5   0.0035   0.0098     1.0000
                             1.0   0.0026   0.0192     4.0000
                             2.0   0.0069   0.0192    16.0000
                             5.0   0.9931   0.0192   100.0000
                            10.0   0.9989   0.0192   400.0000

1SC: random noise            0.0   0.0022   0.0000     0.0000
                             0.1   0.0013   0.0000     0.0106
                             0.3   0.0024   0.0000     0.0900
                             0.5   0.0015   0.0004     0.2492
                             1.0   0.0025   0.0031     0.9778
                             2.0   0.0030   0.0061     3.9207
                             5.0   0.2658   0.0081    25.2664
                            10.0   0.9759   0.0089   100.3348

ALL SC: random noise         0.0   0.0026   0.0000     0.0000
                             0.1   1.0000   0.0000     0.0100
                             0.3   1.0000   0.0093     0.0900
                             0.5   0.9999   0.0791     0.2500
                             1.0   0.9993   0.2385     1.0000
                             2.0   0.9991   0.3611     4.0000
                             5.0   0.9989   0.4445    25.0000
                            10.0   0.9988   0.4715   100.0000

