node: tikgpu06.ee.ethz.ch | gpu: NVIDIA GeForce RTX 3090
spectrogram scale: vmin -44.25 dB, vmax 39.26 dB
dataset: 1578 frames (1105 train / 473 val), 0s
epoch   1  train loss 0.6870 acc 0.5357 | val loss 0.6651 acc 0.6342  (5s)
epoch   2  train loss 0.6515 acc 0.6824 | val loss 0.6256 acc 0.7357  (8s)
epoch   3  train loss 0.6278 acc 0.7204 | val loss 0.5970 acc 0.7505  (12s)
epoch   4  train loss 0.6082 acc 0.7376 | val loss 0.5735 acc 0.7548  (16s)
epoch   5  train loss 0.5852 acc 0.7566 | val loss 0.5533 acc 0.7801  (21s)
epoch   6  train loss 0.5698 acc 0.7674 | val loss 0.5367 acc 0.7844  (27s)
epoch   7  train loss 0.5559 acc 0.7629 | val loss 0.5198 acc 0.8055  (34s)
epoch   8  train loss 0.5363 acc 0.7837 | val loss 0.5022 acc 0.7928  (42s)
epoch   9  train loss 0.5242 acc 0.7937 | val loss 0.4899 acc 0.8097  (51s)
epoch  10  train loss 0.5172 acc 0.7891 | val loss 0.4782 acc 0.8140  (64s)
epoch  11  train loss 0.5048 acc 0.8009 | val loss 0.4718 acc 0.8076  (77s)
epoch  12  train loss 0.4963 acc 0.8054 | val loss 0.4562 acc 0.8161  (91s)
epoch  13  train loss 0.4878 acc 0.8000 | val loss 0.4532 acc 0.8097  (107s)
epoch  14  train loss 0.4787 acc 0.8081 | val loss 0.4384 acc 0.8182  (127s)
epoch  15  train loss 0.4616 acc 0.8127 | val loss 0.4308 acc 0.8161  (154s)
epoch  16  train loss 0.4589 acc 0.8100 | val loss 0.4140 acc 0.8288  (181s)
epoch  17  train loss 0.4477 acc 0.8172 | val loss 0.4090 acc 0.8203  (212s)
epoch  18  train loss 0.4374 acc 0.8244 | val loss 0.4054 acc 0.8245  (253s)
epoch  19  train loss 0.4256 acc 0.8308 | val loss 0.3966 acc 0.8266  (303s)
epoch  20  train loss 0.4275 acc 0.8281 | val loss 0.3908 acc 0.8266  (361s)
epoch  21  train loss 0.4186 acc 0.8317 | val loss 0.3812 acc 0.8351  (421s)
epoch  22  train loss 0.4073 acc 0.8335 | val loss 0.3754 acc 0.8372  (484s)
epoch  23  train loss 0.4041 acc 0.8380 | val loss 0.3749 acc 0.8330  (548s)
epoch  24  train loss 0.3935 acc 0.8462 | val loss 0.3678 acc 0.8330  (609s)
epoch  25  train loss 0.3892 acc 0.8434 | val loss 0.3607 acc 0.8414  (665s)
epoch  26  train loss 0.3853 acc 0.8489 | val loss 0.3521 acc 0.8436  (722s)
epoch  27  train loss 0.3734 acc 0.8434 | val loss 0.3508 acc 0.8457  (775s)
epoch  28  train loss 0.3705 acc 0.8507 | val loss 0.3497 acc 0.8436  (830s)
