node: tikgpu07.ee.ethz.ch | gpu: NVIDIA GeForce RTX 3090
spectrogram scale: vmin -44.25 dB, vmax 39.26 dB
dataset: 1578 frames (1105 train / 473 val), 0s
epoch   1  train loss 0.6870 acc 0.5367 | val loss 0.6651 acc 0.6342  (5s)
epoch   2  train loss 0.6515 acc 0.6824 | val loss 0.6256 acc 0.7357  (8s)
epoch   3  train loss 0.6278 acc 0.7195 | val loss 0.5970 acc 0.7505  (11s)
epoch   4  train loss 0.6082 acc 0.7376 | val loss 0.5735 acc 0.7548  (14s)
epoch   5  train loss 0.5852 acc 0.7575 | val loss 0.5533 acc 0.7801  (17s)
epoch   6  train loss 0.5698 acc 0.7674 | val loss 0.5367 acc 0.7844  (21s)
epoch   7  train loss 0.5559 acc 0.7638 | val loss 0.5199 acc 0.8055  (24s)
epoch   8  train loss 0.5363 acc 0.7837 | val loss 0.5022 acc 0.7928  (27s)
epoch   9  train loss 0.5242 acc 0.7937 | val loss 0.4899 acc 0.8097  (30s)
epoch  10  train loss 0.5172 acc 0.7891 | val loss 0.4782 acc 0.8140  (33s)
epoch  11  train loss 0.5048 acc 0.8009 | val loss 0.4718 acc 0.8076  (37s)
epoch  12  train loss 0.4963 acc 0.8054 | val loss 0.4562 acc 0.8161  (40s)
epoch  13  train loss 0.4878 acc 0.8000 | val loss 0.4532 acc 0.8097  (43s)
epoch  14  train loss 0.4787 acc 0.8081 | val loss 0.4383 acc 0.8182  (46s)
epoch  15  train loss 0.4616 acc 0.8127 | val loss 0.4308 acc 0.8161  (50s)
epoch  16  train loss 0.4589 acc 0.8100 | val loss 0.4140 acc 0.8288  (53s)
epoch  17  train loss 0.4477 acc 0.8172 | val loss 0.4090 acc 0.8203  (56s)
epoch  18  train loss 0.4374 acc 0.8244 | val loss 0.4054 acc 0.8245  (60s)
epoch  19  train loss 0.4256 acc 0.8308 | val loss 0.3966 acc 0.8266  (63s)
epoch  20  train loss 0.4275 acc 0.8281 | val loss 0.3908 acc 0.8266  (66s)
epoch  21  train loss 0.4186 acc 0.8317 | val loss 0.3812 acc 0.8351  (69s)
epoch  22  train loss 0.4073 acc 0.8335 | val loss 0.3754 acc 0.8372  (73s)
epoch  23  train loss 0.4041 acc 0.8380 | val loss 0.3749 acc 0.8330  (76s)
epoch  24  train loss 0.3934 acc 0.8462 | val loss 0.3678 acc 0.8330  (79s)
epoch  25  train loss 0.3892 acc 0.8434 | val loss 0.3607 acc 0.8414  (83s)
epoch  26  train loss 0.3853 acc 0.8489 | val loss 0.3520 acc 0.8436  (86s)
epoch  27  train loss 0.3734 acc 0.8434 | val loss 0.3508 acc 0.8457  (89s)
epoch  28  train loss 0.3704 acc 0.8507 | val loss 0.3497 acc 0.8436  (93s)
epoch  29  train loss 0.3644 acc 0.8525 | val loss 0.3419 acc 0.8499  (96s)
epoch  30  train loss 0.3628 acc 0.8552 | val loss 0.3328 acc 0.8478  (99s)
epoch  31  train loss 0.3569 acc 0.8516 | val loss 0.3217 acc 0.8647  (103s)
epoch  32  train loss 0.3480 acc 0.8742 | val loss 0.3334 acc 0.8499  (106s)
epoch  33  train loss 0.3450 acc 0.8697 | val loss 0.3212 acc 0.8584  (109s)
epoch  34  train loss 0.3403 acc 0.8688 | val loss 0.3368 acc 0.8499  (112s)
epoch  35  train loss 0.3369 acc 0.8742 | val loss 0.3052 acc 0.8689  (116s)
epoch  36  train loss 0.3287 acc 0.8624 | val loss 0.3013 acc 0.8710  (119s)
epoch  37  train loss 0.3247 acc 0.8742 | val loss 0.2961 acc 0.8753  (122s)
epoch  38  train loss 0.3070 acc 0.8905 | val loss 0.3007 acc 0.8689  (126s)
epoch  39  train loss 0.3146 acc 0.8778 | val loss 0.3004 acc 0.8668  (129s)
epoch  40  train loss 0.3014 acc 0.8842 | val loss 0.2830 acc 0.8795  (132s)
epoch  41  train loss 0.2955 acc 0.8941 | val loss 0.2820 acc 0.8795  (136s)
epoch  42  train loss 0.2904 acc 0.8914 | val loss 0.2767 acc 0.8753  (139s)
epoch  43  train loss 0.2992 acc 0.8833 | val loss 0.2826 acc 0.8753  (142s)
epoch  44  train loss 0.2866 acc 0.8932 | val loss 0.2722 acc 0.8837  (146s)
epoch  45  train loss 0.2804 acc 0.8959 | val loss 0.2701 acc 0.8879  (149s)
epoch  46  train loss 0.2664 acc 0.9104 | val loss 0.2708 acc 0.8879  (152s)
epoch  47  train loss 0.2705 acc 0.8968 | val loss 0.2675 acc 0.8879  (156s)
epoch  48  train loss 0.2698 acc 0.9014 | val loss 0.2552 acc 0.9070  (159s)
epoch  49  train loss 0.2516 acc 0.9086 | val loss 0.2790 acc 0.8774  (162s)
epoch  50  train loss 0.2436 acc 0.9113 | val loss 0.2547 acc 0.9006  (166s)
epoch  51  train loss 0.2561 acc 0.9005 | val loss 0.2427 acc 0.9091  (169s)
epoch  52  train loss 0.2323 acc 0.9222 | val loss 0.2401 acc 0.9112  (172s)
epoch  53  train loss 0.2416 acc 0.9158 | val loss 0.2532 acc 0.9027  (176s)
epoch  54  train loss 0.2434 acc 0.9231 | val loss 0.2441 acc 0.9091  (179s)
epoch  55  train loss 0.2355 acc 0.9140 | val loss 0.2416 acc 0.9112  (182s)
epoch  56  train loss 0.2152 acc 0.9303 | val loss 0.2352 acc 0.9175  (186s)
epoch  57  train loss 0.2260 acc 0.9131 | val loss 0.2383 acc 0.9091  (189s)
epoch  58  train loss 0.2116 acc 0.9258 | val loss 0.2321 acc 0.9175  (192s)
epoch  59  train loss 0.2227 acc 0.9149 | val loss 0.2381 acc 0.9154  (196s)
epoch  60  train loss 0.2200 acc 0.9204 | val loss 0.2250 acc 0.9175  (199s)
epoch  61  train loss 0.1979 acc 0.9376 | val loss 0.2386 acc 0.9154  (202s)
epoch  62  train loss 0.2002 acc 0.9321 | val loss 0.2236 acc 0.9175  (206s)
epoch  63  train loss 0.1882 acc 0.9348 | val loss 0.2147 acc 0.9154  (209s)
epoch  64  train loss 0.1794 acc 0.9448 | val loss 0.2302 acc 0.9175  (212s)
epoch  65  train loss 0.1860 acc 0.9394 | val loss 0.2346 acc 0.9197  (216s)
epoch  66  train loss 0.1888 acc 0.9267 | val loss 0.2273 acc 0.9197  (219s)
epoch  67  train loss 0.1815 acc 0.9339 | val loss 0.2256 acc 0.9175  (222s)
epoch  68  train loss 0.1668 acc 0.9448 | val loss 0.2266 acc 0.9175  (226s)
epoch  69  train loss 0.1831 acc 0.9330 | val loss 0.2315 acc 0.9197  (229s)
epoch  70  train loss 0.1766 acc 0.9403 | val loss 0.2381 acc 0.9175  (232s)
epoch  71  train loss 0.1582 acc 0.9475 | val loss 0.2088 acc 0.9175  (236s)
epoch  72  train loss 0.1566 acc 0.9484 | val loss 0.2216 acc 0.9197  (239s)
epoch  73  train loss 0.1595 acc 0.9457 | val loss 0.2171 acc 0.9175  (242s)
epoch  74  train loss 0.1580 acc 0.9520 | val loss 0.1982 acc 0.9218  (246s)
epoch  75  train loss 0.1631 acc 0.9457 | val loss 0.2001 acc 0.9197  (249s)
epoch  76  train loss 0.1526 acc 0.9538 | val loss 0.2084 acc 0.9175  (252s)
epoch  77  train loss 0.1628 acc 0.9412 | val loss 0.2116 acc 0.9218  (255s)
epoch  78  train loss 0.1340 acc 0.9620 | val loss 0.2026 acc 0.9218  (259s)
epoch  79  train loss 0.1274 acc 0.9620 | val loss 0.2067 acc 0.9197  (262s)
epoch  80  train loss 0.1519 acc 0.9457 | val loss 0.1956 acc 0.9218  (265s)
epoch  81  train loss 0.1338 acc 0.9593 | val loss 0.2112 acc 0.9218  (269s)
epoch  82  train loss 0.1260 acc 0.9665 | val loss 0.2046 acc 0.9239  (272s)
epoch  83  train loss 0.1394 acc 0.9502 | val loss 0.2000 acc 0.9218  (275s)
epoch  84  train loss 0.1302 acc 0.9593 | val loss 0.2054 acc 0.9239  (279s)
epoch  85  train loss 0.1249 acc 0.9602 | val loss 0.2020 acc 0.9197  (282s)
epoch  86  train loss 0.1050 acc 0.9665 | val loss 0.1872 acc 0.9218  (285s)
epoch  87  train loss 0.1189 acc 0.9602 | val loss 0.1964 acc 0.9218  (289s)
epoch  88  train loss 0.1060 acc 0.9683 | val loss 0.2122 acc 0.9218  (292s)
epoch  89  train loss 0.1099 acc 0.9656 | val loss 0.1992 acc 0.9218  (295s)
epoch  90  train loss 0.1114 acc 0.9665 | val loss 0.1937 acc 0.9218  (299s)
epoch  91  train loss 0.1110 acc 0.9683 | val loss 0.2026 acc 0.9239  (302s)
epoch  92  train loss 0.1019 acc 0.9765 | val loss 0.2224 acc 0.9197  (305s)
epoch  93  train loss 0.0981 acc 0.9738 | val loss 0.2002 acc 0.9218  (309s)
epoch  94  train loss 0.1121 acc 0.9620 | val loss 0.1741 acc 0.9302  (312s)
epoch  95  train loss 0.1015 acc 0.9765 | val loss 0.2048 acc 0.9239  (315s)
epoch  96  train loss 0.0964 acc 0.9719 | val loss 0.1933 acc 0.9260  (319s)
epoch  97  train loss 0.0944 acc 0.9656 | val loss 0.2119 acc 0.9239  (322s)
epoch  98  train loss 0.0990 acc 0.9683 | val loss 0.2011 acc 0.9281  (325s)
epoch  99  train loss 0.0931 acc 0.9719 | val loss 0.1951 acc 0.9260  (329s)
epoch 100  train loss 0.1007 acc 0.9710 | val loss 0.1900 acc 0.9281  (332s)

--- Li et al. spectrogram CNN, retrained ---
validation accuracy 0.9281 (paper two-class VA 99.91 %, DR 100.0 %)
validation: detection rate on jammed 0.8775, FAR (argmax) 0.0136, AUC 0.9811
per type (val): {'clean': 0.9863636363636363, 'barrage': 0.9836065573770493, 'tone': 0.9666666666666667, 'pulse_comb': 0.9600000000000001, 'protocol_aware': 0.5614035087719298}
at JSR +10 dB: accuracy 0.9981; {'clean': {'argmax_correct': 0.9960629921259843, 'p_det_at_alpha05': 0.04461942257217848}, 'barrage': {'argmax_correct': 1.0, 'p_det_at_alpha05': 1.0}, 'tone': {'argmax_correct': 1.0, 'p_det_at_alpha05': 1.0}, 'pulse_comb': {'argmax_correct': 1.0, 'p_det_at_alpha05': 1.0}, 'protocol_aware': {'argmax_correct': 1.0, 'p_det_at_alpha05': 1.0}}
P(det) at alpha 0.05 vs JSR [np.float64(-30.0), np.float64(-28.0), np.float64(-26.0), np.float64(-24.0), np.float64(-22.0), np.float64(-20.0), np.float64(-18.0), np.float64(-16.0), np.float64(-14.0), np.float64(-12.0), np.float64(-10.0), np.float64(-8.0), np.float64(-6.0), np.float64(-4.0), np.float64(-2.0), np.float64(0.0), np.float64(2.0), np.float64(4.0), np.float64(6.0), np.float64(8.0), np.float64(10.0)]:
  barrage         1.00 1.00 1.00 1.00 1.00 1.00 1.00 1.00 1.00 1.00 1.00 1.00 1.00 1.00 1.00 1.00 1.00 1.00 1.00 1.00 1.00
  tone            0.99 1.00 1.00 1.00 1.00 1.00 1.00 1.00 1.00 1.00 1.00 1.00 1.00 1.00 1.00 1.00 1.00 1.00 1.00 1.00 1.00
  pulse_comb      1.00 1.00 1.00 1.00 1.00 1.00 1.00 1.00 1.00 1.00 1.00 1.00 1.00 1.00 1.00 1.00 1.00 1.00 1.00 1.00 1.00
  protocol_aware  0.50 0.55 0.55 0.64 0.70 0.72 0.68 0.70 0.73 0.76 0.80 0.88 0.93 0.98 1.00 1.00 1.00 1.00 1.00 1.00 1.00
thresholds: {"n_clean": 20000, "alphas": [0.01, 0.05], "power_clean_mean": 0.10012685934331524, "kurtosis_clean_mean": 1.4972148792987563, "power_one_sided": {"0.01": 0.10045605645645195, "0.05": 0.10035875219441136}, "power_two_sided": {"0.01": 0.00036726655578385193, "0.05": 0.0002744835619823048}, "kurtosis": {"0.01": 0.06644865480900031, "0.05": 0.05095285649329427}, "cnn": {"0.01": -0.39747680664065177, "0.05": -1.8207763671875004}, "lrt_d": 1152, "noise_var": 0.000125, "p_s": 0.125, "snr_db": 30.0, "jsr_range_db": [-35.0, 10.0], "extra_gens": [], "clean_stat_q": {"power_one_sided": [0.09957462644459725, 0.09975206696634872, 0.09978573605669895, 0.0998093196123816, 0.09982524102555955, 0.09983638564729241, 0.09984894879255898, 0.09985949740877842, 0.09986751411372824, 0.09987669825630409, 0.0998828533503465, 0.09988823839121104, 0.09989350984669947, 0.09989825882979904, 0.099903247017137, 0.09990690169316728, 0.09991112036236381, 0.09991529129206402, 0.09991930545123247, 0.09992346781602794, 0.0999282584325868, 0.09993228542860169, 0.0999353985979625, 0.09993924359108124, 0.09994254657127212, 0.09994508498048571, 0.09994818968405074, 0.09995082481793545, 0.09995413640775833, 0.09995728062887288, 0.09995992742889664, 0.09996240995330767, 0.09996510793247264, 0.09996788225713515, 0.09997049061907629, 0.09997268422116815, 0.09997544427889382, 0.0999778841043735, 0.09998040719242046, 0.09998278718761566, 0.09998508981144319, 0.09998701127482539, 0.0999890412551903, 0.09999165664165317, 0.09999408139029642, 0.09999616064032767, 0.09999829669227257, 0.10000041218322285, 0.10000258636876182, 0.10000459028028155, 0.10000646061772184, 0.10000845734139273, 0.10001012417024834, 0.10001230748108009, 0.10001416834556832, 0.10001634131068717, 0.1000180855642784, 0.1000196396035057, 0.10002135165047285, 0.10002314672199918, 0.1000244608132144, 0.10002591227813865, 0.10002766325254524, 0.10002943595742073, 0.10003142847925456, 0.10003307089281052, 0.10003438743873987, 0.10003618521446489, 0.10003768604504104, 0.10003939639747486, 0.10004140718369876, 0.10004325081865581, 0.10004476516982769, 0.10004639440672755, 0.1000476691825213, 0.10004917431650598, 0.10005046217927023, 0.10005231524217796, 0.10005432637766601, 0.1000558133306215, 0.10005740899856194, 0.10005890108944765, 0.10006033466490089, 0.10006193891481274, 0.10006350016949371, 0.10006494928745524, 0.10006675191563741, 0.10006837089987973, 0.10007007403938047, 0.10007157058631828, 0.10007304402363505, 0.10007418249340992, 0.10007549861188919, 0.10007707940241169, 0.10007856151349538, 0.10007988090776192, 0.10008144863487706, 0.10008309396981778, 0.10008431694673837, 0.10008584469008451, 0.10008742484871595, 0.10008877394878062, 0.10009016333373986, 0.1000912132827196, 0.10009254639204389, 0.10009402018955423, 0.10009572078375945, 0.10009699487097597, 0.10009823474813041, 0.10009954500518731, 0.10010100246818579, 0.1001024257179982, 0.10010372297949609, 0.10010502151497937, 0.10010678812858195, 0.10010824237894869, 0.10010942979429557, 0.10011082709001362, 0.10011235104336755, 0.10011392774423947, 0.10011523815969012, 0.10011684697692902, 0.10011811062640398, 0.10011953025014719, 0.10012119890241808, 0.10012272830299802, 0.10012415248462533, 0.10012562982527731, 0.10012688939673439, 0.10012825336809206, 0.10012951769054466, 0.1001305980837229, 0.10013242030136442, 0.10013404583351483, 0.10013551351179611, 0.10013705853896358, 0.1001381990336102, 0.10013978754451838, 0.10014124541330209, 0.10014259154706161, 0.10014391105266583, 0.10014516496681684, 0.10014668189187972, 0.10014798210119433, 0.10014995346400633, 0.10015126494089865, 0.1001527381152145, 0.10015382414506228, 0.1001553338664359, 0.10015674267124378, 0.10015789479304488, 0.10015920608945683, 0.10016064429027499, 0.10016222514104692, 0.10016369103962305, 0.1001651642350347, 0.10016642312544681, 0.10016761824717535, 0.10016900266823055, 0.10017062604820304, 0.10017220809189556, 0.10017338772263304, 0.10017467146100732, 0.10017629217164248, 0.10017756601476435, 0.1001789977424599, 0.10018041900738366, 0.10018180202548857, 0.1001831799662439, 0.10018459186808881, 0.10018606258020697, 0.1001877954436053, 0.1001894022736385, 0.10019110267722629, 0.10019273574239873, 0.10019432598487472, 0.1001958915295298, 0.10019750038292621, 0.10019889758773433, 0.10020045674407863, 0.10020212270277071, 0.10020380749551056, 0.10020554793240484, 0.10020708372060502, 0.10020852698637861, 0.10021020140420596, 0.10021218144304724, 0.10021374072744565, 0.10021540387059157, 0.10021690305475492, 0.10021862823439148, 0.10022016672173233, 0.1002218463239965, 0.1002236212905464, 0.10022519925894217, 0.10022687997821804, 0.10022856741605188, 0.10022991562973911, 0.10023197269435982, 0.10023405654908835, 0.10023599704902057, 0.10023774316231139, 0.10023973102893388, 0.10024143285665241, 0.10024379712395222, 0.10024565522259367, 0.10024767484795682, 0.10024950014682629, 0.1002511263373331, 0.10025334729817433, 0.1002554950103424, 0.10025729638139252, 0.10025949993671776, 0.10026160979778684, 0.10026354364252688, 0.10026589533846768, 0.10026794331147905, 0.10027045376553363, 0.1002727043632276, 0.10027464831000436, 0.10027678555270136, 0.100279358488092, 0.10028204593798894, 0.10028455162099896, 0.10028696453967828, 0.10028989874659609, 0.10029274463182546, 0.10029553634767344, 0.10029796852350979, 0.1003015956677896, 0.10030438389311339, 0.10030789483742956, 0.10031143149589296, 0.10031527553007223, 0.10031874109793457, 0.1003225659228104, 0.10032622944768342, 0.10033007315357081, 0.10033511029981211, 0.10033883984549034, 0.10034367986897975, 0.10034804231907701, 0.10035214764842285, 0.10035786117886927, 0.10036242201479055, 0.100368307933429, 0.1003761442878654, 0.10038152445928718, 0.10038728229994882, 0.10039633832022361, 0.1004059374172873, 0.10041764846969269, 0.10043076990394678, 0.10044762671055443, 0.10047060291633644, 0.10050828600944994, 0.1008157428239242], "power_two_sided": [1.1438679947683994e-08, 7.12091899045383e-07, 1.3251304149434302e-06, 2.0418867168239254e-06, 2.6680605509884266e-06, 3.3464425732158596e-06, 3.9312848246663345e-06, 4.8306722470970115e-06, 5.6375236179642685e-06, 6.418379223142694e-06, 7.274605221710894e-06, 8.082001944051224e-06, 8.7251287595846e-06, 9.460726160821938e-06, 1.0122966534158477e-05, 1.0824745578907739e-05, 1.145458631064862e-05, 1.2280638290849358e-05, 1.29447588442384e-05, 1.3715103083650204e-05, 1.442241879710056e-05, 1.5306894540009482e-05, 1.596435417123437e-05, 1.6633172701716048e-05, 1.726776232135411e-05, 1.7857676879961127e-05, 1.8510573647449323e-05, 1.9222313285015226e-05, 1.9944465980041267e-05, 2.0584177478532824e-05, 2.1490016665756543e-05, 2.2321385655800757e-05, 2.3107065945947997e-05, 2.3854182849712333e-05, 2.4428647034162526e-05, 2.521284723626773e-05, 2.5865374608478268e-05, 2.6440459387524465e-05, 2.7122160799467683e-05, 2.787401168735643e-05, 2.856890633210667e-05, 2.9176625004281192e-05, 2.9883652353407267e-05, 3.0417053432798093e-05, 3.108853549661154e-05, 3.191875205621253e-05, 3.255048466601241e-05, 3.329082387599748e-05, 3.409090690937103e-05, 3.479586513348065e-05, 3.556574736541108e-05, 3.6150663501342394e-05, 3.678275173207152e-05, 3.7513697512937144e-05, 3.820649369987172e-05, 3.889059054331393e-05, 3.9497207904424896e-05, 4.0202284225423666e-05, 4.084442285666131e-05, 4.162032637665359e-05, 4.233175889973846e-05, 4.294109408961859e-05, 4.376755485927062e-05, 4.452243977195796e-05, 4.5389994440803855e-05, 4.600016792088231e-05, 4.670409998759227e-05, 4.7409019027860985e-05, 4.8129726276026135e-05, 4.883642180825642e-05, 4.9547807666754486e-05, 5.0362624245879736e-05, 5.107775153186285e-05, 5.1708568415124567e-05, 5.245687239110216e-05, 5.3047869076495416e-05, 5.3719567452350115e-05, 5.4307599609734714e-05, 5.514945677514787e-05, 5.586409323698701e-05, 5.651387943501288e-05, 5.727491683685856e-05, 5.805721086896284e-05, 5.8845402340378214e-05, 5.9704406280356196e-05, 6.0537388469151534e-05, 6.148444038213885e-05, 6.216863237087076e-05, 6.2993026307228e-05, 6.380401521754889e-05, 6.456957592612536e-05, 6.540428027063214e-05, 6.619157171306378e-05, 6.696661744991364e-05, 6.77194146547637e-05, 6.852286530225791e-05, 6.922037290799272e-05, 7.010310983096102e-05, 7.08572596274863e-05, 7.150904722207259e-05, 7.234066927333462e-05, 7.31051310641127e-05, 7.401291774450293e-05, 7.498895813791884e-05, 7.588588690007848e-05, 7.661991006218527e-05, 7.734733973209236e-05, 7.80846410405232e-05, 7.894051246313595e-05, 7.957254927407184e-05, 8.036392792346015e-05, 8.10692538636789e-05, 8.182269274078103e-05, 8.273434248040308e-05, 8.34678427629632e-05, 8.455812887084492e-05, 8.540873480113675e-05, 8.63358308740828e-05, 8.719640861869541e-05, 8.809737623745317e-05, 8.89239919905113e-05, 8.96383610642633e-05, 9.039785917855348e-05, 9.12991512515596e-05, 9.202506468553441e-05, 9.296334989423045e-05, 9.363337900206159e-05, 9.433622050768344e-05, 9.523155054373678e-05, 9.623261933155449e-05, 9.697906057104402e-05, 9.788435823076413e-05, 9.867334440261111e-05, 9.964851855803839e-05, 0.00010042020820095348, 0.00010125697638599255, 0.00010199673257308426, 0.00010262557004540743, 0.00010344451268529413, 0.00010439691312014485, 0.00010534892331565148, 0.00010628947629881346, 0.0001072102681887614, 0.00010805565897478215, 0.00010899205751779568, 0.0001097916178208885, 0.00011079066811943384, 0.00011183437651141975, 0.00011276634582787983, 0.00011377697061692505, 0.0001145733646785548, 0.00011561557753254215, 0.00011686801091599641, 0.0001177140962830102, 0.00011861080864385685, 0.00011963069832483434, 0.00012062788355798708, 0.00012149150900361242, 0.00012251885784778148, 0.00012332699741563944, 0.00012427452837654798, 0.00012537962866961637, 0.00012647785666546844, 0.00012748113942367376, 0.0001286021314146088, 0.00012944396884274765, 0.00013059740329175783, 0.00013160911005079127, 0.00013272128159344098, 0.00013378699710277187, 0.00013501434956594144, 0.00013615153359362967, 0.00013741237410242087, 0.00013836645911027758, 0.0001394041634880125, 0.00014052606518422664, 0.0001415202017077408, 0.00014262010202247487, 0.0001437279207931097, 0.00014504092722713267, 0.00014624489731771386, 0.00014731714168333737, 0.0001483357263144014, 0.00014936923237701314, 0.0001508113187170825, 0.00015179864371589696, 0.0001531490882546563, 0.00015459164178506323, 0.0001559870851625747, 0.00015710745918575715, 0.00015833732125568518, 0.00015969202894242936, 0.00016117927525553105, 0.0001624944786232212, 0.00016375689821988566, 0.0001652028680054842, 0.00016643002821346647, 0.00016771447037860332, 0.00016909738955137314, 0.00017051212199561185, 0.00017199139487464885, 0.00017367399299654881, 0.0001753363726454463, 0.00017670485412696557, 0.00017820452135637295, 0.00017959656250869004, 0.00018144972234551639, 0.00018307768928041966, 0.00018444696943496763, 0.00018623649482711797, 0.00018792515129578268, 0.00019003564803206065, 0.00019163271094973697, 0.00019342436926559926, 0.0001951033075189148, 0.00019705878373392602, 0.000199109523455295, 0.0002014987384615372, 0.00020336106600866424, 0.00020550343715832397, 0.00020790730907853773, 0.00020957948637462904, 0.00021179269841410805, 0.00021412728101993567, 0.00021626149415247473, 0.00021837276751266057, 0.00022042213589458656, 0.00022257824685758176, 0.00022471279902762376, 0.00022684478298610062, 0.0002296514028027409, 0.00023204947363033625, 0.0002345328375561455, 0.00023745363770634177, 0.00024012265772103503, 0.00024326053366651313, 0.00024601351623765614, 0.00024965598659978575, 0.00025271700007836674, 0.0002558783026492263, 0.00025988554269365787, 0.00026417789137756214, 0.00026847660838882654, 0.00027364573544023994, 0.00027845297172083617, 0.0002845509127610206, 0.0002907551808445548, 0.00029659855196778536, 0.00030240078072014693, 0.0003112289971530764, 0.00031988610790476804, 0.0003298551351565164, 0.0003421093824299028, 0.00035721831768167374, 0.00037778197254757784, 0.0004093691536603626, 0.0006888834806089705], "kurtosis": [3.3972884350141896e-07, 0.0001090770624760937, 0.00025786531380286165, 0.00036788768646589705, 0.00047262738649773636, 0.0005944130636550745, 0.0007345147084397135, 0.0008791577961611511, 0.0010070411680086905, 0.001116793575053606, 0.0012583013163402976, 0.0013689606149778176, 0.0014963689133279216, 0.001615760548233992, 0.0017464551965986792, 0.0018845550925010012, 0.0020040275310894834, 0.002118934416534461, 0.0022587918328877497, 0.00241224412099123, 0.00253922257748989, 0.0026844893818907638, 0.0028049409556912906, 0.0029488383147647113, 0.0030722253755274126, 0.003186231847377048, 0.003286020706227487, 0.0034407340180255593, 0.0035667878379074466, 0.003715790959368583, 0.003861251511892285, 0.004019045740708177, 0.004150800622893441, 0.004288377027321484, 0.004451584031844062, 0.0045723999342449405, 0.0046892431102020585, 0.004803345322974374, 0.0049429690380604005, 0.005074666083299347, 0.005182035021625779, 0.005298127980595209, 0.005435722422404027, 0.005539979809557117, 0.005680044468764342, 0.005798491027005467, 0.00593558335628978, 0.006053295174959021, 0.00620476381038651, 0.006330396537518449, 0.006447628123426205, 0.0065702251364394264, 0.006712777637376936, 0.00688124672282008, 0.006979503239745485, 0.007114789539064045, 0.00724204029496911, 0.007385284960547566, 0.007503517536266789, 0.0076528001124252475, 0.007794367246575878, 0.007922180629597281, 0.008044839847503859, 0.008176196092096594, 0.00830675814237547, 0.008437514030781974, 0.008580871503883763, 0.008712738993202712, 0.008861192150893295, 0.009004288840665278, 0.009113926428966756, 0.009218363416898075, 0.009343582009096012, 0.009512777724648739, 0.009646304844425427, 0.009790749579766849, 0.009936273289542621, 0.010073315288472818, 0.010228926725418506, 0.010369548265846913, 0.010503467610352132, 0.010649754184309372, 0.010813427048517414, 0.010919894201636018, 0.011028602190515421, 0.011168405991315872, 0.011341906274764318, 0.011474902721519659, 0.011634420176249008, 0.011753374011978901, 0.011884828453635693, 0.012027466833681211, 0.012194257601367341, 0.012320003975240211, 0.012483513054722046, 0.012624529393514793, 0.012778518165426994, 0.012909478704212444, 0.01304885957428465, 0.013175098066203119, 0.013304800566150226, 0.013453410716101587, 0.013609321093100845, 0.013743643804917192, 0.013896229477350502, 0.014070946824186165, 0.01422345205157036, 0.01435827275113587, 0.014526429878456603, 0.01466431132110399, 0.014808077851393889, 0.014974593957699801, 0.01510569546455437, 0.015289437786332398, 0.01542683746924849, 0.015562753015993027, 0.01572975660483548, 0.015914663132586757, 0.016072902239113198, 0.016238827761333466, 0.016394551776810352, 0.01653231046852944, 0.016674319312099048, 0.016840205241277297, 0.016988085294178067, 0.017155776848873126, 0.017280748512784508, 0.01742681435748257, 0.017607763729183157, 0.01775408842565207, 0.017905427870836405, 0.018073262266130798, 0.01825039180961011, 0.01839555757194601, 0.018576688460630836, 0.018750401085098702, 0.018926376664750118, 0.019098327800537482, 0.019242356872086683, 0.01943205995994847, 0.01960820447239695, 0.019797771746159928, 0.019952241245299304, 0.0201184543784257, 0.020301015089990923, 0.020493056619227252, 0.0206557918529908, 0.020882664711700014, 0.021078266954910566, 0.02124890816875567, 0.02140717568891637, 0.02153999502811779, 0.021705621987673986, 0.02190550504751659, 0.022068850075814272, 0.022287827388868524, 0.022490828789814538, 0.022716581741624577, 0.022894430522463677, 0.023047199195527786, 0.02323387276277164, 0.02344267552915592, 0.023640219695748872, 0.023842747709223587, 0.02401740859950777, 0.024221503622755425, 0.0244156698761321, 0.024573801256007714, 0.024725139685998196, 0.024953692400827288, 0.025114834109448023, 0.025287258119792783, 0.025505681969050686, 0.025749525035932974, 0.025935783767766965, 0.026202366860028678, 0.026405030719320627, 0.02662462884178094, 0.026816687898723275, 0.027025175016044845, 0.027279735178006328, 0.02749836954308299, 0.027694262484255376, 0.0279426194864318, 0.02812421848645269, 0.028411862690472973, 0.028596943656918658, 0.028848187669398045, 0.029107856599797984, 0.02940343747419611, 0.02964991755103462, 0.02988631705127063, 0.030068891590948166, 0.03033576104199092, 0.030561337234029706, 0.030780848628561945, 0.031048075001793626, 0.031298698603743604, 0.03156211356679564, 0.0318305071784775, 0.03209974706230039, 0.032378499238295444, 0.032685700086310256, 0.032989220360075046, 0.03326176756006627, 0.03357677329344518, 0.03384676267544887, 0.03412550313357268, 0.03446631929877435, 0.03472361983435186, 0.035018737220782324, 0.0353031353585697, 0.0355757634281977, 0.03589275162096629, 0.03618914588445646, 0.03657072892557159, 0.03691407161993905, 0.03724197322580967, 0.0375868157089203, 0.037942816777643364, 0.03834658493987549, 0.038688146200388324, 0.0390981755780335, 0.03949753514502545, 0.03993510347333226, 0.04038514458697637, 0.04082671308677277, 0.04130376420322511, 0.0417114877761631, 0.04226969235760835, 0.04276562209954888, 0.04328883509521748, 0.04379121554763099, 0.044235554264287734, 0.04474377707566242, 0.045376198939960116, 0.046022904472658104, 0.04655094276788706, 0.04725961677551084, 0.04785738038967622, 0.04861863126732585, 0.04934017469804959, 0.05024832825764909, 0.05078531507897016, 0.051714391396503676, 0.05267377954819519, 0.05374332742859383, 0.05472184223324798, 0.05589994880859025, 0.05718103705774358, 0.05858590912492963, 0.06038253115771498, 0.06270304531390285, 0.06506323722901936, 0.06900511239425533, 0.07413908577887192, 0.11190278595016978], "spec_cnn": [-6.91015625, -6.2085113525390625, -6.083984375, -6.005149841308594, -5.9375, -5.87890625, -5.828125, -5.78125, -5.744140625, -5.706855773925781, -5.67578125, -5.6484375, -5.616302490234375, -5.58984375, -5.5670013427734375, -5.544921875, -5.51953125, -5.498046875, -5.478515625, -5.45703125, -5.4375, -5.416015625, -5.3984375, -5.3828125, -5.3671875, -5.351509094238281, -5.33203125, -5.31640625, -5.301971435546875, -5.287109375, -5.271484375, -5.25390625, -5.236572265625, -5.22265625, -5.20703125, -5.193359375, -5.1796875, -5.166015625, -5.154296875, -5.142578125, -5.130859375, -5.12109375, -5.107421875, -5.095298767089844, -5.078125, -5.0703125, -5.05859375, -5.048828125, -5.0355224609375, -5.021484375, -5.01171875, -5.001953125, -4.9921875, -4.9765625, -4.966796875, -4.95703125, -4.947265625, -4.935546875, -4.923828125, -4.9140625, -4.904296875, -4.895729064941406, -4.8828125, -4.873046875, -4.861328125, -4.8515625, -4.841796875, -4.83203125, -4.822265625, -4.810546875, -4.80078125, -4.791015625, -4.78125, -4.771484375, -4.759765625, -4.751953125, -4.744140625, -4.732421875, -4.724609375, -4.71484375, -4.70703125, -4.69921875, -4.689453125, -4.6796875, -4.669921875, -4.662109375, -4.650390625, -4.640625, -4.630859375, -4.62109375, -4.611328125, -4.6015625, -4.591796875, -4.583984375, -4.57421875, -4.56640625, -4.560546875, -4.552734375, -4.54296875, -4.533226013183594, -4.525390625, -4.517578125, -4.5078125, -4.496608734130859, -4.486328125, -4.478515625, -4.470703125, -4.4609375, -4.453125, -4.443359375, -4.43359375, -4.423828125, -4.4140625, -4.40625, -4.396484375, -4.38671875, -4.37890625, -4.369140625, -4.359375, -4.3515625, -4.341796875, -4.333984375, -4.32421875, -4.314453125, -4.3046875, -4.294921875, -4.28515625, -4.275390625, -4.2646484375, -4.255859375, -4.244140625, -4.234375, -4.224609375, -4.21484375, -4.2041015625, -4.193019866943359, -4.182159423828125, -4.170322418212891, -4.16015625, -4.1494140625, -4.13671875, -4.126953125, -4.118949890136719, -4.108089447021484, -4.0966796875, -4.086368560791016, -4.0751953125, -4.064453125, -4.052734375, -4.0419921875, -4.0302734375, -4.01953125, -4.009765625, -4.0, -3.9873046875, -3.97265625, -3.9619140625, -3.951171875, -3.939453125, -3.9274864196777344, -3.912109375, -3.896484375, -3.88671875, -3.875, -3.86328125, -3.8505859375, -3.8368148803710938, -3.8251953125, -3.811187744140625, -3.796875, -3.7841796875, -3.7724609375, -3.7609100341796875, -3.75, -3.736328125, -3.7244224548339844, -3.71160888671875, -3.6962890625, -3.681640625, -3.666015625, -3.6552734375, -3.638751983642578, -3.62109375, -3.6064453125, -3.595703125, -3.580078125, -3.5654296875, -3.551128387451172, -3.53125, -3.515625, -3.5, -3.4814453125, -3.4619140625, -3.4453125, -3.4282302856445312, -3.41015625, -3.39453125, -3.3740234375, -3.3574447631835938, -3.3388671875, -3.3203125, -3.2998046875, -3.28125, -3.26171875, -3.240234375, -3.219898223876953, -3.2001953125, -3.177734375, -3.1552734375, -3.1325111389160156, -3.1044921875, -3.0869140625, -3.0686798095703125, -3.046875, -3.021484375, -2.9970359802246094, -2.970550537109375, -2.9462890625, -2.9224624633789062, -2.895977020263672, -2.8720703125, -2.847888946533203, -2.8126144409179688, -2.7802734375, -2.752685546875, -2.7185096740722656, -2.6884765625, -2.654296875, -2.607208251953125, -2.57421875, -2.5284652709960938, -2.486328125, -2.4453125, -2.3994140625, -2.3518829345703125, -2.3017578125, -2.2624130249023438, -2.2105960845947266, -2.14794921875, -2.09130859375, -2.0322265625, -1.9783363342285156, -1.9100494384765625, -1.8391475677490234, -1.7629165649414062, -1.677408218383789, -1.6006889343261719, -1.4912548065185547, -1.3700408935546875, -1.26904296875, -1.1336097717285156, -0.9793128967285156, -0.7806358337402344, -0.5438351631164551, -0.23214316368103027, 0.2409701645374298, 2.763671875]}}
done in 364s
