node: tikgpu04.ee.ethz.ch | gpu: NVIDIA TITAN RTX
spectrogram scale: vmin -29.40 dB, vmax 39.33 dB
dataset: 1782 frames (1247 train / 535 val), 2s
epoch   1  train loss 0.6927 acc 0.5221 | val loss 0.6881 acc 0.5402  (8s)
epoch   2  train loss 0.6792 acc 0.5702 | val loss 0.6753 acc 0.5626  (13s)
epoch   3  train loss 0.6637 acc 0.5982 | val loss 0.6656 acc 0.5813  (19s)
epoch   4  train loss 0.6455 acc 0.6399 | val loss 0.6553 acc 0.5869  (24s)
epoch   5  train loss 0.6387 acc 0.6375 | val loss 0.6457 acc 0.5813  (30s)
epoch   6  train loss 0.6260 acc 0.6359 | val loss 0.6385 acc 0.6056  (35s)
epoch   7  train loss 0.6190 acc 0.6504 | val loss 0.6301 acc 0.6262  (41s)
epoch   8  train loss 0.6073 acc 0.6536 | val loss 0.6234 acc 0.6280  (47s)
epoch   9  train loss 0.5950 acc 0.6872 | val loss 0.6169 acc 0.6355  (52s)
epoch  10  train loss 0.5950 acc 0.6520 | val loss 0.6116 acc 0.6411  (58s)
epoch  11  train loss 0.5800 acc 0.6752 | val loss 0.6066 acc 0.6430  (64s)
epoch  12  train loss 0.5727 acc 0.6840 | val loss 0.6000 acc 0.6523  (70s)
epoch  13  train loss 0.5674 acc 0.6881 | val loss 0.5973 acc 0.6449  (75s)
epoch  14  train loss 0.5576 acc 0.7129 | val loss 0.5914 acc 0.6561  (81s)
epoch  15  train loss 0.5565 acc 0.6993 | val loss 0.5864 acc 0.6598  (87s)
epoch  16  train loss 0.5502 acc 0.7185 | val loss 0.5830 acc 0.6636  (92s)
epoch  17  train loss 0.5417 acc 0.7257 | val loss 0.5785 acc 0.6561  (98s)
epoch  18  train loss 0.5375 acc 0.7185 | val loss 0.5742 acc 0.6636  (104s)
epoch  19  train loss 0.5334 acc 0.7129 | val loss 0.5702 acc 0.6710  (110s)
epoch  20  train loss 0.5279 acc 0.7265 | val loss 0.5667 acc 0.6729  (116s)
epoch  21  train loss 0.5200 acc 0.7410 | val loss 0.5653 acc 0.6785  (121s)
epoch  22  train loss 0.5211 acc 0.7257 | val loss 0.5638 acc 0.6804  (127s)
epoch  23  train loss 0.5070 acc 0.7410 | val loss 0.5580 acc 0.6841  (133s)
epoch  24  train loss 0.4982 acc 0.7450 | val loss 0.5548 acc 0.6897  (139s)
epoch  25  train loss 0.5026 acc 0.7410 | val loss 0.5556 acc 0.6860  (144s)
epoch  26  train loss 0.4924 acc 0.7418 | val loss 0.5504 acc 0.6879  (150s)
epoch  27  train loss 0.4978 acc 0.7346 | val loss 0.5480 acc 0.6991  (156s)
epoch  28  train loss 0.4828 acc 0.7731 | val loss 0.5476 acc 0.6897  (162s)
epoch  29  train loss 0.4882 acc 0.7610 | val loss 0.5436 acc 0.6991  (167s)
epoch  30  train loss 0.4806 acc 0.7442 | val loss 0.5434 acc 0.6972  (173s)
epoch  31  train loss 0.4779 acc 0.7618 | val loss 0.5407 acc 0.6953  (179s)
epoch  32  train loss 0.4675 acc 0.7698 | val loss 0.5384 acc 0.7009  (185s)
epoch  33  train loss 0.4667 acc 0.7594 | val loss 0.5363 acc 0.7028  (191s)
epoch  34  train loss 0.4634 acc 0.7698 | val loss 0.5367 acc 0.7028  (196s)
epoch  35  train loss 0.4617 acc 0.7586 | val loss 0.5373 acc 0.6991  (202s)
epoch  36  train loss 0.4596 acc 0.7755 | val loss 0.5292 acc 0.7103  (208s)
epoch  37  train loss 0.4583 acc 0.7715 | val loss 0.5302 acc 0.7103  (214s)
epoch  38  train loss 0.4541 acc 0.7706 | val loss 0.5272 acc 0.7065  (219s)
epoch  39  train loss 0.4479 acc 0.7819 | val loss 0.5312 acc 0.7047  (225s)
epoch  40  train loss 0.4494 acc 0.7731 | val loss 0.5272 acc 0.7121  (231s)
epoch  41  train loss 0.4440 acc 0.7674 | val loss 0.5280 acc 0.7103  (237s)
epoch  42  train loss 0.4382 acc 0.7923 | val loss 0.5346 acc 0.7047  (242s)
epoch  43  train loss 0.4427 acc 0.7803 | val loss 0.5237 acc 0.7084  (248s)
epoch  44  train loss 0.4328 acc 0.7891 | val loss 0.5272 acc 0.7159  (254s)
epoch  45  train loss 0.4370 acc 0.7763 | val loss 0.5256 acc 0.7121  (260s)
epoch  46  train loss 0.4212 acc 0.7915 | val loss 0.5201 acc 0.7140  (265s)
epoch  47  train loss 0.4306 acc 0.7771 | val loss 0.5251 acc 0.7065  (271s)
epoch  48  train loss 0.4316 acc 0.7899 | val loss 0.5243 acc 0.7140  (277s)
epoch  49  train loss 0.4199 acc 0.7995 | val loss 0.5174 acc 0.7140  (283s)
epoch  50  train loss 0.4208 acc 0.8019 | val loss 0.5175 acc 0.7103  (289s)
epoch  51  train loss 0.4167 acc 0.7995 | val loss 0.5232 acc 0.7121  (294s)
epoch  52  train loss 0.4167 acc 0.8043 | val loss 0.5212 acc 0.7103  (300s)
epoch  53  train loss 0.4124 acc 0.7979 | val loss 0.5237 acc 0.7103  (306s)
epoch  54  train loss 0.4057 acc 0.8107 | val loss 0.5190 acc 0.7196  (312s)
epoch  55  train loss 0.4030 acc 0.8075 | val loss 0.5172 acc 0.7271  (317s)
epoch  56  train loss 0.3932 acc 0.8164 | val loss 0.5199 acc 0.7178  (323s)
epoch  57  train loss 0.4014 acc 0.8027 | val loss 0.5204 acc 0.7178  (329s)
epoch  58  train loss 0.3932 acc 0.8244 | val loss 0.5134 acc 0.7271  (335s)
epoch  59  train loss 0.3861 acc 0.8228 | val loss 0.5205 acc 0.7159  (340s)
epoch  60  train loss 0.3931 acc 0.8204 | val loss 0.5098 acc 0.7140  (346s)
epoch  61  train loss 0.3850 acc 0.8148 | val loss 0.5112 acc 0.7234  (352s)
epoch  62  train loss 0.3765 acc 0.8356 | val loss 0.5146 acc 0.7290  (358s)
epoch  63  train loss 0.3984 acc 0.7955 | val loss 0.5208 acc 0.7234  (363s)
epoch  64  train loss 0.3750 acc 0.8276 | val loss 0.5109 acc 0.7196  (369s)
epoch  65  train loss 0.3789 acc 0.8188 | val loss 0.5158 acc 0.7252  (375s)
epoch  66  train loss 0.3681 acc 0.8356 | val loss 0.5187 acc 0.7252  (381s)
epoch  67  train loss 0.3706 acc 0.8356 | val loss 0.5127 acc 0.7234  (386s)
epoch  68  train loss 0.3679 acc 0.8252 | val loss 0.5111 acc 0.7196  (392s)
epoch  69  train loss 0.3777 acc 0.8252 | val loss 0.5239 acc 0.7215  (398s)
epoch  70  train loss 0.3511 acc 0.8516 | val loss 0.5154 acc 0.7290  (404s)
epoch  71  train loss 0.3616 acc 0.8324 | val loss 0.5152 acc 0.7271  (409s)
epoch  72  train loss 0.3749 acc 0.8188 | val loss 0.5199 acc 0.7234  (415s)
epoch  73  train loss 0.3505 acc 0.8460 | val loss 0.5132 acc 0.7271  (421s)
epoch  74  train loss 0.3559 acc 0.8412 | val loss 0.5175 acc 0.7234  (427s)
epoch  75  train loss 0.3420 acc 0.8532 | val loss 0.5262 acc 0.7234  (432s)
epoch  76  train loss 0.3360 acc 0.8589 | val loss 0.5159 acc 0.7271  (438s)
epoch  77  train loss 0.3357 acc 0.8581 | val loss 0.5186 acc 0.7196  (444s)
epoch  78  train loss 0.3261 acc 0.8613 | val loss 0.5199 acc 0.7290  (450s)
epoch  79  train loss 0.3255 acc 0.8701 | val loss 0.5190 acc 0.7196  (455s)
epoch  80  train loss 0.3399 acc 0.8524 | val loss 0.5142 acc 0.7383  (461s)
epoch  81  train loss 0.3284 acc 0.8557 | val loss 0.5169 acc 0.7159  (467s)
epoch  82  train loss 0.3293 acc 0.8460 | val loss 0.5213 acc 0.7234  (473s)
epoch  83  train loss 0.3223 acc 0.8557 | val loss 0.5183 acc 0.7234  (478s)
epoch  84  train loss 0.3186 acc 0.8669 | val loss 0.5221 acc 0.7252  (484s)
epoch  85  train loss 0.3037 acc 0.8733 | val loss 0.5201 acc 0.7308  (490s)
epoch  86  train loss 0.3095 acc 0.8677 | val loss 0.5200 acc 0.7215  (496s)
epoch  87  train loss 0.3157 acc 0.8597 | val loss 0.5296 acc 0.7308  (501s)
epoch  88  train loss 0.3039 acc 0.8733 | val loss 0.5234 acc 0.7234  (507s)
epoch  89  train loss 0.2997 acc 0.8733 | val loss 0.5241 acc 0.7159  (513s)
epoch  90  train loss 0.2973 acc 0.8773 | val loss 0.5291 acc 0.7383  (519s)
epoch  91  train loss 0.3150 acc 0.8661 | val loss 0.5263 acc 0.7271  (524s)
epoch  92  train loss 0.2939 acc 0.8789 | val loss 0.5319 acc 0.7047  (530s)
epoch  93  train loss 0.2908 acc 0.8765 | val loss 0.5285 acc 0.7234  (536s)
epoch  94  train loss 0.2879 acc 0.8789 | val loss 0.5354 acc 0.7215  (542s)
epoch  95  train loss 0.2799 acc 0.8837 | val loss 0.5391 acc 0.7252  (547s)
epoch  96  train loss 0.2852 acc 0.8829 | val loss 0.5654 acc 0.7215  (553s)
epoch  97  train loss 0.2857 acc 0.8757 | val loss 0.5321 acc 0.7215  (559s)
epoch  98  train loss 0.2544 acc 0.9030 | val loss 0.5447 acc 0.6991  (564s)
epoch  99  train loss 0.2597 acc 0.9070 | val loss 0.5507 acc 0.7308  (570s)
epoch 100  train loss 0.2686 acc 0.8974 | val loss 0.5430 acc 0.7028  (576s)

--- Li et al. spectrogram CNN, retrained ---
validation accuracy 0.7028 (paper two-class VA 99.91 %, DR 100.0 %)
validation: detection rate on jammed 0.6814, FAR (argmax) 0.2708, AUC 0.7883
per type (val): {'clean': 0.7291666666666666, 'barrage': 0.9166666666666666, 'tone': 0.6911764705882353, 'pulse_comb': 0.6851851851851851, 'protocol_aware': 0.5789473684210527, 'generator': 0.5178571428571428}
at JSR +10 dB: accuracy 0.8992; {'clean': {'argmax_correct': 0.7913385826771654, 'p_det_at_alpha05': 0.045931758530183726}, 'barrage': {'argmax_correct': 1.0, 'p_det_at_alpha05': 1.0}, 'tone': {'argmax_correct': 1.0, 'p_det_at_alpha05': 1.0}, 'pulse_comb': {'argmax_correct': 1.0, 'p_det_at_alpha05': 1.0}, 'protocol_aware': {'argmax_correct': 1.0, 'p_det_at_alpha05': 1.0}}
P(det) at alpha 0.05 vs JSR [np.float64(-30.0), np.float64(-28.0), np.float64(-26.0), np.float64(-24.0), np.float64(-22.0), np.float64(-20.0), np.float64(-18.0), np.float64(-16.0), np.float64(-14.0), np.float64(-12.0), np.float64(-10.0), np.float64(-8.0), np.float64(-6.0), np.float64(-4.0), np.float64(-2.0), np.float64(0.0), np.float64(2.0), np.float64(4.0), np.float64(6.0), np.float64(8.0), np.float64(10.0)]:
  barrage         0.11 0.12 0.14 0.23 0.42 0.76 0.95 1.00 1.00 1.00 1.00 1.00 1.00 1.00 1.00 1.00 1.00 1.00 1.00 1.00 1.00
  tone            0.09 0.08 0.09 0.18 0.26 0.32 0.46 0.47 0.51 0.65 0.77 0.90 1.00 1.00 1.00 1.00 1.00 1.00 1.00 1.00 1.00
  pulse_comb      0.10 0.09 0.17 0.27 0.53 0.80 0.98 1.00 1.00 1.00 1.00 1.00 1.00 1.00 1.00 1.00 1.00 1.00 1.00 1.00 1.00
  protocol_aware  0.08 0.08 0.07 0.08 0.07 0.12 0.12 0.19 0.27 0.34 0.46 0.74 0.88 0.96 1.00 1.00 1.00 1.00 1.00 1.00 1.00
thresholds: {"n_clean": 20000, "alphas": [0.01, 0.05], "power_clean_mean": 0.10396109176864457, "kurtosis_clean_mean": 1.533313526026268, "power_one_sided": {"0.01": 0.10585668513042566, "0.05": 0.10528567584138618}, "power_two_sided": {"0.01": 0.0020785532292051353, "0.05": 0.001580948269690947}, "kurtosis": {"0.01": 0.06554809927743113, "0.05": 0.05002422223509612}, "cnn": {"0.01": 2.4492773437499906, "0.05": 1.3301269531249993}, "lrt_d": 1152, "noise_var": 0.003952847075210474, "p_s": 0.125, "snr_db": 15.0, "jsr_range_db": [-35.0, 10.0], "extra_gens": ["../artifacts/cgan/gan/run003/task13_G.pt", "../artifacts/cgan/gan/run003/task14_G.pt"], "clean_stat_q": {"power_one_sided": [0.10072954611803207, 0.10185528165263823, 0.10203599319237075, 0.1021623076984134, 0.10225066399157404, 0.1023203306457748, 0.10238403641792852, 0.10243324628798997, 0.10247619772531623, 0.10252090947254895, 0.10255583504102338, 0.1025874356059054, 0.10261957057249736, 0.10264902256089305, 0.10267975140308887, 0.10270772771740534, 0.10273818294434542, 0.1027650809180152, 0.10278722172160616, 0.10280964176364524, 0.10283043260389702, 0.10284959335748874, 0.1028704305695739, 0.10289249907898933, 0.10291259233067258, 0.10292922319942441, 0.10294671183149434, 0.10296700300995115, 0.10298407602887405, 0.10300070748403295, 0.10301838083486164, 0.10303268047411239, 0.10304727051478811, 0.10306403826004994, 0.10307961659721611, 0.10309534745437832, 0.10310799846470411, 0.10312410667567933, 0.1031373992521526, 0.10314960435689655, 0.10316202024378009, 0.10317422598239256, 0.10318521400344266, 0.10319704321323359, 0.10320721893894891, 0.10322016653775185, 0.10323355029117183, 0.10324556081282538, 0.10325487485140249, 0.10326475808453069, 0.10327717219515359, 0.10328865987648238, 0.10329838114715527, 0.10330890109370419, 0.10331843656469811, 0.10332926390304888, 0.10333985569565136, 0.10335037274289094, 0.10336027279110457, 0.10336870391824321, 0.10337865430701985, 0.10338825598557429, 0.10339991112678179, 0.10341103044516307, 0.10342040485832299, 0.10343162757753262, 0.10344162799606495, 0.10345362809122757, 0.10346331972350632, 0.10347278523108334, 0.103483278873644, 0.10349319853526319, 0.10350231426526321, 0.10351258347426424, 0.10352095826608872, 0.10353090771909008, 0.10353953144299306, 0.10354870587896617, 0.10355874600201484, 0.10356632962898932, 0.103576607648761, 0.10358455132428135, 0.103593275202736, 0.1036016879471876, 0.10360796625140233, 0.1036172329288115, 0.10362528693917687, 0.10363434354698427, 0.10364341870120751, 0.10365221426096118, 0.10365939383183291, 0.10366661453132464, 0.10367393744576428, 0.10368232809416798, 0.10369000063095848, 0.10369698491676158, 0.10370571640503175, 0.10371449499331681, 0.10372162527203949, 0.10372842726364571, 0.10373625738366019, 0.10374354411534294, 0.10374970957540974, 0.10375693422632265, 0.10376451220389989, 0.103772029734088, 0.10378048607698043, 0.10379084581345227, 0.1037980426838509, 0.10380491824588968, 0.1038125051518697, 0.10381955024353093, 0.10382694678057797, 0.10383591620934833, 0.10384400298770555, 0.10385284181604591, 0.10386248096878219, 0.10387210580005009, 0.10388013183739543, 0.103888450172166, 0.10389632499083488, 0.10390488437770887, 0.1039135303379316, 0.10392225576920441, 0.10392993132488543, 0.10393860541222746, 0.10394664412080822, 0.10395396927611467, 0.10396231911550145, 0.10397014753189199, 0.10397705489279867, 0.1039852188695712, 0.10399358133934102, 0.10400037762680074, 0.10400831521861069, 0.10401635415643254, 0.10402325442073342, 0.10403067024244521, 0.10403889614536228, 0.10404791082852406, 0.10405537158449549, 0.10406112487086505, 0.10406782462540257, 0.10407523240484293, 0.10408546795964764, 0.10409524270183751, 0.10410227896920006, 0.10410895998580875, 0.10411712259656629, 0.1041249712283448, 0.10413235598143354, 0.10413930928216167, 0.10414831272083257, 0.10415666821936889, 0.10416448176944872, 0.10417082331377911, 0.10417915461197522, 0.10418717635964686, 0.10419559340729094, 0.1042034103009804, 0.10421128613612009, 0.10421930409895676, 0.10422844813938573, 0.10423695046333079, 0.10424508232910218, 0.10425269280237265, 0.10426139620734934, 0.10426900104400212, 0.10427816767414894, 0.10428659210230133, 0.1042940949491442, 0.10430320544685467, 0.10431181743504059, 0.10432225350785668, 0.10432983189732041, 0.10433934998874193, 0.10434786884987414, 0.10435614717931042, 0.10436491530732764, 0.10437310189259218, 0.1043805993304465, 0.10438929800723863, 0.10439789494982768, 0.10440464232991219, 0.10441465323189973, 0.1044250341361787, 0.10443385813249448, 0.10444355058287287, 0.10445360810316831, 0.10446393131290453, 0.10447250789231306, 0.10448513701797124, 0.10449377870927812, 0.10450366907119772, 0.10451313231059198, 0.10452229983839431, 0.104532955378029, 0.10454219855166821, 0.10454968806366556, 0.10455769633274652, 0.10456756311459925, 0.10458040958962957, 0.10459165374493501, 0.10460340159979523, 0.1046132402552497, 0.10462407975970191, 0.10463673450671002, 0.10464643696225097, 0.10465742353321131, 0.10466790956512871, 0.10467895019598837, 0.10469089923962749, 0.10470213736405531, 0.1047138232461545, 0.10473134124960631, 0.10474415256950771, 0.10475820276496767, 0.10477044750301324, 0.10478476368039663, 0.10479950548689902, 0.10481816778853797, 0.10483043096265375, 0.10484317354452523, 0.10485706581155735, 0.10487390793010719, 0.10489131397903614, 0.10490726708708625, 0.1049235532115083, 0.10493999962073151, 0.10495685371133565, 0.10497569428539928, 0.10499207778580746, 0.10501167145373619, 0.10503113886784346, 0.10504720176748815, 0.10507013959580395, 0.10508892103462862, 0.1051127122122414, 0.1051377413252014, 0.10516420066343295, 0.10519075386977793, 0.10521488997168794, 0.10524412753188658, 0.10527825318184236, 0.10531133580683948, 0.10535377718086808, 0.1053915292592896, 0.10543000075491034, 0.10547877300089749, 0.10552977523919596, 0.10559617840862749, 0.10565476422917282, 0.10572369105130518, 0.10580410591078318, 0.10594110668132448, 0.10614036169753126, 0.10694803619818104], "power_two_sided": [2.9462447065364827e-08, 3.860904531175608e-06, 7.968034998177115e-06, 1.1194872821520532e-05, 1.5050277540298862e-05, 1.8964443274425687e-05, 2.311627715174307e-05, 2.7513380716374936e-05, 3.175062140950121e-05, 3.5579094593053055e-05, 3.9082552414342856e-05, 4.2781781537468133e-05, 4.735808833135802e-05, 5.078790994493445e-05, 5.561686080169997e-05, 6.004763082216087e-05, 6.344697792695642e-05, 6.715484981911356e-05, 7.132744091712761e-05, 7.523013016696528e-05, 7.932663805774293e-05, 8.36877054919216e-05, 8.824823292499047e-05, 9.171044773298648e-05, 9.633510273861223e-05, 9.948492083411452e-05, 0.00010355229104398343, 0.00010752052998506267, 0.00011160433145232193, 0.00011550050167467716, 0.00012003456449376291, 0.0001246297213762709, 0.0001295264697336873, 0.00013416585400331734, 0.0001374419358624448, 0.00014133843173683912, 0.00014519013106729494, 0.00014815218559578746, 0.00015257144486361058, 0.0001560970458462553, 0.00015998752704561624, 0.0001634042472232894, 0.00016721392963107247, 0.00017084601909831364, 0.00017540071438335394, 0.00017932816624193312, 0.00018344158116431633, 0.00018800719222000079, 0.00019168896951713647, 0.00019571594164711196, 0.00019947119886273845, 0.00020360616414595107, 0.00020682924871952475, 0.0002106269553501049, 0.00021446434244525752, 0.00021789245959082223, 0.00022146097573347073, 0.0002256201329996118, 0.00022997566833888802, 0.00023401484106573913, 0.00023695053688188453, 0.00024059816435808505, 0.00024454246332137437, 0.00024867686478287354, 0.000252960216968124, 0.00025701669540485365, 0.000260865451297318, 0.0002652782215196968, 0.0002693126143315488, 0.00027328845053997664, 0.0002770884498182638, 0.0002807684664634172, 0.00028563364155105575, 0.0002891391514306627, 0.0002932366218469096, 0.0002976749093484658, 0.0003010357537894372, 0.00030495909509676097, 0.0003086173945379886, 0.00031393107058165346, 0.0003173513956540308, 0.00032210953387224237, 0.00032609972466541887, 0.00033025261250120563, 0.0003345399664956344, 0.00033896397769154183, 0.00034300357910290336, 0.00034762831583176384, 0.0003518441022101692, 0.00035625246049919367, 0.00036003981401895536, 0.00036434732459783564, 0.00036831335205383714, 0.0003727131057876969, 0.00037751466930543856, 0.00038216479610870966, 0.0003857091496966437, 0.0003906485131606317, 0.00039496227616584334, 0.00039827294422869846, 0.0004030685862216807, 0.0004078507624502259, 0.00041226344622652823, 0.00041614140505974304, 0.0004205091748964618, 0.00042501041297906005, 0.00042953425789438496, 0.0004335567261127073, 0.0004379540568809901, 0.00044213054255716033, 0.00044611752467600457, 0.00045145686158862275, 0.00045678657333176644, 0.0004616607761630878, 0.00046600520678134803, 0.0004709671412337153, 0.0004751167502664215, 0.00048013953427236087, 0.00048460346753143393, 0.0004903122464872539, 0.0004954314735014648, 0.0005004497190593512, 0.0005050532347920383, 0.0005100742997279171, 0.0005151855123443792, 0.0005217345787758696, 0.0005271518680152208, 0.0005318124824646743, 0.0005363766112427698, 0.0005414791746686777, 0.000546473518712981, 0.0005510106921384845, 0.0005566974109995515, 0.0005612094600730647, 0.0005671093150361246, 0.0005722801462471061, 0.000577162545131518, 0.0005814709685394725, 0.0005860358529941287, 0.0005902434598298501, 0.0005947403024051474, 0.000598685401655297, 0.0006036575033495645, 0.0006086458577619067, 0.0006142098775288049, 0.0006200213425643548, 0.000625888219776917, 0.00063105150344403, 0.0006366480797052319, 0.000642464117195567, 0.0006475482443522763, 0.0006521890668249886, 0.0006580371750722009, 0.0006627753179424054, 0.0006674856564891075, 0.0006737925795664082, 0.0006793915574924367, 0.0006848244736597058, 0.0006896614392407504, 0.0006963339032345639, 0.0007015326023756766, 0.0007063934168094754, 0.000711287605808366, 0.0007168566512363722, 0.0007230542903213415, 0.0007286198386864881, 0.0007356892031392412, 0.0007409956436174388, 0.0007481473346453577, 0.0007536282325547039, 0.0007593000030692539, 0.000766894388682951, 0.0007731155974072849, 0.0007794245686855716, 0.0007855403465511257, 0.0007911537801300573, 0.0007980439866072803, 0.0008042839737579985, 0.0008105738873871964, 0.0008169685431061917, 0.0008236851503627318, 0.0008308185029867373, 0.0008378481074369988, 0.0008467073653902549, 0.000854347934803388, 0.0008613646036380108, 0.0008683259816239157, 0.0008746184518899124, 0.0008819801356994145, 0.0008890985289628621, 0.0008964413249252068, 0.000904816459683212, 0.0009131484003916043, 0.0009203821944286411, 0.0009294323529885351, 0.0009369303506223357, 0.0009449353757656966, 0.0009534075823543538, 0.0009615720851975901, 0.0009706002722361795, 0.0009780329727923985, 0.0009871138619783823, 0.0009947051721452063, 0.0010050611620347199, 0.001014490565675753, 0.0010231286021266106, 0.0010315160525485045, 0.0010406700059766294, 0.0010498804595316163, 0.0010590287532088179, 0.0010690808922076147, 0.0010795942833897233, 0.0010875667113530016, 0.0010973564175494287, 0.0011106146356061298, 0.001120042468067281, 0.0011288329830833883, 0.0011396569014212276, 0.0011515629174229992, 0.0011643804662944885, 0.0011754811977912941, 0.0011876886458461466, 0.001200417334472188, 0.00121238378338894, 0.0012276095201198302, 0.0012421240128025895, 0.0012534962164955858, 0.0012680363864217715, 0.0012817543498971629, 0.0013002340842947421, 0.0013142541542245706, 0.0013291443663008854, 0.0013467102319634477, 0.0013630019725803994, 0.001380793823023512, 0.001398151068751646, 0.0014173507038154481, 0.0014349004529261486, 0.0014551307404884772, 0.001479681960558657, 0.0015009297935416333, 0.0015223574808066692, 0.001544947263480409, 0.0015742259592996838, 0.0016067971026939253, 0.001640092797464808, 0.0016699766204288091, 0.0017007892133129678, 0.0017330342911749453, 0.0017778225512203043, 0.001827016297825306, 0.0018836969162348439, 0.001943490006783935, 0.002039227310577013, 0.002136099996175256, 0.002324454906938986, 0.0032315456506124968], "kurtosis": [1.549082863538942e-06, 0.00013586885746609545, 0.00025275459276448593, 0.00036195380938308826, 0.0005076258826893845, 0.0006260538455038463, 0.0007499132478021673, 0.0008762985861284966, 0.0010160598039718888, 0.0011427980488249619, 0.001248784564980756, 0.0014000759434903585, 0.001512328596175002, 0.001634977418056881, 0.0017577149463205537, 0.0018771657915868257, 0.002000131812346928, 0.002134200923663468, 0.0022659506174129186, 0.002394321305535692, 0.0025183042368589516, 0.00266045878787148, 0.002797612480758528, 0.00294008006330017, 0.0030540470408971093, 0.003154530515849626, 0.003281211666859395, 0.0034269110317627152, 0.0035589064097029458, 0.0036717733084637326, 0.0038055689169229946, 0.003918248756505617, 0.004054057508172948, 0.004182641588038245, 0.004316540845987395, 0.0044674774991714725, 0.004592548682915146, 0.0047196738320646895, 0.004854254090185837, 0.0049841289336122075, 0.0051387929390654535, 0.005279154802017412, 0.005391424917127997, 0.005534762371815545, 0.00569558696885818, 0.005821384432939972, 0.005953207204785703, 0.0060807016013464015, 0.006226344453509169, 0.006358567189640002, 0.006504242631876203, 0.006629133191705346, 0.006771781560013089, 0.006882614240605151, 0.007019070195387165, 0.007175838868833242, 0.007308602626809005, 0.007451462178742271, 0.007573684132944113, 0.007694869829475382, 0.007831362367031507, 0.007961834989185245, 0.008078808615612072, 0.008215202075092173, 0.00836187272837835, 0.008493872027151034, 0.00863289127633965, 0.008764902128371619, 0.008913534433375052, 0.009008071505222587, 0.009125981170027053, 0.009266397958432274, 0.009396981584414855, 0.009518033446409974, 0.009660941049122332, 0.009800983050313412, 0.009942060970528938, 0.010088138758953365, 0.010261387776293731, 0.010411693340230063, 0.010536588399118876, 0.010664280498029598, 0.010810573713481538, 0.010946059450388363, 0.011071513507099534, 0.011192655765640339, 0.011330305238429424, 0.011451754767169402, 0.011580370230086255, 0.011694463561552858, 0.011847686411000403, 0.012000818849275622, 0.012133779145412499, 0.012267826414460642, 0.012386602680268588, 0.012527687881169721, 0.012656080615045362, 0.012801415360106901, 0.012965862814703601, 0.013117051470500768, 0.013264193974302486, 0.013424009916936399, 0.013588229550875464, 0.013749112387763314, 0.013881514088986302, 0.014056412109749363, 0.014192015282212166, 0.014341238856094656, 0.014474419290484673, 0.01461407508171998, 0.01472869158324421, 0.014856998442402805, 0.014996980393560136, 0.015148064133082385, 0.015301463444885949, 0.015460122571551028, 0.015611080207666744, 0.01576455543508465, 0.01590818146380356, 0.01605555472627065, 0.016203560420544237, 0.01635347367332338, 0.016518412185149697, 0.01670306879237081, 0.01684592955482578, 0.016989608039943278, 0.017152596028981906, 0.0173091457700921, 0.01747792124086156, 0.01763579631742862, 0.017796624623811923, 0.017963999760728412, 0.018137530318431908, 0.018275673822498173, 0.01842327849050876, 0.018547319226239565, 0.018740723034284625, 0.018925944739458127, 0.019083481492714154, 0.019283631964410915, 0.019439067795874714, 0.019590034137645533, 0.019766367741314628, 0.019927182886184072, 0.020103487763083225, 0.020272944671307812, 0.020441780043548876, 0.020615655290109926, 0.020748084371877345, 0.02090764785789591, 0.02109809275215971, 0.021277344231013684, 0.0214597528425498, 0.021641532932199684, 0.021781817560897095, 0.02195588367944408, 0.022119815471037304, 0.022311419150785067, 0.022525053292939523, 0.022750979135489423, 0.022900714470024175, 0.023092648560714878, 0.023241240215533858, 0.023421334201784, 0.0235981741514691, 0.02376173052462656, 0.02390260251418552, 0.024101434098919527, 0.02435959496517663, 0.024505346449237343, 0.02464251747660051, 0.024821198787466244, 0.025018588035877594, 0.025201380991259452, 0.025366609296973527, 0.02556954282307833, 0.025755448536451356, 0.025951669364179846, 0.02617755771834085, 0.026373053147944123, 0.02661366333296329, 0.02685034597568841, 0.027072891711063533, 0.027244603998099234, 0.027496716483277173, 0.0277596430133907, 0.02794927913793773, 0.028185729037356017, 0.028438143283307498, 0.028665417781577766, 0.02898349010151164, 0.029195458238298423, 0.02943370016448943, 0.029688051633979376, 0.029926776436553088, 0.030201816667696668, 0.030453952937572484, 0.030736829430601503, 0.031014138184478193, 0.03131164139764345, 0.03156634686363267, 0.031828024641180536, 0.03211554179441287, 0.032424076898823276, 0.03266900436812669, 0.032957672446604434, 0.033200995127092243, 0.03349192665467835, 0.03378826512085045, 0.034063825864540084, 0.034369695979979326, 0.03472509753820436, 0.03502239419159607, 0.035334611597240016, 0.03560595187880061, 0.03592533819108099, 0.036268793374461566, 0.03658166120817741, 0.036914252333066166, 0.03724387765500972, 0.037583464253392845, 0.037935694102876956, 0.038300095943028245, 0.03874627881255367, 0.03915296053382086, 0.039519608237851916, 0.0399318482667343, 0.04043874724134142, 0.04092532189837722, 0.04133511809002637, 0.04183691292268436, 0.042367625834192825, 0.042825413869753456, 0.04333832771166915, 0.04383411675579096, 0.044324176492809904, 0.04484841521793287, 0.04551161536117906, 0.04612309210036205, 0.04680083643411949, 0.04740315782817468, 0.04814768162601493, 0.04881938384574035, 0.049811542777811475, 0.05074574140022337, 0.05156466815067051, 0.05261992528972757, 0.05361925874264885, 0.05477973010044753, 0.056032879676128515, 0.05732652861200159, 0.05881574131079279, 0.06112578475694215, 0.06400741667393756, 0.06775174466867007, 0.07353210962918397, 0.15263587774913212], "spec_cnn": [-4.1416015625, -3.2595291137695312, -3.1201171875, -3.0262794494628906, -2.9624176025390625, -2.8923721313476562, -2.83203125, -2.7890625, -2.74609375, -2.7060546875, -2.6689453125, -2.640625, -2.609375, -2.583984375, -2.5588912963867188, -2.5333824157714844, -2.50885009765625, -2.4873046875, -2.4697265625, -2.4482421875, -2.4263458251953125, -2.4072265625, -2.3909530639648438, -2.373046875, -2.352630615234375, -2.3349609375, -2.318359375, -2.3056640625, -2.2880859375, -2.271484375, -2.255859375, -2.240234375, -2.22515869140625, -2.211915969848633, -2.197265625, -2.182384490966797, -2.16796875, -2.15771484375, -2.143749237060547, -2.12890625, -2.1167755126953125, -2.1064453125, -2.09228515625, -2.07861328125, -2.06591796875, -2.05419921875, -2.04052734375, -2.026517868041992, -2.0146484375, -2.003938674926758, -1.9926490783691406, -1.98193359375, -1.9700698852539062, -1.95751953125, -1.9453125, -1.9339256286621094, -1.9234466552734375, -1.91064453125, -1.896484375, -1.8857421875, -1.87353515625, -1.8623046875, -1.853515625, -1.84375, -1.8326416015625, -1.82080078125, -1.8095703125, -1.79833984375, -1.78662109375, -1.775705337524414, -1.765625, -1.75244140625, -1.7431640625, -1.7315235137939453, -1.72265625, -1.71044921875, -1.70068359375, -1.6904296875, -1.6799583435058594, -1.6689453125, -1.658355712890625, -1.64599609375, -1.63623046875, -1.6240234375, -1.61279296875, -1.60107421875, -1.59130859375, -1.580078125, -1.56884765625, -1.5572376251220703, -1.5478515625, -1.537109375, -1.5267868041992188, -1.5169620513916016, -1.5061607360839844, -1.49609375, -1.4873046875, -1.4775390625, -1.46826171875, -1.4594783782958984, -1.44970703125, -1.438364028930664, -1.42724609375, -1.4169921875, -1.4052734375, -1.3935546875, -1.3818359375, -1.37109375, -1.35986328125, -1.3480958938598633, -1.33447265625, -1.32470703125, -1.313690185546875, -1.302734375, -1.2915992736816406, -1.2822446823120117, -1.2695198059082031, -1.2587890625, -1.247802734375, -1.238037109375, -1.22705078125, -1.2178583145141602, -1.20458984375, -1.192408561706543, -1.180419921875, -1.17138671875, -1.1600933074951172, -1.14990234375, -1.137939453125, -1.1282663345336914, -1.1171875, -1.107421875, -1.09521484375, -1.083984375, -1.0741634368896484, -1.060302734375, -1.0498199462890625, -1.0398950576782227, -1.028390884399414, -1.016357421875, -1.004638671875, -0.9943485260009766, -0.98291015625, -0.9705486297607422, -0.9588775634765625, -0.9477252960205078, -0.934326171875, -0.9189939498901367, -0.90673828125, -0.8949880599975586, -0.8822841644287109, -0.87060546875, -0.8585433959960938, -0.8479580879211426, -0.8326053619384766, -0.820706844329834, -0.8078880310058594, -0.794189453125, -0.7804851531982422, -0.7672719955444336, -0.754302978515625, -0.7395634651184082, -0.7275390625, -0.7145320177078247, -0.6997413635253906, -0.683842658996582, -0.6701412200927734, -0.65576171875, -0.6421699523925781, -0.627197265625, -0.6124773025512695, -0.5986328125, -0.58349609375, -0.5698257684707642, -0.5526914596557617, -0.5374755859375, -0.5221614837646484, -0.5071125030517578, -0.4914827346801758, -0.4760313034057617, -0.45941877365112305, -0.4431452751159668, -0.42906761169433594, -0.411196231842041, -0.3937644958496094, -0.37841796875, -0.35996365547180176, -0.34625446796417236, -0.32976388931274414, -0.3130429983139038, -0.2965071201324463, -0.2801622152328491, -0.26507568359375, -0.2481447458267212, -0.2302032709121704, -0.21230387687683105, -0.19170403480529785, -0.17288684844970703, -0.15301942825317383, -0.13328886032104492, -0.1080322265625, -0.08443117141723633, -0.06561279296875, -0.048429131507873535, -0.027994871139526367, -0.005026340484619141, 0.017795562744140625, 0.0376584529876709, 0.058136940002441406, 0.07836008071899414, 0.10129261016845703, 0.12577256560325623, 0.14829587936401367, 0.171142578125, 0.19775390625, 0.22644472122192383, 0.2540292739868164, 0.2836878299713135, 0.31479454040527344, 0.3411865234375, 0.3699512481689453, 0.39693474769592285, 0.41922903060913086, 0.4497697353363037, 0.4795856475830078, 0.5069270133972168, 0.5344934463500977, 0.5707383155822754, 0.6109790802001953, 0.645263671875, 0.6810798645019531, 0.7214155197143555, 0.7668914794921875, 0.8022117614746094, 0.839599609375, 0.8875627517700195, 0.9277839660644531, 0.9726066589355469, 1.0381546020507812, 1.096421241760254, 1.1472320556640625, 1.204634666442871, 1.2594051361083984, 1.31689453125, 1.3795509338378906, 1.4389667510986328, 1.5169734954833984, 1.59375, 1.672882080078125, 1.76123046875, 1.8692741394042969, 2.003122329711914, 2.1213760375976562, 2.3319435119628906, 2.6013259887695312, 2.9878082275390625, 6.736328125]}}
done in 614s
