node: tikgpu04.ee.ethz.ch | gpu: NVIDIA TITAN RTX
  K=2 pulsed_p1      drop  0: max BER 0.465, CNN picks {"0.05": {"index": 1, "sweep_ber": 0.0, "sweep_pdet": 0.03515625, "confirmed_ber": 0.0, "confirmed_ser": 0.0, "confirmed_pdet": 0.0537109375, "passed": true}}  (12s)
  K=2 pulsed_p1      drop  1: max BER 0.485, CNN picks {"0.05": {"index": 0, "sweep_ber": 0.0, "sweep_pdet": 0.06640625, "confirmed_ber": 0.0, "confirmed_ser": 0.0, "confirmed_pdet": 0.044921875, "passed": true}}  (20s)
  K=2 pulsed_p1      drop  2: max BER 0.485, CNN picks {"0.05": {"index": 0, "sweep_ber": 0.0, "sweep_pdet": 0.03515625, "confirmed_ber": 0.0, "confirmed_ser": 0.0, "confirmed_pdet": 0.0576171875, "passed": true}}  (28s)
  K=2 pulsed_p1      drop  3: max BER 0.485, CNN picks {"0.05": {"index": 0, "sweep_ber": 0.0, "sweep_pdet": 0.03125, "confirmed_ber": 0.0, "confirmed_ser": 0.0, "confirmed_pdet": 0.0439453125, "passed": true}}  (35s)
  K=2 pulsed_p1      drop  4: max BER 0.477, CNN picks {"0.05": {"index": 1, "sweep_ber": 0.0, "sweep_pdet": 0.0703125, "confirmed_ber": 0.0, "confirmed_ser": 0.0, "confirmed_pdet": 0.048828125, "passed": true}}  (43s)
  K=2 pulsed_p1      drop  5: max BER 0.476, CNN picks {"0.05": {"index": 0, "sweep_ber": 0.0, "sweep_pdet": 0.0390625, "confirmed_ber": 0.0, "confirmed_ser": 0.0, "confirmed_pdet": 0.0517578125, "passed": true}}  (51s)
  K=2 pulsed_p1      drop  6: max BER 0.487, CNN picks {"0.05": {"index": 0, "sweep_ber": 0.0, "sweep_pdet": 0.0625, "confirmed_ber": 0.0, "confirmed_ser": 0.0, "confirmed_pdet": 0.046875, "passed": true}}  (58s)
  K=2 pulsed_p1      drop  7: max BER 0.476, CNN picks {"0.05": {"index": 0, "sweep_ber": 0.0, "sweep_pdet": 0.05859375, "confirmed_ber": 0.0, "confirmed_ser": 0.0, "confirmed_pdet": 0.046875, "passed": true}}  (66s)
  K=2 pulsed_p1      drop  8: max BER 0.474, CNN picks {"0.05": {"index": 0, "sweep_ber": 0.0, "sweep_pdet": 0.05078125, "confirmed_ber": 0.0, "confirmed_ser": 0.0, "confirmed_pdet": 0.037109375, "passed": true}}  (74s)
  K=2 pulsed_p1      drop  9: max BER 0.488, CNN picks {"0.05": {"index": 0, "sweep_ber": 0.0, "sweep_pdet": 0.0546875, "confirmed_ber": 0.0, "confirmed_ser": 0.0, "confirmed_pdet": 0.046875, "passed": true}}  (82s)
  K=2 pulsed_p1      drop 10: max BER 0.493, CNN picks {"0.05": {"index": 0, "sweep_ber": 0.0, "sweep_pdet": 0.05078125, "confirmed_ber": 0.0, "confirmed_ser": 0.0, "confirmed_pdet": 0.0439453125, "passed": true}}  (90s)
  K=2 pulsed_p1      drop 11: max BER 0.488, CNN picks {"0.05": {"index": 0, "sweep_ber": 0.0, "sweep_pdet": 0.046875, "confirmed_ber": 0.0, "confirmed_ser": 0.0, "confirmed_pdet": 0.0400390625, "passed": true}}  (98s)
  K=2 pulsed_p1      drop 12: max BER 0.463, CNN picks {"0.05": {"index": 0, "sweep_ber": 0.0, "sweep_pdet": 0.0390625, "confirmed_ber": 0.0, "confirmed_ser": 0.0, "confirmed_pdet": 0.046875, "passed": true}}  (107s)
  K=2 pulsed_p1      drop 13: max BER 0.487, CNN picks {"0.05": {"index": 0, "sweep_ber": 0.0, "sweep_pdet": 0.05078125, "confirmed_ber": 0.0, "confirmed_ser": 0.0, "confirmed_pdet": 0.0498046875, "passed": true}}  (115s)
  K=2 pulsed_p1      drop 14: max BER 0.462, CNN picks {"0.05": {"index": 0, "sweep_ber": 0.0, "sweep_pdet": 0.03515625, "confirmed_ber": 0.0, "confirmed_ser": 0.0, "confirmed_pdet": 0.0302734375, "passed": true}}  (123s)
  K=2 pulsed_p1      drop 15: max BER 0.496, CNN picks {"0.05": {"index": 0, "sweep_ber": 0.0, "sweep_pdet": 0.05078125, "confirmed_ber": 0.0, "confirmed_ser": 0.0, "confirmed_pdet": 0.0703125, "passed": false}}  (131s)
  K=2 pulsed_p1      drop 16: max BER 0.468, CNN picks {"0.05": {"index": 0, "sweep_ber": 0.0, "sweep_pdet": 0.0390625, "confirmed_ber": 0.0, "confirmed_ser": 0.0, "confirmed_pdet": 0.048828125, "passed": true}}  (140s)
  K=2 pulsed_p1      drop 17: max BER 0.487, CNN picks {"0.05": {"index": 0, "sweep_ber": 0.0, "sweep_pdet": 0.046875, "confirmed_ber": 0.0, "confirmed_ser": 0.0, "confirmed_pdet": 0.0380859375, "passed": true}}  (148s)
  K=2 pulsed_p1      drop 18: max BER 0.465, CNN picks {"0.05": {"index": 0, "sweep_ber": 0.0, "sweep_pdet": 0.0390625, "confirmed_ber": 0.0, "confirmed_ser": 0.0, "confirmed_pdet": 0.04296875, "passed": true}}  (156s)
  K=2 pulsed_p1      drop 19: max BER 0.473, CNN picks {"0.05": {"index": 0, "sweep_ber": 0.0, "sweep_pdet": 0.03125, "confirmed_ber": 0.0, "confirmed_ser": 0.0, "confirmed_pdet": 0.0390625, "passed": true}}  (165s)
  K=2 pulsed_p1      drop 20: max BER 0.486, CNN picks {"0.05": {"index": 0, "sweep_ber": 0.0, "sweep_pdet": 0.03125, "confirmed_ber": 0.0, "confirmed_ser": 0.0, "confirmed_pdet": 0.048828125, "passed": true}}  (173s)
  K=2 pulsed_p1      drop 21: max BER 0.480, CNN picks {"0.05": {"index": 0, "sweep_ber": 0.0, "sweep_pdet": 0.06640625, "confirmed_ber": 0.0, "confirmed_ser": 0.0, "confirmed_pdet": 0.0439453125, "passed": true}}  (182s)
  K=2 pulsed_p1      drop 22: max BER 0.474, CNN picks {"0.05": {"index": 0, "sweep_ber": 0.0, "sweep_pdet": 0.02734375, "confirmed_ber": 0.0, "confirmed_ser": 0.0, "confirmed_pdet": 0.0419921875, "passed": true}}  (190s)
  K=2 pulsed_p1      drop 23: max BER 0.463, CNN picks {"0.05": {"index": 0, "sweep_ber": 0.0, "sweep_pdet": 0.03515625, "confirmed_ber": 0.0, "confirmed_ser": 0.0, "confirmed_pdet": 0.05078125, "passed": true}}  (199s)
  K=2 pulsed_p1      drop 24: max BER 0.473, CNN picks {"0.05": {"index": 0, "sweep_ber": 0.0, "sweep_pdet": 0.0546875, "confirmed_ber": 0.0, "confirmed_ser": 0.0, "confirmed_pdet": 0.0439453125, "passed": true}}  (208s)
  K=2 pulsed_p1      drop 25: max BER 0.490, CNN picks {"0.05": {"index": 0, "sweep_ber": 0.0, "sweep_pdet": 0.06640625, "confirmed_ber": 0.0, "confirmed_ser": 0.0, "confirmed_pdet": 0.0439453125, "passed": true}}  (216s)
  K=2 pulsed_p1      drop 26: max BER 0.485, CNN picks {"0.05": {"index": 0, "sweep_ber": 0.0, "sweep_pdet": 0.05078125, "confirmed_ber": 0.0, "confirmed_ser": 0.0, "confirmed_pdet": 0.048828125, "passed": true}}  (225s)
  K=2 pulsed_p1      drop 27: max BER 0.488, CNN picks {"0.05": {"index": 0, "sweep_ber": 0.0, "sweep_pdet": 0.05078125, "confirmed_ber": 0.0, "confirmed_ser": 0.0, "confirmed_pdet": 0.0478515625, "passed": true}}  (233s)
  K=2 pulsed_p1      drop 28: max BER 0.466, CNN picks {"0.05": {"index": 0, "sweep_ber": 0.0, "sweep_pdet": 0.05078125, "confirmed_ber": 0.0, "confirmed_ser": 0.0, "confirmed_pdet": 0.046875, "passed": true}}  (242s)
  K=2 pulsed_p1      drop 29: max BER 0.491, CNN picks {"0.05": {"index": 0, "sweep_ber": 0.0, "sweep_pdet": 0.0625, "confirmed_ber": 0.0, "confirmed_ser": 0.0, "confirmed_pdet": 0.0439453125, "passed": true}}  (250s)
  K=2 pulsed_p1      drop 30: max BER 0.481, CNN picks {"0.05": {"index": 0, "sweep_ber": 0.0, "sweep_pdet": 0.03515625, "confirmed_ber": 0.0, "confirmed_ser": 0.0, "confirmed_pdet": 0.04296875, "passed": true}}  (259s)
  K=2 pulsed_p1      drop 31: max BER 0.486, CNN picks {"0.05": {"index": 0, "sweep_ber": 0.0, "sweep_pdet": 0.06640625, "confirmed_ber": 0.0, "confirmed_ser": 0.0, "confirmed_pdet": 0.0537109375, "passed": true}}  (267s)
  K=2 pulsed_p1      drop 32: max BER 0.485, CNN picks {"0.05": {"index": 0, "sweep_ber": 0.0, "sweep_pdet": 0.04296875, "confirmed_ber": 0.0, "confirmed_ser": 0.0, "confirmed_pdet": 0.056640625, "passed": true}}  (276s)
  K=2 pulsed_p1      drop 33: max BER 0.476, CNN picks {"0.05": {"index": 0, "sweep_ber": 0.0, "sweep_pdet": 0.0234375, "confirmed_ber": 0.0, "confirmed_ser": 0.0, "confirmed_pdet": 0.0458984375, "passed": true}}  (285s)
  K=2 pulsed_p1      drop 34: max BER 0.461, CNN picks {"0.05": {"index": 1, "sweep_ber": 0.0, "sweep_pdet": 0.05078125, "confirmed_ber": 0.0, "confirmed_ser": 0.0, "confirmed_pdet": 0.0556640625, "passed": true}}  (293s)
  K=2 pulsed_p1      drop 35: max BER 0.455, CNN picks {"0.05": {"index": 0, "sweep_ber": 0.0, "sweep_pdet": 0.0390625, "confirmed_ber": 0.0, "confirmed_ser": 0.0, "confirmed_pdet": 0.05078125, "passed": true}}  (302s)
  K=2 pulsed_p1      drop 36: max BER 0.456, CNN picks {"0.05": {"index": 0, "sweep_ber": 0.0, "sweep_pdet": 0.03125, "confirmed_ber": 0.0, "confirmed_ser": 0.0, "confirmed_pdet": 0.04296875, "passed": true}}  (310s)
  K=2 pulsed_p1      drop 37: max BER 0.471, CNN picks {"0.05": {"index": 1, "sweep_ber": 0.0, "sweep_pdet": 0.02734375, "confirmed_ber": 0.0, "confirmed_ser": 0.0, "confirmed_pdet": 0.0419921875, "passed": true}}  (319s)
  K=2 pulsed_p1      drop 38: max BER 0.461, CNN picks {"0.05": {"index": 0, "sweep_ber": 0.0, "sweep_pdet": 0.04296875, "confirmed_ber": 0.0, "confirmed_ser": 0.0, "confirmed_pdet": 0.0478515625, "passed": true}}  (327s)
  K=2 pulsed_p1      drop 39: max BER 0.476, CNN picks {"0.05": {"index": 0, "sweep_ber": 0.0, "sweep_pdet": 0.03125, "confirmed_ber": 0.0, "confirmed_ser": 0.0, "confirmed_pdet": 0.0576171875, "passed": true}}  (336s)
  K=2 pulsed_p1      drop 40: max BER 0.489, CNN picks {"0.05": {"index": 1, "sweep_ber": 0.0, "sweep_pdet": 0.03515625, "confirmed_ber": 0.0, "confirmed_ser": 0.0, "confirmed_pdet": 0.046875, "passed": true}}  (345s)
  K=2 pulsed_p1      drop 41: max BER 0.495, CNN picks {"0.05": {"index": 0, "sweep_ber": 0.0, "sweep_pdet": 0.05078125, "confirmed_ber": 0.0, "confirmed_ser": 0.0, "confirmed_pdet": 0.0546875, "passed": true}}  (352s)
  K=2 pulsed_p1      drop 42: max BER 0.491, CNN picks {"0.05": {"index": 0, "sweep_ber": 0.0, "sweep_pdet": 0.0390625, "confirmed_ber": 0.0, "confirmed_ser": 0.0, "confirmed_pdet": 0.0478515625, "passed": true}}  (361s)
  K=2 pulsed_p1      drop 43: max BER 0.476, CNN picks {"0.05": {"index": 0, "sweep_ber": 0.0, "sweep_pdet": 0.03515625, "confirmed_ber": 0.0, "confirmed_ser": 0.0, "confirmed_pdet": 0.037109375, "passed": true}}  (369s)
  K=2 pulsed_p1      drop 44: max BER 0.494, CNN picks {"0.05": {"index": 0, "sweep_ber": 0.0, "sweep_pdet": 0.05078125, "confirmed_ber": 0.0, "confirmed_ser": 0.0, "confirmed_pdet": 0.0556640625, "passed": true}}  (378s)
  K=2 pulsed_p1      drop 45: max BER 0.471, CNN picks {"0.05": {"index": 0, "sweep_ber": 0.0, "sweep_pdet": 0.0546875, "confirmed_ber": 0.0, "confirmed_ser": 0.0, "confirmed_pdet": 0.046875, "passed": true}}  (386s)
  K=2 pulsed_p1      drop 46: max BER 0.464, CNN picks {"0.05": {"index": 0, "sweep_ber": 0.0, "sweep_pdet": 0.0390625, "confirmed_ber": 0.0, "confirmed_ser": 0.0, "confirmed_pdet": 0.044921875, "passed": true}}  (395s)
  K=2 pulsed_p1      drop 47: max BER 0.482, CNN picks {"0.05": {"index": 0, "sweep_ber": 0.0, "sweep_pdet": 0.04296875, "confirmed_ber": 0.0, "confirmed_ser": 0.0, "confirmed_pdet": 0.0400390625, "passed": true}}  (403s)
  K=2 pulsed_p1      drop 48: max BER 0.479, CNN picks {"0.05": {"index": 0, "sweep_ber": 0.0, "sweep_pdet": 0.0390625, "confirmed_ber": 0.0, "confirmed_ser": 0.0, "confirmed_pdet": 0.0498046875, "passed": true}}  (412s)
  K=2 pulsed_p1      drop 49: max BER 0.464, CNN picks {"0.05": {"index": 0, "sweep_ber": 0.0, "sweep_pdet": 0.05078125, "confirmed_ber": 0.0, "confirmed_ser": 0.0, "confirmed_pdet": 0.0439453125, "passed": true}}  (420s)
wrote sweep_K2.json in 420s
