node: artongpu05.ee.ethz.ch | gpu: NVIDIA GeForce RTX 2080 Ti
  K=4 pulsed_p1      drop  0: max BER 0.459, CNN picks {"0.05": {"index": 0, "sweep_ber": 0.0, "sweep_pdet": 0.03515625, "confirmed_ber": 0.0, "confirmed_ser": 0.0, "confirmed_pdet": 0.0625, "passed": true}}  (13s)
  K=4 pulsed_p1      drop  1: max BER 0.485, CNN picks {"0.05": {"index": 0, "sweep_ber": 0.0, "sweep_pdet": 0.06640625, "confirmed_ber": 0.0, "confirmed_ser": 0.0, "confirmed_pdet": 0.05078125, "passed": true}}  (21s)
  K=4 pulsed_p1      drop  2: max BER 0.486, CNN picks {"0.05": {"index": 0, "sweep_ber": 0.0, "sweep_pdet": 0.05078125, "confirmed_ber": 0.0, "confirmed_ser": 0.0, "confirmed_pdet": 0.0439453125, "passed": true}}  (30s)
  K=4 pulsed_p1      drop  3: max BER 0.487, CNN picks {"0.05": {"index": 0, "sweep_ber": 0.0, "sweep_pdet": 0.05078125, "confirmed_ber": 0.0, "confirmed_ser": 0.0, "confirmed_pdet": 0.04296875, "passed": true}}  (38s)
  K=4 pulsed_p1      drop  4: max BER 0.477, CNN picks {"0.05": {"index": 0, "sweep_ber": 0.0, "sweep_pdet": 0.05859375, "confirmed_ber": 0.0, "confirmed_ser": 0.0, "confirmed_pdet": 0.05078125, "passed": true}}  (47s)
  K=4 pulsed_p1      drop  5: max BER 0.482, CNN picks {"0.05": {"index": 1, "sweep_ber": 0.0, "sweep_pdet": 0.05859375, "confirmed_ber": 0.0, "confirmed_ser": 0.0, "confirmed_pdet": 0.029296875, "passed": true}}  (55s)
  K=4 pulsed_p1      drop  6: max BER 0.481, CNN picks {"0.05": {"index": 0, "sweep_ber": 0.0, "sweep_pdet": 0.04296875, "confirmed_ber": 0.0, "confirmed_ser": 0.0, "confirmed_pdet": 0.0380859375, "passed": true}}  (64s)
  K=4 pulsed_p1      drop  7: max BER 0.472, CNN picks {"0.05": {"index": 0, "sweep_ber": 0.0, "sweep_pdet": 0.015625, "confirmed_ber": 0.0, "confirmed_ser": 0.0, "confirmed_pdet": 0.0498046875, "passed": true}}  (72s)
  K=4 pulsed_p1      drop  8: max BER 0.484, CNN picks {"0.05": {"index": 0, "sweep_ber": 0.0, "sweep_pdet": 0.04296875, "confirmed_ber": 0.0, "confirmed_ser": 0.0, "confirmed_pdet": 0.041015625, "passed": true}}  (81s)
  K=4 pulsed_p1      drop  9: max BER 0.476, CNN picks {"0.05": {"index": 0, "sweep_ber": 0.0, "sweep_pdet": 0.046875, "confirmed_ber": 0.0, "confirmed_ser": 0.0, "confirmed_pdet": 0.0556640625, "passed": true}}  (89s)
  K=4 pulsed_p1      drop 10: max BER 0.488, CNN picks {"0.05": {"index": 0, "sweep_ber": 0.0, "sweep_pdet": 0.0234375, "confirmed_ber": 0.0, "confirmed_ser": 0.0, "confirmed_pdet": 0.0478515625, "passed": true}}  (98s)
  K=4 pulsed_p1      drop 11: max BER 0.479, CNN picks {"0.05": {"index": 0, "sweep_ber": 0.0, "sweep_pdet": 0.05078125, "confirmed_ber": 0.0, "confirmed_ser": 0.0, "confirmed_pdet": 0.05859375, "passed": true}}  (106s)
  K=4 pulsed_p1      drop 12: max BER 0.475, CNN picks {"0.05": {"index": 0, "sweep_ber": 0.0, "sweep_pdet": 0.0546875, "confirmed_ber": 0.0, "confirmed_ser": 0.0, "confirmed_pdet": 0.044921875, "passed": true}}  (115s)
  K=4 pulsed_p1      drop 13: max BER 0.489, CNN picks {"0.05": {"index": 0, "sweep_ber": 0.0, "sweep_pdet": 0.05859375, "confirmed_ber": 0.0, "confirmed_ser": 0.0, "confirmed_pdet": 0.0625, "passed": true}}  (123s)
  K=4 pulsed_p1      drop 14: max BER 0.477, CNN picks {"0.05": {"index": 0, "sweep_ber": 0.0, "sweep_pdet": 0.0546875, "confirmed_ber": 0.0, "confirmed_ser": 0.0, "confirmed_pdet": 0.0322265625, "passed": true}}  (132s)
  K=4 pulsed_p1      drop 15: max BER 0.493, CNN picks {"0.05": {"index": 0, "sweep_ber": 0.0, "sweep_pdet": 0.0703125, "confirmed_ber": 0.0, "confirmed_ser": 0.0, "confirmed_pdet": 0.060546875, "passed": true}}  (141s)
  K=4 pulsed_p1      drop 16: max BER 0.479, CNN picks {"0.05": {"index": 0, "sweep_ber": 0.0, "sweep_pdet": 0.04296875, "confirmed_ber": 0.0, "confirmed_ser": 0.0, "confirmed_pdet": 0.0380859375, "passed": true}}  (149s)
  K=4 pulsed_p1      drop 17: max BER 0.487, CNN picks {"0.05": {"index": 0, "sweep_ber": 0.0, "sweep_pdet": 0.0234375, "confirmed_ber": 0.0, "confirmed_ser": 0.0, "confirmed_pdet": 0.0517578125, "passed": true}}  (158s)
  K=4 pulsed_p1      drop 18: max BER 0.470, CNN picks {"0.05": {"index": 0, "sweep_ber": 0.0, "sweep_pdet": 0.05078125, "confirmed_ber": 0.0, "confirmed_ser": 0.0, "confirmed_pdet": 0.048828125, "passed": true}}  (167s)
  K=4 pulsed_p1      drop 19: max BER 0.470, CNN picks {"0.05": {"index": 0, "sweep_ber": 0.0, "sweep_pdet": 0.05859375, "confirmed_ber": 0.0, "confirmed_ser": 0.0, "confirmed_pdet": 0.0419921875, "passed": true}}  (175s)
  K=4 pulsed_p1      drop 20: max BER 0.479, CNN picks {"0.05": {"index": 0, "sweep_ber": 0.0, "sweep_pdet": 0.04296875, "confirmed_ber": 0.0, "confirmed_ser": 0.0, "confirmed_pdet": 0.0498046875, "passed": true}}  (184s)
  K=4 pulsed_p1      drop 21: max BER 0.476, CNN picks {"0.05": {"index": 0, "sweep_ber": 0.0, "sweep_pdet": 0.05078125, "confirmed_ber": 0.0, "confirmed_ser": 0.0, "confirmed_pdet": 0.041015625, "passed": true}}  (193s)
  K=4 pulsed_p1      drop 22: max BER 0.476, CNN picks {"0.05": {"index": 0, "sweep_ber": 0.0, "sweep_pdet": 0.0390625, "confirmed_ber": 0.0, "confirmed_ser": 0.0, "confirmed_pdet": 0.052734375, "passed": true}}  (201s)
  K=4 pulsed_p1      drop 23: max BER 0.475, CNN picks {"0.05": {"index": 0, "sweep_ber": 0.0, "sweep_pdet": 0.05859375, "confirmed_ber": 0.0, "confirmed_ser": 0.0, "confirmed_pdet": 0.04296875, "passed": true}}  (210s)
  K=4 pulsed_p1      drop 24: max BER 0.484, CNN picks {"0.05": {"index": 0, "sweep_ber": 0.0, "sweep_pdet": 0.0703125, "confirmed_ber": 0.0, "confirmed_ser": 0.0, "confirmed_pdet": 0.0517578125, "passed": true}}  (219s)
  K=4 pulsed_p1      drop 25: max BER 0.488, CNN picks {"0.05": {"index": 0, "sweep_ber": 0.0, "sweep_pdet": 0.05859375, "confirmed_ber": 0.0, "confirmed_ser": 0.0, "confirmed_pdet": 0.048828125, "passed": true}}  (227s)
  K=4 pulsed_p1      drop 26: max BER 0.479, CNN picks {"0.05": {"index": 0, "sweep_ber": 0.0, "sweep_pdet": 0.02734375, "confirmed_ber": 0.0, "confirmed_ser": 0.0, "confirmed_pdet": 0.0615234375, "passed": true}}  (236s)
  K=4 pulsed_p1      drop 27: max BER 0.486, CNN picks {"0.05": {"index": 0, "sweep_ber": 0.0, "sweep_pdet": 0.04296875, "confirmed_ber": 0.0, "confirmed_ser": 0.0, "confirmed_pdet": 0.0439453125, "passed": true}}  (245s)
  K=4 pulsed_p1      drop 28: max BER 0.485, CNN picks {"0.05": {"index": 0, "sweep_ber": 0.0, "sweep_pdet": 0.04296875, "confirmed_ber": 0.0, "confirmed_ser": 0.0, "confirmed_pdet": 0.05078125, "passed": true}}  (253s)
  K=4 pulsed_p1      drop 29: max BER 0.485, CNN picks {"0.05": {"index": 0, "sweep_ber": 0.0, "sweep_pdet": 0.05859375, "confirmed_ber": 0.0, "confirmed_ser": 0.0, "confirmed_pdet": 0.0439453125, "passed": true}}  (262s)
  K=4 pulsed_p1      drop 30: max BER 0.478, CNN picks {"0.05": {"index": 0, "sweep_ber": 0.0, "sweep_pdet": 0.05078125, "confirmed_ber": 0.0, "confirmed_ser": 0.0, "confirmed_pdet": 0.0439453125, "passed": true}}  (271s)
  K=4 pulsed_p1      drop 31: max BER 0.483, CNN picks {"0.05": {"index": 0, "sweep_ber": 0.0, "sweep_pdet": 0.0546875, "confirmed_ber": 0.0, "confirmed_ser": 0.0, "confirmed_pdet": 0.04296875, "passed": true}}  (279s)
  K=4 pulsed_p1      drop 32: max BER 0.475, CNN picks {"0.05": {"index": 0, "sweep_ber": 0.0, "sweep_pdet": 0.05078125, "confirmed_ber": 0.0, "confirmed_ser": 0.0, "confirmed_pdet": 0.056640625, "passed": true}}  (288s)
  K=4 pulsed_p1      drop 33: max BER 0.474, CNN picks {"0.05": {"index": 0, "sweep_ber": 0.0, "sweep_pdet": 0.04296875, "confirmed_ber": 0.0, "confirmed_ser": 0.0, "confirmed_pdet": 0.0400390625, "passed": true}}  (296s)
  K=4 pulsed_p1      drop 34: max BER 0.466, CNN picks {"0.05": {"index": 0, "sweep_ber": 0.0, "sweep_pdet": 0.01171875, "confirmed_ber": 0.0, "confirmed_ser": 0.0, "confirmed_pdet": 0.044921875, "passed": true}}  (305s)
  K=4 pulsed_p1      drop 35: max BER 0.481, CNN picks {"0.05": {"index": 0, "sweep_ber": 0.0, "sweep_pdet": 0.046875, "confirmed_ber": 0.0, "confirmed_ser": 0.0, "confirmed_pdet": 0.0625, "passed": true}}  (314s)
  K=4 pulsed_p1      drop 36: max BER 0.473, CNN picks {"0.05": {"index": 0, "sweep_ber": 0.0, "sweep_pdet": 0.0078125, "confirmed_ber": 0.0, "confirmed_ser": 0.0, "confirmed_pdet": 0.0390625, "passed": true}}  (322s)
  K=4 pulsed_p1      drop 37: max BER 0.471, CNN picks {"0.05": {"index": 0, "sweep_ber": 0.0, "sweep_pdet": 0.04296875, "confirmed_ber": 0.0, "confirmed_ser": 0.0, "confirmed_pdet": 0.0419921875, "passed": true}}  (331s)
  K=4 pulsed_p1      drop 38: max BER 0.471, CNN picks {"0.05": {"index": 0, "sweep_ber": 0.0, "sweep_pdet": 0.05078125, "confirmed_ber": 0.0, "confirmed_ser": 0.0, "confirmed_pdet": 0.0380859375, "passed": true}}  (340s)
  K=4 pulsed_p1      drop 39: max BER 0.476, CNN picks {"0.05": {"index": 0, "sweep_ber": 0.0, "sweep_pdet": 0.046875, "confirmed_ber": 0.0, "confirmed_ser": 0.0, "confirmed_pdet": 0.056640625, "passed": true}}  (348s)
  K=4 pulsed_p1      drop 40: max BER 0.483, CNN picks {"0.05": {"index": 0, "sweep_ber": 0.0, "sweep_pdet": 0.0546875, "confirmed_ber": 0.0, "confirmed_ser": 0.0, "confirmed_pdet": 0.0576171875, "passed": true}}  (357s)
  K=4 pulsed_p1      drop 41: max BER 0.493, CNN picks {"0.05": {"index": 1, "sweep_ber": 0.0, "sweep_pdet": 0.0390625, "confirmed_ber": 0.0, "confirmed_ser": 0.0, "confirmed_pdet": 0.052734375, "passed": true}}  (365s)
  K=4 pulsed_p1      drop 42: max BER 0.486, CNN picks {"0.05": {"index": 0, "sweep_ber": 0.0, "sweep_pdet": 0.0546875, "confirmed_ber": 0.0, "confirmed_ser": 0.0, "confirmed_pdet": 0.044921875, "passed": true}}  (374s)
  K=4 pulsed_p1      drop 43: max BER 0.469, CNN picks {"0.05": {"index": 0, "sweep_ber": 0.0, "sweep_pdet": 0.04296875, "confirmed_ber": 0.0, "confirmed_ser": 0.0, "confirmed_pdet": 0.0595703125, "passed": true}}  (382s)
  K=4 pulsed_p1      drop 44: max BER 0.492, CNN picks {"0.05": {"index": 0, "sweep_ber": 0.0, "sweep_pdet": 0.0625, "confirmed_ber": 0.0, "confirmed_ser": 0.0, "confirmed_pdet": 0.06640625, "passed": false}}  (391s)
  K=4 pulsed_p1      drop 45: max BER 0.482, CNN picks {"0.05": {"index": 0, "sweep_ber": 0.0, "sweep_pdet": 0.04296875, "confirmed_ber": 0.0, "confirmed_ser": 0.0, "confirmed_pdet": 0.052734375, "passed": true}}  (399s)
  K=4 pulsed_p1      drop 46: max BER 0.469, CNN picks {"0.05": {"index": 0, "sweep_ber": 0.0, "sweep_pdet": 0.05859375, "confirmed_ber": 0.0, "confirmed_ser": 0.0, "confirmed_pdet": 0.046875, "passed": true}}  (408s)
  K=4 pulsed_p1      drop 47: max BER 0.486, CNN picks {"0.05": {"index": 0, "sweep_ber": 0.0, "sweep_pdet": 0.06640625, "confirmed_ber": 0.0, "confirmed_ser": 0.0, "confirmed_pdet": 0.0634765625, "passed": true}}  (417s)
  K=4 pulsed_p1      drop 48: max BER 0.492, CNN picks {"0.05": {"index": 0, "sweep_ber": 0.0, "sweep_pdet": 0.03515625, "confirmed_ber": 0.0, "confirmed_ser": 0.0, "confirmed_pdet": 0.0498046875, "passed": true}}  (425s)
  K=4 pulsed_p1      drop 49: max BER 0.474, CNN picks {"0.05": {"index": 0, "sweep_ber": 0.0, "sweep_pdet": 0.05859375, "confirmed_ber": 0.0, "confirmed_ser": 0.0, "confirmed_pdet": 0.046875, "passed": true}}  (434s)
wrote sweep_K4.json in 434s
