node: artongpu05.ee.ethz.ch | gpu: NVIDIA GeForce RTX 2080 Ti
test drops: 50, realised SNR 30.000..30.000 dB, T power 14.2..33.4 dBm
clean: BER 0.00e+00, FAR {"power_one_sided": {"0.01": 0.009765625, "0.05": 0.05126953125}, "power_two_sided": {"0.01": 0.01123046875, "0.05": 0.04345703125}, "kurtosis": {"0.01": 0.0107421875, "0.05": 0.05615234375}, "spec_cnn": {"0.01": 0.00830078125, "0.05": 0.04443359375}}
  noise            JSR   -50 dB  BER 0.00e+00  P(det)@0.05 power_one_sided 0.053 power_two_sided 0.041 kurtosis 0.041 spec_cnn 0.053 lrt_noise 0.061  (21s)
  noise            JSR   -49 dB  BER 0.00e+00  P(det)@0.05 power_one_sided 0.057 power_two_sided 0.066 kurtosis 0.049 spec_cnn 0.049 lrt_noise 0.064  (21s)
  noise            JSR   -48 dB  BER 0.00e+00  P(det)@0.05 power_one_sided 0.053 power_two_sided 0.057 kurtosis 0.039 spec_cnn 0.035 lrt_noise 0.076  (21s)
  noise            JSR   -47 dB  BER 0.00e+00  P(det)@0.05 power_one_sided 0.045 power_two_sided 0.051 kurtosis 0.068 spec_cnn 0.045 lrt_noise 0.078  (21s)
  noise            JSR   -46 dB  BER 0.00e+00  P(det)@0.05 power_one_sided 0.053 power_two_sided 0.051 kurtosis 0.066 spec_cnn 0.062 lrt_noise 0.088  (22s)
  noise            JSR   -45 dB  BER 0.00e+00  P(det)@0.05 power_one_sided 0.053 power_two_sided 0.062 kurtosis 0.061 spec_cnn 0.047 lrt_noise 0.102  (22s)
  noise            JSR   -44 dB  BER 0.00e+00  P(det)@0.05 power_one_sided 0.061 power_two_sided 0.053 kurtosis 0.053 spec_cnn 0.039 lrt_noise 0.150  (22s)
  noise            JSR   -43 dB  BER 0.00e+00  P(det)@0.05 power_one_sided 0.041 power_two_sided 0.035 kurtosis 0.043 spec_cnn 0.061 lrt_noise 0.160  (23s)
  noise            JSR   -42 dB  BER 0.00e+00  P(det)@0.05 power_one_sided 0.080 power_two_sided 0.078 kurtosis 0.049 spec_cnn 0.057 lrt_noise 0.193  (23s)
  noise            JSR   -41 dB  BER 0.00e+00  P(det)@0.05 power_one_sided 0.068 power_two_sided 0.076 kurtosis 0.057 spec_cnn 0.072 lrt_noise 0.289  (23s)
  noise            JSR   -40 dB  BER 0.00e+00  P(det)@0.05 power_one_sided 0.074 power_two_sided 0.074 kurtosis 0.055 spec_cnn 0.045 lrt_noise 0.350  (24s)
  noise            JSR   -39 dB  BER 0.00e+00  P(det)@0.05 power_one_sided 0.062 power_two_sided 0.057 kurtosis 0.053 spec_cnn 0.088 lrt_noise 0.498  (24s)
  noise            JSR   -38 dB  BER 0.00e+00  P(det)@0.05 power_one_sided 0.092 power_two_sided 0.074 kurtosis 0.055 spec_cnn 0.064 lrt_noise 0.668  (24s)
  noise            JSR   -37 dB  BER 0.00e+00  P(det)@0.05 power_one_sided 0.082 power_two_sided 0.070 kurtosis 0.057 spec_cnn 0.105 lrt_noise 0.832  (24s)
  noise            JSR   -36 dB  BER 0.00e+00  P(det)@0.05 power_one_sided 0.098 power_two_sided 0.070 kurtosis 0.043 spec_cnn 0.107 lrt_noise 0.930  (25s)
  noise            JSR   -35 dB  BER 0.00e+00  P(det)@0.05 power_one_sided 0.146 power_two_sided 0.125 kurtosis 0.059 spec_cnn 0.135 lrt_noise 0.994  (25s)
  noise            JSR   -34 dB  BER 0.00e+00  P(det)@0.05 power_one_sided 0.141 power_two_sided 0.121 kurtosis 0.059 spec_cnn 0.158 lrt_noise 0.998  (25s)
  noise            JSR   -33 dB  BER 0.00e+00  P(det)@0.05 power_one_sided 0.174 power_two_sided 0.137 kurtosis 0.031 spec_cnn 0.195 lrt_noise 1.000  (26s)
  noise            JSR   -32 dB  BER 0.00e+00  P(det)@0.05 power_one_sided 0.168 power_two_sided 0.146 kurtosis 0.041 spec_cnn 0.283 lrt_noise 1.000  (26s)
  noise            JSR   -31 dB  BER 0.00e+00  P(det)@0.05 power_one_sided 0.266 power_two_sided 0.221 kurtosis 0.053 spec_cnn 0.373 lrt_noise 1.000  (26s)
  noise            JSR   -30 dB  BER 0.00e+00  P(det)@0.05 power_one_sided 0.305 power_two_sided 0.234 kurtosis 0.055 spec_cnn 0.529 lrt_noise 1.000  (27s)
  noise            JSR   -29 dB  BER 0.00e+00  P(det)@0.05 power_one_sided 0.377 power_two_sided 0.322 kurtosis 0.041 spec_cnn 0.725 lrt_noise 1.000  (27s)
  noise            JSR   -28 dB  BER 0.00e+00  P(det)@0.05 power_one_sided 0.441 power_two_sided 0.395 kurtosis 0.055 spec_cnn 0.844 lrt_noise 1.000  (27s)
  noise            JSR   -27 dB  BER 0.00e+00  P(det)@0.05 power_one_sided 0.514 power_two_sided 0.465 kurtosis 0.053 spec_cnn 0.980 lrt_noise 1.000  (27s)
  noise            JSR   -26 dB  BER 0.00e+00  P(det)@0.05 power_one_sided 0.611 power_two_sided 0.545 kurtosis 0.041 spec_cnn 0.998 lrt_noise 1.000  (28s)
  noise            JSR   -25 dB  BER 0.00e+00  P(det)@0.05 power_one_sided 0.707 power_two_sided 0.652 kurtosis 0.043 spec_cnn 1.000 lrt_noise 1.000  (28s)
  noise            JSR   -24 dB  BER 0.00e+00  P(det)@0.05 power_one_sided 0.807 power_two_sided 0.764 kurtosis 0.053 spec_cnn 1.000 lrt_noise 1.000  (28s)
  noise            JSR   -23 dB  BER 0.00e+00  P(det)@0.05 power_one_sided 0.867 power_two_sided 0.850 kurtosis 0.078 spec_cnn 1.000 lrt_noise 1.000  (29s)
  noise            JSR   -22 dB  BER 0.00e+00  P(det)@0.05 power_one_sided 0.928 power_two_sided 0.908 kurtosis 0.045 spec_cnn 1.000 lrt_noise 1.000  (29s)
  noise            JSR   -21 dB  BER 0.00e+00  P(det)@0.05 power_one_sided 0.957 power_two_sided 0.949 kurtosis 0.070 spec_cnn 1.000 lrt_noise 1.000  (29s)
  noise            JSR   -20 dB  BER 0.00e+00  P(det)@0.05 power_one_sided 0.988 power_two_sided 0.980 kurtosis 0.070 spec_cnn 1.000 lrt_noise 1.000  (30s)
  noise            JSR   -19 dB  BER 0.00e+00  P(det)@0.05 power_one_sided 0.998 power_two_sided 0.996 kurtosis 0.105 spec_cnn 1.000 lrt_noise 1.000  (30s)
  noise            JSR   -18 dB  BER 0.00e+00  P(det)@0.05 power_one_sided 0.998 power_two_sided 0.996 kurtosis 0.121 spec_cnn 1.000 lrt_noise 1.000  (30s)
  noise            JSR   -17 dB  BER 0.00e+00  P(det)@0.05 power_one_sided 1.000 power_two_sided 1.000 kurtosis 0.133 spec_cnn 1.000 lrt_noise 1.000  (30s)
  noise            JSR   -16 dB  BER 0.00e+00  P(det)@0.05 power_one_sided 1.000 power_two_sided 1.000 kurtosis 0.203 spec_cnn 1.000 lrt_noise 1.000  (31s)
  noise            JSR   -15 dB  BER 0.00e+00  P(det)@0.05 power_one_sided 1.000 power_two_sided 1.000 kurtosis 0.270 spec_cnn 1.000 lrt_noise 1.000  (31s)
  noise            JSR   -14 dB  BER 0.00e+00  P(det)@0.05 power_one_sided 1.000 power_two_sided 1.000 kurtosis 0.430 spec_cnn 1.000 lrt_noise 1.000  (31s)
  noise            JSR   -13 dB  BER 0.00e+00  P(det)@0.05 power_one_sided 1.000 power_two_sided 1.000 kurtosis 0.621 spec_cnn 1.000 lrt_noise 1.000  (32s)
  noise            JSR   -12 dB  BER 0.00e+00  P(det)@0.05 power_one_sided 1.000 power_two_sided 1.000 kurtosis 0.791 spec_cnn 1.000 lrt_noise 1.000  (32s)
  noise            JSR   -11 dB  BER 0.00e+00  P(det)@0.05 power_one_sided 1.000 power_two_sided 1.000 kurtosis 0.926 spec_cnn 1.000 lrt_noise 1.000  (32s)
  noise            JSR   -10 dB  BER 0.00e+00  P(det)@0.05 power_one_sided 1.000 power_two_sided 1.000 kurtosis 0.988 spec_cnn 1.000 lrt_noise 1.000  (33s)
  noise            JSR    -9 dB  BER 0.00e+00  P(det)@0.05 power_one_sided 1.000 power_two_sided 1.000 kurtosis 1.000 spec_cnn 1.000 lrt_noise 1.000  (33s)
  noise            JSR    -8 dB  BER 0.00e+00  P(det)@0.05 power_one_sided 1.000 power_two_sided 1.000 kurtosis 1.000 spec_cnn 1.000 lrt_noise 1.000  (33s)
  noise            JSR    -7 dB  BER 0.00e+00  P(det)@0.05 power_one_sided 1.000 power_two_sided 1.000 kurtosis 1.000 spec_cnn 1.000 lrt_noise 1.000  (33s)
  noise            JSR    -6 dB  BER 0.00e+00  P(det)@0.05 power_one_sided 1.000 power_two_sided 1.000 kurtosis 1.000 spec_cnn 1.000 lrt_noise 1.000  (34s)
  noise            JSR    -5 dB  BER 0.00e+00  P(det)@0.05 power_one_sided 1.000 power_two_sided 1.000 kurtosis 1.000 spec_cnn 1.000 lrt_noise 1.000  (34s)
  noise            JSR    -4 dB  BER 2.29e-05  P(det)@0.05 power_one_sided 1.000 power_two_sided 1.000 kurtosis 1.000 spec_cnn 1.000 lrt_noise 1.000  (34s)
  noise            JSR    -3 dB  BER 3.05e-05  P(det)@0.05 power_one_sided 1.000 power_two_sided 1.000 kurtosis 1.000 spec_cnn 1.000 lrt_noise 1.000  (35s)
  noise            JSR    -2 dB  BER 1.53e-04  P(det)@0.05 power_one_sided 1.000 power_two_sided 1.000 kurtosis 1.000 spec_cnn 1.000 lrt_noise 1.000  (35s)
  noise            JSR    -1 dB  BER 7.48e-04  P(det)@0.05 power_one_sided 1.000 power_two_sided 1.000 kurtosis 1.000 spec_cnn 1.000 lrt_noise 1.000  (35s)
  noise            JSR    +0 dB  BER 2.53e-03  P(det)@0.05 power_one_sided 1.000 power_two_sided 1.000 kurtosis 1.000 spec_cnn 1.000 lrt_noise 1.000  (36s)
  noise            JSR    +1 dB  BER 5.72e-03  P(det)@0.05 power_one_sided 1.000 power_two_sided 1.000 kurtosis 1.000 spec_cnn 1.000 lrt_noise 1.000  (36s)
  noise            JSR    +2 dB  BER 1.18e-02  P(det)@0.05 power_one_sided 1.000 power_two_sided 1.000 kurtosis 1.000 spec_cnn 1.000 lrt_noise 1.000  (36s)
  noise            JSR    +3 dB  BER 2.26e-02  P(det)@0.05 power_one_sided 1.000 power_two_sided 1.000 kurtosis 1.000 spec_cnn 1.000 lrt_noise 1.000  (36s)
  noise            JSR    +4 dB  BER 3.83e-02  P(det)@0.05 power_one_sided 1.000 power_two_sided 1.000 kurtosis 1.000 spec_cnn 1.000 lrt_noise 1.000  (37s)
  noise            JSR    +5 dB  BER 5.56e-02  P(det)@0.05 power_one_sided 1.000 power_two_sided 1.000 kurtosis 1.000 spec_cnn 1.000 lrt_noise 1.000  (37s)
  noise            JSR    +6 dB  BER 7.75e-02  P(det)@0.05 power_one_sided 1.000 power_two_sided 1.000 kurtosis 1.000 spec_cnn 1.000 lrt_noise 1.000  (37s)
  noise            JSR    +7 dB  BER 1.02e-01  P(det)@0.05 power_one_sided 1.000 power_two_sided 1.000 kurtosis 1.000 spec_cnn 1.000 lrt_noise 1.000  (38s)
  noise            JSR    +8 dB  BER 1.31e-01  P(det)@0.05 power_one_sided 1.000 power_two_sided 1.000 kurtosis 1.000 spec_cnn 1.000 lrt_noise 1.000  (38s)
  noise            JSR    +9 dB  BER 1.59e-01  P(det)@0.05 power_one_sided 1.000 power_two_sided 1.000 kurtosis 1.000 spec_cnn 1.000 lrt_noise 1.000  (38s)
  noise            JSR   +10 dB  BER 1.85e-01  P(det)@0.05 power_one_sided 1.000 power_two_sided 1.000 kurtosis 1.000 spec_cnn 1.000 lrt_noise 1.000  (39s)
  noise            JSR   +11 dB  BER 2.14e-01  P(det)@0.05 power_one_sided 1.000 power_two_sided 1.000 kurtosis 1.000 spec_cnn 1.000 lrt_noise 1.000  (39s)
  noise            JSR   +12 dB  BER 2.38e-01  P(det)@0.05 power_one_sided 1.000 power_two_sided 1.000 kurtosis 1.000 spec_cnn 1.000 lrt_noise 1.000  (39s)
  noise            JSR   +13 dB  BER 2.62e-01  P(det)@0.05 power_one_sided 1.000 power_two_sided 1.000 kurtosis 1.000 spec_cnn 1.000 lrt_noise 1.000  (39s)
  noise            JSR   +14 dB  BER 2.88e-01  P(det)@0.05 power_one_sided 1.000 power_two_sided 1.000 kurtosis 1.000 spec_cnn 1.000 lrt_noise 1.000  (40s)
  noise            JSR   +15 dB  BER 3.09e-01  P(det)@0.05 power_one_sided 1.000 power_two_sided 1.000 kurtosis 1.000 spec_cnn 1.000 lrt_noise 1.000  (40s)
  noise confirmed picks: {"power_one_sided": {"0.01": {"index": 0, "sweep_ber": 0.0, "sweep_pdet": 0.0078125, "confirmed_ber": 0.0, "confirmed_ser": 0.0, "confirmed_pdet": 0.0087890625, "passed": true}, "0.05": {"index": 0, "sweep_ber": 0.0, "sweep_pdet": 0.052734375, "confirmed_ber": 0.0, "confirmed_ser": 0.0, "confirmed_pdet": 0.052001953125, "passed": true}}, "power_two_sided": {"0.01": {"index": 0, "sweep_ber": 0.0, "sweep_pdet": 0.00390625, "confirmed_ber": 0.0, "confirmed_ser": 0.0, "confirmed_pdet": 0.00927734375, "passed": true}, "0.05": {"index": 0, "sweep_ber": 0.0, "sweep_pdet": 0.041015625, "confirmed_ber": 0.0, "confirmed_ser": 0.0, "confirmed_pdet": 0.043212890625, "passed": true}}, "kurtosis": {"0.01": {"index": 0, "sweep_ber": 0.0, "sweep_pdet": 0.013671875, "confirmed_ber": 0.0, "confirmed_ser": 0.0, "confirmed_pdet": 0.01025390625, "passed": true}, "0.05": {"index": 0, "sweep_ber": 0.0, "sweep_pdet": 0.041015625, "confirmed_ber": 0.0, "confirmed_ser": 0.0, "confirmed_pdet": 0.04931640625, "passed": true}}, "spec_cnn": {"0.01": {"index": 0, "sweep_ber": 0.0, "sweep_pdet": 0.013671875, "confirmed_ber": 0.0, "confirmed_ser": 0.0, "confirmed_pdet": 0.012451171875, "passed": true}, "0.05": {"index": 0, "sweep_ber": 0.0, "sweep_pdet": 0.052734375, "confirmed_ber": 0.0, "confirmed_ser": 0.0, "confirmed_pdet": 0.05029296875, "passed": true}}, "lrt_noise": {"0.01": {"index": 0, "sweep_ber": 0.0, "sweep_pdet": 0.013671875, "confirmed_ber": 0.0, "confirmed_ser": 0.0, "confirmed_pdet": 0.01318359375, "passed": false}, "0.05": {"index": 0, "sweep_ber": 0.0, "sweep_pdet": 0.060546875, "confirmed_ber": 0.0, "confirmed_ser": 0.0, "confirmed_pdet": 0.06982421875, "passed": false}}}
  pulsed_p1        JSR   -50 dB  BER 0.00e+00  P(det)@0.05 power_one_sided 0.033 power_two_sided 0.039 kurtosis 0.059 spec_cnn 0.047  (63s)
  pulsed_p1        JSR   -49 dB  BER 0.00e+00  P(det)@0.05 power_one_sided 0.055 power_two_sided 0.039 kurtosis 0.053 spec_cnn 0.049  (63s)
  pulsed_p1        JSR   -48 dB  BER 0.00e+00  P(det)@0.05 power_one_sided 0.068 power_two_sided 0.062 kurtosis 0.043 spec_cnn 0.049  (64s)
  pulsed_p1        JSR   -47 dB  BER 0.00e+00  P(det)@0.05 power_one_sided 0.064 power_two_sided 0.078 kurtosis 0.061 spec_cnn 0.047  (64s)
  pulsed_p1        JSR   -46 dB  BER 0.00e+00  P(det)@0.05 power_one_sided 0.055 power_two_sided 0.055 kurtosis 0.043 spec_cnn 0.057  (64s)
  pulsed_p1        JSR   -45 dB  BER 0.00e+00  P(det)@0.05 power_one_sided 0.078 power_two_sided 0.092 kurtosis 0.061 spec_cnn 0.055  (64s)
  pulsed_p1        JSR   -44 dB  BER 0.00e+00  P(det)@0.05 power_one_sided 0.084 power_two_sided 0.094 kurtosis 0.061 spec_cnn 0.059  (65s)
  pulsed_p1        JSR   -43 dB  BER 0.00e+00  P(det)@0.05 power_one_sided 0.074 power_two_sided 0.076 kurtosis 0.041 spec_cnn 0.051  (65s)
  pulsed_p1        JSR   -42 dB  BER 0.00e+00  P(det)@0.05 power_one_sided 0.096 power_two_sided 0.104 kurtosis 0.053 spec_cnn 0.061  (65s)
  pulsed_p1        JSR   -41 dB  BER 0.00e+00  P(det)@0.05 power_one_sided 0.125 power_two_sided 0.139 kurtosis 0.051 spec_cnn 0.062  (66s)
  pulsed_p1        JSR   -40 dB  BER 0.00e+00  P(det)@0.05 power_one_sided 0.109 power_two_sided 0.141 kurtosis 0.057 spec_cnn 0.090  (66s)
  pulsed_p1        JSR   -39 dB  BER 0.00e+00  P(det)@0.05 power_one_sided 0.131 power_two_sided 0.156 kurtosis 0.049 spec_cnn 0.082  (66s)
  pulsed_p1        JSR   -38 dB  BER 0.00e+00  P(det)@0.05 power_one_sided 0.160 power_two_sided 0.213 kurtosis 0.049 spec_cnn 0.107  (66s)
  pulsed_p1        JSR   -37 dB  BER 0.00e+00  P(det)@0.05 power_one_sided 0.180 power_two_sided 0.213 kurtosis 0.055 spec_cnn 0.086  (67s)
  pulsed_p1        JSR   -36 dB  BER 0.00e+00  P(det)@0.05 power_one_sided 0.195 power_two_sided 0.217 kurtosis 0.061 spec_cnn 0.115  (67s)
  pulsed_p1        JSR   -35 dB  BER 0.00e+00  P(det)@0.05 power_one_sided 0.236 power_two_sided 0.314 kurtosis 0.045 spec_cnn 0.098  (67s)
  pulsed_p1        JSR   -34 dB  BER 0.00e+00  P(det)@0.05 power_one_sided 0.230 power_two_sided 0.326 kurtosis 0.057 spec_cnn 0.137  (67s)
  pulsed_p1        JSR   -33 dB  BER 0.00e+00  P(det)@0.05 power_one_sided 0.295 power_two_sided 0.387 kurtosis 0.064 spec_cnn 0.164  (68s)
  pulsed_p1        JSR   -32 dB  BER 0.00e+00  P(det)@0.05 power_one_sided 0.307 power_two_sided 0.404 kurtosis 0.037 spec_cnn 0.238  (68s)
  pulsed_p1        JSR   -31 dB  BER 0.00e+00  P(det)@0.05 power_one_sided 0.393 power_two_sided 0.506 kurtosis 0.055 spec_cnn 0.293  (68s)
  pulsed_p1        JSR   -30 dB  BER 0.00e+00  P(det)@0.05 power_one_sided 0.383 power_two_sided 0.525 kurtosis 0.041 spec_cnn 0.318  (69s)
  pulsed_p1        JSR   -29 dB  BER 0.00e+00  P(det)@0.05 power_one_sided 0.420 power_two_sided 0.570 kurtosis 0.051 spec_cnn 0.391  (69s)
  pulsed_p1        JSR   -28 dB  BER 0.00e+00  P(det)@0.05 power_one_sided 0.408 power_two_sided 0.561 kurtosis 0.049 spec_cnn 0.504  (69s)
  pulsed_p1        JSR   -27 dB  BER 0.00e+00  P(det)@0.05 power_one_sided 0.502 power_two_sided 0.652 kurtosis 0.057 spec_cnn 0.514  (69s)
  pulsed_p1        JSR   -26 dB  BER 0.00e+00  P(det)@0.05 power_one_sided 0.543 power_two_sided 0.703 kurtosis 0.043 spec_cnn 0.574  (70s)
  pulsed_p1        JSR   -25 dB  BER 0.00e+00  P(det)@0.05 power_one_sided 0.578 power_two_sided 0.730 kurtosis 0.049 spec_cnn 0.652  (70s)
  pulsed_p1        JSR   -24 dB  BER 0.00e+00  P(det)@0.05 power_one_sided 0.621 power_two_sided 0.758 kurtosis 0.061 spec_cnn 0.703  (70s)
  pulsed_p1        JSR   -23 dB  BER 0.00e+00  P(det)@0.05 power_one_sided 0.625 power_two_sided 0.770 kurtosis 0.049 spec_cnn 0.738  (71s)
  pulsed_p1        JSR   -22 dB  BER 0.00e+00  P(det)@0.05 power_one_sided 0.697 power_two_sided 0.809 kurtosis 0.066 spec_cnn 0.770  (71s)
  pulsed_p1        JSR   -21 dB  BER 0.00e+00  P(det)@0.05 power_one_sided 0.707 power_two_sided 0.836 kurtosis 0.094 spec_cnn 0.814  (71s)
  pulsed_p1        JSR   -20 dB  BER 0.00e+00  P(det)@0.05 power_one_sided 0.771 power_two_sided 0.879 kurtosis 0.115 spec_cnn 0.828  (71s)
  pulsed_p1        JSR   -19 dB  BER 0.00e+00  P(det)@0.05 power_one_sided 0.814 power_two_sided 0.904 kurtosis 0.133 spec_cnn 0.863  (72s)
  pulsed_p1        JSR   -18 dB  BER 0.00e+00  P(det)@0.05 power_one_sided 0.859 power_two_sided 0.938 kurtosis 0.152 spec_cnn 0.891  (72s)
  pulsed_p1        JSR   -17 dB  BER 0.00e+00  P(det)@0.05 power_one_sided 0.900 power_two_sided 0.943 kurtosis 0.217 spec_cnn 0.918  (72s)
  pulsed_p1        JSR   -16 dB  BER 0.00e+00  P(det)@0.05 power_one_sided 0.912 power_two_sided 0.959 kurtosis 0.330 spec_cnn 0.920  (73s)
  pulsed_p1        JSR   -15 dB  BER 0.00e+00  P(det)@0.05 power_one_sided 0.928 power_two_sided 0.977 kurtosis 0.457 spec_cnn 0.959  (73s)
  pulsed_p1        JSR   -14 dB  BER 0.00e+00  P(det)@0.05 power_one_sided 0.957 power_two_sided 0.982 kurtosis 0.605 spec_cnn 0.928  (73s)
  pulsed_p1        JSR   -13 dB  BER 0.00e+00  P(det)@0.05 power_one_sided 0.973 power_two_sided 0.980 kurtosis 0.803 spec_cnn 0.963  (73s)
  pulsed_p1        JSR   -12 dB  BER 0.00e+00  P(det)@0.05 power_one_sided 0.990 power_two_sided 0.998 kurtosis 0.916 spec_cnn 0.957  (74s)
  pulsed_p1        JSR   -11 dB  BER 0.00e+00  P(det)@0.05 power_one_sided 0.988 power_two_sided 0.992 kurtosis 0.965 spec_cnn 0.961  (74s)
  pulsed_p1        JSR   -10 dB  BER 0.00e+00  P(det)@0.05 power_one_sided 0.998 power_two_sided 1.000 kurtosis 0.994 spec_cnn 0.975  (74s)
  pulsed_p1        JSR    -9 dB  BER 0.00e+00  P(det)@0.05 power_one_sided 1.000 power_two_sided 1.000 kurtosis 1.000 spec_cnn 0.994  (75s)
  pulsed_p1        JSR    -8 dB  BER 0.00e+00  P(det)@0.05 power_one_sided 1.000 power_two_sided 1.000 kurtosis 1.000 spec_cnn 0.992  (75s)
  pulsed_p1        JSR    -7 dB  BER 7.63e-05  P(det)@0.05 power_one_sided 1.000 power_two_sided 1.000 kurtosis 1.000 spec_cnn 0.996  (75s)
  pulsed_p1        JSR    -6 dB  BER 1.46e-03  P(det)@0.05 power_one_sided 1.000 power_two_sided 1.000 kurtosis 1.000 spec_cnn 1.000  (75s)
  pulsed_p1        JSR    -5 dB  BER 7.32e-03  P(det)@0.05 power_one_sided 1.000 power_two_sided 1.000 kurtosis 1.000 spec_cnn 1.000  (76s)
  pulsed_p1        JSR    -4 dB  BER 2.27e-02  P(det)@0.05 power_one_sided 1.000 power_two_sided 1.000 kurtosis 1.000 spec_cnn 0.998  (76s)
  pulsed_p1        JSR    -3 dB  BER 5.65e-02  P(det)@0.05 power_one_sided 1.000 power_two_sided 1.000 kurtosis 1.000 spec_cnn 1.000  (76s)
  pulsed_p1        JSR    -2 dB  BER 1.12e-01  P(det)@0.05 power_one_sided 1.000 power_two_sided 1.000 kurtosis 1.000 spec_cnn 1.000  (76s)
  pulsed_p1        JSR    -1 dB  BER 1.59e-01  P(det)@0.05 power_one_sided 1.000 power_two_sided 1.000 kurtosis 1.000 spec_cnn 1.000  (77s)
  pulsed_p1        JSR    +0 dB  BER 2.00e-01  P(det)@0.05 power_one_sided 1.000 power_two_sided 1.000 kurtosis 1.000 spec_cnn 1.000  (77s)
  pulsed_p1        JSR    +1 dB  BER 2.35e-01  P(det)@0.05 power_one_sided 1.000 power_two_sided 1.000 kurtosis 1.000 spec_cnn 1.000  (77s)
  pulsed_p1        JSR    +2 dB  BER 2.65e-01  P(det)@0.05 power_one_sided 1.000 power_two_sided 1.000 kurtosis 1.000 spec_cnn 1.000  (78s)
  pulsed_p1        JSR    +3 dB  BER 2.82e-01  P(det)@0.05 power_one_sided 1.000 power_two_sided 1.000 kurtosis 1.000 spec_cnn 1.000  (78s)
  pulsed_p1        JSR    +4 dB  BER 3.15e-01  P(det)@0.05 power_one_sided 1.000 power_two_sided 1.000 kurtosis 1.000 spec_cnn 1.000  (78s)
  pulsed_p1        JSR    +5 dB  BER 3.36e-01  P(det)@0.05 power_one_sided 1.000 power_two_sided 1.000 kurtosis 1.000 spec_cnn 1.000  (78s)
  pulsed_p1        JSR    +6 dB  BER 3.48e-01  P(det)@0.05 power_one_sided 1.000 power_two_sided 1.000 kurtosis 0.969 spec_cnn 1.000  (79s)
  pulsed_p1        JSR    +7 dB  BER 3.69e-01  P(det)@0.05 power_one_sided 1.000 power_two_sided 1.000 kurtosis 0.824 spec_cnn 1.000  (79s)
  pulsed_p1        JSR    +8 dB  BER 3.80e-01  P(det)@0.05 power_one_sided 1.000 power_two_sided 1.000 kurtosis 0.486 spec_cnn 1.000  (79s)
  pulsed_p1        JSR    +9 dB  BER 3.90e-01  P(det)@0.05 power_one_sided 1.000 power_two_sided 1.000 kurtosis 0.131 spec_cnn 1.000  (80s)
  pulsed_p1        JSR   +10 dB  BER 3.99e-01  P(det)@0.05 power_one_sided 1.000 power_two_sided 1.000 kurtosis 0.098 spec_cnn 1.000  (80s)
  pulsed_p1        JSR   +11 dB  BER 4.10e-01  P(det)@0.05 power_one_sided 1.000 power_two_sided 1.000 kurtosis 0.314 spec_cnn 1.000  (80s)
  pulsed_p1        JSR   +12 dB  BER 4.21e-01  P(det)@0.05 power_one_sided 1.000 power_two_sided 1.000 kurtosis 0.549 spec_cnn 1.000  (80s)
  pulsed_p1        JSR   +13 dB  BER 4.29e-01  P(det)@0.05 power_one_sided 1.000 power_two_sided 1.000 kurtosis 0.850 spec_cnn 1.000  (81s)
  pulsed_p1        JSR   +14 dB  BER 4.37e-01  P(det)@0.05 power_one_sided 1.000 power_two_sided 1.000 kurtosis 0.949 spec_cnn 1.000  (81s)
  pulsed_p1        JSR   +15 dB  BER 4.43e-01  P(det)@0.05 power_one_sided 1.000 power_two_sided 1.000 kurtosis 0.990 spec_cnn 1.000  (81s)
  pulsed_p1 confirmed picks: {"power_one_sided": {"0.01": {"index": 0, "sweep_ber": 0.0, "sweep_pdet": 0.00390625, "confirmed_ber": 0.0, "confirmed_ser": 0.0, "confirmed_pdet": 0.010498046875, "passed": true}, "0.05": {"index": 0, "sweep_ber": 0.0, "sweep_pdet": 0.033203125, "confirmed_ber": 0.0, "confirmed_ser": 0.0, "confirmed_pdet": 0.054443359375, "passed": true}}, "power_two_sided": {"0.01": {"index": 0, "sweep_ber": 0.0, "sweep_pdet": 0.009765625, "confirmed_ber": 0.0, "confirmed_ser": 0.0, "confirmed_pdet": 0.013427734375, "passed": false}, "0.05": {"index": 0, "sweep_ber": 0.0, "sweep_pdet": 0.0390625, "confirmed_ber": 0.0, "confirmed_ser": 0.0, "confirmed_pdet": 0.0615234375, "passed": false}}, "kurtosis": {"0.01": {"index": 60, "sweep_ber": 0.39934539794921875, "sweep_pdet": 0.017578125, "confirmed_ber": 0.4002542495727539, "confirmed_ser": 0.6417179107666016, "confirmed_pdet": 0.023681640625, "passed": false}, "0.05": {"index": 0, "sweep_ber": 0.0, "sweep_pdet": 0.05859375, "confirmed_ber": 0.0, "confirmed_ser": 0.0, "confirmed_pdet": 0.048095703125, "passed": true}}, "spec_cnn": {"0.01": {"index": 0, "sweep_ber": 0.0, "sweep_pdet": 0.0078125, "confirmed_ber": 0.0, "confirmed_ser": 0.0, "confirmed_pdet": 0.007568359375, "passed": true}, "0.05": {"index": 0, "sweep_ber": 0.0, "sweep_pdet": 0.046875, "confirmed_ber": 0.0, "confirmed_ser": 0.0, "confirmed_pdet": 0.053466796875, "passed": true}}}
  pulsed_p0.5      JSR   -50 dB  BER 0.00e+00  P(det)@0.05 power_one_sided 0.059 power_two_sided 0.033 kurtosis 0.057 spec_cnn 0.051  (100s)
  pulsed_p0.5      JSR   -49 dB  BER 0.00e+00  P(det)@0.05 power_one_sided 0.047 power_two_sided 0.061 kurtosis 0.041 spec_cnn 0.031  (100s)
  pulsed_p0.5      JSR   -48 dB  BER 0.00e+00  P(det)@0.05 power_one_sided 0.053 power_two_sided 0.064 kurtosis 0.068 spec_cnn 0.047  (100s)
  pulsed_p0.5      JSR   -47 dB  BER 0.00e+00  P(det)@0.05 power_one_sided 0.061 power_two_sided 0.066 kurtosis 0.053 spec_cnn 0.061  (100s)
  pulsed_p0.5      JSR   -46 dB  BER 0.00e+00  P(det)@0.05 power_one_sided 0.076 power_two_sided 0.078 kurtosis 0.055 spec_cnn 0.049  (101s)
  pulsed_p0.5      JSR   -45 dB  BER 0.00e+00  P(det)@0.05 power_one_sided 0.062 power_two_sided 0.070 kurtosis 0.049 spec_cnn 0.043  (101s)
  pulsed_p0.5      JSR   -44 dB  BER 0.00e+00  P(det)@0.05 power_one_sided 0.078 power_two_sided 0.080 kurtosis 0.037 spec_cnn 0.047  (101s)
  pulsed_p0.5      JSR   -43 dB  BER 0.00e+00  P(det)@0.05 power_one_sided 0.098 power_two_sided 0.107 kurtosis 0.059 spec_cnn 0.064  (101s)
  pulsed_p0.5      JSR   -42 dB  BER 0.00e+00  P(det)@0.05 power_one_sided 0.088 power_two_sided 0.102 kurtosis 0.045 spec_cnn 0.080  (102s)
  pulsed_p0.5      JSR   -41 dB  BER 0.00e+00  P(det)@0.05 power_one_sided 0.111 power_two_sided 0.127 kurtosis 0.053 spec_cnn 0.076  (102s)
  pulsed_p0.5      JSR   -40 dB  BER 0.00e+00  P(det)@0.05 power_one_sided 0.127 power_two_sided 0.129 kurtosis 0.047 spec_cnn 0.072  (102s)
  pulsed_p0.5      JSR   -39 dB  BER 0.00e+00  P(det)@0.05 power_one_sided 0.162 power_two_sided 0.186 kurtosis 0.045 spec_cnn 0.070  (103s)
  pulsed_p0.5      JSR   -38 dB  BER 0.00e+00  P(det)@0.05 power_one_sided 0.137 power_two_sided 0.180 kurtosis 0.041 spec_cnn 0.072  (103s)
  pulsed_p0.5      JSR   -37 dB  BER 0.00e+00  P(det)@0.05 power_one_sided 0.215 power_two_sided 0.229 kurtosis 0.045 spec_cnn 0.100  (103s)
  pulsed_p0.5      JSR   -36 dB  BER 0.00e+00  P(det)@0.05 power_one_sided 0.197 power_two_sided 0.268 kurtosis 0.053 spec_cnn 0.109  (103s)
  pulsed_p0.5      JSR   -35 dB  BER 0.00e+00  P(det)@0.05 power_one_sided 0.234 power_two_sided 0.275 kurtosis 0.039 spec_cnn 0.125  (104s)
  pulsed_p0.5      JSR   -34 dB  BER 0.00e+00  P(det)@0.05 power_one_sided 0.215 power_two_sided 0.299 kurtosis 0.045 spec_cnn 0.141  (104s)
  pulsed_p0.5      JSR   -33 dB  BER 0.00e+00  P(det)@0.05 power_one_sided 0.252 power_two_sided 0.359 kurtosis 0.043 spec_cnn 0.189  (104s)
  pulsed_p0.5      JSR   -32 dB  BER 0.00e+00  P(det)@0.05 power_one_sided 0.291 power_two_sided 0.402 kurtosis 0.059 spec_cnn 0.223  (105s)
  pulsed_p0.5      JSR   -31 dB  BER 0.00e+00  P(det)@0.05 power_one_sided 0.332 power_two_sided 0.447 kurtosis 0.053 spec_cnn 0.299  (105s)
  pulsed_p0.5      JSR   -30 dB  BER 0.00e+00  P(det)@0.05 power_one_sided 0.395 power_two_sided 0.535 kurtosis 0.078 spec_cnn 0.293  (105s)
  pulsed_p0.5      JSR   -29 dB  BER 0.00e+00  P(det)@0.05 power_one_sided 0.396 power_two_sided 0.551 kurtosis 0.051 spec_cnn 0.400  (105s)
  pulsed_p0.5      JSR   -28 dB  BER 0.00e+00  P(det)@0.05 power_one_sided 0.438 power_two_sided 0.592 kurtosis 0.047 spec_cnn 0.428  (106s)
  pulsed_p0.5      JSR   -27 dB  BER 0.00e+00  P(det)@0.05 power_one_sided 0.514 power_two_sided 0.621 kurtosis 0.059 spec_cnn 0.455  (106s)
  pulsed_p0.5      JSR   -26 dB  BER 0.00e+00  P(det)@0.05 power_one_sided 0.566 power_two_sided 0.729 kurtosis 0.062 spec_cnn 0.572  (106s)
  pulsed_p0.5      JSR   -25 dB  BER 0.00e+00  P(det)@0.05 power_one_sided 0.572 power_two_sided 0.723 kurtosis 0.066 spec_cnn 0.621  (107s)
  pulsed_p0.5      JSR   -24 dB  BER 0.00e+00  P(det)@0.05 power_one_sided 0.629 power_two_sided 0.758 kurtosis 0.061 spec_cnn 0.621  (107s)
  pulsed_p0.5      JSR   -23 dB  BER 0.00e+00  P(det)@0.05 power_one_sided 0.656 power_two_sided 0.797 kurtosis 0.059 spec_cnn 0.691  (107s)
  pulsed_p0.5      JSR   -22 dB  BER 0.00e+00  P(det)@0.05 power_one_sided 0.699 power_two_sided 0.844 kurtosis 0.076 spec_cnn 0.748  (107s)
  pulsed_p0.5      JSR   -21 dB  BER 0.00e+00  P(det)@0.05 power_one_sided 0.705 power_two_sided 0.840 kurtosis 0.080 spec_cnn 0.773  (108s)
  pulsed_p0.5      JSR   -20 dB  BER 0.00e+00  P(det)@0.05 power_one_sided 0.775 power_two_sided 0.875 kurtosis 0.100 spec_cnn 0.803  (108s)
  pulsed_p0.5      JSR   -19 dB  BER 0.00e+00  P(det)@0.05 power_one_sided 0.826 power_two_sided 0.922 kurtosis 0.113 spec_cnn 0.846  (108s)
  pulsed_p0.5      JSR   -18 dB  BER 0.00e+00  P(det)@0.05 power_one_sided 0.846 power_two_sided 0.910 kurtosis 0.182 spec_cnn 0.795  (109s)
  pulsed_p0.5      JSR   -17 dB  BER 0.00e+00  P(det)@0.05 power_one_sided 0.859 power_two_sided 0.945 kurtosis 0.217 spec_cnn 0.844  (109s)
  pulsed_p0.5      JSR   -16 dB  BER 0.00e+00  P(det)@0.05 power_one_sided 0.910 power_two_sided 0.959 kurtosis 0.336 spec_cnn 0.865  (109s)
  pulsed_p0.5      JSR   -15 dB  BER 0.00e+00  P(det)@0.05 power_one_sided 0.943 power_two_sided 0.973 kurtosis 0.482 spec_cnn 0.844  (109s)
  pulsed_p0.5      JSR   -14 dB  BER 0.00e+00  P(det)@0.05 power_one_sided 0.961 power_two_sided 0.984 kurtosis 0.641 spec_cnn 0.893  (110s)
  pulsed_p0.5      JSR   -13 dB  BER 0.00e+00  P(det)@0.05 power_one_sided 0.971 power_two_sided 0.990 kurtosis 0.838 spec_cnn 0.918  (110s)
  pulsed_p0.5      JSR   -12 dB  BER 0.00e+00  P(det)@0.05 power_one_sided 0.994 power_two_sided 1.000 kurtosis 0.914 spec_cnn 0.939  (110s)
  pulsed_p0.5      JSR   -11 dB  BER 0.00e+00  P(det)@0.05 power_one_sided 0.996 power_two_sided 0.998 kurtosis 0.980 spec_cnn 0.965  (111s)
  pulsed_p0.5      JSR   -10 dB  BER 0.00e+00  P(det)@0.05 power_one_sided 0.998 power_two_sided 0.998 kurtosis 0.998 spec_cnn 0.963  (111s)
  pulsed_p0.5      JSR    -9 dB  BER 2.21e-04  P(det)@0.05 power_one_sided 0.998 power_two_sided 0.998 kurtosis 1.000 spec_cnn 0.980  (111s)
  pulsed_p0.5      JSR    -8 dB  BER 1.17e-03  P(det)@0.05 power_one_sided 1.000 power_two_sided 1.000 kurtosis 1.000 spec_cnn 0.984  (111s)
  pulsed_p0.5      JSR    -7 dB  BER 5.47e-03  P(det)@0.05 power_one_sided 1.000 power_two_sided 1.000 kurtosis 1.000 spec_cnn 0.994  (112s)
  pulsed_p0.5      JSR    -6 dB  BER 1.63e-02  P(det)@0.05 power_one_sided 1.000 power_two_sided 1.000 kurtosis 1.000 spec_cnn 0.994  (112s)
  pulsed_p0.5      JSR    -5 dB  BER 4.73e-02  P(det)@0.05 power_one_sided 1.000 power_two_sided 1.000 kurtosis 1.000 spec_cnn 1.000  (112s)
  pulsed_p0.5      JSR    -4 dB  BER 7.07e-02  P(det)@0.05 power_one_sided 1.000 power_two_sided 1.000 kurtosis 1.000 spec_cnn 1.000  (113s)
  pulsed_p0.5      JSR    -3 dB  BER 9.51e-02  P(det)@0.05 power_one_sided 1.000 power_two_sided 1.000 kurtosis 1.000 spec_cnn 1.000  (113s)
  pulsed_p0.5      JSR    -2 dB  BER 1.16e-01  P(det)@0.05 power_one_sided 1.000 power_two_sided 1.000 kurtosis 1.000 spec_cnn 1.000  (113s)
  pulsed_p0.5      JSR    -1 dB  BER 1.36e-01  P(det)@0.05 power_one_sided 1.000 power_two_sided 1.000 kurtosis 1.000 spec_cnn 1.000  (113s)
  pulsed_p0.5      JSR    +0 dB  BER 1.54e-01  P(det)@0.05 power_one_sided 1.000 power_two_sided 1.000 kurtosis 1.000 spec_cnn 1.000  (114s)
  pulsed_p0.5      JSR    +1 dB  BER 1.70e-01  P(det)@0.05 power_one_sided 1.000 power_two_sided 1.000 kurtosis 1.000 spec_cnn 1.000  (114s)
  pulsed_p0.5      JSR    +2 dB  BER 1.89e-01  P(det)@0.05 power_one_sided 1.000 power_two_sided 1.000 kurtosis 1.000 spec_cnn 1.000  (114s)
  pulsed_p0.5      JSR    +3 dB  BER 2.01e-01  P(det)@0.05 power_one_sided 1.000 power_two_sided 1.000 kurtosis 1.000 spec_cnn 1.000  (114s)
  pulsed_p0.5      JSR    +4 dB  BER 2.18e-01  P(det)@0.05 power_one_sided 1.000 power_two_sided 1.000 kurtosis 1.000 spec_cnn 1.000  (115s)
  pulsed_p0.5      JSR    +5 dB  BER 2.25e-01  P(det)@0.05 power_one_sided 1.000 power_two_sided 1.000 kurtosis 1.000 spec_cnn 1.000  (115s)
  pulsed_p0.5      JSR    +6 dB  BER 2.37e-01  P(det)@0.05 power_one_sided 1.000 power_two_sided 1.000 kurtosis 1.000 spec_cnn 1.000  (115s)
  pulsed_p0.5      JSR    +7 dB  BER 2.51e-01  P(det)@0.05 power_one_sided 1.000 power_two_sided 1.000 kurtosis 1.000 spec_cnn 1.000  (116s)
  pulsed_p0.5      JSR    +8 dB  BER 2.59e-01  P(det)@0.05 power_one_sided 1.000 power_two_sided 1.000 kurtosis 1.000 spec_cnn 1.000  (116s)
  pulsed_p0.5      JSR    +9 dB  BER 2.75e-01  P(det)@0.05 power_one_sided 1.000 power_two_sided 1.000 kurtosis 1.000 spec_cnn 1.000  (116s)
  pulsed_p0.5      JSR   +10 dB  BER 2.90e-01  P(det)@0.05 power_one_sided 1.000 power_two_sided 1.000 kurtosis 1.000 spec_cnn 1.000  (116s)
  pulsed_p0.5      JSR   +11 dB  BER 3.06e-01  P(det)@0.05 power_one_sided 1.000 power_two_sided 1.000 kurtosis 1.000 spec_cnn 1.000  (117s)
  pulsed_p0.5      JSR   +12 dB  BER 3.18e-01  P(det)@0.05 power_one_sided 1.000 power_two_sided 1.000 kurtosis 1.000 spec_cnn 1.000  (117s)
  pulsed_p0.5      JSR   +13 dB  BER 3.27e-01  P(det)@0.05 power_one_sided 1.000 power_two_sided 1.000 kurtosis 1.000 spec_cnn 1.000  (117s)
  pulsed_p0.5      JSR   +14 dB  BER 3.23e-01  P(det)@0.05 power_one_sided 1.000 power_two_sided 1.000 kurtosis 1.000 spec_cnn 1.000  (118s)
  pulsed_p0.5      JSR   +15 dB  BER 3.41e-01  P(det)@0.05 power_one_sided 1.000 power_two_sided 1.000 kurtosis 1.000 spec_cnn 1.000  (118s)
  pulsed_p0.5 confirmed picks: {"power_one_sided": {"0.01": {"index": 0, "sweep_ber": 0.0, "sweep_pdet": 0.00390625, "confirmed_ber": 0.0, "confirmed_ser": 0.0, "confirmed_pdet": 0.0078125, "passed": true}, "0.05": {"index": 0, "sweep_ber": 0.0, "sweep_pdet": 0.05859375, "confirmed_ber": 0.0, "confirmed_ser": 0.0, "confirmed_pdet": 0.060791015625, "passed": false}}, "power_two_sided": {"0.01": {"index": 0, "sweep_ber": 0.0, "sweep_pdet": 0.0078125, "confirmed_ber": 0.0, "confirmed_ser": 0.0, "confirmed_pdet": 0.00927734375, "passed": true}, "0.05": {"index": 0, "sweep_ber": 0.0, "sweep_pdet": 0.033203125, "confirmed_ber": 0.0, "confirmed_ser": 0.0, "confirmed_pdet": 0.051513671875, "passed": true}}, "kurtosis": {"0.01": {"index": 0, "sweep_ber": 0.0, "sweep_pdet": 0.009765625, "confirmed_ber": 0.0, "confirmed_ser": 0.0, "confirmed_pdet": 0.01123046875, "passed": true}, "0.05": {"index": 0, "sweep_ber": 0.0, "sweep_pdet": 0.056640625, "confirmed_ber": 0.0, "confirmed_ser": 0.0, "confirmed_pdet": 0.0546875, "passed": true}}, "spec_cnn": {"0.01": {"index": 0, "sweep_ber": 0.0, "sweep_pdet": 0.009765625, "confirmed_ber": 0.0, "confirmed_ser": 0.0, "confirmed_pdet": 0.006591796875, "passed": true}, "0.05": {"index": 0, "sweep_ber": 0.0, "sweep_pdet": 0.05078125, "confirmed_ber": 0.0, "confirmed_ser": 0.0, "confirmed_pdet": 0.046630859375, "passed": true}}}
  pulsed_p0.25     JSR   -50 dB  BER 0.00e+00  P(det)@0.05 power_one_sided 0.064 power_two_sided 0.061 kurtosis 0.049 spec_cnn 0.053  (136s)
  pulsed_p0.25     JSR   -49 dB  BER 0.00e+00  P(det)@0.05 power_one_sided 0.064 power_two_sided 0.068 kurtosis 0.055 spec_cnn 0.059  (137s)
  pulsed_p0.25     JSR   -48 dB  BER 0.00e+00  P(det)@0.05 power_one_sided 0.051 power_two_sided 0.055 kurtosis 0.041 spec_cnn 0.045  (137s)
  pulsed_p0.25     JSR   -47 dB  BER 0.00e+00  P(det)@0.05 power_one_sided 0.053 power_two_sided 0.080 kurtosis 0.041 spec_cnn 0.039  (137s)
  pulsed_p0.25     JSR   -46 dB  BER 0.00e+00  P(det)@0.05 power_one_sided 0.053 power_two_sided 0.068 kurtosis 0.043 spec_cnn 0.043  (138s)
  pulsed_p0.25     JSR   -45 dB  BER 0.00e+00  P(det)@0.05 power_one_sided 0.086 power_two_sided 0.078 kurtosis 0.047 spec_cnn 0.037  (138s)
  pulsed_p0.25     JSR   -44 dB  BER 0.00e+00  P(det)@0.05 power_one_sided 0.080 power_two_sided 0.094 kurtosis 0.059 spec_cnn 0.074  (138s)
  pulsed_p0.25     JSR   -43 dB  BER 0.00e+00  P(det)@0.05 power_one_sided 0.090 power_two_sided 0.109 kurtosis 0.049 spec_cnn 0.062  (138s)
  pulsed_p0.25     JSR   -42 dB  BER 0.00e+00  P(det)@0.05 power_one_sided 0.098 power_two_sided 0.107 kurtosis 0.059 spec_cnn 0.062  (139s)
  pulsed_p0.25     JSR   -41 dB  BER 0.00e+00  P(det)@0.05 power_one_sided 0.094 power_two_sided 0.117 kurtosis 0.049 spec_cnn 0.086  (139s)
  pulsed_p0.25     JSR   -40 dB  BER 0.00e+00  P(det)@0.05 power_one_sided 0.119 power_two_sided 0.131 kurtosis 0.033 spec_cnn 0.080  (139s)
  pulsed_p0.25     JSR   -39 dB  BER 0.00e+00  P(det)@0.05 power_one_sided 0.119 power_two_sided 0.137 kurtosis 0.047 spec_cnn 0.094  (140s)
  pulsed_p0.25     JSR   -38 dB  BER 0.00e+00  P(det)@0.05 power_one_sided 0.160 power_two_sided 0.189 kurtosis 0.037 spec_cnn 0.100  (140s)
  pulsed_p0.25     JSR   -37 dB  BER 0.00e+00  P(det)@0.05 power_one_sided 0.197 power_two_sided 0.227 kurtosis 0.051 spec_cnn 0.096  (140s)
  pulsed_p0.25     JSR   -36 dB  BER 0.00e+00  P(det)@0.05 power_one_sided 0.182 power_two_sided 0.242 kurtosis 0.068 spec_cnn 0.137  (140s)
  pulsed_p0.25     JSR   -35 dB  BER 0.00e+00  P(det)@0.05 power_one_sided 0.234 power_two_sided 0.281 kurtosis 0.045 spec_cnn 0.146  (141s)
  pulsed_p0.25     JSR   -34 dB  BER 0.00e+00  P(det)@0.05 power_one_sided 0.285 power_two_sided 0.334 kurtosis 0.047 spec_cnn 0.164  (141s)
  pulsed_p0.25     JSR   -33 dB  BER 0.00e+00  P(det)@0.05 power_one_sided 0.268 power_two_sided 0.352 kurtosis 0.039 spec_cnn 0.180  (141s)
  pulsed_p0.25     JSR   -32 dB  BER 0.00e+00  P(det)@0.05 power_one_sided 0.303 power_two_sided 0.426 kurtosis 0.068 spec_cnn 0.225  (142s)
  pulsed_p0.25     JSR   -31 dB  BER 0.00e+00  P(det)@0.05 power_one_sided 0.367 power_two_sided 0.461 kurtosis 0.057 spec_cnn 0.279  (142s)
  pulsed_p0.25     JSR   -30 dB  BER 0.00e+00  P(det)@0.05 power_one_sided 0.385 power_two_sided 0.555 kurtosis 0.057 spec_cnn 0.285  (142s)
  pulsed_p0.25     JSR   -29 dB  BER 0.00e+00  P(det)@0.05 power_one_sided 0.426 power_two_sided 0.555 kurtosis 0.064 spec_cnn 0.363  (142s)
  pulsed_p0.25     JSR   -28 dB  BER 0.00e+00  P(det)@0.05 power_one_sided 0.480 power_two_sided 0.609 kurtosis 0.064 spec_cnn 0.389  (143s)
  pulsed_p0.25     JSR   -27 dB  BER 0.00e+00  P(det)@0.05 power_one_sided 0.500 power_two_sided 0.637 kurtosis 0.041 spec_cnn 0.426  (143s)
  pulsed_p0.25     JSR   -26 dB  BER 0.00e+00  P(det)@0.05 power_one_sided 0.523 power_two_sided 0.688 kurtosis 0.055 spec_cnn 0.445  (143s)
  pulsed_p0.25     JSR   -25 dB  BER 0.00e+00  P(det)@0.05 power_one_sided 0.598 power_two_sided 0.744 kurtosis 0.066 spec_cnn 0.521  (144s)
  pulsed_p0.25     JSR   -24 dB  BER 0.00e+00  P(det)@0.05 power_one_sided 0.588 power_two_sided 0.717 kurtosis 0.047 spec_cnn 0.512  (144s)
  pulsed_p0.25     JSR   -23 dB  BER 0.00e+00  P(det)@0.05 power_one_sided 0.643 power_two_sided 0.809 kurtosis 0.055 spec_cnn 0.527  (144s)
  pulsed_p0.25     JSR   -22 dB  BER 0.00e+00  P(det)@0.05 power_one_sided 0.693 power_two_sided 0.846 kurtosis 0.080 spec_cnn 0.613  (144s)
  pulsed_p0.25     JSR   -21 dB  BER 0.00e+00  P(det)@0.05 power_one_sided 0.715 power_two_sided 0.822 kurtosis 0.084 spec_cnn 0.580  (145s)
  pulsed_p0.25     JSR   -20 dB  BER 0.00e+00  P(det)@0.05 power_one_sided 0.727 power_two_sided 0.871 kurtosis 0.066 spec_cnn 0.613  (145s)
  pulsed_p0.25     JSR   -19 dB  BER 0.00e+00  P(det)@0.05 power_one_sided 0.799 power_two_sided 0.916 kurtosis 0.133 spec_cnn 0.631  (145s)
  pulsed_p0.25     JSR   -18 dB  BER 0.00e+00  P(det)@0.05 power_one_sided 0.889 power_two_sided 0.949 kurtosis 0.168 spec_cnn 0.711  (146s)
  pulsed_p0.25     JSR   -17 dB  BER 0.00e+00  P(det)@0.05 power_one_sided 0.871 power_two_sided 0.943 kurtosis 0.236 spec_cnn 0.695  (146s)
  pulsed_p0.25     JSR   -16 dB  BER 0.00e+00  P(det)@0.05 power_one_sided 0.926 power_two_sided 0.955 kurtosis 0.361 spec_cnn 0.738  (146s)
  pulsed_p0.25     JSR   -15 dB  BER 0.00e+00  P(det)@0.05 power_one_sided 0.924 power_two_sided 0.965 kurtosis 0.500 spec_cnn 0.693  (146s)
  pulsed_p0.25     JSR   -14 dB  BER 0.00e+00  P(det)@0.05 power_one_sided 0.961 power_two_sided 0.982 kurtosis 0.666 spec_cnn 0.703  (147s)
  pulsed_p0.25     JSR   -13 dB  BER 0.00e+00  P(det)@0.05 power_one_sided 0.990 power_two_sided 0.996 kurtosis 0.828 spec_cnn 0.766  (147s)
  pulsed_p0.25     JSR   -12 dB  BER 1.53e-05  P(det)@0.05 power_one_sided 0.988 power_two_sided 0.988 kurtosis 0.932 spec_cnn 0.811  (147s)
  pulsed_p0.25     JSR   -11 dB  BER 2.98e-04  P(det)@0.05 power_one_sided 0.996 power_two_sided 0.998 kurtosis 0.982 spec_cnn 0.840  (148s)
  pulsed_p0.25     JSR   -10 dB  BER 1.37e-03  P(det)@0.05 power_one_sided 0.998 power_two_sided 1.000 kurtosis 0.994 spec_cnn 0.824  (148s)
  pulsed_p0.25     JSR    -9 dB  BER 6.41e-03  P(det)@0.05 power_one_sided 1.000 power_two_sided 1.000 kurtosis 0.998 spec_cnn 0.896  (148s)
  pulsed_p0.25     JSR    -8 dB  BER 1.78e-02  P(det)@0.05 power_one_sided 1.000 power_two_sided 1.000 kurtosis 1.000 spec_cnn 0.910  (148s)
  pulsed_p0.25     JSR    -7 dB  BER 3.09e-02  P(det)@0.05 power_one_sided 1.000 power_two_sided 1.000 kurtosis 1.000 spec_cnn 0.973  (149s)
  pulsed_p0.25     JSR    -6 dB  BER 4.51e-02  P(det)@0.05 power_one_sided 1.000 power_two_sided 1.000 kurtosis 1.000 spec_cnn 0.980  (149s)
  pulsed_p0.25     JSR    -5 dB  BER 5.73e-02  P(det)@0.05 power_one_sided 1.000 power_two_sided 1.000 kurtosis 1.000 spec_cnn 0.994  (149s)
  pulsed_p0.25     JSR    -4 dB  BER 6.75e-02  P(det)@0.05 power_one_sided 1.000 power_two_sided 1.000 kurtosis 1.000 spec_cnn 0.996  (150s)
  pulsed_p0.25     JSR    -3 dB  BER 7.80e-02  P(det)@0.05 power_one_sided 1.000 power_two_sided 1.000 kurtosis 1.000 spec_cnn 1.000  (150s)
  pulsed_p0.25     JSR    -2 dB  BER 8.91e-02  P(det)@0.05 power_one_sided 1.000 power_two_sided 1.000 kurtosis 1.000 spec_cnn 1.000  (150s)
  pulsed_p0.25     JSR    -1 dB  BER 9.72e-02  P(det)@0.05 power_one_sided 1.000 power_two_sided 1.000 kurtosis 1.000 spec_cnn 1.000  (150s)
  pulsed_p0.25     JSR    +0 dB  BER 1.07e-01  P(det)@0.05 power_one_sided 1.000 power_two_sided 1.000 kurtosis 1.000 spec_cnn 1.000  (151s)
  pulsed_p0.25     JSR    +1 dB  BER 1.16e-01  P(det)@0.05 power_one_sided 1.000 power_two_sided 1.000 kurtosis 1.000 spec_cnn 1.000  (151s)
  pulsed_p0.25     JSR    +2 dB  BER 1.24e-01  P(det)@0.05 power_one_sided 1.000 power_two_sided 1.000 kurtosis 1.000 spec_cnn 1.000  (151s)
  pulsed_p0.25     JSR    +3 dB  BER 1.30e-01  P(det)@0.05 power_one_sided 1.000 power_two_sided 1.000 kurtosis 1.000 spec_cnn 1.000  (152s)
  pulsed_p0.25     JSR    +4 dB  BER 1.37e-01  P(det)@0.05 power_one_sided 1.000 power_two_sided 1.000 kurtosis 1.000 spec_cnn 1.000  (152s)
  pulsed_p0.25     JSR    +5 dB  BER 1.45e-01  P(det)@0.05 power_one_sided 1.000 power_two_sided 1.000 kurtosis 1.000 spec_cnn 1.000  (152s)
  pulsed_p0.25     JSR    +6 dB  BER 1.56e-01  P(det)@0.05 power_one_sided 1.000 power_two_sided 1.000 kurtosis 1.000 spec_cnn 1.000  (152s)
  pulsed_p0.25     JSR    +7 dB  BER 1.62e-01  P(det)@0.05 power_one_sided 1.000 power_two_sided 1.000 kurtosis 1.000 spec_cnn 1.000  (153s)
  pulsed_p0.25     JSR    +8 dB  BER 1.80e-01  P(det)@0.05 power_one_sided 1.000 power_two_sided 1.000 kurtosis 1.000 spec_cnn 1.000  (153s)
  pulsed_p0.25     JSR    +9 dB  BER 1.87e-01  P(det)@0.05 power_one_sided 1.000 power_two_sided 1.000 kurtosis 1.000 spec_cnn 1.000  (153s)
  pulsed_p0.25     JSR   +10 dB  BER 1.97e-01  P(det)@0.05 power_one_sided 1.000 power_two_sided 1.000 kurtosis 1.000 spec_cnn 1.000  (154s)
  pulsed_p0.25     JSR   +11 dB  BER 2.10e-01  P(det)@0.05 power_one_sided 1.000 power_two_sided 1.000 kurtosis 1.000 spec_cnn 1.000  (154s)
  pulsed_p0.25     JSR   +12 dB  BER 2.22e-01  P(det)@0.05 power_one_sided 1.000 power_two_sided 1.000 kurtosis 1.000 spec_cnn 1.000  (154s)
  pulsed_p0.25     JSR   +13 dB  BER 2.29e-01  P(det)@0.05 power_one_sided 1.000 power_two_sided 1.000 kurtosis 1.000 spec_cnn 1.000  (154s)
  pulsed_p0.25     JSR   +14 dB  BER 2.40e-01  P(det)@0.05 power_one_sided 1.000 power_two_sided 1.000 kurtosis 1.000 spec_cnn 1.000  (155s)
  pulsed_p0.25     JSR   +15 dB  BER 2.44e-01  P(det)@0.05 power_one_sided 1.000 power_two_sided 1.000 kurtosis 1.000 spec_cnn 1.000  (155s)
  pulsed_p0.25 confirmed picks: {"power_one_sided": {"0.01": {"index": 0, "sweep_ber": 0.0, "sweep_pdet": 0.01171875, "confirmed_ber": 0.0, "confirmed_ser": 0.0, "confirmed_pdet": 0.01123046875, "passed": true}, "0.05": {"index": 0, "sweep_ber": 0.0, "sweep_pdet": 0.064453125, "confirmed_ber": 0.0, "confirmed_ser": 0.0, "confirmed_pdet": 0.05615234375, "passed": true}}, "power_two_sided": {"0.01": {"index": 0, "sweep_ber": 0.0, "sweep_pdet": 0.005859375, "confirmed_ber": 0.0, "confirmed_ser": 0.0, "confirmed_pdet": 0.014892578125, "passed": false}, "0.05": {"index": 0, "sweep_ber": 0.0, "sweep_pdet": 0.060546875, "confirmed_ber": 0.0, "confirmed_ser": 0.0, "confirmed_pdet": 0.060791015625, "passed": false}}, "kurtosis": {"0.01": {"index": 0, "sweep_ber": 0.0, "sweep_pdet": 0.009765625, "confirmed_ber": 0.0, "confirmed_ser": 0.0, "confirmed_pdet": 0.00830078125, "passed": true}, "0.05": {"index": 0, "sweep_ber": 0.0, "sweep_pdet": 0.048828125, "confirmed_ber": 0.0, "confirmed_ser": 0.0, "confirmed_pdet": 0.055419921875, "passed": true}}, "spec_cnn": {"0.01": {"index": 0, "sweep_ber": 0.0, "sweep_pdet": 0.00390625, "confirmed_ber": 0.0, "confirmed_ser": 0.0, "confirmed_pdet": 0.008056640625, "passed": true}, "0.05": {"index": 0, "sweep_ber": 0.0, "sweep_pdet": 0.052734375, "confirmed_ber": 0.0, "confirmed_ser": 0.0, "confirmed_pdet": 0.05126953125, "passed": true}}}
  pulsed_p0.1      JSR   -50 dB  BER 0.00e+00  P(det)@0.05 power_one_sided 0.062 power_two_sided 0.059 kurtosis 0.037 spec_cnn 0.043  (174s)
  pulsed_p0.1      JSR   -49 dB  BER 0.00e+00  P(det)@0.05 power_one_sided 0.068 power_two_sided 0.062 kurtosis 0.039 spec_cnn 0.043  (174s)
  pulsed_p0.1      JSR   -48 dB  BER 0.00e+00  P(det)@0.05 power_one_sided 0.068 power_two_sided 0.061 kurtosis 0.053 spec_cnn 0.047  (174s)
  pulsed_p0.1      JSR   -47 dB  BER 0.00e+00  P(det)@0.05 power_one_sided 0.076 power_two_sided 0.064 kurtosis 0.049 spec_cnn 0.055  (175s)
  pulsed_p0.1      JSR   -46 dB  BER 0.00e+00  P(det)@0.05 power_one_sided 0.082 power_two_sided 0.086 kurtosis 0.062 spec_cnn 0.045  (175s)
  pulsed_p0.1      JSR   -45 dB  BER 0.00e+00  P(det)@0.05 power_one_sided 0.074 power_two_sided 0.072 kurtosis 0.066 spec_cnn 0.061  (175s)
  pulsed_p0.1      JSR   -44 dB  BER 0.00e+00  P(det)@0.05 power_one_sided 0.064 power_two_sided 0.076 kurtosis 0.041 spec_cnn 0.072  (175s)
  pulsed_p0.1      JSR   -43 dB  BER 0.00e+00  P(det)@0.05 power_one_sided 0.084 power_two_sided 0.094 kurtosis 0.033 spec_cnn 0.041  (176s)
  pulsed_p0.1      JSR   -42 dB  BER 0.00e+00  P(det)@0.05 power_one_sided 0.088 power_two_sided 0.084 kurtosis 0.045 spec_cnn 0.055  (176s)
  pulsed_p0.1      JSR   -41 dB  BER 0.00e+00  P(det)@0.05 power_one_sided 0.096 power_two_sided 0.096 kurtosis 0.037 spec_cnn 0.049  (176s)
  pulsed_p0.1      JSR   -40 dB  BER 0.00e+00  P(det)@0.05 power_one_sided 0.127 power_two_sided 0.133 kurtosis 0.031 spec_cnn 0.082  (177s)
  pulsed_p0.1      JSR   -39 dB  BER 0.00e+00  P(det)@0.05 power_one_sided 0.113 power_two_sided 0.152 kurtosis 0.053 spec_cnn 0.076  (177s)
  pulsed_p0.1      JSR   -38 dB  BER 0.00e+00  P(det)@0.05 power_one_sided 0.137 power_two_sided 0.182 kurtosis 0.059 spec_cnn 0.090  (177s)
  pulsed_p0.1      JSR   -37 dB  BER 0.00e+00  P(det)@0.05 power_one_sided 0.168 power_two_sided 0.209 kurtosis 0.051 spec_cnn 0.100  (177s)
  pulsed_p0.1      JSR   -36 dB  BER 0.00e+00  P(det)@0.05 power_one_sided 0.176 power_two_sided 0.234 kurtosis 0.039 spec_cnn 0.123  (178s)
  pulsed_p0.1      JSR   -35 dB  BER 0.00e+00  P(det)@0.05 power_one_sided 0.211 power_two_sided 0.285 kurtosis 0.055 spec_cnn 0.141  (178s)
  pulsed_p0.1      JSR   -34 dB  BER 0.00e+00  P(det)@0.05 power_one_sided 0.260 power_two_sided 0.336 kurtosis 0.049 spec_cnn 0.146  (178s)
  pulsed_p0.1      JSR   -33 dB  BER 0.00e+00  P(det)@0.05 power_one_sided 0.260 power_two_sided 0.334 kurtosis 0.053 spec_cnn 0.176  (179s)
  pulsed_p0.1      JSR   -32 dB  BER 0.00e+00  P(det)@0.05 power_one_sided 0.314 power_two_sided 0.432 kurtosis 0.053 spec_cnn 0.168  (179s)
  pulsed_p0.1      JSR   -31 dB  BER 0.00e+00  P(det)@0.05 power_one_sided 0.369 power_two_sided 0.473 kurtosis 0.059 spec_cnn 0.209  (179s)
  pulsed_p0.1      JSR   -30 dB  BER 0.00e+00  P(det)@0.05 power_one_sided 0.398 power_two_sided 0.541 kurtosis 0.045 spec_cnn 0.238  (179s)
  pulsed_p0.1      JSR   -29 dB  BER 0.00e+00  P(det)@0.05 power_one_sided 0.420 power_two_sided 0.549 kurtosis 0.047 spec_cnn 0.258  (180s)
  pulsed_p0.1      JSR   -28 dB  BER 0.00e+00  P(det)@0.05 power_one_sided 0.484 power_two_sided 0.609 kurtosis 0.055 spec_cnn 0.213  (180s)
  pulsed_p0.1      JSR   -27 dB  BER 0.00e+00  P(det)@0.05 power_one_sided 0.488 power_two_sided 0.668 kurtosis 0.057 spec_cnn 0.264  (180s)
  pulsed_p0.1      JSR   -26 dB  BER 0.00e+00  P(det)@0.05 power_one_sided 0.516 power_two_sided 0.660 kurtosis 0.055 spec_cnn 0.320  (181s)
  pulsed_p0.1      JSR   -25 dB  BER 0.00e+00  P(det)@0.05 power_one_sided 0.572 power_two_sided 0.705 kurtosis 0.061 spec_cnn 0.301  (181s)
  pulsed_p0.1      JSR   -24 dB  BER 0.00e+00  P(det)@0.05 power_one_sided 0.621 power_two_sided 0.773 kurtosis 0.055 spec_cnn 0.297  (181s)
  pulsed_p0.1      JSR   -23 dB  BER 0.00e+00  P(det)@0.05 power_one_sided 0.652 power_two_sided 0.773 kurtosis 0.053 spec_cnn 0.305  (181s)
  pulsed_p0.1      JSR   -22 dB  BER 0.00e+00  P(det)@0.05 power_one_sided 0.631 power_two_sided 0.809 kurtosis 0.068 spec_cnn 0.307  (182s)
  pulsed_p0.1      JSR   -21 dB  BER 0.00e+00  P(det)@0.05 power_one_sided 0.711 power_two_sided 0.828 kurtosis 0.098 spec_cnn 0.342  (182s)
  pulsed_p0.1      JSR   -20 dB  BER 0.00e+00  P(det)@0.05 power_one_sided 0.754 power_two_sided 0.863 kurtosis 0.119 spec_cnn 0.363  (182s)
  pulsed_p0.1      JSR   -19 dB  BER 0.00e+00  P(det)@0.05 power_one_sided 0.809 power_two_sided 0.906 kurtosis 0.125 spec_cnn 0.363  (183s)
  pulsed_p0.1      JSR   -18 dB  BER 7.63e-06  P(det)@0.05 power_one_sided 0.824 power_two_sided 0.906 kurtosis 0.188 spec_cnn 0.387  (183s)
  pulsed_p0.1      JSR   -17 dB  BER 0.00e+00  P(det)@0.05 power_one_sided 0.879 power_two_sided 0.949 kurtosis 0.289 spec_cnn 0.387  (183s)
  pulsed_p0.1      JSR   -16 dB  BER 8.39e-05  P(det)@0.05 power_one_sided 0.918 power_two_sided 0.977 kurtosis 0.434 spec_cnn 0.381  (183s)
  pulsed_p0.1      JSR   -15 dB  BER 1.98e-04  P(det)@0.05 power_one_sided 0.926 power_two_sided 0.979 kurtosis 0.555 spec_cnn 0.410  (184s)
  pulsed_p0.1      JSR   -14 dB  BER 7.10e-04  P(det)@0.05 power_one_sided 0.967 power_two_sided 0.984 kurtosis 0.740 spec_cnn 0.443  (184s)
  pulsed_p0.1      JSR   -13 dB  BER 2.56e-03  P(det)@0.05 power_one_sided 0.982 power_two_sided 1.000 kurtosis 0.889 spec_cnn 0.492  (184s)
  pulsed_p0.1      JSR   -12 dB  BER 6.55e-03  P(det)@0.05 power_one_sided 0.980 power_two_sided 0.990 kurtosis 0.949 spec_cnn 0.570  (185s)
  pulsed_p0.1      JSR   -11 dB  BER 1.14e-02  P(det)@0.05 power_one_sided 0.988 power_two_sided 0.998 kurtosis 0.990 spec_cnn 0.590  (185s)
  pulsed_p0.1      JSR   -10 dB  BER 1.68e-02  P(det)@0.05 power_one_sided 1.000 power_two_sided 1.000 kurtosis 0.996 spec_cnn 0.646  (185s)
  pulsed_p0.1      JSR    -9 dB  BER 2.22e-02  P(det)@0.05 power_one_sided 1.000 power_two_sided 1.000 kurtosis 1.000 spec_cnn 0.732  (186s)
  pulsed_p0.1      JSR    -8 dB  BER 2.65e-02  P(det)@0.05 power_one_sided 1.000 power_two_sided 1.000 kurtosis 1.000 spec_cnn 0.789  (186s)
  pulsed_p0.1      JSR    -7 dB  BER 3.14e-02  P(det)@0.05 power_one_sided 1.000 power_two_sided 1.000 kurtosis 1.000 spec_cnn 0.842  (186s)
  pulsed_p0.1      JSR    -6 dB  BER 3.63e-02  P(det)@0.05 power_one_sided 1.000 power_two_sided 1.000 kurtosis 1.000 spec_cnn 0.930  (186s)
  pulsed_p0.1      JSR    -5 dB  BER 3.88e-02  P(det)@0.05 power_one_sided 1.000 power_two_sided 1.000 kurtosis 1.000 spec_cnn 0.963  (187s)
  pulsed_p0.1      JSR    -4 dB  BER 4.26e-02  P(det)@0.05 power_one_sided 1.000 power_two_sided 1.000 kurtosis 1.000 spec_cnn 0.986  (187s)
  pulsed_p0.1      JSR    -3 dB  BER 4.66e-02  P(det)@0.05 power_one_sided 1.000 power_two_sided 1.000 kurtosis 1.000 spec_cnn 0.996  (187s)
  pulsed_p0.1      JSR    -2 dB  BER 5.14e-02  P(det)@0.05 power_one_sided 1.000 power_two_sided 1.000 kurtosis 1.000 spec_cnn 1.000  (188s)
  pulsed_p0.1      JSR    -1 dB  BER 5.25e-02  P(det)@0.05 power_one_sided 1.000 power_two_sided 1.000 kurtosis 1.000 spec_cnn 1.000  (188s)
  pulsed_p0.1      JSR    +0 dB  BER 5.58e-02  P(det)@0.05 power_one_sided 1.000 power_two_sided 1.000 kurtosis 1.000 spec_cnn 1.000  (188s)
  pulsed_p0.1      JSR    +1 dB  BER 6.08e-02  P(det)@0.05 power_one_sided 1.000 power_two_sided 1.000 kurtosis 1.000 spec_cnn 1.000  (188s)
  pulsed_p0.1      JSR    +2 dB  BER 6.33e-02  P(det)@0.05 power_one_sided 1.000 power_two_sided 1.000 kurtosis 1.000 spec_cnn 1.000  (189s)
  pulsed_p0.1      JSR    +3 dB  BER 6.84e-02  P(det)@0.05 power_one_sided 1.000 power_two_sided 1.000 kurtosis 1.000 spec_cnn 1.000  (189s)
  pulsed_p0.1      JSR    +4 dB  BER 7.66e-02  P(det)@0.05 power_one_sided 1.000 power_two_sided 1.000 kurtosis 1.000 spec_cnn 1.000  (189s)
  pulsed_p0.1      JSR    +5 dB  BER 8.29e-02  P(det)@0.05 power_one_sided 1.000 power_two_sided 1.000 kurtosis 1.000 spec_cnn 1.000  (190s)
  pulsed_p0.1      JSR    +6 dB  BER 8.80e-02  P(det)@0.05 power_one_sided 1.000 power_two_sided 1.000 kurtosis 1.000 spec_cnn 1.000  (190s)
  pulsed_p0.1      JSR    +7 dB  BER 9.17e-02  P(det)@0.05 power_one_sided 1.000 power_two_sided 1.000 kurtosis 1.000 spec_cnn 1.000  (190s)
  pulsed_p0.1      JSR    +8 dB  BER 1.01e-01  P(det)@0.05 power_one_sided 1.000 power_two_sided 1.000 kurtosis 1.000 spec_cnn 1.000  (190s)
  pulsed_p0.1      JSR    +9 dB  BER 1.04e-01  P(det)@0.05 power_one_sided 1.000 power_two_sided 1.000 kurtosis 1.000 spec_cnn 1.000  (191s)
  pulsed_p0.1      JSR   +10 dB  BER 1.12e-01  P(det)@0.05 power_one_sided 1.000 power_two_sided 1.000 kurtosis 1.000 spec_cnn 1.000  (191s)
  pulsed_p0.1      JSR   +11 dB  BER 1.16e-01  P(det)@0.05 power_one_sided 1.000 power_two_sided 1.000 kurtosis 1.000 spec_cnn 1.000  (191s)
  pulsed_p0.1      JSR   +12 dB  BER 1.26e-01  P(det)@0.05 power_one_sided 1.000 power_two_sided 1.000 kurtosis 1.000 spec_cnn 1.000  (192s)
  pulsed_p0.1      JSR   +13 dB  BER 1.34e-01  P(det)@0.05 power_one_sided 1.000 power_two_sided 1.000 kurtosis 1.000 spec_cnn 1.000  (192s)
  pulsed_p0.1      JSR   +14 dB  BER 1.43e-01  P(det)@0.05 power_one_sided 1.000 power_two_sided 1.000 kurtosis 1.000 spec_cnn 1.000  (192s)
  pulsed_p0.1      JSR   +15 dB  BER 1.44e-01  P(det)@0.05 power_one_sided 1.000 power_two_sided 1.000 kurtosis 1.000 spec_cnn 1.000  (192s)
  pulsed_p0.1 confirmed picks: {"power_one_sided": {"0.01": {"index": 0, "sweep_ber": 0.0, "sweep_pdet": 0.015625, "confirmed_ber": 0.0, "confirmed_ser": 0.0, "confirmed_pdet": 0.01123046875, "passed": true}, "0.05": {"index": 0, "sweep_ber": 0.0, "sweep_pdet": 0.0625, "confirmed_ber": 0.0, "confirmed_ser": 0.0, "confirmed_pdet": 0.060791015625, "passed": false}}, "power_two_sided": {"0.01": {"index": 0, "sweep_ber": 0.0, "sweep_pdet": 0.009765625, "confirmed_ber": 0.0, "confirmed_ser": 0.0, "confirmed_pdet": 0.012451171875, "passed": true}, "0.05": {"index": 0, "sweep_ber": 0.0, "sweep_pdet": 0.05859375, "confirmed_ber": 0.0, "confirmed_ser": 0.0, "confirmed_pdet": 0.061767578125, "passed": false}}, "kurtosis": {"0.01": {"index": 0, "sweep_ber": 0.0, "sweep_pdet": 0.0, "confirmed_ber": 0.0, "confirmed_ser": 0.0, "confirmed_pdet": 0.008544921875, "passed": true}, "0.05": {"index": 0, "sweep_ber": 0.0, "sweep_pdet": 0.037109375, "confirmed_ber": 0.0, "confirmed_ser": 0.0, "confirmed_pdet": 0.0478515625, "passed": true}}, "spec_cnn": {"0.01": {"index": 0, "sweep_ber": 0.0, "sweep_pdet": 0.005859375, "confirmed_ber": 0.0, "confirmed_ser": 0.0, "confirmed_pdet": 0.011474609375, "passed": true}, "0.05": {"index": 0, "sweep_ber": 0.0, "sweep_pdet": 0.04296875, "confirmed_ber": 0.0, "confirmed_ser": 0.0, "confirmed_pdet": 0.050537109375, "passed": true}}}
  omniscient_e0.1  JSR   -50 dB  BER 0.00e+00  P(det)@0.05 power_one_sided 0.053 power_two_sided 0.047 kurtosis 0.041 spec_cnn 0.039  (212s)
  omniscient_e0.1  JSR   -49 dB  BER 0.00e+00  P(det)@0.05 power_one_sided 0.066 power_two_sided 0.072 kurtosis 0.047 spec_cnn 0.057  (212s)
  omniscient_e0.1  JSR   -48 dB  BER 0.00e+00  P(det)@0.05 power_one_sided 0.051 power_two_sided 0.039 kurtosis 0.051 spec_cnn 0.043  (212s)
  omniscient_e0.1  JSR   -47 dB  BER 0.00e+00  P(det)@0.05 power_one_sided 0.051 power_two_sided 0.053 kurtosis 0.057 spec_cnn 0.045  (213s)
  omniscient_e0.1  JSR   -46 dB  BER 0.00e+00  P(det)@0.05 power_one_sided 0.059 power_two_sided 0.045 kurtosis 0.053 spec_cnn 0.035  (213s)
  omniscient_e0.1  JSR   -45 dB  BER 0.00e+00  P(det)@0.05 power_one_sided 0.064 power_two_sided 0.051 kurtosis 0.047 spec_cnn 0.045  (213s)
  omniscient_e0.1  JSR   -44 dB  BER 0.00e+00  P(det)@0.05 power_one_sided 0.059 power_two_sided 0.049 kurtosis 0.064 spec_cnn 0.047  (213s)
  omniscient_e0.1  JSR   -43 dB  BER 0.00e+00  P(det)@0.05 power_one_sided 0.039 power_two_sided 0.059 kurtosis 0.057 spec_cnn 0.033  (214s)
  omniscient_e0.1  JSR   -42 dB  BER 0.00e+00  P(det)@0.05 power_one_sided 0.062 power_two_sided 0.057 kurtosis 0.039 spec_cnn 0.051  (214s)
  omniscient_e0.1  JSR   -41 dB  BER 0.00e+00  P(det)@0.05 power_one_sided 0.072 power_two_sided 0.066 kurtosis 0.049 spec_cnn 0.045  (214s)
  omniscient_e0.1  JSR   -40 dB  BER 0.00e+00  P(det)@0.05 power_one_sided 0.039 power_two_sided 0.049 kurtosis 0.043 spec_cnn 0.057  (215s)
  omniscient_e0.1  JSR   -39 dB  BER 0.00e+00  P(det)@0.05 power_one_sided 0.043 power_two_sided 0.051 kurtosis 0.037 spec_cnn 0.043  (215s)
  omniscient_e0.1  JSR   -38 dB  BER 0.00e+00  P(det)@0.05 power_one_sided 0.064 power_two_sided 0.047 kurtosis 0.049 spec_cnn 0.055  (215s)
  omniscient_e0.1  JSR   -37 dB  BER 0.00e+00  P(det)@0.05 power_one_sided 0.062 power_two_sided 0.059 kurtosis 0.037 spec_cnn 0.037  (215s)
  omniscient_e0.1  JSR   -36 dB  BER 0.00e+00  P(det)@0.05 power_one_sided 0.059 power_two_sided 0.053 kurtosis 0.047 spec_cnn 0.051  (216s)
  omniscient_e0.1  JSR   -35 dB  BER 0.00e+00  P(det)@0.05 power_one_sided 0.045 power_two_sided 0.053 kurtosis 0.051 spec_cnn 0.031  (216s)
  omniscient_e0.1  JSR   -34 dB  BER 0.00e+00  P(det)@0.05 power_one_sided 0.061 power_two_sided 0.068 kurtosis 0.043 spec_cnn 0.043  (216s)
  omniscient_e0.1  JSR   -33 dB  BER 0.00e+00  P(det)@0.05 power_one_sided 0.043 power_two_sided 0.043 kurtosis 0.045 spec_cnn 0.053  (217s)
  omniscient_e0.1  JSR   -32 dB  BER 0.00e+00  P(det)@0.05 power_one_sided 0.059 power_two_sided 0.053 kurtosis 0.035 spec_cnn 0.035  (217s)
  omniscient_e0.1  JSR   -31 dB  BER 0.00e+00  P(det)@0.05 power_one_sided 0.041 power_two_sided 0.037 kurtosis 0.068 spec_cnn 0.049  (217s)
  omniscient_e0.1  JSR   -30 dB  BER 0.00e+00  P(det)@0.05 power_one_sided 0.059 power_two_sided 0.047 kurtosis 0.057 spec_cnn 0.033  (217s)
  omniscient_e0.1  JSR   -29 dB  BER 0.00e+00  P(det)@0.05 power_one_sided 0.031 power_two_sided 0.027 kurtosis 0.051 spec_cnn 0.037  (218s)
  omniscient_e0.1  JSR   -28 dB  BER 0.00e+00  P(det)@0.05 power_one_sided 0.049 power_two_sided 0.039 kurtosis 0.049 spec_cnn 0.035  (218s)
  omniscient_e0.1  JSR   -27 dB  BER 0.00e+00  P(det)@0.05 power_one_sided 0.045 power_two_sided 0.047 kurtosis 0.059 spec_cnn 0.039  (218s)
  omniscient_e0.1  JSR   -26 dB  BER 0.00e+00  P(det)@0.05 power_one_sided 0.047 power_two_sided 0.037 kurtosis 0.047 spec_cnn 0.049  (219s)
  omniscient_e0.1  JSR   -25 dB  BER 0.00e+00  P(det)@0.05 power_one_sided 0.055 power_two_sided 0.043 kurtosis 0.049 spec_cnn 0.039  (219s)
  omniscient_e0.1  JSR   -24 dB  BER 0.00e+00  P(det)@0.05 power_one_sided 0.041 power_two_sided 0.029 kurtosis 0.053 spec_cnn 0.057  (219s)
  omniscient_e0.1  JSR   -23 dB  BER 0.00e+00  P(det)@0.05 power_one_sided 0.057 power_two_sided 0.051 kurtosis 0.043 spec_cnn 0.055  (219s)
  omniscient_e0.1  JSR   -22 dB  BER 0.00e+00  P(det)@0.05 power_one_sided 0.039 power_two_sided 0.051 kurtosis 0.045 spec_cnn 0.051  (220s)
  omniscient_e0.1  JSR   -21 dB  BER 0.00e+00  P(det)@0.05 power_one_sided 0.053 power_two_sided 0.043 kurtosis 0.049 spec_cnn 0.053  (220s)
  omniscient_e0.1  JSR   -20 dB  BER 7.81e-03  P(det)@0.05 power_one_sided 0.000 power_two_sided 1.000 kurtosis 0.049 spec_cnn 0.039  (220s)
  omniscient_e0.1  JSR   -19 dB  BER 7.81e-03  P(det)@0.05 power_one_sided 0.000 power_two_sided 1.000 kurtosis 0.064 spec_cnn 0.055  (220s)
  omniscient_e0.1  JSR   -18 dB  BER 7.81e-03  P(det)@0.05 power_one_sided 0.000 power_two_sided 1.000 kurtosis 0.076 spec_cnn 0.059  (221s)
  omniscient_e0.1  JSR   -17 dB  BER 1.56e-02  P(det)@0.05 power_one_sided 0.000 power_two_sided 1.000 kurtosis 0.092 spec_cnn 0.055  (221s)
  omniscient_e0.1  JSR   -16 dB  BER 1.56e-02  P(det)@0.05 power_one_sided 0.000 power_two_sided 1.000 kurtosis 0.109 spec_cnn 0.053  (221s)
  omniscient_e0.1  JSR   -15 dB  BER 2.34e-02  P(det)@0.05 power_one_sided 0.000 power_two_sided 1.000 kurtosis 0.201 spec_cnn 0.053  (222s)
  omniscient_e0.1  JSR   -14 dB  BER 3.12e-02  P(det)@0.05 power_one_sided 0.000 power_two_sided 1.000 kurtosis 0.229 spec_cnn 0.064  (222s)
  omniscient_e0.1  JSR   -13 dB  BER 3.91e-02  P(det)@0.05 power_one_sided 0.000 power_two_sided 1.000 kurtosis 0.369 spec_cnn 0.068  (222s)
  omniscient_e0.1  JSR   -12 dB  BER 4.69e-02  P(det)@0.05 power_one_sided 0.000 power_two_sided 1.000 kurtosis 0.482 spec_cnn 0.051  (222s)
  omniscient_e0.1  JSR   -11 dB  BER 6.25e-02  P(det)@0.05 power_one_sided 0.000 power_two_sided 1.000 kurtosis 0.762 spec_cnn 0.049  (223s)
  omniscient_e0.1  JSR   -10 dB  BER 7.81e-02  P(det)@0.05 power_one_sided 0.000 power_two_sided 1.000 kurtosis 0.910 spec_cnn 0.068  (223s)
  omniscient_e0.1  JSR    -9 dB  BER 1.02e-01  P(det)@0.05 power_one_sided 0.000 power_two_sided 1.000 kurtosis 0.994 spec_cnn 0.053  (223s)
  omniscient_e0.1  JSR    -8 dB  BER 1.25e-01  P(det)@0.05 power_one_sided 0.000 power_two_sided 1.000 kurtosis 1.000 spec_cnn 0.082  (224s)
  omniscient_e0.1  JSR    -7 dB  BER 1.64e-01  P(det)@0.05 power_one_sided 0.000 power_two_sided 1.000 kurtosis 1.000 spec_cnn 0.045  (224s)
  omniscient_e0.1  JSR    -6 dB  BER 2.03e-01  P(det)@0.05 power_one_sided 0.000 power_two_sided 1.000 kurtosis 1.000 spec_cnn 0.047  (224s)
  omniscient_e0.1  JSR    -5 dB  BER 2.58e-01  P(det)@0.05 power_one_sided 0.000 power_two_sided 1.000 kurtosis 1.000 spec_cnn 0.070  (224s)
  omniscient_e0.1  JSR    -4 dB  BER 3.28e-01  P(det)@0.05 power_one_sided 0.000 power_two_sided 1.000 kurtosis 1.000 spec_cnn 0.070  (225s)
  omniscient_e0.1  JSR    -3 dB  BER 4.14e-01  P(det)@0.05 power_one_sided 0.000 power_two_sided 1.000 kurtosis 1.000 spec_cnn 0.047  (225s)
  omniscient_e0.1  JSR    -2 dB  BER 5.16e-01  P(det)@0.05 power_one_sided 0.000 power_two_sided 1.000 kurtosis 1.000 spec_cnn 0.057  (225s)
  omniscient_e0.1  JSR    -1 dB  BER 6.56e-01  P(det)@0.05 power_one_sided 0.000 power_two_sided 1.000 kurtosis 1.000 spec_cnn 0.037  (226s)
  omniscient_e0.1  JSR    +0 dB  BER 8.20e-01  P(det)@0.05 power_one_sided 0.000 power_two_sided 1.000 kurtosis 1.000 spec_cnn 0.006  (226s)
  omniscient_e0.1  JSR    +1 dB  BER 1.00e+00  P(det)@0.05 power_one_sided 0.000 power_two_sided 1.000 kurtosis 0.982 spec_cnn 0.000  (226s)
  omniscient_e0.1  JSR    +2 dB  BER 1.00e+00  P(det)@0.05 power_one_sided 0.000 power_two_sided 1.000 kurtosis 0.990 spec_cnn 0.000  (226s)
  omniscient_e0.1  JSR    +3 dB  BER 1.00e+00  P(det)@0.05 power_one_sided 0.000 power_two_sided 1.000 kurtosis 0.986 spec_cnn 0.000  (227s)
  omniscient_e0.1  JSR    +4 dB  BER 1.00e+00  P(det)@0.05 power_one_sided 0.000 power_two_sided 1.000 kurtosis 0.988 spec_cnn 0.000  (227s)
  omniscient_e0.1  JSR    +5 dB  BER 1.00e+00  P(det)@0.05 power_one_sided 0.000 power_two_sided 1.000 kurtosis 0.975 spec_cnn 0.000  (227s)
  omniscient_e0.1  JSR    +6 dB  BER 1.00e+00  P(det)@0.05 power_one_sided 0.000 power_two_sided 1.000 kurtosis 0.980 spec_cnn 0.000  (228s)
  omniscient_e0.1  JSR    +7 dB  BER 1.00e+00  P(det)@0.05 power_one_sided 0.000 power_two_sided 1.000 kurtosis 0.988 spec_cnn 0.000  (228s)
  omniscient_e0.1  JSR    +8 dB  BER 1.00e+00  P(det)@0.05 power_one_sided 0.000 power_two_sided 1.000 kurtosis 0.980 spec_cnn 0.000  (228s)
  omniscient_e0.1  JSR    +9 dB  BER 1.00e+00  P(det)@0.05 power_one_sided 0.000 power_two_sided 1.000 kurtosis 0.988 spec_cnn 0.000  (228s)
  omniscient_e0.1  JSR   +10 dB  BER 1.00e+00  P(det)@0.05 power_one_sided 0.000 power_two_sided 1.000 kurtosis 0.992 spec_cnn 0.000  (229s)
  omniscient_e0.1  JSR   +11 dB  BER 1.00e+00  P(det)@0.05 power_one_sided 0.000 power_two_sided 1.000 kurtosis 0.984 spec_cnn 0.000  (229s)
  omniscient_e0.1  JSR   +12 dB  BER 1.00e+00  P(det)@0.05 power_one_sided 0.000 power_two_sided 1.000 kurtosis 0.984 spec_cnn 0.000  (229s)
  omniscient_e0.1  JSR   +13 dB  BER 1.00e+00  P(det)@0.05 power_one_sided 0.000 power_two_sided 1.000 kurtosis 0.986 spec_cnn 0.000  (230s)
  omniscient_e0.1  JSR   +14 dB  BER 1.00e+00  P(det)@0.05 power_one_sided 0.000 power_two_sided 1.000 kurtosis 0.988 spec_cnn 0.000  (230s)
  omniscient_e0.1  JSR   +15 dB  BER 1.00e+00  P(det)@0.05 power_one_sided 0.000 power_two_sided 1.000 kurtosis 0.986 spec_cnn 0.000  (230s)
  omniscient_e0.1 confirmed picks: {"power_one_sided": {"0.01": {"index": 51, "sweep_ber": 1.0, "sweep_pdet": 0.0, "confirmed_ber": 1.0, "confirmed_ser": 1.0, "confirmed_pdet": 0.0, "passed": true}, "0.05": {"index": 51, "sweep_ber": 1.0, "sweep_pdet": 0.0, "confirmed_ber": 1.0, "confirmed_ser": 1.0, "confirmed_pdet": 0.0, "passed": true}}, "power_two_sided": {"0.01": {"index": 0, "sweep_ber": 0.0, "sweep_pdet": 0.005859375, "confirmed_ber": 0.0, "confirmed_ser": 0.0, "confirmed_pdet": 0.00830078125, "passed": true}, "0.05": {"index": 0, "sweep_ber": 0.0, "sweep_pdet": 0.046875, "confirmed_ber": 0.0, "confirmed_ser": 0.0, "confirmed_pdet": 0.0478515625, "passed": true}}, "kurtosis": {"0.01": {"index": 30, "sweep_ber": 0.0078125, "sweep_pdet": 0.01171875, "confirmed_ber": 0.0078125, "confirmed_ser": 0.0078125, "confirmed_pdet": 0.012939453125, "passed": true}, "0.05": {"index": 30, "sweep_ber": 0.0078125, "sweep_pdet": 0.048828125, "confirmed_ber": 0.0078125, "confirmed_ser": 0.0078125, "confirmed_pdet": 0.057373046875, "passed": false}}, "spec_cnn": {"0.01": {"index": 51, "sweep_ber": 1.0, "sweep_pdet": 0.0, "confirmed_ber": 1.0, "confirmed_ser": 1.0, "confirmed_pdet": 0.0, "passed": true}, "0.05": {"index": 51, "sweep_ber": 1.0, "sweep_pdet": 0.0, "confirmed_ber": 1.0, "confirmed_ser": 1.0, "confirmed_pdet": 0.000244140625, "passed": true}}}
  omniscient_e1    JSR   -50 dB  BER 0.00e+00  P(det)@0.05 power_one_sided 0.039 power_two_sided 0.051 kurtosis 0.039 spec_cnn 0.037  (249s)
  omniscient_e1    JSR   -49 dB  BER 0.00e+00  P(det)@0.05 power_one_sided 0.062 power_two_sided 0.045 kurtosis 0.045 spec_cnn 0.039  (249s)
  omniscient_e1    JSR   -48 dB  BER 0.00e+00  P(det)@0.05 power_one_sided 0.037 power_two_sided 0.053 kurtosis 0.064 spec_cnn 0.047  (249s)
  omniscient_e1    JSR   -47 dB  BER 0.00e+00  P(det)@0.05 power_one_sided 0.064 power_two_sided 0.070 kurtosis 0.049 spec_cnn 0.059  (250s)
  omniscient_e1    JSR   -46 dB  BER 0.00e+00  P(det)@0.05 power_one_sided 0.049 power_two_sided 0.047 kurtosis 0.041 spec_cnn 0.072  (250s)
  omniscient_e1    JSR   -45 dB  BER 0.00e+00  P(det)@0.05 power_one_sided 0.057 power_two_sided 0.045 kurtosis 0.055 spec_cnn 0.066  (250s)
  omniscient_e1    JSR   -44 dB  BER 0.00e+00  P(det)@0.05 power_one_sided 0.043 power_two_sided 0.035 kurtosis 0.057 spec_cnn 0.061  (250s)
  omniscient_e1    JSR   -43 dB  BER 0.00e+00  P(det)@0.05 power_one_sided 0.055 power_two_sided 0.059 kurtosis 0.041 spec_cnn 0.055  (251s)
  omniscient_e1    JSR   -42 dB  BER 0.00e+00  P(det)@0.05 power_one_sided 0.057 power_two_sided 0.049 kurtosis 0.045 spec_cnn 0.045  (251s)
  omniscient_e1    JSR   -41 dB  BER 0.00e+00  P(det)@0.05 power_one_sided 0.045 power_two_sided 0.053 kurtosis 0.047 spec_cnn 0.055  (251s)
  omniscient_e1    JSR   -40 dB  BER 0.00e+00  P(det)@0.05 power_one_sided 0.049 power_two_sided 0.039 kurtosis 0.055 spec_cnn 0.051  (252s)
  omniscient_e1    JSR   -39 dB  BER 0.00e+00  P(det)@0.05 power_one_sided 0.057 power_two_sided 0.057 kurtosis 0.043 spec_cnn 0.039  (252s)
  omniscient_e1    JSR   -38 dB  BER 0.00e+00  P(det)@0.05 power_one_sided 0.053 power_two_sided 0.039 kurtosis 0.047 spec_cnn 0.045  (252s)
  omniscient_e1    JSR   -37 dB  BER 0.00e+00  P(det)@0.05 power_one_sided 0.043 power_two_sided 0.037 kurtosis 0.059 spec_cnn 0.043  (252s)
  omniscient_e1    JSR   -36 dB  BER 0.00e+00  P(det)@0.05 power_one_sided 0.061 power_two_sided 0.057 kurtosis 0.049 spec_cnn 0.031  (253s)
  omniscient_e1    JSR   -35 dB  BER 0.00e+00  P(det)@0.05 power_one_sided 0.066 power_two_sided 0.068 kurtosis 0.059 spec_cnn 0.045  (253s)
  omniscient_e1    JSR   -34 dB  BER 0.00e+00  P(det)@0.05 power_one_sided 0.047 power_two_sided 0.047 kurtosis 0.051 spec_cnn 0.043  (253s)
  omniscient_e1    JSR   -33 dB  BER 0.00e+00  P(det)@0.05 power_one_sided 0.049 power_two_sided 0.041 kurtosis 0.045 spec_cnn 0.049  (254s)
  omniscient_e1    JSR   -32 dB  BER 0.00e+00  P(det)@0.05 power_one_sided 0.064 power_two_sided 0.074 kurtosis 0.043 spec_cnn 0.033  (254s)
  omniscient_e1    JSR   -31 dB  BER 0.00e+00  P(det)@0.05 power_one_sided 0.043 power_two_sided 0.045 kurtosis 0.062 spec_cnn 0.045  (254s)
  omniscient_e1    JSR   -30 dB  BER 0.00e+00  P(det)@0.05 power_one_sided 0.037 power_two_sided 0.049 kurtosis 0.039 spec_cnn 0.057  (254s)
  omniscient_e1    JSR   -29 dB  BER 0.00e+00  P(det)@0.05 power_one_sided 0.055 power_two_sided 0.059 kurtosis 0.059 spec_cnn 0.041  (255s)
  omniscient_e1    JSR   -28 dB  BER 0.00e+00  P(det)@0.05 power_one_sided 0.066 power_two_sided 0.045 kurtosis 0.055 spec_cnn 0.037  (255s)
  omniscient_e1    JSR   -27 dB  BER 0.00e+00  P(det)@0.05 power_one_sided 0.053 power_two_sided 0.049 kurtosis 0.057 spec_cnn 0.033  (255s)
  omniscient_e1    JSR   -26 dB  BER 0.00e+00  P(det)@0.05 power_one_sided 0.049 power_two_sided 0.059 kurtosis 0.047 spec_cnn 0.035  (256s)
  omniscient_e1    JSR   -25 dB  BER 0.00e+00  P(det)@0.05 power_one_sided 0.053 power_two_sided 0.055 kurtosis 0.045 spec_cnn 0.029  (256s)
  omniscient_e1    JSR   -24 dB  BER 0.00e+00  P(det)@0.05 power_one_sided 0.039 power_two_sided 0.037 kurtosis 0.035 spec_cnn 0.029  (256s)
  omniscient_e1    JSR   -23 dB  BER 0.00e+00  P(det)@0.05 power_one_sided 0.055 power_two_sided 0.047 kurtosis 0.059 spec_cnn 0.059  (256s)
  omniscient_e1    JSR   -22 dB  BER 0.00e+00  P(det)@0.05 power_one_sided 0.061 power_two_sided 0.053 kurtosis 0.062 spec_cnn 0.055  (257s)
  omniscient_e1    JSR   -21 dB  BER 0.00e+00  P(det)@0.05 power_one_sided 0.057 power_two_sided 0.041 kurtosis 0.037 spec_cnn 0.041  (257s)
  omniscient_e1    JSR   -20 dB  BER 0.00e+00  P(det)@0.05 power_one_sided 0.041 power_two_sided 0.043 kurtosis 0.039 spec_cnn 0.053  (257s)
  omniscient_e1    JSR   -19 dB  BER 0.00e+00  P(det)@0.05 power_one_sided 0.053 power_two_sided 0.049 kurtosis 0.043 spec_cnn 0.045  (258s)
  omniscient_e1    JSR   -18 dB  BER 0.00e+00  P(det)@0.05 power_one_sided 0.049 power_two_sided 0.055 kurtosis 0.061 spec_cnn 0.051  (258s)
  omniscient_e1    JSR   -17 dB  BER 0.00e+00  P(det)@0.05 power_one_sided 0.037 power_two_sided 0.039 kurtosis 0.057 spec_cnn 0.059  (258s)
  omniscient_e1    JSR   -16 dB  BER 0.00e+00  P(det)@0.05 power_one_sided 0.064 power_two_sided 0.070 kurtosis 0.062 spec_cnn 0.041  (258s)
  omniscient_e1    JSR   -15 dB  BER 7.81e-03  P(det)@0.05 power_one_sided 0.045 power_two_sided 0.059 kurtosis 0.045 spec_cnn 0.039  (259s)
  omniscient_e1    JSR   -14 dB  BER 7.81e-03  P(det)@0.05 power_one_sided 0.049 power_two_sided 0.053 kurtosis 0.066 spec_cnn 0.020  (259s)
  omniscient_e1    JSR   -13 dB  BER 7.81e-03  P(det)@0.05 power_one_sided 0.049 power_two_sided 0.053 kurtosis 0.051 spec_cnn 0.033  (259s)
  omniscient_e1    JSR   -12 dB  BER 1.56e-02  P(det)@0.05 power_one_sided 0.068 power_two_sided 0.057 kurtosis 0.035 spec_cnn 0.068  (259s)
  omniscient_e1    JSR   -11 dB  BER 1.56e-02  P(det)@0.05 power_one_sided 0.055 power_two_sided 0.051 kurtosis 0.047 spec_cnn 0.035  (260s)
  omniscient_e1    JSR   -10 dB  BER 2.34e-02  P(det)@0.05 power_one_sided 0.047 power_two_sided 0.062 kurtosis 0.070 spec_cnn 0.031  (260s)
  omniscient_e1    JSR    -9 dB  BER 3.12e-02  P(det)@0.05 power_one_sided 0.043 power_two_sided 0.049 kurtosis 0.033 spec_cnn 0.035  (260s)
  omniscient_e1    JSR    -8 dB  BER 3.91e-02  P(det)@0.05 power_one_sided 0.047 power_two_sided 0.051 kurtosis 0.039 spec_cnn 0.051  (261s)
  omniscient_e1    JSR    -7 dB  BER 4.69e-02  P(det)@0.05 power_one_sided 0.053 power_two_sided 0.062 kurtosis 0.047 spec_cnn 0.055  (261s)
  omniscient_e1    JSR    -6 dB  BER 6.25e-02  P(det)@0.05 power_one_sided 0.041 power_two_sided 0.049 kurtosis 0.047 spec_cnn 0.027  (261s)
  omniscient_e1    JSR    -5 dB  BER 7.81e-02  P(det)@0.05 power_one_sided 0.041 power_two_sided 0.043 kurtosis 0.047 spec_cnn 0.053  (261s)
  omniscient_e1    JSR    -4 dB  BER 9.38e-02  P(det)@0.05 power_one_sided 0.055 power_two_sided 0.043 kurtosis 0.033 spec_cnn 0.051  (262s)
  omniscient_e1    JSR    -3 dB  BER 1.25e-01  P(det)@0.05 power_one_sided 0.055 power_two_sided 0.043 kurtosis 0.053 spec_cnn 0.037  (262s)
  omniscient_e1    JSR    -2 dB  BER 1.56e-01  P(det)@0.05 power_one_sided 0.055 power_two_sided 0.055 kurtosis 0.066 spec_cnn 0.037  (262s)
  omniscient_e1    JSR    -1 dB  BER 1.95e-01  P(det)@0.05 power_one_sided 0.055 power_two_sided 0.059 kurtosis 0.047 spec_cnn 0.061  (263s)
  omniscient_e1    JSR    +0 dB  BER 2.50e-01  P(det)@0.05 power_one_sided 0.035 power_two_sided 0.051 kurtosis 0.047 spec_cnn 0.051  (263s)
  omniscient_e1    JSR    +1 dB  BER 3.12e-01  P(det)@0.05 power_one_sided 0.049 power_two_sided 0.051 kurtosis 0.057 spec_cnn 0.047  (263s)
  omniscient_e1    JSR    +2 dB  BER 3.91e-01  P(det)@0.05 power_one_sided 0.047 power_two_sided 0.045 kurtosis 0.053 spec_cnn 0.041  (263s)
  omniscient_e1    JSR    +3 dB  BER 4.92e-01  P(det)@0.05 power_one_sided 0.055 power_two_sided 0.045 kurtosis 0.035 spec_cnn 0.021  (264s)
  omniscient_e1    JSR    +4 dB  BER 6.25e-01  P(det)@0.05 power_one_sided 0.041 power_two_sided 0.055 kurtosis 0.043 spec_cnn 0.055  (264s)
  omniscient_e1    JSR    +5 dB  BER 7.89e-01  P(det)@0.05 power_one_sided 0.049 power_two_sided 0.045 kurtosis 0.059 spec_cnn 0.053  (264s)
  omniscient_e1    JSR    +6 dB  BER 9.92e-01  P(det)@0.05 power_one_sided 0.049 power_two_sided 0.047 kurtosis 0.059 spec_cnn 0.039  (265s)
  omniscient_e1    JSR    +7 dB  BER 1.00e+00  P(det)@0.05 power_one_sided 0.064 power_two_sided 0.053 kurtosis 0.061 spec_cnn 0.047  (265s)
  omniscient_e1    JSR    +8 dB  BER 1.00e+00  P(det)@0.05 power_one_sided 0.062 power_two_sided 0.061 kurtosis 0.043 spec_cnn 0.053  (265s)
  omniscient_e1    JSR    +9 dB  BER 1.00e+00  P(det)@0.05 power_one_sided 0.041 power_two_sided 0.037 kurtosis 0.041 spec_cnn 0.051  (265s)
  omniscient_e1    JSR   +10 dB  BER 1.00e+00  P(det)@0.05 power_one_sided 0.051 power_two_sided 0.041 kurtosis 0.062 spec_cnn 0.059  (266s)
  omniscient_e1    JSR   +11 dB  BER 1.00e+00  P(det)@0.05 power_one_sided 0.070 power_two_sided 0.061 kurtosis 0.053 spec_cnn 0.039  (266s)
  omniscient_e1    JSR   +12 dB  BER 1.00e+00  P(det)@0.05 power_one_sided 0.037 power_two_sided 0.043 kurtosis 0.043 spec_cnn 0.035  (266s)
  omniscient_e1    JSR   +13 dB  BER 1.00e+00  P(det)@0.05 power_one_sided 0.041 power_two_sided 0.035 kurtosis 0.066 spec_cnn 0.039  (267s)
  omniscient_e1    JSR   +14 dB  BER 1.00e+00  P(det)@0.05 power_one_sided 0.057 power_two_sided 0.061 kurtosis 0.039 spec_cnn 0.051  (267s)
  omniscient_e1    JSR   +15 dB  BER 1.00e+00  P(det)@0.05 power_one_sided 0.051 power_two_sided 0.041 kurtosis 0.045 spec_cnn 0.041  (267s)
  omniscient_e1 confirmed picks: {"power_one_sided": {"0.01": {"index": 57, "sweep_ber": 1.0, "sweep_pdet": 0.0078125, "confirmed_ber": 1.0, "confirmed_ser": 1.0, "confirmed_pdet": 0.00732421875, "passed": true}, "0.05": {"index": 57, "sweep_ber": 1.0, "sweep_pdet": 0.064453125, "confirmed_ber": 1.0, "confirmed_ser": 1.0, "confirmed_pdet": 0.052490234375, "passed": true}}, "power_two_sided": {"0.01": {"index": 57, "sweep_ber": 1.0, "sweep_pdet": 0.009765625, "confirmed_ber": 1.0, "confirmed_ser": 1.0, "confirmed_pdet": 0.009765625, "passed": true}, "0.05": {"index": 57, "sweep_ber": 1.0, "sweep_pdet": 0.052734375, "confirmed_ber": 1.0, "confirmed_ser": 1.0, "confirmed_pdet": 0.046875, "passed": true}}, "kurtosis": {"0.01": {"index": 57, "sweep_ber": 1.0, "sweep_pdet": 0.017578125, "confirmed_ber": 1.0, "confirmed_ser": 1.0, "confirmed_pdet": 0.010498046875, "passed": true}, "0.05": {"index": 57, "sweep_ber": 1.0, "sweep_pdet": 0.060546875, "confirmed_ber": 1.0, "confirmed_ser": 1.0, "confirmed_pdet": 0.045166015625, "passed": true}}, "spec_cnn": {"0.01": {"index": 57, "sweep_ber": 1.0, "sweep_pdet": 0.00390625, "confirmed_ber": 1.0, "confirmed_ser": 1.0, "confirmed_pdet": 0.010498046875, "passed": true}, "0.05": {"index": 57, "sweep_ber": 1.0, "sweep_pdet": 0.046875, "confirmed_ber": 1.0, "confirmed_ser": 1.0, "confirmed_pdet": 0.052490234375, "passed": true}}}
wrote sweep_K1.json in 290s
