node: tikgpu04.ee.ethz.ch | gpu: NVIDIA TITAN RTX
test drops: 50, realised SNR 30.000..30.000 dB, T power 14.2..33.4 dBm
clean: BER 0.00e+00, FAR {"power_one_sided": {"0.01": 0.01171875, "0.05": 0.05078125}, "power_two_sided": {"0.01": 0.015625, "0.05": 0.0703125}, "kurtosis": {"0.01": 0.0078125, "0.05": 0.05859375}, "spec_cnn": {"0.01": 0.0078125, "0.05": 0.03125}}
  noise            JSR   -30 dB  BER 0.00e+00  P(det)@0.05 power_one_sided 0.344 power_two_sided 0.234 kurtosis 0.047 spec_cnn 0.531 lrt_noise 1.000  (16s)
  noise            JSR   -10 dB  BER 0.00e+00  P(det)@0.05 power_one_sided 1.000 power_two_sided 1.000 kurtosis 0.969 spec_cnn 1.000 lrt_noise 1.000  (16s)
  noise            JSR    +0 dB  BER 2.38e-03  P(det)@0.05 power_one_sided 1.000 power_two_sided 1.000 kurtosis 1.000 spec_cnn 1.000 lrt_noise 1.000  (16s)
  noise confirmed picks: {"power_one_sided": {"0.01": null, "0.05": null}, "power_two_sided": {"0.01": null, "0.05": null}, "kurtosis": {"0.01": {"index": 0, "sweep_ber": 0.0, "sweep_pdet": 0.03125, "confirmed_ber": 0.0, "confirmed_ser": 0.0, "confirmed_pdet": 0.015625, "passed": true}, "0.05": {"index": 0, "sweep_ber": 0.0, "sweep_pdet": 0.046875, "confirmed_ber": 0.0, "confirmed_ser": 0.0, "confirmed_pdet": 0.015625, "passed": true}}, "spec_cnn": {"0.01": null, "0.05": null}, "lrt_noise": {"0.01": null, "0.05": null}}
  pulsed_p1        JSR   -30 dB  BER 0.00e+00  P(det)@0.05 power_one_sided 0.453 power_two_sided 0.578 kurtosis 0.062 spec_cnn 0.188  (16s)
  pulsed_p1        JSR   -10 dB  BER 0.00e+00  P(det)@0.05 power_one_sided 0.984 power_two_sided 1.000 kurtosis 0.984 spec_cnn 0.984  (16s)
  pulsed_p1        JSR    +0 dB  BER 2.00e-01  P(det)@0.05 power_one_sided 1.000 power_two_sided 1.000 kurtosis 1.000 spec_cnn 1.000  (16s)
  pulsed_p1 confirmed picks: {"power_one_sided": {"0.01": null, "0.05": null}, "power_two_sided": {"0.01": null, "0.05": null}, "kurtosis": {"0.01": {"index": 0, "sweep_ber": 0.0, "sweep_pdet": 0.0, "confirmed_ber": 0.0, "confirmed_ser": 0.0, "confirmed_pdet": 0.015625, "passed": true}, "0.05": {"index": 0, "sweep_ber": 0.0, "sweep_pdet": 0.0625, "confirmed_ber": 0.0, "confirmed_ser": 0.0, "confirmed_pdet": 0.0625, "passed": true}}, "spec_cnn": {"0.01": null, "0.05": null}}
  pulsed_p0.5      JSR   -30 dB  BER 0.00e+00  P(det)@0.05 power_one_sided 0.297 power_two_sided 0.500 kurtosis 0.062 spec_cnn 0.203  (17s)
  pulsed_p0.5      JSR   -10 dB  BER 0.00e+00  P(det)@0.05 power_one_sided 1.000 power_two_sided 1.000 kurtosis 1.000 spec_cnn 0.969  (17s)
  pulsed_p0.5      JSR    +0 dB  BER 1.53e-01  P(det)@0.05 power_one_sided 1.000 power_two_sided 1.000 kurtosis 1.000 spec_cnn 1.000  (17s)
  pulsed_p0.5 confirmed picks: {"power_one_sided": {"0.01": null, "0.05": null}, "power_two_sided": {"0.01": null, "0.05": null}, "kurtosis": {"0.01": {"index": 0, "sweep_ber": 0.0, "sweep_pdet": 0.0, "confirmed_ber": 0.0, "confirmed_ser": 0.0, "confirmed_pdet": 0.0, "passed": true}, "0.05": {"index": 0, "sweep_ber": 0.0, "sweep_pdet": 0.0625, "confirmed_ber": 0.0, "confirmed_ser": 0.0, "confirmed_pdet": 0.0625, "passed": true}}, "spec_cnn": {"0.01": null, "0.05": null}}
  pulsed_p0.25     JSR   -30 dB  BER 0.00e+00  P(det)@0.05 power_one_sided 0.391 power_two_sided 0.469 kurtosis 0.047 spec_cnn 0.281  (17s)
  pulsed_p0.25     JSR   -10 dB  BER 1.34e-03  P(det)@0.05 power_one_sided 1.000 power_two_sided 1.000 kurtosis 1.000 spec_cnn 0.859  (17s)
  pulsed_p0.25     JSR    +0 dB  BER 9.95e-02  P(det)@0.05 power_one_sided 1.000 power_two_sided 1.000 kurtosis 1.000 spec_cnn 1.000  (17s)
  pulsed_p0.25 confirmed picks: {"power_one_sided": {"0.01": null, "0.05": null}, "power_two_sided": {"0.01": null, "0.05": null}, "kurtosis": {"0.01": {"index": 0, "sweep_ber": 0.0, "sweep_pdet": 0.0, "confirmed_ber": 0.0, "confirmed_ser": 0.0, "confirmed_pdet": 0.0, "passed": true}, "0.05": {"index": 0, "sweep_ber": 0.0, "sweep_pdet": 0.046875, "confirmed_ber": 0.0, "confirmed_ser": 0.0, "confirmed_pdet": 0.03125, "passed": true}}, "spec_cnn": {"0.01": null, "0.05": null}}
  pulsed_p0.1      JSR   -30 dB  BER 0.00e+00  P(det)@0.05 power_one_sided 0.359 power_two_sided 0.484 kurtosis 0.062 spec_cnn 0.219  (17s)
  pulsed_p0.1      JSR   -10 dB  BER 1.59e-02  P(det)@0.05 power_one_sided 1.000 power_two_sided 1.000 kurtosis 1.000 spec_cnn 0.562  (17s)
  pulsed_p0.1      JSR    +0 dB  BER 5.43e-02  P(det)@0.05 power_one_sided 1.000 power_two_sided 1.000 kurtosis 1.000 spec_cnn 1.000  (17s)
  pulsed_p0.1 confirmed picks: {"power_one_sided": {"0.01": null, "0.05": null}, "power_two_sided": {"0.01": null, "0.05": null}, "kurtosis": {"0.01": {"index": 0, "sweep_ber": 0.0, "sweep_pdet": 0.0, "confirmed_ber": 0.0, "confirmed_ser": 0.0, "confirmed_pdet": 0.015625, "passed": true}, "0.05": {"index": 0, "sweep_ber": 0.0, "sweep_pdet": 0.0625, "confirmed_ber": 0.0, "confirmed_ser": 0.0, "confirmed_pdet": 0.0625, "passed": true}}, "spec_cnn": {"0.01": null, "0.05": null}}
  omniscient_e0.1  JSR   -30 dB  BER 0.00e+00  P(det)@0.05 power_one_sided 0.062 power_two_sided 0.031 kurtosis 0.062 spec_cnn 0.016  (17s)
  omniscient_e0.1  JSR   -10 dB  BER 7.81e-02  P(det)@0.05 power_one_sided 0.000 power_two_sided 1.000 kurtosis 0.922 spec_cnn 0.062  (17s)
  omniscient_e0.1  JSR    +0 dB  BER 8.20e-01  P(det)@0.05 power_one_sided 0.000 power_two_sided 1.000 kurtosis 1.000 spec_cnn 0.000  (17s)
  omniscient_e0.1 confirmed picks: {"power_one_sided": {"0.01": {"index": 2, "sweep_ber": 0.8203125, "sweep_pdet": 0.0, "confirmed_ber": 0.8203125, "confirmed_ser": 0.8203125, "confirmed_pdet": 0.0, "passed": true}, "0.05": {"index": 2, "sweep_ber": 0.8203125, "sweep_pdet": 0.0, "confirmed_ber": 0.8203125, "confirmed_ser": 0.8203125, "confirmed_pdet": 0.0, "passed": true}}, "power_two_sided": {"0.01": {"index": 0, "sweep_ber": 0.0, "sweep_pdet": 0.015625, "confirmed_ber": 0.0, "confirmed_ser": 0.0, "confirmed_pdet": 0.0, "passed": true}, "0.05": {"index": 0, "sweep_ber": 0.0, "sweep_pdet": 0.03125, "confirmed_ber": 0.0, "confirmed_ser": 0.0, "confirmed_pdet": 0.0625, "passed": true}}, "kurtosis": {"0.01": {"index": 0, "sweep_ber": 0.0, "sweep_pdet": 0.0, "confirmed_ber": 0.0, "confirmed_ser": 0.0, "confirmed_pdet": 0.03125, "passed": true}, "0.05": {"index": 0, "sweep_ber": 0.0, "sweep_pdet": 0.0625, "confirmed_ber": 0.0, "confirmed_ser": 0.0, "confirmed_pdet": 0.046875, "passed": true}}, "spec_cnn": {"0.01": {"index": 2, "sweep_ber": 0.8203125, "sweep_pdet": 0.0, "confirmed_ber": 0.8203125, "confirmed_ser": 0.8203125, "confirmed_pdet": 0.0, "passed": true}, "0.05": {"index": 2, "sweep_ber": 0.8203125, "sweep_pdet": 0.0, "confirmed_ber": 0.8203125, "confirmed_ser": 0.8203125, "confirmed_pdet": 0.0, "passed": true}}}
  omniscient_e1    JSR   -30 dB  BER 0.00e+00  P(det)@0.05 power_one_sided 0.016 power_two_sided 0.000 kurtosis 0.016 spec_cnn 0.078  (17s)
  omniscient_e1    JSR   -10 dB  BER 2.34e-02  P(det)@0.05 power_one_sided 0.031 power_two_sided 0.016 kurtosis 0.062 spec_cnn 0.016  (18s)
  omniscient_e1    JSR    +0 dB  BER 2.50e-01  P(det)@0.05 power_one_sided 0.047 power_two_sided 0.047 kurtosis 0.031 spec_cnn 0.047  (18s)
  omniscient_e1 confirmed picks: {"power_one_sided": {"0.01": {"index": 2, "sweep_ber": 0.25, "sweep_pdet": 0.0, "confirmed_ber": 0.25, "confirmed_ser": 0.25, "confirmed_pdet": 0.03125, "passed": true}, "0.05": {"index": 2, "sweep_ber": 0.25, "sweep_pdet": 0.046875, "confirmed_ber": 0.25, "confirmed_ser": 0.25, "confirmed_pdet": 0.015625, "passed": true}}, "power_two_sided": {"0.01": {"index": 2, "sweep_ber": 0.25, "sweep_pdet": 0.015625, "confirmed_ber": 0.25, "confirmed_ser": 0.25, "confirmed_pdet": 0.015625, "passed": true}, "0.05": {"index": 2, "sweep_ber": 0.25, "sweep_pdet": 0.046875, "confirmed_ber": 0.25, "confirmed_ser": 0.25, "confirmed_pdet": 0.078125, "passed": true}}, "kurtosis": {"0.01": {"index": 2, "sweep_ber": 0.25, "sweep_pdet": 0.0, "confirmed_ber": 0.25, "confirmed_ser": 0.25, "confirmed_pdet": 0.015625, "passed": true}, "0.05": {"index": 2, "sweep_ber": 0.25, "sweep_pdet": 0.03125, "confirmed_ber": 0.25, "confirmed_ser": 0.25, "confirmed_pdet": 0.03125, "passed": true}}, "spec_cnn": {"0.01": {"index": 2, "sweep_ber": 0.25, "sweep_pdet": 0.0, "confirmed_ber": 0.25, "confirmed_ser": 0.25, "confirmed_pdet": 0.046875, "passed": false}, "0.05": {"index": 2, "sweep_ber": 0.25, "sweep_pdet": 0.046875, "confirmed_ber": 0.25, "confirmed_ser": 0.25, "confirmed_pdet": 0.015625, "passed": true}}}
wrote sweep_K1_smoke.json in 18s
