CNN-targeted D2 row drawn: spec_cnn_b10  (rule: lowest P(det)_CNN at matched BER 0.001)
wrote fig_ber_vs_jsr.png, fig_pdet_vs_jsr.png, fig_frontier.png to ../artifacts/cgan/gan/run003
  noise (barrage)                    max BER 0.309
  matched QPSK / optimal (p=1)       max BER 0.443
  Amuru pulsed (p=0.1)               max BER 0.144
  genie flip (ceiling)               max BER 1.000
  GAN eff, β=0 — D2                  max BER 0.217
  GAN vs power, β=1000 — D2          max BER 0.414
  GAN vs kurtosis, β=100 — D2        max BER 0.204
  GAN vs CNN, β=10 — D2              max BER 0.024
  shaped control vs kurtosis — D2a   max BER 0.159
  shaped control vs CNN — D2a        max BER 0.158

Confirmed stealthy BER at alpha=0.05 (max BER with P(det) <= alpha, fresh frames)
jammer                   power (1-sided)    power (2-sided)           kurtosis    spectrogram CNN  max BER loud
noise                          0.00e+00           0.00e+00           0.00e+00           0.00e+00          0.309
pulsed_p1                      0.00e+00           0.00e+00!          0.00e+00           0.00e+00          0.443
pulsed_p0.1                    0.00e+00!          0.00e+00!          0.00e+00           0.00e+00          0.144
omniscient_e1                  1.00e+00           1.00e+00           1.00e+00           1.00e+00          1.000
eff                            0.00e+00           0.00e+00!          1.35e-04           0.00e+00          0.217
kurtosis_b1                    0.00e+00           0.00e+00           0.00e+00           0.00e+00          0.262
kurtosis_b10                   0.00e+00           0.00e+00           3.59e-04!          0.00e+00          0.189
kurtosis_b100                  0.00e+00           0.00e+00           0.00e+00           0.00e+00          0.204
kurtosis_b1000                 0.00e+00           0.00e+00           0.00e+00           0.00e+00          0.011
plain_run001                   0.00e+00!          0.00e+00!          0.00e+00           0.00e+00          0.432
power_one_sided_b1             0.00e+00           0.00e+00           0.00e+00           0.00e+00          0.260
power_one_sided_b10            0.00e+00!          0.00e+00           0.00e+00           0.00e+00          0.227
power_one_sided_b100           0.00e+00           0.00e+00           0.00e+00           0.00e+00          0.270
power_one_sided_b1000          0.00e+00           0.00e+00           0.00e+00           0.00e+00          0.414
power_two_sided_b1             0.00e+00           0.00e+00           0.00e+00           0.00e+00          0.173
power_two_sided_b10            0.00e+00!          0.00e+00           6.47e-04!          0.00e+00          0.199
power_two_sided_b100           0.00e+00           0.00e+00           2.05e-04!          0.00e+00          0.328
power_two_sided_b1000          0.00e+00           0.00e+00!          0.00e+00           0.00e+00          0.405
spec_cnn_b1                    0.00e+00           0.00e+00!          0.00e+00           0.00e+00          0.028
spec_cnn_b10                   0.00e+00!          0.00e+00!          0.00e+00           0.00e+00          0.024
spec_cnn_b100                  0.00e+00           0.00e+00!          0.00e+00           0.00e+00          0.050
spec_cnn_b1000                 0.00e+00           0.00e+00           0.00e+00           0.00e+00          0.317
spec_cnn_b10000                0.00e+00           0.00e+00           0.00e+00           0.00e+00          0.306
spec_cnn_b100000               0.00e+00           0.00e+00           0.00e+00           0.00e+00          0.300
spec_cnn_b1e+06                0.00e+00           0.00e+00           0.00e+00           0.00e+00          0.328
  '--' = no point met the budget;  '!' = the confirmation pass missed the budget
