
=== at matched BER = 0.0003 ===  (n_frames x 128 sym x 2 = bits/point)
jammer                    JSR needed    P(det) power   P(det) kurtos     P(det) spec
barrage noise                -1.6 dB    1.000 (+0.0pp)    1.000 (+0.0pp)    1.000 (+0.0pp)
matched QPSK                 -6.5 dB    1.000 (+0.0pp)    1.000 (+0.0pp)    0.998 (-0.2pp)
Amuru pulsed                -14.7 dB    0.939 (-6.1pp)    0.615 (-38.5pp)    0.421 (-57.9pp)
D2 effectiveness-only       -19.0 dB    0.886 (-11.4pp)    0.086 (-91.4pp)    0.977 (-2.3pp)
plain GAN (D1)               -8.4 dB    1.000 (+0.0pp)    0.987 (-1.3pp)    1.000 (+0.0pp)
D2 vs CNN b=1               -21.1 dB    0.821 (-17.9pp)    0.060 (-94.0pp)    0.859 (-14.1pp)
D2 vs CNN b=10              -21.2 dB    0.688 (-31.2pp)    0.104 (-89.6pp)    0.802 (-19.8pp)
D2 vs CNN b=100             -19.9 dB    0.877 (-12.3pp)    0.092 (-90.8pp)    0.982 (-1.8pp)
D2 vs CNN b=1000            -17.4 dB    0.909 (-9.1pp)    0.203 (-79.7pp)    1.000 (+0.0pp)
D2 vs CNN b=1e4             -10.7 dB    1.000 (+0.0pp)    0.907 (-9.3pp)    1.000 (+0.0pp)
D2 vs CNN b=1e5              -8.5 dB    1.000 (+0.0pp)    0.993 (-0.7pp)    1.000 (+0.0pp)
D2 vs CNN b=1e6              -8.0 dB    1.000 (+0.0pp)    0.998 (-0.2pp)    1.000 (+0.0pp)

=== at matched BER = 0.001 ===  (n_frames x 128 sym x 2 = bits/point)
jammer                    JSR needed    P(det) power   P(det) kurtos     P(det) spec
barrage noise                -0.8 dB    1.000 (+0.0pp)    1.000 (+0.0pp)    1.000 (+0.0pp)
matched QPSK                 -6.1 dB    1.000 (+0.0pp)    1.000 (+0.0pp)    0.999 (-0.1pp)
Amuru pulsed                -13.7 dB    0.971 (-2.9pp)    0.780 (-22.0pp)    0.456 (-54.4pp)
D2 effectiveness-only       -17.2 dB    0.945 (-5.5pp)    0.157 (-84.3pp)    0.994 (-0.6pp)
plain GAN (D1)               -7.5 dB    1.000 (+0.0pp)    0.995 (-0.5pp)    1.000 (+0.0pp)
D2 vs CNN b=1               -19.2 dB    0.920 (-8.0pp)    0.102 (-89.8pp)    0.927 (-7.3pp)
D2 vs CNN b=10              -19.5 dB    0.753 (-24.7pp)    0.186 (-81.4pp)    0.892 (-10.8pp)
D2 vs CNN b=100             -18.1 dB    0.937 (-6.3pp)    0.148 (-85.2pp)    0.998 (-0.2pp)
D2 vs CNN b=1000            -15.6 dB    0.955 (-4.5pp)    0.361 (-63.9pp)    1.000 (+0.0pp)
D2 vs CNN b=1e4              -9.4 dB    1.000 (+0.0pp)    0.980 (-2.0pp)    1.000 (+0.0pp)
D2 vs CNN b=1e5              -7.6 dB    1.000 (+0.0pp)    0.998 (-0.2pp)    1.000 (+0.0pp)
D2 vs CNN b=1e6              -7.2 dB    1.000 (+0.0pp)    1.000 (-0.0pp)    1.000 (+0.0pp)

=== at matched BER = 0.003 ===  (n_frames x 128 sym x 2 = bits/point)
jammer                    JSR needed    P(det) power   P(det) kurtos     P(det) spec
barrage noise                +0.2 dB    1.000 (+0.0pp)    1.000 (+0.0pp)    1.000 (+0.0pp)
matched QPSK                 -5.6 dB    1.000 (+0.0pp)    1.000 (+0.0pp)    1.000 (+0.0pp)
Amuru pulsed                -12.8 dB    0.982 (-1.8pp)    0.899 (-10.1pp)    0.505 (-49.5pp)
D2 effectiveness-only       -12.1 dB    0.999 (-0.1pp)    0.758 (-24.2pp)    1.000 (+0.0pp)
plain GAN (D1)               -6.6 dB    1.000 (+0.0pp)    0.998 (-0.2pp)    1.000 (+0.0pp)
D2 vs CNN b=1               -14.2 dB    0.993 (-0.7pp)    0.626 (-37.4pp)    1.000 (-0.0pp)
D2 vs CNN b=10              -14.4 dB    0.958 (-4.2pp)    0.656 (-34.4pp)    1.000 (+0.0pp)
D2 vs CNN b=100             -13.4 dB    0.997 (-0.3pp)    0.607 (-39.3pp)    1.000 (+0.0pp)
D2 vs CNN b=1000            -10.5 dB    1.000 (+0.0pp)    0.935 (-6.5pp)    1.000 (+0.0pp)
D2 vs CNN b=1e4              -7.9 dB    1.000 (+0.0pp)    0.998 (-0.2pp)    1.000 (+0.0pp)
D2 vs CNN b=1e5              -6.7 dB    1.000 (+0.0pp)    1.000 (+0.0pp)    1.000 (+0.0pp)
D2 vs CNN b=1e6              -6.3 dB    1.000 (+0.0pp)    1.000 (+0.0pp)    1.000 (+0.0pp)
