
=== at matched BER = 0.001 ===
jammer                    JSR needed    P(det) power   P(det) kurtos     P(det) spec
barrage noise                -0.8 dB    1.000 (+0.0pp)    1.000 (+0.0pp)    1.000 (+0.0pp)
matched QPSK                 -6.1 dB    1.000 (+0.0pp)    1.000 (+0.0pp)    0.999 (-0.1pp)
Amuru pulsed                -13.7 dB    0.971 (-2.9pp)    0.780 (-22.0pp)    0.456 (-54.4pp)
D2 effectiveness-only       -17.2 dB    0.945 (-5.5pp)    0.157 (-84.3pp)    0.994 (-0.6pp)
plain GAN (D1)               -7.5 dB    1.000 (+0.0pp)    0.995 (-0.5pp)    1.000 (+0.0pp)
D2 vs CNN b=1               -19.2 dB    0.920 (-8.0pp)    0.102 (-89.8pp)    0.927 (-7.3pp)
D2 vs CNN b=10              -19.5 dB    0.753 (-24.7pp)    0.186 (-81.4pp)    0.892 (-10.8pp)
D2 vs CNN b=100             -18.1 dB    0.937 (-6.3pp)    0.148 (-85.2pp)    0.998 (-0.2pp)
D2 vs CNN b=1000            -15.6 dB    0.955 (-4.5pp)    0.361 (-63.9pp)    1.000 (+0.0pp)
D2 vs CNN b=1e4              -9.4 dB    1.000 (+0.0pp)    0.980 (-2.0pp)    1.000 (+0.0pp)
D2 vs CNN b=1e5              -7.6 dB    1.000 (+0.0pp)    0.998 (-0.2pp)    1.000 (+0.0pp)
D2 vs CNN b=1e6              -7.2 dB    1.000 (+0.0pp)    1.000 (-0.0pp)    1.000 (+0.0pp)

=== at matched BER = 0.01 ===
jammer                    JSR needed    P(det) power   P(det) kurtos     P(det) spec
barrage noise                +1.8 dB    1.000 (+0.0pp)    1.000 (+0.0pp)    1.000 (+0.0pp)
matched QPSK                 -4.7 dB    1.000 (+0.0pp)    1.000 (+0.0pp)    0.999 (-0.1pp)
Amuru pulsed                -11.2 dB    0.986 (-1.4pp)    0.981 (-1.9pp)    0.585 (-41.5pp)
D2 effectiveness-only        -5.6 dB    1.000 (+0.0pp)    1.000 (+0.0pp)    1.000 (+0.0pp)
plain GAN (D1)               -5.4 dB    1.000 (+0.0pp)    0.999 (-0.1pp)    1.000 (+0.0pp)
D2 vs CNN b=1                -5.0 dB    1.000 (+0.0pp)    1.000 (+0.0pp)    1.000 (+0.0pp)
D2 vs CNN b=10               -4.7 dB    1.000 (+0.0pp)    1.000 (+0.0pp)    1.000 (+0.0pp)
D2 vs CNN b=100              -4.6 dB    1.000 (+0.0pp)    1.000 (+0.0pp)    1.000 (+0.0pp)
D2 vs CNN b=1000             -5.1 dB    1.000 (+0.0pp)    1.000 (+0.0pp)    1.000 (+0.0pp)
D2 vs CNN b=1e4              -5.8 dB    1.000 (+0.0pp)    1.000 (+0.0pp)    1.000 (+0.0pp)
D2 vs CNN b=1e5              -5.4 dB    1.000 (+0.0pp)    1.000 (+0.0pp)    1.000 (+0.0pp)
D2 vs CNN b=1e6              -5.2 dB    1.000 (+0.0pp)    1.000 (+0.0pp)    1.000 (+0.0pp)

=== at matched BER = 0.1 ===
jammer                    JSR needed    P(det) power   P(det) kurtos     P(det) spec
barrage noise                +6.9 dB    1.000 (+0.0pp)    1.000 (+0.0pp)    1.000 (+0.0pp)
matched QPSK                 -2.2 dB    1.000 (+0.0pp)    1.000 (+0.0pp)    1.000 (+0.0pp)
Amuru pulsed                 +7.9 dB    1.000 (+0.0pp)    1.000 (+0.0pp)    1.000 (+0.0pp)
D2 effectiveness-only        +0.4 dB    1.000 (+0.0pp)    1.000 (+0.0pp)    1.000 (+0.0pp)
plain GAN (D1)               -1.7 dB    1.000 (+0.0pp)    1.000 (+0.0pp)    1.000 (+0.0pp)
D2 vs CNN b=1                +2.2 dB    1.000 (+0.0pp)    1.000 (+0.0pp)    1.000 (+0.0pp)
D2 vs CNN b=10               +2.7 dB    1.000 (+0.0pp)    1.000 (+0.0pp)    1.000 (+0.0pp)
D2 vs CNN b=100              +1.8 dB    1.000 (+0.0pp)    1.000 (+0.0pp)    1.000 (+0.0pp)
D2 vs CNN b=1000             +1.1 dB    1.000 (+0.0pp)    1.000 (+0.0pp)    1.000 (+0.0pp)
D2 vs CNN b=1e4              -1.0 dB    1.000 (+0.0pp)    1.000 (+0.0pp)    1.000 (+0.0pp)
D2 vs CNN b=1e5              -1.3 dB    1.000 (+0.0pp)    1.000 (+0.0pp)    1.000 (+0.0pp)
D2 vs CNN b=1e6              -1.3 dB    1.000 (+0.0pp)    1.000 (+0.0pp)    1.000 (+0.0pp)
