{
  "run": "run001",
  "learned_not_worse_than_white": {
    "violations": [],
    "holds": true
  },
  "P1_power_unmovable": {
    "max_pdet_reduction": 0.188720703125,
    "at_jsr": -20.0,
    "tol": 0.009631896879639026,
    "holds": false
  },
  "P2_inband_gain": {
    "jsr_at_1e3_learned": -16.38115305754878,
    "jsr_at_1e3_white": -0.4802167924584366,
    "gain_db": 15.900936265090342,
    "predicted_up_to_db": 9.030899869919436
  },
  "P3_stealthy_ber": {
    "beta0": {
      "power_one_sided": null,
      "power_two_sided": null,
      "kurtosis": {
        "index": 0,
        "sweep_ber": 0.0,
        "sweep_pdet": 0.051025390625,
        "confirmed_ber": 0.0,
        "confirmed_ser": 0.0,
        "confirmed_pdet": 0.048828125,
        "passed": true
      },
      "spec_cnn": null,
      "lrt_noise": null
    },
    "power_one_sided_b0.01": {
      "power_one_sided": null,
      "power_two_sided": {
        "index": 0,
        "sweep_ber": 0.0,
        "sweep_pdet": 0.052978515625,
        "confirmed_ber": 0.0,
        "confirmed_ser": 0.0,
        "confirmed_pdet": 0.055419921875,
        "passed": true
      },
      "kurtosis": {
        "index": 0,
        "sweep_ber": 0.0,
        "sweep_pdet": 0.047119140625,
        "confirmed_ber": 0.0,
        "confirmed_ser": 0.0,
        "confirmed_pdet": 0.051025390625,
        "passed": true
      },
      "spec_cnn": null,
      "lrt_noise": null
    },
    "power_one_sided_b1": {
      "power_one_sided": null,
      "power_two_sided": null,
      "kurtosis": {
        "index": 0,
        "sweep_ber": 0.0,
        "sweep_pdet": 0.0517578125,
        "confirmed_ber": 0.0,
        "confirmed_ser": 0.0,
        "confirmed_pdet": 0.06005859375,
        "passed": false
      },
      "spec_cnn": null,
      "lrt_noise": null
    },
    "power_two_sided_b0.01": {
      "power_one_sided": null,
      "power_two_sided": {
        "index": 0,
        "sweep_ber": 0.0,
        "sweep_pdet": 0.055908203125,
        "confirmed_ber": 0.0,
        "confirmed_ser": 0.0,
        "confirmed_pdet": 0.047119140625,
        "passed": true
      },
      "kurtosis": {
        "index": 0,
        "sweep_ber": 0.0,
        "sweep_pdet": 0.04296875,
        "confirmed_ber": 0.0,
        "confirmed_ser": 0.0,
        "confirmed_pdet": 0.048828125,
        "passed": true
      },
      "spec_cnn": null,
      "lrt_noise": null
    },
    "power_two_sided_b1": {
      "power_one_sided": null,
      "power_two_sided": {
        "index": 0,
        "sweep_ber": 0.0,
        "sweep_pdet": 0.052734375,
        "confirmed_ber": 0.0,
        "confirmed_ser": 0.0,
        "confirmed_pdet": 0.0537109375,
        "passed": true
      },
      "kurtosis": {
        "index": 0,
        "sweep_ber": 0.0,
        "sweep_pdet": 0.050048828125,
        "confirmed_ber": 0.0,
        "confirmed_ser": 0.0,
        "confirmed_pdet": 0.048583984375,
        "passed": true
      },
      "spec_cnn": null,
      "lrt_noise": null
    },
    "kurtosis_b0.01": {
      "power_one_sided": null,
      "power_two_sided": null,
      "kurtosis": {
        "index": 0,
        "sweep_ber": 0.0,
        "sweep_pdet": 0.05029296875,
        "confirmed_ber": 0.0,
        "confirmed_ser": 0.0,
        "confirmed_pdet": 0.045166015625,
        "passed": true
      },
      "spec_cnn": null,
      "lrt_noise": null
    },
    "kurtosis_b1": {
      "power_one_sided": null,
      "power_two_sided": null,
      "kurtosis": {
        "index": 0,
        "sweep_ber": 0.0,
        "sweep_pdet": 0.05126953125,
        "confirmed_ber": 0.0,
        "confirmed_ser": 0.0,
        "confirmed_pdet": 0.05029296875,
        "passed": true
      },
      "spec_cnn": null,
      "lrt_noise": null
    },
    "spec_cnn_b0.01": {
      "power_one_sided": null,
      "power_two_sided": {
        "index": 0,
        "sweep_ber": 0.0,
        "sweep_pdet": 0.05224609375,
        "confirmed_ber": 0.0,
        "confirmed_ser": 0.0,
        "confirmed_pdet": 0.05419921875,
        "passed": true
      },
      "kurtosis": {
        "index": 0,
        "sweep_ber": 0.0,
        "sweep_pdet": 0.046630859375,
        "confirmed_ber": 0.0,
        "confirmed_ser": 0.0,
        "confirmed_pdet": 0.049560546875,
        "passed": true
      },
      "spec_cnn": {
        "index": 0,
        "sweep_ber": 0.0,
        "sweep_pdet": 0.04248046875,
        "confirmed_ber": 0.0,
        "confirmed_ser": 0.0,
        "confirmed_pdet": 0.042236328125,
        "passed": true
      },
      "lrt_noise": null
    },
    "spec_cnn_b1": {
      "power_one_sided": null,
      "power_two_sided": {
        "index": 0,
        "sweep_ber": 0.0,
        "sweep_pdet": 0.052490234375,
        "confirmed_ber": 0.0,
        "confirmed_ser": 0.0,
        "confirmed_pdet": 0.04833984375,
        "passed": true
      },
      "kurtosis": {
        "index": 0,
        "sweep_ber": 0.0,
        "sweep_pdet": 0.05419921875,
        "confirmed_ber": 0.0,
        "confirmed_ser": 0.0,
        "confirmed_pdet": 0.050048828125,
        "passed": true
      },
      "spec_cnn": {
        "index": 0,
        "sweep_ber": 0.0,
        "sweep_pdet": 0.055419921875,
        "confirmed_ber": 0.0,
        "confirmed_ser": 0.0,
        "confirmed_pdet": 0.0517578125,
        "passed": true
      },
      "lrt_noise": null
    }
  },
  "seed_check": {
    "runs": [
      {
        "target": "kurtosis",
        "jsr": -32.0,
        "d_pdet_target": -0.0009765625,
        "d_ber": 0.0,
        "agrees": true
      },
      {
        "target": "kurtosis",
        "jsr": -20.0,
        "d_pdet_target": 0.00146484375,
        "d_ber": 0.0,
        "agrees": true
      },
      {
        "target": "kurtosis",
        "jsr": -8.0,
        "d_pdet_target": 0.000244140625,
        "d_ber": -0.001018524169921875,
        "agrees": true
      },
      {
        "target": "spec_cnn",
        "jsr": -32.0,
        "d_pdet_target": 0.004150390625,
        "d_ber": 0.0,
        "agrees": true
      },
      {
        "target": "spec_cnn",
        "jsr": -20.0,
        "d_pdet_target": 0.009033203125,
        "d_ber": 0.0,
        "agrees": true
      },
      {
        "target": "spec_cnn",
        "jsr": -8.0,
        "d_pdet_target": -0.000244140625,
        "d_ber": -0.00038242340087890625,
        "agrees": true
      }
    ],
    "holds": true
  }
}
== power_one_sided: most BER at P(det) <= 0.05 / 0.1 / 0.25 / 0.5
  Noise (barrage)                              0.0e+00  0.0e+00  0.0e+00  0.0e+00
  Matched QPSK (p=1)                           0.0e+00  0.0e+00  0.0e+00  0.0e+00
  Pulsed p=0.1                                 0.0e+00  0.0e+00  0.0e+00  0.0e+00
  Shaped, β=0 (learned)                        0.0e+00  0.0e+00  0.0e+00  0.0e+00
  Shaped, trained vs this detector, β=0.01     0.0e+00  0.0e+00  0.0e+00  0.0e+00
  Shaped, trained vs this detector, β=1        0.0e+00  0.0e+00  0.0e+00  0.0e+00
== power_two_sided: most BER at P(det) <= 0.05 / 0.1 / 0.25 / 0.5
  Noise (barrage)                              0.0e+00  0.0e+00  0.0e+00  0.0e+00
  Matched QPSK (p=1)                           0.0e+00  0.0e+00  0.0e+00  0.0e+00
  Pulsed p=0.1                                 0.0e+00  0.0e+00  0.0e+00  0.0e+00
  Shaped, β=0 (learned)                        0.0e+00  0.0e+00  0.0e+00  0.0e+00
  Shaped, trained vs this detector, β=0.01     0.0e+00  0.0e+00  0.0e+00  0.0e+00
  Shaped, trained vs this detector, β=1        0.0e+00  0.0e+00  0.0e+00  0.0e+00
== kurtosis: most BER at P(det) <= 0.05 / 0.1 / 0.25 / 0.5
  Noise (barrage)                              0.0e+00  0.0e+00  0.0e+00  0.0e+00
  Matched QPSK (p=1)                           0.0e+00  4.0e-01  4.0e-01  4.1e-01
  Pulsed p=0.1                                 0.0e+00  0.0e+00  7.6e-06  8.4e-05
  Shaped, β=0 (learned)                        0.0e+00  0.0e+00  2.0e-05  1.5e-03
  Shaped, trained vs this detector, β=0.01     0.0e+00  0.0e+00  0.0e+00  0.0e+00
  Shaped, trained vs this detector, β=1        0.0e+00  0.0e+00  0.0e+00  0.0e+00
== spec_cnn: most BER at P(det) <= 0.05 / 0.1 / 0.25 / 0.5
  Noise (barrage)                              0.0e+00  0.0e+00  0.0e+00  0.0e+00
  Matched QPSK (p=1)                           0.0e+00  0.0e+00  0.0e+00  0.0e+00
  Pulsed p=0.1                                 0.0e+00  0.0e+00  0.0e+00  2.6e-03
  Shaped, β=0 (learned)                        0.0e+00  0.0e+00  0.0e+00  0.0e+00
  Shaped, trained vs this detector, β=0.01     0.0e+00  0.0e+00  0.0e+00  0.0e+00
  Shaped, trained vs this detector, β=1        0.0e+00  0.0e+00  0.0e+00  0.0e+00
== lrt_noise: most BER at P(det) <= 0.05 / 0.1 / 0.25 / 0.5
  Noise (barrage)                              0.0e+00  0.0e+00  0.0e+00  0.0e+00
  Shaped, β=0 (learned)                        0.0e+00  0.0e+00  0.0e+00  0.0e+00
