node: tikgpu04.ee.ethz.ch | gpu: NVIDIA TITAN RTX
task 0 | shadow_0 | SNR 30 dB | device cuda:0
shadowing 0 dB | detectors: power_one_sided, power_two_sided, kurtosis, spec_cnn, lrt_noise  (CNN retrained + calibrated on shadowed frames)
clean: BER 0.000e+00 (closed form 0.000e+00), FAR {"power_one_sided": 0.05859375, "power_two_sided": 0.05712890625, "kurtosis": 0.04833984375, "spec_cnn": 0.03662109375}
  [shadow_0] generator spec_cnn_b1 (scale 1.0000)
  JSR  -50.0 dB  BER 0.00e+00  P(det)@0.05 power_one_sided 0.041 power_two_sided 0.057 kurtosis 0.029 spec_cnn 0.047  (0s)
  JSR  -49.0 dB  BER 0.00e+00  P(det)@0.05 power_one_sided 0.082 power_two_sided 0.070 kurtosis 0.031 spec_cnn 0.055  (1s)
  JSR  -48.0 dB  BER 0.00e+00  P(det)@0.05 power_one_sided 0.053 power_two_sided 0.068 kurtosis 0.053 spec_cnn 0.053  (1s)
  JSR  -47.0 dB  BER 0.00e+00  P(det)@0.05 power_one_sided 0.041 power_two_sided 0.066 kurtosis 0.025 spec_cnn 0.035  (1s)
  JSR  -46.0 dB  BER 0.00e+00  P(det)@0.05 power_one_sided 0.062 power_two_sided 0.076 kurtosis 0.078 spec_cnn 0.059  (1s)
  JSR  -45.0 dB  BER 0.00e+00  P(det)@0.05 power_one_sided 0.076 power_two_sided 0.068 kurtosis 0.033 spec_cnn 0.033  (2s)
  JSR  -44.0 dB  BER 0.00e+00  P(det)@0.05 power_one_sided 0.061 power_two_sided 0.068 kurtosis 0.053 spec_cnn 0.051  (2s)
  JSR  -43.0 dB  BER 0.00e+00  P(det)@0.05 power_one_sided 0.096 power_two_sided 0.104 kurtosis 0.057 spec_cnn 0.053  (2s)
  JSR  -42.0 dB  BER 0.00e+00  P(det)@0.05 power_one_sided 0.117 power_two_sided 0.104 kurtosis 0.025 spec_cnn 0.061  (2s)
  JSR  -41.0 dB  BER 0.00e+00  P(det)@0.05 power_one_sided 0.131 power_two_sided 0.131 kurtosis 0.035 spec_cnn 0.053  (3s)
  JSR  -40.0 dB  BER 0.00e+00  P(det)@0.05 power_one_sided 0.133 power_two_sided 0.125 kurtosis 0.053 spec_cnn 0.051  (3s)
  JSR  -39.0 dB  BER 0.00e+00  P(det)@0.05 power_one_sided 0.160 power_two_sided 0.162 kurtosis 0.047 spec_cnn 0.068  (3s)
  JSR  -38.0 dB  BER 0.00e+00  P(det)@0.05 power_one_sided 0.164 power_two_sided 0.217 kurtosis 0.051 spec_cnn 0.053  (4s)
  JSR  -37.0 dB  BER 0.00e+00  P(det)@0.05 power_one_sided 0.211 power_two_sided 0.277 kurtosis 0.037 spec_cnn 0.072  (4s)
  JSR  -36.0 dB  BER 0.00e+00  P(det)@0.05 power_one_sided 0.223 power_two_sided 0.258 kurtosis 0.061 spec_cnn 0.043  (4s)
  JSR  -35.0 dB  BER 0.00e+00  P(det)@0.05 power_one_sided 0.277 power_two_sided 0.332 kurtosis 0.049 spec_cnn 0.057  (4s)
  JSR  -34.0 dB  BER 0.00e+00  P(det)@0.05 power_one_sided 0.281 power_two_sided 0.365 kurtosis 0.051 spec_cnn 0.057  (5s)
  JSR  -33.0 dB  BER 0.00e+00  P(det)@0.05 power_one_sided 0.385 power_two_sided 0.480 kurtosis 0.051 spec_cnn 0.043  (5s)
  JSR  -32.0 dB  BER 0.00e+00  P(det)@0.05 power_one_sided 0.377 power_two_sided 0.523 kurtosis 0.041 spec_cnn 0.055  (5s)
  JSR  -31.0 dB  BER 0.00e+00  P(det)@0.05 power_one_sided 0.449 power_two_sided 0.596 kurtosis 0.053 spec_cnn 0.039  (5s)
  JSR  -30.0 dB  BER 0.00e+00  P(det)@0.05 power_one_sided 0.457 power_two_sided 0.600 kurtosis 0.025 spec_cnn 0.066  (6s)
  JSR  -29.0 dB  BER 0.00e+00  P(det)@0.05 power_one_sided 0.469 power_two_sided 0.635 kurtosis 0.047 spec_cnn 0.059  (6s)
  JSR  -28.0 dB  BER 0.00e+00  P(det)@0.05 power_one_sided 0.510 power_two_sided 0.684 kurtosis 0.062 spec_cnn 0.059  (6s)
  JSR  -27.0 dB  BER 0.00e+00  P(det)@0.05 power_one_sided 0.492 power_two_sided 0.705 kurtosis 0.035 spec_cnn 0.062  (7s)
  JSR  -26.0 dB  BER 0.00e+00  P(det)@0.05 power_one_sided 0.533 power_two_sided 0.762 kurtosis 0.045 spec_cnn 0.074  (7s)
  JSR  -25.0 dB  BER 0.00e+00  P(det)@0.05 power_one_sided 0.570 power_two_sided 0.760 kurtosis 0.059 spec_cnn 0.059  (7s)
  JSR  -24.0 dB  BER 2.29e-05  P(det)@0.05 power_one_sided 0.600 power_two_sided 0.781 kurtosis 0.070 spec_cnn 0.113  (7s)
  JSR  -23.0 dB  BER 1.16e-03  P(det)@0.05 power_one_sided 0.619 power_two_sided 0.783 kurtosis 0.062 spec_cnn 0.078  (8s)
  JSR  -22.0 dB  BER 1.52e-03  P(det)@0.05 power_one_sided 0.664 power_two_sided 0.830 kurtosis 0.121 spec_cnn 0.090  (8s)
  JSR  -21.0 dB  BER 1.94e-03  P(det)@0.05 power_one_sided 0.688 power_two_sided 0.770 kurtosis 0.156 spec_cnn 0.111  (8s)
  JSR  -20.0 dB  BER 2.09e-03  P(det)@0.05 power_one_sided 0.736 power_two_sided 0.779 kurtosis 0.244 spec_cnn 0.176  (9s)
  JSR  -19.0 dB  BER 2.59e-03  P(det)@0.05 power_one_sided 0.783 power_two_sided 0.781 kurtosis 0.293 spec_cnn 0.180  (9s)
  JSR  -18.0 dB  BER 2.91e-03  P(det)@0.05 power_one_sided 0.904 power_two_sided 0.877 kurtosis 0.342 spec_cnn 0.264  (9s)
  JSR  -17.0 dB  BER 2.78e-03  P(det)@0.05 power_one_sided 0.977 power_two_sided 0.973 kurtosis 0.467 spec_cnn 0.330  (9s)
  JSR  -16.0 dB  BER 3.11e-03  P(det)@0.05 power_one_sided 1.000 power_two_sided 1.000 kurtosis 0.541 spec_cnn 0.414  (10s)
  JSR  -15.0 dB  BER 2.78e-03  P(det)@0.05 power_one_sided 1.000 power_two_sided 1.000 kurtosis 0.635 spec_cnn 0.580  (10s)
  JSR  -14.0 dB  BER 3.08e-03  P(det)@0.05 power_one_sided 1.000 power_two_sided 1.000 kurtosis 0.738 spec_cnn 0.701  (10s)
  JSR  -13.0 dB  BER 3.09e-03  P(det)@0.05 power_one_sided 1.000 power_two_sided 1.000 kurtosis 0.936 spec_cnn 0.840  (10s)
  JSR  -12.0 dB  BER 3.12e-03  P(det)@0.05 power_one_sided 1.000 power_two_sided 1.000 kurtosis 1.000 spec_cnn 0.955  (11s)
  JSR  -11.0 dB  BER 3.44e-03  P(det)@0.05 power_one_sided 1.000 power_two_sided 1.000 kurtosis 1.000 spec_cnn 0.996  (11s)
  JSR  -10.0 dB  BER 3.27e-03  P(det)@0.05 power_one_sided 1.000 power_two_sided 1.000 kurtosis 1.000 spec_cnn 0.998  (11s)
  JSR   -9.0 dB  BER 3.39e-03  P(det)@0.05 power_one_sided 1.000 power_two_sided 1.000 kurtosis 1.000 spec_cnn 1.000  (12s)
  JSR   -8.0 dB  BER 3.51e-03  P(det)@0.05 power_one_sided 1.000 power_two_sided 1.000 kurtosis 1.000 spec_cnn 1.000  (12s)
  JSR   -7.0 dB  BER 3.50e-03  P(det)@0.05 power_one_sided 1.000 power_two_sided 1.000 kurtosis 1.000 spec_cnn 1.000  (12s)
  JSR   -6.0 dB  BER 3.59e-03  P(det)@0.05 power_one_sided 1.000 power_two_sided 1.000 kurtosis 1.000 spec_cnn 1.000  (12s)
  JSR   -5.0 dB  BER 3.52e-03  P(det)@0.05 power_one_sided 1.000 power_two_sided 1.000 kurtosis 1.000 spec_cnn 1.000  (13s)
  JSR   -4.0 dB  BER 3.75e-03  P(det)@0.05 power_one_sided 1.000 power_two_sided 1.000 kurtosis 1.000 spec_cnn 1.000  (13s)
  JSR   -3.0 dB  BER 3.67e-03  P(det)@0.05 power_one_sided 1.000 power_two_sided 1.000 kurtosis 1.000 spec_cnn 1.000  (13s)
  JSR   -2.0 dB  BER 3.89e-03  P(det)@0.05 power_one_sided 1.000 power_two_sided 1.000 kurtosis 1.000 spec_cnn 1.000  (14s)
  JSR   -1.0 dB  BER 3.77e-03  P(det)@0.05 power_one_sided 1.000 power_two_sided 1.000 kurtosis 1.000 spec_cnn 1.000  (14s)
  JSR   +0.0 dB  BER 3.62e-03  P(det)@0.05 power_one_sided 1.000 power_two_sided 1.000 kurtosis 1.000 spec_cnn 1.000  (14s)
  JSR   +1.0 dB  BER 3.98e-03  P(det)@0.05 power_one_sided 1.000 power_two_sided 1.000 kurtosis 1.000 spec_cnn 1.000  (14s)
  JSR   +2.0 dB  BER 3.66e-03  P(det)@0.05 power_one_sided 1.000 power_two_sided 1.000 kurtosis 1.000 spec_cnn 1.000  (15s)
  JSR   +3.0 dB  BER 3.84e-03  P(det)@0.05 power_one_sided 1.000 power_two_sided 1.000 kurtosis 1.000 spec_cnn 1.000  (15s)
  JSR   +4.0 dB  BER 3.69e-03  P(det)@0.05 power_one_sided 1.000 power_two_sided 1.000 kurtosis 1.000 spec_cnn 1.000  (15s)
  JSR   +5.0 dB  BER 3.80e-03  P(det)@0.05 power_one_sided 1.000 power_two_sided 1.000 kurtosis 1.000 spec_cnn 1.000  (16s)
  JSR   +6.0 dB  BER 3.83e-03  P(det)@0.05 power_one_sided 1.000 power_two_sided 1.000 kurtosis 1.000 spec_cnn 1.000  (16s)
  JSR   +7.0 dB  BER 3.90e-03  P(det)@0.05 power_one_sided 1.000 power_two_sided 1.000 kurtosis 1.000 spec_cnn 1.000  (16s)
  JSR   +8.0 dB  BER 3.69e-03  P(det)@0.05 power_one_sided 1.000 power_two_sided 1.000 kurtosis 1.000 spec_cnn 1.000  (16s)
  JSR   +9.0 dB  BER 3.93e-03  P(det)@0.05 power_one_sided 1.000 power_two_sided 1.000 kurtosis 1.000 spec_cnn 1.000  (17s)
  JSR  +10.0 dB  BER 3.78e-03  P(det)@0.05 power_one_sided 1.000 power_two_sided 1.000 kurtosis 1.000 spec_cnn 1.000  (17s)
  JSR  +11.0 dB  BER 4.03e-03  P(det)@0.05 power_one_sided 1.000 power_two_sided 1.000 kurtosis 1.000 spec_cnn 1.000  (17s)
  JSR  +12.0 dB  BER 4.03e-03  P(det)@0.05 power_one_sided 1.000 power_two_sided 1.000 kurtosis 1.000 spec_cnn 1.000  (18s)
  JSR  +13.0 dB  BER 4.30e-03  P(det)@0.05 power_one_sided 1.000 power_two_sided 1.000 kurtosis 1.000 spec_cnn 1.000  (18s)
  JSR  +14.0 dB  BER 4.85e-03  P(det)@0.05 power_one_sided 1.000 power_two_sided 1.000 kurtosis 1.000 spec_cnn 1.000  (18s)
  JSR  +15.0 dB  BER 6.39e-03  P(det)@0.05 power_one_sided 1.000 power_two_sided 1.000 kurtosis 1.000 spec_cnn 1.000  (18s)
  [shadow_0] spec_cnn_b1 confirmed: {"power_one_sided": {"0.01": {"index": 0, "sweep_ber": 0.0, "sweep_pdet": 0.009765625, "confirmed_ber": 0.0, "confirmed_ser": 0.0, "confirmed_pdet": 0.01171875, "passed": true}, "0.05": {"index": 0, "sweep_ber": 0.0, "sweep_pdet": 0.041015625, "confirmed_ber": 0.0, "confirmed_ser": 0.0, "confirmed_pdet": 0.052978515625, "passed": true}}, "power_two_sided": {"0.01": {"index": 0, "sweep_ber": 0.0, "sweep_pdet": 0.01171875, "confirmed_ber": 0.0, "confirmed_ser": 0.0, "confirmed_pdet": 0.011962890625, "passed": true}, "0.05": {"index": 0, "sweep_ber": 0.0, "sweep_pdet": 0.056640625, "confirmed_ber": 0.0, "confirmed_ser": 0.0, "confirmed_pdet": 0.0576171875, "passed": false}}, "kurtosis": {"0.01": {"index": 27, "sweep_ber": 0.00115966796875, "sweep_pdet": 0.017578125, "confirmed_ber": 0.00109100341796875, "confirmed_ser": 0.0021820068359375, "confirmed_pdet": 0.02392578125, "passed": false}, "0.05": {"index": 27, "sweep_ber": 0.00115966796875, "sweep_pdet": 0.0625, "confirmed_ber": 0.0011348724365234375, "confirmed_ser": 0.002269744873046875, "confirmed_pdet": 0.0732421875, "passed": false}}, "spec_cnn": {"0.01": {"index": 29, "sweep_ber": 0.0019378662109375, "sweep_pdet": 0.015625, "confirmed_ber": 0.0018663406372070312, "confirmed_ser": 0.0037326812744140625, "confirmed_pdet": 0.03173828125, "passed": false}, "0.05": {"index": 0, "sweep_ber": 0.0, "sweep_pdet": 0.046875, "confirmed_ber": 0.0, "confirmed_ser": 0.0, "confirmed_pdet": 0.049560546875, "passed": true}}}  (43s)
  [shadow_0] generator spec_cnn_b10 (scale 1.0000)
    JSR  -50.0 dB  BER 0.00e+00  P(det)@0.05 power_one_sided 0.096 power_two_sided 0.084 kurtosis 0.039 spec_cnn 0.043  (0s)
    JSR  -49.0 dB  BER 0.00e+00  P(det)@0.05 power_one_sided 0.062 power_two_sided 0.049 kurtosis 0.037 spec_cnn 0.047  (1s)
    JSR  -48.0 dB  BER 0.00e+00  P(det)@0.05 power_one_sided 0.078 power_two_sided 0.053 kurtosis 0.053 spec_cnn 0.047  (1s)
    JSR  -47.0 dB  BER 0.00e+00  P(det)@0.05 power_one_sided 0.053 power_two_sided 0.053 kurtosis 0.053 spec_cnn 0.055  (1s)
    JSR  -46.0 dB  BER 0.00e+00  P(det)@0.05 power_one_sided 0.062 power_two_sided 0.068 kurtosis 0.072 spec_cnn 0.053  (1s)
    JSR  -45.0 dB  BER 0.00e+00  P(det)@0.05 power_one_sided 0.057 power_two_sided 0.092 kurtosis 0.053 spec_cnn 0.045  (2s)
    JSR  -44.0 dB  BER 0.00e+00  P(det)@0.05 power_one_sided 0.072 power_two_sided 0.076 kurtosis 0.031 spec_cnn 0.049  (2s)
    JSR  -43.0 dB  BER 0.00e+00  P(det)@0.05 power_one_sided 0.092 power_two_sided 0.088 kurtosis 0.066 spec_cnn 0.045  (2s)
    JSR  -42.0 dB  BER 0.00e+00  P(det)@0.05 power_one_sided 0.082 power_two_sided 0.094 kurtosis 0.059 spec_cnn 0.047  (3s)
    JSR  -41.0 dB  BER 0.00e+00  P(det)@0.05 power_one_sided 0.096 power_two_sided 0.117 kurtosis 0.045 spec_cnn 0.049  (3s)
    JSR  -40.0 dB  BER 0.00e+00  P(det)@0.05 power_one_sided 0.102 power_two_sided 0.100 kurtosis 0.051 spec_cnn 0.062  (3s)
    JSR  -39.0 dB  BER 0.00e+00  P(det)@0.05 power_one_sided 0.176 power_two_sided 0.188 kurtosis 0.064 spec_cnn 0.037  (4s)
    JSR  -38.0 dB  BER 0.00e+00  P(det)@0.05 power_one_sided 0.141 power_two_sided 0.174 kurtosis 0.045 spec_cnn 0.061  (4s)
    JSR  -37.0 dB  BER 0.00e+00  P(det)@0.05 power_one_sided 0.162 power_two_sided 0.207 kurtosis 0.041 spec_cnn 0.053  (4s)
    JSR  -36.0 dB  BER 0.00e+00  P(det)@0.05 power_one_sided 0.189 power_two_sided 0.271 kurtosis 0.061 spec_cnn 0.070  (4s)
    JSR  -35.0 dB  BER 0.00e+00  P(det)@0.05 power_one_sided 0.254 power_two_sided 0.303 kurtosis 0.070 spec_cnn 0.045  (5s)
    JSR  -34.0 dB  BER 0.00e+00  P(det)@0.05 power_one_sided 0.289 power_two_sided 0.383 kurtosis 0.057 spec_cnn 0.051  (5s)
    JSR  -33.0 dB  BER 0.00e+00  P(det)@0.05 power_one_sided 0.309 power_two_sided 0.404 kurtosis 0.055 spec_cnn 0.070  (5s)
    JSR  -32.0 dB  BER 0.00e+00  P(det)@0.05 power_one_sided 0.359 power_two_sided 0.457 kurtosis 0.051 spec_cnn 0.076  (6s)
    JSR  -31.0 dB  BER 0.00e+00  P(det)@0.05 power_one_sided 0.389 power_two_sided 0.527 kurtosis 0.049 spec_cnn 0.088  (6s)
    JSR  -30.0 dB  BER 0.00e+00  P(det)@0.05 power_one_sided 0.434 power_two_sided 0.631 kurtosis 0.047 spec_cnn 0.062  (6s)
    JSR  -29.0 dB  BER 0.00e+00  P(det)@0.05 power_one_sided 0.438 power_two_sided 0.652 kurtosis 0.045 spec_cnn 0.070  (6s)
    JSR  -28.0 dB  BER 0.00e+00  P(det)@0.05 power_one_sided 0.455 power_two_sided 0.684 kurtosis 0.062 spec_cnn 0.098  (7s)
    JSR  -27.0 dB  BER 0.00e+00  P(det)@0.05 power_one_sided 0.510 power_two_sided 0.686 kurtosis 0.053 spec_cnn 0.102  (7s)
    JSR  -26.0 dB  BER 0.00e+00  P(det)@0.05 power_one_sided 0.486 power_two_sided 0.746 kurtosis 0.049 spec_cnn 0.113  (7s)
    JSR  -25.0 dB  BER 0.00e+00  P(det)@0.05 power_one_sided 0.564 power_two_sided 0.779 kurtosis 0.094 spec_cnn 0.162  (8s)
    JSR  -24.0 dB  BER 0.00e+00  P(det)@0.05 power_one_sided 0.570 power_two_sided 0.828 kurtosis 0.062 spec_cnn 0.225  (8s)
    JSR  -23.0 dB  BER 6.79e-04  P(det)@0.05 power_one_sided 0.592 power_two_sided 0.781 kurtosis 0.066 spec_cnn 0.256  (8s)
    JSR  -22.0 dB  BER 1.27e-03  P(det)@0.05 power_one_sided 0.623 power_two_sided 0.832 kurtosis 0.090 spec_cnn 0.359  (9s)
    JSR  -21.0 dB  BER 1.81e-03  P(det)@0.05 power_one_sided 0.631 power_two_sided 0.836 kurtosis 0.121 spec_cnn 0.461  (9s)
    JSR  -20.0 dB  BER 2.01e-03  P(det)@0.05 power_one_sided 0.646 power_two_sided 0.834 kurtosis 0.207 spec_cnn 0.686  (9s)
    JSR  -19.0 dB  BER 2.41e-03  P(det)@0.05 power_one_sided 0.666 power_two_sided 0.844 kurtosis 0.297 spec_cnn 0.822  (9s)
    JSR  -18.0 dB  BER 2.66e-03  P(det)@0.05 power_one_sided 0.729 power_two_sided 0.822 kurtosis 0.361 spec_cnn 0.941  (10s)
    JSR  -17.0 dB  BER 2.65e-03  P(det)@0.05 power_one_sided 0.801 power_two_sided 0.848 kurtosis 0.459 spec_cnn 0.988  (10s)
    JSR  -16.0 dB  BER 2.79e-03  P(det)@0.05 power_one_sided 0.875 power_two_sided 0.875 kurtosis 0.527 spec_cnn 1.000  (10s)
    JSR  -15.0 dB  BER 3.01e-03  P(det)@0.05 power_one_sided 0.953 power_two_sided 0.945 kurtosis 0.574 spec_cnn 1.000  (11s)
    JSR  -14.0 dB  BER 3.10e-03  P(det)@0.05 power_one_sided 0.998 power_two_sided 0.996 kurtosis 0.660 spec_cnn 1.000  (11s)
    JSR  -13.0 dB  BER 3.11e-03  P(det)@0.05 power_one_sided 1.000 power_two_sided 1.000 kurtosis 0.721 spec_cnn 1.000  (11s)
    JSR  -12.0 dB  BER 3.15e-03  P(det)@0.05 power_one_sided 1.000 power_two_sided 1.000 kurtosis 0.852 spec_cnn 1.000  (11s)
    JSR  -11.0 dB  BER 3.23e-03  P(det)@0.05 power_one_sided 1.000 power_two_sided 1.000 kurtosis 0.947 spec_cnn 1.000  (12s)
    JSR  -10.0 dB  BER 3.41e-03  P(det)@0.05 power_one_sided 1.000 power_two_sided 1.000 kurtosis 1.000 spec_cnn 1.000  (12s)
    JSR   -9.0 dB  BER 3.30e-03  P(det)@0.05 power_one_sided 1.000 power_two_sided 1.000 kurtosis 1.000 spec_cnn 1.000  (12s)
    JSR   -8.0 dB  BER 3.53e-03  P(det)@0.05 power_one_sided 1.000 power_two_sided 1.000 kurtosis 1.000 spec_cnn 1.000  (13s)
    JSR   -7.0 dB  BER 3.69e-03  P(det)@0.05 power_one_sided 1.000 power_two_sided 1.000 kurtosis 1.000 spec_cnn 1.000  (13s)
    JSR   -6.0 dB  BER 3.33e-03  P(det)@0.05 power_one_sided 1.000 power_two_sided 1.000 kurtosis 1.000 spec_cnn 1.000  (13s)
    JSR   -5.0 dB  BER 3.22e-03  P(det)@0.05 power_one_sided 1.000 power_two_sided 1.000 kurtosis 1.000 spec_cnn 1.000  (14s)
    JSR   -4.0 dB  BER 3.59e-03  P(det)@0.05 power_one_sided 1.000 power_two_sided 1.000 kurtosis 1.000 spec_cnn 1.000  (14s)
    JSR   -3.0 dB  BER 3.67e-03  P(det)@0.05 power_one_sided 1.000 power_two_sided 1.000 kurtosis 1.000 spec_cnn 1.000  (14s)
    JSR   -2.0 dB  BER 3.66e-03  P(det)@0.05 power_one_sided 1.000 power_two_sided 1.000 kurtosis 1.000 spec_cnn 1.000  (14s)
    JSR   -1.0 dB  BER 3.58e-03  P(det)@0.05 power_one_sided 1.000 power_two_sided 1.000 kurtosis 1.000 spec_cnn 1.000  (15s)
    JSR   +0.0 dB  BER 3.88e-03  P(det)@0.05 power_one_sided 1.000 power_two_sided 1.000 kurtosis 1.000 spec_cnn 1.000  (15s)
    JSR   +1.0 dB  BER 3.85e-03  P(det)@0.05 power_one_sided 1.000 power_two_sided 1.000 kurtosis 1.000 spec_cnn 1.000  (15s)
    JSR   +2.0 dB  BER 3.60e-03  P(det)@0.05 power_one_sided 1.000 power_two_sided 1.000 kurtosis 1.000 spec_cnn 1.000  (16s)
    JSR   +3.0 dB  BER 3.82e-03  P(det)@0.05 power_one_sided 1.000 power_two_sided 1.000 kurtosis 1.000 spec_cnn 1.000  (16s)
    JSR   +4.0 dB  BER 3.56e-03  P(det)@0.05 power_one_sided 1.000 power_two_sided 1.000 kurtosis 1.000 spec_cnn 1.000  (16s)
    JSR   +5.0 dB  BER 3.86e-03  P(det)@0.05 power_one_sided 1.000 power_two_sided 1.000 kurtosis 1.000 spec_cnn 1.000  (17s)
    JSR   +6.0 dB  BER 3.72e-03  P(det)@0.05 power_one_sided 1.000 power_two_sided 1.000 kurtosis 1.000 spec_cnn 1.000  (17s)
    JSR   +7.0 dB  BER 3.83e-03  P(det)@0.05 power_one_sided 1.000 power_two_sided 1.000 kurtosis 1.000 spec_cnn 1.000  (17s)
    JSR   +8.0 dB  BER 4.93e-03  P(det)@0.05 power_one_sided 1.000 power_two_sided 1.000 kurtosis 1.000 spec_cnn 1.000  (17s)
    JSR   +9.0 dB  BER 5.90e-03  P(det)@0.05 power_one_sided 1.000 power_two_sided 1.000 kurtosis 1.000 spec_cnn 1.000  (18s)
    JSR  +10.0 dB  BER 8.61e-03  P(det)@0.05 power_one_sided 1.000 power_two_sided 1.000 kurtosis 1.000 spec_cnn 1.000  (18s)
    JSR  +11.0 dB  BER 1.27e-02  P(det)@0.05 power_one_sided 1.000 power_two_sided 1.000 kurtosis 1.000 spec_cnn 1.000  (18s)
    JSR  +12.0 dB  BER 1.92e-02  P(det)@0.05 power_one_sided 1.000 power_two_sided 1.000 kurtosis 1.000 spec_cnn 1.000  (19s)
    JSR  +13.0 dB  BER 2.95e-02  P(det)@0.05 power_one_sided 1.000 power_two_sided 1.000 kurtosis 1.000 spec_cnn 1.000  (19s)
    JSR  +14.0 dB  BER 4.36e-02  P(det)@0.05 power_one_sided 1.000 power_two_sided 1.000 kurtosis 1.000 spec_cnn 1.000  (19s)
    JSR  +15.0 dB  BER 6.06e-02  P(det)@0.05 power_one_sided 1.000 power_two_sided 1.000 kurtosis 1.000 spec_cnn 1.000  (19s)
  [shadow_0] spec_cnn_b10 confirmed: {"power_one_sided": {"0.01": {"index": 1, "sweep_ber": 0.0, "sweep_pdet": 0.01171875, "confirmed_ber": 0.0, "confirmed_ser": 0.0, "confirmed_pdet": 0.013671875, "passed": false}, "0.05": {"index": 1, "sweep_ber": 0.0, "sweep_pdet": 0.0625, "confirmed_ber": 0.0, "confirmed_ser": 0.0, "confirmed_pdet": 0.052490234375, "passed": true}}, "power_two_sided": {"0.01": {"index": 1, "sweep_ber": 0.0, "sweep_pdet": 0.01171875, "confirmed_ber": 0.0, "confirmed_ser": 0.0, "confirmed_pdet": 0.016357421875, "passed": false}, "0.05": {"index": 1, "sweep_ber": 0.0, "sweep_pdet": 0.048828125, "confirmed_ber": 0.0, "confirmed_ser": 0.0, "confirmed_pdet": 0.060546875, "passed": false}}, "kurtosis": {"0.01": {"index": 27, "sweep_ber": 0.00067901611328125, "sweep_pdet": 0.009765625, "confirmed_ber": 0.0006284713745117188, "confirmed_ser": 0.0012569427490234375, "confirmed_pdet": 0.02978515625, "passed": false}, "0.05": {"index": 27, "sweep_ber": 0.00067901611328125, "sweep_pdet": 0.06640625, "confirmed_ber": 0.0005712509155273438, "confirmed_ser": 0.0011425018310546875, "confirmed_pdet": 0.083740234375, "passed": false}}, "spec_cnn": {"0.01": {"index": 0, "sweep_ber": 0.0, "sweep_pdet": 0.0078125, "confirmed_ber": 0.0, "confirmed_ser": 0.0, "confirmed_pdet": 0.00927734375, "passed": true}, "0.05": {"index": 0, "sweep_ber": 0.0, "sweep_pdet": 0.04296875, "confirmed_ber": 0.0, "confirmed_ser": 0.0, "confirmed_pdet": 0.0458984375, "passed": true}}}  (81s)
wrote ../artifacts/cgan/snr_ablation/sync_run003_r2/shadow_0.json in 81s
