node: tikgpu06.ee.ethz.ch | gpu: NVIDIA GeForce RTX 3090
task 0 | shadow_0 | SNR 30 dB | device cuda:0
shadowing 0 dB | detectors: power_one_sided, power_two_sided, kurtosis, spec_cnn, lrt_noise  (CNN retrained + calibrated on shadowed frames)
clean: BER 0.000e+00 (closed form 0.000e+00), FAR {"power_one_sided": 0.04345703125, "power_two_sided": 0.04833984375, "kurtosis": 0.048828125, "spec_cnn": 0.04443359375}
  [shadow_0] generator spec_cnn_b1 (scale 1.0000)
  JSR  -50.0 dB  BER 0.00e+00  P(det)@0.05 power_one_sided 0.059 power_two_sided 0.059 kurtosis 0.059 spec_cnn 0.068  (0s)
  JSR  -49.0 dB  BER 0.00e+00  P(det)@0.05 power_one_sided 0.062 power_two_sided 0.066 kurtosis 0.043 spec_cnn 0.086  (0s)
  JSR  -48.0 dB  BER 0.00e+00  P(det)@0.05 power_one_sided 0.068 power_two_sided 0.059 kurtosis 0.051 spec_cnn 0.094  (1s)
  JSR  -47.0 dB  BER 0.00e+00  P(det)@0.05 power_one_sided 0.072 power_two_sided 0.076 kurtosis 0.047 spec_cnn 0.094  (1s)
  JSR  -46.0 dB  BER 0.00e+00  P(det)@0.05 power_one_sided 0.051 power_two_sided 0.084 kurtosis 0.049 spec_cnn 0.100  (1s)
  JSR  -45.0 dB  BER 0.00e+00  P(det)@0.05 power_one_sided 0.088 power_two_sided 0.074 kurtosis 0.057 spec_cnn 0.105  (1s)
  JSR  -44.0 dB  BER 0.00e+00  P(det)@0.05 power_one_sided 0.084 power_two_sided 0.092 kurtosis 0.053 spec_cnn 0.127  (1s)
  JSR  -43.0 dB  BER 0.00e+00  P(det)@0.05 power_one_sided 0.104 power_two_sided 0.102 kurtosis 0.037 spec_cnn 0.154  (2s)
  JSR  -42.0 dB  BER 0.00e+00  P(det)@0.05 power_one_sided 0.092 power_two_sided 0.117 kurtosis 0.047 spec_cnn 0.154  (2s)
  JSR  -41.0 dB  BER 0.00e+00  P(det)@0.05 power_one_sided 0.121 power_two_sided 0.137 kurtosis 0.045 spec_cnn 0.209  (2s)
  JSR  -40.0 dB  BER 0.00e+00  P(det)@0.05 power_one_sided 0.113 power_two_sided 0.172 kurtosis 0.049 spec_cnn 0.215  (2s)
  JSR  -39.0 dB  BER 0.00e+00  P(det)@0.05 power_one_sided 0.143 power_two_sided 0.162 kurtosis 0.049 spec_cnn 0.182  (2s)
  JSR  -38.0 dB  BER 0.00e+00  P(det)@0.05 power_one_sided 0.158 power_two_sided 0.162 kurtosis 0.049 spec_cnn 0.203  (3s)
  JSR  -37.0 dB  BER 0.00e+00  P(det)@0.05 power_one_sided 0.215 power_two_sided 0.229 kurtosis 0.055 spec_cnn 0.213  (3s)
  JSR  -36.0 dB  BER 0.00e+00  P(det)@0.05 power_one_sided 0.258 power_two_sided 0.291 kurtosis 0.053 spec_cnn 0.219  (3s)
  JSR  -35.0 dB  BER 0.00e+00  P(det)@0.05 power_one_sided 0.309 power_two_sided 0.359 kurtosis 0.045 spec_cnn 0.201  (3s)
  JSR  -34.0 dB  BER 0.00e+00  P(det)@0.05 power_one_sided 0.346 power_two_sided 0.387 kurtosis 0.039 spec_cnn 0.197  (3s)
  JSR  -33.0 dB  BER 0.00e+00  P(det)@0.05 power_one_sided 0.387 power_two_sided 0.459 kurtosis 0.045 spec_cnn 0.195  (3s)
  JSR  -32.0 dB  BER 0.00e+00  P(det)@0.05 power_one_sided 0.438 power_two_sided 0.533 kurtosis 0.061 spec_cnn 0.174  (4s)
  JSR  -31.0 dB  BER 0.00e+00  P(det)@0.05 power_one_sided 0.439 power_two_sided 0.570 kurtosis 0.039 spec_cnn 0.186  (4s)
  JSR  -30.0 dB  BER 0.00e+00  P(det)@0.05 power_one_sided 0.461 power_two_sided 0.572 kurtosis 0.053 spec_cnn 0.195  (4s)
  JSR  -29.0 dB  BER 0.00e+00  P(det)@0.05 power_one_sided 0.547 power_two_sided 0.703 kurtosis 0.059 spec_cnn 0.182  (4s)
  JSR  -28.0 dB  BER 0.00e+00  P(det)@0.05 power_one_sided 0.578 power_two_sided 0.701 kurtosis 0.045 spec_cnn 0.203  (4s)
  JSR  -27.0 dB  BER 0.00e+00  P(det)@0.05 power_one_sided 0.547 power_two_sided 0.662 kurtosis 0.051 spec_cnn 0.193  (5s)
  JSR  -26.0 dB  BER 0.00e+00  P(det)@0.05 power_one_sided 0.621 power_two_sided 0.744 kurtosis 0.049 spec_cnn 0.250  (5s)
  JSR  -25.0 dB  BER 0.00e+00  P(det)@0.05 power_one_sided 0.629 power_two_sided 0.725 kurtosis 0.074 spec_cnn 0.203  (5s)
  JSR  -24.0 dB  BER 5.34e-05  P(det)@0.05 power_one_sided 0.635 power_two_sided 0.701 kurtosis 0.066 spec_cnn 0.221  (5s)
  JSR  -23.0 dB  BER 1.18e-03  P(det)@0.05 power_one_sided 0.725 power_two_sided 0.750 kurtosis 0.074 spec_cnn 0.273  (5s)
  JSR  -22.0 dB  BER 1.67e-03  P(det)@0.05 power_one_sided 0.754 power_two_sided 0.754 kurtosis 0.098 spec_cnn 0.307  (6s)
  JSR  -21.0 dB  BER 2.04e-03  P(det)@0.05 power_one_sided 0.838 power_two_sided 0.830 kurtosis 0.137 spec_cnn 0.270  (6s)
  JSR  -20.0 dB  BER 2.20e-03  P(det)@0.05 power_one_sided 0.959 power_two_sided 0.945 kurtosis 0.199 spec_cnn 0.338  (6s)
  JSR  -19.0 dB  BER 2.65e-03  P(det)@0.05 power_one_sided 0.996 power_two_sided 0.994 kurtosis 0.285 spec_cnn 0.344  (6s)
  JSR  -18.0 dB  BER 2.62e-03  P(det)@0.05 power_one_sided 1.000 power_two_sided 1.000 kurtosis 0.367 spec_cnn 0.377  (6s)
  JSR  -17.0 dB  BER 2.75e-03  P(det)@0.05 power_one_sided 1.000 power_two_sided 1.000 kurtosis 0.471 spec_cnn 0.475  (7s)
  JSR  -16.0 dB  BER 2.66e-03  P(det)@0.05 power_one_sided 1.000 power_two_sided 1.000 kurtosis 0.545 spec_cnn 0.520  (7s)
  JSR  -15.0 dB  BER 3.04e-03  P(det)@0.05 power_one_sided 1.000 power_two_sided 1.000 kurtosis 0.678 spec_cnn 0.629  (7s)
  JSR  -14.0 dB  BER 3.02e-03  P(det)@0.05 power_one_sided 1.000 power_two_sided 1.000 kurtosis 0.893 spec_cnn 0.771  (7s)
  JSR  -13.0 dB  BER 3.29e-03  P(det)@0.05 power_one_sided 1.000 power_two_sided 1.000 kurtosis 1.000 spec_cnn 0.885  (7s)
  JSR  -12.0 dB  BER 3.23e-03  P(det)@0.05 power_one_sided 1.000 power_two_sided 1.000 kurtosis 1.000 spec_cnn 0.959  (7s)
  JSR  -11.0 dB  BER 3.25e-03  P(det)@0.05 power_one_sided 1.000 power_two_sided 1.000 kurtosis 1.000 spec_cnn 0.990  (8s)
  JSR  -10.0 dB  BER 3.56e-03  P(det)@0.05 power_one_sided 1.000 power_two_sided 1.000 kurtosis 1.000 spec_cnn 0.994  (8s)
  JSR   -9.0 dB  BER 3.62e-03  P(det)@0.05 power_one_sided 1.000 power_two_sided 1.000 kurtosis 1.000 spec_cnn 1.000  (8s)
  JSR   -8.0 dB  BER 3.73e-03  P(det)@0.05 power_one_sided 1.000 power_two_sided 1.000 kurtosis 1.000 spec_cnn 1.000  (8s)
  JSR   -7.0 dB  BER 3.48e-03  P(det)@0.05 power_one_sided 1.000 power_two_sided 1.000 kurtosis 1.000 spec_cnn 1.000  (8s)
  JSR   -6.0 dB  BER 3.59e-03  P(det)@0.05 power_one_sided 1.000 power_two_sided 1.000 kurtosis 1.000 spec_cnn 1.000  (9s)
  JSR   -5.0 dB  BER 3.69e-03  P(det)@0.05 power_one_sided 1.000 power_two_sided 1.000 kurtosis 1.000 spec_cnn 1.000  (9s)
  JSR   -4.0 dB  BER 3.59e-03  P(det)@0.05 power_one_sided 1.000 power_two_sided 1.000 kurtosis 1.000 spec_cnn 1.000  (9s)
  JSR   -3.0 dB  BER 3.56e-03  P(det)@0.05 power_one_sided 1.000 power_two_sided 1.000 kurtosis 1.000 spec_cnn 1.000  (9s)
  JSR   -2.0 dB  BER 3.65e-03  P(det)@0.05 power_one_sided 1.000 power_two_sided 1.000 kurtosis 1.000 spec_cnn 1.000  (9s)
  JSR   -1.0 dB  BER 3.76e-03  P(det)@0.05 power_one_sided 1.000 power_two_sided 1.000 kurtosis 1.000 spec_cnn 1.000  (10s)
  JSR   +0.0 dB  BER 3.62e-03  P(det)@0.05 power_one_sided 1.000 power_two_sided 1.000 kurtosis 1.000 spec_cnn 1.000  (10s)
  JSR   +1.0 dB  BER 3.81e-03  P(det)@0.05 power_one_sided 1.000 power_two_sided 1.000 kurtosis 1.000 spec_cnn 1.000  (10s)
  JSR   +2.0 dB  BER 3.69e-03  P(det)@0.05 power_one_sided 1.000 power_two_sided 1.000 kurtosis 1.000 spec_cnn 1.000  (10s)
  JSR   +3.0 dB  BER 3.73e-03  P(det)@0.05 power_one_sided 1.000 power_two_sided 1.000 kurtosis 1.000 spec_cnn 1.000  (10s)
  JSR   +4.0 dB  BER 4.01e-03  P(det)@0.05 power_one_sided 1.000 power_two_sided 1.000 kurtosis 1.000 spec_cnn 1.000  (11s)
  JSR   +5.0 dB  BER 3.68e-03  P(det)@0.05 power_one_sided 1.000 power_two_sided 1.000 kurtosis 1.000 spec_cnn 1.000  (11s)
  JSR   +6.0 dB  BER 3.71e-03  P(det)@0.05 power_one_sided 1.000 power_two_sided 1.000 kurtosis 1.000 spec_cnn 1.000  (11s)
  JSR   +7.0 dB  BER 3.91e-03  P(det)@0.05 power_one_sided 1.000 power_two_sided 1.000 kurtosis 1.000 spec_cnn 1.000  (11s)
  JSR   +8.0 dB  BER 3.95e-03  P(det)@0.05 power_one_sided 1.000 power_two_sided 1.000 kurtosis 1.000 spec_cnn 1.000  (11s)
  JSR   +9.0 dB  BER 3.79e-03  P(det)@0.05 power_one_sided 1.000 power_two_sided 1.000 kurtosis 1.000 spec_cnn 1.000  (12s)
  JSR  +10.0 dB  BER 3.99e-03  P(det)@0.05 power_one_sided 1.000 power_two_sided 1.000 kurtosis 1.000 spec_cnn 1.000  (12s)
  JSR  +11.0 dB  BER 4.04e-03  P(det)@0.05 power_one_sided 1.000 power_two_sided 1.000 kurtosis 1.000 spec_cnn 1.000  (12s)
  JSR  +12.0 dB  BER 4.06e-03  P(det)@0.05 power_one_sided 1.000 power_two_sided 1.000 kurtosis 1.000 spec_cnn 1.000  (12s)
  JSR  +13.0 dB  BER 4.17e-03  P(det)@0.05 power_one_sided 1.000 power_two_sided 1.000 kurtosis 1.000 spec_cnn 1.000  (12s)
  JSR  +14.0 dB  BER 4.71e-03  P(det)@0.05 power_one_sided 1.000 power_two_sided 1.000 kurtosis 1.000 spec_cnn 1.000  (13s)
  JSR  +15.0 dB  BER 5.20e-03  P(det)@0.05 power_one_sided 1.000 power_two_sided 1.000 kurtosis 1.000 spec_cnn 1.000  (13s)
  [shadow_0] spec_cnn_b1 confirmed: {"power_one_sided": {"0.01": {"index": 0, "sweep_ber": 0.0, "sweep_pdet": 0.0078125, "confirmed_ber": 0.0, "confirmed_ser": 0.0, "confirmed_pdet": 0.008544921875, "passed": true}, "0.05": {"index": 0, "sweep_ber": 0.0, "sweep_pdet": 0.05859375, "confirmed_ber": 0.0, "confirmed_ser": 0.0, "confirmed_pdet": 0.064697265625, "passed": false}}, "power_two_sided": {"0.01": {"index": 0, "sweep_ber": 0.0, "sweep_pdet": 0.01171875, "confirmed_ber": 0.0, "confirmed_ser": 0.0, "confirmed_pdet": 0.014892578125, "passed": false}, "0.05": {"index": 0, "sweep_ber": 0.0, "sweep_pdet": 0.05859375, "confirmed_ber": 0.0, "confirmed_ser": 0.0, "confirmed_pdet": 0.0595703125, "passed": false}}, "kurtosis": {"0.01": {"index": 26, "sweep_ber": 5.340576171875e-05, "sweep_pdet": 0.013671875, "confirmed_ber": 5.53131103515625e-05, "confirmed_ser": 0.000110626220703125, "confirmed_pdet": 0.0107421875, "passed": true}, "0.05": {"index": 26, "sweep_ber": 5.340576171875e-05, "sweep_pdet": 0.06640625, "confirmed_ber": 5.626678466796875e-05, "confirmed_ser": 0.0001125335693359375, "confirmed_pdet": 0.060302734375, "passed": false}}, "spec_cnn": {"0.01": {"index": 0, "sweep_ber": 0.0, "sweep_pdet": 0.01171875, "confirmed_ber": 0.0, "confirmed_ser": 0.0, "confirmed_pdet": 0.01123046875, "passed": true}, "0.05": {"index": 0, "sweep_ber": 0.0, "sweep_pdet": 0.068359375, "confirmed_ber": 0.0, "confirmed_ser": 0.0, "confirmed_pdet": 0.06787109375, "passed": false}}}  (31s)
  [shadow_0] generator spec_cnn_b10 (scale 1.0000)
    JSR  -50.0 dB  BER 0.00e+00  P(det)@0.05 power_one_sided 0.049 power_two_sided 0.047 kurtosis 0.053 spec_cnn 0.064  (0s)
    JSR  -49.0 dB  BER 0.00e+00  P(det)@0.05 power_one_sided 0.057 power_two_sided 0.066 kurtosis 0.049 spec_cnn 0.059  (0s)
    JSR  -48.0 dB  BER 0.00e+00  P(det)@0.05 power_one_sided 0.045 power_two_sided 0.053 kurtosis 0.062 spec_cnn 0.037  (1s)
    JSR  -47.0 dB  BER 0.00e+00  P(det)@0.05 power_one_sided 0.061 power_two_sided 0.076 kurtosis 0.043 spec_cnn 0.041  (1s)
    JSR  -46.0 dB  BER 0.00e+00  P(det)@0.05 power_one_sided 0.064 power_two_sided 0.068 kurtosis 0.049 spec_cnn 0.051  (1s)
    JSR  -45.0 dB  BER 0.00e+00  P(det)@0.05 power_one_sided 0.070 power_two_sided 0.074 kurtosis 0.055 spec_cnn 0.051  (1s)
    JSR  -44.0 dB  BER 0.00e+00  P(det)@0.05 power_one_sided 0.088 power_two_sided 0.072 kurtosis 0.047 spec_cnn 0.061  (1s)
    JSR  -43.0 dB  BER 0.00e+00  P(det)@0.05 power_one_sided 0.090 power_two_sided 0.090 kurtosis 0.051 spec_cnn 0.059  (2s)
    JSR  -42.0 dB  BER 0.00e+00  P(det)@0.05 power_one_sided 0.088 power_two_sided 0.096 kurtosis 0.062 spec_cnn 0.061  (2s)
    JSR  -41.0 dB  BER 0.00e+00  P(det)@0.05 power_one_sided 0.088 power_two_sided 0.109 kurtosis 0.045 spec_cnn 0.055  (2s)
    JSR  -40.0 dB  BER 0.00e+00  P(det)@0.05 power_one_sided 0.150 power_two_sided 0.148 kurtosis 0.055 spec_cnn 0.047  (2s)
    JSR  -39.0 dB  BER 0.00e+00  P(det)@0.05 power_one_sided 0.135 power_two_sided 0.137 kurtosis 0.029 spec_cnn 0.051  (2s)
    JSR  -38.0 dB  BER 0.00e+00  P(det)@0.05 power_one_sided 0.162 power_two_sided 0.176 kurtosis 0.061 spec_cnn 0.061  (3s)
    JSR  -37.0 dB  BER 0.00e+00  P(det)@0.05 power_one_sided 0.166 power_two_sided 0.209 kurtosis 0.055 spec_cnn 0.051  (3s)
    JSR  -36.0 dB  BER 0.00e+00  P(det)@0.05 power_one_sided 0.207 power_two_sided 0.285 kurtosis 0.051 spec_cnn 0.049  (3s)
    JSR  -35.0 dB  BER 0.00e+00  P(det)@0.05 power_one_sided 0.281 power_two_sided 0.336 kurtosis 0.061 spec_cnn 0.043  (3s)
    JSR  -34.0 dB  BER 0.00e+00  P(det)@0.05 power_one_sided 0.273 power_two_sided 0.365 kurtosis 0.070 spec_cnn 0.059  (3s)
    JSR  -33.0 dB  BER 0.00e+00  P(det)@0.05 power_one_sided 0.303 power_two_sided 0.430 kurtosis 0.051 spec_cnn 0.053  (4s)
    JSR  -32.0 dB  BER 0.00e+00  P(det)@0.05 power_one_sided 0.369 power_two_sided 0.523 kurtosis 0.045 spec_cnn 0.049  (4s)
    JSR  -31.0 dB  BER 0.00e+00  P(det)@0.05 power_one_sided 0.377 power_two_sided 0.555 kurtosis 0.051 spec_cnn 0.078  (4s)
    JSR  -30.0 dB  BER 0.00e+00  P(det)@0.05 power_one_sided 0.439 power_two_sided 0.674 kurtosis 0.059 spec_cnn 0.068  (4s)
    JSR  -29.0 dB  BER 0.00e+00  P(det)@0.05 power_one_sided 0.439 power_two_sided 0.674 kurtosis 0.047 spec_cnn 0.072  (4s)
    JSR  -28.0 dB  BER 0.00e+00  P(det)@0.05 power_one_sided 0.432 power_two_sided 0.711 kurtosis 0.035 spec_cnn 0.070  (5s)
    JSR  -27.0 dB  BER 0.00e+00  P(det)@0.05 power_one_sided 0.484 power_two_sided 0.732 kurtosis 0.062 spec_cnn 0.088  (5s)
    JSR  -26.0 dB  BER 0.00e+00  P(det)@0.05 power_one_sided 0.521 power_two_sided 0.807 kurtosis 0.064 spec_cnn 0.090  (5s)
    JSR  -25.0 dB  BER 0.00e+00  P(det)@0.05 power_one_sided 0.537 power_two_sided 0.826 kurtosis 0.064 spec_cnn 0.102  (5s)
    JSR  -24.0 dB  BER 7.63e-06  P(det)@0.05 power_one_sided 0.584 power_two_sided 0.828 kurtosis 0.076 spec_cnn 0.133  (6s)
    JSR  -23.0 dB  BER 1.01e-03  P(det)@0.05 power_one_sided 0.562 power_two_sided 0.818 kurtosis 0.096 spec_cnn 0.162  (6s)
    JSR  -22.0 dB  BER 1.43e-03  P(det)@0.05 power_one_sided 0.619 power_two_sided 0.816 kurtosis 0.135 spec_cnn 0.193  (6s)
    JSR  -21.0 dB  BER 1.84e-03  P(det)@0.05 power_one_sided 0.617 power_two_sided 0.857 kurtosis 0.174 spec_cnn 0.236  (6s)
    JSR  -20.0 dB  BER 2.04e-03  P(det)@0.05 power_one_sided 0.686 power_two_sided 0.859 kurtosis 0.266 spec_cnn 0.281  (6s)
    JSR  -19.0 dB  BER 2.24e-03  P(det)@0.05 power_one_sided 0.697 power_two_sided 0.865 kurtosis 0.369 spec_cnn 0.359  (7s)
    JSR  -18.0 dB  BER 2.60e-03  P(det)@0.05 power_one_sided 0.721 power_two_sided 0.869 kurtosis 0.408 spec_cnn 0.494  (7s)
    JSR  -17.0 dB  BER 2.66e-03  P(det)@0.05 power_one_sided 0.779 power_two_sided 0.840 kurtosis 0.492 spec_cnn 0.609  (7s)
    JSR  -16.0 dB  BER 2.88e-03  P(det)@0.05 power_one_sided 0.844 power_two_sided 0.848 kurtosis 0.553 spec_cnn 0.814  (7s)
    JSR  -15.0 dB  BER 3.25e-03  P(det)@0.05 power_one_sided 0.930 power_two_sided 0.912 kurtosis 0.584 spec_cnn 0.918  (7s)
    JSR  -14.0 dB  BER 3.07e-03  P(det)@0.05 power_one_sided 1.000 power_two_sided 0.994 kurtosis 0.682 spec_cnn 0.980  (8s)
    JSR  -13.0 dB  BER 3.06e-03  P(det)@0.05 power_one_sided 1.000 power_two_sided 1.000 kurtosis 0.748 spec_cnn 0.998  (8s)
    JSR  -12.0 dB  BER 3.18e-03  P(det)@0.05 power_one_sided 1.000 power_two_sided 1.000 kurtosis 0.869 spec_cnn 1.000  (8s)
    JSR  -11.0 dB  BER 3.46e-03  P(det)@0.05 power_one_sided 1.000 power_two_sided 1.000 kurtosis 0.967 spec_cnn 1.000  (8s)
    JSR  -10.0 dB  BER 3.32e-03  P(det)@0.05 power_one_sided 1.000 power_two_sided 1.000 kurtosis 1.000 spec_cnn 1.000  (8s)
    JSR   -9.0 dB  BER 3.33e-03  P(det)@0.05 power_one_sided 1.000 power_two_sided 1.000 kurtosis 1.000 spec_cnn 1.000  (9s)
    JSR   -8.0 dB  BER 3.49e-03  P(det)@0.05 power_one_sided 1.000 power_two_sided 1.000 kurtosis 1.000 spec_cnn 1.000  (9s)
    JSR   -7.0 dB  BER 3.62e-03  P(det)@0.05 power_one_sided 1.000 power_two_sided 1.000 kurtosis 1.000 spec_cnn 1.000  (9s)
    JSR   -6.0 dB  BER 3.59e-03  P(det)@0.05 power_one_sided 1.000 power_two_sided 1.000 kurtosis 1.000 spec_cnn 1.000  (9s)
    JSR   -5.0 dB  BER 3.70e-03  P(det)@0.05 power_one_sided 1.000 power_two_sided 1.000 kurtosis 1.000 spec_cnn 1.000  (9s)
    JSR   -4.0 dB  BER 3.91e-03  P(det)@0.05 power_one_sided 1.000 power_two_sided 1.000 kurtosis 1.000 spec_cnn 1.000  (10s)
    JSR   -3.0 dB  BER 3.53e-03  P(det)@0.05 power_one_sided 1.000 power_two_sided 1.000 kurtosis 1.000 spec_cnn 1.000  (10s)
    JSR   -2.0 dB  BER 3.81e-03  P(det)@0.05 power_one_sided 1.000 power_two_sided 1.000 kurtosis 1.000 spec_cnn 1.000  (10s)
    JSR   -1.0 dB  BER 3.75e-03  P(det)@0.05 power_one_sided 1.000 power_two_sided 1.000 kurtosis 1.000 spec_cnn 1.000  (10s)
    JSR   +0.0 dB  BER 3.91e-03  P(det)@0.05 power_one_sided 1.000 power_two_sided 1.000 kurtosis 1.000 spec_cnn 1.000  (10s)
    JSR   +1.0 dB  BER 3.70e-03  P(det)@0.05 power_one_sided 1.000 power_two_sided 1.000 kurtosis 1.000 spec_cnn 1.000  (11s)
    JSR   +2.0 dB  BER 3.83e-03  P(det)@0.05 power_one_sided 1.000 power_two_sided 1.000 kurtosis 1.000 spec_cnn 1.000  (11s)
    JSR   +3.0 dB  BER 3.69e-03  P(det)@0.05 power_one_sided 1.000 power_two_sided 1.000 kurtosis 1.000 spec_cnn 1.000  (11s)
    JSR   +4.0 dB  BER 3.72e-03  P(det)@0.05 power_one_sided 1.000 power_two_sided 1.000 kurtosis 1.000 spec_cnn 1.000  (11s)
    JSR   +5.0 dB  BER 3.70e-03  P(det)@0.05 power_one_sided 1.000 power_two_sided 1.000 kurtosis 1.000 spec_cnn 1.000  (11s)
    JSR   +6.0 dB  BER 3.94e-03  P(det)@0.05 power_one_sided 1.000 power_two_sided 1.000 kurtosis 1.000 spec_cnn 1.000  (12s)
    JSR   +7.0 dB  BER 3.66e-03  P(det)@0.05 power_one_sided 1.000 power_two_sided 1.000 kurtosis 1.000 spec_cnn 1.000  (12s)
    JSR   +8.0 dB  BER 4.02e-03  P(det)@0.05 power_one_sided 1.000 power_two_sided 1.000 kurtosis 1.000 spec_cnn 1.000  (12s)
    JSR   +9.0 dB  BER 3.91e-03  P(det)@0.05 power_one_sided 1.000 power_two_sided 1.000 kurtosis 1.000 spec_cnn 1.000  (12s)
    JSR  +10.0 dB  BER 3.96e-03  P(det)@0.05 power_one_sided 1.000 power_two_sided 1.000 kurtosis 1.000 spec_cnn 1.000  (13s)
    JSR  +11.0 dB  BER 4.21e-03  P(det)@0.05 power_one_sided 1.000 power_two_sided 1.000 kurtosis 1.000 spec_cnn 1.000  (13s)
    JSR  +12.0 dB  BER 4.48e-03  P(det)@0.05 power_one_sided 1.000 power_two_sided 1.000 kurtosis 1.000 spec_cnn 1.000  (13s)
    JSR  +13.0 dB  BER 5.41e-03  P(det)@0.05 power_one_sided 1.000 power_two_sided 1.000 kurtosis 1.000 spec_cnn 1.000  (13s)
    JSR  +14.0 dB  BER 7.31e-03  P(det)@0.05 power_one_sided 1.000 power_two_sided 1.000 kurtosis 1.000 spec_cnn 1.000  (13s)
    JSR  +15.0 dB  BER 1.04e-02  P(det)@0.05 power_one_sided 1.000 power_two_sided 1.000 kurtosis 1.000 spec_cnn 1.000  (14s)
  [shadow_0] spec_cnn_b10 confirmed: {"power_one_sided": {"0.01": {"index": 0, "sweep_ber": 0.0, "sweep_pdet": 0.001953125, "confirmed_ber": 0.0, "confirmed_ser": 0.0, "confirmed_pdet": 0.011474609375, "passed": true}, "0.05": {"index": 0, "sweep_ber": 0.0, "sweep_pdet": 0.048828125, "confirmed_ber": 0.0, "confirmed_ser": 0.0, "confirmed_pdet": 0.0576171875, "passed": false}}, "power_two_sided": {"0.01": {"index": 0, "sweep_ber": 0.0, "sweep_pdet": 0.0078125, "confirmed_ber": 0.0, "confirmed_ser": 0.0, "confirmed_pdet": 0.012451171875, "passed": true}, "0.05": {"index": 0, "sweep_ber": 0.0, "sweep_pdet": 0.046875, "confirmed_ber": 0.0, "confirmed_ser": 0.0, "confirmed_pdet": 0.06005859375, "passed": false}}, "kurtosis": {"0.01": {"index": 26, "sweep_ber": 7.62939453125e-06, "sweep_pdet": 0.017578125, "confirmed_ber": 0.0, "confirmed_ser": 0.0, "confirmed_pdet": 0.0146484375, "passed": false}, "0.05": {"index": 0, "sweep_ber": 0.0, "sweep_pdet": 0.052734375, "confirmed_ber": 0.0, "confirmed_ser": 0.0, "confirmed_pdet": 0.05126953125, "passed": true}}, "spec_cnn": {"0.01": {"index": 0, "sweep_ber": 0.0, "sweep_pdet": 0.01171875, "confirmed_ber": 0.0, "confirmed_ser": 0.0, "confirmed_pdet": 0.009033203125, "passed": true}, "0.05": {"index": 0, "sweep_ber": 0.0, "sweep_pdet": 0.064453125, "confirmed_ber": 0.0, "confirmed_ser": 0.0, "confirmed_pdet": 0.049560546875, "passed": true}}}  (61s)
wrote ../artifacts/cgan/snr_ablation/sync_run003_r3/shadow_0.json in 61s
