node: tikgpu06.ee.ethz.ch | gpu: NVIDIA GeForce RTX 3090
task 0 | shadow_0 | SNR 30 dB | device cuda:0
shadowing 0 dB | detectors: power_one_sided, power_two_sided, kurtosis, spec_cnn, lrt_noise  (CNN retrained + calibrated on shadowed frames)
clean: BER 0.000e+00 (closed form 0.000e+00), FAR {"power_one_sided": 0.04345703125, "power_two_sided": 0.04833984375, "kurtosis": 0.048828125, "spec_cnn": 0.04443359375}
  [shadow_0] generator spec_cnn_b1 (scale 1.0000)
  JSR  -50.0 dB  BER 0.00e+00  P(det)@0.05 power_one_sided 0.053 power_two_sided 0.059 kurtosis 0.061 spec_cnn 0.045  (0s)
  JSR  -49.0 dB  BER 0.00e+00  P(det)@0.05 power_one_sided 0.059 power_two_sided 0.066 kurtosis 0.043 spec_cnn 0.041  (0s)
  JSR  -48.0 dB  BER 0.00e+00  P(det)@0.05 power_one_sided 0.064 power_two_sided 0.055 kurtosis 0.049 spec_cnn 0.057  (1s)
  JSR  -47.0 dB  BER 0.00e+00  P(det)@0.05 power_one_sided 0.080 power_two_sided 0.082 kurtosis 0.047 spec_cnn 0.053  (1s)
  JSR  -46.0 dB  BER 0.00e+00  P(det)@0.05 power_one_sided 0.066 power_two_sided 0.074 kurtosis 0.049 spec_cnn 0.045  (1s)
  JSR  -45.0 dB  BER 0.00e+00  P(det)@0.05 power_one_sided 0.082 power_two_sided 0.070 kurtosis 0.051 spec_cnn 0.039  (1s)
  JSR  -44.0 dB  BER 0.00e+00  P(det)@0.05 power_one_sided 0.092 power_two_sided 0.086 kurtosis 0.053 spec_cnn 0.059  (1s)
  JSR  -43.0 dB  BER 0.00e+00  P(det)@0.05 power_one_sided 0.104 power_two_sided 0.109 kurtosis 0.035 spec_cnn 0.051  (2s)
  JSR  -42.0 dB  BER 0.00e+00  P(det)@0.05 power_one_sided 0.096 power_two_sided 0.109 kurtosis 0.051 spec_cnn 0.025  (2s)
  JSR  -41.0 dB  BER 0.00e+00  P(det)@0.05 power_one_sided 0.104 power_two_sided 0.141 kurtosis 0.043 spec_cnn 0.070  (2s)
  JSR  -40.0 dB  BER 0.00e+00  P(det)@0.05 power_one_sided 0.109 power_two_sided 0.129 kurtosis 0.051 spec_cnn 0.047  (2s)
  JSR  -39.0 dB  BER 0.00e+00  P(det)@0.05 power_one_sided 0.135 power_two_sided 0.168 kurtosis 0.051 spec_cnn 0.051  (2s)
  JSR  -38.0 dB  BER 0.00e+00  P(det)@0.05 power_one_sided 0.145 power_two_sided 0.178 kurtosis 0.049 spec_cnn 0.055  (3s)
  JSR  -37.0 dB  BER 0.00e+00  P(det)@0.05 power_one_sided 0.188 power_two_sided 0.225 kurtosis 0.053 spec_cnn 0.055  (3s)
  JSR  -36.0 dB  BER 0.00e+00  P(det)@0.05 power_one_sided 0.213 power_two_sided 0.252 kurtosis 0.053 spec_cnn 0.053  (3s)
  JSR  -35.0 dB  BER 0.00e+00  P(det)@0.05 power_one_sided 0.273 power_two_sided 0.340 kurtosis 0.045 spec_cnn 0.055  (3s)
  JSR  -34.0 dB  BER 0.00e+00  P(det)@0.05 power_one_sided 0.266 power_two_sided 0.316 kurtosis 0.043 spec_cnn 0.061  (3s)
  JSR  -33.0 dB  BER 0.00e+00  P(det)@0.05 power_one_sided 0.332 power_two_sided 0.439 kurtosis 0.045 spec_cnn 0.051  (4s)
  JSR  -32.0 dB  BER 0.00e+00  P(det)@0.05 power_one_sided 0.350 power_two_sided 0.488 kurtosis 0.066 spec_cnn 0.055  (4s)
  JSR  -31.0 dB  BER 0.00e+00  P(det)@0.05 power_one_sided 0.391 power_two_sided 0.502 kurtosis 0.037 spec_cnn 0.051  (4s)
  JSR  -30.0 dB  BER 0.00e+00  P(det)@0.05 power_one_sided 0.414 power_two_sided 0.588 kurtosis 0.057 spec_cnn 0.064  (4s)
  JSR  -29.0 dB  BER 0.00e+00  P(det)@0.05 power_one_sided 0.422 power_two_sided 0.607 kurtosis 0.055 spec_cnn 0.059  (4s)
  JSR  -28.0 dB  BER 0.00e+00  P(det)@0.05 power_one_sided 0.432 power_two_sided 0.609 kurtosis 0.057 spec_cnn 0.059  (5s)
  JSR  -27.0 dB  BER 0.00e+00  P(det)@0.05 power_one_sided 0.486 power_two_sided 0.705 kurtosis 0.057 spec_cnn 0.092  (5s)
  JSR  -26.0 dB  BER 0.00e+00  P(det)@0.05 power_one_sided 0.541 power_two_sided 0.740 kurtosis 0.053 spec_cnn 0.080  (5s)
  JSR  -25.0 dB  BER 0.00e+00  P(det)@0.05 power_one_sided 0.535 power_two_sided 0.746 kurtosis 0.078 spec_cnn 0.076  (5s)
  JSR  -24.0 dB  BER 0.00e+00  P(det)@0.05 power_one_sided 0.592 power_two_sided 0.797 kurtosis 0.068 spec_cnn 0.102  (5s)
  JSR  -23.0 dB  BER 2.82e-04  P(det)@0.05 power_one_sided 0.623 power_two_sided 0.795 kurtosis 0.092 spec_cnn 0.131  (6s)
  JSR  -22.0 dB  BER 7.40e-04  P(det)@0.05 power_one_sided 0.625 power_two_sided 0.816 kurtosis 0.127 spec_cnn 0.213  (6s)
  JSR  -21.0 dB  BER 1.18e-03  P(det)@0.05 power_one_sided 0.652 power_two_sided 0.869 kurtosis 0.145 spec_cnn 0.135  (6s)
  JSR  -20.0 dB  BER 1.69e-03  P(det)@0.05 power_one_sided 0.674 power_two_sided 0.820 kurtosis 0.240 spec_cnn 0.258  (6s)
  JSR  -19.0 dB  BER 2.21e-03  P(det)@0.05 power_one_sided 0.725 power_two_sided 0.883 kurtosis 0.309 spec_cnn 0.279  (6s)
  JSR  -18.0 dB  BER 2.47e-03  P(det)@0.05 power_one_sided 0.766 power_two_sided 0.877 kurtosis 0.406 spec_cnn 0.387  (7s)
  JSR  -17.0 dB  BER 2.56e-03  P(det)@0.05 power_one_sided 0.832 power_two_sided 0.904 kurtosis 0.582 spec_cnn 0.494  (7s)
  JSR  -16.0 dB  BER 2.99e-03  P(det)@0.05 power_one_sided 0.891 power_two_sided 0.914 kurtosis 0.600 spec_cnn 0.600  (7s)
  JSR  -15.0 dB  BER 3.62e-03  P(det)@0.05 power_one_sided 0.906 power_two_sided 0.945 kurtosis 0.674 spec_cnn 0.803  (7s)
  JSR  -14.0 dB  BER 3.91e-03  P(det)@0.05 power_one_sided 0.969 power_two_sided 0.973 kurtosis 0.760 spec_cnn 0.912  (7s)
  JSR  -13.0 dB  BER 4.08e-03  P(det)@0.05 power_one_sided 0.990 power_two_sided 0.990 kurtosis 0.803 spec_cnn 0.982  (8s)
  JSR  -12.0 dB  BER 4.30e-03  P(det)@0.05 power_one_sided 0.994 power_two_sided 0.994 kurtosis 0.873 spec_cnn 0.996  (8s)
  JSR  -11.0 dB  BER 4.50e-03  P(det)@0.05 power_one_sided 1.000 power_two_sided 1.000 kurtosis 0.975 spec_cnn 1.000  (8s)
  JSR  -10.0 dB  BER 4.85e-03  P(det)@0.05 power_one_sided 1.000 power_two_sided 1.000 kurtosis 1.000 spec_cnn 1.000  (8s)
  JSR   -9.0 dB  BER 5.52e-03  P(det)@0.05 power_one_sided 1.000 power_two_sided 1.000 kurtosis 1.000 spec_cnn 1.000  (8s)
  JSR   -8.0 dB  BER 5.95e-03  P(det)@0.05 power_one_sided 1.000 power_two_sided 1.000 kurtosis 1.000 spec_cnn 1.000  (9s)
  JSR   -7.0 dB  BER 6.65e-03  P(det)@0.05 power_one_sided 1.000 power_two_sided 1.000 kurtosis 1.000 spec_cnn 1.000  (9s)
  JSR   -6.0 dB  BER 7.68e-03  P(det)@0.05 power_one_sided 1.000 power_two_sided 1.000 kurtosis 1.000 spec_cnn 1.000  (9s)
  JSR   -5.0 dB  BER 7.98e-03  P(det)@0.05 power_one_sided 1.000 power_two_sided 1.000 kurtosis 1.000 spec_cnn 1.000  (9s)
  JSR   -4.0 dB  BER 8.94e-03  P(det)@0.05 power_one_sided 1.000 power_two_sided 1.000 kurtosis 1.000 spec_cnn 1.000  (9s)
  JSR   -3.0 dB  BER 9.26e-03  P(det)@0.05 power_one_sided 1.000 power_two_sided 1.000 kurtosis 1.000 spec_cnn 1.000  (10s)
  JSR   -2.0 dB  BER 9.77e-03  P(det)@0.05 power_one_sided 1.000 power_two_sided 1.000 kurtosis 1.000 spec_cnn 1.000  (10s)
  JSR   -1.0 dB  BER 1.07e-02  P(det)@0.05 power_one_sided 1.000 power_two_sided 1.000 kurtosis 1.000 spec_cnn 1.000  (10s)
  JSR   +0.0 dB  BER 1.11e-02  P(det)@0.05 power_one_sided 1.000 power_two_sided 1.000 kurtosis 1.000 spec_cnn 1.000  (10s)
  JSR   +1.0 dB  BER 1.11e-02  P(det)@0.05 power_one_sided 1.000 power_two_sided 1.000 kurtosis 1.000 spec_cnn 1.000  (10s)
  JSR   +2.0 dB  BER 1.25e-02  P(det)@0.05 power_one_sided 1.000 power_two_sided 1.000 kurtosis 1.000 spec_cnn 1.000  (11s)
  JSR   +3.0 dB  BER 1.35e-02  P(det)@0.05 power_one_sided 1.000 power_two_sided 1.000 kurtosis 1.000 spec_cnn 1.000  (11s)
  JSR   +4.0 dB  BER 1.43e-02  P(det)@0.05 power_one_sided 1.000 power_two_sided 1.000 kurtosis 1.000 spec_cnn 1.000  (11s)
  JSR   +5.0 dB  BER 1.53e-02  P(det)@0.05 power_one_sided 1.000 power_two_sided 1.000 kurtosis 1.000 spec_cnn 1.000  (11s)
  JSR   +6.0 dB  BER 1.59e-02  P(det)@0.05 power_one_sided 1.000 power_two_sided 1.000 kurtosis 1.000 spec_cnn 1.000  (11s)
  JSR   +7.0 dB  BER 1.69e-02  P(det)@0.05 power_one_sided 1.000 power_two_sided 1.000 kurtosis 1.000 spec_cnn 1.000  (12s)
  JSR   +8.0 dB  BER 1.77e-02  P(det)@0.05 power_one_sided 1.000 power_two_sided 1.000 kurtosis 1.000 spec_cnn 1.000  (12s)
  JSR   +9.0 dB  BER 1.82e-02  P(det)@0.05 power_one_sided 1.000 power_two_sided 1.000 kurtosis 1.000 spec_cnn 1.000  (12s)
  JSR  +10.0 dB  BER 1.94e-02  P(det)@0.05 power_one_sided 1.000 power_two_sided 1.000 kurtosis 1.000 spec_cnn 1.000  (12s)
  JSR  +11.0 dB  BER 2.07e-02  P(det)@0.05 power_one_sided 1.000 power_two_sided 1.000 kurtosis 1.000 spec_cnn 1.000  (12s)
  JSR  +12.0 dB  BER 2.10e-02  P(det)@0.05 power_one_sided 1.000 power_two_sided 1.000 kurtosis 1.000 spec_cnn 1.000  (13s)
  JSR  +13.0 dB  BER 2.37e-02  P(det)@0.05 power_one_sided 1.000 power_two_sided 1.000 kurtosis 1.000 spec_cnn 1.000  (13s)
  JSR  +14.0 dB  BER 2.52e-02  P(det)@0.05 power_one_sided 1.000 power_two_sided 1.000 kurtosis 1.000 spec_cnn 1.000  (13s)
  JSR  +15.0 dB  BER 2.89e-02  P(det)@0.05 power_one_sided 1.000 power_two_sided 1.000 kurtosis 1.000 spec_cnn 1.000  (13s)
  [shadow_0] spec_cnn_b1 confirmed: {"power_one_sided": {"0.01": {"index": 0, "sweep_ber": 0.0, "sweep_pdet": 0.0078125, "confirmed_ber": 0.0, "confirmed_ser": 0.0, "confirmed_pdet": 0.013671875, "passed": false}, "0.05": {"index": 0, "sweep_ber": 0.0, "sweep_pdet": 0.052734375, "confirmed_ber": 0.0, "confirmed_ser": 0.0, "confirmed_pdet": 0.0634765625, "passed": false}}, "power_two_sided": {"0.01": {"index": 0, "sweep_ber": 0.0, "sweep_pdet": 0.017578125, "confirmed_ber": 0.0, "confirmed_ser": 0.0, "confirmed_pdet": 0.0146484375, "passed": false}, "0.05": {"index": 0, "sweep_ber": 0.0, "sweep_pdet": 0.05859375, "confirmed_ber": 0.0, "confirmed_ser": 0.0, "confirmed_pdet": 0.058837890625, "passed": false}}, "kurtosis": {"0.01": {"index": 1, "sweep_ber": 0.0, "sweep_pdet": 0.009765625, "confirmed_ber": 0.0, "confirmed_ser": 0.0, "confirmed_pdet": 0.0126953125, "passed": true}, "0.05": {"index": 0, "sweep_ber": 0.0, "sweep_pdet": 0.060546875, "confirmed_ber": 0.0, "confirmed_ser": 0.0, "confirmed_pdet": 0.05029296875, "passed": true}}, "spec_cnn": {"0.01": {"index": 0, "sweep_ber": 0.0, "sweep_pdet": 0.009765625, "confirmed_ber": 0.0, "confirmed_ser": 0.0, "confirmed_pdet": 0.007080078125, "passed": true}, "0.05": {"index": 0, "sweep_ber": 0.0, "sweep_pdet": 0.044921875, "confirmed_ber": 0.0, "confirmed_ser": 0.0, "confirmed_pdet": 0.052734375, "passed": true}}}  (33s)
wrote ../artifacts/cgan/snr_ablation/async_b1_run003_r2/shadow_0.json in 33s
