node: artongpu01.ee.ethz.ch | gpu: NVIDIA GeForce RTX 2080 Ti
task 0 | snr_30_unc_0 | SNR 30 dB | noise uncertainty 0 dB | device cuda:0
detectors: power_one_sided, power_two_sided, kurtosis, spec_cnn, lrt_noise | naive = calibrated at the nominal noise, cfar = re-calibrated on uncertain clean frames (1s)
clean: BER 0.000e+00, realised FAR naive {"power_one_sided": 0.04296875, "power_two_sided": 0.0458984375, "kurtosis": 0.04931640625, "spec_cnn": 0.048828125}, cfar {"power_one_sided": 0.04296875, "power_two_sided": 0.0458984375, "kurtosis": 0.04931640625, "spec_cnn": 0.048828125}
  [snr_30_unc_0] classical noise
    JSR  -50.0 dB  BER 0.00e+00  PER 0.000  P(det)@0.05 naive/cfar power_one_sided 0.062/0.062 power_two_sided 0.064/0.064 kurtosis 0.031/0.031 spec_cnn 0.059/0.059 lrt_noise 0.062/0.062  (0s)
    JSR  -49.0 dB  BER 0.00e+00  PER 0.000  P(det)@0.05 naive/cfar power_one_sided 0.051/0.051 power_two_sided 0.064/0.064 kurtosis 0.031/0.031 spec_cnn 0.037/0.037 lrt_noise 0.072/0.072  (1s)
    JSR  -48.0 dB  BER 0.00e+00  PER 0.000  P(det)@0.05 naive/cfar power_one_sided 0.039/0.039 power_two_sided 0.047/0.047 kurtosis 0.055/0.055 spec_cnn 0.047/0.047 lrt_noise 0.076/0.076  (1s)
    JSR  -47.0 dB  BER 0.00e+00  PER 0.000  P(det)@0.05 naive/cfar power_one_sided 0.047/0.047 power_two_sided 0.031/0.031 kurtosis 0.029/0.029 spec_cnn 0.039/0.039 lrt_noise 0.094/0.094  (1s)
    JSR  -46.0 dB  BER 0.00e+00  PER 0.000  P(det)@0.05 naive/cfar power_one_sided 0.047/0.047 power_two_sided 0.045/0.045 kurtosis 0.078/0.078 spec_cnn 0.051/0.051 lrt_noise 0.123/0.123  (2s)
    JSR  -45.0 dB  BER 0.00e+00  PER 0.000  P(det)@0.05 naive/cfar power_one_sided 0.049/0.049 power_two_sided 0.043/0.043 kurtosis 0.035/0.035 spec_cnn 0.049/0.049 lrt_noise 0.127/0.127  (2s)
    JSR  -44.0 dB  BER 0.00e+00  PER 0.000  P(det)@0.05 naive/cfar power_one_sided 0.051/0.051 power_two_sided 0.055/0.055 kurtosis 0.062/0.062 spec_cnn 0.072/0.072 lrt_noise 0.133/0.133  (2s)
    JSR  -43.0 dB  BER 0.00e+00  PER 0.000  P(det)@0.05 naive/cfar power_one_sided 0.055/0.055 power_two_sided 0.055/0.055 kurtosis 0.055/0.055 spec_cnn 0.041/0.041 lrt_noise 0.182/0.182  (3s)
    JSR  -42.0 dB  BER 0.00e+00  PER 0.000  P(det)@0.05 naive/cfar power_one_sided 0.064/0.064 power_two_sided 0.051/0.051 kurtosis 0.027/0.027 spec_cnn 0.080/0.080 lrt_noise 0.189/0.189  (3s)
    JSR  -41.0 dB  BER 0.00e+00  PER 0.000  P(det)@0.05 naive/cfar power_one_sided 0.066/0.066 power_two_sided 0.057/0.057 kurtosis 0.035/0.035 spec_cnn 0.062/0.062 lrt_noise 0.252/0.252  (3s)
    JSR  -40.0 dB  BER 0.00e+00  PER 0.000  P(det)@0.05 naive/cfar power_one_sided 0.047/0.047 power_two_sided 0.049/0.049 kurtosis 0.053/0.053 spec_cnn 0.068/0.068 lrt_noise 0.367/0.367  (3s)
    JSR  -39.0 dB  BER 0.00e+00  PER 0.000  P(det)@0.05 naive/cfar power_one_sided 0.080/0.080 power_two_sided 0.070/0.070 kurtosis 0.039/0.039 spec_cnn 0.068/0.068 lrt_noise 0.482/0.482  (4s)
    JSR  -38.0 dB  BER 0.00e+00  PER 0.000  P(det)@0.05 naive/cfar power_one_sided 0.107/0.107 power_two_sided 0.068/0.068 kurtosis 0.051/0.051 spec_cnn 0.086/0.086 lrt_noise 0.645/0.645  (4s)
    JSR  -37.0 dB  BER 0.00e+00  PER 0.000  P(det)@0.05 naive/cfar power_one_sided 0.080/0.080 power_two_sided 0.066/0.066 kurtosis 0.037/0.037 spec_cnn 0.090/0.090 lrt_noise 0.791/0.791  (4s)
    JSR  -36.0 dB  BER 0.00e+00  PER 0.000  P(det)@0.05 naive/cfar power_one_sided 0.133/0.133 power_two_sided 0.094/0.094 kurtosis 0.066/0.066 spec_cnn 0.102/0.102 lrt_noise 0.934/0.934  (5s)
    JSR  -35.0 dB  BER 0.00e+00  PER 0.000  P(det)@0.05 naive/cfar power_one_sided 0.160/0.160 power_two_sided 0.119/0.119 kurtosis 0.051/0.051 spec_cnn 0.141/0.141 lrt_noise 0.994/0.994  (5s)
    JSR  -34.0 dB  BER 0.00e+00  PER 0.000  P(det)@0.05 naive/cfar power_one_sided 0.160/0.160 power_two_sided 0.117/0.117 kurtosis 0.049/0.049 spec_cnn 0.160/0.160 lrt_noise 1.000/1.000  (5s)
    JSR  -33.0 dB  BER 0.00e+00  PER 0.000  P(det)@0.05 naive/cfar power_one_sided 0.145/0.145 power_two_sided 0.119/0.119 kurtosis 0.051/0.051 spec_cnn 0.195/0.195 lrt_noise 1.000/1.000  (6s)
    JSR  -32.0 dB  BER 0.00e+00  PER 0.000  P(det)@0.05 naive/cfar power_one_sided 0.209/0.209 power_two_sided 0.152/0.152 kurtosis 0.035/0.035 spec_cnn 0.264/0.264 lrt_noise 1.000/1.000  (6s)
    JSR  -31.0 dB  BER 0.00e+00  PER 0.000  P(det)@0.05 naive/cfar power_one_sided 0.242/0.242 power_two_sided 0.191/0.191 kurtosis 0.053/0.053 spec_cnn 0.373/0.373 lrt_noise 1.000/1.000  (6s)
    JSR  -30.0 dB  BER 0.00e+00  PER 0.000  P(det)@0.05 naive/cfar power_one_sided 0.301/0.301 power_two_sided 0.236/0.236 kurtosis 0.029/0.029 spec_cnn 0.557/0.557 lrt_noise 1.000/1.000  (7s)
    JSR  -29.0 dB  BER 0.00e+00  PER 0.000  P(det)@0.05 naive/cfar power_one_sided 0.381/0.381 power_two_sided 0.301/0.301 kurtosis 0.045/0.045 spec_cnn 0.699/0.699 lrt_noise 1.000/1.000  (7s)
    JSR  -28.0 dB  BER 0.00e+00  PER 0.000  P(det)@0.05 naive/cfar power_one_sided 0.428/0.428 power_two_sided 0.361/0.361 kurtosis 0.061/0.061 spec_cnn 0.869/0.869 lrt_noise 1.000/1.000  (7s)
    JSR  -27.0 dB  BER 0.00e+00  PER 0.000  P(det)@0.05 naive/cfar power_one_sided 0.516/0.516 power_two_sided 0.449/0.449 kurtosis 0.045/0.045 spec_cnn 0.982/0.982 lrt_noise 1.000/1.000  (7s)
    JSR  -26.0 dB  BER 0.00e+00  PER 0.000  P(det)@0.05 naive/cfar power_one_sided 0.643/0.643 power_two_sided 0.588/0.588 kurtosis 0.047/0.047 spec_cnn 0.994/0.994 lrt_noise 1.000/1.000  (8s)
    JSR  -25.0 dB  BER 0.00e+00  PER 0.000  P(det)@0.05 naive/cfar power_one_sided 0.729/0.729 power_two_sided 0.686/0.686 kurtosis 0.049/0.049 spec_cnn 1.000/1.000 lrt_noise 1.000/1.000  (8s)
    JSR  -24.0 dB  BER 0.00e+00  PER 0.000  P(det)@0.05 naive/cfar power_one_sided 0.818/0.818 power_two_sided 0.777/0.777 kurtosis 0.051/0.051 spec_cnn 1.000/1.000 lrt_noise 1.000/1.000  (8s)
    JSR  -23.0 dB  BER 0.00e+00  PER 0.000  P(det)@0.05 naive/cfar power_one_sided 0.857/0.857 power_two_sided 0.846/0.846 kurtosis 0.051/0.051 spec_cnn 1.000/1.000 lrt_noise 1.000/1.000  (9s)
    JSR  -22.0 dB  BER 0.00e+00  PER 0.000  P(det)@0.05 naive/cfar power_one_sided 0.932/0.932 power_two_sided 0.910/0.910 kurtosis 0.072/0.072 spec_cnn 1.000/1.000 lrt_noise 1.000/1.000  (9s)
    JSR  -21.0 dB  BER 0.00e+00  PER 0.000  P(det)@0.05 naive/cfar power_one_sided 0.959/0.959 power_two_sided 0.949/0.949 kurtosis 0.062/0.062 spec_cnn 1.000/1.000 lrt_noise 1.000/1.000  (9s)
    JSR  -20.0 dB  BER 0.00e+00  PER 0.000  P(det)@0.05 naive/cfar power_one_sided 0.990/0.990 power_two_sided 0.990/0.990 kurtosis 0.088/0.088 spec_cnn 1.000/1.000 lrt_noise 1.000/1.000  (10s)
    JSR  -19.0 dB  BER 0.00e+00  PER 0.000  P(det)@0.05 naive/cfar power_one_sided 0.994/0.994 power_two_sided 0.994/0.994 kurtosis 0.080/0.080 spec_cnn 1.000/1.000 lrt_noise 1.000/1.000  (10s)
    JSR  -18.0 dB  BER 0.00e+00  PER 0.000  P(det)@0.05 naive/cfar power_one_sided 0.998/0.998 power_two_sided 0.998/0.998 kurtosis 0.135/0.135 spec_cnn 1.000/1.000 lrt_noise 1.000/1.000  (10s)
    JSR  -17.0 dB  BER 0.00e+00  PER 0.000  P(det)@0.05 naive/cfar power_one_sided 0.998/0.998 power_two_sided 0.998/0.998 kurtosis 0.168/0.168 spec_cnn 1.000/1.000 lrt_noise 1.000/1.000  (11s)
    JSR  -16.0 dB  BER 0.00e+00  PER 0.000  P(det)@0.05 naive/cfar power_one_sided 1.000/1.000 power_two_sided 1.000/1.000 kurtosis 0.203/0.203 spec_cnn 1.000/1.000 lrt_noise 1.000/1.000  (11s)
    JSR  -15.0 dB  BER 0.00e+00  PER 0.000  P(det)@0.05 naive/cfar power_one_sided 1.000/1.000 power_two_sided 1.000/1.000 kurtosis 0.264/0.264 spec_cnn 1.000/1.000 lrt_noise 1.000/1.000  (11s)
    JSR  -14.0 dB  BER 0.00e+00  PER 0.000  P(det)@0.05 naive/cfar power_one_sided 1.000/1.000 power_two_sided 1.000/1.000 kurtosis 0.406/0.406 spec_cnn 1.000/1.000 lrt_noise 1.000/1.000  (12s)
    JSR  -13.0 dB  BER 0.00e+00  PER 0.000  P(det)@0.05 naive/cfar power_one_sided 1.000/1.000 power_two_sided 1.000/1.000 kurtosis 0.580/0.580 spec_cnn 1.000/1.000 lrt_noise 1.000/1.000  (12s)
    JSR  -12.0 dB  BER 0.00e+00  PER 0.000  P(det)@0.05 naive/cfar power_one_sided 1.000/1.000 power_two_sided 1.000/1.000 kurtosis 0.805/0.805 spec_cnn 1.000/1.000 lrt_noise 1.000/1.000  (12s)
    JSR  -11.0 dB  BER 0.00e+00  PER 0.000  P(det)@0.05 naive/cfar power_one_sided 1.000/1.000 power_two_sided 1.000/1.000 kurtosis 0.934/0.934 spec_cnn 1.000/1.000 lrt_noise 1.000/1.000  (12s)
    JSR  -10.0 dB  BER 0.00e+00  PER 0.000  P(det)@0.05 naive/cfar power_one_sided 1.000/1.000 power_two_sided 1.000/1.000 kurtosis 0.990/0.990 spec_cnn 1.000/1.000 lrt_noise 1.000/1.000  (13s)
    JSR   -9.0 dB  BER 0.00e+00  PER 0.000  P(det)@0.05 naive/cfar power_one_sided 1.000/1.000 power_two_sided 1.000/1.000 kurtosis 1.000/1.000 spec_cnn 1.000/1.000 lrt_noise 1.000/1.000  (13s)
    JSR   -8.0 dB  BER 0.00e+00  PER 0.000  P(det)@0.05 naive/cfar power_one_sided 1.000/1.000 power_two_sided 1.000/1.000 kurtosis 1.000/1.000 spec_cnn 1.000/1.000 lrt_noise 1.000/1.000  (13s)
    JSR   -7.0 dB  BER 0.00e+00  PER 0.000  P(det)@0.05 naive/cfar power_one_sided 1.000/1.000 power_two_sided 1.000/1.000 kurtosis 1.000/1.000 spec_cnn 1.000/1.000 lrt_noise 1.000/1.000  (14s)
    JSR   -6.0 dB  BER 0.00e+00  PER 0.000  P(det)@0.05 naive/cfar power_one_sided 1.000/1.000 power_two_sided 1.000/1.000 kurtosis 1.000/1.000 spec_cnn 1.000/1.000 lrt_noise 1.000/1.000  (14s)
    JSR   -5.0 dB  BER 0.00e+00  PER 0.000  P(det)@0.05 naive/cfar power_one_sided 1.000/1.000 power_two_sided 1.000/1.000 kurtosis 1.000/1.000 spec_cnn 1.000/1.000 lrt_noise 1.000/1.000  (14s)
    JSR   -4.0 dB  BER 0.00e+00  PER 0.000  P(det)@0.05 naive/cfar power_one_sided 1.000/1.000 power_two_sided 1.000/1.000 kurtosis 1.000/1.000 spec_cnn 1.000/1.000 lrt_noise 1.000/1.000  (15s)
    JSR   -3.0 dB  BER 3.05e-05  PER 0.008  P(det)@0.05 naive/cfar power_one_sided 1.000/1.000 power_two_sided 1.000/1.000 kurtosis 1.000/1.000 spec_cnn 1.000/1.000 lrt_noise 1.000/1.000  (15s)
    JSR   -2.0 dB  BER 1.83e-04  PER 0.047  P(det)@0.05 naive/cfar power_one_sided 1.000/1.000 power_two_sided 1.000/1.000 kurtosis 1.000/1.000 spec_cnn 1.000/1.000 lrt_noise 1.000/1.000  (15s)
    JSR   -1.0 dB  BER 7.32e-04  PER 0.178  P(det)@0.05 naive/cfar power_one_sided 1.000/1.000 power_two_sided 1.000/1.000 kurtosis 1.000/1.000 spec_cnn 1.000/1.000 lrt_noise 1.000/1.000  (16s)
    JSR   +0.0 dB  BER 2.40e-03  PER 0.459  P(det)@0.05 naive/cfar power_one_sided 1.000/1.000 power_two_sided 1.000/1.000 kurtosis 1.000/1.000 spec_cnn 1.000/1.000 lrt_noise 1.000/1.000  (16s)
    JSR   +1.0 dB  BER 5.95e-03  PER 0.785  P(det)@0.05 naive/cfar power_one_sided 1.000/1.000 power_two_sided 1.000/1.000 kurtosis 1.000/1.000 spec_cnn 1.000/1.000 lrt_noise 1.000/1.000  (16s)
    JSR   +2.0 dB  BER 1.28e-02  PER 0.967  P(det)@0.05 naive/cfar power_one_sided 1.000/1.000 power_two_sided 1.000/1.000 kurtosis 1.000/1.000 spec_cnn 1.000/1.000 lrt_noise 1.000/1.000  (17s)
    JSR   +3.0 dB  BER 2.22e-02  PER 0.998  P(det)@0.05 naive/cfar power_one_sided 1.000/1.000 power_two_sided 1.000/1.000 kurtosis 1.000/1.000 spec_cnn 1.000/1.000 lrt_noise 1.000/1.000  (17s)
    JSR   +4.0 dB  BER 3.83e-02  PER 1.000  P(det)@0.05 naive/cfar power_one_sided 1.000/1.000 power_two_sided 1.000/1.000 kurtosis 1.000/1.000 spec_cnn 1.000/1.000 lrt_noise 1.000/1.000  (17s)
    JSR   +5.0 dB  BER 5.74e-02  PER 1.000  P(det)@0.05 naive/cfar power_one_sided 1.000/1.000 power_two_sided 1.000/1.000 kurtosis 1.000/1.000 spec_cnn 1.000/1.000 lrt_noise 1.000/1.000  (17s)
    JSR   +6.0 dB  BER 7.83e-02  PER 1.000  P(det)@0.05 naive/cfar power_one_sided 1.000/1.000 power_two_sided 1.000/1.000 kurtosis 1.000/1.000 spec_cnn 1.000/1.000 lrt_noise 1.000/1.000  (18s)
    JSR   +7.0 dB  BER 1.03e-01  PER 1.000  P(det)@0.05 naive/cfar power_one_sided 1.000/1.000 power_two_sided 1.000/1.000 kurtosis 1.000/1.000 spec_cnn 1.000/1.000 lrt_noise 1.000/1.000  (18s)
    JSR   +8.0 dB  BER 1.31e-01  PER 1.000  P(det)@0.05 naive/cfar power_one_sided 1.000/1.000 power_two_sided 1.000/1.000 kurtosis 1.000/1.000 spec_cnn 1.000/1.000 lrt_noise 1.000/1.000  (18s)
    JSR   +9.0 dB  BER 1.57e-01  PER 1.000  P(det)@0.05 naive/cfar power_one_sided 1.000/1.000 power_two_sided 1.000/1.000 kurtosis 1.000/1.000 spec_cnn 1.000/1.000 lrt_noise 1.000/1.000  (19s)
    JSR  +10.0 dB  BER 1.84e-01  PER 1.000  P(det)@0.05 naive/cfar power_one_sided 1.000/1.000 power_two_sided 1.000/1.000 kurtosis 1.000/1.000 spec_cnn 1.000/1.000 lrt_noise 1.000/1.000  (19s)
    JSR  +11.0 dB  BER 2.13e-01  PER 1.000  P(det)@0.05 naive/cfar power_one_sided 1.000/1.000 power_two_sided 1.000/1.000 kurtosis 1.000/1.000 spec_cnn 1.000/1.000 lrt_noise 1.000/1.000  (19s)
    JSR  +12.0 dB  BER 2.38e-01  PER 1.000  P(det)@0.05 naive/cfar power_one_sided 1.000/1.000 power_two_sided 1.000/1.000 kurtosis 1.000/1.000 spec_cnn 1.000/1.000 lrt_noise 1.000/1.000  (20s)
    JSR  +13.0 dB  BER 2.65e-01  PER 1.000  P(det)@0.05 naive/cfar power_one_sided 1.000/1.000 power_two_sided 1.000/1.000 kurtosis 1.000/1.000 spec_cnn 1.000/1.000 lrt_noise 1.000/1.000  (20s)
    JSR  +14.0 dB  BER 2.87e-01  PER 1.000  P(det)@0.05 naive/cfar power_one_sided 1.000/1.000 power_two_sided 1.000/1.000 kurtosis 1.000/1.000 spec_cnn 1.000/1.000 lrt_noise 1.000/1.000  (20s)
    JSR  +15.0 dB  BER 3.08e-01  PER 1.000  P(det)@0.05 naive/cfar power_one_sided 1.000/1.000 power_two_sided 1.000/1.000 kurtosis 1.000/1.000 spec_cnn 1.000/1.000 lrt_noise 1.000/1.000  (21s)
wrote ../artifacts/cgan/snr_ablation/noise_unc_regress/snr_30_unc_0.json in 74s
