node: tikgpu06.ee.ethz.ch | gpu: NVIDIA GeForce RTX 3090
task 0 | shadow_0 | SNR 30 dB | device cuda:0
shadowing 0 dB | detectors: power_one_sided, power_two_sided, kurtosis, spec_cnn, lrt_noise  (CNN retrained + calibrated on shadowed frames)
clean: BER 0.000e+00 (closed form 0.000e+00), FAR {"power_one_sided": 0.04345703125, "power_two_sided": 0.04833984375, "kurtosis": 0.048828125, "spec_cnn": 0.04443359375}
  [shadow_0] generator spec_cnn_b1 (scale 1.0000)
  JSR  -50.0 dB  BER 0.00e+00  P(det)@0.05 power_one_sided 0.061 power_two_sided 0.057 kurtosis 0.059 spec_cnn 0.051  (1s)
  JSR  -49.0 dB  BER 0.00e+00  P(det)@0.05 power_one_sided 0.066 power_two_sided 0.072 kurtosis 0.045 spec_cnn 0.045  (1s)
  JSR  -48.0 dB  BER 0.00e+00  P(det)@0.05 power_one_sided 0.047 power_two_sided 0.057 kurtosis 0.049 spec_cnn 0.055  (2s)
  JSR  -47.0 dB  BER 0.00e+00  P(det)@0.05 power_one_sided 0.066 power_two_sided 0.064 kurtosis 0.047 spec_cnn 0.045  (3s)
  JSR  -46.0 dB  BER 0.00e+00  P(det)@0.05 power_one_sided 0.053 power_two_sided 0.074 kurtosis 0.049 spec_cnn 0.049  (4s)
  JSR  -45.0 dB  BER 0.00e+00  P(det)@0.05 power_one_sided 0.084 power_two_sided 0.074 kurtosis 0.053 spec_cnn 0.027  (5s)
  JSR  -44.0 dB  BER 0.00e+00  P(det)@0.05 power_one_sided 0.076 power_two_sided 0.104 kurtosis 0.053 spec_cnn 0.059  (6s)
  JSR  -43.0 dB  BER 0.00e+00  P(det)@0.05 power_one_sided 0.078 power_two_sided 0.076 kurtosis 0.037 spec_cnn 0.041  (7s)
  JSR  -42.0 dB  BER 0.00e+00  P(det)@0.05 power_one_sided 0.098 power_two_sided 0.111 kurtosis 0.049 spec_cnn 0.039  (8s)
  JSR  -41.0 dB  BER 0.00e+00  P(det)@0.05 power_one_sided 0.090 power_two_sided 0.117 kurtosis 0.047 spec_cnn 0.061  (9s)
  JSR  -40.0 dB  BER 0.00e+00  P(det)@0.05 power_one_sided 0.105 power_two_sided 0.162 kurtosis 0.051 spec_cnn 0.051  (10s)
  JSR  -39.0 dB  BER 0.00e+00  P(det)@0.05 power_one_sided 0.135 power_two_sided 0.166 kurtosis 0.051 spec_cnn 0.053  (10s)
  JSR  -38.0 dB  BER 0.00e+00  P(det)@0.05 power_one_sided 0.150 power_two_sided 0.182 kurtosis 0.049 spec_cnn 0.062  (11s)
  JSR  -37.0 dB  BER 0.00e+00  P(det)@0.05 power_one_sided 0.158 power_two_sided 0.221 kurtosis 0.051 spec_cnn 0.051  (12s)
  JSR  -36.0 dB  BER 0.00e+00  P(det)@0.05 power_one_sided 0.184 power_two_sided 0.248 kurtosis 0.053 spec_cnn 0.057  (13s)
  JSR  -35.0 dB  BER 0.00e+00  P(det)@0.05 power_one_sided 0.221 power_two_sided 0.289 kurtosis 0.047 spec_cnn 0.047  (14s)
  JSR  -34.0 dB  BER 0.00e+00  P(det)@0.05 power_one_sided 0.291 power_two_sided 0.354 kurtosis 0.041 spec_cnn 0.066  (15s)
  JSR  -33.0 dB  BER 0.00e+00  P(det)@0.05 power_one_sided 0.312 power_two_sided 0.410 kurtosis 0.047 spec_cnn 0.049  (16s)
  JSR  -32.0 dB  BER 0.00e+00  P(det)@0.05 power_one_sided 0.350 power_two_sided 0.459 kurtosis 0.068 spec_cnn 0.041  (17s)
  JSR  -31.0 dB  BER 0.00e+00  P(det)@0.05 power_one_sided 0.340 power_two_sided 0.492 kurtosis 0.037 spec_cnn 0.049  (18s)
  JSR  -30.0 dB  BER 0.00e+00  P(det)@0.05 power_one_sided 0.420 power_two_sided 0.547 kurtosis 0.066 spec_cnn 0.062  (19s)
  JSR  -29.0 dB  BER 0.00e+00  P(det)@0.05 power_one_sided 0.424 power_two_sided 0.570 kurtosis 0.045 spec_cnn 0.068  (21s)
  JSR  -28.0 dB  BER 0.00e+00  P(det)@0.05 power_one_sided 0.465 power_two_sided 0.658 kurtosis 0.047 spec_cnn 0.082  (22s)
  JSR  -27.0 dB  BER 0.00e+00  P(det)@0.05 power_one_sided 0.492 power_two_sided 0.689 kurtosis 0.061 spec_cnn 0.068  (23s)
  JSR  -26.0 dB  BER 0.00e+00  P(det)@0.05 power_one_sided 0.506 power_two_sided 0.717 kurtosis 0.051 spec_cnn 0.084  (24s)
  JSR  -25.0 dB  BER 0.00e+00  P(det)@0.05 power_one_sided 0.523 power_two_sided 0.742 kurtosis 0.078 spec_cnn 0.078  (25s)
  JSR  -24.0 dB  BER 0.00e+00  P(det)@0.05 power_one_sided 0.551 power_two_sided 0.785 kurtosis 0.090 spec_cnn 0.109  (26s)
  JSR  -23.0 dB  BER 4.65e-04  P(det)@0.05 power_one_sided 0.578 power_two_sided 0.822 kurtosis 0.090 spec_cnn 0.123  (28s)
  JSR  -22.0 dB  BER 8.39e-04  P(det)@0.05 power_one_sided 0.639 power_two_sided 0.844 kurtosis 0.146 spec_cnn 0.148  (29s)
  JSR  -21.0 dB  BER 1.27e-03  P(det)@0.05 power_one_sided 0.648 power_two_sided 0.836 kurtosis 0.158 spec_cnn 0.162  (30s)
  JSR  -20.0 dB  BER 1.62e-03  P(det)@0.05 power_one_sided 0.713 power_two_sided 0.877 kurtosis 0.244 spec_cnn 0.234  (32s)
  JSR  -19.0 dB  BER 2.04e-03  P(det)@0.05 power_one_sided 0.742 power_two_sided 0.883 kurtosis 0.355 spec_cnn 0.264  (33s)
  JSR  -18.0 dB  BER 2.55e-03  P(det)@0.05 power_one_sided 0.779 power_two_sided 0.879 kurtosis 0.438 spec_cnn 0.328  (34s)
  JSR  -17.0 dB  BER 2.75e-03  P(det)@0.05 power_one_sided 0.834 power_two_sided 0.896 kurtosis 0.547 spec_cnn 0.490  (36s)
  JSR  -16.0 dB  BER 3.17e-03  P(det)@0.05 power_one_sided 0.865 power_two_sided 0.918 kurtosis 0.576 spec_cnn 0.586  (37s)
  JSR  -15.0 dB  BER 3.39e-03  P(det)@0.05 power_one_sided 0.928 power_two_sided 0.955 kurtosis 0.688 spec_cnn 0.764  (39s)
  JSR  -14.0 dB  BER 3.86e-03  P(det)@0.05 power_one_sided 0.965 power_two_sided 0.977 kurtosis 0.746 spec_cnn 0.875  (40s)
  JSR  -13.0 dB  BER 4.26e-03  P(det)@0.05 power_one_sided 0.992 power_two_sided 0.996 kurtosis 0.816 spec_cnn 0.961  (42s)
  JSR  -12.0 dB  BER 4.44e-03  P(det)@0.05 power_one_sided 0.998 power_two_sided 0.998 kurtosis 0.908 spec_cnn 0.996  (43s)
  JSR  -11.0 dB  BER 4.58e-03  P(det)@0.05 power_one_sided 1.000 power_two_sided 1.000 kurtosis 0.967 spec_cnn 1.000  (45s)
  JSR  -10.0 dB  BER 4.78e-03  P(det)@0.05 power_one_sided 1.000 power_two_sided 1.000 kurtosis 1.000 spec_cnn 1.000  (47s)
  JSR   -9.0 dB  BER 5.03e-03  P(det)@0.05 power_one_sided 1.000 power_two_sided 1.000 kurtosis 1.000 spec_cnn 1.000  (48s)
  JSR   -8.0 dB  BER 5.87e-03  P(det)@0.05 power_one_sided 1.000 power_two_sided 1.000 kurtosis 1.000 spec_cnn 1.000  (50s)
  JSR   -7.0 dB  BER 6.79e-03  P(det)@0.05 power_one_sided 1.000 power_two_sided 1.000 kurtosis 1.000 spec_cnn 1.000  (52s)
  JSR   -6.0 dB  BER 6.83e-03  P(det)@0.05 power_one_sided 1.000 power_two_sided 1.000 kurtosis 1.000 spec_cnn 1.000  (54s)
  JSR   -5.0 dB  BER 7.94e-03  P(det)@0.05 power_one_sided 1.000 power_two_sided 1.000 kurtosis 1.000 spec_cnn 1.000  (55s)
  JSR   -4.0 dB  BER 8.48e-03  P(det)@0.05 power_one_sided 1.000 power_two_sided 1.000 kurtosis 1.000 spec_cnn 1.000  (57s)
  JSR   -3.0 dB  BER 9.45e-03  P(det)@0.05 power_one_sided 1.000 power_two_sided 1.000 kurtosis 1.000 spec_cnn 1.000  (59s)
  JSR   -2.0 dB  BER 9.72e-03  P(det)@0.05 power_one_sided 1.000 power_two_sided 1.000 kurtosis 1.000 spec_cnn 1.000  (61s)
  JSR   -1.0 dB  BER 1.02e-02  P(det)@0.05 power_one_sided 1.000 power_two_sided 1.000 kurtosis 1.000 spec_cnn 1.000  (62s)
  JSR   +0.0 dB  BER 1.06e-02  P(det)@0.05 power_one_sided 1.000 power_two_sided 1.000 kurtosis 1.000 spec_cnn 1.000  (64s)
  JSR   +1.0 dB  BER 1.17e-02  P(det)@0.05 power_one_sided 1.000 power_two_sided 1.000 kurtosis 1.000 spec_cnn 1.000  (66s)
  JSR   +2.0 dB  BER 1.29e-02  P(det)@0.05 power_one_sided 1.000 power_two_sided 1.000 kurtosis 1.000 spec_cnn 1.000  (68s)
  JSR   +3.0 dB  BER 1.32e-02  P(det)@0.05 power_one_sided 1.000 power_two_sided 1.000 kurtosis 1.000 spec_cnn 1.000  (69s)
  JSR   +4.0 dB  BER 1.35e-02  P(det)@0.05 power_one_sided 1.000 power_two_sided 1.000 kurtosis 1.000 spec_cnn 1.000  (71s)
  JSR   +5.0 dB  BER 1.47e-02  P(det)@0.05 power_one_sided 1.000 power_two_sided 1.000 kurtosis 1.000 spec_cnn 1.000  (73s)
  JSR   +6.0 dB  BER 1.63e-02  P(det)@0.05 power_one_sided 1.000 power_two_sided 1.000 kurtosis 1.000 spec_cnn 1.000  (75s)
  JSR   +7.0 dB  BER 1.66e-02  P(det)@0.05 power_one_sided 1.000 power_two_sided 1.000 kurtosis 1.000 spec_cnn 1.000  (77s)
  JSR   +8.0 dB  BER 1.70e-02  P(det)@0.05 power_one_sided 1.000 power_two_sided 1.000 kurtosis 1.000 spec_cnn 1.000  (78s)
  JSR   +9.0 dB  BER 1.82e-02  P(det)@0.05 power_one_sided 1.000 power_two_sided 1.000 kurtosis 1.000 spec_cnn 1.000  (80s)
  JSR  +10.0 dB  BER 1.81e-02  P(det)@0.05 power_one_sided 1.000 power_two_sided 1.000 kurtosis 1.000 spec_cnn 1.000  (82s)
  JSR  +11.0 dB  BER 1.94e-02  P(det)@0.05 power_one_sided 1.000 power_two_sided 1.000 kurtosis 1.000 spec_cnn 1.000  (84s)
  JSR  +12.0 dB  BER 2.11e-02  P(det)@0.05 power_one_sided 1.000 power_two_sided 1.000 kurtosis 1.000 spec_cnn 1.000  (86s)
  JSR  +13.0 dB  BER 2.25e-02  P(det)@0.05 power_one_sided 1.000 power_two_sided 1.000 kurtosis 1.000 spec_cnn 1.000  (87s)
  JSR  +14.0 dB  BER 2.40e-02  P(det)@0.05 power_one_sided 1.000 power_two_sided 1.000 kurtosis 1.000 spec_cnn 1.000  (89s)
  JSR  +15.0 dB  BER 2.68e-02  P(det)@0.05 power_one_sided 1.000 power_two_sided 1.000 kurtosis 1.000 spec_cnn 1.000  (91s)
  [shadow_0] spec_cnn_b1 confirmed: {"power_one_sided": {"0.01": {"index": 0, "sweep_ber": 0.0, "sweep_pdet": 0.0078125, "confirmed_ber": 0.0, "confirmed_ser": 0.0, "confirmed_pdet": 0.0107421875, "passed": true}, "0.05": {"index": 0, "sweep_ber": 0.0, "sweep_pdet": 0.060546875, "confirmed_ber": 0.0, "confirmed_ser": 0.0, "confirmed_pdet": 0.06298828125, "passed": false}}, "power_two_sided": {"0.01": {"index": 0, "sweep_ber": 0.0, "sweep_pdet": 0.01171875, "confirmed_ber": 0.0, "confirmed_ser": 0.0, "confirmed_pdet": 0.014404296875, "passed": false}, "0.05": {"index": 0, "sweep_ber": 0.0, "sweep_pdet": 0.056640625, "confirmed_ber": 0.0, "confirmed_ser": 0.0, "confirmed_pdet": 0.05419921875, "passed": true}}, "kurtosis": {"0.01": {"index": 1, "sweep_ber": 0.0, "sweep_pdet": 0.009765625, "confirmed_ber": 0.0, "confirmed_ser": 0.0, "confirmed_pdet": 0.012451171875, "passed": true}, "0.05": {"index": 0, "sweep_ber": 0.0, "sweep_pdet": 0.05859375, "confirmed_ber": 0.0, "confirmed_ser": 0.0, "confirmed_pdet": 0.05029296875, "passed": true}}, "spec_cnn": {"0.01": {"index": 0, "sweep_ber": 0.0, "sweep_pdet": 0.0078125, "confirmed_ber": 0.0, "confirmed_ser": 0.0, "confirmed_pdet": 0.0068359375, "passed": true}, "0.05": {"index": 0, "sweep_ber": 0.0, "sweep_pdet": 0.05078125, "confirmed_ber": 0.0, "confirmed_ser": 0.0, "confirmed_pdet": 0.050537109375, "passed": true}}}  (272s)
wrote ../artifacts/cgan/snr_ablation/async_b1_run003_r1/shadow_0.json in 272s
