node: artongpu01.ee.ethz.ch | gpu: NVIDIA GeForce RTX 2080 Ti
task 0 | shadow_0 | SNR 30 dB | device cuda:0
shadowing 0 dB | detectors: power_one_sided, power_two_sided, kurtosis, spec_cnn, lrt_noise  (CNN retrained + calibrated on shadowed frames)
clean: BER 0.000e+00 (closed form 0.000e+00), FAR {"power_one_sided": 0.04296875, "power_two_sided": 0.0458984375, "kurtosis": 0.04931640625, "spec_cnn": 0.048828125}
  [shadow_0] generator spec_cnn_b1 (scale 1.0000)
  JSR  -50.0 dB  BER 0.00e+00  P(det)@0.05 power_one_sided 0.074 power_two_sided 0.066 kurtosis 0.031 spec_cnn 0.059  (0s)
  JSR  -49.0 dB  BER 0.00e+00  P(det)@0.05 power_one_sided 0.062 power_two_sided 0.068 kurtosis 0.033 spec_cnn 0.037  (1s)
  JSR  -48.0 dB  BER 0.00e+00  P(det)@0.05 power_one_sided 0.049 power_two_sided 0.053 kurtosis 0.057 spec_cnn 0.043  (1s)
  JSR  -47.0 dB  BER 0.00e+00  P(det)@0.05 power_one_sided 0.057 power_two_sided 0.062 kurtosis 0.029 spec_cnn 0.045  (1s)
  JSR  -46.0 dB  BER 0.00e+00  P(det)@0.05 power_one_sided 0.061 power_two_sided 0.068 kurtosis 0.076 spec_cnn 0.068  (2s)
  JSR  -45.0 dB  BER 0.00e+00  P(det)@0.05 power_one_sided 0.057 power_two_sided 0.086 kurtosis 0.033 spec_cnn 0.035  (2s)
  JSR  -44.0 dB  BER 0.00e+00  P(det)@0.05 power_one_sided 0.080 power_two_sided 0.078 kurtosis 0.064 spec_cnn 0.057  (2s)
  JSR  -43.0 dB  BER 0.00e+00  P(det)@0.05 power_one_sided 0.076 power_two_sided 0.082 kurtosis 0.053 spec_cnn 0.049  (2s)
  JSR  -42.0 dB  BER 0.00e+00  P(det)@0.05 power_one_sided 0.105 power_two_sided 0.111 kurtosis 0.027 spec_cnn 0.057  (3s)
  JSR  -41.0 dB  BER 0.00e+00  P(det)@0.05 power_one_sided 0.129 power_two_sided 0.125 kurtosis 0.035 spec_cnn 0.053  (3s)
  JSR  -40.0 dB  BER 0.00e+00  P(det)@0.05 power_one_sided 0.109 power_two_sided 0.131 kurtosis 0.055 spec_cnn 0.045  (3s)
  JSR  -39.0 dB  BER 0.00e+00  P(det)@0.05 power_one_sided 0.121 power_two_sided 0.146 kurtosis 0.039 spec_cnn 0.059  (4s)
  JSR  -38.0 dB  BER 0.00e+00  P(det)@0.05 power_one_sided 0.203 power_two_sided 0.221 kurtosis 0.059 spec_cnn 0.041  (4s)
  JSR  -37.0 dB  BER 0.00e+00  P(det)@0.05 power_one_sided 0.207 power_two_sided 0.260 kurtosis 0.039 spec_cnn 0.068  (4s)
  JSR  -36.0 dB  BER 0.00e+00  P(det)@0.05 power_one_sided 0.250 power_two_sided 0.309 kurtosis 0.066 spec_cnn 0.031  (4s)
  JSR  -35.0 dB  BER 0.00e+00  P(det)@0.05 power_one_sided 0.229 power_two_sided 0.289 kurtosis 0.049 spec_cnn 0.051  (5s)
  JSR  -34.0 dB  BER 0.00e+00  P(det)@0.05 power_one_sided 0.336 power_two_sided 0.414 kurtosis 0.047 spec_cnn 0.061  (5s)
  JSR  -33.0 dB  BER 0.00e+00  P(det)@0.05 power_one_sided 0.307 power_two_sided 0.443 kurtosis 0.051 spec_cnn 0.041  (5s)
  JSR  -32.0 dB  BER 0.00e+00  P(det)@0.05 power_one_sided 0.365 power_two_sided 0.537 kurtosis 0.035 spec_cnn 0.045  (6s)
  JSR  -31.0 dB  BER 0.00e+00  P(det)@0.05 power_one_sided 0.398 power_two_sided 0.602 kurtosis 0.057 spec_cnn 0.053  (6s)
  JSR  -30.0 dB  BER 0.00e+00  P(det)@0.05 power_one_sided 0.422 power_two_sided 0.645 kurtosis 0.031 spec_cnn 0.066  (6s)
  JSR  -29.0 dB  BER 0.00e+00  P(det)@0.05 power_one_sided 0.467 power_two_sided 0.664 kurtosis 0.053 spec_cnn 0.061  (7s)
  JSR  -28.0 dB  BER 0.00e+00  P(det)@0.05 power_one_sided 0.455 power_two_sided 0.707 kurtosis 0.059 spec_cnn 0.053  (7s)
  JSR  -27.0 dB  BER 0.00e+00  P(det)@0.05 power_one_sided 0.475 power_two_sided 0.736 kurtosis 0.041 spec_cnn 0.076  (7s)
  JSR  -26.0 dB  BER 0.00e+00  P(det)@0.05 power_one_sided 0.496 power_two_sided 0.791 kurtosis 0.049 spec_cnn 0.059  (7s)
  JSR  -25.0 dB  BER 0.00e+00  P(det)@0.05 power_one_sided 0.535 power_two_sided 0.818 kurtosis 0.072 spec_cnn 0.057  (8s)
  JSR  -24.0 dB  BER 9.16e-05  P(det)@0.05 power_one_sided 0.557 power_two_sided 0.832 kurtosis 0.080 spec_cnn 0.088  (8s)
  JSR  -23.0 dB  BER 1.03e-03  P(det)@0.05 power_one_sided 0.592 power_two_sided 0.840 kurtosis 0.102 spec_cnn 0.094  (8s)
  JSR  -22.0 dB  BER 1.47e-03  P(det)@0.05 power_one_sided 0.648 power_two_sided 0.863 kurtosis 0.152 spec_cnn 0.111  (9s)
  JSR  -21.0 dB  BER 1.96e-03  P(det)@0.05 power_one_sided 0.613 power_two_sided 0.855 kurtosis 0.197 spec_cnn 0.150  (9s)
  JSR  -20.0 dB  BER 2.17e-03  P(det)@0.05 power_one_sided 0.670 power_two_sided 0.900 kurtosis 0.303 spec_cnn 0.184  (9s)
  JSR  -19.0 dB  BER 2.27e-03  P(det)@0.05 power_one_sided 0.707 power_two_sided 0.898 kurtosis 0.383 spec_cnn 0.199  (10s)
  JSR  -18.0 dB  BER 2.99e-03  P(det)@0.05 power_one_sided 0.688 power_two_sided 0.883 kurtosis 0.418 spec_cnn 0.256  (10s)
  JSR  -17.0 dB  BER 2.69e-03  P(det)@0.05 power_one_sided 0.809 power_two_sided 0.877 kurtosis 0.521 spec_cnn 0.375  (10s)
  JSR  -16.0 dB  BER 3.11e-03  P(det)@0.05 power_one_sided 0.785 power_two_sided 0.826 kurtosis 0.551 spec_cnn 0.465  (10s)
  JSR  -15.0 dB  BER 2.84e-03  P(det)@0.05 power_one_sided 0.924 power_two_sided 0.914 kurtosis 0.625 spec_cnn 0.559  (11s)
  JSR  -14.0 dB  BER 3.18e-03  P(det)@0.05 power_one_sided 0.992 power_two_sided 0.990 kurtosis 0.686 spec_cnn 0.734  (11s)
  JSR  -13.0 dB  BER 3.20e-03  P(det)@0.05 power_one_sided 1.000 power_two_sided 1.000 kurtosis 0.775 spec_cnn 0.846  (11s)
  JSR  -12.0 dB  BER 3.19e-03  P(det)@0.05 power_one_sided 1.000 power_two_sided 1.000 kurtosis 0.889 spec_cnn 0.953  (12s)
  JSR  -11.0 dB  BER 3.49e-03  P(det)@0.05 power_one_sided 1.000 power_two_sided 1.000 kurtosis 0.986 spec_cnn 0.992  (12s)
  JSR  -10.0 dB  BER 3.37e-03  P(det)@0.05 power_one_sided 1.000 power_two_sided 1.000 kurtosis 1.000 spec_cnn 1.000  (12s)
  JSR   -9.0 dB  BER 3.35e-03  P(det)@0.05 power_one_sided 1.000 power_two_sided 1.000 kurtosis 1.000 spec_cnn 1.000  (13s)
  JSR   -8.0 dB  BER 3.66e-03  P(det)@0.05 power_one_sided 1.000 power_two_sided 1.000 kurtosis 1.000 spec_cnn 1.000  (13s)
  JSR   -7.0 dB  BER 3.42e-03  P(det)@0.05 power_one_sided 1.000 power_two_sided 1.000 kurtosis 1.000 spec_cnn 1.000  (13s)
  JSR   -6.0 dB  BER 3.80e-03  P(det)@0.05 power_one_sided 1.000 power_two_sided 1.000 kurtosis 1.000 spec_cnn 1.000  (13s)
  JSR   -5.0 dB  BER 3.56e-03  P(det)@0.05 power_one_sided 1.000 power_two_sided 1.000 kurtosis 1.000 spec_cnn 1.000  (14s)
  JSR   -4.0 dB  BER 3.64e-03  P(det)@0.05 power_one_sided 1.000 power_two_sided 1.000 kurtosis 1.000 spec_cnn 1.000  (14s)
  JSR   -3.0 dB  BER 3.85e-03  P(det)@0.05 power_one_sided 1.000 power_two_sided 1.000 kurtosis 1.000 spec_cnn 1.000  (14s)
  JSR   -2.0 dB  BER 3.55e-03  P(det)@0.05 power_one_sided 1.000 power_two_sided 1.000 kurtosis 1.000 spec_cnn 1.000  (15s)
  JSR   -1.0 dB  BER 3.67e-03  P(det)@0.05 power_one_sided 1.000 power_two_sided 1.000 kurtosis 1.000 spec_cnn 1.000  (15s)
  JSR   +0.0 dB  BER 4.13e-03  P(det)@0.05 power_one_sided 1.000 power_two_sided 1.000 kurtosis 1.000 spec_cnn 1.000  (15s)
  JSR   +1.0 dB  BER 3.89e-03  P(det)@0.05 power_one_sided 1.000 power_two_sided 1.000 kurtosis 1.000 spec_cnn 1.000  (16s)
  JSR   +2.0 dB  BER 3.65e-03  P(det)@0.05 power_one_sided 1.000 power_two_sided 1.000 kurtosis 1.000 spec_cnn 1.000  (16s)
  JSR   +3.0 dB  BER 3.75e-03  P(det)@0.05 power_one_sided 1.000 power_two_sided 1.000 kurtosis 1.000 spec_cnn 1.000  (16s)
  JSR   +4.0 dB  BER 3.80e-03  P(det)@0.05 power_one_sided 1.000 power_two_sided 1.000 kurtosis 1.000 spec_cnn 1.000  (16s)
  JSR   +5.0 dB  BER 3.79e-03  P(det)@0.05 power_one_sided 1.000 power_two_sided 1.000 kurtosis 1.000 spec_cnn 1.000  (17s)
  JSR   +6.0 dB  BER 3.93e-03  P(det)@0.05 power_one_sided 1.000 power_two_sided 1.000 kurtosis 1.000 spec_cnn 1.000  (17s)
  JSR   +7.0 dB  BER 4.03e-03  P(det)@0.05 power_one_sided 1.000 power_two_sided 1.000 kurtosis 1.000 spec_cnn 1.000  (17s)
  JSR   +8.0 dB  BER 3.63e-03  P(det)@0.05 power_one_sided 1.000 power_two_sided 1.000 kurtosis 1.000 spec_cnn 1.000  (18s)
  JSR   +9.0 dB  BER 4.05e-03  P(det)@0.05 power_one_sided 1.000 power_two_sided 1.000 kurtosis 1.000 spec_cnn 1.000  (18s)
  JSR  +10.0 dB  BER 3.88e-03  P(det)@0.05 power_one_sided 1.000 power_two_sided 1.000 kurtosis 1.000 spec_cnn 1.000  (18s)
  JSR  +11.0 dB  BER 3.79e-03  P(det)@0.05 power_one_sided 1.000 power_two_sided 1.000 kurtosis 1.000 spec_cnn 1.000  (19s)
  JSR  +12.0 dB  BER 3.82e-03  P(det)@0.05 power_one_sided 1.000 power_two_sided 1.000 kurtosis 1.000 spec_cnn 1.000  (19s)
  JSR  +13.0 dB  BER 3.86e-03  P(det)@0.05 power_one_sided 1.000 power_two_sided 1.000 kurtosis 1.000 spec_cnn 1.000  (19s)
  JSR  +14.0 dB  BER 4.35e-03  P(det)@0.05 power_one_sided 1.000 power_two_sided 1.000 kurtosis 1.000 spec_cnn 1.000  (20s)
  JSR  +15.0 dB  BER 5.55e-03  P(det)@0.05 power_one_sided 1.000 power_two_sided 1.000 kurtosis 1.000 spec_cnn 1.000  (20s)
  [shadow_0] spec_cnn_b1 confirmed: {"power_one_sided": {"0.01": {"index": 1, "sweep_ber": 0.0, "sweep_pdet": 0.01171875, "confirmed_ber": 0.0, "confirmed_ser": 0.0, "confirmed_pdet": 0.011474609375, "passed": true}, "0.05": {"index": 1, "sweep_ber": 0.0, "sweep_pdet": 0.0625, "confirmed_ber": 0.0, "confirmed_ser": 0.0, "confirmed_pdet": 0.0576171875, "passed": false}}, "power_two_sided": {"0.01": {"index": 0, "sweep_ber": 0.0, "sweep_pdet": 0.017578125, "confirmed_ber": 0.0, "confirmed_ser": 0.0, "confirmed_pdet": 0.01318359375, "passed": false}, "0.05": {"index": 0, "sweep_ber": 0.0, "sweep_pdet": 0.06640625, "confirmed_ber": 0.0, "confirmed_ser": 0.0, "confirmed_pdet": 0.05908203125, "passed": false}}, "kurtosis": {"0.01": {"index": 0, "sweep_ber": 0.0, "sweep_pdet": 0.005859375, "confirmed_ber": 0.0, "confirmed_ser": 0.0, "confirmed_pdet": 0.010009765625, "passed": true}, "0.05": {"index": 0, "sweep_ber": 0.0, "sweep_pdet": 0.03125, "confirmed_ber": 0.0, "confirmed_ser": 0.0, "confirmed_pdet": 0.047119140625, "passed": true}}, "spec_cnn": {"0.01": {"index": 27, "sweep_ber": 0.00102996826171875, "sweep_pdet": 0.017578125, "confirmed_ber": 0.0011606216430664062, "confirmed_ser": 0.0023212432861328125, "confirmed_pdet": 0.0283203125, "passed": false}, "0.05": {"index": 0, "sweep_ber": 0.0, "sweep_pdet": 0.05859375, "confirmed_ber": 0.0, "confirmed_ser": 0.0, "confirmed_pdet": 0.04931640625, "passed": true}}}  (46s)
  [shadow_0] generator spec_cnn_b10 (scale 1.0000)
    JSR  -50.0 dB  BER 0.00e+00  P(det)@0.05 power_one_sided 0.057 power_two_sided 0.064 kurtosis 0.037 spec_cnn 0.047  (0s)
    JSR  -49.0 dB  BER 0.00e+00  P(det)@0.05 power_one_sided 0.057 power_two_sided 0.064 kurtosis 0.039 spec_cnn 0.051  (1s)
    JSR  -48.0 dB  BER 0.00e+00  P(det)@0.05 power_one_sided 0.070 power_two_sided 0.074 kurtosis 0.055 spec_cnn 0.070  (1s)
    JSR  -47.0 dB  BER 0.00e+00  P(det)@0.05 power_one_sided 0.057 power_two_sided 0.076 kurtosis 0.047 spec_cnn 0.059  (1s)
    JSR  -46.0 dB  BER 0.00e+00  P(det)@0.05 power_one_sided 0.088 power_two_sided 0.076 kurtosis 0.066 spec_cnn 0.070  (2s)
    JSR  -45.0 dB  BER 0.00e+00  P(det)@0.05 power_one_sided 0.057 power_two_sided 0.064 kurtosis 0.059 spec_cnn 0.055  (2s)
    JSR  -44.0 dB  BER 0.00e+00  P(det)@0.05 power_one_sided 0.072 power_two_sided 0.064 kurtosis 0.035 spec_cnn 0.051  (2s)
    JSR  -43.0 dB  BER 0.00e+00  P(det)@0.05 power_one_sided 0.090 power_two_sided 0.092 kurtosis 0.066 spec_cnn 0.049  (2s)
    JSR  -42.0 dB  BER 0.00e+00  P(det)@0.05 power_one_sided 0.096 power_two_sided 0.094 kurtosis 0.057 spec_cnn 0.059  (3s)
    JSR  -41.0 dB  BER 0.00e+00  P(det)@0.05 power_one_sided 0.113 power_two_sided 0.115 kurtosis 0.041 spec_cnn 0.039  (3s)
    JSR  -40.0 dB  BER 0.00e+00  P(det)@0.05 power_one_sided 0.096 power_two_sided 0.121 kurtosis 0.051 spec_cnn 0.061  (3s)
    JSR  -39.0 dB  BER 0.00e+00  P(det)@0.05 power_one_sided 0.139 power_two_sided 0.160 kurtosis 0.059 spec_cnn 0.031  (4s)
    JSR  -38.0 dB  BER 0.00e+00  P(det)@0.05 power_one_sided 0.156 power_two_sided 0.186 kurtosis 0.039 spec_cnn 0.051  (4s)
    JSR  -37.0 dB  BER 0.00e+00  P(det)@0.05 power_one_sided 0.184 power_two_sided 0.248 kurtosis 0.041 spec_cnn 0.070  (4s)
    JSR  -36.0 dB  BER 0.00e+00  P(det)@0.05 power_one_sided 0.244 power_two_sided 0.258 kurtosis 0.062 spec_cnn 0.043  (5s)
    JSR  -35.0 dB  BER 0.00e+00  P(det)@0.05 power_one_sided 0.234 power_two_sided 0.289 kurtosis 0.064 spec_cnn 0.041  (5s)
    JSR  -34.0 dB  BER 0.00e+00  P(det)@0.05 power_one_sided 0.277 power_two_sided 0.334 kurtosis 0.059 spec_cnn 0.041  (5s)
    JSR  -33.0 dB  BER 0.00e+00  P(det)@0.05 power_one_sided 0.348 power_two_sided 0.428 kurtosis 0.051 spec_cnn 0.064  (6s)
    JSR  -32.0 dB  BER 0.00e+00  P(det)@0.05 power_one_sided 0.381 power_two_sided 0.512 kurtosis 0.061 spec_cnn 0.047  (6s)
    JSR  -31.0 dB  BER 0.00e+00  P(det)@0.05 power_one_sided 0.395 power_two_sided 0.543 kurtosis 0.059 spec_cnn 0.055  (6s)
    JSR  -30.0 dB  BER 0.00e+00  P(det)@0.05 power_one_sided 0.420 power_two_sided 0.617 kurtosis 0.039 spec_cnn 0.080  (7s)
    JSR  -29.0 dB  BER 0.00e+00  P(det)@0.05 power_one_sided 0.414 power_two_sided 0.637 kurtosis 0.041 spec_cnn 0.074  (7s)
    JSR  -28.0 dB  BER 0.00e+00  P(det)@0.05 power_one_sided 0.439 power_two_sided 0.682 kurtosis 0.053 spec_cnn 0.092  (7s)
    JSR  -27.0 dB  BER 0.00e+00  P(det)@0.05 power_one_sided 0.502 power_two_sided 0.744 kurtosis 0.047 spec_cnn 0.078  (8s)
    JSR  -26.0 dB  BER 0.00e+00  P(det)@0.05 power_one_sided 0.514 power_two_sided 0.777 kurtosis 0.055 spec_cnn 0.123  (8s)
    JSR  -25.0 dB  BER 0.00e+00  P(det)@0.05 power_one_sided 0.488 power_two_sided 0.736 kurtosis 0.078 spec_cnn 0.150  (8s)
    JSR  -24.0 dB  BER 0.00e+00  P(det)@0.05 power_one_sided 0.541 power_two_sided 0.748 kurtosis 0.062 spec_cnn 0.166  (8s)
    JSR  -23.0 dB  BER 7.55e-04  P(det)@0.05 power_one_sided 0.562 power_two_sided 0.828 kurtosis 0.066 spec_cnn 0.205  (9s)
    JSR  -22.0 dB  BER 1.33e-03  P(det)@0.05 power_one_sided 0.607 power_two_sided 0.861 kurtosis 0.107 spec_cnn 0.307  (9s)
    JSR  -21.0 dB  BER 1.82e-03  P(det)@0.05 power_one_sided 0.621 power_two_sided 0.844 kurtosis 0.156 spec_cnn 0.402  (9s)
    JSR  -20.0 dB  BER 2.09e-03  P(det)@0.05 power_one_sided 0.662 power_two_sided 0.842 kurtosis 0.232 spec_cnn 0.568  (10s)
    JSR  -19.0 dB  BER 2.20e-03  P(det)@0.05 power_one_sided 0.678 power_two_sided 0.828 kurtosis 0.340 spec_cnn 0.783  (10s)
    JSR  -18.0 dB  BER 2.48e-03  P(det)@0.05 power_one_sided 0.742 power_two_sided 0.857 kurtosis 0.424 spec_cnn 0.898  (10s)
    JSR  -17.0 dB  BER 2.65e-03  P(det)@0.05 power_one_sided 0.807 power_two_sided 0.844 kurtosis 0.463 spec_cnn 0.975  (11s)
    JSR  -16.0 dB  BER 2.81e-03  P(det)@0.05 power_one_sided 0.873 power_two_sided 0.877 kurtosis 0.529 spec_cnn 0.994  (11s)
    JSR  -15.0 dB  BER 3.11e-03  P(det)@0.05 power_one_sided 0.965 power_two_sided 0.959 kurtosis 0.578 spec_cnn 1.000  (11s)
    JSR  -14.0 dB  BER 3.01e-03  P(det)@0.05 power_one_sided 1.000 power_two_sided 1.000 kurtosis 0.680 spec_cnn 1.000  (12s)
    JSR  -13.0 dB  BER 3.21e-03  P(det)@0.05 power_one_sided 1.000 power_two_sided 1.000 kurtosis 0.736 spec_cnn 1.000  (12s)
    JSR  -12.0 dB  BER 3.07e-03  P(det)@0.05 power_one_sided 1.000 power_two_sided 1.000 kurtosis 0.883 spec_cnn 1.000  (12s)
    JSR  -11.0 dB  BER 3.35e-03  P(det)@0.05 power_one_sided 1.000 power_two_sided 1.000 kurtosis 0.965 spec_cnn 1.000  (13s)
    JSR  -10.0 dB  BER 3.34e-03  P(det)@0.05 power_one_sided 1.000 power_two_sided 1.000 kurtosis 1.000 spec_cnn 1.000  (13s)
    JSR   -9.0 dB  BER 3.43e-03  P(det)@0.05 power_one_sided 1.000 power_two_sided 1.000 kurtosis 1.000 spec_cnn 1.000  (13s)
    JSR   -8.0 dB  BER 3.40e-03  P(det)@0.05 power_one_sided 1.000 power_two_sided 1.000 kurtosis 1.000 spec_cnn 1.000  (13s)
    JSR   -7.0 dB  BER 3.56e-03  P(det)@0.05 power_one_sided 1.000 power_two_sided 1.000 kurtosis 1.000 spec_cnn 1.000  (14s)
    JSR   -6.0 dB  BER 3.45e-03  P(det)@0.05 power_one_sided 1.000 power_two_sided 1.000 kurtosis 1.000 spec_cnn 1.000  (14s)
    JSR   -5.0 dB  BER 3.59e-03  P(det)@0.05 power_one_sided 1.000 power_two_sided 1.000 kurtosis 1.000 spec_cnn 1.000  (14s)
    JSR   -4.0 dB  BER 3.30e-03  P(det)@0.05 power_one_sided 1.000 power_two_sided 1.000 kurtosis 1.000 spec_cnn 1.000  (15s)
    JSR   -3.0 dB  BER 3.61e-03  P(det)@0.05 power_one_sided 1.000 power_two_sided 1.000 kurtosis 1.000 spec_cnn 1.000  (15s)
    JSR   -2.0 dB  BER 3.73e-03  P(det)@0.05 power_one_sided 1.000 power_two_sided 1.000 kurtosis 1.000 spec_cnn 1.000  (15s)
    JSR   -1.0 dB  BER 3.77e-03  P(det)@0.05 power_one_sided 1.000 power_two_sided 1.000 kurtosis 1.000 spec_cnn 1.000  (16s)
    JSR   +0.0 dB  BER 3.91e-03  P(det)@0.05 power_one_sided 1.000 power_two_sided 1.000 kurtosis 1.000 spec_cnn 1.000  (16s)
    JSR   +1.0 dB  BER 3.82e-03  P(det)@0.05 power_one_sided 1.000 power_two_sided 1.000 kurtosis 1.000 spec_cnn 1.000  (16s)
    JSR   +2.0 dB  BER 3.84e-03  P(det)@0.05 power_one_sided 1.000 power_two_sided 1.000 kurtosis 1.000 spec_cnn 1.000  (17s)
    JSR   +3.0 dB  BER 3.87e-03  P(det)@0.05 power_one_sided 1.000 power_two_sided 1.000 kurtosis 1.000 spec_cnn 1.000  (17s)
    JSR   +4.0 dB  BER 3.85e-03  P(det)@0.05 power_one_sided 1.000 power_two_sided 1.000 kurtosis 1.000 spec_cnn 1.000  (17s)
    JSR   +5.0 dB  BER 3.83e-03  P(det)@0.05 power_one_sided 1.000 power_two_sided 1.000 kurtosis 1.000 spec_cnn 1.000  (18s)
    JSR   +6.0 dB  BER 3.99e-03  P(det)@0.05 power_one_sided 1.000 power_two_sided 1.000 kurtosis 1.000 spec_cnn 1.000  (18s)
    JSR   +7.0 dB  BER 3.90e-03  P(det)@0.05 power_one_sided 1.000 power_two_sided 1.000 kurtosis 1.000 spec_cnn 1.000  (18s)
    JSR   +8.0 dB  BER 4.47e-03  P(det)@0.05 power_one_sided 1.000 power_two_sided 1.000 kurtosis 1.000 spec_cnn 1.000  (18s)
    JSR   +9.0 dB  BER 4.98e-03  P(det)@0.05 power_one_sided 1.000 power_two_sided 1.000 kurtosis 1.000 spec_cnn 1.000  (19s)
    JSR  +10.0 dB  BER 6.10e-03  P(det)@0.05 power_one_sided 1.000 power_two_sided 1.000 kurtosis 1.000 spec_cnn 1.000  (19s)
    JSR  +11.0 dB  BER 8.83e-03  P(det)@0.05 power_one_sided 1.000 power_two_sided 1.000 kurtosis 1.000 spec_cnn 1.000  (19s)
    JSR  +12.0 dB  BER 1.30e-02  P(det)@0.05 power_one_sided 1.000 power_two_sided 1.000 kurtosis 1.000 spec_cnn 1.000  (20s)
    JSR  +13.0 dB  BER 2.06e-02  P(det)@0.05 power_one_sided 1.000 power_two_sided 1.000 kurtosis 1.000 spec_cnn 1.000  (20s)
    JSR  +14.0 dB  BER 2.95e-02  P(det)@0.05 power_one_sided 1.000 power_two_sided 1.000 kurtosis 1.000 spec_cnn 1.000  (20s)
    JSR  +15.0 dB  BER 4.01e-02  P(det)@0.05 power_one_sided 1.000 power_two_sided 1.000 kurtosis 1.000 spec_cnn 1.000  (21s)
  [shadow_0] spec_cnn_b10 confirmed: {"power_one_sided": {"0.01": {"index": 0, "sweep_ber": 0.0, "sweep_pdet": 0.0078125, "confirmed_ber": 0.0, "confirmed_ser": 0.0, "confirmed_pdet": 0.010009765625, "passed": true}, "0.05": {"index": 0, "sweep_ber": 0.0, "sweep_pdet": 0.056640625, "confirmed_ber": 0.0, "confirmed_ser": 0.0, "confirmed_pdet": 0.05517578125, "passed": true}}, "power_two_sided": {"0.01": {"index": 0, "sweep_ber": 0.0, "sweep_pdet": 0.013671875, "confirmed_ber": 0.0, "confirmed_ser": 0.0, "confirmed_pdet": 0.01220703125, "passed": true}, "0.05": {"index": 0, "sweep_ber": 0.0, "sweep_pdet": 0.064453125, "confirmed_ber": 0.0, "confirmed_ser": 0.0, "confirmed_pdet": 0.05908203125, "passed": false}}, "kurtosis": {"0.01": {"index": 27, "sweep_ber": 0.00075531005859375, "sweep_pdet": 0.0078125, "confirmed_ber": 0.000713348388671875, "confirmed_ser": 0.00142669677734375, "confirmed_pdet": 0.023193359375, "passed": false}, "0.05": {"index": 27, "sweep_ber": 0.00075531005859375, "sweep_pdet": 0.06640625, "confirmed_ber": 0.0007152557373046875, "confirmed_ser": 0.001430511474609375, "confirmed_pdet": 0.08642578125, "passed": false}}, "spec_cnn": {"0.01": {"index": 0, "sweep_ber": 0.0, "sweep_pdet": 0.0078125, "confirmed_ber": 0.0, "confirmed_ser": 0.0, "confirmed_pdet": 0.007568359375, "passed": true}, "0.05": {"index": 0, "sweep_ber": 0.0, "sweep_pdet": 0.046875, "confirmed_ber": 0.0, "confirmed_ser": 0.0, "confirmed_pdet": 0.04541015625, "passed": true}}}  (87s)
wrote ../artifacts/cgan/snr_ablation/sync_run003_r1/shadow_0.json in 87s
