node: tikgpu06.ee.ethz.ch | gpu: NVIDIA GeForce RTX 3090
task 0 | shadow_0 | SNR 30 dB | device cuda:0
shadowing 0 dB | detectors: power_one_sided, power_two_sided, kurtosis, spec_cnn, lrt_noise  (CNN retrained + calibrated on shadowed frames)
clean: BER 0.000e+00 (closed form 0.000e+00), FAR {"power_one_sided": 0.04345703125, "power_two_sided": 0.04833984375, "kurtosis": 0.048828125, "spec_cnn": 0.04443359375}
  [shadow_0] generator spec_cnn_b1 (scale 1.0000)
  JSR  -50.0 dB  BER 0.00e+00  P(det)@0.05 power_one_sided 0.062 power_two_sided 0.059 kurtosis 0.059 spec_cnn 0.049  (0s)
  JSR  -49.0 dB  BER 0.00e+00  P(det)@0.05 power_one_sided 0.061 power_two_sided 0.068 kurtosis 0.043 spec_cnn 0.045  (0s)
  JSR  -48.0 dB  BER 0.00e+00  P(det)@0.05 power_one_sided 0.062 power_two_sided 0.047 kurtosis 0.051 spec_cnn 0.057  (1s)
  JSR  -47.0 dB  BER 0.00e+00  P(det)@0.05 power_one_sided 0.080 power_two_sided 0.082 kurtosis 0.047 spec_cnn 0.045  (1s)
  JSR  -46.0 dB  BER 0.00e+00  P(det)@0.05 power_one_sided 0.049 power_two_sided 0.068 kurtosis 0.047 spec_cnn 0.041  (1s)
  JSR  -45.0 dB  BER 0.00e+00  P(det)@0.05 power_one_sided 0.084 power_two_sided 0.084 kurtosis 0.057 spec_cnn 0.047  (1s)
  JSR  -44.0 dB  BER 0.00e+00  P(det)@0.05 power_one_sided 0.074 power_two_sided 0.080 kurtosis 0.053 spec_cnn 0.066  (1s)
  JSR  -43.0 dB  BER 0.00e+00  P(det)@0.05 power_one_sided 0.109 power_two_sided 0.104 kurtosis 0.039 spec_cnn 0.045  (2s)
  JSR  -42.0 dB  BER 0.00e+00  P(det)@0.05 power_one_sided 0.102 power_two_sided 0.119 kurtosis 0.049 spec_cnn 0.037  (2s)
  JSR  -41.0 dB  BER 0.00e+00  P(det)@0.05 power_one_sided 0.109 power_two_sided 0.150 kurtosis 0.051 spec_cnn 0.057  (2s)
  JSR  -40.0 dB  BER 0.00e+00  P(det)@0.05 power_one_sided 0.111 power_two_sided 0.141 kurtosis 0.051 spec_cnn 0.031  (2s)
  JSR  -39.0 dB  BER 0.00e+00  P(det)@0.05 power_one_sided 0.117 power_two_sided 0.164 kurtosis 0.053 spec_cnn 0.051  (2s)
  JSR  -38.0 dB  BER 0.00e+00  P(det)@0.05 power_one_sided 0.127 power_two_sided 0.160 kurtosis 0.049 spec_cnn 0.045  (3s)
  JSR  -37.0 dB  BER 0.00e+00  P(det)@0.05 power_one_sided 0.162 power_two_sided 0.199 kurtosis 0.047 spec_cnn 0.053  (3s)
  JSR  -36.0 dB  BER 0.00e+00  P(det)@0.05 power_one_sided 0.221 power_two_sided 0.270 kurtosis 0.053 spec_cnn 0.062  (3s)
  JSR  -35.0 dB  BER 0.00e+00  P(det)@0.05 power_one_sided 0.262 power_two_sided 0.326 kurtosis 0.043 spec_cnn 0.055  (3s)
  JSR  -34.0 dB  BER 0.00e+00  P(det)@0.05 power_one_sided 0.254 power_two_sided 0.363 kurtosis 0.045 spec_cnn 0.059  (3s)
  JSR  -33.0 dB  BER 0.00e+00  P(det)@0.05 power_one_sided 0.277 power_two_sided 0.373 kurtosis 0.041 spec_cnn 0.049  (4s)
  JSR  -32.0 dB  BER 0.00e+00  P(det)@0.05 power_one_sided 0.361 power_two_sided 0.428 kurtosis 0.066 spec_cnn 0.037  (4s)
  JSR  -31.0 dB  BER 0.00e+00  P(det)@0.05 power_one_sided 0.324 power_two_sided 0.498 kurtosis 0.039 spec_cnn 0.047  (4s)
  JSR  -30.0 dB  BER 0.00e+00  P(det)@0.05 power_one_sided 0.373 power_two_sided 0.547 kurtosis 0.057 spec_cnn 0.061  (4s)
  JSR  -29.0 dB  BER 0.00e+00  P(det)@0.05 power_one_sided 0.422 power_two_sided 0.615 kurtosis 0.055 spec_cnn 0.029  (4s)
  JSR  -28.0 dB  BER 0.00e+00  P(det)@0.05 power_one_sided 0.457 power_two_sided 0.666 kurtosis 0.055 spec_cnn 0.074  (4s)
  JSR  -27.0 dB  BER 0.00e+00  P(det)@0.05 power_one_sided 0.467 power_two_sided 0.686 kurtosis 0.057 spec_cnn 0.064  (5s)
  JSR  -26.0 dB  BER 0.00e+00  P(det)@0.05 power_one_sided 0.496 power_two_sided 0.727 kurtosis 0.053 spec_cnn 0.082  (5s)
  JSR  -25.0 dB  BER 0.00e+00  P(det)@0.05 power_one_sided 0.547 power_two_sided 0.775 kurtosis 0.078 spec_cnn 0.084  (5s)
  JSR  -24.0 dB  BER 0.00e+00  P(det)@0.05 power_one_sided 0.559 power_two_sided 0.789 kurtosis 0.088 spec_cnn 0.070  (5s)
  JSR  -23.0 dB  BER 3.05e-04  P(det)@0.05 power_one_sided 0.604 power_two_sided 0.795 kurtosis 0.092 spec_cnn 0.115  (5s)
  JSR  -22.0 dB  BER 7.86e-04  P(det)@0.05 power_one_sided 0.631 power_two_sided 0.867 kurtosis 0.145 spec_cnn 0.148  (6s)
  JSR  -21.0 dB  BER 1.20e-03  P(det)@0.05 power_one_sided 0.652 power_two_sided 0.826 kurtosis 0.152 spec_cnn 0.104  (6s)
  JSR  -20.0 dB  BER 1.81e-03  P(det)@0.05 power_one_sided 0.672 power_two_sided 0.863 kurtosis 0.258 spec_cnn 0.193  (6s)
  JSR  -19.0 dB  BER 2.04e-03  P(det)@0.05 power_one_sided 0.738 power_two_sided 0.859 kurtosis 0.330 spec_cnn 0.193  (6s)
  JSR  -18.0 dB  BER 2.65e-03  P(det)@0.05 power_one_sided 0.742 power_two_sided 0.902 kurtosis 0.402 spec_cnn 0.256  (6s)
  JSR  -17.0 dB  BER 2.80e-03  P(det)@0.05 power_one_sided 0.836 power_two_sided 0.889 kurtosis 0.557 spec_cnn 0.332  (7s)
  JSR  -16.0 dB  BER 3.14e-03  P(det)@0.05 power_one_sided 0.863 power_two_sided 0.902 kurtosis 0.582 spec_cnn 0.412  (7s)
  JSR  -15.0 dB  BER 3.56e-03  P(det)@0.05 power_one_sided 0.932 power_two_sided 0.939 kurtosis 0.650 spec_cnn 0.580  (7s)
  JSR  -14.0 dB  BER 3.57e-03  P(det)@0.05 power_one_sided 0.967 power_two_sided 0.977 kurtosis 0.771 spec_cnn 0.754  (7s)
  JSR  -13.0 dB  BER 3.90e-03  P(det)@0.05 power_one_sided 0.988 power_two_sided 0.990 kurtosis 0.828 spec_cnn 0.896  (7s)
  JSR  -12.0 dB  BER 4.43e-03  P(det)@0.05 power_one_sided 0.998 power_two_sided 0.998 kurtosis 0.887 spec_cnn 0.977  (8s)
  JSR  -11.0 dB  BER 4.46e-03  P(det)@0.05 power_one_sided 1.000 power_two_sided 1.000 kurtosis 0.965 spec_cnn 1.000  (8s)
  JSR  -10.0 dB  BER 4.98e-03  P(det)@0.05 power_one_sided 1.000 power_two_sided 1.000 kurtosis 0.996 spec_cnn 1.000  (8s)
  JSR   -9.0 dB  BER 5.20e-03  P(det)@0.05 power_one_sided 1.000 power_two_sided 1.000 kurtosis 1.000 spec_cnn 1.000  (8s)
  JSR   -8.0 dB  BER 6.28e-03  P(det)@0.05 power_one_sided 1.000 power_two_sided 1.000 kurtosis 1.000 spec_cnn 1.000  (8s)
  JSR   -7.0 dB  BER 6.50e-03  P(det)@0.05 power_one_sided 1.000 power_two_sided 1.000 kurtosis 1.000 spec_cnn 1.000  (9s)
  JSR   -6.0 dB  BER 7.39e-03  P(det)@0.05 power_one_sided 1.000 power_two_sided 1.000 kurtosis 1.000 spec_cnn 1.000  (9s)
  JSR   -5.0 dB  BER 8.09e-03  P(det)@0.05 power_one_sided 1.000 power_two_sided 1.000 kurtosis 1.000 spec_cnn 1.000  (9s)
  JSR   -4.0 dB  BER 8.67e-03  P(det)@0.05 power_one_sided 1.000 power_two_sided 1.000 kurtosis 1.000 spec_cnn 1.000  (9s)
  JSR   -3.0 dB  BER 9.06e-03  P(det)@0.05 power_one_sided 1.000 power_two_sided 1.000 kurtosis 1.000 spec_cnn 1.000  (9s)
  JSR   -2.0 dB  BER 9.74e-03  P(det)@0.05 power_one_sided 1.000 power_two_sided 1.000 kurtosis 1.000 spec_cnn 1.000  (10s)
  JSR   -1.0 dB  BER 1.05e-02  P(det)@0.05 power_one_sided 1.000 power_two_sided 1.000 kurtosis 1.000 spec_cnn 1.000  (10s)
  JSR   +0.0 dB  BER 1.08e-02  P(det)@0.05 power_one_sided 1.000 power_two_sided 1.000 kurtosis 1.000 spec_cnn 1.000  (10s)
  JSR   +1.0 dB  BER 1.21e-02  P(det)@0.05 power_one_sided 1.000 power_two_sided 1.000 kurtosis 1.000 spec_cnn 1.000  (10s)
  JSR   +2.0 dB  BER 1.33e-02  P(det)@0.05 power_one_sided 1.000 power_two_sided 1.000 kurtosis 1.000 spec_cnn 1.000  (10s)
  JSR   +3.0 dB  BER 1.44e-02  P(det)@0.05 power_one_sided 1.000 power_two_sided 1.000 kurtosis 1.000 spec_cnn 1.000  (11s)
  JSR   +4.0 dB  BER 1.51e-02  P(det)@0.05 power_one_sided 1.000 power_two_sided 1.000 kurtosis 1.000 spec_cnn 1.000  (11s)
  JSR   +5.0 dB  BER 1.53e-02  P(det)@0.05 power_one_sided 1.000 power_two_sided 1.000 kurtosis 1.000 spec_cnn 1.000  (11s)
  JSR   +6.0 dB  BER 1.63e-02  P(det)@0.05 power_one_sided 1.000 power_two_sided 1.000 kurtosis 1.000 spec_cnn 1.000  (11s)
  JSR   +7.0 dB  BER 1.69e-02  P(det)@0.05 power_one_sided 1.000 power_two_sided 1.000 kurtosis 1.000 spec_cnn 1.000  (11s)
  JSR   +8.0 dB  BER 1.78e-02  P(det)@0.05 power_one_sided 1.000 power_two_sided 1.000 kurtosis 1.000 spec_cnn 1.000  (12s)
  JSR   +9.0 dB  BER 1.80e-02  P(det)@0.05 power_one_sided 1.000 power_two_sided 1.000 kurtosis 1.000 spec_cnn 1.000  (12s)
  JSR  +10.0 dB  BER 1.87e-02  P(det)@0.05 power_one_sided 1.000 power_two_sided 1.000 kurtosis 1.000 spec_cnn 1.000  (12s)
  JSR  +11.0 dB  BER 2.00e-02  P(det)@0.05 power_one_sided 1.000 power_two_sided 1.000 kurtosis 1.000 spec_cnn 1.000  (12s)
  JSR  +12.0 dB  BER 2.06e-02  P(det)@0.05 power_one_sided 1.000 power_two_sided 1.000 kurtosis 1.000 spec_cnn 1.000  (12s)
  JSR  +13.0 dB  BER 2.18e-02  P(det)@0.05 power_one_sided 1.000 power_two_sided 1.000 kurtosis 1.000 spec_cnn 1.000  (13s)
  JSR  +14.0 dB  BER 2.26e-02  P(det)@0.05 power_one_sided 1.000 power_two_sided 1.000 kurtosis 1.000 spec_cnn 1.000  (13s)
  JSR  +15.0 dB  BER 2.43e-02  P(det)@0.05 power_one_sided 1.000 power_two_sided 1.000 kurtosis 1.000 spec_cnn 1.000  (13s)
  [shadow_0] spec_cnn_b1 confirmed: {"power_one_sided": {"0.01": {"index": 0, "sweep_ber": 0.0, "sweep_pdet": 0.00390625, "confirmed_ber": 0.0, "confirmed_ser": 0.0, "confirmed_pdet": 0.01318359375, "passed": false}, "0.05": {"index": 0, "sweep_ber": 0.0, "sweep_pdet": 0.0625, "confirmed_ber": 0.0, "confirmed_ser": 0.0, "confirmed_pdet": 0.064697265625, "passed": false}}, "power_two_sided": {"0.01": {"index": 0, "sweep_ber": 0.0, "sweep_pdet": 0.013671875, "confirmed_ber": 0.0, "confirmed_ser": 0.0, "confirmed_pdet": 0.015869140625, "passed": false}, "0.05": {"index": 0, "sweep_ber": 0.0, "sweep_pdet": 0.05859375, "confirmed_ber": 0.0, "confirmed_ser": 0.0, "confirmed_pdet": 0.056640625, "passed": true}}, "kurtosis": {"0.01": {"index": 1, "sweep_ber": 0.0, "sweep_pdet": 0.009765625, "confirmed_ber": 0.0, "confirmed_ser": 0.0, "confirmed_pdet": 0.012939453125, "passed": true}, "0.05": {"index": 0, "sweep_ber": 0.0, "sweep_pdet": 0.05859375, "confirmed_ber": 0.0, "confirmed_ser": 0.0, "confirmed_pdet": 0.050048828125, "passed": true}}, "spec_cnn": {"0.01": {"index": 0, "sweep_ber": 0.0, "sweep_pdet": 0.0078125, "confirmed_ber": 0.0, "confirmed_ser": 0.0, "confirmed_pdet": 0.007568359375, "passed": true}, "0.05": {"index": 0, "sweep_ber": 0.0, "sweep_pdet": 0.048828125, "confirmed_ber": 0.0, "confirmed_ser": 0.0, "confirmed_pdet": 0.050537109375, "passed": true}}}  (32s)
wrote ../artifacts/cgan/snr_ablation/async_b1_run003_r3/shadow_0.json in 32s
