node: tikgpu04.ee.ethz.ch | gpu: NVIDIA TITAN RTX
task 0 | shadow_0 | SNR 30 dB | device cuda:0
shadowing 0 dB | detectors: power_one_sided, power_two_sided, kurtosis, spec_cnn, lrt_noise  (CNN retrained + calibrated on shadowed frames)
clean: BER 0.000e+00 (closed form 0.000e+00), FAR {"power_one_sided": 0.05859375, "power_two_sided": 0.05712890625, "kurtosis": 0.04833984375, "spec_cnn": 0.03662109375}
  [shadow_0] generator spec_cnn_b10 (scale 1.0000)
    JSR  -50.0 dB  BER 0.00e+00  P(det)@0.05 power_one_sided 0.059 power_two_sided 0.062 kurtosis 0.029 spec_cnn 0.037  (0s)
    JSR  -49.0 dB  BER 0.00e+00  P(det)@0.05 power_one_sided 0.076 power_two_sided 0.064 kurtosis 0.031 spec_cnn 0.057  (1s)
    JSR  -48.0 dB  BER 0.00e+00  P(det)@0.05 power_one_sided 0.045 power_two_sided 0.068 kurtosis 0.053 spec_cnn 0.041  (1s)
    JSR  -47.0 dB  BER 0.00e+00  P(det)@0.05 power_one_sided 0.049 power_two_sided 0.066 kurtosis 0.027 spec_cnn 0.039  (1s)
    JSR  -46.0 dB  BER 0.00e+00  P(det)@0.05 power_one_sided 0.059 power_two_sided 0.064 kurtosis 0.080 spec_cnn 0.068  (1s)
    JSR  -45.0 dB  BER 0.00e+00  P(det)@0.05 power_one_sided 0.074 power_two_sided 0.074 kurtosis 0.033 spec_cnn 0.055  (2s)
    JSR  -44.0 dB  BER 0.00e+00  P(det)@0.05 power_one_sided 0.064 power_two_sided 0.076 kurtosis 0.053 spec_cnn 0.059  (2s)
    JSR  -43.0 dB  BER 0.00e+00  P(det)@0.05 power_one_sided 0.086 power_two_sided 0.078 kurtosis 0.057 spec_cnn 0.061  (2s)
    JSR  -42.0 dB  BER 0.00e+00  P(det)@0.05 power_one_sided 0.105 power_two_sided 0.094 kurtosis 0.025 spec_cnn 0.059  (2s)
    JSR  -41.0 dB  BER 0.00e+00  P(det)@0.05 power_one_sided 0.117 power_two_sided 0.105 kurtosis 0.037 spec_cnn 0.072  (3s)
    JSR  -40.0 dB  BER 0.00e+00  P(det)@0.05 power_one_sided 0.119 power_two_sided 0.125 kurtosis 0.051 spec_cnn 0.057  (3s)
    JSR  -39.0 dB  BER 0.00e+00  P(det)@0.05 power_one_sided 0.125 power_two_sided 0.141 kurtosis 0.043 spec_cnn 0.078  (3s)
    JSR  -38.0 dB  BER 0.00e+00  P(det)@0.05 power_one_sided 0.150 power_two_sided 0.178 kurtosis 0.047 spec_cnn 0.064  (3s)
    JSR  -37.0 dB  BER 0.00e+00  P(det)@0.05 power_one_sided 0.180 power_two_sided 0.201 kurtosis 0.033 spec_cnn 0.072  (4s)
    JSR  -36.0 dB  BER 0.00e+00  P(det)@0.05 power_one_sided 0.240 power_two_sided 0.248 kurtosis 0.062 spec_cnn 0.080  (4s)
    JSR  -35.0 dB  BER 0.00e+00  P(det)@0.05 power_one_sided 0.275 power_two_sided 0.309 kurtosis 0.053 spec_cnn 0.088  (4s)
    JSR  -34.0 dB  BER 0.00e+00  P(det)@0.05 power_one_sided 0.299 power_two_sided 0.324 kurtosis 0.047 spec_cnn 0.082  (5s)
    JSR  -33.0 dB  BER 0.00e+00  P(det)@0.05 power_one_sided 0.354 power_two_sided 0.400 kurtosis 0.047 spec_cnn 0.068  (5s)
    JSR  -32.0 dB  BER 0.00e+00  P(det)@0.05 power_one_sided 0.400 power_two_sided 0.445 kurtosis 0.043 spec_cnn 0.072  (5s)
    JSR  -31.0 dB  BER 0.00e+00  P(det)@0.05 power_one_sided 0.422 power_two_sided 0.494 kurtosis 0.053 spec_cnn 0.066  (5s)
    JSR  -30.0 dB  BER 0.00e+00  P(det)@0.05 power_one_sided 0.484 power_two_sided 0.566 kurtosis 0.025 spec_cnn 0.107  (6s)
    JSR  -29.0 dB  BER 0.00e+00  P(det)@0.05 power_one_sided 0.496 power_two_sided 0.602 kurtosis 0.049 spec_cnn 0.098  (6s)
    JSR  -28.0 dB  BER 0.00e+00  P(det)@0.05 power_one_sided 0.531 power_two_sided 0.633 kurtosis 0.064 spec_cnn 0.105  (6s)
    JSR  -27.0 dB  BER 0.00e+00  P(det)@0.05 power_one_sided 0.627 power_two_sided 0.713 kurtosis 0.041 spec_cnn 0.092  (6s)
    JSR  -26.0 dB  BER 0.00e+00  P(det)@0.05 power_one_sided 0.615 power_two_sided 0.691 kurtosis 0.053 spec_cnn 0.100  (7s)
    JSR  -25.0 dB  BER 0.00e+00  P(det)@0.05 power_one_sided 0.701 power_two_sided 0.748 kurtosis 0.043 spec_cnn 0.098  (7s)
    JSR  -24.0 dB  BER 0.00e+00  P(det)@0.05 power_one_sided 0.756 power_two_sided 0.787 kurtosis 0.055 spec_cnn 0.111  (7s)
    JSR  -23.0 dB  BER 1.22e-04  P(det)@0.05 power_one_sided 0.779 power_two_sided 0.811 kurtosis 0.059 spec_cnn 0.135  (8s)
    JSR  -22.0 dB  BER 5.19e-04  P(det)@0.05 power_one_sided 0.811 power_two_sided 0.834 kurtosis 0.049 spec_cnn 0.176  (8s)
    JSR  -21.0 dB  BER 1.15e-03  P(det)@0.05 power_one_sided 0.887 power_two_sided 0.887 kurtosis 0.090 spec_cnn 0.193  (8s)
    JSR  -20.0 dB  BER 1.49e-03  P(det)@0.05 power_one_sided 0.936 power_two_sided 0.941 kurtosis 0.121 spec_cnn 0.268  (8s)
    JSR  -19.0 dB  BER 1.82e-03  P(det)@0.05 power_one_sided 0.977 power_two_sided 0.971 kurtosis 0.152 spec_cnn 0.318  (9s)
    JSR  -18.0 dB  BER 2.14e-03  P(det)@0.05 power_one_sided 0.998 power_two_sided 0.998 kurtosis 0.232 spec_cnn 0.439  (9s)
    JSR  -17.0 dB  BER 2.69e-03  P(det)@0.05 power_one_sided 1.000 power_two_sided 1.000 kurtosis 0.377 spec_cnn 0.627  (9s)
    JSR  -16.0 dB  BER 3.11e-03  P(det)@0.05 power_one_sided 1.000 power_two_sided 1.000 kurtosis 0.439 spec_cnn 0.799  (9s)
    JSR  -15.0 dB  BER 3.17e-03  P(det)@0.05 power_one_sided 1.000 power_two_sided 1.000 kurtosis 0.578 spec_cnn 0.953  (10s)
    JSR  -14.0 dB  BER 3.44e-03  P(det)@0.05 power_one_sided 1.000 power_two_sided 1.000 kurtosis 0.752 spec_cnn 0.990  (10s)
    JSR  -13.0 dB  BER 3.77e-03  P(det)@0.05 power_one_sided 1.000 power_two_sided 1.000 kurtosis 0.895 spec_cnn 1.000  (10s)
    JSR  -12.0 dB  BER 4.57e-03  P(det)@0.05 power_one_sided 1.000 power_two_sided 1.000 kurtosis 1.000 spec_cnn 1.000  (10s)
    JSR  -11.0 dB  BER 4.63e-03  P(det)@0.05 power_one_sided 1.000 power_two_sided 1.000 kurtosis 1.000 spec_cnn 1.000  (11s)
    JSR  -10.0 dB  BER 5.61e-03  P(det)@0.05 power_one_sided 1.000 power_two_sided 1.000 kurtosis 1.000 spec_cnn 1.000  (11s)
    JSR   -9.0 dB  BER 5.71e-03  P(det)@0.05 power_one_sided 1.000 power_two_sided 1.000 kurtosis 1.000 spec_cnn 1.000  (11s)
    JSR   -8.0 dB  BER 6.42e-03  P(det)@0.05 power_one_sided 1.000 power_two_sided 1.000 kurtosis 1.000 spec_cnn 1.000  (12s)
    JSR   -7.0 dB  BER 6.76e-03  P(det)@0.05 power_one_sided 1.000 power_two_sided 1.000 kurtosis 1.000 spec_cnn 1.000  (12s)
    JSR   -6.0 dB  BER 7.72e-03  P(det)@0.05 power_one_sided 1.000 power_two_sided 1.000 kurtosis 1.000 spec_cnn 1.000  (12s)
    JSR   -5.0 dB  BER 8.41e-03  P(det)@0.05 power_one_sided 1.000 power_two_sided 1.000 kurtosis 1.000 spec_cnn 1.000  (12s)
    JSR   -4.0 dB  BER 9.45e-03  P(det)@0.05 power_one_sided 1.000 power_two_sided 1.000 kurtosis 1.000 spec_cnn 1.000  (13s)
    JSR   -3.0 dB  BER 1.02e-02  P(det)@0.05 power_one_sided 1.000 power_two_sided 1.000 kurtosis 1.000 spec_cnn 1.000  (13s)
    JSR   -2.0 dB  BER 1.16e-02  P(det)@0.05 power_one_sided 1.000 power_two_sided 1.000 kurtosis 1.000 spec_cnn 1.000  (13s)
    JSR   -1.0 dB  BER 1.12e-02  P(det)@0.05 power_one_sided 1.000 power_two_sided 1.000 kurtosis 1.000 spec_cnn 1.000  (13s)
    JSR   +0.0 dB  BER 1.26e-02  P(det)@0.05 power_one_sided 1.000 power_two_sided 1.000 kurtosis 1.000 spec_cnn 1.000  (14s)
    JSR   +1.0 dB  BER 1.27e-02  P(det)@0.05 power_one_sided 1.000 power_two_sided 1.000 kurtosis 1.000 spec_cnn 1.000  (14s)
    JSR   +2.0 dB  BER 1.36e-02  P(det)@0.05 power_one_sided 1.000 power_two_sided 1.000 kurtosis 1.000 spec_cnn 1.000  (14s)
    JSR   +3.0 dB  BER 1.48e-02  P(det)@0.05 power_one_sided 1.000 power_two_sided 1.000 kurtosis 1.000 spec_cnn 1.000  (14s)
    JSR   +4.0 dB  BER 1.54e-02  P(det)@0.05 power_one_sided 1.000 power_two_sided 1.000 kurtosis 1.000 spec_cnn 1.000  (15s)
    JSR   +5.0 dB  BER 1.62e-02  P(det)@0.05 power_one_sided 1.000 power_two_sided 1.000 kurtosis 1.000 spec_cnn 1.000  (15s)
    JSR   +6.0 dB  BER 1.72e-02  P(det)@0.05 power_one_sided 1.000 power_two_sided 1.000 kurtosis 1.000 spec_cnn 1.000  (15s)
    JSR   +7.0 dB  BER 1.82e-02  P(det)@0.05 power_one_sided 1.000 power_two_sided 1.000 kurtosis 1.000 spec_cnn 1.000  (16s)
    JSR   +8.0 dB  BER 1.84e-02  P(det)@0.05 power_one_sided 1.000 power_two_sided 1.000 kurtosis 1.000 spec_cnn 1.000  (16s)
    JSR   +9.0 dB  BER 1.97e-02  P(det)@0.05 power_one_sided 1.000 power_two_sided 1.000 kurtosis 1.000 spec_cnn 1.000  (16s)
    JSR  +10.0 dB  BER 1.98e-02  P(det)@0.05 power_one_sided 1.000 power_two_sided 1.000 kurtosis 1.000 spec_cnn 1.000  (16s)
    JSR  +11.0 dB  BER 2.06e-02  P(det)@0.05 power_one_sided 1.000 power_two_sided 1.000 kurtosis 1.000 spec_cnn 1.000  (17s)
    JSR  +12.0 dB  BER 2.24e-02  P(det)@0.05 power_one_sided 1.000 power_two_sided 1.000 kurtosis 1.000 spec_cnn 1.000  (17s)
    JSR  +13.0 dB  BER 2.30e-02  P(det)@0.05 power_one_sided 1.000 power_two_sided 1.000 kurtosis 1.000 spec_cnn 1.000  (17s)
    JSR  +14.0 dB  BER 2.60e-02  P(det)@0.05 power_one_sided 1.000 power_two_sided 1.000 kurtosis 1.000 spec_cnn 1.000  (17s)
    JSR  +15.0 dB  BER 2.89e-02  P(det)@0.05 power_one_sided 1.000 power_two_sided 1.000 kurtosis 1.000 spec_cnn 1.000  (18s)
  [shadow_0] spec_cnn_b10 confirmed: {"power_one_sided": {"0.01": {"index": 0, "sweep_ber": 0.0, "sweep_pdet": 0.017578125, "confirmed_ber": 0.0, "confirmed_ser": 0.0, "confirmed_pdet": 0.01025390625, "passed": true}, "0.05": {"index": 0, "sweep_ber": 0.0, "sweep_pdet": 0.05859375, "confirmed_ber": 0.0, "confirmed_ser": 0.0, "confirmed_pdet": 0.0498046875, "passed": true}}, "power_two_sided": {"0.01": {"index": 0, "sweep_ber": 0.0, "sweep_pdet": 0.01171875, "confirmed_ber": 0.0, "confirmed_ser": 0.0, "confirmed_pdet": 0.013916015625, "passed": false}, "0.05": {"index": 0, "sweep_ber": 0.0, "sweep_pdet": 0.0625, "confirmed_ber": 0.0, "confirmed_ser": 0.0, "confirmed_pdet": 0.057861328125, "passed": false}}, "kurtosis": {"0.01": {"index": 28, "sweep_ber": 0.000518798828125, "sweep_pdet": 0.01171875, "confirmed_ber": 0.0005817413330078125, "confirmed_ser": 0.001163482666015625, "confirmed_pdet": 0.016357421875, "passed": false}, "0.05": {"index": 28, "sweep_ber": 0.000518798828125, "sweep_pdet": 0.048828125, "confirmed_ber": 0.0005741119384765625, "confirmed_ser": 0.001148223876953125, "confirmed_pdet": 0.066162109375, "passed": false}}, "spec_cnn": {"0.01": {"index": 0, "sweep_ber": 0.0, "sweep_pdet": 0.0078125, "confirmed_ber": 0.0, "confirmed_ser": 0.0, "confirmed_pdet": 0.008056640625, "passed": true}, "0.05": {"index": 0, "sweep_ber": 0.0, "sweep_pdet": 0.037109375, "confirmed_ber": 0.0, "confirmed_ser": 0.0, "confirmed_pdet": 0.052490234375, "passed": true}}}  (42s)
wrote ../artifacts/cgan/snr_ablation/async_run003_r1/shadow_0.json in 42s
