node: tikgpu06.ee.ethz.ch | gpu: NVIDIA GeForce RTX 3090
task 0 | shadow_0 | SNR 30 dB | device cuda:0
shadowing 0 dB | detectors: power_one_sided, power_two_sided, kurtosis, spec_cnn, lrt_noise  (CNN retrained + calibrated on shadowed frames)
clean: BER 0.000e+00 (closed form 0.000e+00), FAR {"power_one_sided": 0.04345703125, "power_two_sided": 0.04833984375, "kurtosis": 0.048828125, "spec_cnn": 0.04443359375}
  [shadow_0] generator spec_cnn_b10 (scale 1.0000)
    JSR  -50.0 dB  BER 0.00e+00  P(det)@0.05 power_one_sided 0.070 power_two_sided 0.066 kurtosis 0.061 spec_cnn 0.051  (1s)
    JSR  -49.0 dB  BER 0.00e+00  P(det)@0.05 power_one_sided 0.057 power_two_sided 0.055 kurtosis 0.043 spec_cnn 0.049  (1s)
    JSR  -48.0 dB  BER 0.00e+00  P(det)@0.05 power_one_sided 0.053 power_two_sided 0.061 kurtosis 0.049 spec_cnn 0.061  (1s)
    JSR  -47.0 dB  BER 0.00e+00  P(det)@0.05 power_one_sided 0.066 power_two_sided 0.074 kurtosis 0.047 spec_cnn 0.051  (2s)
    JSR  -46.0 dB  BER 0.00e+00  P(det)@0.05 power_one_sided 0.047 power_two_sided 0.059 kurtosis 0.049 spec_cnn 0.047  (2s)
    JSR  -45.0 dB  BER 0.00e+00  P(det)@0.05 power_one_sided 0.078 power_two_sided 0.078 kurtosis 0.055 spec_cnn 0.031  (2s)
    JSR  -44.0 dB  BER 0.00e+00  P(det)@0.05 power_one_sided 0.078 power_two_sided 0.084 kurtosis 0.055 spec_cnn 0.053  (2s)
    JSR  -43.0 dB  BER 0.00e+00  P(det)@0.05 power_one_sided 0.113 power_two_sided 0.080 kurtosis 0.037 spec_cnn 0.049  (2s)
    JSR  -42.0 dB  BER 0.00e+00  P(det)@0.05 power_one_sided 0.078 power_two_sided 0.096 kurtosis 0.051 spec_cnn 0.037  (3s)
    JSR  -41.0 dB  BER 0.00e+00  P(det)@0.05 power_one_sided 0.105 power_two_sided 0.135 kurtosis 0.047 spec_cnn 0.057  (3s)
    JSR  -40.0 dB  BER 0.00e+00  P(det)@0.05 power_one_sided 0.115 power_two_sided 0.127 kurtosis 0.051 spec_cnn 0.061  (3s)
    JSR  -39.0 dB  BER 0.00e+00  P(det)@0.05 power_one_sided 0.156 power_two_sided 0.168 kurtosis 0.053 spec_cnn 0.061  (3s)
    JSR  -38.0 dB  BER 0.00e+00  P(det)@0.05 power_one_sided 0.145 power_two_sided 0.158 kurtosis 0.051 spec_cnn 0.070  (3s)
    JSR  -37.0 dB  BER 0.00e+00  P(det)@0.05 power_one_sided 0.178 power_two_sided 0.211 kurtosis 0.049 spec_cnn 0.061  (4s)
    JSR  -36.0 dB  BER 0.00e+00  P(det)@0.05 power_one_sided 0.207 power_two_sided 0.277 kurtosis 0.055 spec_cnn 0.059  (4s)
    JSR  -35.0 dB  BER 0.00e+00  P(det)@0.05 power_one_sided 0.244 power_two_sided 0.320 kurtosis 0.049 spec_cnn 0.055  (4s)
    JSR  -34.0 dB  BER 0.00e+00  P(det)@0.05 power_one_sided 0.256 power_two_sided 0.324 kurtosis 0.041 spec_cnn 0.074  (4s)
    JSR  -33.0 dB  BER 0.00e+00  P(det)@0.05 power_one_sided 0.287 power_two_sided 0.402 kurtosis 0.041 spec_cnn 0.051  (5s)
    JSR  -32.0 dB  BER 0.00e+00  P(det)@0.05 power_one_sided 0.340 power_two_sided 0.432 kurtosis 0.064 spec_cnn 0.047  (5s)
    JSR  -31.0 dB  BER 0.00e+00  P(det)@0.05 power_one_sided 0.367 power_two_sided 0.506 kurtosis 0.037 spec_cnn 0.059  (5s)
    JSR  -30.0 dB  BER 0.00e+00  P(det)@0.05 power_one_sided 0.396 power_two_sided 0.564 kurtosis 0.057 spec_cnn 0.076  (5s)
    JSR  -29.0 dB  BER 0.00e+00  P(det)@0.05 power_one_sided 0.428 power_two_sided 0.602 kurtosis 0.051 spec_cnn 0.043  (5s)
    JSR  -28.0 dB  BER 0.00e+00  P(det)@0.05 power_one_sided 0.434 power_two_sided 0.588 kurtosis 0.049 spec_cnn 0.092  (6s)
    JSR  -27.0 dB  BER 0.00e+00  P(det)@0.05 power_one_sided 0.463 power_two_sided 0.676 kurtosis 0.055 spec_cnn 0.062  (6s)
    JSR  -26.0 dB  BER 0.00e+00  P(det)@0.05 power_one_sided 0.533 power_two_sided 0.713 kurtosis 0.055 spec_cnn 0.102  (6s)
    JSR  -25.0 dB  BER 0.00e+00  P(det)@0.05 power_one_sided 0.531 power_two_sided 0.754 kurtosis 0.064 spec_cnn 0.086  (6s)
    JSR  -24.0 dB  BER 0.00e+00  P(det)@0.05 power_one_sided 0.607 power_two_sided 0.795 kurtosis 0.076 spec_cnn 0.121  (7s)
    JSR  -23.0 dB  BER 2.82e-04  P(det)@0.05 power_one_sided 0.570 power_two_sided 0.787 kurtosis 0.100 spec_cnn 0.150  (7s)
    JSR  -22.0 dB  BER 8.39e-04  P(det)@0.05 power_one_sided 0.611 power_two_sided 0.814 kurtosis 0.135 spec_cnn 0.244  (7s)
    JSR  -21.0 dB  BER 1.14e-03  P(det)@0.05 power_one_sided 0.666 power_two_sided 0.828 kurtosis 0.119 spec_cnn 0.248  (7s)
    JSR  -20.0 dB  BER 1.69e-03  P(det)@0.05 power_one_sided 0.670 power_two_sided 0.812 kurtosis 0.232 spec_cnn 0.361  (8s)
    JSR  -19.0 dB  BER 2.01e-03  P(det)@0.05 power_one_sided 0.707 power_two_sided 0.869 kurtosis 0.328 spec_cnn 0.486  (8s)
    JSR  -18.0 dB  BER 2.31e-03  P(det)@0.05 power_one_sided 0.793 power_two_sided 0.875 kurtosis 0.436 spec_cnn 0.639  (8s)
    JSR  -17.0 dB  BER 2.72e-03  P(det)@0.05 power_one_sided 0.846 power_two_sided 0.914 kurtosis 0.570 spec_cnn 0.816  (8s)
    JSR  -16.0 dB  BER 3.18e-03  P(det)@0.05 power_one_sided 0.863 power_two_sided 0.895 kurtosis 0.604 spec_cnn 0.947  (9s)
    JSR  -15.0 dB  BER 3.37e-03  P(det)@0.05 power_one_sided 0.951 power_two_sided 0.961 kurtosis 0.701 spec_cnn 0.988  (9s)
    JSR  -14.0 dB  BER 3.78e-03  P(det)@0.05 power_one_sided 0.973 power_two_sided 0.979 kurtosis 0.762 spec_cnn 1.000  (9s)
    JSR  -13.0 dB  BER 4.20e-03  P(det)@0.05 power_one_sided 0.986 power_two_sided 0.994 kurtosis 0.797 spec_cnn 1.000  (10s)
    JSR  -12.0 dB  BER 4.44e-03  P(det)@0.05 power_one_sided 0.998 power_two_sided 0.998 kurtosis 0.879 spec_cnn 1.000  (10s)
    JSR  -11.0 dB  BER 4.48e-03  P(det)@0.05 power_one_sided 1.000 power_two_sided 1.000 kurtosis 0.951 spec_cnn 1.000  (10s)
    JSR  -10.0 dB  BER 4.97e-03  P(det)@0.05 power_one_sided 1.000 power_two_sided 1.000 kurtosis 0.998 spec_cnn 1.000  (10s)
    JSR   -9.0 dB  BER 5.03e-03  P(det)@0.05 power_one_sided 1.000 power_two_sided 1.000 kurtosis 1.000 spec_cnn 1.000  (11s)
    JSR   -8.0 dB  BER 6.09e-03  P(det)@0.05 power_one_sided 1.000 power_two_sided 1.000 kurtosis 1.000 spec_cnn 1.000  (11s)
    JSR   -7.0 dB  BER 7.03e-03  P(det)@0.05 power_one_sided 1.000 power_two_sided 1.000 kurtosis 1.000 spec_cnn 1.000  (11s)
    JSR   -6.0 dB  BER 6.98e-03  P(det)@0.05 power_one_sided 1.000 power_two_sided 1.000 kurtosis 1.000 spec_cnn 1.000  (11s)
    JSR   -5.0 dB  BER 7.76e-03  P(det)@0.05 power_one_sided 1.000 power_two_sided 1.000 kurtosis 1.000 spec_cnn 1.000  (12s)
    JSR   -4.0 dB  BER 8.42e-03  P(det)@0.05 power_one_sided 1.000 power_two_sided 1.000 kurtosis 1.000 spec_cnn 1.000  (12s)
    JSR   -3.0 dB  BER 9.25e-03  P(det)@0.05 power_one_sided 1.000 power_two_sided 1.000 kurtosis 1.000 spec_cnn 1.000  (12s)
    JSR   -2.0 dB  BER 9.23e-03  P(det)@0.05 power_one_sided 1.000 power_two_sided 1.000 kurtosis 1.000 spec_cnn 1.000  (13s)
    JSR   -1.0 dB  BER 9.86e-03  P(det)@0.05 power_one_sided 1.000 power_two_sided 1.000 kurtosis 1.000 spec_cnn 1.000  (13s)
    JSR   +0.0 dB  BER 1.09e-02  P(det)@0.05 power_one_sided 1.000 power_two_sided 1.000 kurtosis 1.000 spec_cnn 1.000  (13s)
    JSR   +1.0 dB  BER 1.22e-02  P(det)@0.05 power_one_sided 1.000 power_two_sided 1.000 kurtosis 1.000 spec_cnn 1.000  (14s)
    JSR   +2.0 dB  BER 1.20e-02  P(det)@0.05 power_one_sided 1.000 power_two_sided 1.000 kurtosis 1.000 spec_cnn 1.000  (14s)
    JSR   +3.0 dB  BER 1.34e-02  P(det)@0.05 power_one_sided 1.000 power_two_sided 1.000 kurtosis 1.000 spec_cnn 1.000  (14s)
    JSR   +4.0 dB  BER 1.38e-02  P(det)@0.05 power_one_sided 1.000 power_two_sided 1.000 kurtosis 1.000 spec_cnn 1.000  (14s)
    JSR   +5.0 dB  BER 1.52e-02  P(det)@0.05 power_one_sided 1.000 power_two_sided 1.000 kurtosis 1.000 spec_cnn 1.000  (15s)
    JSR   +6.0 dB  BER 1.61e-02  P(det)@0.05 power_one_sided 1.000 power_two_sided 1.000 kurtosis 1.000 spec_cnn 1.000  (15s)
    JSR   +7.0 dB  BER 1.61e-02  P(det)@0.05 power_one_sided 1.000 power_two_sided 1.000 kurtosis 1.000 spec_cnn 1.000  (15s)
    JSR   +8.0 dB  BER 1.71e-02  P(det)@0.05 power_one_sided 1.000 power_two_sided 1.000 kurtosis 1.000 spec_cnn 1.000  (16s)
    JSR   +9.0 dB  BER 1.86e-02  P(det)@0.05 power_one_sided 1.000 power_two_sided 1.000 kurtosis 1.000 spec_cnn 1.000  (16s)
    JSR  +10.0 dB  BER 1.94e-02  P(det)@0.05 power_one_sided 1.000 power_two_sided 1.000 kurtosis 1.000 spec_cnn 1.000  (16s)
    JSR  +11.0 dB  BER 2.14e-02  P(det)@0.05 power_one_sided 1.000 power_two_sided 1.000 kurtosis 1.000 spec_cnn 1.000  (17s)
    JSR  +12.0 dB  BER 2.35e-02  P(det)@0.05 power_one_sided 1.000 power_two_sided 1.000 kurtosis 1.000 spec_cnn 1.000  (17s)
    JSR  +13.0 dB  BER 2.68e-02  P(det)@0.05 power_one_sided 1.000 power_two_sided 1.000 kurtosis 1.000 spec_cnn 1.000  (17s)
    JSR  +14.0 dB  BER 3.08e-02  P(det)@0.05 power_one_sided 1.000 power_two_sided 1.000 kurtosis 1.000 spec_cnn 1.000  (18s)
    JSR  +15.0 dB  BER 3.55e-02  P(det)@0.05 power_one_sided 1.000 power_two_sided 1.000 kurtosis 1.000 spec_cnn 1.000  (18s)
  [shadow_0] spec_cnn_b10 confirmed: {"power_one_sided": {"0.01": {"index": 0, "sweep_ber": 0.0, "sweep_pdet": 0.005859375, "confirmed_ber": 0.0, "confirmed_ser": 0.0, "confirmed_pdet": 0.01123046875, "passed": true}, "0.05": {"index": 1, "sweep_ber": 0.0, "sweep_pdet": 0.056640625, "confirmed_ber": 0.0, "confirmed_ser": 0.0, "confirmed_pdet": 0.065185546875, "passed": false}}, "power_two_sided": {"0.01": {"index": 0, "sweep_ber": 0.0, "sweep_pdet": 0.01171875, "confirmed_ber": 0.0, "confirmed_ser": 0.0, "confirmed_pdet": 0.012451171875, "passed": true}, "0.05": {"index": 0, "sweep_ber": 0.0, "sweep_pdet": 0.06640625, "confirmed_ber": 0.0, "confirmed_ser": 0.0, "confirmed_pdet": 0.055419921875, "passed": true}}, "kurtosis": {"0.01": {"index": 1, "sweep_ber": 0.0, "sweep_pdet": 0.009765625, "confirmed_ber": 0.0, "confirmed_ser": 0.0, "confirmed_pdet": 0.012939453125, "passed": true}, "0.05": {"index": 0, "sweep_ber": 0.0, "sweep_pdet": 0.060546875, "confirmed_ber": 0.0, "confirmed_ser": 0.0, "confirmed_pdet": 0.04931640625, "passed": true}}, "spec_cnn": {"0.01": {"index": 0, "sweep_ber": 0.0, "sweep_pdet": 0.0078125, "confirmed_ber": 0.0, "confirmed_ser": 0.0, "confirmed_pdet": 0.005615234375, "passed": true}, "0.05": {"index": 0, "sweep_ber": 0.0, "sweep_pdet": 0.05078125, "confirmed_ber": 0.0, "confirmed_ser": 0.0, "confirmed_pdet": 0.0537109375, "passed": true}}}  (61s)
wrote ../artifacts/cgan/snr_ablation/async_run003_r3/shadow_0.json in 61s
