levels: 0 dB, 5 dB, 10 dB, 15 dB, 20 dB, 25 dB, 30 dB, 35 dB, 40 dB, noiseless
jammers drawn: noise, pulsed_p1, pulsed_p0.1, plain_run001, eff, kurtosis_b1, spec_cnn_b10
wrote ../artifacts/cgan/snr_ablation/run002/fig_gap_vs_snr.png
wrote ../artifacts/cgan/snr_ablation/run002/fig_matched_ber_vs_snr.png
wrote ../artifacts/cgan/snr_ablation/run002/fig_far_vs_snr.png
wrote ../artifacts/cgan/snr_ablation/run002/fig_frontier_by_snr.png
wrote ../artifacts/cgan/snr_ablation/run002/fig_headline_gain_vs_snr.png
wrote ../artifacts/cgan/snr_ablation/run002/fig_headline_vs_control.png
wrote ../artifacts/cgan/snr_ablation/run002/fig_mechanism.png
wrote ../artifacts/cgan/snr_ablation/run002/fig_regression_30db.png
  (no examples.npz -- run `sbatch submit_snr_examples.sh`; fig_spectrograms skipped)

edges in received JSR [dB], barrage noise, alpha = 0.05, onset at excess BER 0.0001
       SNR    cleanBER  FAR_cnn edge_pow1s edge_pow2s edge_kurt  edge_cnn    onset     −SNR  gap_cnn  gapNP_cnn
      0 dB   2.321e-03   0.0518     -19.0     -19.0      -7.0     -15.0    -46.0     -0.0    -31.0      +15.0
      5 dB   0.000e+00   0.0562     -25.0     -20.0     -18.0     -19.0     -5.7     -5.0    +13.3      +14.0
     10 dB   0.000e+00   0.0474     -27.0     -26.0     -21.0     -23.0     -3.1    -10.0    +19.9      +13.0
     15 dB   0.000e+00   0.0508     -30.0     -25.0     -20.0     -27.0     -2.4    -15.0    +24.6      +12.0
     20 dB   0.000e+00   0.0522     -31.0     -29.0     -20.0     -34.0     -2.4    -20.0    +31.6      +14.0
     25 dB   0.000e+00   0.0488     -34.0     -33.0     -20.0     -34.0     -2.3    -25.0    +31.7       +9.0
     30 dB   0.000e+00   0.0518     -41.0     -38.0     -21.0     -42.0     -2.2    -30.0    +39.8      +12.0
     35 dB   0.000e+00   0.0449     -43.0     -42.0     -23.0     -43.0     -2.2    -35.0    +40.8       +8.0
     40 dB   0.000e+00   0.0498     -46.0     -48.0     -21.0     -45.0     -2.3    -40.0    +42.7       +5.0
 noiseless   0.000e+00   0.0498        --        --     -19.0     +15.0     -2.3       --    -17.3         --

matched excess BER 0.0003 — P(det) [JSR dB]
  power (1-sided)
    Amuru pulsed (p=0.1)         0 dB: 0.063 [-23.9]  5 dB: 0.212 [-17.3]  10 dB: 0.643 [-15.3]  15 dB: 0.841 [-14.9]  20 dB: 0.896 [-15.1]  25 dB: 0.924 [-14.7]  30 dB: 0.952 [-14.4]  35 dB: 0.950 [-14.5]  40 dB: 0.951 [-14.5]  noiseless: 0.939 [-14.9]
    plain GAN — D1               0 dB: 0.085 [-25.1]  5 dB: 0.862 [-11.4]  10 dB: 0.997 [-8.8]  15 dB: 1.000 [-8.3]  20 dB: 1.000 [-8.3]  25 dB: 1.000 [-8.2]  30 dB: 1.000 [-8.3]  35 dB: 1.000 [-7.9]  40 dB: 1.000 [-8.2]  noiseless: 1.000 [-8.3]
    GAN eff, β=0 — D2            0 dB: 0.051 [-30.0]  5 dB: 0.100 [-23.3]  10 dB: 0.249 [-22.4]  15 dB: 0.448 [-22.2]  20 dB: 0.640 [-22.2]  25 dB: 0.747 [-22.3]  30 dB: 0.814 [-22.1]  35 dB: 0.816 [-22.2]  40 dB: 0.843 [-22.2]  noiseless: 0.884 [-22.2]
    GAN vs kurtosis, β=1 — D2    0 dB: 0.072 [-25.1]  5 dB: 0.114 [-23.1]  10 dB: 0.231 [-22.1]  15 dB: 0.466 [-22.1]  20 dB: 0.640 [-21.9]  25 dB: 0.748 [-22.1]  30 dB: 0.782 [-22.2]  35 dB: 0.833 [-21.9]  40 dB: 0.853 [-21.7]  noiseless: 0.887 [-21.9]
    GAN vs CNN, β=10 — D2        0 dB: 0.041 [-29.0]  5 dB: 0.091 [-23.3]  10 dB: 0.165 [-22.3]  15 dB: 0.261 [-22.3]  20 dB: 0.530 [-22.1]  25 dB: 0.590 [-22.2]  30 dB: 0.650 [-22.3]  35 dB: 0.688 [-22.1]  40 dB: 0.690 [-22.2]  noiseless: 0.728 [-22.1]
  power (2-sided)
    Amuru pulsed (p=0.1)         0 dB: 0.049 [-23.9]  5 dB: 0.166 [-17.3]  10 dB: 0.584 [-15.3]  15 dB: 0.825 [-14.9]  20 dB: 0.900 [-15.1]  25 dB: 0.956 [-14.7]  30 dB: 0.978 [-14.4]  35 dB: 0.986 [-14.5]  40 dB: 0.991 [-14.5]  noiseless: 1.000 [-14.9]
    plain GAN — D1               0 dB: 0.071 [-25.1]  5 dB: 0.808 [-11.4]  10 dB: 0.995 [-8.8]  15 dB: 1.000 [-8.3]  20 dB: 1.000 [-8.3]  25 dB: 1.000 [-8.2]  30 dB: 1.000 [-8.3]  35 dB: 1.000 [-7.9]  40 dB: 1.000 [-8.2]  noiseless: 1.000 [-8.3]
    GAN eff, β=0 — D2            0 dB: 0.039 [-30.0]  5 dB: 0.076 [-23.3]  10 dB: 0.191 [-22.4]  15 dB: 0.394 [-22.2]  20 dB: 0.619 [-22.2]  25 dB: 0.756 [-22.3]  30 dB: 0.864 [-22.1]  35 dB: 0.918 [-22.2]  40 dB: 0.941 [-22.2]  noiseless: 0.995 [-22.2]
    GAN vs kurtosis, β=1 — D2    0 dB: 0.047 [-25.1]  5 dB: 0.077 [-23.1]  10 dB: 0.166 [-22.1]  15 dB: 0.399 [-22.1]  20 dB: 0.615 [-21.9]  25 dB: 0.757 [-22.1]  30 dB: 0.846 [-22.2]  35 dB: 0.919 [-21.9]  40 dB: 0.961 [-21.7]  noiseless: 0.991 [-21.9]
    GAN vs CNN, β=10 — D2        0 dB: 0.047 [-29.0]  5 dB: 0.053 [-23.3]  10 dB: 0.140 [-22.3]  15 dB: 0.243 [-22.3]  20 dB: 0.524 [-22.1]  25 dB: 0.670 [-22.2]  30 dB: 0.817 [-22.3]  35 dB: 0.879 [-22.1]  40 dB: 0.926 [-22.2]  noiseless: 0.991 [-22.1]
  kurtosis
    Amuru pulsed (p=0.1)         0 dB: 0.057 [-23.9]  5 dB: 0.084 [-17.3]  10 dB: 0.395 [-15.3]  15 dB: 0.546 [-14.9]  20 dB: 0.576 [-15.1]  25 dB: 0.641 [-14.7]  30 dB: 0.653 [-14.4]  35 dB: 0.646 [-14.5]  40 dB: 0.660 [-14.5]  noiseless: 0.615 [-14.9]
    plain GAN — D1               0 dB: 0.041 [-25.1]  5 dB: 0.195 [-11.4]  10 dB: 0.837 [-8.8]  15 dB: 0.970 [-8.3]  20 dB: 0.990 [-8.3]  25 dB: 0.990 [-8.2]  30 dB: 0.988 [-8.3]  35 dB: 0.995 [-7.9]  40 dB: 0.983 [-8.2]  noiseless: 0.986 [-8.3]
    GAN eff, β=0 — D2            0 dB: 0.041 [-30.0]  5 dB: 0.060 [-23.3]  10 dB: 0.068 [-22.4]  15 dB: 0.073 [-22.2]  20 dB: 0.081 [-22.2]  25 dB: 0.068 [-22.3]  30 dB: 0.063 [-22.1]  35 dB: 0.065 [-22.2]  40 dB: 0.086 [-22.2]  noiseless: 0.067 [-22.2]
    GAN vs kurtosis, β=1 — D2    0 dB: 0.038 [-25.1]  5 dB: 0.045 [-23.1]  10 dB: 0.071 [-22.1]  15 dB: 0.071 [-22.1]  20 dB: 0.068 [-21.9]  25 dB: 0.076 [-22.1]  30 dB: 0.069 [-22.2]  35 dB: 0.086 [-21.9]  40 dB: 0.094 [-21.7]  noiseless: 0.086 [-21.9]
    GAN vs CNN, β=10 — D2        0 dB: 0.053 [-29.0]  5 dB: 0.064 [-23.3]  10 dB: 0.089 [-22.3]  15 dB: 0.080 [-22.3]  20 dB: 0.106 [-22.1]  25 dB: 0.115 [-22.2]  30 dB: 0.094 [-22.3]  35 dB: 0.115 [-22.1]  40 dB: 0.099 [-22.2]  noiseless: 0.097 [-22.1]
  spectrogram CNN
    Amuru pulsed (p=0.1)         0 dB: 0.041 [-23.9]  5 dB: 0.075 [-17.3]  10 dB: 0.095 [-15.3]  15 dB: 0.180 [-14.9]  20 dB: 0.247 [-15.1]  25 dB: 0.339 [-14.7]  30 dB: 0.454 [-14.4]  35 dB: 0.496 [-14.5]  40 dB: 0.435 [-14.5]  noiseless: 0.106 [-14.9]
    plain GAN — D1               0 dB: 0.043 [-25.1]  5 dB: 0.165 [-11.4]  10 dB: 0.672 [-8.8]  15 dB: 0.939 [-8.3]  20 dB: 1.000 [-8.3]  25 dB: 1.000 [-8.2]  30 dB: 1.000 [-8.3]  35 dB: 1.000 [-7.9]  40 dB: 1.000 [-8.2]  noiseless: 1.000 [-8.3]
    GAN eff, β=0 — D2            0 dB: 0.043 [-30.0]  5 dB: 0.061 [-23.3]  10 dB: 0.055 [-22.4]  15 dB: 0.086 [-22.2]  20 dB: 0.135 [-22.2]  25 dB: 0.271 [-22.3]  30 dB: 0.591 [-22.1]  35 dB: 0.837 [-22.2]  40 dB: 0.959 [-22.2]  noiseless: 1.000 [-22.2]
    GAN vs kurtosis, β=1 — D2    0 dB: 0.035 [-25.1]  5 dB: 0.055 [-23.1]  10 dB: 0.064 [-22.1]  15 dB: 0.094 [-22.1]  20 dB: 0.161 [-21.9]  25 dB: 0.392 [-22.1]  30 dB: 0.672 [-22.2]  35 dB: 0.889 [-21.9]  40 dB: 0.965 [-21.7]  noiseless: 1.000 [-21.9]
    GAN vs CNN, β=10 — D2        0 dB: 0.051 [-29.0]  5 dB: 0.058 [-23.3]  10 dB: 0.064 [-22.3]  15 dB: 0.067 [-22.3]  20 dB: 0.125 [-22.1]  25 dB: 0.280 [-22.2]  30 dB: 0.555 [-22.3]  35 dB: 0.849 [-22.1]  40 dB: 0.965 [-22.2]  noiseless: 1.000 [-22.1]
