node: artongpu01.ee.ethz.ch | gpu: NVIDIA GeForce RTX 2080 Ti
spectrogram scale: vmin -44.32 dB, vmax 39.27 dB
dataset: 1578 frames (1105 train / 473 val), 2s
epoch   1  train loss 0.7090 acc 0.4561 | val loss 0.6780 acc 0.6321  (9s)
epoch   2  train loss 0.6536 acc 0.6860 | val loss 0.6133 acc 0.7844  (14s)
epoch   3  train loss 0.6148 acc 0.7448 | val loss 0.5734 acc 0.7928  (19s)
epoch   4  train loss 0.5834 acc 0.7647 | val loss 0.5407 acc 0.7949  (24s)
epoch   5  train loss 0.5621 acc 0.7792 | val loss 0.5133 acc 0.8140  (29s)
epoch   6  train loss 0.5357 acc 0.7891 | val loss 0.4862 acc 0.8245  (35s)
epoch   7  train loss 0.5238 acc 0.7991 | val loss 0.4646 acc 0.8266  (40s)
epoch   8  train loss 0.5044 acc 0.8127 | val loss 0.4472 acc 0.8288  (45s)
epoch   9  train loss 0.4850 acc 0.8163 | val loss 0.4260 acc 0.8689  (50s)
epoch  10  train loss 0.4671 acc 0.8281 | val loss 0.4101 acc 0.8584  (55s)
epoch  11  train loss 0.4652 acc 0.8271 | val loss 0.3943 acc 0.8732  (60s)
epoch  12  train loss 0.4552 acc 0.8308 | val loss 0.3826 acc 0.8732  (65s)
epoch  13  train loss 0.4351 acc 0.8281 | val loss 0.3661 acc 0.8753  (71s)
epoch  14  train loss 0.4360 acc 0.8371 | val loss 0.3584 acc 0.8774  (76s)
epoch  15  train loss 0.4178 acc 0.8362 | val loss 0.3501 acc 0.8774  (81s)
epoch  16  train loss 0.3967 acc 0.8471 | val loss 0.3352 acc 0.8837  (86s)
epoch  17  train loss 0.4031 acc 0.8380 | val loss 0.3320 acc 0.8816  (91s)
epoch  18  train loss 0.3853 acc 0.8570 | val loss 0.3147 acc 0.8901  (97s)
epoch  19  train loss 0.3785 acc 0.8561 | val loss 0.3034 acc 0.8879  (102s)
epoch  20  train loss 0.3702 acc 0.8561 | val loss 0.2962 acc 0.8943  (107s)
epoch  21  train loss 0.3594 acc 0.8570 | val loss 0.2905 acc 0.8943  (112s)
epoch  22  train loss 0.3451 acc 0.8751 | val loss 0.2789 acc 0.9070  (118s)
epoch  23  train loss 0.3469 acc 0.8742 | val loss 0.2730 acc 0.9027  (123s)
epoch  24  train loss 0.3265 acc 0.8706 | val loss 0.2664 acc 0.9091  (128s)
epoch  25  train loss 0.3273 acc 0.8769 | val loss 0.2642 acc 0.9027  (134s)
epoch  26  train loss 0.3236 acc 0.8814 | val loss 0.2534 acc 0.9091  (139s)
epoch  27  train loss 0.3046 acc 0.8896 | val loss 0.2436 acc 0.9091  (144s)
epoch  28  train loss 0.2939 acc 0.8968 | val loss 0.2460 acc 0.9070  (150s)
epoch  29  train loss 0.2962 acc 0.8977 | val loss 0.2326 acc 0.9112  (155s)
epoch  30  train loss 0.2881 acc 0.8860 | val loss 0.2324 acc 0.9091  (160s)
epoch  31  train loss 0.2738 acc 0.9005 | val loss 0.2214 acc 0.9218  (166s)
epoch  32  train loss 0.2679 acc 0.9041 | val loss 0.2194 acc 0.9133  (171s)
epoch  33  train loss 0.2673 acc 0.9086 | val loss 0.2179 acc 0.9112  (176s)
epoch  34  train loss 0.2522 acc 0.9041 | val loss 0.2111 acc 0.9197  (181s)
epoch  35  train loss 0.2386 acc 0.9231 | val loss 0.2093 acc 0.9197  (187s)
epoch  36  train loss 0.2319 acc 0.9222 | val loss 0.2056 acc 0.9218  (192s)
epoch  37  train loss 0.2291 acc 0.9249 | val loss 0.1941 acc 0.9281  (197s)
epoch  38  train loss 0.2308 acc 0.9231 | val loss 0.1933 acc 0.9239  (203s)
epoch  39  train loss 0.2275 acc 0.9222 | val loss 0.1898 acc 0.9260  (208s)
epoch  40  train loss 0.2162 acc 0.9339 | val loss 0.1823 acc 0.9302  (213s)
epoch  41  train loss 0.2047 acc 0.9294 | val loss 0.1780 acc 0.9323  (219s)
epoch  42  train loss 0.1928 acc 0.9394 | val loss 0.1838 acc 0.9302  (224s)
epoch  43  train loss 0.1989 acc 0.9285 | val loss 0.1728 acc 0.9345  (229s)
epoch  44  train loss 0.1967 acc 0.9403 | val loss 0.1787 acc 0.9345  (234s)
epoch  45  train loss 0.2149 acc 0.9213 | val loss 0.1723 acc 0.9366  (240s)
epoch  46  train loss 0.1809 acc 0.9457 | val loss 0.1680 acc 0.9366  (245s)
epoch  47  train loss 0.1839 acc 0.9412 | val loss 0.1802 acc 0.9323  (250s)
epoch  48  train loss 0.1786 acc 0.9430 | val loss 0.1681 acc 0.9366  (256s)
epoch  49  train loss 0.1776 acc 0.9421 | val loss 0.1815 acc 0.9281  (261s)
epoch  50  train loss 0.1621 acc 0.9475 | val loss 0.1640 acc 0.9345  (266s)
epoch  51  train loss 0.1514 acc 0.9629 | val loss 0.1564 acc 0.9408  (272s)
epoch  52  train loss 0.1504 acc 0.9575 | val loss 0.1584 acc 0.9408  (277s)
epoch  53  train loss 0.1586 acc 0.9484 | val loss 0.1630 acc 0.9366  (282s)
epoch  54  train loss 0.1550 acc 0.9511 | val loss 0.1555 acc 0.9408  (287s)
epoch  55  train loss 0.1384 acc 0.9629 | val loss 0.1556 acc 0.9408  (293s)
epoch  56  train loss 0.1489 acc 0.9520 | val loss 0.1475 acc 0.9429  (298s)
epoch  57  train loss 0.1389 acc 0.9575 | val loss 0.1504 acc 0.9429  (303s)
epoch  58  train loss 0.1237 acc 0.9656 | val loss 0.1565 acc 0.9408  (309s)
epoch  59  train loss 0.1258 acc 0.9674 | val loss 0.1468 acc 0.9408  (314s)
epoch  60  train loss 0.1333 acc 0.9566 | val loss 0.1492 acc 0.9429  (319s)
epoch  61  train loss 0.1273 acc 0.9593 | val loss 0.1500 acc 0.9429  (324s)
epoch  62  train loss 0.1289 acc 0.9602 | val loss 0.1419 acc 0.9450  (330s)
epoch  63  train loss 0.1204 acc 0.9602 | val loss 0.1490 acc 0.9450  (335s)
epoch  64  train loss 0.1274 acc 0.9575 | val loss 0.1499 acc 0.9429  (340s)
epoch  65  train loss 0.1054 acc 0.9647 | val loss 0.1542 acc 0.9429  (346s)
epoch  66  train loss 0.1165 acc 0.9638 | val loss 0.1523 acc 0.9429  (351s)
epoch  67  train loss 0.1361 acc 0.9511 | val loss 0.1491 acc 0.9450  (356s)
epoch  68  train loss 0.1185 acc 0.9584 | val loss 0.1284 acc 0.9556  (361s)
epoch  69  train loss 0.1147 acc 0.9638 | val loss 0.1477 acc 0.9450  (367s)
epoch  70  train loss 0.1141 acc 0.9629 | val loss 0.1369 acc 0.9450  (372s)
epoch  71  train loss 0.1072 acc 0.9729 | val loss 0.1433 acc 0.9450  (377s)
epoch  72  train loss 0.1002 acc 0.9647 | val loss 0.1300 acc 0.9514  (383s)
epoch  73  train loss 0.0885 acc 0.9774 | val loss 0.1503 acc 0.9450  (388s)
epoch  74  train loss 0.0876 acc 0.9747 | val loss 0.1419 acc 0.9450  (393s)
epoch  75  train loss 0.0954 acc 0.9729 | val loss 0.1366 acc 0.9493  (398s)
epoch  76  train loss 0.0861 acc 0.9729 | val loss 0.1324 acc 0.9493  (404s)
epoch  77  train loss 0.0962 acc 0.9729 | val loss 0.1309 acc 0.9577  (409s)
epoch  78  train loss 0.0825 acc 0.9710 | val loss 0.1403 acc 0.9471  (414s)
epoch  79  train loss 0.0885 acc 0.9692 | val loss 0.1296 acc 0.9556  (420s)
epoch  80  train loss 0.0693 acc 0.9801 | val loss 0.1288 acc 0.9535  (425s)
epoch  81  train loss 0.0835 acc 0.9729 | val loss 0.1465 acc 0.9471  (430s)
epoch  82  train loss 0.0739 acc 0.9756 | val loss 0.1492 acc 0.9450  (435s)
epoch  83  train loss 0.0860 acc 0.9738 | val loss 0.1250 acc 0.9619  (441s)
epoch  84  train loss 0.0705 acc 0.9801 | val loss 0.1456 acc 0.9471  (446s)
epoch  85  train loss 0.0794 acc 0.9747 | val loss 0.1285 acc 0.9556  (451s)
epoch  86  train loss 0.0719 acc 0.9801 | val loss 0.1376 acc 0.9556  (457s)
epoch  87  train loss 0.0807 acc 0.9765 | val loss 0.1237 acc 0.9598  (462s)
epoch  88  train loss 0.0604 acc 0.9828 | val loss 0.1124 acc 0.9641  (467s)
epoch  89  train loss 0.0639 acc 0.9837 | val loss 0.1344 acc 0.9577  (472s)
epoch  90  train loss 0.0715 acc 0.9801 | val loss 0.1531 acc 0.9493  (478s)
epoch  91  train loss 0.0599 acc 0.9882 | val loss 0.1251 acc 0.9641  (483s)
epoch  92  train loss 0.0688 acc 0.9801 | val loss 0.1443 acc 0.9471  (488s)
epoch  93  train loss 0.0637 acc 0.9819 | val loss 0.1416 acc 0.9556  (493s)
epoch  94  train loss 0.0810 acc 0.9729 | val loss 0.1221 acc 0.9598  (499s)
epoch  95  train loss 0.0550 acc 0.9864 | val loss 0.1138 acc 0.9683  (504s)
epoch  96  train loss 0.0564 acc 0.9873 | val loss 0.1180 acc 0.9662  (509s)
epoch  97  train loss 0.0530 acc 0.9873 | val loss 0.1113 acc 0.9683  (515s)
epoch  98  train loss 0.0786 acc 0.9774 | val loss 0.1243 acc 0.9641  (520s)
epoch  99  train loss 0.0537 acc 0.9828 | val loss 0.1306 acc 0.9619  (525s)
epoch 100  train loss 0.0702 acc 0.9774 | val loss 0.1346 acc 0.9619  (530s)

--- Li et al. spectrogram CNN, retrained ---
validation accuracy 0.9619 (paper two-class VA 99.91 %, DR 100.0 %)
validation: detection rate on jammed 0.9283, FAR (argmax) 0.0000, AUC 0.9912
per type (val): {'clean': 1.0, 'barrage': 1.0, 'tone': 1.0, 'pulse_comb': 1.0, 'protocol_aware': 0.6896551724137931}
at JSR +10 dB: accuracy 0.9994; {'clean': {'argmax_correct': 0.9986876640419947, 'p_det_at_alpha05': 0.05380577427821522}, 'barrage': {'argmax_correct': 1.0, 'p_det_at_alpha05': 1.0}, 'tone': {'argmax_correct': 1.0, 'p_det_at_alpha05': 1.0}, 'pulse_comb': {'argmax_correct': 1.0, 'p_det_at_alpha05': 1.0}, 'protocol_aware': {'argmax_correct': 1.0, 'p_det_at_alpha05': 1.0}}
P(det) at alpha 0.05 vs JSR [np.float64(-30.0), np.float64(-28.0), np.float64(-26.0), np.float64(-24.0), np.float64(-22.0), np.float64(-20.0), np.float64(-18.0), np.float64(-16.0), np.float64(-14.0), np.float64(-12.0), np.float64(-10.0), np.float64(-8.0), np.float64(-6.0), np.float64(-4.0), np.float64(-2.0), np.float64(0.0), np.float64(2.0), np.float64(4.0), np.float64(6.0), np.float64(8.0), np.float64(10.0)]:
  barrage         0.72 0.95 1.00 1.00 1.00 1.00 1.00 1.00 1.00 1.00 1.00 1.00 1.00 1.00 1.00 1.00 1.00 1.00 1.00 1.00 1.00
  tone            0.88 0.96 0.98 1.00 1.00 1.00 1.00 1.00 1.00 1.00 1.00 1.00 1.00 1.00 1.00 1.00 1.00 1.00 1.00 1.00 1.00
  pulse_comb      0.79 0.99 1.00 1.00 1.00 1.00 1.00 1.00 1.00 1.00 1.00 1.00 1.00 1.00 1.00 1.00 1.00 1.00 1.00 1.00 1.00
  protocol_aware  0.25 0.30 0.40 0.43 0.54 0.53 0.57 0.71 0.73 0.84 0.90 0.98 1.00 1.00 1.00 1.00 1.00 1.00 1.00 1.00 1.00
thresholds: {"n_clean": 20000, "alphas": [0.01, 0.05], "power_clean_mean": 0.1001235059404946, "kurtosis_clean_mean": 1.4969438060999678, "power_one_sided": {"0.01": 0.10044990117055595, "0.05": 0.10035360175091226}, "power_two_sided": {"0.01": 0.000364249429589726, "0.05": 0.0002757439360957729}, "kurtosis": {"0.01": 0.06676776737529404, "0.05": 0.05073860300077597}, "cnn": {"0.01": -1.5541503906250078, "0.05": -3.1571777343750007}, "lrt_d": 1152, "noise_var": 0.000125, "p_s": 0.125}
done in 573s
