node: tikgpu05.ee.ethz.ch | gpu: NVIDIA TITAN RTX
spectrogram scale: vmin -44.24 dB, vmax 39.28 dB
dataset: 1578 frames (1105 train / 473 val), 3s
epoch   1  train loss 0.6708 acc 0.6054 | val loss 0.6554 acc 0.6829  (17s)
epoch   2  train loss 0.6245 acc 0.7348 | val loss 0.5922 acc 0.8013  (22s)
epoch   3  train loss 0.5858 acc 0.7747 | val loss 0.5550 acc 0.8055  (26s)
epoch   4  train loss 0.5628 acc 0.7891 | val loss 0.5248 acc 0.8097  (31s)
epoch   5  train loss 0.5329 acc 0.8009 | val loss 0.4967 acc 0.8351  (36s)
epoch   6  train loss 0.5108 acc 0.8190 | val loss 0.4769 acc 0.8457  (40s)
epoch   7  train loss 0.4892 acc 0.8244 | val loss 0.4549 acc 0.8520  (45s)
epoch   8  train loss 0.4675 acc 0.8380 | val loss 0.4350 acc 0.8520  (50s)
epoch   9  train loss 0.4536 acc 0.8462 | val loss 0.4179 acc 0.8541  (54s)
epoch  10  train loss 0.4403 acc 0.8498 | val loss 0.4055 acc 0.8605  (59s)
epoch  11  train loss 0.4315 acc 0.8452 | val loss 0.3923 acc 0.8584  (64s)
epoch  12  train loss 0.4196 acc 0.8534 | val loss 0.3774 acc 0.8647  (69s)
epoch  13  train loss 0.4006 acc 0.8624 | val loss 0.3658 acc 0.8626  (73s)
epoch  14  train loss 0.3941 acc 0.8543 | val loss 0.3551 acc 0.8689  (78s)
epoch  15  train loss 0.3715 acc 0.8706 | val loss 0.3431 acc 0.8710  (83s)
epoch  16  train loss 0.3685 acc 0.8633 | val loss 0.3274 acc 0.8774  (87s)
epoch  17  train loss 0.3532 acc 0.8778 | val loss 0.3209 acc 0.8795  (92s)
epoch  18  train loss 0.3380 acc 0.8860 | val loss 0.3138 acc 0.8795  (97s)
epoch  19  train loss 0.3333 acc 0.8842 | val loss 0.3075 acc 0.8795  (102s)
epoch  20  train loss 0.3220 acc 0.8842 | val loss 0.2949 acc 0.8858  (106s)
epoch  21  train loss 0.3180 acc 0.8914 | val loss 0.2860 acc 0.8922  (111s)
epoch  22  train loss 0.3006 acc 0.8959 | val loss 0.2814 acc 0.8901  (116s)
epoch  23  train loss 0.2897 acc 0.8959 | val loss 0.2780 acc 0.8901  (121s)
epoch  24  train loss 0.2919 acc 0.8896 | val loss 0.2723 acc 0.8901  (125s)
epoch  25  train loss 0.2819 acc 0.9050 | val loss 0.2625 acc 0.8922  (130s)
epoch  26  train loss 0.2738 acc 0.8950 | val loss 0.2567 acc 0.8985  (135s)
epoch  27  train loss 0.2680 acc 0.9104 | val loss 0.2482 acc 0.8985  (140s)
epoch  28  train loss 0.2573 acc 0.9104 | val loss 0.2518 acc 0.8964  (144s)
epoch  29  train loss 0.2479 acc 0.9213 | val loss 0.2398 acc 0.9049  (149s)
epoch  30  train loss 0.2440 acc 0.9167 | val loss 0.2391 acc 0.9006  (154s)
epoch  31  train loss 0.2425 acc 0.9195 | val loss 0.2280 acc 0.9112  (159s)
epoch  32  train loss 0.2372 acc 0.9276 | val loss 0.2288 acc 0.9049  (163s)
epoch  33  train loss 0.2284 acc 0.9276 | val loss 0.2250 acc 0.9049  (168s)
epoch  34  train loss 0.2216 acc 0.9267 | val loss 0.2357 acc 0.9006  (173s)
epoch  35  train loss 0.2175 acc 0.9303 | val loss 0.2126 acc 0.9175  (178s)
epoch  36  train loss 0.2067 acc 0.9312 | val loss 0.2071 acc 0.9197  (182s)
epoch  37  train loss 0.2014 acc 0.9321 | val loss 0.2049 acc 0.9260  (187s)
epoch  38  train loss 0.1999 acc 0.9367 | val loss 0.2085 acc 0.9197  (192s)
epoch  39  train loss 0.2042 acc 0.9276 | val loss 0.1949 acc 0.9218  (197s)
epoch  40  train loss 0.1870 acc 0.9439 | val loss 0.1967 acc 0.9197  (202s)
epoch  41  train loss 0.1840 acc 0.9385 | val loss 0.1902 acc 0.9281  (206s)
epoch  42  train loss 0.1711 acc 0.9484 | val loss 0.1798 acc 0.9366  (211s)
epoch  43  train loss 0.1822 acc 0.9412 | val loss 0.1978 acc 0.9175  (216s)
epoch  44  train loss 0.1888 acc 0.9367 | val loss 0.1809 acc 0.9323  (221s)
epoch  45  train loss 0.1661 acc 0.9421 | val loss 0.1782 acc 0.9323  (226s)
epoch  46  train loss 0.1665 acc 0.9457 | val loss 0.1712 acc 0.9408  (231s)
epoch  47  train loss 0.1656 acc 0.9484 | val loss 0.1871 acc 0.9260  (236s)
epoch  48  train loss 0.1698 acc 0.9448 | val loss 0.1699 acc 0.9429  (240s)
epoch  49  train loss 0.1556 acc 0.9493 | val loss 0.1600 acc 0.9471  (245s)
epoch  50  train loss 0.1487 acc 0.9484 | val loss 0.1641 acc 0.9450  (250s)
epoch  51  train loss 0.1448 acc 0.9520 | val loss 0.1560 acc 0.9535  (255s)
epoch  52  train loss 0.1390 acc 0.9529 | val loss 0.1528 acc 0.9535  (260s)
epoch  53  train loss 0.1564 acc 0.9403 | val loss 0.1629 acc 0.9429  (265s)
epoch  54  train loss 0.1412 acc 0.9584 | val loss 0.1516 acc 0.9535  (270s)
epoch  55  train loss 0.1389 acc 0.9548 | val loss 0.1693 acc 0.9387  (275s)
epoch  56  train loss 0.1302 acc 0.9584 | val loss 0.1532 acc 0.9514  (279s)
epoch  57  train loss 0.1391 acc 0.9593 | val loss 0.1566 acc 0.9514  (284s)
epoch  58  train loss 0.1274 acc 0.9584 | val loss 0.1446 acc 0.9535  (289s)
epoch  59  train loss 0.1288 acc 0.9593 | val loss 0.1740 acc 0.9345  (294s)
epoch  60  train loss 0.1307 acc 0.9566 | val loss 0.1432 acc 0.9535  (299s)
epoch  61  train loss 0.1092 acc 0.9665 | val loss 0.1450 acc 0.9535  (304s)
epoch  62  train loss 0.1195 acc 0.9620 | val loss 0.1413 acc 0.9535  (309s)
epoch  63  train loss 0.1091 acc 0.9710 | val loss 0.1368 acc 0.9535  (314s)
epoch  64  train loss 0.0978 acc 0.9710 | val loss 0.1423 acc 0.9535  (318s)
epoch  65  train loss 0.1095 acc 0.9647 | val loss 0.1456 acc 0.9535  (323s)
epoch  66  train loss 0.1099 acc 0.9656 | val loss 0.1288 acc 0.9577  (328s)
epoch  67  train loss 0.1066 acc 0.9710 | val loss 0.1413 acc 0.9535  (333s)
epoch  68  train loss 0.0902 acc 0.9765 | val loss 0.1272 acc 0.9598  (338s)
epoch  69  train loss 0.1095 acc 0.9647 | val loss 0.1404 acc 0.9535  (343s)
epoch  70  train loss 0.1040 acc 0.9611 | val loss 0.1390 acc 0.9535  (348s)
epoch  71  train loss 0.0914 acc 0.9738 | val loss 0.1307 acc 0.9556  (353s)
epoch  72  train loss 0.0766 acc 0.9819 | val loss 0.1263 acc 0.9619  (358s)
epoch  73  train loss 0.0887 acc 0.9719 | val loss 0.1149 acc 0.9598  (362s)
epoch  74  train loss 0.0850 acc 0.9729 | val loss 0.1215 acc 0.9598  (367s)
epoch  75  train loss 0.0975 acc 0.9729 | val loss 0.1307 acc 0.9598  (372s)
epoch  76  train loss 0.0938 acc 0.9719 | val loss 0.1196 acc 0.9598  (377s)
epoch  77  train loss 0.0975 acc 0.9683 | val loss 0.1728 acc 0.9429  (382s)
epoch  78  train loss 0.0821 acc 0.9783 | val loss 0.1288 acc 0.9577  (387s)
epoch  79  train loss 0.0724 acc 0.9774 | val loss 0.1135 acc 0.9619  (392s)
epoch  80  train loss 0.0846 acc 0.9719 | val loss 0.1158 acc 0.9598  (397s)
epoch  81  train loss 0.0774 acc 0.9828 | val loss 0.1277 acc 0.9577  (402s)
epoch  82  train loss 0.0650 acc 0.9864 | val loss 0.1174 acc 0.9598  (406s)
epoch  83  train loss 0.0733 acc 0.9819 | val loss 0.1309 acc 0.9577  (411s)
epoch  84  train loss 0.0661 acc 0.9864 | val loss 0.1268 acc 0.9577  (416s)
epoch  85  train loss 0.0630 acc 0.9873 | val loss 0.1062 acc 0.9641  (421s)
epoch  86  train loss 0.0583 acc 0.9882 | val loss 0.1212 acc 0.9577  (426s)
epoch  87  train loss 0.0638 acc 0.9837 | val loss 0.1128 acc 0.9619  (431s)
epoch  88  train loss 0.0660 acc 0.9801 | val loss 0.1287 acc 0.9598  (436s)
epoch  89  train loss 0.0628 acc 0.9819 | val loss 0.1041 acc 0.9662  (441s)
epoch  90  train loss 0.0631 acc 0.9837 | val loss 0.1059 acc 0.9641  (446s)
epoch  91  train loss 0.0573 acc 0.9873 | val loss 0.1055 acc 0.9619  (450s)
epoch  92  train loss 0.0615 acc 0.9846 | val loss 0.1079 acc 0.9641  (455s)
epoch  93  train loss 0.0502 acc 0.9891 | val loss 0.1009 acc 0.9662  (460s)
epoch  94  train loss 0.0692 acc 0.9774 | val loss 0.1018 acc 0.9683  (465s)
epoch  95  train loss 0.0525 acc 0.9891 | val loss 0.1074 acc 0.9619  (470s)
epoch  96  train loss 0.0514 acc 0.9864 | val loss 0.1068 acc 0.9641  (475s)
epoch  97  train loss 0.0563 acc 0.9837 | val loss 0.1381 acc 0.9577  (480s)
epoch  98  train loss 0.0593 acc 0.9819 | val loss 0.1097 acc 0.9619  (485s)
epoch  99  train loss 0.0579 acc 0.9882 | val loss 0.1043 acc 0.9683  (490s)
epoch 100  train loss 0.0507 acc 0.9882 | val loss 0.1200 acc 0.9598  (495s)

--- Li et al. spectrogram CNN, retrained ---
validation accuracy 0.9598 (paper two-class VA 99.91 %, DR 100.0 %)
validation: detection rate on jammed 0.9249, FAR (argmax) 0.0000, AUC 0.9933
per type (val): {'clean': 1.0, 'barrage': 1.0, 'tone': 0.9666666666666667, 'pulse_comb': 1.0, 'protocol_aware': 0.7017543859649122}
at JSR +10 dB: accuracy 0.9994; {'clean': {'argmax_correct': 0.9986876640419947, 'p_det_at_alpha05': 0.04199475065616798}, 'barrage': {'argmax_correct': 1.0, 'p_det_at_alpha05': 1.0}, 'tone': {'argmax_correct': 1.0, 'p_det_at_alpha05': 1.0}, 'pulse_comb': {'argmax_correct': 1.0, 'p_det_at_alpha05': 1.0}, 'protocol_aware': {'argmax_correct': 1.0, 'p_det_at_alpha05': 1.0}}
P(det) at alpha 0.05 vs JSR [np.float64(-30.0), np.float64(-28.0), np.float64(-26.0), np.float64(-24.0), np.float64(-22.0), np.float64(-20.0), np.float64(-18.0), np.float64(-16.0), np.float64(-14.0), np.float64(-12.0), np.float64(-10.0), np.float64(-8.0), np.float64(-6.0), np.float64(-4.0), np.float64(-2.0), np.float64(0.0), np.float64(2.0), np.float64(4.0), np.float64(6.0), np.float64(8.0), np.float64(10.0)]:
  barrage         0.55 0.88 1.00 1.00 1.00 1.00 1.00 1.00 1.00 1.00 1.00 1.00 1.00 1.00 1.00 1.00 1.00 1.00 1.00 1.00 1.00
  tone            0.88 0.95 0.98 0.98 0.99 1.00 1.00 1.00 1.00 1.00 1.00 1.00 1.00 1.00 1.00 1.00 1.00 1.00 1.00 1.00 1.00
  pulse_comb      0.93 1.00 1.00 1.00 1.00 1.00 1.00 1.00 1.00 1.00 1.00 1.00 1.00 1.00 1.00 1.00 1.00 1.00 1.00 1.00 1.00
  protocol_aware  0.35 0.41 0.45 0.54 0.59 0.66 0.67 0.70 0.75 0.82 0.82 0.93 0.98 1.00 1.00 1.00 1.00 1.00 1.00 1.00 1.00
thresholds: {"n_clean": 20000, "alphas": [0.01, 0.05], "power_clean_mean": 0.10012471118212457, "kurtosis_clean_mean": 1.4972406465781778, "power_one_sided": {"0.01": 0.1004556073170444, "0.05": 0.10035401139813786}, "power_two_sided": {"0.01": 0.00036159388580363146, "0.05": 0.0002747861822333969}, "kurtosis": {"0.01": 0.06718333258539298, "0.05": 0.050840513277010946}, "cnn": {"0.01": -1.701635742187504, "0.05": -3.1757324218750007}, "lrt_d": 1152, "noise_var": 0.000125, "p_s": 0.125}
done in 535s
