node: tikgpu05.ee.ethz.ch | gpu: Tesla V100-PCIE-32GB
task 1 | train | SNR 15 dB | beta 10 | device cuda:0
  CNN threshold -2.18555, clean std 0.840301; budget band (-30.0, -10.0) dB; eff batch 256
  step    0  sig 64.00  T  -14.6  loss 10.690  logE[BER] -7.29  P_soft 0.340  (3s)
  step   25  sig 64.00  T  -27.3  loss 58.501  logE[BER] -56.65  P_soft 0.185  (20s)
  step   50  sig  0.00  T  -27.1  loss 40.040  logE[BER] -38.12  P_soft 0.192  (36s)
  step   75  sig 64.00  T  -27.7  loss 61.476  logE[BER] -59.51  P_soft 0.197  (52s)
  step  100  sig  2.00  T  -26.5  loss 34.042  logE[BER] -32.22  P_soft 0.183  (68s)
  step  125  sig 64.00  T  -13.2  loss 10.888  logE[BER] -5.83  P_soft 0.506  (85s)
  step  150  sig  8.00  T  -13.8  loss 10.061  logE[BER] -5.80  P_soft 0.426  (101s)
  step  175  sig  0.25  T  -14.9  loss 9.508  logE[BER] -5.87  P_soft 0.364  (117s)
  step  200  sig  1.00  T  -22.9  loss 13.715  logE[BER] -11.51  P_soft 0.220  (133s)
  step  225  sig 64.00  T  -25.1  loss 37.196  logE[BER] -34.96  P_soft 0.224  (149s)
  step  250  sig  1.00  T  -10.4  loss 11.563  logE[BER] -5.08  P_soft 0.648  (166s)
  step  275  sig  0.00  T  -26.1  loss 22.776  logE[BER] -20.82  P_soft 0.196  (182s)
  step  300  sig  0.50  T  -11.6  loss 10.754  logE[BER] -5.32  P_soft 0.543  (198s)
  step  325  sig  0.50  T  -25.1  loss 21.219  logE[BER] -19.34  P_soft 0.188  (214s)
  step  350  sig  0.50  T  -19.3  loss 9.925  logE[BER] -7.29  P_soft 0.264  (230s)
  step  375  sig 32.00  T  -25.3  loss 35.979  logE[BER] -33.80  P_soft 0.218  (247s)
  step  400  sig  4.00  T  -11.1  loss 10.916  logE[BER] -5.19  P_soft 0.572  (263s)
  step  425  sig 32.00  T  -25.5  loss 42.661  logE[BER] -40.49  P_soft 0.217  (279s)
  step  450  sig  2.00  T  -15.3  loss 9.678  logE[BER] -5.93  P_soft 0.375  (295s)
  step  475  sig 16.00  T  -25.0  loss 33.011  logE[BER] -30.72  P_soft 0.230  (311s)
  step  500  sig  4.00  T  -13.5  loss 9.996  logE[BER] -5.52  P_soft 0.447  (328s)
  step  525  sig 16.00  T  -15.1  loss 10.068  logE[BER] -6.24  P_soft 0.383  (344s)
  step  550  sig 16.00  T  -23.3  loss 24.922  logE[BER] -22.62  P_soft 0.230  (360s)
  step  575  sig  0.00  T  -12.8  loss 10.215  logE[BER] -5.47  P_soft 0.474  (376s)
  step  599  sig 32.00  T  -19.9  loss 13.582  logE[BER] -10.66  P_soft 0.292  (392s)
wrote ../artifacts/cgan/team_policy/run001/snr15_b10_policy.pt
