node: tikgpu04.ee.ethz.ch | gpu: NVIDIA TITAN RTX
task 1 | train | SNR 15 dB | beta 10 | device cuda:0
  CNN threshold -2.18555, clean std 0.844373; budget band (-30.0, -10.0) dB
  step    0  sig  8.00  T  -22.2  loss 37.823  logE[BER] -35.24  P_soft 0.259  (0s)
  step   25  sig  1.00  T  -17.9  loss 10.577  logE[BER] -8.01  P_soft 0.257  (3s)
  step   50  sig  0.00  T  -27.9  loss 45.934  logE[BER] -44.26  P_soft 0.167  (5s)
  step   75  sig  0.00  T  -27.0  loss 40.105  logE[BER] -38.13  P_soft 0.197  (7s)
  step  100  sig 32.00  T  -12.2  loss 11.045  logE[BER] -5.67  P_soft 0.538  (9s)
  step  125  sig  1.00  T  -22.1  loss 15.365  logE[BER] -12.08  P_soft 0.329  (12s)
  step  150  sig  0.00  T  -13.2  loss 10.242  logE[BER] -5.84  P_soft 0.440  (14s)
  step  175  sig  0.00  T  -20.9  loss 10.356  logE[BER] -8.45  P_soft 0.191  (16s)
  step  200  sig  0.00  T  -26.7  loss 43.244  logE[BER] -41.26  P_soft 0.199  (19s)
  step  225  sig  8.00  T  -26.3  loss 34.454  logE[BER] -32.56  P_soft 0.190  (21s)
  step  250  sig  2.00  T  -15.9  loss 9.436  logE[BER] -6.18  P_soft 0.325  (23s)
  step  275  sig  1.00  T  -29.6  loss 53.629  logE[BER] -51.14  P_soft 0.249  (25s)
  step  300  sig  2.00  T  -21.5  loss 11.278  logE[BER] -9.06  P_soft 0.222  (28s)
  step  325  sig 32.00  T  -21.6  loss 12.410  logE[BER] -10.25  P_soft 0.216  (30s)
  step  350  sig  4.00  T  -22.7  loss 18.377  logE[BER] -16.45  P_soft 0.193  (32s)
  step  375  sig 32.00  T  -20.7  loss 11.635  logE[BER] -8.74  P_soft 0.290  (34s)
  step  400  sig  4.00  T  -20.5  loss 9.800  logE[BER] -7.83  P_soft 0.197  (37s)
  step  425  sig  8.00  T  -21.8  loss 14.715  logE[BER] -12.32  P_soft 0.240  (39s)
  step  450  sig  0.25  T  -25.7  loss 27.340  logE[BER] -25.19  P_soft 0.215  (41s)
  step  475  sig 64.00  T  -16.9  loss 11.048  logE[BER] -6.97  P_soft 0.408  (44s)
  step  500  sig  0.25  T  -25.3  loss 17.408  logE[BER] -15.64  P_soft 0.176  (46s)
  step  525  sig 32.00  T  -14.1  loss 10.255  logE[BER] -6.07  P_soft 0.418  (48s)
  step  550  sig 64.00  T  -29.1  loss 64.408  logE[BER] -62.19  P_soft 0.221  (50s)
  step  575  sig 64.00  T  -15.1  loss 10.701  logE[BER] -6.59  P_soft 0.411  (53s)
  step  600  sig 64.00  T  -11.6  loss 12.005  logE[BER] -5.60  P_soft 0.641  (55s)
  step  625  sig 16.00  T  -12.4  loss 11.079  logE[BER] -5.56  P_soft 0.552  (57s)
  step  650  sig  0.25  T  -17.5  loss 9.971  logE[BER] -6.63  P_soft 0.334  (60s)
  step  675  sig  8.00  T  -15.9  loss 9.318  logE[BER] -6.22  P_soft 0.310  (62s)
  step  700  sig  8.00  T  -22.8  loss 28.445  logE[BER] -25.92  P_soft 0.252  (64s)
  step  725  sig  1.00  T  -19.5  loss 10.296  logE[BER] -7.36  P_soft 0.294  (66s)
  step  750  sig  0.00  T  -18.8  loss 9.440  logE[BER] -7.22  P_soft 0.221  (69s)
  step  775  sig 64.00  T  -18.3  loss 12.286  logE[BER] -8.03  P_soft 0.425  (71s)
  step  800  sig  4.00  T  -28.8  loss 62.378  logE[BER] -60.18  P_soft 0.220  (73s)
  step  825  sig  0.00  T  -17.0  loss 9.738  logE[BER] -6.50  P_soft 0.324  (76s)
  step  850  sig  4.00  T  -21.4  loss 15.991  logE[BER] -13.42  P_soft 0.257  (78s)
  step  875  sig 16.00  T  -11.0  loss 11.016  logE[BER] -5.10  P_soft 0.591  (80s)
  step  900  sig  0.50  T  -20.9  loss 9.686  logE[BER] -7.95  P_soft 0.173  (83s)
  step  925  sig  0.50  T  -24.6  loss 19.656  logE[BER] -17.58  P_soft 0.207  (85s)
  step  950  sig  0.00  T  -14.8  loss 9.088  logE[BER] -5.77  P_soft 0.332  (87s)
  step  975  sig  0.50  T  -14.7  loss 9.768  logE[BER] -5.85  P_soft 0.392  (90s)
  step 1000  sig 16.00  T  -21.3  loss 11.525  logE[BER] -9.01  P_soft 0.251  (92s)
  step 1025  sig 32.00  T  -16.9  loss 11.501  logE[BER] -7.50  P_soft 0.400  (94s)
  step 1050  sig  0.00  T  -10.8  loss 11.113  logE[BER] -5.37  P_soft 0.574  (97s)
  step 1075  sig  0.50  T  -16.5  loss 9.471  logE[BER] -6.07  P_soft 0.340  (99s)
  step 1100  sig 32.00  T  -18.0  loss 10.619  logE[BER] -7.20  P_soft 0.342  (101s)
  step 1125  sig  2.00  T  -14.3  loss 8.967  logE[BER] -5.59  P_soft 0.338  (104s)
  step 1150  sig  4.00  T  -14.2  loss 9.560  logE[BER] -5.56  P_soft 0.400  (106s)
  step 1175  sig  4.00  T  -22.4  loss 12.854  logE[BER] -10.93  P_soft 0.192  (108s)
  step 1200  sig  0.00  T  -19.3  loss 9.791  logE[BER] -7.21  P_soft 0.258  (111s)
  step 1225  sig  0.50  T  -10.3  loss 10.642  logE[BER] -5.28  P_soft 0.536  (113s)
  step 1250  sig  8.00  T  -15.0  loss 10.253  logE[BER] -5.98  P_soft 0.427  (115s)
  step 1275  sig  0.00  T  -24.1  loss 15.026  logE[BER] -12.65  P_soft 0.237  (118s)
  step 1300  sig  2.00  T  -10.3  loss 9.975  logE[BER] -4.84  P_soft 0.514  (120s)
  step 1325  sig 16.00  T  -15.2  loss 10.454  logE[BER] -6.43  P_soft 0.402  (123s)
  step 1350  sig 64.00  T  -11.5  loss 12.005  logE[BER] -5.34  P_soft 0.666  (125s)
  step 1375  sig 32.00  T  -15.8  loss 10.097  logE[BER] -6.45  P_soft 0.365  (127s)
  step 1400  sig 32.00  T  -29.7  loss 70.251  logE[BER] -68.68  P_soft 0.157  (130s)
  step 1425  sig  8.00  T  -23.1  loss 16.319  logE[BER] -13.43  P_soft 0.289  (132s)
  step 1450  sig  0.50  T  -21.7  loss 10.788  logE[BER] -8.74  P_soft 0.204  (134s)
  step 1475  sig 32.00  T  -29.9  loss 73.372  logE[BER] -71.04  P_soft 0.233  (137s)
  step 1500  sig 32.00  T  -25.8  loss 51.737  logE[BER] -49.64  P_soft 0.209  (139s)
  step 1525  sig 64.00  T  -19.7  loss 13.387  logE[BER] -9.76  P_soft 0.363  (142s)
  step 1550  sig 64.00  T  -21.2  loss 14.906  logE[BER] -12.03  P_soft 0.287  (144s)
  step 1575  sig  4.00  T  -19.4  loss 10.704  logE[BER] -8.41  P_soft 0.230  (146s)
  step 1600  sig 16.00  T  -15.4  loss 10.443  logE[BER] -6.59  P_soft 0.386  (149s)
  step 1625  sig  0.50  T  -10.1  loss 10.995  logE[BER] -5.18  P_soft 0.582  (151s)
  step 1650  sig  2.00  T  -21.4  loss 11.519  logE[BER] -9.06  P_soft 0.246  (154s)
  step 1675  sig  2.00  T  -18.2  loss 10.198  logE[BER] -7.71  P_soft 0.249  (156s)
  step 1700  sig 64.00  T  -29.5  loss 60.564  logE[BER] -58.71  P_soft 0.185  (158s)
  step 1725  sig  8.00  T  -10.6  loss 11.746  logE[BER] -5.00  P_soft 0.674  (161s)
  step 1750  sig 32.00  T  -21.1  loss 15.187  logE[BER] -12.55  P_soft 0.263  (163s)
  step 1775  sig  0.00  T  -28.0  loss 54.878  logE[BER] -53.09  P_soft 0.179  (166s)
  step 1800  sig  8.00  T  -17.7  loss 9.626  logE[BER] -6.92  P_soft 0.271  (168s)
  step 1825  sig 16.00  T  -14.0  loss 10.413  logE[BER] -5.74  P_soft 0.467  (171s)
  step 1850  sig  0.50  T  -24.5  loss 19.284  logE[BER] -17.50  P_soft 0.178  (173s)
  step 1875  sig 64.00  T  -10.4  loss 11.312  logE[BER] -5.25  P_soft 0.606  (175s)
  step 1900  sig  0.50  T  -13.1  loss 9.929  logE[BER] -5.59  P_soft 0.434  (178s)
  step 1925  sig  0.25  T  -26.7  loss 30.343  logE[BER] -28.44  P_soft 0.190  (180s)
  step 1950  sig  0.00  T  -21.1  loss 11.316  logE[BER] -9.22  P_soft 0.210  (183s)
  step 1975  sig  0.50  T  -23.9  loss 19.671  logE[BER] -17.33  P_soft 0.234  (185s)
  step 1999  sig  0.00  T  -26.9  loss 36.817  logE[BER] -34.76  P_soft 0.206  (188s)
wrote ../artifacts/cgan/team_policy/run001/snr15_b10_policy.pt
