node: tikgpu04.ee.ethz.ch | gpu: NVIDIA TITAN RTX
task 1 | train | SNR 15 dB | beta 10 | device cuda:0
  CNN threshold -2.18555, clean std 0.844373; budget band (-30.0, -10.0) dB
  step    0  sig  8.00  T  -22.2  loss 37.486  logE[BER] -35.17  P_soft 0.232  (1s)
  step   25  sig  1.00  T  -17.9  loss 11.400  logE[BER] -8.85  P_soft 0.255  (3s)
  step   50  sig  0.00  T  -27.9  loss 59.476  logE[BER] -57.83  P_soft 0.165  (5s)
  step   75  sig  0.00  T  -27.0  loss 48.939  logE[BER] -47.08  P_soft 0.186  (7s)
  step  100  sig 32.00  T  -12.2  loss 10.646  logE[BER] -5.53  P_soft 0.511  (10s)
  step  125  sig  1.00  T  -22.1  loss 27.592  logE[BER] -24.91  P_soft 0.268  (12s)
  step  150  sig  0.00  T  -13.2  loss 9.861  logE[BER] -5.71  P_soft 0.416  (14s)
  step  175  sig  0.00  T  -20.9  loss 13.080  logE[BER] -11.21  P_soft 0.187  (17s)
  step  200  sig  0.00  T  -26.7  loss 37.499  logE[BER] -35.40  P_soft 0.210  (19s)
  step  225  sig  8.00  T  -26.3  loss 52.053  logE[BER] -49.88  P_soft 0.217  (21s)
  step  250  sig  2.00  T  -15.9  loss 9.401  logE[BER] -6.41  P_soft 0.299  (24s)
  step  275  sig  1.00  T  -29.6  loss 60.820  logE[BER] -58.55  P_soft 0.227  (26s)
  step  300  sig  2.00  T  -21.5  loss 14.525  logE[BER] -12.19  P_soft 0.234  (28s)
  step  325  sig 32.00  T  -21.6  loss 15.932  logE[BER] -13.52  P_soft 0.241  (31s)
  step  350  sig  4.00  T  -22.7  loss 16.979  logE[BER] -15.27  P_soft 0.171  (33s)
  step  375  sig 32.00  T  -20.7  loss 16.277  logE[BER] -13.34  P_soft 0.294  (35s)
  step  400  sig  4.00  T  -20.5  loss 10.190  logE[BER] -8.00  P_soft 0.219  (38s)
  step  425  sig  8.00  T  -21.8  loss 16.214  logE[BER] -13.83  P_soft 0.238  (40s)
  step  450  sig  0.25  T  -25.7  loss 42.394  logE[BER] -40.61  P_soft 0.179  (42s)
  step  475  sig 64.00  T  -16.9  loss 11.228  logE[BER] -7.64  P_soft 0.359  (45s)
  step  500  sig  0.25  T  -25.3  loss 21.439  logE[BER] -19.33  P_soft 0.211  (47s)
  step  525  sig 32.00  T  -14.1  loss 11.101  logE[BER] -5.88  P_soft 0.522  (49s)
  step  550  sig 64.00  T  -29.1  loss 68.685  logE[BER] -66.71  P_soft 0.197  (52s)
  step  575  sig 64.00  T  -15.1  loss 10.430  logE[BER] -6.64  P_soft 0.379  (54s)
  step  600  sig 64.00  T  -11.6  loss 11.096  logE[BER] -5.29  P_soft 0.581  (56s)
  step  625  sig 16.00  T  -12.4  loss 10.584  logE[BER] -5.45  P_soft 0.514  (58s)
  step  650  sig  0.25  T  -17.5  loss 9.737  logE[BER] -7.31  P_soft 0.242  (61s)
  step  675  sig  8.00  T  -15.9  loss 9.792  logE[BER] -6.27  P_soft 0.353  (63s)
  step  700  sig  8.00  T  -22.8  loss 32.188  logE[BER] -29.26  P_soft 0.293  (65s)
  step  725  sig  1.00  T  -19.5  loss 10.336  logE[BER] -7.75  P_soft 0.258  (68s)
  step  750  sig  0.00  T  -18.8  loss 9.715  logE[BER] -7.29  P_soft 0.243  (70s)
  step  775  sig 64.00  T  -18.3  loss 12.846  logE[BER] -8.99  P_soft 0.385  (72s)
  step  800  sig  4.00  T  -28.8  loss 62.430  logE[BER] -60.32  P_soft 0.211  (74s)
  step  825  sig  0.00  T  -17.0  loss 8.959  logE[BER] -6.47  P_soft 0.249  (77s)
  step  850  sig  4.00  T  -21.4  loss 12.155  logE[BER] -9.28  P_soft 0.287  (79s)
  step  875  sig 16.00  T  -11.0  loss 11.704  logE[BER] -5.42  P_soft 0.628  (81s)
  step  900  sig  0.50  T  -20.9  loss 14.513  logE[BER] -12.16  P_soft 0.236  (84s)
  step  925  sig  0.50  T  -24.6  loss 26.759  logE[BER] -24.50  P_soft 0.226  (86s)
  step  950  sig  0.00  T  -14.8  loss 9.330  logE[BER] -5.85  P_soft 0.348  (88s)
  step  975  sig  0.50  T  -14.7  loss 9.757  logE[BER] -5.90  P_soft 0.385  (91s)
  step 1000  sig 16.00  T  -21.3  loss 15.288  logE[BER] -12.75  P_soft 0.254  (93s)
  step 1025  sig 32.00  T  -16.9  loss 9.550  logE[BER] -6.96  P_soft 0.259  (95s)
  step 1050  sig  0.00  T  -10.8  loss 12.133  logE[BER] -5.44  P_soft 0.669  (98s)
  step 1075  sig  0.50  T  -16.5  loss 9.244  logE[BER] -6.18  P_soft 0.306  (100s)
  step 1100  sig 32.00  T  -18.0  loss 10.902  logE[BER] -7.32  P_soft 0.358  (102s)
  step 1125  sig  2.00  T  -14.3  loss 10.809  logE[BER] -5.98  P_soft 0.483  (105s)
  step 1150  sig  4.00  T  -14.2  loss 10.642  logE[BER] -5.66  P_soft 0.498  (107s)
  step 1175  sig  4.00  T  -22.4  loss 17.243  logE[BER] -14.90  P_soft 0.234  (109s)
  step 1200  sig  0.00  T  -19.3  loss 10.852  logE[BER] -7.67  P_soft 0.319  (112s)
  step 1225  sig  0.50  T  -10.3  loss 11.037  logE[BER] -4.96  P_soft 0.608  (114s)
  step 1250  sig  8.00  T  -15.0  loss 10.867  logE[BER] -6.54  P_soft 0.432  (117s)
  step 1275  sig  0.00  T  -24.1  loss 23.842  logE[BER] -21.45  P_soft 0.239  (119s)
  step 1300  sig  2.00  T  -10.3  loss 11.910  logE[BER] -5.09  P_soft 0.682  (121s)
  step 1325  sig 16.00  T  -15.2  loss 11.675  logE[BER] -6.73  P_soft 0.495  (124s)
  step 1350  sig 64.00  T  -11.5  loss 11.883  logE[BER] -5.74  P_soft 0.614  (126s)
  step 1375  sig 32.00  T  -15.8  loss 10.751  logE[BER] -6.27  P_soft 0.448  (129s)
  step 1400  sig 32.00  T  -29.7  loss 63.032  logE[BER] -61.39  P_soft 0.164  (131s)
  step 1425  sig  8.00  T  -23.1  loss 23.566  logE[BER] -20.07  P_soft 0.349  (134s)
  step 1450  sig  0.50  T  -21.7  loss 16.396  logE[BER] -14.20  P_soft 0.220  (136s)
  step 1475  sig 32.00  T  -29.9  loss 75.296  logE[BER] -73.06  P_soft 0.224  (138s)
  step 1500  sig 32.00  T  -25.8  loss 31.385  logE[BER] -28.94  P_soft 0.245  (141s)
  step 1525  sig 64.00  T  -19.7  loss 11.214  logE[BER] -8.26  P_soft 0.296  (143s)
  step 1550  sig 64.00  T  -21.2  loss 12.921  logE[BER] -10.00  P_soft 0.292  (146s)
  step 1575  sig  4.00  T  -19.4  loss 33.012  logE[BER] -28.79  P_soft 0.423  (148s)
  step 1600  sig 16.00  T  -15.4  loss 12.199  logE[BER] -7.12  P_soft 0.508  (151s)
  step 1625  sig  0.50  T  -10.1  loss 12.335  logE[BER] -5.31  P_soft 0.703  (153s)
  step 1650  sig  2.00  T  -21.4  loss 31.567  logE[BER] -28.31  P_soft 0.325  (155s)
  step 1675  sig  2.00  T  -18.2  loss 12.946  logE[BER] -9.26  P_soft 0.368  (158s)
  step 1700  sig 64.00  T  -29.5  loss 70.114  logE[BER] -68.17  P_soft 0.194  (160s)
  step 1725  sig  8.00  T  -10.6  loss 13.347  logE[BER] -5.74  P_soft 0.761  (163s)
  step 1750  sig 32.00  T  -21.1  loss 12.123  logE[BER] -9.26  P_soft 0.287  (165s)
  step 1775  sig  0.00  T  -28.0  loss 48.893  logE[BER] -46.93  P_soft 0.196  (168s)
  step 1800  sig  8.00  T  -17.7  loss 11.628  logE[BER] -7.81  P_soft 0.382  (170s)
  step 1825  sig 16.00  T  -14.0  loss 11.195  logE[BER] -6.36  P_soft 0.483  (173s)
  step 1850  sig  0.50  T  -24.5  loss 17.058  logE[BER] -15.01  P_soft 0.205  (175s)
  step 1875  sig 64.00  T  -10.4  loss 10.992  logE[BER] -5.19  P_soft 0.580  (177s)
  step 1900  sig  0.50  T  -13.1  loss 10.211  logE[BER] -5.49  P_soft 0.472  (180s)
  step 1925  sig  0.25  T  -26.7  loss 37.083  logE[BER] -35.33  P_soft 0.176  (182s)
  step 1950  sig  0.00  T  -21.1  loss 10.723  logE[BER] -8.51  P_soft 0.222  (185s)
  step 1975  sig  0.50  T  -23.9  loss 14.954  logE[BER] -12.86  P_soft 0.209  (187s)
  step 1999  sig  0.00  T  -26.9  loss 44.692  logE[BER] -42.44  P_soft 0.226  (190s)
wrote ../artifacts/cgan/team_policy/run001/snr15_b10_policy.pt
