node: tikgpu04.ee.ethz.ch | gpu: NVIDIA TITAN RTX
task 0 | train | SNR 15 dB | beta 0 | device cuda:0
  CNN threshold -2.18555, clean std 0.844373; budget band (-30.0, -10.0) dB
  step    0  sig  0.50  T  -23.5  loss 26.421  logE[BER] -26.42  P_soft 0.187  (0s)
  step   25  sig  2.00  T  -15.2  loss 6.718  logE[BER] -6.72  P_soft 0.309  (3s)
  step   50  sig 64.00  T  -24.4  loss 37.660  logE[BER] -37.66  P_soft 0.183  (5s)
  step   75  sig  8.00  T  -29.9  loss 71.818  logE[BER] -71.82  P_soft 0.195  (7s)
  step  100  sig  1.00  T  -29.3  loss 61.489  logE[BER] -61.49  P_soft 0.179  (9s)
  step  125  sig  0.25  T  -25.0  loss 18.503  logE[BER] -18.50  P_soft 0.189  (12s)
  step  150  sig  0.00  T  -19.2  loss 7.475  logE[BER] -7.47  P_soft 0.245  (14s)
  step  175  sig  0.50  T  -20.1  loss 7.685  logE[BER] -7.69  P_soft 0.262  (16s)
  step  200  sig  2.00  T  -16.6  loss 6.209  logE[BER] -6.21  P_soft 0.294  (18s)
  step  225  sig  0.50  T  -15.0  loss 5.904  logE[BER] -5.90  P_soft 0.308  (21s)
  step  250  sig  0.00  T  -18.8  loss 7.026  logE[BER] -7.03  P_soft 0.199  (23s)
  step  275  sig  4.00  T  -22.5  loss 14.809  logE[BER] -14.81  P_soft 0.248  (25s)
  step  300  sig 32.00  T  -11.5  loss 5.414  logE[BER] -5.41  P_soft 0.582  (27s)
  step  325  sig  4.00  T  -26.6  loss 44.612  logE[BER] -44.61  P_soft 0.144  (30s)
  step  350  sig 64.00  T  -13.3  loss 5.813  logE[BER] -5.81  P_soft 0.477  (32s)
  step  375  sig  0.25  T  -30.0  loss 64.662  logE[BER] -64.66  P_soft 0.240  (34s)
  step  400  sig  4.00  T  -19.0  loss 7.543  logE[BER] -7.54  P_soft 0.255  (36s)
  step  425  sig  0.00  T  -17.2  loss 6.262  logE[BER] -6.26  P_soft 0.299  (39s)
  step  450  sig  1.00  T  -10.3  loss 5.196  logE[BER] -5.20  P_soft 0.635  (41s)
  step  475  sig  8.00  T  -14.5  loss 5.793  logE[BER] -5.79  P_soft 0.375  (43s)
  step  500  sig 16.00  T  -18.3  loss 8.503  logE[BER] -8.50  P_soft 0.261  (45s)
  step  525  sig 32.00  T  -23.2  loss 20.036  logE[BER] -20.04  P_soft 0.309  (48s)
  step  550  sig  1.00  T  -13.1  loss 5.515  logE[BER] -5.52  P_soft 0.488  (50s)
  step  575  sig  4.00  T  -20.2  loss 9.117  logE[BER] -9.12  P_soft 0.278  (52s)
  step  600  sig  4.00  T  -26.8  loss 35.923  logE[BER] -35.92  P_soft 0.187  (55s)
  step  625  sig  0.00  T  -12.5  loss 5.621  logE[BER] -5.62  P_soft 0.513  (57s)
  step  650  sig  2.00  T  -25.2  loss 29.442  logE[BER] -29.44  P_soft 0.186  (59s)
  step  675  sig  1.00  T  -20.8  loss 7.911  logE[BER] -7.91  P_soft 0.226  (61s)
  step  700  sig 64.00  T  -27.0  loss 37.127  logE[BER] -37.13  P_soft 0.146  (64s)
  step  725  sig  8.00  T  -13.4  loss 5.337  logE[BER] -5.34  P_soft 0.428  (66s)
  step  750  sig  8.00  T  -15.5  loss 5.987  logE[BER] -5.99  P_soft 0.310  (68s)
  step  775  sig 16.00  T  -16.7  loss 6.467  logE[BER] -6.47  P_soft 0.274  (70s)
  step  800  sig  8.00  T  -19.1  loss 7.661  logE[BER] -7.66  P_soft 0.307  (73s)
  step  825  sig  0.00  T  -21.6  loss 7.973  logE[BER] -7.97  P_soft 0.224  (75s)
  step  850  sig  8.00  T  -28.5  loss 54.833  logE[BER] -54.83  P_soft 0.203  (77s)
  step  875  sig  1.00  T  -21.8  loss 8.721  logE[BER] -8.72  P_soft 0.262  (79s)
  step  900  sig 32.00  T  -23.4  loss 14.307  logE[BER] -14.31  P_soft 0.287  (82s)
  step  925  sig  0.00  T  -26.4  loss 21.010  logE[BER] -21.01  P_soft 0.204  (84s)
  step  950  sig  0.25  T  -29.8  loss 43.427  logE[BER] -43.43  P_soft 0.193  (86s)
  step  975  sig  4.00  T  -13.9  loss 5.512  logE[BER] -5.51  P_soft 0.415  (88s)
  step 1000  sig  2.00  T  -16.5  loss 6.212  logE[BER] -6.21  P_soft 0.297  (91s)
  step 1025  sig 32.00  T  -27.4  loss 42.258  logE[BER] -42.26  P_soft 0.184  (93s)
  step 1050  sig  0.25  T  -10.2  loss 5.240  logE[BER] -5.24  P_soft 0.590  (95s)
  step 1075  sig  8.00  T  -26.0  loss 44.615  logE[BER] -44.61  P_soft 0.192  (97s)
  step 1100  sig  4.00  T  -12.5  loss 5.283  logE[BER] -5.28  P_soft 0.497  (100s)
  step 1125  sig  1.00  T  -23.0  loss 9.931  logE[BER] -9.93  P_soft 0.196  (102s)
  step 1150  sig 16.00  T  -24.1  loss 40.619  logE[BER] -40.62  P_soft 0.213  (104s)
  step 1175  sig  0.00  T  -13.0  loss 5.584  logE[BER] -5.58  P_soft 0.429  (106s)
  step 1200  sig  4.00  T  -13.0  loss 5.361  logE[BER] -5.36  P_soft 0.353  (109s)
  step 1225  sig  2.00  T  -16.8  loss 6.652  logE[BER] -6.65  P_soft 0.344  (111s)
  step 1250  sig 32.00  T  -20.2  loss 9.037  logE[BER] -9.04  P_soft 0.284  (113s)
  step 1275  sig 16.00  T  -26.8  loss 39.835  logE[BER] -39.83  P_soft 0.207  (115s)
  step 1300  sig  1.00  T  -28.4  loss 52.227  logE[BER] -52.23  P_soft 0.230  (118s)
  step 1325  sig 64.00  T  -23.1  loss 13.539  logE[BER] -13.54  P_soft 0.223  (120s)
  step 1350  sig  2.00  T  -27.7  loss 56.280  logE[BER] -56.28  P_soft 0.184  (122s)
  step 1375  sig 32.00  T  -18.0  loss 7.939  logE[BER] -7.94  P_soft 0.261  (124s)
  step 1400  sig  4.00  T  -23.2  loss 19.900  logE[BER] -19.90  P_soft 0.208  (127s)
  step 1425  sig  8.00  T  -21.2  loss 10.098  logE[BER] -10.10  P_soft 0.282  (129s)
  step 1450  sig  8.00  T  -21.8  loss 12.482  logE[BER] -12.48  P_soft 0.200  (131s)
  step 1475  sig  8.00  T  -16.4  loss 6.355  logE[BER] -6.35  P_soft 0.342  (134s)
  step 1500  sig 16.00  T  -14.8  loss 6.336  logE[BER] -6.34  P_soft 0.422  (136s)
  step 1525  sig 16.00  T  -24.7  loss 17.603  logE[BER] -17.60  P_soft 0.182  (138s)
  step 1550  sig  0.00  T  -11.1  loss 5.484  logE[BER] -5.48  P_soft 0.626  (140s)
  step 1575  sig  4.00  T  -16.0  loss 6.364  logE[BER] -6.36  P_soft 0.309  (143s)
  step 1600  sig  0.50  T  -21.1  loss 7.994  logE[BER] -7.99  P_soft 0.224  (145s)
  step 1625  sig  0.00  T  -27.6  loss 48.024  logE[BER] -48.02  P_soft 0.202  (147s)
  step 1650  sig  8.00  T  -20.3  loss 8.797  logE[BER] -8.80  P_soft 0.272  (149s)
  step 1675  sig 16.00  T  -17.9  loss 7.418  logE[BER] -7.42  P_soft 0.364  (152s)
  step 1700  sig 32.00  T  -18.0  loss 7.354  logE[BER] -7.35  P_soft 0.341  (154s)
  step 1725  sig  0.25  T  -27.0  loss 36.984  logE[BER] -36.98  P_soft 0.183  (156s)
  step 1750  sig 64.00  T  -20.6  loss 14.327  logE[BER] -14.33  P_soft 0.252  (158s)
  step 1775  sig  2.00  T  -17.0  loss 6.992  logE[BER] -6.99  P_soft 0.351  (161s)
  step 1800  sig  2.00  T  -21.1  loss 9.061  logE[BER] -9.06  P_soft 0.228  (163s)
  step 1825  sig 32.00  T  -25.4  loss 40.302  logE[BER] -40.30  P_soft 0.172  (165s)
  step 1850  sig  1.00  T  -12.9  loss 5.410  logE[BER] -5.41  P_soft 0.442  (167s)
  step 1875  sig  0.25  T  -21.6  loss 10.983  logE[BER] -10.98  P_soft 0.171  (170s)
  step 1900  sig  1.00  T  -24.2  loss 18.687  logE[BER] -18.69  P_soft 0.180  (172s)
  step 1925  sig  1.00  T  -24.8  loss 12.200  logE[BER] -12.20  P_soft 0.187  (174s)
  step 1950  sig  0.00  T  -14.3  loss 5.641  logE[BER] -5.64  P_soft 0.396  (177s)
  step 1975  sig  0.25  T  -22.4  loss 8.297  logE[BER] -8.30  P_soft 0.240  (179s)
  step 1999  sig  2.00  T  -12.0  loss 5.426  logE[BER] -5.43  P_soft 0.611  (181s)
wrote ../artifacts/cgan/team_policy/run001/snr15_b0_policy.pt
