node: tikgpu04.ee.ethz.ch | gpu: NVIDIA TITAN RTX
task 2 | train | SNR 30 dB | beta 0 | device cuda:0
  CNN threshold -3.17573, clean std 0.940603; budget band (-30.0, -10.0) dB
  step    0  sig  2.00  T  -13.6  loss 6.007  logE[BER] -6.01  P_soft 0.945  (1s)
  step   25  sig  4.00  T  -21.7  loss 71.610  logE[BER] -71.61  P_soft 0.535  (3s)
  step   50  sig  0.50  T  -14.8  loss 6.238  logE[BER] -6.24  P_soft 0.926  (5s)
  step   75  sig  1.00  T  -11.8  loss 5.238  logE[BER] -5.24  P_soft 0.997  (7s)
  step  100  sig  0.50  T  -20.5  loss 8.318  logE[BER] -8.32  P_soft 0.897  (9s)
  step  125  sig 64.00  T  -24.0  loss 856.558  logE[BER] -856.56  P_soft 0.725  (12s)
  step  150  sig 32.00  T  -22.1  loss 293.317  logE[BER] -293.32  P_soft 0.867  (14s)
  step  175  sig  0.25  T  -23.7  loss 9.662  logE[BER] -9.66  P_soft 0.753  (16s)
  step  200  sig  0.00  T  -10.7  loss 5.649  logE[BER] -5.65  P_soft 0.999  (18s)
  step  225  sig  0.00  T  -23.7  loss 89.796  logE[BER] -89.80  P_soft 0.648  (21s)
  step  250  sig  8.00  T  -16.7  loss 7.063  logE[BER] -7.06  P_soft 0.947  (23s)
  step  275  sig 64.00  T  -10.3  loss 5.237  logE[BER] -5.24  P_soft 0.999  (25s)
  step  300  sig 64.00  T  -23.9  loss 540.128  logE[BER] -540.13  P_soft 0.694  (27s)
  step  325  sig  0.25  T  -13.0  loss 5.485  logE[BER] -5.48  P_soft 0.995  (30s)
  step  350  sig  1.00  T  -11.4  loss 5.245  logE[BER] -5.25  P_soft 0.999  (32s)
  step  375  sig  1.00  T  -11.8  loss 5.265  logE[BER] -5.26  P_soft 0.999  (34s)
  step  400  sig 64.00  T  -13.1  loss 5.788  logE[BER] -5.79  P_soft 0.996  (36s)
  step  425  sig 32.00  T  -21.6  loss 80.410  logE[BER] -80.41  P_soft 0.813  (38s)
  step  450  sig 32.00  T  -28.8  loss 1717.021  logE[BER] -1717.02  P_soft 0.422  (41s)
  step  475  sig 16.00  T  -21.0  loss 78.030  logE[BER] -78.03  P_soft 0.809  (43s)
  step  500  sig  0.50  T  -22.0  loss 181.783  logE[BER] -181.78  P_soft 0.717  (45s)
  step  525  sig  0.50  T  -29.9  loss 1748.867  logE[BER] -1748.87  P_soft 0.296  (47s)
  step  550  sig 16.00  T  -17.4  loss 6.516  logE[BER] -6.52  P_soft 0.930  (50s)
  step  575  sig 32.00  T  -12.0  loss 5.287  logE[BER] -5.29  P_soft 0.998  (52s)
  step  600  sig 16.00  T  -20.2  loss 27.011  logE[BER] -27.01  P_soft 0.850  (54s)
  step  625  sig  4.00  T  -19.8  loss 7.917  logE[BER] -7.92  P_soft 0.925  (56s)
  step  650  sig 64.00  T  -23.0  loss 455.092  logE[BER] -455.09  P_soft 0.683  (59s)
  step  675  sig 64.00  T  -14.8  loss 6.383  logE[BER] -6.38  P_soft 0.994  (61s)
  step  700  sig 32.00  T  -28.3  loss 1562.982  logE[BER] -1562.98  P_soft 0.512  (63s)
  step  725  sig 16.00  T  -10.3  loss 5.243  logE[BER] -5.24  P_soft 0.999  (65s)
  step  750  sig  1.00  T  -11.0  loss 5.301  logE[BER] -5.30  P_soft 0.998  (68s)
  step  775  sig  8.00  T  -17.7  loss 6.761  logE[BER] -6.76  P_soft 0.953  (70s)
  step  800  sig 64.00  T  -20.0  loss 16.278  logE[BER] -16.28  P_soft 0.928  (72s)
  step  825  sig  2.00  T  -14.5  loss 6.066  logE[BER] -6.07  P_soft 0.982  (74s)
  step  850  sig  1.00  T  -19.2  loss 6.931  logE[BER] -6.93  P_soft 0.914  (77s)
  step  875  sig  2.00  T  -20.6  loss 9.011  logE[BER] -9.01  P_soft 0.823  (79s)
  step  900  sig 16.00  T  -27.5  loss 1242.528  logE[BER] -1242.53  P_soft 0.462  (81s)
  step  925  sig 64.00  T  -22.1  loss 237.704  logE[BER] -237.70  P_soft 0.799  (83s)
  step  950  sig  0.00  T  -15.5  loss 6.220  logE[BER] -6.22  P_soft 0.969  (86s)
  step  975  sig 16.00  T  -29.8  loss 2007.668  logE[BER] -2007.67  P_soft 0.351  (88s)
  step 1000  sig 32.00  T  -18.2  loss 7.199  logE[BER] -7.20  P_soft 0.933  (90s)
  step 1025  sig 16.00  T  -19.2  loss 8.209  logE[BER] -8.21  P_soft 0.872  (92s)
  step 1050  sig  8.00  T  -22.7  loss 251.848  logE[BER] -251.85  P_soft 0.738  (95s)
  step 1075  sig  1.00  T  -28.6  loss 1275.494  logE[BER] -1275.49  P_soft 0.307  (97s)
  step 1100  sig 16.00  T  -13.4  loss 5.442  logE[BER] -5.44  P_soft 0.995  (99s)
  step 1125  sig  0.00  T  -25.1  loss 417.372  logE[BER] -417.37  P_soft 0.562  (101s)
  step 1150  sig 16.00  T  -24.7  loss 428.509  logE[BER] -428.51  P_soft 0.614  (104s)
  step 1175  sig 64.00  T  -25.9  loss 1015.589  logE[BER] -1015.59  P_soft 0.497  (106s)
  step 1200  sig 64.00  T  -19.7  loss 7.912  logE[BER] -7.91  P_soft 0.890  (108s)
  step 1225  sig  2.00  T  -29.5  loss 1476.765  logE[BER] -1476.76  P_soft 0.331  (110s)
  step 1250  sig  0.50  T  -22.5  loss 8.318  logE[BER] -8.32  P_soft 0.627  (113s)
  step 1275  sig  0.25  T  -18.1  loss 6.931  logE[BER] -6.93  P_soft 0.914  (115s)
  step 1300  sig 16.00  T  -28.7  loss 1474.151  logE[BER] -1474.15  P_soft 0.395  (117s)
  step 1325  sig  0.25  T  -29.7  loss 1447.701  logE[BER] -1447.70  P_soft 0.348  (119s)
  step 1350  sig  2.00  T  -23.1  loss 94.309  logE[BER] -94.31  P_soft 0.688  (122s)
  step 1375  sig  8.00  T  -10.7  loss 5.052  logE[BER] -5.05  P_soft 0.999  (124s)
  step 1400  sig  8.00  T  -23.0  loss 114.847  logE[BER] -114.85  P_soft 0.648  (126s)
  step 1425  sig 64.00  T  -20.3  loss 8.328  logE[BER] -8.33  P_soft 0.893  (128s)
  step 1450  sig  0.50  T  -13.5  loss 5.578  logE[BER] -5.58  P_soft 0.994  (131s)
  step 1475  sig 16.00  T  -25.2  loss 780.890  logE[BER] -780.89  P_soft 0.674  (133s)
  step 1500  sig  4.00  T  -16.6  loss 6.852  logE[BER] -6.85  P_soft 0.981  (135s)
  step 1525  sig  0.00  T  -25.1  loss 632.653  logE[BER] -632.65  P_soft 0.542  (137s)
  step 1550  sig 32.00  T  -11.3  loss 5.438  logE[BER] -5.44  P_soft 0.999  (140s)
  step 1575  sig  0.25  T  -22.8  loss 9.361  logE[BER] -9.36  P_soft 0.763  (142s)
  step 1600  sig  0.25  T  -27.1  loss 490.546  logE[BER] -490.55  P_soft 0.377  (144s)
  step 1625  sig 64.00  T  -18.0  loss 7.688  logE[BER] -7.69  P_soft 0.956  (146s)
  step 1650  sig 32.00  T  -18.0  loss 7.450  logE[BER] -7.45  P_soft 0.961  (149s)
  step 1675  sig  0.25  T  -22.5  loss 27.514  logE[BER] -27.51  P_soft 0.692  (151s)
  step 1700  sig  0.50  T  -18.7  loss 7.222  logE[BER] -7.22  P_soft 0.956  (153s)
  step 1725  sig  1.00  T  -25.3  loss 867.883  logE[BER] -867.88  P_soft 0.514  (155s)
  step 1750  sig 32.00  T  -15.5  loss 6.372  logE[BER] -6.37  P_soft 0.992  (158s)
  step 1775  sig  1.00  T  -26.7  loss 227.898  logE[BER] -227.90  P_soft 0.405  (160s)
  step 1800  sig  0.00  T  -24.8  loss 534.964  logE[BER] -534.96  P_soft 0.466  (162s)
  step 1825  sig  0.00  T  -18.2  loss 7.062  logE[BER] -7.06  P_soft 0.898  (164s)
  step 1850  sig  0.50  T  -25.2  loss 178.705  logE[BER] -178.71  P_soft 0.480  (167s)
  step 1875  sig 16.00  T  -16.9  loss 6.872  logE[BER] -6.87  P_soft 0.944  (169s)
  step 1900  sig  0.00  T  -19.7  loss 7.625  logE[BER] -7.62  P_soft 0.898  (171s)
  step 1925  sig  1.00  T  -19.2  loss 7.624  logE[BER] -7.62  P_soft 0.874  (174s)
  step 1950  sig  1.00  T  -29.3  loss 1165.340  logE[BER] -1165.34  P_soft 0.310  (176s)
  step 1975  sig  0.25  T  -10.3  loss 5.122  logE[BER] -5.12  P_soft 0.999  (178s)
  step 1999  sig  2.00  T  -22.0  loss 23.485  logE[BER] -23.49  P_soft 0.595  (180s)
wrote ../artifacts/cgan/team_policy/run001/snr30_b0_policy.pt
