node: tikgpu04.ee.ethz.ch | gpu: NVIDIA TITAN RTX
task 0 | train | SNR 15 dB | beta 0 | device cuda:0
  CNN threshold -2.18555, clean std 0.844373; budget band (-30.0, -10.0) dB
  step    0  sig  0.50  T  -23.5  loss 41.630  logE[BER] -41.63  P_soft 0.233  (1s)
  step   25  sig  2.00  T  -15.2  loss 7.353  logE[BER] -7.35  P_soft 0.323  (3s)
  step   50  sig 64.00  T  -24.4  loss 40.106  logE[BER] -40.11  P_soft 0.158  (5s)
  step   75  sig  8.00  T  -29.9  loss 76.084  logE[BER] -76.08  P_soft 0.184  (7s)
  step  100  sig  1.00  T  -29.3  loss 56.887  logE[BER] -56.89  P_soft 0.200  (10s)
  step  125  sig  0.25  T  -25.0  loss 35.023  logE[BER] -35.02  P_soft 0.213  (12s)
  step  150  sig  0.00  T  -19.2  loss 8.015  logE[BER] -8.02  P_soft 0.255  (14s)
  step  175  sig  0.50  T  -20.1  loss 7.920  logE[BER] -7.92  P_soft 0.209  (16s)
  step  200  sig  2.00  T  -16.6  loss 6.577  logE[BER] -6.58  P_soft 0.297  (18s)
  step  225  sig  0.50  T  -15.0  loss 5.896  logE[BER] -5.90  P_soft 0.321  (21s)
  step  250  sig  0.00  T  -18.8  loss 7.623  logE[BER] -7.62  P_soft 0.218  (23s)
  step  275  sig  4.00  T  -22.5  loss 14.268  logE[BER] -14.27  P_soft 0.214  (25s)
  step  300  sig 32.00  T  -11.5  loss 5.220  logE[BER] -5.22  P_soft 0.503  (27s)
  step  325  sig  4.00  T  -26.6  loss 39.399  logE[BER] -39.40  P_soft 0.162  (30s)
  step  350  sig 64.00  T  -13.3  loss 5.825  logE[BER] -5.82  P_soft 0.537  (32s)
  step  375  sig  0.25  T  -30.0  loss 63.681  logE[BER] -63.68  P_soft 0.238  (34s)
  step  400  sig  4.00  T  -19.0  loss 7.623  logE[BER] -7.62  P_soft 0.263  (36s)
  step  425  sig  0.00  T  -17.2  loss 6.394  logE[BER] -6.39  P_soft 0.310  (39s)
  step  450  sig  1.00  T  -10.3  loss 5.197  logE[BER] -5.20  P_soft 0.589  (41s)
  step  475  sig  8.00  T  -14.5  loss 5.792  logE[BER] -5.79  P_soft 0.391  (43s)
  step  500  sig 16.00  T  -18.3  loss 7.073  logE[BER] -7.07  P_soft 0.259  (45s)
  step  525  sig 32.00  T  -23.2  loss 15.653  logE[BER] -15.65  P_soft 0.236  (48s)
  step  550  sig  1.00  T  -13.1  loss 5.604  logE[BER] -5.60  P_soft 0.473  (50s)
  step  575  sig  4.00  T  -20.2  loss 11.626  logE[BER] -11.63  P_soft 0.273  (52s)
  step  600  sig  4.00  T  -26.8  loss 34.977  logE[BER] -34.98  P_soft 0.189  (54s)
  step  625  sig  0.00  T  -12.5  loss 5.355  logE[BER] -5.35  P_soft 0.618  (57s)
  step  650  sig  2.00  T  -25.2  loss 28.271  logE[BER] -28.27  P_soft 0.218  (59s)
  step  675  sig  1.00  T  -20.8  loss 8.781  logE[BER] -8.78  P_soft 0.189  (61s)
  step  700  sig 64.00  T  -27.0  loss 62.630  logE[BER] -62.63  P_soft 0.152  (63s)
  step  725  sig  8.00  T  -13.4  loss 5.576  logE[BER] -5.58  P_soft 0.502  (66s)
  step  750  sig  8.00  T  -15.5  loss 5.870  logE[BER] -5.87  P_soft 0.372  (68s)
  step  775  sig 16.00  T  -16.7  loss 6.570  logE[BER] -6.57  P_soft 0.346  (70s)
  step  800  sig  8.00  T  -19.1  loss 8.450  logE[BER] -8.45  P_soft 0.304  (73s)
  step  825  sig  0.00  T  -21.6  loss 8.507  logE[BER] -8.51  P_soft 0.258  (75s)
  step  850  sig  8.00  T  -28.5  loss 64.792  logE[BER] -64.79  P_soft 0.208  (77s)
  step  875  sig  1.00  T  -21.8  loss 12.721  logE[BER] -12.72  P_soft 0.250  (79s)
  step  900  sig 32.00  T  -23.4  loss 14.710  logE[BER] -14.71  P_soft 0.231  (82s)
  step  925  sig  0.00  T  -26.4  loss 37.121  logE[BER] -37.12  P_soft 0.214  (84s)
  step  950  sig  0.25  T  -29.8  loss 57.064  logE[BER] -57.06  P_soft 0.165  (86s)
  step  975  sig  4.00  T  -13.9  loss 5.765  logE[BER] -5.76  P_soft 0.463  (88s)
  step 1000  sig  2.00  T  -16.5  loss 6.856  logE[BER] -6.86  P_soft 0.301  (91s)
  step 1025  sig 32.00  T  -27.4  loss 50.133  logE[BER] -50.13  P_soft 0.215  (93s)
  step 1050  sig  0.25  T  -10.2  loss 5.267  logE[BER] -5.27  P_soft 0.644  (95s)
  step 1075  sig  8.00  T  -26.0  loss 48.313  logE[BER] -48.31  P_soft 0.184  (97s)
  step 1100  sig  4.00  T  -12.5  loss 5.629  logE[BER] -5.63  P_soft 0.489  (100s)
  step 1125  sig  1.00  T  -23.0  loss 10.165  logE[BER] -10.17  P_soft 0.230  (102s)
  step 1150  sig 16.00  T  -24.1  loss 26.651  logE[BER] -26.65  P_soft 0.170  (104s)
  step 1175  sig  0.00  T  -13.0  loss 5.491  logE[BER] -5.49  P_soft 0.587  (106s)
  step 1200  sig  4.00  T  -13.0  loss 5.737  logE[BER] -5.74  P_soft 0.501  (109s)
  step 1225  sig  2.00  T  -16.8  loss 6.422  logE[BER] -6.42  P_soft 0.439  (111s)
  step 1250  sig 32.00  T  -20.2  loss 9.339  logE[BER] -9.34  P_soft 0.269  (113s)
  step 1275  sig 16.00  T  -26.8  loss 40.190  logE[BER] -40.19  P_soft 0.181  (115s)
  step 1300  sig  1.00  T  -28.4  loss 35.431  logE[BER] -35.43  P_soft 0.205  (118s)
  step 1325  sig 64.00  T  -23.1  loss 17.175  logE[BER] -17.18  P_soft 0.252  (120s)
  step 1350  sig  2.00  T  -27.7  loss 47.188  logE[BER] -47.19  P_soft 0.198  (122s)
  step 1375  sig 32.00  T  -18.0  loss 6.937  logE[BER] -6.94  P_soft 0.299  (124s)
  step 1400  sig  4.00  T  -23.2  loss 29.776  logE[BER] -29.78  P_soft 0.210  (127s)
  step 1425  sig  8.00  T  -21.2  loss 10.510  logE[BER] -10.51  P_soft 0.227  (129s)
  step 1450  sig  8.00  T  -21.8  loss 12.632  logE[BER] -12.63  P_soft 0.215  (131s)
  step 1475  sig  8.00  T  -16.4  loss 6.339  logE[BER] -6.34  P_soft 0.326  (133s)
  step 1500  sig 16.00  T  -14.8  loss 6.321  logE[BER] -6.32  P_soft 0.450  (136s)
  step 1525  sig 16.00  T  -24.7  loss 35.092  logE[BER] -35.09  P_soft 0.187  (138s)
  step 1550  sig  0.00  T  -11.1  loss 5.028  logE[BER] -5.03  P_soft 0.607  (140s)
  step 1575  sig  4.00  T  -16.0  loss 6.405  logE[BER] -6.40  P_soft 0.317  (142s)
  step 1600  sig  0.50  T  -21.1  loss 9.009  logE[BER] -9.01  P_soft 0.270  (145s)
  step 1625  sig  0.00  T  -27.6  loss 35.359  logE[BER] -35.36  P_soft 0.241  (147s)
  step 1650  sig  8.00  T  -20.3  loss 8.871  logE[BER] -8.87  P_soft 0.298  (149s)
  step 1675  sig 16.00  T  -17.9  loss 7.693  logE[BER] -7.69  P_soft 0.301  (151s)
  step 1700  sig 32.00  T  -18.0  loss 7.310  logE[BER] -7.31  P_soft 0.356  (154s)
  step 1725  sig  0.25  T  -27.0  loss 33.904  logE[BER] -33.90  P_soft 0.184  (156s)
  step 1750  sig 64.00  T  -20.6  loss 11.182  logE[BER] -11.18  P_soft 0.266  (158s)
  step 1775  sig  2.00  T  -17.0  loss 7.273  logE[BER] -7.27  P_soft 0.307  (161s)
  step 1800  sig  2.00  T  -21.1  loss 11.062  logE[BER] -11.06  P_soft 0.208  (163s)
  step 1825  sig 32.00  T  -25.4  loss 33.093  logE[BER] -33.09  P_soft 0.166  (165s)
  step 1850  sig  1.00  T  -12.9  loss 5.538  logE[BER] -5.54  P_soft 0.479  (167s)
  step 1875  sig  0.25  T  -21.6  loss 9.017  logE[BER] -9.02  P_soft 0.172  (170s)
  step 1900  sig  1.00  T  -24.2  loss 20.873  logE[BER] -20.87  P_soft 0.193  (172s)
  step 1925  sig  1.00  T  -24.8  loss 21.456  logE[BER] -21.46  P_soft 0.217  (174s)
  step 1950  sig  0.00  T  -14.3  loss 5.702  logE[BER] -5.70  P_soft 0.393  (176s)
  step 1975  sig  0.25  T  -22.4  loss 11.566  logE[BER] -11.57  P_soft 0.234  (179s)
  step 1999  sig  2.00  T  -12.0  loss 5.413  logE[BER] -5.41  P_soft 0.564  (181s)
wrote ../artifacts/cgan/team_policy/run001/snr15_b0_policy.pt
