node: tikgpu05.ee.ethz.ch | gpu: Tesla V100-PCIE-32GB
task 3 | train | SNR 30 dB | beta 10 | device cuda:0
  CNN threshold -3.17573, clean std 0.972924; budget band (-30.0, -10.0) dB; eff batch 256
  step    0  sig  1.00  T  -18.2  loss 16.621  logE[BER] -8.45  P_soft 0.817  (3s)
  step   25  sig  0.50  T  -11.7  loss 15.512  logE[BER] -5.58  P_soft 0.993  (20s)
  step   50  sig  2.00  T  -16.6  loss 16.241  logE[BER] -6.78  P_soft 0.946  (36s)
  step   75  sig 32.00  T  -21.8  loss 311.284  logE[BER] -303.43  P_soft 0.785  (52s)
  step  100  sig  4.00  T  -18.4  loss 17.268  logE[BER] -7.98  P_soft 0.929  (68s)
  step  125  sig  0.25  T  -14.4  loss 15.623  logE[BER] -5.78  P_soft 0.984  (84s)
  step  150  sig  2.00  T  -27.1  loss 948.069  logE[BER] -944.64  P_soft 0.343  (100s)
  step  175  sig  4.00  T  -15.8  loss 15.863  logE[BER] -6.07  P_soft 0.979  (116s)
  step  200  sig  4.00  T  -15.5  loss 16.024  logE[BER] -6.21  P_soft 0.981  (133s)
  step  225  sig  8.00  T  -15.6  loss 16.232  logE[BER] -6.42  P_soft 0.981  (149s)
  step  250  sig 16.00  T  -14.6  loss 15.889  logE[BER] -6.00  P_soft 0.989  (165s)
  step  275  sig  0.50  T  -21.0  loss 17.976  logE[BER] -10.00  P_soft 0.797  (181s)
  step  300  sig  0.00  T  -24.0  loss 196.462  logE[BER] -190.60  P_soft 0.587  (197s)
  step  325  sig  0.00  T  -13.0  loss 15.592  logE[BER] -5.64  P_soft 0.995  (213s)
  step  350  sig 32.00  T  -16.2  loss 16.470  logE[BER] -6.63  P_soft 0.984  (229s)
  step  375  sig  2.00  T  -28.4  loss 1182.386  logE[BER] -1178.92  P_soft 0.346  (245s)
  step  400  sig  1.00  T  -14.9  loss 15.644  logE[BER] -5.78  P_soft 0.987  (262s)
  step  425  sig  1.00  T  -13.3  loss 15.441  logE[BER] -5.50  P_soft 0.994  (278s)
  step  450  sig  0.00  T  -19.7  loss 16.066  logE[BER] -7.43  P_soft 0.863  (294s)
  step  475  sig  0.25  T  -23.8  loss 134.073  logE[BER] -128.17  P_soft 0.590  (310s)
  step  500  sig  4.00  T  -13.8  loss 15.631  logE[BER] -5.69  P_soft 0.994  (326s)
  step  525  sig  0.25  T  -22.4  loss 47.401  logE[BER] -40.97  P_soft 0.643  (342s)
  step  550  sig 32.00  T  -13.0  loss 15.679  logE[BER] -5.72  P_soft 0.996  (358s)
  step  575  sig  2.00  T  -23.5  loss 236.454  logE[BER] -230.18  P_soft 0.628  (374s)
  step  599  sig  0.25  T  -27.6  loss 697.603  logE[BER] -693.89  P_soft 0.372  (390s)
wrote ../artifacts/cgan/team_policy/run001/snr30_b10_policy.pt
