node: tikgpu04.ee.ethz.ch | gpu: NVIDIA TITAN RTX
task 3 | train | SNR 30 dB | beta 10 | device cuda:0
  CNN threshold -3.17573, clean std 0.940603; budget band (-30.0, -10.0) dB
  step    0  sig  8.00  T  -27.2  loss 1622.091  logE[BER] -1619.92  P_soft 0.217  (0s)
  step   25  sig  1.00  T  -15.7  loss 15.579  logE[BER] -6.37  P_soft 0.921  (3s)
  step   50  sig  0.25  T  -25.0  loss 418.533  logE[BER] -413.60  P_soft 0.494  (5s)
  step   75  sig  0.50  T  -14.8  loss 15.495  logE[BER] -5.88  P_soft 0.962  (7s)
  step  100  sig  8.00  T  -13.3  loss 15.396  logE[BER] -5.49  P_soft 0.991  (9s)
  step  125  sig 16.00  T  -16.9  loss 16.643  logE[BER] -6.95  P_soft 0.969  (12s)
  step  150  sig 16.00  T  -16.7  loss 17.165  logE[BER] -7.40  P_soft 0.976  (14s)
  step  175  sig 16.00  T  -10.5  loss 14.961  logE[BER] -4.97  P_soft 0.999  (16s)
  step  200  sig  4.00  T  -13.7  loss 15.447  logE[BER] -5.54  P_soft 0.991  (19s)
  step  225  sig  1.00  T  -14.5  loss 16.187  logE[BER] -6.22  P_soft 0.996  (21s)
  step  250  sig  0.25  T  -19.5  loss 15.967  logE[BER] -7.06  P_soft 0.891  (23s)
  step  275  sig  8.00  T  -28.3  loss 1290.576  logE[BER] -1287.07  P_soft 0.351  (25s)
  step  300  sig  0.50  T  -23.7  loss 139.227  logE[BER] -134.31  P_soft 0.492  (28s)
  step  325  sig  0.00  T  -20.9  loss 16.201  logE[BER] -8.32  P_soft 0.788  (30s)
  step  350  sig 16.00  T  -16.4  loss 16.571  logE[BER] -6.81  P_soft 0.976  (32s)
  step  375  sig  1.00  T  -19.1  loss 17.508  logE[BER] -8.32  P_soft 0.919  (34s)
  step  400  sig 64.00  T  -20.9  loss 27.265  logE[BER] -17.72  P_soft 0.955  (37s)
  step  425  sig  4.00  T  -13.1  loss 15.564  logE[BER] -5.59  P_soft 0.998  (39s)
  step  450  sig  1.00  T  -20.7  loss 17.973  logE[BER] -8.93  P_soft 0.904  (41s)
  step  475  sig  0.00  T  -20.6  loss 15.981  logE[BER] -7.88  P_soft 0.810  (43s)
  step  500  sig  0.00  T  -29.9  loss 1310.883  logE[BER] -1308.05  P_soft 0.283  (46s)
  step  525  sig  1.00  T  -11.5  loss 15.374  logE[BER] -5.38  P_soft 0.999  (48s)
  step  550  sig 64.00  T  -19.1  loss 34.779  logE[BER] -25.55  P_soft 0.923  (50s)
  step  575  sig  0.50  T  -26.1  loss 909.557  logE[BER] -904.91  P_soft 0.464  (52s)
  step  600  sig  4.00  T  -29.9  loss 1757.266  logE[BER] -1754.80  P_soft 0.246  (55s)
  step  625  sig  2.00  T  -18.3  loss 16.462  logE[BER] -7.25  P_soft 0.921  (57s)
  step  650  sig  8.00  T  -29.1  loss 1911.758  logE[BER] -1908.38  P_soft 0.338  (59s)
  step  675  sig  1.00  T  -10.6  loss 15.232  logE[BER] -5.24  P_soft 0.999  (62s)
  step  700  sig 32.00  T  -19.5  loss 18.013  logE[BER] -9.01  P_soft 0.900  (64s)
  step  725  sig 64.00  T  -13.2  loss 15.576  logE[BER] -5.72  P_soft 0.986  (66s)
  step  750  sig  1.00  T  -15.7  loss 15.685  logE[BER] -6.15  P_soft 0.953  (68s)
  step  775  sig  0.25  T  -26.1  loss 111.773  logE[BER] -106.72  P_soft 0.505  (71s)
  step  800  sig  2.00  T  -25.5  loss 112.941  logE[BER] -107.05  P_soft 0.589  (73s)
  step  825  sig  2.00  T  -22.3  loss 27.920  logE[BER] -20.59  P_soft 0.733  (75s)
  step  850  sig 32.00  T  -26.7  loss 1307.223  logE[BER] -1301.55  P_soft 0.567  (77s)
  step  875  sig  0.50  T  -14.4  loss 15.947  logE[BER] -5.97  P_soft 0.998  (80s)
  step  900  sig 64.00  T  -22.2  loss 130.352  logE[BER] -122.36  P_soft 0.799  (82s)
  step  925  sig  1.00  T  -10.2  loss 15.281  logE[BER] -5.29  P_soft 0.999  (84s)
  step  950  sig  0.25  T  -25.2  loss 306.662  logE[BER] -301.42  P_soft 0.525  (87s)
  step  975  sig  0.25  T  -14.0  loss 15.599  logE[BER] -5.68  P_soft 0.992  (89s)
  step 1000  sig 16.00  T  -18.3  loss 16.437  logE[BER] -7.02  P_soft 0.941  (91s)
  step 1025  sig  4.00  T  -29.5  loss 1469.699  logE[BER] -1466.97  P_soft 0.273  (93s)
  step 1050  sig 64.00  T  -23.1  loss 301.957  logE[BER] -295.08  P_soft 0.687  (96s)
  step 1075  sig  0.00  T  -27.8  loss 546.515  logE[BER] -542.13  P_soft 0.439  (98s)
  step 1100  sig  0.00  T  -27.8  loss 596.188  logE[BER] -593.40  P_soft 0.278  (100s)
  step 1125  sig 32.00  T  -29.6  loss 2011.181  logE[BER] -2006.81  P_soft 0.437  (103s)
  step 1150  sig  4.00  T  -26.7  loss 693.805  logE[BER] -689.79  P_soft 0.401  (105s)
  step 1175  sig  4.00  T  -13.6  loss 15.409  logE[BER] -5.48  P_soft 0.993  (107s)
  step 1200  sig 32.00  T  -12.6  loss 15.681  logE[BER] -5.70  P_soft 0.998  (109s)
  step 1225  sig 32.00  T  -26.7  loss 1084.645  logE[BER] -1080.58  P_soft 0.406  (112s)
  step 1250  sig  1.00  T  -25.6  loss 792.810  logE[BER] -786.83  P_soft 0.598  (114s)
  step 1275  sig 32.00  T  -10.3  loss 15.049  logE[BER] -5.05  P_soft 0.999  (116s)
  step 1300  sig  1.00  T  -26.4  loss 651.019  logE[BER] -646.17  P_soft 0.485  (119s)
  step 1325  sig 16.00  T  -19.7  loss 16.651  logE[BER] -7.91  P_soft 0.874  (121s)
  step 1350  sig  0.00  T  -23.7  loss 15.225  logE[BER] -9.01  P_soft 0.621  (123s)
  step 1375  sig  4.00  T  -13.0  loss 15.418  logE[BER] -5.47  P_soft 0.995  (126s)
  step 1400  sig  0.00  T  -28.4  loss 1020.545  logE[BER] -1017.46  P_soft 0.308  (128s)
  step 1425  sig 64.00  T  -21.2  loss 20.155  logE[BER] -11.15  P_soft 0.901  (130s)
  step 1450  sig  8.00  T  -23.9  loss 387.516  logE[BER] -381.39  P_soft 0.612  (133s)
  step 1475  sig  1.00  T  -25.3  loss 490.797  logE[BER] -486.04  P_soft 0.476  (135s)
  step 1500  sig  0.50  T  -14.5  loss 15.926  logE[BER] -5.99  P_soft 0.994  (137s)
  step 1525  sig 32.00  T  -12.4  loss 15.777  logE[BER] -5.79  P_soft 0.999  (140s)
  step 1550  sig 16.00  T  -27.9  loss 1708.269  logE[BER] -1704.02  P_soft 0.425  (142s)
  step 1575  sig  1.00  T  -13.6  loss 15.330  logE[BER] -5.35  P_soft 0.998  (144s)
  step 1600  sig 32.00  T  -23.0  loss 178.245  logE[BER] -170.24  P_soft 0.801  (147s)
  step 1625  sig 32.00  T  -23.9  loss 391.198  logE[BER] -384.44  P_soft 0.676  (149s)
  step 1650  sig  2.00  T  -27.4  loss 880.513  logE[BER] -877.00  P_soft 0.352  (151s)
  step 1675  sig  0.50  T  -13.2  loss 15.477  logE[BER] -5.50  P_soft 0.998  (154s)
  step 1700  sig  8.00  T  -29.7  loss 1452.226  logE[BER] -1448.95  P_soft 0.328  (156s)
  step 1725  sig  4.00  T  -14.6  loss 15.777  logE[BER] -5.84  P_soft 0.994  (158s)
  step 1750  sig 16.00  T  -26.2  loss 929.669  logE[BER] -924.02  P_soft 0.565  (161s)
  step 1775  sig 64.00  T  -28.3  loss 1697.578  logE[BER] -1692.63  P_soft 0.495  (163s)
  step 1800  sig  4.00  T  -15.0  loss 15.364  logE[BER] -5.58  P_soft 0.979  (165s)
  step 1825  sig  2.00  T  -27.4  loss 1216.381  logE[BER] -1212.30  P_soft 0.408  (168s)
  step 1850  sig  0.00  T  -29.7  loss 990.906  logE[BER] -988.21  P_soft 0.270  (170s)
  step 1875  sig 64.00  T  -11.4  loss 15.231  logE[BER] -5.24  P_soft 0.999  (172s)
  step 1900  sig  1.00  T  -29.5  loss 1286.609  logE[BER] -1283.52  P_soft 0.309  (175s)
  step 1925  sig 64.00  T  -29.9  loss 2036.359  logE[BER] -2032.24  P_soft 0.412  (177s)
  step 1950  sig  0.25  T  -16.1  loss 15.719  logE[BER] -5.96  P_soft 0.976  (179s)
  step 1975  sig  4.00  T  -13.7  loss 15.249  logE[BER] -5.33  P_soft 0.991  (182s)
  step 1999  sig 32.00  T  -16.8  loss 16.241  logE[BER] -6.43  P_soft 0.981  (184s)
wrote ../artifacts/cgan/team_policy/run001/snr30_b10_policy.pt
