node: artongpu03.ee.ethz.ch | gpu: NVIDIA GeForce RTX 2080 Ti
task 3 | SNR 30 dB | channel lossless (K-factor None) | device cuda:0
clean: BER 0.000e+00, FAR {"power_one_sided": 0.0595703125, "power_two_sided": 0.0556640625, "kurtosis": 0.046875, "spec_cnn": 0.05224609375}
  spec_cnn_b10   K=1 aligned    max BER 3.766e-01  CNN P(det) at max JSR 1.000  (20s)
  spec_cnn_b10   K=2 sigma0     max BER 3.657e-01  CNN P(det) at max JSR 1.000  (41s)
  spec_cnn_b10   K=2 sigma0.25  max BER 3.688e-01  CNN P(det) at max JSR 1.000  (63s)
  spec_cnn_b10   K=2 sigma0.5   max BER 3.685e-01  CNN P(det) at max JSR 1.000  (85s)
  spec_cnn_b10   K=2 sigma1     max BER 3.672e-01  CNN P(det) at max JSR 1.000  (108s)
  spec_cnn_b10   K=2 sigma2     max BER 3.738e-01  CNN P(det) at max JSR 1.000  (131s)
  spec_cnn_b10   K=2 sigma4     max BER 3.772e-01  CNN P(det) at max JSR 1.000  (154s)
  spec_cnn_b10   K=2 sigma8     max BER 3.791e-01  CNN P(det) at max JSR 1.000  (177s)
  spec_cnn_b10   K=2 sigma16    max BER 3.742e-01  CNN P(det) at max JSR 1.000  (201s)
  spec_cnn_b10   K=2 sigma32    max BER 3.778e-01  CNN P(det) at max JSR 1.000  (224s)
  spec_cnn_b10   K=2 sigma64    max BER 3.786e-01  CNN P(det) at max JSR 1.000  (248s)
  spec_cnn_b10   K=2 shifted    max BER 3.775e-01  CNN P(det) at max JSR 1.000  (272s)
  spec_cnn_b10   K=4 sigma0     max BER 3.709e-01  CNN P(det) at max JSR 1.000  (297s)
  spec_cnn_b10   K=4 sigma0.25  max BER 3.689e-01  CNN P(det) at max JSR 1.000  (325s)
  spec_cnn_b10   K=4 sigma0.5   max BER 3.679e-01  CNN P(det) at max JSR 1.000  (351s)
  spec_cnn_b10   K=4 sigma1     max BER 3.730e-01  CNN P(det) at max JSR 1.000  (378s)
  spec_cnn_b10   K=4 sigma2     max BER 3.750e-01  CNN P(det) at max JSR 1.000  (405s)
  spec_cnn_b10   K=4 sigma4     max BER 3.824e-01  CNN P(det) at max JSR 1.000  (432s)
  spec_cnn_b10   K=4 sigma8     max BER 3.805e-01  CNN P(det) at max JSR 1.000  (459s)
  spec_cnn_b10   K=4 sigma16    max BER 3.815e-01  CNN P(det) at max JSR 1.000  (485s)
  spec_cnn_b10   K=4 sigma32    max BER 3.801e-01  CNN P(det) at max JSR 1.000  (512s)
  spec_cnn_b10   K=4 sigma64    max BER 3.838e-01  CNN P(det) at max JSR 1.000  (538s)
  spec_cnn_b10   K=4 shifted    max BER 3.822e-01  CNN P(det) at max JSR 1.000  (565s)
  plain_run001   K=1 aligned    max BER 4.345e-01  CNN P(det) at max JSR 1.000  (588s)
  plain_run001   K=2 sigma0     max BER 4.096e-01  CNN P(det) at max JSR 1.000  (611s)
  plain_run001   K=2 sigma0.25  max BER 4.155e-01  CNN P(det) at max JSR 1.000  (635s)
  plain_run001   K=2 sigma0.5   max BER 4.155e-01  CNN P(det) at max JSR 1.000  (658s)
  plain_run001   K=2 sigma1     max BER 4.181e-01  CNN P(det) at max JSR 1.000  (682s)
  plain_run001   K=2 sigma2     max BER 4.260e-01  CNN P(det) at max JSR 1.000  (706s)
  plain_run001   K=2 sigma4     max BER 4.219e-01  CNN P(det) at max JSR 1.000  (729s)
  plain_run001   K=2 sigma8     max BER 4.252e-01  CNN P(det) at max JSR 1.000  (753s)
  plain_run001   K=2 sigma16    max BER 4.237e-01  CNN P(det) at max JSR 1.000  (776s)
  plain_run001   K=2 sigma32    max BER 4.268e-01  CNN P(det) at max JSR 1.000  (800s)
  plain_run001   K=2 sigma64    max BER 4.293e-01  CNN P(det) at max JSR 1.000  (823s)
  plain_run001   K=2 shifted    max BER 4.260e-01  CNN P(det) at max JSR 1.000  (847s)
  plain_run001   K=4 sigma0     max BER 4.141e-01  CNN P(det) at max JSR 1.000  (873s)
  plain_run001   K=4 sigma0.25  max BER 4.176e-01  CNN P(det) at max JSR 1.000  (900s)
  plain_run001   K=4 sigma0.5   max BER 4.210e-01  CNN P(det) at max JSR 1.000  (927s)
  plain_run001   K=4 sigma1     max BER 4.252e-01  CNN P(det) at max JSR 1.000  (954s)
  plain_run001   K=4 sigma2     max BER 4.252e-01  CNN P(det) at max JSR 1.000  (981s)
  plain_run001   K=4 sigma4     max BER 4.252e-01  CNN P(det) at max JSR 1.000  (1008s)
  plain_run001   K=4 sigma8     max BER 4.275e-01  CNN P(det) at max JSR 1.000  (1035s)
  plain_run001   K=4 sigma16    max BER 4.249e-01  CNN P(det) at max JSR 1.000  (1062s)
  plain_run001   K=4 sigma32    max BER 4.239e-01  CNN P(det) at max JSR 1.000  (1089s)
  plain_run001   K=4 sigma64    max BER 4.248e-01  CNN P(det) at max JSR 1.000  (1116s)
  plain_run001   K=4 shifted    max BER 4.257e-01  CNN P(det) at max JSR 1.000  (1143s)
  kurtosis_b1    K=1 aligned    max BER 4.048e-01  CNN P(det) at max JSR 1.000  (1165s)
  kurtosis_b1    K=2 sigma0     max BER 3.965e-01  CNN P(det) at max JSR 1.000  (1188s)
  kurtosis_b1    K=2 sigma0.25  max BER 3.971e-01  CNN P(det) at max JSR 1.000  (1212s)
  kurtosis_b1    K=2 sigma0.5   max BER 4.033e-01  CNN P(det) at max JSR 1.000  (1235s)
  kurtosis_b1    K=2 sigma1     max BER 4.036e-01  CNN P(det) at max JSR 1.000  (1259s)
  kurtosis_b1    K=2 sigma2     max BER 4.041e-01  CNN P(det) at max JSR 1.000  (1283s)
  kurtosis_b1    K=2 sigma4     max BER 4.059e-01  CNN P(det) at max JSR 1.000  (1307s)
  kurtosis_b1    K=2 sigma8     max BER 4.069e-01  CNN P(det) at max JSR 1.000  (1330s)
  kurtosis_b1    K=2 sigma16    max BER 4.091e-01  CNN P(det) at max JSR 1.000  (1354s)
  kurtosis_b1    K=2 sigma32    max BER 4.076e-01  CNN P(det) at max JSR 1.000  (1377s)
  kurtosis_b1    K=2 sigma64    max BER 4.061e-01  CNN P(det) at max JSR 1.000  (1401s)
  kurtosis_b1    K=2 shifted    max BER 4.082e-01  CNN P(det) at max JSR 1.000  (1426s)
  kurtosis_b1    K=4 sigma0     max BER 3.970e-01  CNN P(det) at max JSR 1.000  (1451s)
  kurtosis_b1    K=4 sigma0.25  max BER 4.023e-01  CNN P(det) at max JSR 1.000  (1478s)
  kurtosis_b1    K=4 sigma0.5   max BER 3.986e-01  CNN P(det) at max JSR 1.000  (1506s)
  kurtosis_b1    K=4 sigma1     max BER 4.003e-01  CNN P(det) at max JSR 1.000  (1532s)
  kurtosis_b1    K=4 sigma2     max BER 4.043e-01  CNN P(det) at max JSR 1.000  (1559s)
  kurtosis_b1    K=4 sigma4     max BER 4.090e-01  CNN P(det) at max JSR 1.000  (1586s)
  kurtosis_b1    K=4 sigma8     max BER 4.101e-01  CNN P(det) at max JSR 1.000  (1612s)
  kurtosis_b1    K=4 sigma16    max BER 4.113e-01  CNN P(det) at max JSR 1.000  (1639s)
  kurtosis_b1    K=4 sigma32    max BER 4.088e-01  CNN P(det) at max JSR 1.000  (1666s)
  kurtosis_b1    K=4 sigma64    max BER 4.078e-01  CNN P(det) at max JSR 1.000  (1693s)
  kurtosis_b1    K=4 shifted    max BER 4.105e-01  CNN P(det) at max JSR 1.000  (1720s)
wrote ../artifacts/cgan/team_timing/run001/snr_30_lossless.json in 1720s
