node: tikgpu04.ee.ethz.ch | gpu: NVIDIA TITAN RTX
task 2 | train | SNR 30 dB | beta 0 | device cuda:0
  CNN threshold -3.17573, clean std 0.940603; budget band (-30.0, -10.0) dB
  step    0  sig  2.00  T  -13.6  loss 6.382  logE[BER] -6.38  P_soft 0.952  (0s)
  step   25  sig  4.00  T  -21.7  loss 174.682  logE[BER] -174.68  P_soft 0.600  (3s)
  step   50  sig  0.50  T  -14.8  loss 6.001  logE[BER] -6.00  P_soft 0.984  (5s)
  step   75  sig  1.00  T  -11.8  loss 5.522  logE[BER] -5.52  P_soft 0.998  (7s)
  step  100  sig  0.50  T  -20.5  loss 8.642  logE[BER] -8.64  P_soft 0.830  (9s)
  step  125  sig 64.00  T  -24.0  loss 778.295  logE[BER] -778.30  P_soft 0.576  (12s)
  step  150  sig 32.00  T  -22.1  loss 586.629  logE[BER] -586.63  P_soft 0.815  (14s)
  step  175  sig  0.25  T  -23.7  loss 14.177  logE[BER] -14.18  P_soft 0.696  (16s)
  step  200  sig  0.00  T  -10.7  loss 5.379  logE[BER] -5.38  P_soft 0.999  (18s)
  step  225  sig  0.00  T  -23.7  loss 91.877  logE[BER] -91.88  P_soft 0.609  (21s)
  step  250  sig  8.00  T  -16.7  loss 6.618  logE[BER] -6.62  P_soft 0.935  (23s)
  step  275  sig 64.00  T  -10.3  loss 5.216  logE[BER] -5.22  P_soft 1.000  (25s)
  step  300  sig 64.00  T  -23.9  loss 524.285  logE[BER] -524.29  P_soft 0.713  (27s)
  step  325  sig  0.25  T  -13.0  loss 5.548  logE[BER] -5.55  P_soft 0.998  (29s)
  step  350  sig  1.00  T  -11.4  loss 5.421  logE[BER] -5.42  P_soft 0.998  (32s)
  step  375  sig  1.00  T  -11.8  loss 5.211  logE[BER] -5.21  P_soft 0.999  (34s)
  step  400  sig 64.00  T  -13.1  loss 5.761  logE[BER] -5.76  P_soft 0.997  (36s)
  step  425  sig 32.00  T  -21.6  loss 335.964  logE[BER] -335.96  P_soft 0.837  (38s)
  step  450  sig 32.00  T  -28.8  loss 1468.610  logE[BER] -1468.61  P_soft 0.413  (41s)
  step  475  sig 16.00  T  -21.0  loss 293.200  logE[BER] -293.20  P_soft 0.861  (43s)
  step  500  sig  0.50  T  -22.0  loss 27.458  logE[BER] -27.46  P_soft 0.775  (45s)
  step  525  sig  0.50  T  -29.9  loss 1320.168  logE[BER] -1320.17  P_soft 0.293  (47s)
  step  550  sig 16.00  T  -17.4  loss 6.744  logE[BER] -6.74  P_soft 0.940  (50s)
  step  575  sig 32.00  T  -12.0  loss 5.723  logE[BER] -5.72  P_soft 0.997  (52s)
  step  600  sig 16.00  T  -20.2  loss 49.383  logE[BER] -49.38  P_soft 0.877  (54s)
  step  625  sig  4.00  T  -19.8  loss 8.072  logE[BER] -8.07  P_soft 0.901  (56s)
  step  650  sig 64.00  T  -23.0  loss 64.921  logE[BER] -64.92  P_soft 0.720  (59s)
  step  675  sig 64.00  T  -14.8  loss 6.497  logE[BER] -6.50  P_soft 0.993  (61s)
  step  700  sig 32.00  T  -28.3  loss 1328.009  logE[BER] -1328.01  P_soft 0.415  (63s)
  step  725  sig 16.00  T  -10.3  loss 5.116  logE[BER] -5.12  P_soft 1.000  (65s)
  step  750  sig  1.00  T  -11.0  loss 5.237  logE[BER] -5.24  P_soft 0.999  (68s)
  step  775  sig  8.00  T  -17.7  loss 6.878  logE[BER] -6.88  P_soft 0.938  (70s)
  step  800  sig 64.00  T  -20.0  loss 9.011  logE[BER] -9.01  P_soft 0.882  (72s)
  step  825  sig  2.00  T  -14.5  loss 5.832  logE[BER] -5.83  P_soft 0.993  (74s)
  step  850  sig  1.00  T  -19.2  loss 7.029  logE[BER] -7.03  P_soft 0.905  (77s)
  step  875  sig  2.00  T  -20.6  loss 9.006  logE[BER] -9.01  P_soft 0.851  (79s)
  step  900  sig 16.00  T  -27.5  loss 1292.838  logE[BER] -1292.84  P_soft 0.524  (81s)
  step  925  sig 64.00  T  -22.1  loss 56.952  logE[BER] -56.95  P_soft 0.799  (83s)
  step  950  sig  0.00  T  -15.5  loss 5.689  logE[BER] -5.69  P_soft 0.963  (86s)
  step  975  sig 16.00  T  -29.8  loss 1779.753  logE[BER] -1779.75  P_soft 0.279  (88s)
  step 1000  sig 32.00  T  -18.2  loss 8.594  logE[BER] -8.59  P_soft 0.957  (90s)
  step 1025  sig 16.00  T  -19.2  loss 8.157  logE[BER] -8.16  P_soft 0.885  (92s)
  step 1050  sig  8.00  T  -22.7  loss 397.547  logE[BER] -397.55  P_soft 0.703  (95s)
  step 1075  sig  1.00  T  -28.6  loss 1297.587  logE[BER] -1297.59  P_soft 0.355  (97s)
  step 1100  sig 16.00  T  -13.4  loss 5.606  logE[BER] -5.61  P_soft 0.997  (99s)
  step 1125  sig  0.00  T  -25.1  loss 283.053  logE[BER] -283.05  P_soft 0.411  (101s)
  step 1150  sig 16.00  T  -24.7  loss 345.679  logE[BER] -345.68  P_soft 0.639  (104s)
  step 1175  sig 64.00  T  -25.9  loss 1161.647  logE[BER] -1161.65  P_soft 0.557  (106s)
  step 1200  sig 64.00  T  -19.7  loss 8.318  logE[BER] -8.32  P_soft 0.945  (108s)
  step 1225  sig  2.00  T  -29.5  loss 1653.228  logE[BER] -1653.23  P_soft 0.308  (110s)
  step 1250  sig  0.50  T  -22.5  loss 96.436  logE[BER] -96.44  P_soft 0.693  (113s)
  step 1275  sig  0.25  T  -18.1  loss 6.288  logE[BER] -6.29  P_soft 0.963  (115s)
  step 1300  sig 16.00  T  -28.7  loss 1080.782  logE[BER] -1080.78  P_soft 0.399  (117s)
  step 1325  sig  0.25  T  -29.7  loss 1573.038  logE[BER] -1573.04  P_soft 0.337  (119s)
  step 1350  sig  2.00  T  -23.1  loss 35.560  logE[BER] -35.56  P_soft 0.591  (122s)
  step 1375  sig  8.00  T  -10.7  loss 5.106  logE[BER] -5.11  P_soft 0.999  (124s)
  step 1400  sig  8.00  T  -23.0  loss 283.747  logE[BER] -283.75  P_soft 0.698  (126s)
  step 1425  sig 64.00  T  -20.3  loss 9.064  logE[BER] -9.06  P_soft 0.891  (128s)
  step 1450  sig  0.50  T  -13.5  loss 5.491  logE[BER] -5.49  P_soft 0.994  (131s)
  step 1475  sig 16.00  T  -25.2  loss 813.465  logE[BER] -813.47  P_soft 0.650  (133s)
  step 1500  sig  4.00  T  -16.6  loss 6.703  logE[BER] -6.70  P_soft 0.973  (135s)
  step 1525  sig  0.00  T  -25.1  loss 671.717  logE[BER] -671.72  P_soft 0.512  (138s)
  step 1550  sig 32.00  T  -11.3  loss 5.307  logE[BER] -5.31  P_soft 0.999  (140s)
  step 1575  sig  0.25  T  -22.8  loss 9.345  logE[BER] -9.35  P_soft 0.675  (142s)
  step 1600  sig  0.25  T  -27.1  loss 110.889  logE[BER] -110.89  P_soft 0.318  (144s)
  step 1625  sig 64.00  T  -18.0  loss 7.572  logE[BER] -7.57  P_soft 0.949  (147s)
  step 1650  sig 32.00  T  -18.0  loss 7.482  logE[BER] -7.48  P_soft 0.962  (149s)
  step 1675  sig  0.25  T  -22.5  loss 57.330  logE[BER] -57.33  P_soft 0.684  (151s)
  step 1700  sig  0.50  T  -18.7  loss 6.931  logE[BER] -6.93  P_soft 0.915  (153s)
  step 1725  sig  1.00  T  -25.3  loss 395.955  logE[BER] -395.95  P_soft 0.536  (156s)
  step 1750  sig 32.00  T  -15.5  loss 6.388  logE[BER] -6.39  P_soft 0.993  (158s)
  step 1775  sig  1.00  T  -26.7  loss 643.661  logE[BER] -643.66  P_soft 0.357  (160s)
  step 1800  sig  0.00  T  -24.8  loss 90.156  logE[BER] -90.16  P_soft 0.377  (162s)
  step 1825  sig  0.00  T  -18.2  loss 7.231  logE[BER] -7.23  P_soft 0.897  (165s)
  step 1850  sig  0.50  T  -25.2  loss 232.780  logE[BER] -232.78  P_soft 0.484  (167s)
  step 1875  sig 16.00  T  -16.9  loss 6.446  logE[BER] -6.45  P_soft 0.965  (169s)
  step 1900  sig  0.00  T  -19.7  loss 7.521  logE[BER] -7.52  P_soft 0.888  (171s)
  step 1925  sig  1.00  T  -19.2  loss 7.353  logE[BER] -7.35  P_soft 0.888  (174s)
  step 1950  sig  1.00  T  -29.3  loss 1001.672  logE[BER] -1001.67  P_soft 0.302  (176s)
  step 1975  sig  0.25  T  -10.3  loss 5.481  logE[BER] -5.48  P_soft 0.999  (178s)
  step 1999  sig  2.00  T  -22.0  loss 17.914  logE[BER] -17.91  P_soft 0.666  (180s)
wrote ../artifacts/cgan/team_policy/run001/snr30_b0_policy.pt
