node: tikgpu05.ee.ethz.ch | gpu: NVIDIA TITAN RTX
task 0 | train | SNR 15 dB | beta 0 | device cuda:0
  CNN threshold -2.18555, clean std 0.844373; budget band (-30.0, -10.0) dB; eff batch 256
  step    0  sig 16.00  T  -10.4  loss 5.720  logE[BER] -5.72  P_soft 0.481  (1s)
  step   25  sig  0.00  T  -17.7  loss 7.033  logE[BER] -7.03  P_soft 0.258  (20s)
  step   50  sig  0.25  T  -21.5  loss 9.144  logE[BER] -9.14  P_soft 0.229  (39s)
  step   75  sig  0.25  T  -22.7  loss 13.108  logE[BER] -13.11  P_soft 0.232  (57s)
  step  100  sig  2.00  T  -15.0  loss 6.059  logE[BER] -6.06  P_soft 0.344  (76s)
  step  125  sig  0.50  T  -19.1  loss 7.503  logE[BER] -7.50  P_soft 0.250  (95s)
  step  150  sig 32.00  T  -24.4  loss 31.281  logE[BER] -31.28  P_soft 0.235  (114s)
  step  175  sig  2.00  T  -25.4  loss 29.349  logE[BER] -29.35  P_soft 0.195  (133s)
  step  200  sig 32.00  T  -27.1  loss 50.809  logE[BER] -50.81  P_soft 0.206  (153s)
  step  225  sig  2.00  T  -25.9  loss 36.882  logE[BER] -36.88  P_soft 0.204  (173s)
  step  250  sig 32.00  T  -28.0  loss 58.931  logE[BER] -58.93  P_soft 0.192  (193s)
  step  275  sig  0.00  T  -24.9  loss 21.331  logE[BER] -21.33  P_soft 0.196  (214s)
  step  300  sig  4.00  T  -23.8  loss 21.951  logE[BER] -21.95  P_soft 0.217  (235s)
  step  325  sig 64.00  T  -27.5  loss 52.166  logE[BER] -52.17  P_soft 0.198  (256s)
  step  350  sig 16.00  T  -24.0  loss 25.006  logE[BER] -25.01  P_soft 0.226  (277s)
  step  375  sig  0.50  T  -15.3  loss 6.043  logE[BER] -6.04  P_soft 0.363  (298s)
  step  400  sig 16.00  T  -21.0  loss 13.486  logE[BER] -13.49  P_soft 0.252  (319s)
  step  425  sig 32.00  T  -14.1  loss 6.011  logE[BER] -6.01  P_soft 0.443  (341s)
  step  450  sig 16.00  T  -11.0  loss 5.145  logE[BER] -5.15  P_soft 0.598  (362s)
  step  475  sig  4.00  T  -27.0  loss 45.170  logE[BER] -45.17  P_soft 0.215  (383s)
  step  500  sig  8.00  T  -25.4  loss 31.100  logE[BER] -31.10  P_soft 0.203  (404s)
  step  525  sig 64.00  T  -10.7  loss 5.216  logE[BER] -5.22  P_soft 0.693  (426s)
  step  550  sig  8.00  T  -12.5  loss 5.436  logE[BER] -5.44  P_soft 0.483  (447s)
  step  575  sig  4.00  T  -28.7  loss 52.699  logE[BER] -52.70  P_soft 0.219  (468s)
  step  599  sig  2.00  T  -22.3  loss 9.427  logE[BER] -9.43  P_soft 0.206  (488s)
wrote ../artifacts/cgan/team_policy/run001/snr15_b0_policy.pt
