node: tikgpu04.ee.ethz.ch | gpu: NVIDIA TITAN RTX
task 3 | train | SNR 30 dB | beta 10 | device cuda:0
  CNN threshold -3.17573, clean std 0.940603; budget band (-30.0, -10.0) dB
  step    0  sig  8.00  T  -27.2  loss 1176.145  logE[BER] -1173.56  P_soft 0.258  (1s)
  step   25  sig  1.00  T  -15.7  loss 16.203  logE[BER] -6.72  P_soft 0.948  (3s)
  step   50  sig  0.25  T  -25.0  loss 570.960  logE[BER] -566.15  P_soft 0.481  (5s)
  step   75  sig  0.50  T  -14.8  loss 15.638  logE[BER] -5.87  P_soft 0.977  (7s)
  step  100  sig  8.00  T  -13.3  loss 15.407  logE[BER] -5.45  P_soft 0.996  (10s)
  step  125  sig 16.00  T  -16.9  loss 16.622  logE[BER] -6.82  P_soft 0.981  (12s)
  step  150  sig 16.00  T  -16.7  loss 16.386  logE[BER] -6.81  P_soft 0.957  (14s)
  step  175  sig 16.00  T  -10.5  loss 15.095  logE[BER] -5.10  P_soft 1.000  (16s)
  step  200  sig  4.00  T  -13.7  loss 15.892  logE[BER] -5.97  P_soft 0.992  (19s)
  step  225  sig  1.00  T  -14.5  loss 15.782  logE[BER] -5.92  P_soft 0.986  (21s)
  step  250  sig  0.25  T  -19.5  loss 16.900  logE[BER] -8.12  P_soft 0.878  (23s)
  step  275  sig  8.00  T  -28.3  loss 1487.544  logE[BER] -1484.07  P_soft 0.348  (25s)
  step  300  sig  0.50  T  -23.7  loss 318.422  logE[BER] -313.83  P_soft 0.459  (28s)
  step  325  sig  0.00  T  -20.9  loss 17.246  logE[BER] -9.01  P_soft 0.823  (30s)
  step  350  sig 16.00  T  -16.4  loss 16.826  logE[BER] -7.16  P_soft 0.967  (32s)
  step  375  sig  1.00  T  -19.1  loss 16.769  logE[BER] -7.95  P_soft 0.882  (34s)
  step  400  sig 64.00  T  -20.9  loss 18.002  logE[BER] -9.01  P_soft 0.899  (37s)
  step  425  sig  4.00  T  -13.1  loss 15.785  logE[BER] -5.87  P_soft 0.991  (39s)
  step  450  sig  1.00  T  -20.7  loss 161.462  logE[BER] -153.39  P_soft 0.808  (41s)
  step  475  sig  0.00  T  -20.6  loss 15.628  logE[BER] -7.91  P_soft 0.772  (43s)
  step  500  sig  0.00  T  -29.9  loss 1820.103  logE[BER] -1817.09  P_soft 0.301  (46s)
  step  525  sig  1.00  T  -11.5  loss 15.430  logE[BER] -5.44  P_soft 0.999  (48s)
  step  550  sig 64.00  T  -19.1  loss 19.575  logE[BER] -10.33  P_soft 0.925  (50s)
  step  575  sig  0.50  T  -26.1  loss 359.397  logE[BER] -355.02  P_soft 0.438  (52s)
  step  600  sig  4.00  T  -29.9  loss 2223.887  logE[BER] -2221.22  P_soft 0.267  (55s)
  step  625  sig  2.00  T  -18.3  loss 16.202  logE[BER] -7.19  P_soft 0.901  (57s)
  step  650  sig  8.00  T  -29.1  loss 1675.705  logE[BER] -1672.81  P_soft 0.289  (59s)
  step  675  sig  1.00  T  -10.6  loss 15.080  logE[BER] -5.09  P_soft 0.999  (62s)
  step  700  sig 32.00  T  -19.5  loss 18.029  logE[BER] -8.85  P_soft 0.918  (64s)
  step  725  sig 64.00  T  -13.2  loss 15.777  logE[BER] -5.83  P_soft 0.995  (66s)
  step  750  sig  1.00  T  -15.7  loss 15.931  logE[BER] -6.28  P_soft 0.965  (68s)
  step  775  sig  0.25  T  -26.1  loss 658.313  logE[BER] -653.17  P_soft 0.514  (71s)
  step  800  sig  2.00  T  -25.5  loss 519.123  logE[BER] -513.52  P_soft 0.560  (73s)
  step  825  sig  2.00  T  -22.3  loss 16.979  logE[BER] -9.01  P_soft 0.797  (75s)
  step  850  sig 32.00  T  -26.7  loss 1413.495  logE[BER] -1408.70  P_soft 0.479  (77s)
  step  875  sig  0.50  T  -14.4  loss 15.967  logE[BER] -6.00  P_soft 0.996  (80s)
  step  900  sig 64.00  T  -22.2  loss 210.301  logE[BER] -202.44  P_soft 0.786  (82s)
  step  925  sig  1.00  T  -10.2  loss 14.997  logE[BER] -5.00  P_soft 0.999  (84s)
  step  950  sig  0.25  T  -25.2  loss 175.639  logE[BER] -170.89  P_soft 0.475  (86s)
  step  975  sig  0.25  T  -14.0  loss 15.616  logE[BER] -5.68  P_soft 0.993  (89s)
  step 1000  sig 16.00  T  -18.3  loss 16.737  logE[BER] -7.30  P_soft 0.944  (91s)
  step 1025  sig  4.00  T  -29.5  loss 1513.023  logE[BER] -1510.15  P_soft 0.287  (93s)
  step 1050  sig 64.00  T  -23.1  loss 347.790  logE[BER] -341.00  P_soft 0.679  (96s)
  step 1075  sig  0.00  T  -27.8  loss 1517.829  logE[BER] -1514.39  P_soft 0.344  (98s)
  step 1100  sig  0.00  T  -27.8  loss 1317.631  logE[BER] -1314.87  P_soft 0.276  (100s)
  step 1125  sig 32.00  T  -29.6  loss 1882.179  logE[BER] -1878.54  P_soft 0.364  (102s)
  step 1150  sig  4.00  T  -26.7  loss 1128.326  logE[BER] -1123.96  P_soft 0.436  (105s)
  step 1175  sig  4.00  T  -13.6  loss 15.701  logE[BER] -5.76  P_soft 0.994  (107s)
  step 1200  sig 32.00  T  -12.6  loss 15.452  logE[BER] -5.46  P_soft 0.999  (109s)
  step 1225  sig 32.00  T  -26.7  loss 1190.912  logE[BER] -1186.36  P_soft 0.456  (112s)
  step 1250  sig  1.00  T  -25.6  loss 960.918  logE[BER] -955.23  P_soft 0.569  (114s)
  step 1275  sig 32.00  T  -10.3  loss 15.035  logE[BER] -5.04  P_soft 0.999  (116s)
  step 1300  sig  1.00  T  -26.4  loss 1138.597  logE[BER] -1133.09  P_soft 0.551  (119s)
  step 1325  sig 16.00  T  -19.7  loss 24.552  logE[BER] -15.39  P_soft 0.917  (121s)
  step 1350  sig  0.00  T  -23.7  loss 82.620  logE[BER] -75.97  P_soft 0.665  (123s)
  step 1375  sig  4.00  T  -13.0  loss 15.703  logE[BER] -5.73  P_soft 0.998  (125s)
  step 1400  sig  0.00  T  -28.4  loss 979.635  logE[BER] -976.69  P_soft 0.294  (128s)
  step 1425  sig 64.00  T  -21.2  loss 17.274  logE[BER] -9.01  P_soft 0.826  (130s)
  step 1450  sig  8.00  T  -23.9  loss 447.974  logE[BER] -441.28  P_soft 0.669  (132s)
  step 1475  sig  1.00  T  -25.3  loss 306.463  logE[BER] -301.52  P_soft 0.495  (135s)
  step 1500  sig  0.50  T  -14.5  loss 15.599  logE[BER] -5.63  P_soft 0.996  (137s)
  step 1525  sig 32.00  T  -12.4  loss 15.340  logE[BER] -5.36  P_soft 0.998  (139s)
  step 1550  sig 16.00  T  -27.9  loss 1084.599  logE[BER] -1081.32  P_soft 0.328  (142s)
  step 1575  sig  1.00  T  -13.6  loss 15.551  logE[BER] -5.59  P_soft 0.996  (144s)
  step 1600  sig 32.00  T  -23.0  loss 204.737  logE[BER] -197.53  P_soft 0.720  (146s)
  step 1625  sig 32.00  T  -23.9  loss 329.614  logE[BER] -323.14  P_soft 0.648  (149s)
  step 1650  sig  2.00  T  -27.4  loss 1156.068  logE[BER] -1152.25  P_soft 0.382  (151s)
  step 1675  sig  0.50  T  -13.2  loss 15.560  logE[BER] -5.60  P_soft 0.996  (153s)
  step 1700  sig  8.00  T  -29.7  loss 1400.283  logE[BER] -1396.86  P_soft 0.342  (156s)
  step 1725  sig  4.00  T  -14.6  loss 15.575  logE[BER] -5.65  P_soft 0.992  (158s)
  step 1750  sig 16.00  T  -26.2  loss 1115.150  logE[BER] -1109.98  P_soft 0.517  (160s)
  step 1775  sig 64.00  T  -28.3  loss 1617.856  logE[BER] -1613.19  P_soft 0.466  (163s)
  step 1800  sig  4.00  T  -15.0  loss 16.091  logE[BER] -6.27  P_soft 0.982  (165s)
  step 1825  sig  2.00  T  -27.4  loss 1518.840  logE[BER] -1515.07  P_soft 0.377  (167s)
  step 1850  sig  0.00  T  -29.7  loss 1905.037  logE[BER] -1902.13  P_soft 0.291  (170s)
  step 1875  sig 64.00  T  -11.4  loss 15.417  logE[BER] -5.42  P_soft 0.999  (172s)
  step 1900  sig  1.00  T  -29.5  loss 1668.478  logE[BER] -1664.94  P_soft 0.354  (174s)
  step 1925  sig 64.00  T  -29.9  loss 2103.819  logE[BER] -2100.28  P_soft 0.354  (177s)
  step 1950  sig  0.25  T  -16.1  loss 15.896  logE[BER] -6.13  P_soft 0.976  (179s)
  step 1975  sig  4.00  T  -13.7  loss 15.951  logE[BER] -5.99  P_soft 0.996  (181s)
  step 1999  sig 32.00  T  -16.8  loss 17.183  logE[BER] -7.45  P_soft 0.973  (184s)
wrote ../artifacts/cgan/team_policy/run001/snr30_b10_policy.pt
