node: artongpu03.ee.ethz.ch | gpu: NVIDIA GeForce RTX 2080 Ti
task 0 | SNR 15 dB | channel lossless (K-factor None) | device cuda:0
clean: BER 0.000e+00, FAR {"power_one_sided": 0.0576171875, "power_two_sided": 0.06298828125, "kurtosis": 0.05224609375, "spec_cnn": 0.04443359375}
  spec_cnn_b10   K=1 aligned    max BER 3.738e-01  CNN P(det) at max JSR 1.000  (19s)
  spec_cnn_b10   K=2 sigma0     max BER 3.637e-01  CNN P(det) at max JSR 1.000  (39s)
  spec_cnn_b10   K=2 sigma0.25  max BER 3.642e-01  CNN P(det) at max JSR 1.000  (60s)
  spec_cnn_b10   K=2 sigma0.5   max BER 3.679e-01  CNN P(det) at max JSR 1.000  (81s)
  spec_cnn_b10   K=2 sigma1     max BER 3.704e-01  CNN P(det) at max JSR 1.000  (102s)
  spec_cnn_b10   K=2 sigma2     max BER 3.732e-01  CNN P(det) at max JSR 1.000  (123s)
  spec_cnn_b10   K=2 sigma4     max BER 3.762e-01  CNN P(det) at max JSR 1.000  (145s)
  spec_cnn_b10   K=2 sigma8     max BER 3.762e-01  CNN P(det) at max JSR 1.000  (166s)
  spec_cnn_b10   K=2 sigma16    max BER 3.778e-01  CNN P(det) at max JSR 1.000  (187s)
  spec_cnn_b10   K=2 sigma32    max BER 3.766e-01  CNN P(det) at max JSR 1.000  (209s)
  spec_cnn_b10   K=2 sigma64    max BER 3.798e-01  CNN P(det) at max JSR 1.000  (230s)
  spec_cnn_b10   K=2 shifted    max BER 3.819e-01  CNN P(det) at max JSR 1.000  (252s)
  spec_cnn_b10   K=4 sigma0     max BER 3.644e-01  CNN P(det) at max JSR 1.000  (275s)
  spec_cnn_b10   K=4 sigma0.25  max BER 3.666e-01  CNN P(det) at max JSR 1.000  (299s)
  spec_cnn_b10   K=4 sigma0.5   max BER 3.680e-01  CNN P(det) at max JSR 1.000  (323s)
  spec_cnn_b10   K=4 sigma1     max BER 3.728e-01  CNN P(det) at max JSR 1.000  (348s)
  spec_cnn_b10   K=4 sigma2     max BER 3.755e-01  CNN P(det) at max JSR 1.000  (372s)
  spec_cnn_b10   K=4 sigma4     max BER 3.781e-01  CNN P(det) at max JSR 1.000  (396s)
  spec_cnn_b10   K=4 sigma8     max BER 3.824e-01  CNN P(det) at max JSR 1.000  (420s)
  spec_cnn_b10   K=4 sigma16    max BER 3.829e-01  CNN P(det) at max JSR 1.000  (444s)
  spec_cnn_b10   K=4 sigma32    max BER 3.846e-01  CNN P(det) at max JSR 1.000  (469s)
  spec_cnn_b10   K=4 sigma64    max BER 3.846e-01  CNN P(det) at max JSR 1.000  (493s)
  spec_cnn_b10   K=4 shifted    max BER 3.845e-01  CNN P(det) at max JSR 1.000  (517s)
  plain_run001   K=1 aligned    max BER 4.314e-01  CNN P(det) at max JSR 1.000  (537s)
  plain_run001   K=2 sigma0     max BER 4.117e-01  CNN P(det) at max JSR 1.000  (558s)
  plain_run001   K=2 sigma0.25  max BER 4.173e-01  CNN P(det) at max JSR 1.000  (580s)
  plain_run001   K=2 sigma0.5   max BER 4.209e-01  CNN P(det) at max JSR 1.000  (601s)
  plain_run001   K=2 sigma1     max BER 4.215e-01  CNN P(det) at max JSR 1.000  (623s)
  plain_run001   K=2 sigma2     max BER 4.242e-01  CNN P(det) at max JSR 1.000  (644s)
  plain_run001   K=2 sigma4     max BER 4.265e-01  CNN P(det) at max JSR 1.000  (666s)
  plain_run001   K=2 sigma8     max BER 4.270e-01  CNN P(det) at max JSR 1.000  (687s)
  plain_run001   K=2 sigma16    max BER 4.280e-01  CNN P(det) at max JSR 1.000  (709s)
  plain_run001   K=2 sigma32    max BER 4.272e-01  CNN P(det) at max JSR 1.000  (730s)
  plain_run001   K=2 sigma64    max BER 4.251e-01  CNN P(det) at max JSR 1.000  (751s)
  plain_run001   K=2 shifted    max BER 4.241e-01  CNN P(det) at max JSR 1.000  (773s)
  plain_run001   K=4 sigma0     max BER 4.182e-01  CNN P(det) at max JSR 1.000  (796s)
  plain_run001   K=4 sigma0.25  max BER 4.173e-01  CNN P(det) at max JSR 1.000  (821s)
  plain_run001   K=4 sigma0.5   max BER 4.197e-01  CNN P(det) at max JSR 1.000  (845s)
  plain_run001   K=4 sigma1     max BER 4.240e-01  CNN P(det) at max JSR 1.000  (869s)
  plain_run001   K=4 sigma2     max BER 4.244e-01  CNN P(det) at max JSR 1.000  (894s)
  plain_run001   K=4 sigma4     max BER 4.236e-01  CNN P(det) at max JSR 1.000  (918s)
  plain_run001   K=4 sigma8     max BER 4.239e-01  CNN P(det) at max JSR 1.000  (942s)
  plain_run001   K=4 sigma16    max BER 4.242e-01  CNN P(det) at max JSR 1.000  (966s)
  plain_run001   K=4 sigma32    max BER 4.268e-01  CNN P(det) at max JSR 1.000  (991s)
  plain_run001   K=4 sigma64    max BER 4.232e-01  CNN P(det) at max JSR 1.000  (1015s)
  plain_run001   K=4 shifted    max BER 4.237e-01  CNN P(det) at max JSR 1.000  (1040s)
  kurtosis_b1    K=1 aligned    max BER 4.051e-01  CNN P(det) at max JSR 1.000  (1060s)
  kurtosis_b1    K=2 sigma0     max BER 3.949e-01  CNN P(det) at max JSR 1.000  (1081s)
  kurtosis_b1    K=2 sigma0.25  max BER 3.999e-01  CNN P(det) at max JSR 1.000  (1102s)
  kurtosis_b1    K=2 sigma0.5   max BER 3.968e-01  CNN P(det) at max JSR 1.000  (1124s)
  kurtosis_b1    K=2 sigma1     max BER 4.044e-01  CNN P(det) at max JSR 1.000  (1145s)
  kurtosis_b1    K=2 sigma2     max BER 4.031e-01  CNN P(det) at max JSR 1.000  (1167s)
  kurtosis_b1    K=2 sigma4     max BER 4.074e-01  CNN P(det) at max JSR 1.000  (1188s)
  kurtosis_b1    K=2 sigma8     max BER 4.070e-01  CNN P(det) at max JSR 1.000  (1210s)
  kurtosis_b1    K=2 sigma16    max BER 4.071e-01  CNN P(det) at max JSR 1.000  (1231s)
  kurtosis_b1    K=2 sigma32    max BER 4.081e-01  CNN P(det) at max JSR 1.000  (1253s)
  kurtosis_b1    K=2 sigma64    max BER 4.071e-01  CNN P(det) at max JSR 1.000  (1274s)
  kurtosis_b1    K=2 shifted    max BER 4.070e-01  CNN P(det) at max JSR 1.000  (1296s)
  kurtosis_b1    K=4 sigma0     max BER 3.972e-01  CNN P(det) at max JSR 1.000  (1319s)
  kurtosis_b1    K=4 sigma0.25  max BER 3.984e-01  CNN P(det) at max JSR 1.000  (1344s)
  kurtosis_b1    K=4 sigma0.5   max BER 3.998e-01  CNN P(det) at max JSR 1.000  (1368s)
  kurtosis_b1    K=4 sigma1     max BER 4.006e-01  CNN P(det) at max JSR 1.000  (1392s)
  kurtosis_b1    K=4 sigma2     max BER 4.042e-01  CNN P(det) at max JSR 1.000  (1417s)
  kurtosis_b1    K=4 sigma4     max BER 4.084e-01  CNN P(det) at max JSR 1.000  (1441s)
  kurtosis_b1    K=4 sigma8     max BER 4.123e-01  CNN P(det) at max JSR 1.000  (1465s)
  kurtosis_b1    K=4 sigma16    max BER 4.095e-01  CNN P(det) at max JSR 1.000  (1490s)
  kurtosis_b1    K=4 sigma32    max BER 4.109e-01  CNN P(det) at max JSR 1.000  (1514s)
  kurtosis_b1    K=4 sigma64    max BER 4.103e-01  CNN P(det) at max JSR 1.000  (1538s)
  kurtosis_b1    K=4 shifted    max BER 4.105e-01  CNN P(det) at max JSR 1.000  (1563s)
wrote ../artifacts/cgan/team_timing/run001/snr_15_lossless.json in 1563s
