node: tikgpu05.ee.ethz.ch | gpu: NVIDIA TITAN RTX
task 2 | train | SNR 30 dB | beta 0 | device cuda:0
  CNN threshold -3.17573, clean std 0.940603; budget band (-30.0, -10.0) dB; eff batch 256
  step    0  sig  4.00  T  -21.8  loss 602.123  logE[BER] -602.12  P_soft 0.523  (1s)
  step   25  sig 16.00  T  -23.9  loss 698.226  logE[BER] -698.23  P_soft 0.586  (20s)
  step   50  sig 64.00  T  -15.5  loss 6.644  logE[BER] -6.64  P_soft 0.991  (38s)
  step   75  sig  0.00  T  -17.6  loss 6.552  logE[BER] -6.55  P_soft 0.927  (57s)
  step  100  sig  0.50  T  -19.0  loss 7.271  logE[BER] -7.27  P_soft 0.857  (76s)
  step  125  sig  8.00  T  -20.8  loss 84.544  logE[BER] -84.54  P_soft 0.807  (95s)
  step  150  sig 32.00  T  -10.8  loss 5.293  logE[BER] -5.29  P_soft 0.999  (113s)
  step  175  sig  0.00  T  -19.7  loss 7.401  logE[BER] -7.40  P_soft 0.829  (132s)
  step  200  sig  0.50  T  -23.9  loss 236.082  logE[BER] -236.08  P_soft 0.575  (151s)
  step  225  sig 64.00  T  -15.7  loss 6.896  logE[BER] -6.90  P_soft 0.991  (170s)
  step  250  sig 64.00  T  -28.7  loss 1509.822  logE[BER] -1509.82  P_soft 0.406  (188s)
  step  275  sig  4.00  T  -18.1  loss 6.873  logE[BER] -6.87  P_soft 0.924  (207s)
  step  300  sig 64.00  T  -12.8  loss 5.706  logE[BER] -5.71  P_soft 0.998  (226s)
  step  325  sig  2.00  T  -22.5  loss 91.173  logE[BER] -91.17  P_soft 0.681  (245s)
  step  350  sig 64.00  T  -24.9  loss 658.769  logE[BER] -658.77  P_soft 0.645  (264s)
  step  375  sig  8.00  T  -27.1  loss 1049.277  logE[BER] -1049.28  P_soft 0.407  (283s)
  step  400  sig 64.00  T  -10.7  loss 5.256  logE[BER] -5.26  P_soft 1.000  (302s)
  step  425  sig 16.00  T  -14.3  loss 5.840  logE[BER] -5.84  P_soft 0.992  (321s)
  step  450  sig  4.00  T  -10.9  loss 5.101  logE[BER] -5.10  P_soft 0.999  (340s)
  step  475  sig  2.00  T  -23.6  loss 188.097  logE[BER] -188.10  P_soft 0.637  (359s)
  step  500  sig  8.00  T  -25.8  loss 822.810  logE[BER] -822.81  P_soft 0.473  (378s)
  step  525  sig  1.00  T  -22.6  loss 45.567  logE[BER] -45.57  P_soft 0.702  (397s)
  step  550  sig 64.00  T  -14.4  loss 6.267  logE[BER] -6.27  P_soft 0.994  (416s)
  step  575  sig 32.00  T  -18.5  loss 7.991  logE[BER] -7.99  P_soft 0.935  (435s)
  step  599  sig  0.25  T  -24.6  loss 239.067  logE[BER] -239.07  P_soft 0.548  (453s)
wrote ../artifacts/cgan/team_policy/run001/snr30_b0_policy.pt
