node: tikgpu09.ee.ethz.ch | gpu: NVIDIA GeForce RTX 3090
task 13 = {'target': 'spec_cnn', 'beta': 1.0}  (tag spec_cnn_b1, 32 frames/step, JSR band (-48.0, -16.0))
  target spec_cnn: threshold -3.17573, clean-frame std 0.949107 (soft_pdet width)
  step    0  JSR  -16.4  loss 1754.6138  logE[BER] -1753.620  P_det_soft 0.9934  (1s)
  step   25  JSR  -28.6  loss 2643.5813  logE[BER] -2643.008  P_det_soft 0.5731  (3s)
  step   50  JSR  -30.3  loss 1984.5429  logE[BER] -1984.231  P_det_soft 0.3117  (4s)
  step   75  JSR  -43.3  loss 3446.3303  logE[BER] -3446.124  P_det_soft 0.2062  (6s)
  step  100  JSR  -44.4  loss 3505.7608  logE[BER] -3505.588  P_det_soft 0.1724  (7s)
  step  125  JSR  -46.9  loss 3603.4177  logE[BER] -3603.223  P_det_soft 0.1946  (9s)
  step  150  JSR  -25.2  loss 727.6709  logE[BER] -726.989  P_det_soft 0.6815  (11s)
  step  175  JSR  -34.0  loss 2327.6307  logE[BER] -2327.407  P_det_soft 0.2234  (12s)
  step  200  JSR  -23.8  loss 266.8904  logE[BER] -266.289  P_det_soft 0.6010  (14s)
  step  225  JSR  -22.1  loss 199.3766  logE[BER] -198.583  P_det_soft 0.7932  (15s)
  step  250  JSR  -21.9  loss 9.5971  logE[BER] -8.789  P_det_soft 0.8086  (17s)
  step  275  JSR  -44.8  loss 3489.5864  logE[BER] -3489.421  P_det_soft 0.1651  (19s)
  step  300  JSR  -17.5  loss 7.1859  logE[BER] -6.261  P_det_soft 0.9250  (20s)
  step  325  JSR  -39.0  loss 2899.5984  logE[BER] -2899.377  P_det_soft 0.2213  (22s)
  step  350  JSR  -46.9  loss 3547.3538  logE[BER] -3547.189  P_det_soft 0.1647  (23s)
  step  375  JSR  -44.7  loss 3493.3212  logE[BER] -3493.116  P_det_soft 0.2051  (25s)
  step  400  JSR  -19.4  loss 7.0724  logE[BER] -6.220  P_det_soft 0.8520  (27s)
  step  425  JSR  -46.3  loss 3576.4831  logE[BER] -3576.267  P_det_soft 0.2157  (28s)
  step  450  JSR  -18.6  loss 7.4565  logE[BER] -6.591  P_det_soft 0.8656  (30s)
  step  475  JSR  -33.8  loss 2133.6694  logE[BER] -2133.303  P_det_soft 0.3662  (31s)
  step  500  JSR  -42.1  loss 3230.3395  logE[BER] -3230.191  P_det_soft 0.1484  (33s)
  step  525  JSR  -37.4  loss 2753.3702  logE[BER] -2753.214  P_det_soft 0.1560  (35s)
  step  550  JSR  -37.2  loss 2651.8630  logE[BER] -2651.624  P_det_soft 0.2387  (36s)
  step  575  JSR  -47.8  loss 3562.1136  logE[BER] -3561.965  P_det_soft 0.1485  (38s)
  step  600  JSR  -16.9  loss 6.9470  logE[BER] -6.015  P_det_soft 0.9318  (40s)
  step  625  JSR  -34.6  loss 2138.7285  logE[BER] -2138.506  P_det_soft 0.2224  (41s)
  step  650  JSR  -20.6  loss 8.6562  logE[BER] -7.911  P_det_soft 0.7457  (43s)
  step  675  JSR  -39.4  loss 2952.3181  logE[BER] -2952.090  P_det_soft 0.2285  (44s)
  step  700  JSR  -30.6  loss 1494.2348  logE[BER] -1493.912  P_det_soft 0.3231  (46s)
  step  725  JSR  -47.7  loss 3554.2545  logE[BER] -3554.053  P_det_soft 0.2016  (48s)
  step  750  JSR  -17.2  loss 7.0495  logE[BER] -6.125  P_det_soft 0.9244  (49s)
  step  775  JSR  -21.9  loss 8.4372  logE[BER] -7.630  P_det_soft 0.8068  (51s)
  step  800  JSR  -34.7  loss 2221.5665  logE[BER] -2221.273  P_det_soft 0.2936  (52s)
  step  825  JSR  -33.0  loss 1861.5769  logE[BER] -1861.287  P_det_soft 0.2903  (54s)
  step  850  JSR  -41.9  loss 3156.1515  logE[BER] -3155.982  P_det_soft 0.1693  (56s)
  step  875  JSR  -32.9  loss 1980.1690  logE[BER] -1979.799  P_det_soft 0.3703  (57s)
  step  900  JSR  -43.6  loss 3318.8787  logE[BER] -3318.716  P_det_soft 0.1630  (59s)
  step  925  JSR  -30.9  loss 1690.3094  logE[BER] -1690.055  P_det_soft 0.2539  (60s)
  step  950  JSR  -23.3  loss 21.5135  logE[BER] -20.990  P_det_soft 0.5232  (62s)
  step  975  JSR  -47.7  loss 3569.1267  logE[BER] -3568.949  P_det_soft 0.1778  (64s)
  step 1000  JSR  -31.9  loss 1670.5997  logE[BER] -1670.288  P_det_soft 0.3115  (65s)
  step 1025  JSR  -41.9  loss 3152.4894  logE[BER] -3152.299  P_det_soft 0.1905  (67s)
  step 1050  JSR  -23.6  loss 33.7841  logE[BER] -33.166  P_det_soft 0.6177  (69s)
  step 1075  JSR  -21.7  loss 8.9380  logE[BER] -8.279  P_det_soft 0.6589  (70s)
  step 1100  JSR  -19.8  loss 7.2957  logE[BER] -6.505  P_det_soft 0.7908  (72s)
  step 1125  JSR  -19.9  loss 7.8419  logE[BER] -6.932  P_det_soft 0.9099  (73s)
  step 1150  JSR  -42.1  loss 3272.4299  logE[BER] -3272.246  P_det_soft 0.1838  (75s)
  step 1175  JSR  -29.8  loss 1411.3001  logE[BER] -1411.001  P_det_soft 0.2987  (77s)
  step 1200  JSR  -29.4  loss 1278.8217  logE[BER] -1278.562  P_det_soft 0.2595  (78s)
  step 1225  JSR  -39.1  loss 2861.5635  logE[BER] -2861.364  P_det_soft 0.1999  (80s)
  step 1250  JSR  -42.4  loss 3273.9638  logE[BER] -3273.755  P_det_soft 0.2092  (81s)
  step 1275  JSR  -23.3  loss 51.9842  logE[BER] -51.414  P_det_soft 0.5699  (83s)
  step 1300  JSR  -30.0  loss 1220.5269  logE[BER] -1220.270  P_det_soft 0.2569  (85s)
  step 1325  JSR  -36.1  loss 2453.3574  logE[BER] -2453.118  P_det_soft 0.2393  (86s)
  step 1350  JSR  -24.4  loss 181.4399  logE[BER] -180.960  P_det_soft 0.4798  (88s)
  step 1375  JSR  -21.0  loss 8.8064  logE[BER] -8.009  P_det_soft 0.7973  (89s)
  step 1400  JSR  -32.1  loss 1875.5926  logE[BER] -1875.309  P_det_soft 0.2835  (91s)
  step 1425  JSR  -29.8  loss 1411.9762  logE[BER] -1411.710  P_det_soft 0.2663  (93s)
  step 1450  JSR  -22.1  loss 8.6049  logE[BER] -7.912  P_det_soft 0.6929  (94s)
  step 1475  JSR  -40.3  loss 3037.2744  logE[BER] -3037.103  P_det_soft 0.1713  (96s)
  step 1500  JSR  -27.3  loss 605.8149  logE[BER] -605.464  P_det_soft 0.3505  (98s)
  step 1525  JSR  -28.2  loss 914.0933  logE[BER] -913.789  P_det_soft 0.3044  (99s)
  step 1550  JSR  -26.0  loss 286.1995  logE[BER] -285.733  P_det_soft 0.4662  (101s)
  step 1575  JSR  -30.5  loss 1556.2457  logE[BER] -1555.972  P_det_soft 0.2740  (102s)
  step 1600  JSR  -39.3  loss 3021.1620  logE[BER] -3020.937  P_det_soft 0.2248  (104s)
  step 1625  JSR  -39.4  loss 2818.0525  logE[BER] -2817.876  P_det_soft 0.1763  (106s)
  step 1650  JSR  -16.3  loss 6.5847  logE[BER] -5.682  P_det_soft 0.9023  (107s)
  step 1675  JSR  -30.4  loss 1177.8893  logE[BER] -1177.580  P_det_soft 0.3089  (109s)
  step 1700  JSR  -21.5  loss 8.4793  logE[BER] -7.810  P_det_soft 0.6689  (111s)
  step 1725  JSR  -16.2  loss 6.9419  logE[BER] -6.014  P_det_soft 0.9279  (112s)
  step 1750  JSR  -18.6  loss 6.9514  logE[BER] -6.121  P_det_soft 0.8308  (114s)
  step 1775  JSR  -34.7  loss 2197.0860  logE[BER] -2196.877  P_det_soft 0.2093  (115s)
  step 1800  JSR  -41.7  loss 3149.5927  logE[BER] -3149.380  P_det_soft 0.2126  (117s)
  step 1825  JSR  -27.9  loss 808.9492  logE[BER] -808.626  P_det_soft 0.3233  (119s)
  step 1850  JSR  -38.4  loss 2929.8272  logE[BER] -2929.634  P_det_soft 0.1935  (120s)
  step 1875  JSR  -32.1  loss 1624.2356  logE[BER] -1623.920  P_det_soft 0.3154  (122s)
  step 1900  JSR  -35.7  loss 2346.6099  logE[BER] -2346.429  P_det_soft 0.1810  (123s)
  step 1925  JSR  -18.0  loss 7.2055  logE[BER] -6.315  P_det_soft 0.8902  (125s)
  step 1950  JSR  -37.2  loss 2626.0426  logE[BER] -2625.820  P_det_soft 0.2223  (127s)
  step 1975  JSR  -41.4  loss 3081.6994  logE[BER] -3081.490  P_det_soft 0.2092  (128s)
  step 2000  JSR  -21.4  loss 7.8976  logE[BER] -7.215  P_det_soft 0.6823  (130s)
  step 2025  JSR  -16.3  loss 6.6210  logE[BER] -5.684  P_det_soft 0.9368  (132s)
  step 2050  JSR  -47.6  loss 3553.8106  logE[BER] -3553.635  P_det_soft 0.1758  (133s)
  step 2075  JSR  -38.5  loss 2829.4678  logE[BER] -2829.228  P_det_soft 0.2400  (135s)
  step 2100  JSR  -32.2  loss 1744.6849  logE[BER] -1744.414  P_det_soft 0.2712  (136s)
  step 2125  JSR  -32.1  loss 1778.4155  logE[BER] -1778.097  P_det_soft 0.3180  (138s)
  step 2150  JSR  -39.9  loss 2982.8446  logE[BER] -2982.611  P_det_soft 0.2340  (140s)
  step 2175  JSR  -34.7  loss 2235.9878  logE[BER] -2235.772  P_det_soft 0.2155  (141s)
  step 2200  JSR  -47.4  loss 3554.1582  logE[BER] -3553.954  P_det_soft 0.2043  (143s)
  step 2225  JSR  -16.4  loss 6.8149  logE[BER] -5.875  P_det_soft 0.9395  (145s)
  step 2250  JSR  -26.4  loss 437.1027  logE[BER] -436.701  P_det_soft 0.4018  (146s)
  step 2275  JSR  -41.0  loss 3105.2554  logE[BER] -3105.018  P_det_soft 0.2372  (148s)
  step 2300  JSR  -22.9  loss 9.0257  logE[BER] -8.484  P_det_soft 0.5418  (149s)
  step 2325  JSR  -32.0  loss 1807.8806  logE[BER] -1807.673  P_det_soft 0.2078  (151s)
  step 2350  JSR  -18.9  loss 7.2332  logE[BER] -6.407  P_det_soft 0.8258  (153s)
  step 2375  JSR  -32.0  loss 1639.1592  logE[BER] -1638.899  P_det_soft 0.2606  (154s)
  step 2400  JSR  -18.4  loss 7.0151  logE[BER] -6.139  P_det_soft 0.8757  (156s)
  step 2425  JSR  -22.7  loss 12.9476  logE[BER] -12.295  P_det_soft 0.6527  (158s)
  step 2450  JSR  -16.9  loss 6.5928  logE[BER] -5.715  P_det_soft 0.8780  (159s)
  step 2475  JSR  -19.3  loss 7.5038  logE[BER] -6.708  P_det_soft 0.7956  (161s)
  step 2500  JSR  -25.0  loss 247.0005  logE[BER] -246.547  P_det_soft 0.4535  (162s)
  step 2525  JSR  -34.1  loss 2134.4664  logE[BER] -2134.176  P_det_soft 0.2902  (164s)
  step 2550  JSR  -41.1  loss 3127.6372  logE[BER] -3127.432  P_det_soft 0.2050  (166s)
  step 2575  JSR  -41.4  loss 3197.6186  logE[BER] -3197.386  P_det_soft 0.2325  (167s)
  step 2600  JSR  -42.8  loss 3217.7400  logE[BER] -3217.541  P_det_soft 0.1986  (169s)
  step 2625  JSR  -21.1  loss 8.1075  logE[BER] -7.403  P_det_soft 0.7048  (171s)
  step 2650  JSR  -40.9  loss 3021.5762  logE[BER] -3021.362  P_det_soft 0.2139  (172s)
  step 2675  JSR  -44.9  loss 3426.9020  logE[BER] -3426.718  P_det_soft 0.1839  (174s)
  step 2700  JSR  -35.3  loss 2439.2781  logE[BER] -2439.043  P_det_soft 0.2350  (175s)
  step 2725  JSR  -22.4  loss 11.7967  logE[BER] -11.177  P_det_soft 0.6202  (177s)
  step 2750  JSR  -20.6  loss 7.8748  logE[BER] -7.210  P_det_soft 0.6647  (179s)
  step 2775  JSR  -25.8  loss 225.6526  logE[BER] -225.340  P_det_soft 0.3130  (180s)
  step 2800  JSR  -28.6  loss 935.4896  logE[BER] -935.108  P_det_soft 0.3814  (182s)
  step 2825  JSR  -18.5  loss 7.1851  logE[BER] -6.347  P_det_soft 0.8384  (184s)
  step 2850  JSR  -20.0  loss 7.4512  logE[BER] -6.729  P_det_soft 0.7220  (185s)
  step 2875  JSR  -23.2  loss 18.1325  logE[BER] -17.715  P_det_soft 0.4172  (187s)
  step 2900  JSR  -25.7  loss 315.0094  logE[BER] -314.687  P_det_soft 0.3228  (188s)
  step 2925  JSR  -16.2  loss 6.9662  logE[BER] -6.082  P_det_soft 0.8838  (190s)
  step 2950  JSR  -16.6  loss 6.7719  logE[BER] -5.895  P_det_soft 0.8770  (192s)
  step 2975  JSR  -37.3  loss 2568.9469  logE[BER] -2568.746  P_det_soft 0.2012  (193s)
  step 3000  JSR  -19.3  loss 7.0690  logE[BER] -6.304  P_det_soft 0.7652  (195s)
  step 3025  JSR  -45.9  loss 3477.1748  logE[BER] -3477.047  P_det_soft 0.1280  (197s)
  step 3050  JSR  -23.5  loss 17.7836  logE[BER] -17.294  P_det_soft 0.4895  (198s)
  step 3075  JSR  -26.3  loss 423.9913  logE[BER] -423.610  P_det_soft 0.3812  (200s)
  step 3100  JSR  -43.7  loss 3313.5363  logE[BER] -3313.361  P_det_soft 0.1749  (201s)
  step 3125  JSR  -16.7  loss 6.8239  logE[BER] -5.920  P_det_soft 0.9042  (203s)
  step 3150  JSR  -39.4  loss 2881.0956  logE[BER] -2880.929  P_det_soft 0.1662  (205s)
  step 3175  JSR  -41.5  loss 3088.4202  logE[BER] -3088.203  P_det_soft 0.2176  (206s)
  step 3200  JSR  -22.8  loss 9.4736  logE[BER] -8.934  P_det_soft 0.5398  (208s)
  step 3225  JSR  -18.4  loss 6.8636  logE[BER] -6.075  P_det_soft 0.7888  (210s)
  step 3250  JSR  -18.4  loss 7.0576  logE[BER] -6.178  P_det_soft 0.8799  (211s)
  step 3275  JSR  -38.9  loss 2851.9583  logE[BER] -2851.762  P_det_soft 0.1964  (213s)
  step 3300  JSR  -47.3  loss 3548.8979  logE[BER] -3548.654  P_det_soft 0.2441  (214s)
  step 3325  JSR  -28.3  loss 1174.9159  logE[BER] -1174.626  P_det_soft 0.2899  (216s)
  step 3350  JSR  -36.0  loss 2342.5123  logE[BER] -2342.262  P_det_soft 0.2508  (218s)
  step 3375  JSR  -46.7  loss 3487.5137  logE[BER] -3487.306  P_det_soft 0.2075  (219s)
  step 3400  JSR  -26.0  loss 344.6425  logE[BER] -344.299  P_det_soft 0.3432  (221s)
  step 3425  JSR  -26.5  loss 414.5309  logE[BER] -414.220  P_det_soft 0.3109  (223s)
  step 3450  JSR  -40.3  loss 2973.2272  logE[BER] -2973.020  P_det_soft 0.2073  (224s)
  step 3475  JSR  -44.4  loss 3385.8031  logE[BER] -3385.657  P_det_soft 0.1462  (226s)
  step 3500  JSR  -33.0  loss 1957.0783  logE[BER] -1956.821  P_det_soft 0.2571  (228s)
  step 3525  JSR  -39.5  loss 2855.3496  logE[BER] -2855.162  P_det_soft 0.1873  (229s)
  step 3550  JSR  -31.0  loss 1437.1749  logE[BER] -1436.903  P_det_soft 0.2720  (231s)
  step 3575  JSR  -41.4  loss 3080.6434  logE[BER] -3080.453  P_det_soft 0.1908  (232s)
  step 3600  JSR  -19.0  loss 7.1127  logE[BER] -6.371  P_det_soft 0.7415  (234s)
  step 3625  JSR  -46.9  loss 3497.6426  logE[BER] -3497.443  P_det_soft 0.1992  (236s)
  step 3650  JSR  -20.3  loss 7.1957  logE[BER] -6.458  P_det_soft 0.7375  (237s)
  step 3675  JSR  -29.6  loss 1087.8991  logE[BER] -1087.566  P_det_soft 0.3332  (239s)
  step 3700  JSR  -22.2  loss 8.4652  logE[BER] -7.912  P_det_soft 0.5529  (241s)
  step 3725  JSR  -26.5  loss 402.9391  logE[BER] -402.569  P_det_soft 0.3700  (242s)
  step 3750  JSR  -25.9  loss 256.0573  logE[BER] -255.697  P_det_soft 0.3600  (244s)
  step 3775  JSR  -28.8  loss 989.4360  logE[BER] -989.140  P_det_soft 0.2960  (246s)
  step 3800  JSR  -21.0  loss 7.4114  logE[BER] -6.832  P_det_soft 0.5792  (247s)
  step 3825  JSR  -46.5  loss 3516.5965  logE[BER] -3516.405  P_det_soft 0.1914  (249s)
  step 3850  JSR  -40.5  loss 2994.5953  logE[BER] -2994.400  P_det_soft 0.1949  (250s)
  step 3875  JSR  -44.4  loss 3383.6816  logE[BER] -3383.460  P_det_soft 0.2212  (252s)
  step 3900  JSR  -16.5  loss 6.8974  logE[BER] -5.965  P_det_soft 0.9323  (254s)
  step 3925  JSR  -41.1  loss 3096.6136  logE[BER] -3096.426  P_det_soft 0.1872  (255s)
  step 3950  JSR  -39.7  loss 2923.7405  logE[BER] -2923.548  P_det_soft 0.1924  (257s)
  step 3975  JSR  -25.5  loss 314.0984  logE[BER] -313.823  P_det_soft 0.2759  (259s)
  step 3999  JSR  -39.1  loss 2855.8665  logE[BER] -2855.595  P_det_soft 0.2717  (260s)
wrote task13_G.pt, task13.json  (tag spec_cnn_b1)
