node: tikgpu09.ee.ethz.ch | gpu: NVIDIA GeForce RTX 3090
task 15 = {'target': 'spec_cnn', 'beta': 100.0}  (tag spec_cnn_b100, 32 frames/step, JSR band (-48.0, -16.0))
  target spec_cnn: threshold -3.17573, clean-frame std 0.949107 (soft_pdet width)
  step    0  JSR  -32.2  loss 3603.0843  logE[BER] -3570.759  P_det_soft 0.3233  (1s)
  step   25  JSR  -44.5  loss 3808.1162  logE[BER] -3793.050  P_det_soft 0.1507  (3s)
  step   50  JSR  -29.7  loss 1845.5759  logE[BER] -1803.122  P_det_soft 0.4245  (5s)
  step   75  JSR  -22.0  loss 179.5044  logE[BER] -91.263  P_det_soft 0.8824  (6s)
  step  100  JSR  -42.9  loss 3496.7024  logE[BER] -3475.199  P_det_soft 0.2150  (8s)
  step  125  JSR  -40.1  loss 3303.0998  logE[BER] -3291.012  P_det_soft 0.1209  (10s)
  step  150  JSR  -45.1  loss 3561.1269  logE[BER] -3538.990  P_det_soft 0.2214  (11s)
  step  175  JSR  -42.4  loss 3390.1700  logE[BER] -3370.959  P_det_soft 0.1921  (13s)
  step  200  JSR  -41.1  loss 3232.8038  logE[BER] -3217.089  P_det_soft 0.1571  (15s)
  step  225  JSR  -28.3  loss 1345.1561  logE[BER] -1299.894  P_det_soft 0.4526  (16s)
  step  250  JSR  -42.9  loss 3380.3478  logE[BER] -3359.644  P_det_soft 0.2070  (18s)
  step  275  JSR  -47.0  loss 3572.3443  logE[BER] -3554.785  P_det_soft 0.1756  (20s)
  step  300  JSR  -33.3  loss 2330.2345  logE[BER] -2314.508  P_det_soft 0.1573  (21s)
  step  325  JSR  -34.7  loss 2458.0326  logE[BER] -2442.005  P_det_soft 0.1603  (23s)
  step  350  JSR  -20.0  loss 102.8764  logE[BER] -7.436  P_det_soft 0.9544  (25s)
  step  375  JSR  -26.5  loss 862.7547  logE[BER] -812.019  P_det_soft 0.5074  (27s)
  step  400  JSR  -21.5  loss 137.9404  logE[BER] -50.003  P_det_soft 0.8794  (28s)
  step  425  JSR  -36.4  loss 2590.9776  logE[BER] -2565.104  P_det_soft 0.2587  (30s)
  step  450  JSR  -24.0  loss 309.2575  logE[BER] -247.642  P_det_soft 0.6162  (32s)
  step  475  JSR  -28.2  loss 1169.7342  logE[BER] -1131.946  P_det_soft 0.3779  (34s)
  step  500  JSR  -29.6  loss 1571.6627  logE[BER] -1541.740  P_det_soft 0.2992  (36s)
  step  525  JSR  -42.2  loss 3259.5856  logE[BER] -3240.134  P_det_soft 0.1945  (37s)
  step  550  JSR  -37.1  loss 2730.5598  logE[BER] -2705.995  P_det_soft 0.2457  (39s)
  step  575  JSR  -47.0  loss 3623.5654  logE[BER] -3607.671  P_det_soft 0.1589  (41s)
  step  600  JSR  -21.8  loss 92.9134  logE[BER] -9.011  P_det_soft 0.8390  (43s)
  step  625  JSR  -38.9  loss 2850.7144  logE[BER] -2833.734  P_det_soft 0.1698  (45s)
  step  650  JSR  -30.6  loss 1615.8918  logE[BER] -1576.801  P_det_soft 0.3909  (47s)
  step  675  JSR  -37.3  loss 2780.7932  logE[BER] -2762.727  P_det_soft 0.1807  (48s)
  step  700  JSR  -34.2  loss 2405.5137  logE[BER] -2380.117  P_det_soft 0.2540  (50s)
  step  725  JSR  -43.8  loss 3462.2212  logE[BER] -3438.439  P_det_soft 0.2378  (52s)
  step  750  JSR  -37.6  loss 2772.5409  logE[BER] -2751.741  P_det_soft 0.2080  (54s)
  step  775  JSR  -44.1  loss 3371.8652  logE[BER] -3358.996  P_det_soft 0.1287  (56s)
  step  800  JSR  -41.8  loss 3232.3483  logE[BER] -3215.905  P_det_soft 0.1644  (58s)
  step  825  JSR  -25.5  loss 420.2864  logE[BER] -367.705  P_det_soft 0.5258  (60s)
  step  850  JSR  -28.0  loss 1171.1308  logE[BER] -1138.922  P_det_soft 0.3221  (62s)
  step  875  JSR  -30.0  loss 1508.3599  logE[BER] -1474.056  P_det_soft 0.3430  (64s)
  step  900  JSR  -28.8  loss 1471.3790  logE[BER] -1445.386  P_det_soft 0.2599  (66s)
  step  925  JSR  -28.0  loss 1018.1100  logE[BER] -988.522  P_det_soft 0.2959  (68s)
  step  950  JSR  -17.8  loss 104.6432  logE[BER] -6.372  P_det_soft 0.9827  (70s)
  step  975  JSR  -31.9  loss 1848.0558  logE[BER] -1826.207  P_det_soft 0.2185  (72s)
  step 1000  JSR  -20.1  loss 97.1029  logE[BER] -7.018  P_det_soft 0.9009  (74s)
  step 1025  JSR  -33.6  loss 2063.8906  logE[BER] -2046.283  P_det_soft 0.1761  (76s)
  step 1050  JSR  -19.2  loss 104.6667  logE[BER] -7.219  P_det_soft 0.9745  (78s)
  step 1075  JSR  -47.7  loss 3610.9363  logE[BER] -3589.895  P_det_soft 0.2104  (80s)
  step 1100  JSR  -24.0  loss 157.9917  logE[BER] -102.246  P_det_soft 0.5575  (83s)
  step 1125  JSR  -19.2  loss 101.5905  logE[BER] -6.890  P_det_soft 0.9470  (85s)
  step 1150  JSR  -44.7  loss 3420.8091  logE[BER] -3402.301  P_det_soft 0.1851  (87s)
  step 1175  JSR  -30.5  loss 1600.5900  logE[BER] -1575.126  P_det_soft 0.2546  (89s)
  step 1200  JSR  -25.4  loss 727.9584  logE[BER] -673.805  P_det_soft 0.5415  (91s)
  step 1225  JSR  -32.4  loss 1944.7938  logE[BER] -1916.794  P_det_soft 0.2800  (94s)
  step 1250  JSR  -18.1  loss 104.4152  logE[BER] -6.345  P_det_soft 0.9807  (96s)
  step 1275  JSR  -37.4  loss 2891.7284  logE[BER] -2872.991  P_det_soft 0.1874  (98s)
  step 1300  JSR  -24.9  loss 299.6437  logE[BER] -243.248  P_det_soft 0.5640  (100s)
  step 1325  JSR  -24.5  loss 250.4862  logE[BER] -200.454  P_det_soft 0.5003  (103s)
  step 1350  JSR  -38.1  loss 2932.0412  logE[BER] -2913.398  P_det_soft 0.1864  (105s)
  step 1375  JSR  -21.5  loss 93.8615  logE[BER] -9.868  P_det_soft 0.8399  (107s)
  step 1400  JSR  -29.1  loss 1078.8952  logE[BER] -1056.578  P_det_soft 0.2232  (110s)
  step 1425  JSR  -27.2  loss 755.2974  logE[BER] -708.195  P_det_soft 0.4710  (112s)
  step 1450  JSR  -18.0  loss 104.6332  logE[BER] -6.303  P_det_soft 0.9833  (114s)
  step 1475  JSR  -24.6  loss 235.2872  logE[BER] -176.159  P_det_soft 0.5913  (117s)
  step 1500  JSR  -37.6  loss 2720.5732  logE[BER] -2702.486  P_det_soft 0.1809  (119s)
  step 1525  JSR  -30.4  loss 1519.6985  logE[BER] -1496.839  P_det_soft 0.2286  (122s)
  step 1550  JSR  -39.3  loss 3033.9056  logE[BER] -3008.600  P_det_soft 0.2531  (124s)
  step 1575  JSR  -31.7  loss 1780.8879  logE[BER] -1762.462  P_det_soft 0.1843  (126s)
  step 1600  JSR  -18.9  loss 100.9738  logE[BER] -6.592  P_det_soft 0.9438  (129s)
  step 1625  JSR  -39.3  loss 2949.2545  logE[BER] -2929.836  P_det_soft 0.1942  (131s)
  step 1650  JSR  -32.7  loss 1913.6704  logE[BER] -1892.251  P_det_soft 0.2142  (134s)
  step 1675  JSR  -19.8  loss 100.6828  logE[BER] -6.531  P_det_soft 0.9415  (136s)
  step 1700  JSR  -42.4  loss 3264.6294  logE[BER] -3245.079  P_det_soft 0.1955  (138s)
  step 1725  JSR  -37.2  loss 2749.9522  logE[BER] -2730.998  P_det_soft 0.1895  (141s)
  step 1750  JSR  -20.8  loss 97.2120  logE[BER] -8.318  P_det_soft 0.8889  (143s)
  step 1775  JSR  -41.5  loss 3187.4641  logE[BER] -3171.215  P_det_soft 0.1625  (146s)
  step 1800  JSR  -37.9  loss 2810.7040  logE[BER] -2791.751  P_det_soft 0.1895  (148s)
  step 1825  JSR  -28.1  loss 1106.4206  logE[BER] -1072.117  P_det_soft 0.3430  (151s)
  step 1850  JSR  -37.5  loss 2669.5734  logE[BER] -2645.887  P_det_soft 0.2369  (153s)
  step 1875  JSR  -32.9  loss 2097.4592  logE[BER] -2073.312  P_det_soft 0.2415  (155s)
  step 1900  JSR  -19.2  loss 101.6103  logE[BER] -6.415  P_det_soft 0.9520  (158s)
  step 1925  JSR  -37.7  loss 2791.1887  logE[BER] -2770.446  P_det_soft 0.2074  (160s)
  step 1950  JSR  -32.7  loss 2077.9106  logE[BER] -2059.225  P_det_soft 0.1869  (163s)
  step 1975  JSR  -37.6  loss 2888.7546  logE[BER] -2874.044  P_det_soft 0.1471  (165s)
  step 2000  JSR  -29.4  loss 1173.9150  logE[BER] -1142.954  P_det_soft 0.3096  (168s)
  step 2025  JSR  -17.1  loss 105.1710  logE[BER] -5.942  P_det_soft 0.9923  (170s)
  step 2050  JSR  -44.2  loss 3374.0535  logE[BER] -3353.724  P_det_soft 0.2033  (173s)
  step 2075  JSR  -18.8  loss 102.9336  logE[BER] -6.615  P_det_soft 0.9632  (175s)
  step 2100  JSR  -36.1  loss 2478.2351  logE[BER] -2462.258  P_det_soft 0.1598  (178s)
  step 2125  JSR  -27.0  loss 634.5196  logE[BER] -602.395  P_det_soft 0.3212  (180s)
  step 2150  JSR  -37.6  loss 2830.8851  logE[BER] -2806.918  P_det_soft 0.2397  (183s)
  step 2175  JSR  -36.3  loss 2609.9066  logE[BER] -2589.750  P_det_soft 0.2016  (185s)
  step 2200  JSR  -39.4  loss 2994.1834  logE[BER] -2974.740  P_det_soft 0.1944  (188s)
  step 2225  JSR  -17.2  loss 104.4217  logE[BER] -6.303  P_det_soft 0.9812  (190s)
  step 2250  JSR  -44.2  loss 3436.1823  logE[BER] -3419.922  P_det_soft 0.1626  (193s)
  step 2275  JSR  -22.8  loss 71.0507  logE[BER] -9.541  P_det_soft 0.6151  (195s)
  step 2300  JSR  -31.0  loss 1728.9602  logE[BER] -1704.558  P_det_soft 0.2440  (198s)
  step 2325  JSR  -39.0  loss 3058.1035  logE[BER] -3040.231  P_det_soft 0.1787  (200s)
  step 2350  JSR  -39.3  loss 2935.8071  logE[BER] -2916.584  P_det_soft 0.1922  (203s)
  step 2375  JSR  -27.8  loss 853.9762  logE[BER] -823.376  P_det_soft 0.3060  (205s)
  step 2400  JSR  -23.8  loss 172.2436  logE[BER] -115.817  P_det_soft 0.5643  (208s)
  step 2425  JSR  -18.2  loss 104.7727  logE[BER] -6.687  P_det_soft 0.9809  (210s)
  step 2450  JSR  -25.7  loss 503.4671  logE[BER] -456.044  P_det_soft 0.4742  (213s)
  step 2475  JSR  -40.5  loss 3113.4126  logE[BER] -3096.685  P_det_soft 0.1673  (215s)
  step 2500  JSR  -43.3  loss 3324.1584  logE[BER] -3304.203  P_det_soft 0.1996  (218s)
  step 2525  JSR  -28.6  loss 981.0078  logE[BER] -951.275  P_det_soft 0.2973  (220s)
  step 2550  JSR  -36.1  loss 2528.0228  logE[BER] -2511.464  P_det_soft 0.1656  (223s)
  step 2575  JSR  -43.4  loss 3340.4576  logE[BER] -3321.937  P_det_soft 0.1852  (225s)
  step 2600  JSR  -45.3  loss 3484.9348  logE[BER] -3467.854  P_det_soft 0.1708  (228s)
  step 2625  JSR  -35.4  loss 2394.8872  logE[BER] -2376.360  P_det_soft 0.1853  (230s)
  step 2650  JSR  -37.4  loss 2848.0890  logE[BER] -2828.998  P_det_soft 0.1909  (233s)
  step 2675  JSR  -33.5  loss 2026.8090  logE[BER] -2003.082  P_det_soft 0.2373  (235s)
  step 2700  JSR  -28.3  loss 986.3869  logE[BER] -953.403  P_det_soft 0.3298  (238s)
  step 2725  JSR  -46.5  loss 3583.3475  logE[BER] -3566.564  P_det_soft 0.1678  (240s)
  step 2750  JSR  -33.6  loss 2064.8235  logE[BER] -2046.842  P_det_soft 0.1798  (243s)
  step 2775  JSR  -43.9  loss 3411.4851  logE[BER] -3396.200  P_det_soft 0.1529  (245s)
  step 2800  JSR  -38.7  loss 2806.6204  logE[BER] -2788.015  P_det_soft 0.1861  (248s)
  step 2825  JSR  -37.2  loss 2650.0290  logE[BER] -2633.438  P_det_soft 0.1659  (250s)
  step 2850  JSR  -16.5  loss 104.5535  logE[BER] -5.862  P_det_soft 0.9869  (253s)
  step 2875  JSR  -28.7  loss 1057.0149  logE[BER] -1031.587  P_det_soft 0.2543  (255s)
  step 2900  JSR  -35.1  loss 2409.7350  logE[BER] -2391.603  P_det_soft 0.1813  (258s)
  step 2925  JSR  -37.2  loss 2617.6772  logE[BER] -2599.190  P_det_soft 0.1849  (260s)
  step 2950  JSR  -40.4  loss 3135.4473  logE[BER] -3119.504  P_det_soft 0.1594  (263s)
  step 2975  JSR  -35.9  loss 2591.5167  logE[BER] -2576.757  P_det_soft 0.1476  (265s)
  step 3000  JSR  -35.8  loss 2553.8802  logE[BER] -2535.262  P_det_soft 0.1862  (268s)
  step 3025  JSR  -47.6  loss 3562.6397  logE[BER] -3549.027  P_det_soft 0.1361  (270s)
  step 3050  JSR  -27.2  loss 931.8667  logE[BER] -904.307  P_det_soft 0.2756  (273s)
  step 3075  JSR  -27.3  loss 799.9198  logE[BER] -763.294  P_det_soft 0.3663  (275s)
  step 3100  JSR  -47.6  loss 3601.3179  logE[BER] -3583.130  P_det_soft 0.1819  (278s)
  step 3125  JSR  -19.5  loss 98.0291  logE[BER] -7.401  P_det_soft 0.9063  (280s)
  step 3150  JSR  -30.2  loss 1368.9690  logE[BER] -1343.277  P_det_soft 0.2569  (283s)
  step 3175  JSR  -28.7  loss 1039.1317  logE[BER] -1008.337  P_det_soft 0.3080  (285s)
  step 3200  JSR  -24.1  loss 211.7574  logE[BER] -155.961  P_det_soft 0.5580  (288s)
  step 3225  JSR  -21.2  loss 86.0138  logE[BER] -7.224  P_det_soft 0.7879  (290s)
  step 3250  JSR  -42.7  loss 3300.0725  logE[BER] -3283.873  P_det_soft 0.1620  (293s)
  step 3275  JSR  -23.4  loss 83.2424  logE[BER] -12.394  P_det_soft 0.7085  (295s)
  step 3300  JSR  -31.4  loss 1785.1784  logE[BER] -1752.613  P_det_soft 0.3257  (298s)
  step 3325  JSR  -44.7  loss 3447.9721  logE[BER] -3429.061  P_det_soft 0.1891  (300s)
  step 3350  JSR  -16.0  loss 102.5865  logE[BER] -5.792  P_det_soft 0.9679  (303s)
  step 3375  JSR  -39.6  loss 2943.7967  logE[BER] -2927.626  P_det_soft 0.1617  (305s)
  step 3400  JSR  -41.9  loss 3188.4490  logE[BER] -3171.472  P_det_soft 0.1698  (308s)
  step 3425  JSR  -45.9  loss 3478.1374  logE[BER] -3462.220  P_det_soft 0.1592  (310s)
  step 3450  JSR  -40.0  loss 3044.9525  logE[BER] -3031.293  P_det_soft 0.1366  (313s)
  step 3475  JSR  -43.9  loss 3419.3566  logE[BER] -3401.042  P_det_soft 0.1831  (315s)
  step 3500  JSR  -25.4  loss 328.9599  logE[BER] -283.675  P_det_soft 0.4528  (318s)
  step 3525  JSR  -31.1  loss 1543.1117  logE[BER] -1522.937  P_det_soft 0.2017  (320s)
  step 3550  JSR  -45.9  loss 3483.7012  logE[BER] -3464.115  P_det_soft 0.1959  (323s)
  step 3575  JSR  -28.8  loss 1221.8473  logE[BER] -1196.301  P_det_soft 0.2555  (325s)
  step 3600  JSR  -35.9  loss 2430.3618  logE[BER] -2412.679  P_det_soft 0.1768  (328s)
  step 3625  JSR  -44.3  loss 3383.0123  logE[BER] -3367.373  P_det_soft 0.1564  (330s)
  step 3650  JSR  -23.4  loss 115.7161  logE[BER] -52.380  P_det_soft 0.6334  (333s)
  step 3675  JSR  -47.0  loss 3544.4393  logE[BER] -3524.603  P_det_soft 0.1984  (335s)
  step 3700  JSR  -32.1  loss 1820.0832  logE[BER] -1796.143  P_det_soft 0.2394  (338s)
  step 3725  JSR  -41.3  loss 3208.0192  logE[BER] -3189.123  P_det_soft 0.1890  (340s)
  step 3750  JSR  -22.9  loss 73.0457  logE[BER] -10.186  P_det_soft 0.6286  (343s)
  step 3775  JSR  -41.8  loss 3286.4294  logE[BER] -3269.013  P_det_soft 0.1742  (345s)
  step 3800  JSR  -33.9  loss 2123.5502  logE[BER] -2095.875  P_det_soft 0.2767  (348s)
  step 3825  JSR  -33.6  loss 2013.8847  logE[BER] -1998.344  P_det_soft 0.1554  (350s)
  step 3850  JSR  -28.7  loss 1102.1620  logE[BER] -1072.044  P_det_soft 0.3012  (353s)
  step 3875  JSR  -35.0  loss 2345.1394  logE[BER] -2323.306  P_det_soft 0.2183  (355s)
  step 3900  JSR  -46.7  loss 3571.5480  logE[BER] -3552.918  P_det_soft 0.1863  (358s)
  step 3925  JSR  -35.2  loss 2329.2421  logE[BER] -2310.679  P_det_soft 0.1856  (360s)
  step 3950  JSR  -18.4  loss 98.2415  logE[BER] -6.219  P_det_soft 0.9202  (363s)
  step 3975  JSR  -36.0  loss 2619.2809  logE[BER] -2603.267  P_det_soft 0.1601  (365s)
  step 3999  JSR  -30.9  loss 1819.9910  logE[BER] -1795.380  P_det_soft 0.2461  (368s)
wrote task15_G.pt, task15.json  (tag spec_cnn_b100)
