node: artongpu01.ee.ethz.ch | gpu: NVIDIA GeForce RTX 2080 Ti
task 17 = {'target': 'spec_cnn', 'beta': 10000.0}  (tag spec_cnn_b10000, 32 frames/step, JSR band (-48.0, -16.0))
  target spec_cnn: threshold -3.17573, clean-frame std 0.982227 (soft_pdet width)
  step    0  JSR  -18.1  loss 12906.3231  logE[BER] -2922.616  P_det_soft 0.9984  (1s)
  step   25  JSR  -45.2  loss 6335.4128  logE[BER] -3918.926  P_det_soft 0.2416  (3s)
  step   50  JSR  -17.9  loss 12088.6111  logE[BER] -2128.414  P_det_soft 0.9960  (6s)
  step   75  JSR  -38.7  loss 6058.5411  logE[BER] -3820.211  P_det_soft 0.2238  (8s)
  step  100  JSR  -24.5  loss 11990.7693  logE[BER] -3116.972  P_det_soft 0.8874  (11s)
  step  125  JSR  -28.0  loss 9288.9684  logE[BER] -3373.638  P_det_soft 0.5915  (13s)
  step  150  JSR  -44.5  loss 5550.8453  logE[BER] -3913.506  P_det_soft 0.1637  (16s)
  step  175  JSR  -24.8  loss 11915.9380  logE[BER] -3127.353  P_det_soft 0.8789  (18s)
  step  200  JSR  -26.0  loss 10601.5202  logE[BER] -3273.834  P_det_soft 0.7328  (21s)
  step  225  JSR  -40.1  loss 5310.6543  logE[BER] -3862.218  P_det_soft 0.1448  (23s)
  step  250  JSR  -23.9  loss 11762.4346  logE[BER] -3033.322  P_det_soft 0.8729  (26s)
  step  275  JSR  -28.4  loss 8162.7721  logE[BER] -3413.177  P_det_soft 0.4750  (29s)
  step  300  JSR  -24.5  loss 11284.8724  logE[BER] -3108.853  P_det_soft 0.8176  (31s)
  step  325  JSR  -41.9  loss 5498.2701  logE[BER] -3895.216  P_det_soft 0.1603  (34s)
  step  350  JSR  -33.1  loss 5936.2475  logE[BER] -3648.063  P_det_soft 0.2288  (36s)
  step  375  JSR  -36.9  loss 5934.2179  logE[BER] -3800.189  P_det_soft 0.2134  (39s)
  step  400  JSR  -33.0  loss 6007.4391  logE[BER] -3651.302  P_det_soft 0.2356  (41s)
  step  425  JSR  -43.7  loss 5812.0638  logE[BER] -3905.232  P_det_soft 0.1907  (44s)
  step  450  JSR  -21.3  loss 12382.1986  logE[BER] -2746.584  P_det_soft 0.9636  (47s)
  step  475  JSR  -20.8  loss 12280.7535  logE[BER] -2699.164  P_det_soft 0.9582  (49s)
  step  500  JSR  -23.7  loss 11177.3168  logE[BER] -3022.393  P_det_soft 0.8155  (52s)
  step  525  JSR  -30.2  loss 6716.5256  logE[BER] -3548.216  P_det_soft 0.3168  (54s)
  step  550  JSR  -16.2  loss 11981.5152  logE[BER] -2048.472  P_det_soft 0.9933  (57s)
  step  575  JSR  -19.3  loss 12316.7790  logE[BER] -2488.582  P_det_soft 0.9828  (60s)
  step  600  JSR  -25.6  loss 8921.3573  logE[BER] -3282.097  P_det_soft 0.5639  (62s)
  step  625  JSR  -45.5  loss 5583.6993  logE[BER] -3929.823  P_det_soft 0.1654  (65s)
  step  650  JSR  -20.8  loss 12226.2403  logE[BER] -2682.763  P_det_soft 0.9543  (67s)
  step  675  JSR  -30.3  loss 6192.7662  logE[BER] -3543.740  P_det_soft 0.2649  (70s)
  step  700  JSR  -44.0  loss 5520.8429  logE[BER] -3901.901  P_det_soft 0.1619  (73s)
  step  725  JSR  -44.7  loss 5506.8754  logE[BER] -3911.628  P_det_soft 0.1595  (75s)
  step  750  JSR  -20.0  loss 12321.9273  logE[BER] -2580.086  P_det_soft 0.9742  (78s)
  step  775  JSR  -27.7  loss 7391.1374  logE[BER] -3384.029  P_det_soft 0.4007  (80s)
  step  800  JSR  -16.4  loss 12140.1387  logE[BER] -2205.257  P_det_soft 0.9935  (83s)
  step  825  JSR  -42.7  loss 5317.3910  logE[BER] -3890.881  P_det_soft 0.1427  (85s)
  step  850  JSR  -22.1  loss 11794.2989  logE[BER] -2834.140  P_det_soft 0.8960  (88s)
  step  875  JSR  -38.5  loss 5572.6481  logE[BER] -3821.110  P_det_soft 0.1752  (91s)
  step  900  JSR  -35.5  loss 5279.7229  logE[BER] -3741.272  P_det_soft 0.1538  (93s)
  step  925  JSR  -22.5  loss 11424.2527  logE[BER] -2962.553  P_det_soft 0.8462  (96s)
  step  950  JSR  -23.2  loss 11099.1187  logE[BER] -2983.395  P_det_soft 0.8116  (98s)
  step  975  JSR  -19.5  loss 12100.5339  logE[BER] -2588.320  P_det_soft 0.9512  (101s)
  step 1000  JSR  -16.2  loss 11865.2210  logE[BER] -1955.087  P_det_soft 0.9910  (103s)
  step 1025  JSR  -36.9  loss 5599.2676  logE[BER] -3791.538  P_det_soft 0.1808  (106s)
  step 1050  JSR  -24.2  loss 9689.1892  logE[BER] -3090.549  P_det_soft 0.6599  (109s)
  step 1075  JSR  -24.9  loss 9235.4743  logE[BER] -3146.215  P_det_soft 0.6089  (111s)
  step 1100  JSR  -46.5  loss 5584.5821  logE[BER] -3926.818  P_det_soft 0.1658  (114s)
  step 1125  JSR  -34.3  loss 5813.9885  logE[BER] -3700.911  P_det_soft 0.2113  (116s)
  step 1150  JSR  -43.1  loss 5966.4022  logE[BER] -3916.840  P_det_soft 0.2050  (119s)
  step 1175  JSR  -27.5  loss 7729.6194  logE[BER] -3357.166  P_det_soft 0.4372  (121s)
  step 1200  JSR  -29.8  loss 6058.0495  logE[BER] -3496.780  P_det_soft 0.2561  (124s)
  step 1225  JSR  -40.3  loss 5920.3489  logE[BER] -3850.538  P_det_soft 0.2070  (127s)
  step 1250  JSR  -27.0  loss 7636.8199  logE[BER] -3323.959  P_det_soft 0.4313  (129s)
  step 1275  JSR  -25.6  loss 9287.2000  logE[BER] -3212.672  P_det_soft 0.6075  (132s)
  step 1300  JSR  -34.4  loss 5481.2328  logE[BER] -3708.507  P_det_soft 0.1773  (134s)
  step 1325  JSR  -44.9  loss 5356.1349  logE[BER] -3908.056  P_det_soft 0.1448  (137s)
  step 1350  JSR  -41.1  loss 6192.3646  logE[BER] -3880.061  P_det_soft 0.2312  (139s)
  step 1375  JSR  -20.4  loss 11967.8038  logE[BER] -2624.274  P_det_soft 0.9344  (142s)
  step 1400  JSR  -16.6  loss 11922.9748  logE[BER] -1987.194  P_det_soft 0.9936  (145s)
  step 1425  JSR  -20.7  loss 11871.6076  logE[BER] -2645.998  P_det_soft 0.9226  (147s)
  step 1450  JSR  -25.9  loss 8064.7730  logE[BER] -3255.472  P_det_soft 0.4809  (150s)
  step 1475  JSR  -33.4  loss 5484.3442  logE[BER] -3665.296  P_det_soft 0.1819  (152s)
  step 1500  JSR  -27.7  loss 6508.1546  logE[BER] -3397.743  P_det_soft 0.3110  (155s)
  step 1525  JSR  -47.9  loss 5460.8636  logE[BER] -3949.573  P_det_soft 0.1511  (157s)
  step 1550  JSR  -46.5  loss 5427.1117  logE[BER] -3928.576  P_det_soft 0.1499  (160s)
  step 1575  JSR  -35.2  loss 5953.7385  logE[BER] -3739.739  P_det_soft 0.2214  (162s)
  step 1600  JSR  -32.4  loss 5788.9371  logE[BER] -3620.378  P_det_soft 0.2169  (165s)
  step 1625  JSR  -45.9  loss 5840.6718  logE[BER] -3934.634  P_det_soft 0.1906  (168s)
  step 1650  JSR  -26.4  loss 7512.4529  logE[BER] -3269.653  P_det_soft 0.4243  (170s)
  step 1675  JSR  -41.8  loss 6221.6978  logE[BER] -3894.576  P_det_soft 0.2327  (173s)
  step 1700  JSR  -29.1  loss 6739.1521  logE[BER] -3455.535  P_det_soft 0.3284  (175s)
  step 1725  JSR  -18.6  loss 11991.9489  logE[BER] -2342.925  P_det_soft 0.9649  (178s)
  step 1750  JSR  -39.9  loss 5757.9770  logE[BER] -3871.859  P_det_soft 0.1886  (180s)
  step 1775  JSR  -47.3  loss 5256.2534  logE[BER] -3939.806  P_det_soft 0.1316  (183s)
  step 1800  JSR  -34.5  loss 5546.8417  logE[BER] -3709.125  P_det_soft 0.1838  (186s)
  step 1825  JSR  -21.1  loss 11520.5434  logE[BER] -2778.480  P_det_soft 0.8742  (188s)
  step 1850  JSR  -28.0  loss 6684.4563  logE[BER] -3403.815  P_det_soft 0.3281  (191s)
  step 1875  JSR  -34.3  loss 6006.9590  logE[BER] -3713.151  P_det_soft 0.2294  (193s)
  step 1900  JSR  -40.0  loss 5424.2538  logE[BER] -3844.495  P_det_soft 0.1580  (196s)
  step 1925  JSR  -41.7  loss 5790.9790  logE[BER] -3895.346  P_det_soft 0.1896  (198s)
  step 1950  JSR  -35.1  loss 5469.1471  logE[BER] -3726.095  P_det_soft 0.1743  (201s)
  step 1975  JSR  -42.9  loss 5156.8399  logE[BER] -3901.950  P_det_soft 0.1255  (204s)
  step 2000  JSR  -28.0  loss 6438.0447  logE[BER] -3421.126  P_det_soft 0.3017  (206s)
  step 2025  JSR  -46.1  loss 6003.5907  logE[BER] -3934.095  P_det_soft 0.2069  (209s)
  step 2050  JSR  -24.6  loss 8521.0078  logE[BER] -3123.039  P_det_soft 0.5398  (211s)
  step 2075  JSR  -41.9  loss 5633.9795  logE[BER] -3889.895  P_det_soft 0.1744  (214s)
  step 2100  JSR  -19.3  loss 11927.7984  logE[BER] -2450.043  P_det_soft 0.9478  (216s)
  step 2125  JSR  -35.4  loss 5802.8657  logE[BER] -3746.627  P_det_soft 0.2056  (219s)
  step 2150  JSR  -23.5  loss 9585.5862  logE[BER] -3147.344  P_det_soft 0.6438  (221s)
  step 2175  JSR  -24.8  loss 8084.9169  logE[BER] -3132.483  P_det_soft 0.4952  (224s)
  step 2200  JSR  -23.2  loss 9997.2483  logE[BER] -2975.690  P_det_soft 0.7022  (227s)
  step 2225  JSR  -16.0  loss 11751.2421  logE[BER] -1908.151  P_det_soft 0.9843  (229s)
  step 2250  JSR  -34.7  loss 5656.4320  logE[BER] -3716.764  P_det_soft 0.1940  (232s)
  step 2275  JSR  -17.9  loss 11972.9162  logE[BER] -2242.561  P_det_soft 0.9730  (234s)
  step 2300  JSR  -32.4  loss 5658.6367  logE[BER] -3650.995  P_det_soft 0.2008  (237s)
  step 2325  JSR  -41.0  loss 6117.7834  logE[BER] -3864.737  P_det_soft 0.2253  (239s)
  step 2350  JSR  -17.8  loss 11893.6064  logE[BER] -2206.596  P_det_soft 0.9687  (242s)
  step 2375  JSR  -33.5  loss 5593.7725  logE[BER] -3683.284  P_det_soft 0.1910  (245s)
  step 2400  JSR  -26.8  loss 7117.7099  logE[BER] -3290.554  P_det_soft 0.3827  (247s)
  step 2425  JSR  -47.9  loss 5738.4900  logE[BER] -3949.407  P_det_soft 0.1789  (250s)
  step 2450  JSR  -38.4  loss 5424.3744  logE[BER] -3843.557  P_det_soft 0.1581  (252s)
  step 2475  JSR  -44.2  loss 5844.3706  logE[BER] -3906.406  P_det_soft 0.1938  (255s)
  step 2500  JSR  -17.9  loss 12008.0955  logE[BER] -2248.411  P_det_soft 0.9760  (257s)
  step 2525  JSR  -23.9  loss 9482.2231  logE[BER] -3030.678  P_det_soft 0.6452  (260s)
  step 2550  JSR  -18.2  loss 11908.8640  logE[BER] -2251.885  P_det_soft 0.9657  (263s)
  step 2575  JSR  -27.4  loss 6679.9016  logE[BER] -3342.192  P_det_soft 0.3338  (265s)
  step 2600  JSR  -28.6  loss 5843.8232  logE[BER] -3425.818  P_det_soft 0.2418  (268s)
  step 2625  JSR  -35.9  loss 5450.4364  logE[BER] -3746.730  P_det_soft 0.1704  (270s)
  step 2650  JSR  -40.8  loss 5531.3047  logE[BER] -3866.129  P_det_soft 0.1665  (273s)
  step 2675  JSR  -29.5  loss 6017.3562  logE[BER] -3484.275  P_det_soft 0.2533  (275s)
  step 2700  JSR  -41.2  loss 5596.8072  logE[BER] -3875.754  P_det_soft 0.1721  (278s)
  step 2725  JSR  -45.8  loss 5937.5652  logE[BER] -3925.637  P_det_soft 0.2012  (280s)
  step 2750  JSR  -23.5  loss 9897.1015  logE[BER] -3031.966  P_det_soft 0.6865  (283s)
  step 2775  JSR  -28.8  loss 6003.8797  logE[BER] -3446.029  P_det_soft 0.2558  (286s)
  step 2800  JSR  -44.3  loss 5863.2016  logE[BER] -3910.085  P_det_soft 0.1953  (288s)
  step 2825  JSR  -33.2  loss 5553.5919  logE[BER] -3653.547  P_det_soft 0.1900  (291s)
  step 2850  JSR  -23.7  loss 9469.0385  logE[BER] -3065.857  P_det_soft 0.6403  (293s)
  step 2875  JSR  -30.3  loss 5904.2411  logE[BER] -3550.462  P_det_soft 0.2354  (296s)
  step 2900  JSR  -28.7  loss 5950.0438  logE[BER] -3444.232  P_det_soft 0.2506  (298s)
  step 2925  JSR  -38.5  loss 6029.5232  logE[BER] -3827.077  P_det_soft 0.2202  (301s)
  step 2950  JSR  -42.6  loss 5853.2088  logE[BER] -3884.583  P_det_soft 0.1969  (303s)
  step 2975  JSR  -31.3  loss 6082.0310  logE[BER] -3571.980  P_det_soft 0.2510  (306s)
  step 3000  JSR  -45.5  loss 5811.2231  logE[BER] -3927.922  P_det_soft 0.1883  (309s)
  step 3025  JSR  -29.0  loss 6179.8485  logE[BER] -3454.462  P_det_soft 0.2725  (311s)
  step 3050  JSR  -24.2  loss 9388.6484  logE[BER] -3078.558  P_det_soft 0.6310  (314s)
  step 3075  JSR  -22.5  loss 10807.3550  logE[BER] -2886.805  P_det_soft 0.7921  (316s)
  step 3100  JSR  -20.8  loss 11837.3639  logE[BER] -2672.891  P_det_soft 0.9164  (319s)
  step 3125  JSR  -38.2  loss 5768.0526  logE[BER] -3812.293  P_det_soft 0.1956  (321s)
  step 3150  JSR  -43.7  loss 5634.6001  logE[BER] -3901.235  P_det_soft 0.1733  (324s)
  step 3175  JSR  -38.6  loss 6304.7570  logE[BER] -3821.274  P_det_soft 0.2483  (327s)
  step 3200  JSR  -25.0  loss 8770.7234  logE[BER] -3217.700  P_det_soft 0.5553  (329s)
  step 3225  JSR  -16.6  loss 11903.5602  logE[BER] -2043.843  P_det_soft 0.9860  (332s)
  step 3250  JSR  -25.1  loss 8481.8705  logE[BER] -3224.579  P_det_soft 0.5257  (334s)
  step 3275  JSR  -33.0  loss 5599.4555  logE[BER] -3674.388  P_det_soft 0.1925  (337s)
  step 3300  JSR  -46.0  loss 5579.7577  logE[BER] -3924.786  P_det_soft 0.1655  (339s)
  step 3325  JSR  -42.7  loss 5760.0615  logE[BER] -3890.071  P_det_soft 0.1870  (342s)
  step 3350  JSR  -44.4  loss 5239.3470  logE[BER] -3910.279  P_det_soft 0.1329  (344s)
  step 3375  JSR  -25.9  loss 7544.5517  logE[BER] -3244.470  P_det_soft 0.4300  (347s)
  step 3400  JSR  -29.8  loss 6163.4912  logE[BER] -3508.392  P_det_soft 0.2655  (350s)
  step 3425  JSR  -17.1  loss 11789.2943  logE[BER] -2066.694  P_det_soft 0.9723  (352s)
  step 3450  JSR  -36.8  loss 5794.1895  logE[BER] -3794.843  P_det_soft 0.1999  (355s)
  step 3475  JSR  -16.1  loss 11765.1241  logE[BER] -1884.078  P_det_soft 0.9881  (357s)
  step 3500  JSR  -16.7  loss 11829.4063  logE[BER] -1997.659  P_det_soft 0.9832  (360s)
  step 3525  JSR  -28.5  loss 6005.3710  logE[BER] -3451.738  P_det_soft 0.2554  (362s)
  step 3550  JSR  -27.3  loss 6874.7828  logE[BER] -3353.968  P_det_soft 0.3521  (365s)
  step 3575  JSR  -31.2  loss 6275.3994  logE[BER] -3597.799  P_det_soft 0.2678  (367s)
  step 3600  JSR  -36.7  loss 5575.5798  logE[BER] -3774.143  P_det_soft 0.1801  (370s)
  step 3625  JSR  -42.5  loss 5496.7510  logE[BER] -3891.489  P_det_soft 0.1605  (373s)
  step 3650  JSR  -36.3  loss 5809.9542  logE[BER] -3760.854  P_det_soft 0.2049  (375s)
  step 3675  JSR  -22.4  loss 10734.5884  logE[BER] -2883.217  P_det_soft 0.7851  (378s)
  step 3700  JSR  -24.6  loss 9289.6773  logE[BER] -3114.812  P_det_soft 0.6175  (380s)
  step 3725  JSR  -41.7  loss 5385.1272  logE[BER] -3891.872  P_det_soft 0.1493  (383s)
  step 3750  JSR  -42.1  loss 5165.6944  logE[BER] -3890.755  P_det_soft 0.1275  (385s)
  step 3775  JSR  -24.1  loss 9398.2554  logE[BER] -3067.753  P_det_soft 0.6331  (388s)
  step 3800  JSR  -23.4  loss 10038.7520  logE[BER] -2993.393  P_det_soft 0.7045  (391s)
  step 3825  JSR  -17.8  loss 12100.4313  logE[BER] -2363.808  P_det_soft 0.9737  (393s)
  step 3850  JSR  -27.1  loss 7110.0112  logE[BER] -3352.760  P_det_soft 0.3757  (396s)
  step 3875  JSR  -30.4  loss 6184.8829  logE[BER] -3562.407  P_det_soft 0.2622  (398s)
  step 3900  JSR  -16.4  loss 11805.4395  logE[BER] -1931.987  P_det_soft 0.9873  (401s)
  step 3925  JSR  -33.5  loss 5860.9482  logE[BER] -3673.381  P_det_soft 0.2188  (403s)
  step 3950  JSR  -23.5  loss 9985.9176  logE[BER] -3029.001  P_det_soft 0.6957  (406s)
  step 3975  JSR  -41.0  loss 5496.4785  logE[BER] -3869.634  P_det_soft 0.1627  (408s)
  step 3999  JSR  -37.5  loss 5883.8280  logE[BER] -3790.624  P_det_soft 0.2093  (411s)
wrote task17_G.pt, task17.json  (tag spec_cnn_b10000)
