node: artongpu01.ee.ethz.ch | gpu: NVIDIA GeForce RTX 2080 Ti
task 0 = {'target': None, 'beta': 0.0}  (tag eff, 128 frames/step, JSR band (-32.0, 0.0))
  step    0  JSR  -20.6  loss 3124.9444  logE[BER] -3124.944  P_det_soft 0.0000  (7s)
  step   25  JSR  -30.4  loss 2930.1583  logE[BER] -2930.158  P_det_soft 0.0000  (8s)
  step   50  JSR   -4.2  loss 5.5812  logE[BER] -5.581  P_det_soft 0.0000  (9s)
  step   75  JSR  -15.4  loss 122.8529  logE[BER] -122.853  P_det_soft 0.0000  (9s)
  step  100  JSR   -5.6  loss 5.8097  logE[BER] -5.810  P_det_soft 0.0000  (10s)
  step  125  JSR  -24.5  loss 1978.4458  logE[BER] -1978.446  P_det_soft 0.0000  (11s)
  step  150  JSR   -1.5  loss 4.7815  logE[BER] -4.782  P_det_soft 0.0000  (11s)
  step  175  JSR  -19.0  loss 672.1891  logE[BER] -672.189  P_det_soft 0.0000  (12s)
  step  200  JSR  -14.9  loss 10.6063  logE[BER] -10.606  P_det_soft 0.0000  (12s)
  step  225  JSR  -30.6  loss 2803.7573  logE[BER] -2803.757  P_det_soft 0.0000  (13s)
  step  250  JSR   -2.5  loss 4.9441  logE[BER] -4.944  P_det_soft 0.0000  (14s)
  step  275  JSR   -9.9  loss 6.8273  logE[BER] -6.827  P_det_soft 0.0000  (14s)
  step  300  JSR  -21.7  loss 1151.5776  logE[BER] -1151.578  P_det_soft 0.0000  (15s)
  step  325  JSR  -22.6  loss 1432.3524  logE[BER] -1432.352  P_det_soft 0.0000  (15s)
  step  350  JSR  -18.3  loss 574.7885  logE[BER] -574.788  P_det_soft 0.0000  (16s)
  step  375  JSR  -19.2  loss 285.7681  logE[BER] -285.768  P_det_soft 0.0000  (17s)
  step  400  JSR  -29.0  loss 2452.1181  logE[BER] -2452.118  P_det_soft 0.0000  (17s)
  step  425  JSR  -20.5  loss 1072.0951  logE[BER] -1072.095  P_det_soft 0.0000  (18s)
  step  450  JSR   -8.9  loss 6.3246  logE[BER] -6.325  P_det_soft 0.0000  (19s)
  step  475  JSR  -27.8  loss 2411.5371  logE[BER] -2411.537  P_det_soft 0.0000  (19s)
  step  500  JSR  -19.0  loss 681.4059  logE[BER] -681.406  P_det_soft 0.0000  (20s)
  step  525  JSR  -21.3  loss 999.6306  logE[BER] -999.631  P_det_soft 0.0000  (20s)
  step  550  JSR   -1.6  loss 4.7763  logE[BER] -4.776  P_det_soft 0.0000  (21s)
  step  575  JSR  -22.9  loss 1184.8603  logE[BER] -1184.860  P_det_soft 0.0000  (22s)
  step  600  JSR  -22.2  loss 1163.5839  logE[BER] -1163.584  P_det_soft 0.0000  (22s)
  step  625  JSR  -28.3  loss 2058.2412  logE[BER] -2058.241  P_det_soft 0.0000  (23s)
  step  650  JSR  -13.0  loss 7.2439  logE[BER] -7.244  P_det_soft 0.0000  (23s)
  step  675  JSR  -10.0  loss 6.4455  logE[BER] -6.445  P_det_soft 0.0000  (24s)
  step  700  JSR  -14.0  loss 9.7026  logE[BER] -9.703  P_det_soft 0.0000  (25s)
  step  725  JSR   -6.7  loss 5.7164  logE[BER] -5.716  P_det_soft 0.0000  (25s)
  step  750  JSR   -9.1  loss 6.2799  logE[BER] -6.280  P_det_soft 0.0000  (26s)
  step  775  JSR  -12.7  loss 7.5420  logE[BER] -7.542  P_det_soft 0.0000  (27s)
  step  800  JSR  -26.9  loss 1795.9308  logE[BER] -1795.931  P_det_soft 0.0000  (27s)
  step  825  JSR  -30.8  loss 2701.4219  logE[BER] -2701.422  P_det_soft 0.0000  (28s)
  step  850  JSR  -28.3  loss 2390.4679  logE[BER] -2390.468  P_det_soft 0.0000  (28s)
  step  875  JSR  -25.1  loss 1627.5647  logE[BER] -1627.565  P_det_soft 0.0000  (29s)
  step  900  JSR  -30.5  loss 2583.8126  logE[BER] -2583.813  P_det_soft 0.0000  (30s)
  step  925  JSR   -2.8  loss 5.1387  logE[BER] -5.139  P_det_soft 0.0000  (30s)
  step  950  JSR   -8.2  loss 6.0850  logE[BER] -6.085  P_det_soft 0.0000  (31s)
  step  975  JSR  -11.8  loss 6.8294  logE[BER] -6.829  P_det_soft 0.0000  (31s)
  step 1000  JSR   -0.2  loss 4.6248  logE[BER] -4.625  P_det_soft 0.0000  (32s)
  step 1025  JSR  -24.4  loss 1545.2082  logE[BER] -1545.208  P_det_soft 0.0000  (33s)
  step 1050  JSR  -14.6  loss 8.9864  logE[BER] -8.986  P_det_soft 0.0000  (33s)
  step 1075  JSR  -29.0  loss 1587.4101  logE[BER] -1587.410  P_det_soft 0.0000  (34s)
  step 1100  JSR  -16.3  loss 9.4884  logE[BER] -9.488  P_det_soft 0.0000  (34s)
  step 1125  JSR   -0.8  loss 4.5459  logE[BER] -4.546  P_det_soft 0.0000  (35s)
  step 1150  JSR   -3.6  loss 5.2629  logE[BER] -5.263  P_det_soft 0.0000  (36s)
  step 1175  JSR  -23.7  loss 853.8825  logE[BER] -853.883  P_det_soft 0.0000  (36s)
  step 1200  JSR  -24.5  loss 1379.9941  logE[BER] -1379.994  P_det_soft 0.0000  (37s)
  step 1225  JSR   -5.2  loss 5.3704  logE[BER] -5.370  P_det_soft 0.0000  (37s)
  step 1250  JSR   -4.6  loss 5.4682  logE[BER] -5.468  P_det_soft 0.0000  (38s)
  step 1275  JSR   -5.8  loss 5.5139  logE[BER] -5.514  P_det_soft 0.0000  (39s)
  step 1300  JSR   -0.8  loss 4.7768  logE[BER] -4.777  P_det_soft 0.0000  (39s)
  step 1325  JSR   -2.6  loss 4.9274  logE[BER] -4.927  P_det_soft 0.0000  (40s)
  step 1350  JSR   -8.1  loss 6.1187  logE[BER] -6.119  P_det_soft 0.0000  (41s)
  step 1375  JSR   -0.8  loss 4.8450  logE[BER] -4.845  P_det_soft 0.0000  (41s)
  step 1400  JSR  -13.3  loss 7.7796  logE[BER] -7.780  P_det_soft 0.0000  (42s)
  step 1425  JSR   -1.9  loss 4.9944  logE[BER] -4.994  P_det_soft 0.0000  (42s)
  step 1450  JSR  -23.2  loss 1015.2618  logE[BER] -1015.262  P_det_soft 0.0000  (43s)
  step 1475  JSR  -16.2  loss 9.3141  logE[BER] -9.314  P_det_soft 0.0000  (44s)
  step 1500  JSR   -8.5  loss 6.1187  logE[BER] -6.119  P_det_soft 0.0000  (44s)
  step 1525  JSR  -18.5  loss 117.7362  logE[BER] -117.736  P_det_soft 0.0000  (45s)
  step 1550  JSR  -30.1  loss 2316.5159  logE[BER] -2316.516  P_det_soft 0.0000  (45s)
  step 1575  JSR  -11.2  loss 6.4918  logE[BER] -6.492  P_det_soft 0.0000  (46s)
  step 1600  JSR   -8.5  loss 5.9087  logE[BER] -5.909  P_det_soft 0.0000  (47s)
  step 1625  JSR  -22.0  loss 930.8512  logE[BER] -930.851  P_det_soft 0.0000  (47s)
  step 1650  JSR  -30.1  loss 2454.8357  logE[BER] -2454.836  P_det_soft 0.0000  (48s)
  step 1675  JSR  -10.0  loss 6.4045  logE[BER] -6.405  P_det_soft 0.0000  (48s)
  step 1700  JSR  -31.9  loss 2680.3566  logE[BER] -2680.357  P_det_soft 0.0000  (49s)
  step 1725  JSR   -8.0  loss 5.9061  logE[BER] -5.906  P_det_soft 0.0000  (50s)
  step 1750  JSR  -14.4  loss 7.7598  logE[BER] -7.760  P_det_soft 0.0000  (50s)
  step 1775  JSR   -2.8  loss 4.9670  logE[BER] -4.967  P_det_soft 0.0000  (51s)
  step 1800  JSR   -4.9  loss 5.4005  logE[BER] -5.400  P_det_soft 0.0000  (51s)
  step 1825  JSR  -24.9  loss 1346.0111  logE[BER] -1346.011  P_det_soft 0.0000  (52s)
  step 1850  JSR  -15.1  loss 7.8929  logE[BER] -7.893  P_det_soft 0.0000  (53s)
  step 1875  JSR   -5.5  loss 5.5169  logE[BER] -5.517  P_det_soft 0.0000  (53s)
  step 1900  JSR  -21.5  loss 107.8913  logE[BER] -107.891  P_det_soft 0.0000  (54s)
  step 1925  JSR  -15.2  loss 8.1291  logE[BER] -8.129  P_det_soft 0.0000  (54s)
  step 1950  JSR  -16.2  loss 8.5447  logE[BER] -8.545  P_det_soft 0.0000  (55s)
  step 1975  JSR  -10.8  loss 6.3499  logE[BER] -6.350  P_det_soft 0.0000  (56s)
  step 2000  JSR   -6.3  loss 5.5920  logE[BER] -5.592  P_det_soft 0.0000  (56s)
  step 2025  JSR   -1.8  loss 4.8908  logE[BER] -4.891  P_det_soft 0.0000  (57s)
  step 2050  JSR  -30.1  loss 2057.4783  logE[BER] -2057.478  P_det_soft 0.0000  (57s)
  step 2075  JSR  -28.1  loss 1886.6956  logE[BER] -1886.696  P_det_soft 0.0000  (58s)
  step 2100  JSR   -8.3  loss 5.9190  logE[BER] -5.919  P_det_soft 0.0000  (59s)
  step 2125  JSR  -17.6  loss 9.0271  logE[BER] -9.027  P_det_soft 0.0000  (59s)
  step 2150  JSR   -3.6  loss 5.0402  logE[BER] -5.040  P_det_soft 0.0000  (60s)
  step 2175  JSR  -29.3  loss 2101.4855  logE[BER] -2101.486  P_det_soft 0.0000  (60s)
  step 2200  JSR  -16.9  loss 8.6540  logE[BER] -8.654  P_det_soft 0.0000  (61s)
  step 2225  JSR   -3.0  loss 4.9709  logE[BER] -4.971  P_det_soft 0.0000  (62s)
  step 2250  JSR   -1.6  loss 4.7384  logE[BER] -4.738  P_det_soft 0.0000  (62s)
  step 2275  JSR  -30.9  loss 2227.5770  logE[BER] -2227.577  P_det_soft 0.0000  (63s)
  step 2300  JSR  -15.8  loss 7.8807  logE[BER] -7.881  P_det_soft 0.0000  (63s)
  step 2325  JSR  -17.4  loss 8.4450  logE[BER] -8.445  P_det_soft 0.0000  (64s)
  step 2350  JSR   -4.6  loss 5.1908  logE[BER] -5.191  P_det_soft 0.0000  (65s)
  step 2375  JSR   -1.1  loss 4.6757  logE[BER] -4.676  P_det_soft 0.0000  (65s)
  step 2400  JSR  -19.7  loss 136.8988  logE[BER] -136.899  P_det_soft 0.0000  (66s)
  step 2425  JSR   -2.9  loss 4.9431  logE[BER] -4.943  P_det_soft 0.0000  (66s)
  step 2450  JSR  -26.1  loss 1341.8076  logE[BER] -1341.808  P_det_soft 0.0000  (67s)
  step 2475  JSR   -3.1  loss 5.0404  logE[BER] -5.040  P_det_soft 0.0000  (68s)
  step 2500  JSR  -15.7  loss 7.4671  logE[BER] -7.467  P_det_soft 0.0000  (68s)
  step 2525  JSR  -15.1  loss 7.1126  logE[BER] -7.113  P_det_soft 0.0000  (69s)
  step 2550  JSR  -18.3  loss 9.1899  logE[BER] -9.190  P_det_soft 0.0000  (69s)
  step 2575  JSR  -28.4  loss 1554.3014  logE[BER] -1554.301  P_det_soft 0.0000  (70s)
  step 2600  JSR   -7.2  loss 5.7333  logE[BER] -5.733  P_det_soft 0.0000  (71s)
  step 2625  JSR  -13.6  loss 7.3154  logE[BER] -7.315  P_det_soft 0.0000  (71s)
  step 2650  JSR   -1.4  loss 4.7330  logE[BER] -4.733  P_det_soft 0.0000  (72s)
  step 2675  JSR  -19.5  loss 10.2216  logE[BER] -10.222  P_det_soft 0.0000  (72s)
  step 2700  JSR   -3.8  loss 5.3698  logE[BER] -5.370  P_det_soft 0.0000  (73s)
  step 2725  JSR   -6.6  loss 5.5939  logE[BER] -5.594  P_det_soft 0.0000  (74s)
  step 2750  JSR  -30.1  loss 1914.6493  logE[BER] -1914.649  P_det_soft 0.0000  (74s)
  step 2775  JSR  -18.5  loss 11.5324  logE[BER] -11.532  P_det_soft 0.0000  (75s)
  step 2800  JSR   -3.0  loss 4.9866  logE[BER] -4.987  P_det_soft 0.0000  (75s)
  step 2825  JSR  -26.6  loss 1172.0549  logE[BER] -1172.055  P_det_soft 0.0000  (76s)
  step 2850  JSR  -21.8  loss 77.9459  logE[BER] -77.946  P_det_soft 0.0000  (77s)
  step 2875  JSR   -0.7  loss 4.6518  logE[BER] -4.652  P_det_soft 0.0000  (77s)
  step 2900  JSR   -7.1  loss 5.6381  logE[BER] -5.638  P_det_soft 0.0000  (78s)
  step 2925  JSR  -22.4  loss 379.6298  logE[BER] -379.630  P_det_soft 0.0000  (79s)
  step 2950  JSR   -5.1  loss 5.2966  logE[BER] -5.297  P_det_soft 0.0000  (79s)
  step 2975  JSR  -10.8  loss 5.9930  logE[BER] -5.993  P_det_soft 0.0000  (80s)
  step 3000  JSR  -28.1  loss 851.5480  logE[BER] -851.548  P_det_soft 0.0000  (80s)
  step 3025  JSR  -14.2  loss 6.7725  logE[BER] -6.773  P_det_soft 0.0000  (81s)
  step 3050  JSR   -4.9  loss 5.2728  logE[BER] -5.273  P_det_soft 0.0000  (82s)
  step 3075  JSR  -28.2  loss 1338.6163  logE[BER] -1338.616  P_det_soft 0.0000  (82s)
  step 3100  JSR   -6.5  loss 5.5403  logE[BER] -5.540  P_det_soft 0.0000  (83s)
  step 3125  JSR  -28.9  loss 1414.5444  logE[BER] -1414.544  P_det_soft 0.0000  (83s)
  step 3150  JSR   -8.6  loss 5.7028  logE[BER] -5.703  P_det_soft 0.0000  (84s)
  step 3175  JSR  -12.2  loss 6.2198  logE[BER] -6.220  P_det_soft 0.0000  (85s)
  step 3200  JSR  -12.8  loss 6.3939  logE[BER] -6.394  P_det_soft 0.0000  (85s)
  step 3225  JSR   -8.3  loss 5.6042  logE[BER] -5.604  P_det_soft 0.0000  (86s)
  step 3250  JSR   -2.5  loss 5.0352  logE[BER] -5.035  P_det_soft 0.0000  (86s)
  step 3275  JSR  -28.7  loss 1230.0521  logE[BER] -1230.052  P_det_soft 0.0000  (87s)
  step 3300  JSR  -19.7  loss 9.7041  logE[BER] -9.704  P_det_soft 0.0000  (88s)
  step 3325  JSR  -10.8  loss 5.9777  logE[BER] -5.978  P_det_soft 0.0000  (88s)
  step 3350  JSR  -14.3  loss 6.6149  logE[BER] -6.615  P_det_soft 0.0000  (89s)
  step 3375  JSR  -21.6  loss 10.3972  logE[BER] -10.397  P_det_soft 0.0000  (89s)
  step 3400  JSR  -14.7  loss 7.1484  logE[BER] -7.148  P_det_soft 0.0000  (90s)
  step 3425  JSR   -7.5  loss 5.5214  logE[BER] -5.521  P_det_soft 0.0000  (91s)
  step 3450  JSR  -21.4  loss 9.7042  logE[BER] -9.704  P_det_soft 0.0000  (91s)
  step 3475  JSR  -11.7  loss 6.0676  logE[BER] -6.068  P_det_soft 0.0000  (92s)
  step 3500  JSR   -6.6  loss 5.5179  logE[BER] -5.518  P_det_soft 0.0000  (93s)
  step 3525  JSR   -1.6  loss 4.8010  logE[BER] -4.801  P_det_soft 0.0000  (93s)
  step 3550  JSR  -29.7  loss 1668.9850  logE[BER] -1668.985  P_det_soft 0.0000  (94s)
  step 3575  JSR  -13.7  loss 6.7665  logE[BER] -6.766  P_det_soft 0.0000  (94s)
  step 3600  JSR  -30.4  loss 1573.2484  logE[BER] -1573.248  P_det_soft 0.0000  (95s)
  step 3625  JSR  -18.2  loss 7.9860  logE[BER] -7.986  P_det_soft 0.0000  (96s)
  step 3650  JSR  -28.8  loss 1073.6171  logE[BER] -1073.617  P_det_soft 0.0000  (96s)
  step 3675  JSR   -1.0  loss 4.6978  logE[BER] -4.698  P_det_soft 0.0000  (97s)
  step 3700  JSR  -18.4  loss 8.1677  logE[BER] -8.168  P_det_soft 0.0000  (97s)
  step 3725  JSR  -15.5  loss 6.8373  logE[BER] -6.837  P_det_soft 0.0000  (98s)
  step 3750  JSR  -31.6  loss 1783.7796  logE[BER] -1783.780  P_det_soft 0.0000  (99s)
  step 3775  JSR  -28.1  loss 909.5815  logE[BER] -909.581  P_det_soft 0.0000  (99s)
  step 3800  JSR  -29.6  loss 1433.1810  logE[BER] -1433.181  P_det_soft 0.0000  (100s)
  step 3825  JSR  -27.5  loss 1411.1042  logE[BER] -1411.104  P_det_soft 0.0000  (101s)
  step 3850  JSR  -19.9  loss 9.1474  logE[BER] -9.147  P_det_soft 0.0000  (101s)
  step 3875  JSR  -26.2  loss 715.8698  logE[BER] -715.870  P_det_soft 0.0000  (102s)
  step 3900  JSR  -13.3  loss 6.3734  logE[BER] -6.373  P_det_soft 0.0000  (102s)
  step 3925  JSR  -19.8  loss 8.9989  logE[BER] -8.999  P_det_soft 0.0000  (103s)
  step 3950  JSR  -20.4  loss 12.0722  logE[BER] -12.072  P_det_soft 0.0000  (104s)
  step 3975  JSR  -16.2  loss 7.6150  logE[BER] -7.615  P_det_soft 0.0000  (104s)
  step 3999  JSR  -10.0  loss 5.7054  logE[BER] -5.705  P_det_soft 0.0000  (105s)
wrote task0_G.pt, task0.json  (tag eff)
