node: artongpu01.ee.ethz.ch | gpu: NVIDIA GeForce RTX 2080 Ti
task 12 = {'target': 'kurtosis', 'beta': 1000.0}  (tag kurtosis_b1000, 128 frames/step, JSR band (-32.0, 0.0))
  target kurtosis: threshold 0.0508405, clean-frame std 0.0154423 (soft_pdet width)
  step    0  JSR  -24.5  loss 3487.6589  logE[BER] -3335.983  P_det_soft 0.1517  (1s)
  step   25  JSR  -26.3  loss 2745.5789  logE[BER] -2568.204  P_det_soft 0.1774  (2s)
  step   50  JSR  -31.4  loss 3376.1023  logE[BER] -3229.009  P_det_soft 0.1471  (2s)
  step   75  JSR  -15.3  loss 385.8305  logE[BER] -220.606  P_det_soft 0.1652  (3s)
  step  100  JSR  -24.0  loss 2165.0161  logE[BER] -1993.249  P_det_soft 0.1718  (4s)
  step  125  JSR  -25.2  loss 2458.3326  logE[BER] -2318.989  P_det_soft 0.1393  (4s)
  step  150  JSR  -17.0  loss 832.5732  logE[BER] -654.390  P_det_soft 0.1782  (5s)
  step  175  JSR   -1.1  loss 1002.4430  logE[BER] -4.802  P_det_soft 0.9976  (5s)
  step  200  JSR   -9.0  loss 604.4449  logE[BER] -6.941  P_det_soft 0.5975  (6s)
  step  225  JSR  -30.0  loss 3259.3664  logE[BER] -3096.304  P_det_soft 0.1631  (7s)
  step  250  JSR  -28.3  loss 2791.3037  logE[BER] -2646.672  P_det_soft 0.1446  (7s)
  step  275  JSR  -10.0  loss 404.8947  logE[BER] -6.683  P_det_soft 0.3982  (8s)
  step  300  JSR  -13.9  loss 312.4613  logE[BER] -9.704  P_det_soft 0.3028  (9s)
  step  325  JSR  -20.4  loss 993.2704  logE[BER] -847.058  P_det_soft 0.1462  (9s)
  step  350  JSR   -7.1  loss 891.5650  logE[BER] -6.419  P_det_soft 0.8851  (10s)
  step  375  JSR  -14.7  loss 359.3168  logE[BER] -8.684  P_det_soft 0.3506  (11s)
  step  400  JSR  -16.5  loss 280.9668  logE[BER] -8.605  P_det_soft 0.2724  (11s)
  step  425  JSR   -5.1  loss 1000.2542  logE[BER] -6.129  P_det_soft 0.9941  (12s)
  step  450  JSR  -14.3  loss 418.6161  logE[BER] -7.820  P_det_soft 0.4108  (12s)
  step  475  JSR  -15.9  loss 313.8847  logE[BER] -8.783  P_det_soft 0.3051  (13s)
  step  500  JSR  -30.2  loss 2287.9696  logE[BER] -2109.423  P_det_soft 0.1785  (14s)
  step  525  JSR  -29.1  loss 1881.2107  logE[BER] -1722.380  P_det_soft 0.1588  (14s)
  step  550  JSR  -29.8  loss 2102.0456  logE[BER] -1933.646  P_det_soft 0.1684  (15s)
  step  575  JSR   -6.3  loss 999.8280  logE[BER] -6.569  P_det_soft 0.9933  (16s)
  step  600  JSR   -8.4  loss 977.4812  logE[BER] -6.540  P_det_soft 0.9709  (16s)
  step  625  JSR   -2.5  loss 1002.1184  logE[BER] -5.916  P_det_soft 0.9962  (17s)
  step  650  JSR  -16.4  loss 257.4075  logE[BER] -8.102  P_det_soft 0.2493  (17s)
  step  675  JSR   -2.4  loss 1000.4328  logE[BER] -5.816  P_det_soft 0.9946  (18s)
  step  700  JSR  -23.7  loss 1113.4819  logE[BER] -938.139  P_det_soft 0.1753  (19s)
  step  725  JSR  -27.0  loss 1300.7918  logE[BER] -1139.647  P_det_soft 0.1611  (19s)
  step  750  JSR  -11.5  loss 711.1106  logE[BER] -7.542  P_det_soft 0.7036  (20s)
  step  775  JSR   -2.2  loss 996.3709  logE[BER] -5.763  P_det_soft 0.9906  (21s)
  step  800  JSR   -6.1  loss 998.2023  logE[BER] -6.353  P_det_soft 0.9918  (21s)
  step  825  JSR  -28.1  loss 1686.8266  logE[BER] -1545.816  P_det_soft 0.1410  (22s)
  step  850  JSR  -27.5  loss 1690.1278  logE[BER] -1540.687  P_det_soft 0.1494  (23s)
  step  875  JSR   -3.1  loss 1001.8443  logE[BER] -5.782  P_det_soft 0.9961  (23s)
  step  900  JSR  -26.9  loss 1488.5306  logE[BER] -1314.661  P_det_soft 0.1739  (24s)
  step  925  JSR  -29.5  loss 2074.8196  logE[BER] -1917.126  P_det_soft 0.1577  (24s)
  step  950  JSR  -32.0  loss 2538.2124  logE[BER] -2354.446  P_det_soft 0.1838  (25s)
  step  975  JSR  -11.1  loss 779.5167  logE[BER] -7.510  P_det_soft 0.7720  (26s)
  step 1000  JSR   -0.8  loss 984.5122  logE[BER] -5.682  P_det_soft 0.9788  (26s)
  step 1025  JSR   -5.0  loss 1001.8707  logE[BER] -6.270  P_det_soft 0.9956  (27s)
  step 1050  JSR  -28.4  loss 1747.9681  logE[BER] -1584.666  P_det_soft 0.1633  (28s)
  step 1075  JSR  -22.7  loss 793.2707  logE[BER] -630.381  P_det_soft 0.1629  (28s)
  step 1100  JSR   -8.9  loss 947.0895  logE[BER] -7.003  P_det_soft 0.9401  (29s)
  step 1125  JSR  -21.3  loss 772.0123  logE[BER] -612.399  P_det_soft 0.1596  (30s)
  step 1150  JSR  -23.5  loss 1136.1983  logE[BER] -960.846  P_det_soft 0.1754  (30s)
  step 1175  JSR  -19.7  loss 280.2757  logE[BER] -99.866  P_det_soft 0.1804  (31s)
  step 1200  JSR   -5.3  loss 1003.8093  logE[BER] -6.532  P_det_soft 0.9973  (31s)
  step 1225  JSR  -30.0  loss 2041.3626  logE[BER] -1871.585  P_det_soft 0.1698  (32s)
  step 1250  JSR   -8.9  loss 955.7454  logE[BER] -6.972  P_det_soft 0.9488  (33s)
  step 1275  JSR  -22.6  loss 649.9088  logE[BER] -493.232  P_det_soft 0.1567  (33s)
  step 1300  JSR  -30.7  loss 2455.9078  logE[BER] -2295.890  P_det_soft 0.1600  (34s)
  step 1325  JSR  -15.1  loss 386.1648  logE[BER] -8.451  P_det_soft 0.3777  (35s)
  step 1350  JSR  -13.0  loss 552.8180  logE[BER] -8.199  P_det_soft 0.5446  (35s)
  step 1375  JSR  -12.3  loss 598.1349  logE[BER] -7.705  P_det_soft 0.5904  (36s)
  step 1400  JSR  -20.5  loss 558.5124  logE[BER] -365.954  P_det_soft 0.1926  (36s)
  step 1425  JSR   -6.8  loss 992.2138  logE[BER] -6.710  P_det_soft 0.9855  (37s)
  step 1450  JSR   -0.2  loss 941.6855  logE[BER] -5.503  P_det_soft 0.9362  (38s)
  step 1475  JSR  -29.7  loss 2062.5396  logE[BER] -1893.458  P_det_soft 0.1691  (38s)
  step 1500  JSR   -0.5  loss 968.9219  logE[BER] -5.444  P_det_soft 0.9635  (39s)
  step 1525  JSR  -22.9  loss 637.2494  logE[BER] -460.973  P_det_soft 0.1763  (40s)
  step 1550  JSR  -24.6  loss 1247.9882  logE[BER] -1087.943  P_det_soft 0.1600  (40s)
  step 1575  JSR  -31.8  loss 2508.7776  logE[BER] -2350.599  P_det_soft 0.1582  (41s)
  step 1600  JSR  -15.8  loss 307.5651  logE[BER] -8.536  P_det_soft 0.2990  (42s)
  step 1625  JSR  -27.6  loss 1818.3674  logE[BER] -1636.457  P_det_soft 0.1819  (42s)
  step 1650  JSR   -1.5  loss 984.4903  logE[BER] -5.758  P_det_soft 0.9787  (43s)
  step 1675  JSR  -31.4  loss 2493.4163  logE[BER] -2330.226  P_det_soft 0.1632  (43s)
  step 1700  JSR  -21.7  loss 428.6485  logE[BER] -261.252  P_det_soft 0.1674  (44s)
  step 1725  JSR   -9.4  loss 945.4715  logE[BER] -6.764  P_det_soft 0.9387  (45s)
  step 1750  JSR  -22.4  loss 477.2636  logE[BER] -295.735  P_det_soft 0.1815  (45s)
  step 1775  JSR  -25.2  loss 985.2058  logE[BER] -809.683  P_det_soft 0.1755  (46s)
  step 1800  JSR   -5.1  loss 1002.5471  logE[BER] -6.333  P_det_soft 0.9962  (47s)
  step 1825  JSR  -10.2  loss 885.9834  logE[BER] -7.631  P_det_soft 0.8784  (47s)
  step 1850  JSR  -26.5  loss 1447.4400  logE[BER] -1291.287  P_det_soft 0.1562  (48s)
  step 1875  JSR   -9.4  loss 926.0394  logE[BER] -6.939  P_det_soft 0.9191  (49s)
  step 1900  JSR   -9.1  loss 944.2301  logE[BER] -6.857  P_det_soft 0.9374  (49s)
  step 1925  JSR  -10.3  loss 852.6444  logE[BER] -7.290  P_det_soft 0.8454  (50s)
  step 1950  JSR   -4.3  loss 1004.1347  logE[BER] -5.963  P_det_soft 0.9982  (50s)
  step 1975  JSR   -0.1  loss 870.7338  logE[BER] -5.531  P_det_soft 0.8652  (51s)
  step 2000  JSR  -32.0  loss 2704.9879  logE[BER] -2548.424  P_det_soft 0.1566  (52s)
  step 2025  JSR  -18.7  loss 217.6405  logE[BER] -12.563  P_det_soft 0.2051  (52s)
  step 2050  JSR   -6.8  loss 1000.0261  logE[BER] -6.621  P_det_soft 0.9934  (53s)
  step 2075  JSR  -12.6  loss 642.1271  logE[BER] -7.507  P_det_soft 0.6346  (54s)
  step 2100  JSR   -9.5  loss 926.9840  logE[BER] -7.145  P_det_soft 0.9198  (54s)
  step 2125  JSR  -15.0  loss 332.5593  logE[BER] -8.768  P_det_soft 0.3238  (55s)
  step 2150  JSR   -8.6  loss 970.6932  logE[BER] -7.179  P_det_soft 0.9635  (55s)
  step 2175  JSR  -23.3  loss 881.9606  logE[BER] -705.450  P_det_soft 0.1765  (56s)
  step 2200  JSR   -2.6  loss 995.6828  logE[BER] -5.711  P_det_soft 0.9900  (57s)
  step 2225  JSR  -23.9  loss 1014.2974  logE[BER] -851.838  P_det_soft 0.1625  (57s)
  step 2250  JSR   -9.3  loss 945.6644  logE[BER] -6.576  P_det_soft 0.9391  (58s)
  step 2275  JSR  -15.9  loss 308.2519  logE[BER] -7.915  P_det_soft 0.3003  (59s)
  step 2300  JSR  -22.1  loss 482.6251  logE[BER] -325.244  P_det_soft 0.1574  (59s)
  step 2325  JSR  -21.8  loss 414.5249  logE[BER] -275.472  P_det_soft 0.1391  (60s)
  step 2350  JSR  -30.2  loss 2319.3457  logE[BER] -2135.285  P_det_soft 0.1841  (61s)
  step 2375  JSR  -27.4  loss 1583.7513  logE[BER] -1402.305  P_det_soft 0.1814  (61s)
  step 2400  JSR   -1.4  loss 990.4079  logE[BER] -5.762  P_det_soft 0.9846  (62s)
  step 2425  JSR   -9.0  loss 953.1830  logE[BER] -7.111  P_det_soft 0.9461  (62s)
  step 2450  JSR  -14.0  loss 460.1565  logE[BER] -7.988  P_det_soft 0.4522  (63s)
  step 2475  JSR  -27.8  loss 1743.3844  logE[BER] -1538.677  P_det_soft 0.2047  (64s)
  step 2500  JSR  -23.0  loss 705.7689  logE[BER] -534.321  P_det_soft 0.1714  (64s)
  step 2525  JSR  -27.3  loss 1432.7209  logE[BER] -1248.624  P_det_soft 0.1841  (65s)
  step 2550  JSR  -27.8  loss 1924.5441  logE[BER] -1764.528  P_det_soft 0.1600  (66s)
  step 2575  JSR   -9.9  loss 910.6010  logE[BER] -7.151  P_det_soft 0.9035  (66s)
  step 2600  JSR  -11.4  loss 748.5386  logE[BER] -7.463  P_det_soft 0.7411  (67s)
  step 2625  JSR  -22.8  loss 465.5887  logE[BER] -314.754  P_det_soft 0.1508  (68s)
  step 2650  JSR   -5.4  loss 1003.7417  logE[BER] -6.430  P_det_soft 0.9973  (68s)
  step 2675  JSR  -32.0  loss 2672.4994  logE[BER] -2489.073  P_det_soft 0.1834  (69s)
  step 2700  JSR  -22.0  loss 288.9244  logE[BER] -143.042  P_det_soft 0.1459  (69s)
  step 2725  JSR   -1.0  loss 984.1438  logE[BER] -5.766  P_det_soft 0.9784  (70s)
  step 2750  JSR  -12.8  loss 592.8293  logE[BER] -7.892  P_det_soft 0.5849  (71s)
  step 2775  JSR  -15.5  loss 325.2557  logE[BER] -9.137  P_det_soft 0.3161  (71s)
  step 2800  JSR  -27.0  loss 1580.9462  logE[BER] -1425.320  P_det_soft 0.1556  (72s)
  step 2825  JSR  -25.1  loss 1612.9081  logE[BER] -1429.364  P_det_soft 0.1835  (73s)
  step 2850  JSR   -4.0  loss 1002.3786  logE[BER] -6.151  P_det_soft 0.9962  (73s)
  step 2875  JSR  -13.7  loss 468.1113  logE[BER] -8.200  P_det_soft 0.4599  (74s)
  step 2900  JSR  -29.8  loss 2135.2812  logE[BER] -1954.793  P_det_soft 0.1805  (75s)
  step 2925  JSR  -21.2  loss 361.5906  logE[BER] -187.711  P_det_soft 0.1739  (75s)
  step 2950  JSR  -19.7  loss 182.3236  logE[BER] -12.069  P_det_soft 0.1703  (76s)
  step 2975  JSR  -23.0  loss 668.1589  logE[BER] -509.198  P_det_soft 0.1590  (76s)
  step 3000  JSR   -8.2  loss 979.3628  logE[BER] -6.728  P_det_soft 0.9726  (77s)
  step 3025  JSR   -9.3  loss 924.5561  logE[BER] -6.842  P_det_soft 0.9177  (78s)
  step 3050  JSR  -21.5  loss 290.0117  logE[BER] -110.458  P_det_soft 0.1796  (78s)
  step 3075  JSR  -21.4  loss 322.4530  logE[BER] -151.046  P_det_soft 0.1714  (79s)
  step 3100  JSR  -14.6  loss 425.0184  logE[BER] -8.247  P_det_soft 0.4168  (80s)
  step 3125  JSR  -17.8  loss 206.7610  logE[BER] -9.258  P_det_soft 0.1975  (80s)
  step 3150  JSR  -12.9  loss 577.5069  logE[BER] -7.983  P_det_soft 0.5695  (81s)
  step 3175  JSR  -23.4  loss 1191.1118  logE[BER] -1048.767  P_det_soft 0.1423  (81s)
  step 3200  JSR   -2.6  loss 1003.9825  logE[BER] -5.919  P_det_soft 0.9981  (82s)
  step 3225  JSR   -1.9  loss 988.3797  logE[BER] -5.796  P_det_soft 0.9826  (83s)
  step 3250  JSR  -27.4  loss 1770.1547  logE[BER] -1627.909  P_det_soft 0.1422  (83s)
  step 3275  JSR  -27.8  loss 2053.4753  logE[BER] -1899.607  P_det_soft 0.1539  (84s)
  step 3300  JSR  -17.9  loss 220.2111  logE[BER] -9.705  P_det_soft 0.2105  (85s)
  step 3325  JSR  -21.5  loss 334.8866  logE[BER] -150.754  P_det_soft 0.1841  (86s)
  step 3350  JSR  -14.0  loss 467.2332  logE[BER] -7.698  P_det_soft 0.4595  (86s)
  step 3375  JSR  -16.2  loss 249.9732  logE[BER] -8.606  P_det_soft 0.2414  (87s)
  step 3400  JSR  -13.4  loss 508.2847  logE[BER] -8.303  P_det_soft 0.5000  (88s)
  step 3425  JSR  -17.6  loss 209.6545  logE[BER] -8.835  P_det_soft 0.2008  (88s)
  step 3450  JSR  -15.8  loss 275.2334  logE[BER] -8.452  P_det_soft 0.2668  (89s)
  step 3475  JSR  -24.5  loss 1182.8571  logE[BER] -1035.039  P_det_soft 0.1478  (90s)
  step 3500  JSR   -7.4  loss 994.3922  logE[BER] -6.615  P_det_soft 0.9878  (90s)
  step 3525  JSR  -29.8  loss 2648.9286  logE[BER] -2472.971  P_det_soft 0.1760  (91s)
  step 3550  JSR  -21.8  loss 641.1961  logE[BER] -486.351  P_det_soft 0.1548  (92s)
  step 3575  JSR  -10.1  loss 884.4270  logE[BER] -7.335  P_det_soft 0.8771  (92s)
  step 3600  JSR  -16.5  loss 250.8714  logE[BER] -10.420  P_det_soft 0.2405  (93s)
  step 3625  JSR   -5.1  loss 1000.9724  logE[BER] -5.976  P_det_soft 0.9950  (94s)
  step 3650  JSR   -0.2  loss 917.0537  logE[BER] -5.366  P_det_soft 0.9117  (94s)
  step 3675  JSR  -18.0  loss 258.1373  logE[BER] -10.397  P_det_soft 0.2477  (95s)
  step 3700  JSR  -20.0  loss 181.6050  logE[BER] -14.492  P_det_soft 0.1671  (96s)
  step 3725  JSR  -28.7  loss 1820.0474  logE[BER] -1642.700  P_det_soft 0.1773  (96s)
  step 3750  JSR  -27.7  loss 1976.8150  logE[BER] -1818.953  P_det_soft 0.1579  (97s)
  step 3775  JSR  -16.6  loss 229.3906  logE[BER] -9.187  P_det_soft 0.2202  (98s)
  step 3800  JSR  -25.5  loss 1136.7151  logE[BER] -967.220  P_det_soft 0.1695  (99s)
  step 3825  JSR   -9.2  loss 956.4613  logE[BER] -7.065  P_det_soft 0.9494  (99s)
  step 3850  JSR  -25.8  loss 1127.2752  logE[BER] -971.305  P_det_soft 0.1560  (100s)
  step 3875  JSR  -31.7  loss 2633.1679  logE[BER] -2467.843  P_det_soft 0.1653  (100s)
  step 3900  JSR  -23.2  loss 981.9118  logE[BER] -805.718  P_det_soft 0.1762  (101s)
  step 3925  JSR   -6.5  loss 999.8718  logE[BER] -6.337  P_det_soft 0.9935  (102s)
  step 3950  JSR  -12.6  loss 628.2668  logE[BER] -7.969  P_det_soft 0.6203  (102s)
  step 3975  JSR  -22.1  loss 591.5882  logE[BER] -449.589  P_det_soft 0.1420  (103s)
  step 3999  JSR  -31.4  loss 2766.4443  logE[BER] -2601.819  P_det_soft 0.1646  (104s)
wrote task12_G.pt, task12.json  (tag kurtosis_b1000)
