node: tikgpu06.ee.ethz.ch | gpu: NVIDIA GeForce RTX 3090
task 14 = {'target': 'spec_cnn', 'beta': 10.0}  (tag spec_cnn_b10, 32 frames/step, JSR band (-48.0, -16.0))
  target spec_cnn: threshold -3.17573, clean-frame std 0.949107 (soft_pdet width)
  step    0  JSR  -26.1  loss 3528.1352  logE[BER] -3518.773  P_det_soft 0.9362  (1s)
  step   25  JSR  -30.6  loss 2918.9255  logE[BER] -2914.390  P_det_soft 0.4536  (3s)
  step   50  JSR  -35.5  loss 3483.0453  logE[BER] -3480.805  P_det_soft 0.2240  (4s)
  step   75  JSR  -19.8  loss 1125.8753  logE[BER] -1115.920  P_det_soft 0.9956  (6s)
  step  100  JSR  -25.2  loss 2271.8307  logE[BER] -2262.532  P_det_soft 0.9299  (7s)
  step  125  JSR  -46.2  loss 3812.4564  logE[BER] -3810.710  P_det_soft 0.1747  (9s)
  step  150  JSR  -25.0  loss 2032.3700  logE[BER] -2023.286  P_det_soft 0.9084  (11s)
  step  175  JSR  -45.9  loss 3796.0124  logE[BER] -3794.312  P_det_soft 0.1700  (12s)
  step  200  JSR  -40.8  loss 3638.9885  logE[BER] -3636.879  P_det_soft 0.2109  (14s)
  step  225  JSR  -36.4  loss 3449.9691  logE[BER] -3448.290  P_det_soft 0.1679  (15s)
  step  250  JSR  -30.4  loss 2890.4447  logE[BER] -2886.219  P_det_soft 0.4226  (17s)
  step  275  JSR  -31.4  loss 2916.1784  logE[BER] -2913.271  P_det_soft 0.2907  (19s)
  step  300  JSR  -32.7  loss 3073.6345  logE[BER] -3070.461  P_det_soft 0.3173  (20s)
  step  325  JSR  -44.9  loss 3744.3811  logE[BER] -3742.307  P_det_soft 0.2074  (22s)
  step  350  JSR  -36.9  loss 3425.2682  logE[BER] -3423.161  P_det_soft 0.2107  (24s)
  step  375  JSR  -37.6  loss 3340.4482  logE[BER] -3338.775  P_det_soft 0.1673  (25s)
  step  400  JSR  -35.5  loss 3430.5911  logE[BER] -3428.445  P_det_soft 0.2146  (27s)
  step  425  JSR  -28.9  loss 2361.7419  logE[BER] -2356.668  P_det_soft 0.5074  (28s)
  step  450  JSR  -37.5  loss 3322.4946  logE[BER] -3320.920  P_det_soft 0.1575  (30s)
  step  475  JSR  -21.3  loss 673.1129  logE[BER] -663.225  P_det_soft 0.9888  (32s)
  step  500  JSR  -20.4  loss 758.5804  logE[BER] -748.607  P_det_soft 0.9973  (33s)
  step  525  JSR  -20.6  loss 440.6724  logE[BER] -430.801  P_det_soft 0.9872  (35s)
  step  550  JSR  -39.7  loss 3400.4121  logE[BER] -3398.465  P_det_soft 0.1947  (37s)
  step  575  JSR  -39.8  loss 3402.9382  logE[BER] -3401.241  P_det_soft 0.1698  (38s)
  step  600  JSR  -21.6  loss 780.9518  logE[BER] -771.067  P_det_soft 0.9885  (40s)
  step  625  JSR  -36.9  loss 3147.1797  logE[BER] -3145.442  P_det_soft 0.1737  (42s)
  step  650  JSR  -42.7  loss 3589.8462  logE[BER] -3588.054  P_det_soft 0.1792  (43s)
  step  675  JSR  -42.2  loss 3556.4856  logE[BER] -3554.822  P_det_soft 0.1663  (45s)
  step  700  JSR  -21.3  loss 725.0917  logE[BER] -715.194  P_det_soft 0.9897  (47s)
  step  725  JSR  -32.7  loss 2558.4633  logE[BER] -2556.224  P_det_soft 0.2239  (48s)
  step  750  JSR  -38.7  loss 3259.4273  logE[BER] -3257.660  P_det_soft 0.1767  (50s)
  step  775  JSR  -43.0  loss 3527.3903  logE[BER] -3525.667  P_det_soft 0.1723  (52s)
  step  800  JSR  -17.0  loss 18.9908  logE[BER] -9.010  P_det_soft 0.9981  (54s)
  step  825  JSR  -19.9  loss 59.8037  logE[BER] -49.926  P_det_soft 0.9878  (55s)
  step  850  JSR  -40.3  loss 3494.7687  logE[BER] -3492.584  P_det_soft 0.2185  (57s)
  step  875  JSR  -46.9  loss 3703.6825  logE[BER] -3701.911  P_det_soft 0.1771  (59s)
  step  900  JSR  -34.4  loss 2738.6323  logE[BER] -2736.889  P_det_soft 0.1743  (61s)
  step  925  JSR  -26.5  loss 1101.0356  logE[BER] -1095.057  P_det_soft 0.5979  (62s)
  step  950  JSR  -19.5  loss 21.8968  logE[BER] -11.989  P_det_soft 0.9908  (64s)
  step  975  JSR  -44.9  loss 3589.9951  logE[BER] -3588.296  P_det_soft 0.1699  (66s)
  step 1000  JSR  -44.3  loss 3557.4263  logE[BER] -3555.981  P_det_soft 0.1446  (68s)
  step 1025  JSR  -17.1  loss 16.3429  logE[BER] -6.372  P_det_soft 0.9971  (70s)
  step 1050  JSR  -16.6  loss 15.9794  logE[BER] -6.015  P_det_soft 0.9964  (71s)
  step 1075  JSR  -43.7  loss 3450.8032  logE[BER] -3449.492  P_det_soft 0.1311  (73s)
  step 1100  JSR  -36.5  loss 2815.9590  logE[BER] -2813.659  P_det_soft 0.2300  (75s)
  step 1125  JSR  -37.1  loss 2959.7678  logE[BER] -2957.386  P_det_soft 0.2382  (77s)
  step 1150  JSR  -31.4  loss 1928.1570  logE[BER] -1925.364  P_det_soft 0.2793  (80s)
  step 1175  JSR  -27.5  loss 1054.1371  logE[BER] -1050.841  P_det_soft 0.3296  (82s)
  step 1200  JSR  -39.2  loss 3079.6591  logE[BER] -3077.844  P_det_soft 0.1815  (84s)
  step 1225  JSR  -22.2  loss 95.7659  logE[BER] -86.760  P_det_soft 0.9006  (86s)
  step 1250  JSR  -35.5  loss 2565.9498  logE[BER] -2564.420  P_det_soft 0.1530  (88s)
  step 1275  JSR  -45.7  loss 3585.9089  logE[BER] -3584.489  P_det_soft 0.1420  (90s)
  step 1300  JSR  -17.8  loss 16.0764  logE[BER] -6.199  P_det_soft 0.9878  (93s)
  step 1325  JSR  -44.0  loss 3401.4356  logE[BER] -3399.587  P_det_soft 0.1849  (95s)
  step 1350  JSR  -45.2  loss 3462.0267  logE[BER] -3460.329  P_det_soft 0.1698  (98s)
  step 1375  JSR  -36.3  loss 2546.7315  logE[BER] -2544.669  P_det_soft 0.2062  (100s)
  step 1400  JSR  -33.1  loss 2139.1491  logE[BER] -2137.641  P_det_soft 0.1508  (103s)
  step 1425  JSR  -36.6  loss 2671.0369  logE[BER] -2669.338  P_det_soft 0.1698  (105s)
  step 1450  JSR  -30.8  loss 1497.2391  logE[BER] -1495.014  P_det_soft 0.2225  (108s)
  step 1475  JSR  -46.4  loss 3494.2624  logE[BER] -3492.756  P_det_soft 0.1507  (111s)
  step 1500  JSR  -29.8  loss 1315.5827  logE[BER] -1312.815  P_det_soft 0.2767  (114s)
  step 1525  JSR  -32.5  loss 1896.7834  logE[BER] -1895.164  P_det_soft 0.1619  (116s)
  step 1550  JSR  -21.6  loss 14.6586  logE[BER] -7.557  P_det_soft 0.7102  (119s)
  step 1575  JSR  -42.1  loss 3190.7126  logE[BER] -3188.869  P_det_soft 0.1844  (122s)
  step 1600  JSR  -45.8  loss 3445.0035  logE[BER] -3442.943  P_det_soft 0.2060  (126s)
  step 1625  JSR  -19.6  loss 14.3299  logE[BER] -6.177  P_det_soft 0.8153  (129s)
  step 1650  JSR  -28.3  loss 769.2892  logE[BER] -766.906  P_det_soft 0.2383  (132s)
  step 1675  JSR  -24.8  loss 224.9922  logE[BER] -220.785  P_det_soft 0.4207  (135s)
  step 1700  JSR  -32.2  loss 1670.4912  logE[BER] -1668.746  P_det_soft 0.1745  (138s)
  step 1725  JSR  -41.0  loss 3032.7948  logE[BER] -3030.564  P_det_soft 0.2231  (142s)
  step 1750  JSR  -25.3  loss 190.9358  logE[BER] -187.558  P_det_soft 0.3378  (145s)
  step 1775  JSR  -43.6  loss 3324.3215  logE[BER] -3322.802  P_det_soft 0.1520  (149s)
  step 1800  JSR  -37.9  loss 2698.2923  logE[BER] -2697.005  P_det_soft 0.1288  (152s)
  step 1825  JSR  -28.1  loss 794.0029  logE[BER] -791.847  P_det_soft 0.2156  (156s)
  step 1850  JSR  -35.5  loss 2381.9736  logE[BER] -2380.323  P_det_soft 0.1651  (159s)
  step 1875  JSR  -39.8  loss 2915.9798  logE[BER] -2914.608  P_det_soft 0.1372  (163s)
  step 1900  JSR  -20.8  loss 13.3796  logE[BER] -6.766  P_det_soft 0.6613  (167s)
  step 1925  JSR  -35.0  loss 2213.1433  logE[BER] -2211.515  P_det_soft 0.1628  (170s)
  step 1950  JSR  -38.5  loss 2750.4866  logE[BER] -2748.473  P_det_soft 0.2013  (174s)
  step 1975  JSR  -43.7  loss 3314.2499  logE[BER] -3312.463  P_det_soft 0.1787  (178s)
  step 2000  JSR  -36.9  loss 2519.2345  logE[BER] -2517.099  P_det_soft 0.2136  (182s)
  step 2025  JSR  -18.1  loss 14.2512  logE[BER] -6.142  P_det_soft 0.8109  (186s)
  step 2050  JSR  -44.2  loss 3326.2785  logE[BER] -3323.968  P_det_soft 0.2310  (191s)
  step 2075  JSR  -30.1  loss 1265.3880  logE[BER] -1263.433  P_det_soft 0.1955  (195s)
  step 2100  JSR  -35.1  loss 2185.7480  logE[BER] -2184.075  P_det_soft 0.1673  (199s)
  step 2125  JSR  -23.0  loss 12.7338  logE[BER] -9.052  P_det_soft 0.3682  (203s)
  step 2150  JSR  -25.5  loss 196.9466  logE[BER] -193.551  P_det_soft 0.3396  (207s)
  step 2175  JSR  -47.7  loss 3560.4322  logE[BER] -3559.147  P_det_soft 0.1285  (212s)
  step 2200  JSR  -23.5  loss 12.5223  logE[BER] -9.319  P_det_soft 0.3204  (216s)
  step 2225  JSR  -40.4  loss 2980.7390  logE[BER] -2978.730  P_det_soft 0.2009  (221s)
  step 2250  JSR  -21.8  loss 11.5071  logE[BER] -7.912  P_det_soft 0.3595  (226s)
  step 2275  JSR  -23.9  loss 98.8439  logE[BER] -95.410  P_det_soft 0.3434  (230s)
  step 2300  JSR  -25.7  loss 216.9490  logE[BER] -213.254  P_det_soft 0.3695  (235s)
  step 2325  JSR  -35.1  loss 2196.5392  logE[BER] -2194.796  P_det_soft 0.1744  (239s)
  step 2350  JSR  -21.8  loss 12.1813  logE[BER] -7.564  P_det_soft 0.4617  (244s)
  step 2375  JSR  -35.8  loss 2368.1599  logE[BER] -2366.022  P_det_soft 0.2138  (248s)
  step 2400  JSR  -21.1  loss 12.1132  logE[BER] -6.709  P_det_soft 0.5405  (253s)
  step 2425  JSR  -44.8  loss 3388.9631  logE[BER] -3387.199  P_det_soft 0.1765  (257s)
  step 2450  JSR  -20.9  loss 12.3654  logE[BER] -6.758  P_det_soft 0.5607  (262s)
  step 2475  JSR  -19.4  loss 12.9490  logE[BER] -6.121  P_det_soft 0.6828  (266s)
  step 2500  JSR  -36.5  loss 2419.7780  logE[BER] -2418.263  P_det_soft 0.1515  (271s)
  step 2525  JSR  -19.5  loss 13.5635  logE[BER] -6.358  P_det_soft 0.7205  (276s)
  step 2550  JSR  -24.1  loss 151.7130  logE[BER] -148.937  P_det_soft 0.2776  (280s)
  step 2575  JSR  -25.5  loss 186.7295  logE[BER] -184.200  P_det_soft 0.2529  (285s)
  step 2600  JSR  -27.9  loss 624.2852  logE[BER] -621.770  P_det_soft 0.2516  (289s)
  step 2625  JSR  -27.4  loss 563.8503  logE[BER] -560.497  P_det_soft 0.3353  (294s)
  step 2650  JSR  -46.0  loss 3470.0246  logE[BER] -3468.346  P_det_soft 0.1678  (298s)
  step 2675  JSR  -40.4  loss 2970.8116  logE[BER] -2969.346  P_det_soft 0.1465  (303s)
  step 2700  JSR  -31.6  loss 1543.4260  logE[BER] -1541.584  P_det_soft 0.1842  (307s)
  step 2725  JSR  -40.2  loss 2955.7966  logE[BER] -2954.330  P_det_soft 0.1467  (312s)
  step 2750  JSR  -43.2  loss 3254.2143  logE[BER] -3252.900  P_det_soft 0.1314  (316s)
  step 2775  JSR  -18.7  loss 14.3286  logE[BER] -6.391  P_det_soft 0.7938  (321s)
  step 2800  JSR  -37.4  loss 2558.8688  logE[BER] -2556.958  P_det_soft 0.1911  (326s)
  step 2825  JSR  -32.7  loss 1741.3093  logE[BER] -1739.615  P_det_soft 0.1694  (330s)
  step 2850  JSR  -43.5  loss 3246.6383  logE[BER] -3245.067  P_det_soft 0.1571  (335s)
  step 2875  JSR  -47.7  loss 3537.7077  logE[BER] -3535.723  P_det_soft 0.1984  (339s)
  step 2900  JSR  -24.2  loss 42.9381  logE[BER] -39.420  P_det_soft 0.3518  (344s)
  step 2925  JSR  -40.7  loss 2975.0862  logE[BER] -2973.193  P_det_soft 0.1893  (348s)
  step 2950  JSR  -28.4  loss 819.8984  logE[BER] -817.888  P_det_soft 0.2010  (353s)
  step 2975  JSR  -25.8  loss 357.3394  logE[BER] -354.610  P_det_soft 0.2729  (358s)
  step 3000  JSR  -38.6  loss 2713.0395  logE[BER] -2711.447  P_det_soft 0.1593  (363s)
  step 3025  JSR  -34.6  loss 2103.0560  logE[BER] -2099.952  P_det_soft 0.3104  (368s)
  step 3050  JSR  -26.4  loss 366.0638  logE[BER] -363.412  P_det_soft 0.2652  (373s)
  step 3075  JSR  -29.9  loss 1089.0537  logE[BER] -1087.452  P_det_soft 0.1602  (378s)
  step 3100  JSR  -21.2  loss 11.7981  logE[BER] -6.934  P_det_soft 0.4864  (383s)
  step 3125  JSR  -42.1  loss 3171.6002  logE[BER] -3169.849  P_det_soft 0.1752  (388s)
  step 3150  JSR  -20.1  loss 13.1484  logE[BER] -6.707  P_det_soft 0.6442  (393s)
  step 3175  JSR  -37.3  loss 2578.3929  logE[BER] -2576.473  P_det_soft 0.1919  (397s)
  step 3200  JSR  -33.9  loss 1934.3435  logE[BER] -1932.621  P_det_soft 0.1723  (402s)
  step 3225  JSR  -32.2  loss 1605.8223  logE[BER] -1603.955  P_det_soft 0.1867  (407s)
  step 3250  JSR  -16.1  loss 15.0399  logE[BER] -6.115  P_det_soft 0.8925  (412s)
  step 3275  JSR  -34.8  loss 2160.5831  logE[BER] -2159.092  P_det_soft 0.1492  (417s)
  step 3300  JSR  -47.5  loss 3514.3310  logE[BER] -3512.694  P_det_soft 0.1637  (422s)
  step 3325  JSR  -23.5  loss 14.3015  logE[BER] -11.642  P_det_soft 0.2659  (426s)
  step 3350  JSR  -45.7  loss 3421.7047  logE[BER] -3420.381  P_det_soft 0.1324  (431s)
  step 3375  JSR  -43.8  loss 3286.1921  logE[BER] -3284.318  P_det_soft 0.1874  (435s)
  step 3400  JSR  -34.9  loss 2154.5637  logE[BER] -2152.878  P_det_soft 0.1686  (440s)
  step 3425  JSR  -26.6  loss 328.6155  logE[BER] -326.205  P_det_soft 0.2411  (444s)
  step 3450  JSR  -44.5  loss 3314.1655  logE[BER] -3312.999  P_det_soft 0.1167  (449s)
  step 3475  JSR  -37.1  loss 2553.2110  logE[BER] -2551.284  P_det_soft 0.1927  (454s)
  step 3500  JSR  -19.2  loss 12.7153  logE[BER] -6.158  P_det_soft 0.6557  (459s)
  step 3525  JSR  -21.2  loss 10.5088  logE[BER] -6.242  P_det_soft 0.4267  (463s)
  step 3550  JSR  -25.9  loss 270.5831  logE[BER] -267.768  P_det_soft 0.2815  (468s)
  step 3575  JSR  -36.3  loss 2439.7665  logE[BER] -2438.180  P_det_soft 0.1587  (473s)
  step 3600  JSR  -16.6  loss 13.8579  logE[BER] -5.792  P_det_soft 0.8066  (477s)
  step 3625  JSR  -36.5  loss 2384.5477  logE[BER] -2382.900  P_det_soft 0.1647  (482s)
  step 3650  JSR  -45.5  loss 3421.8715  logE[BER] -3420.174  P_det_soft 0.1698  (487s)
  step 3675  JSR  -41.1  loss 3033.9726  logE[BER] -3032.501  P_det_soft 0.1471  (491s)
  step 3700  JSR  -38.9  loss 2733.6017  logE[BER] -2731.003  P_det_soft 0.2599  (496s)
  step 3725  JSR  -21.3  loss 11.3308  logE[BER] -6.708  P_det_soft 0.4622  (500s)
  step 3750  JSR  -34.6  loss 2137.3832  logE[BER] -2135.590  P_det_soft 0.1793  (505s)
  step 3775  JSR  -40.0  loss 2900.0049  logE[BER] -2898.041  P_det_soft 0.1963  (509s)
  step 3800  JSR  -18.2  loss 11.9810  logE[BER] -5.898  P_det_soft 0.6083  (514s)
  step 3825  JSR  -46.9  loss 3495.8462  logE[BER] -3494.353  P_det_soft 0.1493  (518s)
  step 3850  JSR  -35.5  loss 2247.1284  logE[BER] -2245.526  P_det_soft 0.1602  (522s)
  step 3875  JSR  -40.8  loss 2998.9308  logE[BER] -2996.995  P_det_soft 0.1936  (526s)
  step 3900  JSR  -20.3  loss 11.0097  logE[BER] -6.419  P_det_soft 0.4591  (531s)
  step 3925  JSR  -29.7  loss 1085.6143  logE[BER] -1083.685  P_det_soft 0.1929  (535s)
  step 3950  JSR  -27.5  loss 656.6197  logE[BER] -653.999  P_det_soft 0.2621  (540s)
  step 3975  JSR  -45.7  loss 3450.4030  logE[BER] -3448.777  P_det_soft 0.1626  (544s)
  step 3999  JSR  -22.4  loss 10.7196  logE[BER] -7.727  P_det_soft 0.2993  (548s)
wrote task14_G.pt, task14.json  (tag spec_cnn_b10)
