node: artongpu01.ee.ethz.ch | gpu: NVIDIA GeForce RTX 2080 Ti
task 0 = {'target': None, 'beta': 0.0}  (tag eff, 128 frames/step, JSR band (-32.0, 0.0))
  step    0  JSR  -20.6  loss 3187.7956  logE[BER] -3187.796  P_det_soft 0.0000  (7s)
  step   25  JSR  -30.4  loss 2935.6822  logE[BER] -2935.682  P_det_soft 0.0000  (7s)
  step   50  JSR   -4.2  loss 5.7920  logE[BER] -5.792  P_det_soft 0.0000  (8s)
  step   75  JSR  -15.4  loss 74.8827  logE[BER] -74.883  P_det_soft 0.0000  (9s)
  step  100  JSR   -5.6  loss 5.8701  logE[BER] -5.870  P_det_soft 0.0000  (9s)
  step  125  JSR  -24.5  loss 1827.9000  logE[BER] -1827.900  P_det_soft 0.0000  (10s)
  step  150  JSR   -1.5  loss 5.3249  logE[BER] -5.325  P_det_soft 0.0000  (11s)
  step  175  JSR  -19.0  loss 408.5808  logE[BER] -408.581  P_det_soft 0.0000  (11s)
  step  200  JSR  -14.9  loss 8.9346  logE[BER] -8.935  P_det_soft 0.0000  (12s)
  step  225  JSR  -30.6  loss 2644.3731  logE[BER] -2644.373  P_det_soft 0.0000  (12s)
  step  250  JSR   -2.5  loss 5.5320  logE[BER] -5.532  P_det_soft 0.0000  (13s)
  step  275  JSR   -9.9  loss 6.3529  logE[BER] -6.353  P_det_soft 0.0000  (14s)
  step  300  JSR  -21.7  loss 966.3431  logE[BER] -966.343  P_det_soft 0.0000  (14s)
  step  325  JSR  -22.6  loss 1059.0979  logE[BER] -1059.098  P_det_soft 0.0000  (15s)
  step  350  JSR  -18.3  loss 142.2620  logE[BER] -142.262  P_det_soft 0.0000  (16s)
  step  375  JSR  -19.2  loss 325.1913  logE[BER] -325.191  P_det_soft 0.0000  (16s)
  step  400  JSR  -29.0  loss 2333.9350  logE[BER] -2333.935  P_det_soft 0.0000  (17s)
  step  425  JSR  -20.5  loss 348.3797  logE[BER] -348.380  P_det_soft 0.0000  (18s)
  step  450  JSR   -8.9  loss 6.0301  logE[BER] -6.030  P_det_soft 0.0000  (18s)
  step  475  JSR  -27.8  loss 2332.7629  logE[BER] -2332.763  P_det_soft 0.0000  (19s)
  step  500  JSR  -19.0  loss 464.8096  logE[BER] -464.810  P_det_soft 0.0000  (20s)
  step  525  JSR  -21.3  loss 796.2748  logE[BER] -796.275  P_det_soft 0.0000  (20s)
  step  550  JSR   -1.6  loss 5.0259  logE[BER] -5.026  P_det_soft 0.0000  (21s)
  step  575  JSR  -22.9  loss 919.7988  logE[BER] -919.799  P_det_soft 0.0000  (21s)
  step  600  JSR  -22.2  loss 1000.0188  logE[BER] -1000.019  P_det_soft 0.0000  (22s)
  step  625  JSR  -28.3  loss 2419.9684  logE[BER] -2419.968  P_det_soft 0.0000  (23s)
  step  650  JSR  -13.0  loss 6.7668  logE[BER] -6.767  P_det_soft 0.0000  (23s)
  step  675  JSR  -10.0  loss 6.4458  logE[BER] -6.446  P_det_soft 0.0000  (24s)
  step  700  JSR  -14.0  loss 8.3659  logE[BER] -8.366  P_det_soft 0.0000  (25s)
  step  725  JSR   -6.7  loss 5.9175  logE[BER] -5.917  P_det_soft 0.0000  (25s)
  step  750  JSR   -9.1  loss 6.2432  logE[BER] -6.243  P_det_soft 0.0000  (26s)
  step  775  JSR  -12.7  loss 6.9507  logE[BER] -6.951  P_det_soft 0.0000  (27s)
  step  800  JSR  -26.9  loss 2036.1436  logE[BER] -2036.144  P_det_soft 0.0000  (27s)
  step  825  JSR  -30.8  loss 2511.1682  logE[BER] -2511.168  P_det_soft 0.0000  (28s)
  step  850  JSR  -28.3  loss 2227.5788  logE[BER] -2227.579  P_det_soft 0.0000  (28s)
  step  875  JSR  -25.1  loss 1685.6245  logE[BER] -1685.624  P_det_soft 0.0000  (29s)
  step  900  JSR  -30.5  loss 2651.1658  logE[BER] -2651.166  P_det_soft 0.0000  (30s)
  step  925  JSR   -2.8  loss 5.4170  logE[BER] -5.417  P_det_soft 0.0000  (30s)
  step  950  JSR   -8.2  loss 6.0979  logE[BER] -6.098  P_det_soft 0.0000  (31s)
  step  975  JSR  -11.8  loss 6.8442  logE[BER] -6.844  P_det_soft 0.0000  (32s)
  step 1000  JSR   -0.2  loss 4.9415  logE[BER] -4.942  P_det_soft 0.0000  (32s)
  step 1025  JSR  -24.4  loss 1494.0014  logE[BER] -1494.001  P_det_soft 0.0000  (33s)
  step 1050  JSR  -14.6  loss 8.2172  logE[BER] -8.217  P_det_soft 0.0000  (34s)
  step 1075  JSR  -29.0  loss 2088.9392  logE[BER] -2088.939  P_det_soft 0.0000  (34s)
  step 1100  JSR  -16.3  loss 10.8367  logE[BER] -10.837  P_det_soft 0.0000  (35s)
  step 1125  JSR   -0.8  loss 5.0428  logE[BER] -5.043  P_det_soft 0.0000  (36s)
  step 1150  JSR   -3.6  loss 5.8676  logE[BER] -5.868  P_det_soft 0.0000  (36s)
  step 1175  JSR  -23.7  loss 848.6436  logE[BER] -848.644  P_det_soft 0.0000  (37s)
  step 1200  JSR  -24.5  loss 1712.3998  logE[BER] -1712.400  P_det_soft 0.0000  (37s)
  step 1225  JSR   -5.2  loss 5.7935  logE[BER] -5.794  P_det_soft 0.0000  (38s)
  step 1250  JSR   -4.6  loss 5.7969  logE[BER] -5.797  P_det_soft 0.0000  (39s)
  step 1275  JSR   -5.8  loss 5.9842  logE[BER] -5.984  P_det_soft 0.0000  (39s)
  step 1300  JSR   -0.8  loss 5.0082  logE[BER] -5.008  P_det_soft 0.0000  (40s)
  step 1325  JSR   -2.6  loss 5.5322  logE[BER] -5.532  P_det_soft 0.0000  (41s)
  step 1350  JSR   -8.1  loss 5.9863  logE[BER] -5.986  P_det_soft 0.0000  (41s)
  step 1375  JSR   -0.8  loss 5.0430  logE[BER] -5.043  P_det_soft 0.0000  (42s)
  step 1400  JSR  -13.3  loss 7.0762  logE[BER] -7.076  P_det_soft 0.0000  (43s)
  step 1425  JSR   -1.9  loss 5.3141  logE[BER] -5.314  P_det_soft 0.0000  (43s)
  step 1450  JSR  -23.2  loss 934.3720  logE[BER] -934.372  P_det_soft 0.0000  (44s)
  step 1475  JSR  -16.2  loss 10.0534  logE[BER] -10.053  P_det_soft 0.0000  (45s)
  step 1500  JSR   -8.5  loss 6.2200  logE[BER] -6.220  P_det_soft 0.0000  (45s)
  step 1525  JSR  -18.5  loss 12.6891  logE[BER] -12.689  P_det_soft 0.0000  (46s)
  step 1550  JSR  -30.1  loss 2340.2040  logE[BER] -2340.204  P_det_soft 0.0000  (46s)
  step 1575  JSR  -11.2  loss 6.3438  logE[BER] -6.344  P_det_soft 0.0000  (47s)
  step 1600  JSR   -8.5  loss 6.1119  logE[BER] -6.112  P_det_soft 0.0000  (48s)
  step 1625  JSR  -22.0  loss 841.3271  logE[BER] -841.327  P_det_soft 0.0000  (48s)
  step 1650  JSR  -30.1  loss 2413.0711  logE[BER] -2413.071  P_det_soft 0.0000  (49s)
  step 1675  JSR  -10.0  loss 6.1157  logE[BER] -6.116  P_det_soft 0.0000  (50s)
  step 1700  JSR  -31.9  loss 2542.8885  logE[BER] -2542.889  P_det_soft 0.0000  (50s)
  step 1725  JSR   -8.0  loss 5.9825  logE[BER] -5.982  P_det_soft 0.0000  (51s)
  step 1750  JSR  -14.4  loss 7.2854  logE[BER] -7.285  P_det_soft 0.0000  (52s)
  step 1775  JSR   -2.8  loss 5.5249  logE[BER] -5.525  P_det_soft 0.0000  (52s)
  step 1800  JSR   -4.9  loss 5.8487  logE[BER] -5.849  P_det_soft 0.0000  (53s)
  step 1825  JSR  -24.9  loss 1067.0165  logE[BER] -1067.017  P_det_soft 0.0000  (54s)
  step 1850  JSR  -15.1  loss 8.1735  logE[BER] -8.174  P_det_soft 0.0000  (54s)
  step 1875  JSR   -5.5  loss 5.8677  logE[BER] -5.868  P_det_soft 0.0000  (55s)
  step 1900  JSR  -21.5  loss 382.4392  logE[BER] -382.439  P_det_soft 0.0000  (56s)
  step 1925  JSR  -15.2  loss 8.4381  logE[BER] -8.438  P_det_soft 0.0000  (56s)
  step 1950  JSR  -16.2  loss 8.0888  logE[BER] -8.089  P_det_soft 0.0000  (57s)
  step 1975  JSR  -10.8  loss 6.3015  logE[BER] -6.302  P_det_soft 0.0000  (58s)
  step 2000  JSR   -6.3  loss 5.8343  logE[BER] -5.834  P_det_soft 0.0000  (58s)
  step 2025  JSR   -1.8  loss 5.2283  logE[BER] -5.228  P_det_soft 0.0000  (59s)
  step 2050  JSR  -30.1  loss 2307.6809  logE[BER] -2307.681  P_det_soft 0.0000  (59s)
  step 2075  JSR  -28.1  loss 2099.9003  logE[BER] -2099.900  P_det_soft 0.0000  (60s)
  step 2100  JSR   -8.3  loss 5.8863  logE[BER] -5.886  P_det_soft 0.0000  (61s)
  step 2125  JSR  -17.6  loss 8.9464  logE[BER] -8.946  P_det_soft 0.0000  (61s)
  step 2150  JSR   -3.6  loss 5.6105  logE[BER] -5.611  P_det_soft 0.0000  (62s)
  step 2175  JSR  -29.3  loss 2017.3827  logE[BER] -2017.383  P_det_soft 0.0000  (63s)
  step 2200  JSR  -16.9  loss 8.9271  logE[BER] -8.927  P_det_soft 0.0000  (63s)
  step 2225  JSR   -3.0  loss 5.6988  logE[BER] -5.699  P_det_soft 0.0000  (64s)
  step 2250  JSR   -1.6  loss 5.0953  logE[BER] -5.095  P_det_soft 0.0000  (65s)
  step 2275  JSR  -30.9  loss 2065.5910  logE[BER] -2065.591  P_det_soft 0.0000  (65s)
  step 2300  JSR  -15.8  loss 7.7529  logE[BER] -7.753  P_det_soft 0.0000  (66s)
  step 2325  JSR  -17.4  loss 8.7879  logE[BER] -8.788  P_det_soft 0.0000  (67s)
  step 2350  JSR   -4.6  loss 5.6352  logE[BER] -5.635  P_det_soft 0.0000  (67s)
  step 2375  JSR   -1.1  loss 5.2247  logE[BER] -5.225  P_det_soft 0.0000  (68s)
  step 2400  JSR  -19.7  loss 14.8529  logE[BER] -14.853  P_det_soft 0.0000  (69s)
  step 2425  JSR   -2.9  loss 5.7215  logE[BER] -5.721  P_det_soft 0.0000  (69s)
  step 2450  JSR  -26.1  loss 967.3762  logE[BER] -967.376  P_det_soft 0.0000  (70s)
  step 2475  JSR   -3.1  loss 5.5111  logE[BER] -5.511  P_det_soft 0.0000  (71s)
  step 2500  JSR  -15.7  loss 7.6315  logE[BER] -7.632  P_det_soft 0.0000  (71s)
  step 2525  JSR  -15.1  loss 7.5855  logE[BER] -7.586  P_det_soft 0.0000  (72s)
  step 2550  JSR  -18.3  loss 9.2825  logE[BER] -9.283  P_det_soft 0.0000  (73s)
  step 2575  JSR  -28.4  loss 1556.0762  logE[BER] -1556.076  P_det_soft 0.0000  (73s)
  step 2600  JSR   -7.2  loss 5.9546  logE[BER] -5.955  P_det_soft 0.0000  (74s)
  step 2625  JSR  -13.6  loss 7.3199  logE[BER] -7.320  P_det_soft 0.0000  (75s)
  step 2650  JSR   -1.4  loss 5.1564  logE[BER] -5.156  P_det_soft 0.0000  (75s)
  step 2675  JSR  -19.5  loss 203.9385  logE[BER] -203.939  P_det_soft 0.0000  (76s)
  step 2700  JSR   -3.8  loss 5.7075  logE[BER] -5.707  P_det_soft 0.0000  (77s)
  step 2725  JSR   -6.6  loss 5.7881  logE[BER] -5.788  P_det_soft 0.0000  (77s)
  step 2750  JSR  -30.1  loss 1418.8885  logE[BER] -1418.889  P_det_soft 0.0000  (78s)
  step 2775  JSR  -18.5  loss 8.1524  logE[BER] -8.152  P_det_soft 0.0000  (79s)
  step 2800  JSR   -3.0  loss 5.5052  logE[BER] -5.505  P_det_soft 0.0000  (79s)
  step 2825  JSR  -26.6  loss 1132.6436  logE[BER] -1132.644  P_det_soft 0.0000  (80s)
  step 2850  JSR  -21.8  loss 56.1136  logE[BER] -56.114  P_det_soft 0.0000  (80s)
  step 2875  JSR   -0.7  loss 5.1560  logE[BER] -5.156  P_det_soft 0.0000  (81s)
  step 2900  JSR   -7.1  loss 5.9393  logE[BER] -5.939  P_det_soft 0.0000  (82s)
  step 2925  JSR  -22.4  loss 237.5792  logE[BER] -237.579  P_det_soft 0.0000  (82s)
  step 2950  JSR   -5.1  loss 5.8222  logE[BER] -5.822  P_det_soft 0.0000  (83s)
  step 2975  JSR  -10.8  loss 6.2097  logE[BER] -6.210  P_det_soft 0.0000  (84s)
  step 3000  JSR  -28.1  loss 1258.0190  logE[BER] -1258.019  P_det_soft 0.0000  (84s)
  step 3025  JSR  -14.2  loss 6.7684  logE[BER] -6.768  P_det_soft 0.0000  (85s)
  step 3050  JSR   -4.9  loss 5.8359  logE[BER] -5.836  P_det_soft 0.0000  (86s)
  step 3075  JSR  -28.2  loss 1382.3653  logE[BER] -1382.365  P_det_soft 0.0000  (86s)
  step 3100  JSR   -6.5  loss 5.8016  logE[BER] -5.802  P_det_soft 0.0000  (87s)
  step 3125  JSR  -28.9  loss 1657.9343  logE[BER] -1657.934  P_det_soft 0.0000  (88s)
  step 3150  JSR   -8.6  loss 5.9546  logE[BER] -5.955  P_det_soft 0.0000  (88s)
  step 3175  JSR  -12.2  loss 6.0833  logE[BER] -6.083  P_det_soft 0.0000  (89s)
  step 3200  JSR  -12.8  loss 6.3819  logE[BER] -6.382  P_det_soft 0.0000  (90s)
  step 3225  JSR   -8.3  loss 5.8221  logE[BER] -5.822  P_det_soft 0.0000  (90s)
  step 3250  JSR   -2.5  loss 5.4223  logE[BER] -5.422  P_det_soft 0.0000  (91s)
  step 3275  JSR  -28.7  loss 1336.0332  logE[BER] -1336.033  P_det_soft 0.0000  (92s)
  step 3300  JSR  -19.7  loss 9.0109  logE[BER] -9.011  P_det_soft 0.0000  (92s)
  step 3325  JSR  -10.8  loss 6.1742  logE[BER] -6.174  P_det_soft 0.0000  (93s)
  step 3350  JSR  -14.3  loss 6.5551  logE[BER] -6.555  P_det_soft 0.0000  (94s)
  step 3375  JSR  -21.6  loss 9.7198  logE[BER] -9.720  P_det_soft 0.0000  (94s)
  step 3400  JSR  -14.7  loss 6.7208  logE[BER] -6.721  P_det_soft 0.0000  (95s)
  step 3425  JSR   -7.5  loss 5.9552  logE[BER] -5.955  P_det_soft 0.0000  (96s)
  step 3450  JSR  -21.4  loss 13.0972  logE[BER] -13.097  P_det_soft 0.0000  (96s)
  step 3475  JSR  -11.7  loss 6.2752  logE[BER] -6.275  P_det_soft 0.0000  (97s)
  step 3500  JSR   -6.6  loss 5.7386  logE[BER] -5.739  P_det_soft 0.0000  (97s)
  step 3525  JSR   -1.6  loss 5.3651  logE[BER] -5.365  P_det_soft 0.0000  (98s)
  step 3550  JSR  -29.7  loss 1547.2512  logE[BER] -1547.251  P_det_soft 0.0000  (99s)
  step 3575  JSR  -13.7  loss 6.5282  logE[BER] -6.528  P_det_soft 0.0000  (99s)
  step 3600  JSR  -30.4  loss 1754.0756  logE[BER] -1754.076  P_det_soft 0.0000  (100s)
  step 3625  JSR  -18.2  loss 7.7618  logE[BER] -7.762  P_det_soft 0.0000  (101s)
  step 3650  JSR  -28.8  loss 1195.5079  logE[BER] -1195.508  P_det_soft 0.0000  (101s)
  step 3675  JSR   -1.0  loss 5.2894  logE[BER] -5.289  P_det_soft 0.0000  (102s)
  step 3700  JSR  -18.4  loss 8.0505  logE[BER] -8.050  P_det_soft 0.0000  (103s)
  step 3725  JSR  -15.5  loss 7.3956  logE[BER] -7.396  P_det_soft 0.0000  (103s)
  step 3750  JSR  -31.6  loss 1944.6275  logE[BER] -1944.627  P_det_soft 0.0000  (104s)
  step 3775  JSR  -28.1  loss 1306.5043  logE[BER] -1306.504  P_det_soft 0.0000  (105s)
  step 3800  JSR  -29.6  loss 1232.5628  logE[BER] -1232.563  P_det_soft 0.0000  (105s)
  step 3825  JSR  -27.5  loss 939.3226  logE[BER] -939.323  P_det_soft 0.0000  (106s)
  step 3850  JSR  -19.9  loss 8.6468  logE[BER] -8.647  P_det_soft 0.0000  (107s)
  step 3875  JSR  -26.2  loss 738.3882  logE[BER] -738.388  P_det_soft 0.0000  (107s)
  step 3900  JSR  -13.3  loss 6.4376  logE[BER] -6.438  P_det_soft 0.0000  (108s)
  step 3925  JSR  -19.8  loss 8.9482  logE[BER] -8.948  P_det_soft 0.0000  (109s)
  step 3950  JSR  -20.4  loss 9.8873  logE[BER] -9.887  P_det_soft 0.0000  (109s)
  step 3975  JSR  -16.2  loss 7.3292  logE[BER] -7.329  P_det_soft 0.0000  (110s)
  step 3999  JSR  -10.0  loss 6.0438  logE[BER] -6.044  P_det_soft 0.0000  (111s)
wrote task0_G.pt, task0.json  (tag eff)
