node: tikgpu05.ee.ethz.ch | gpu: Tesla V100-PCIE-32GB
task 13 = {'target': 'spec_cnn', 'beta': 1.0}  (tag spec_cnn_b1, 32 frames/step, JSR band (-48.0, -16.0))
  target spec_cnn: threshold -3.17573, clean-frame std 0.972924 (soft_pdet width)
  learned power: cap +0.0 dB, start -40.0 dB, gain lr 0.01, damage per
  step    0  JSR  -38.0  loss 3898.5422  logE[PER] -3898.318  P_det_soft 0.2238  (0s)
  step   25  JSR  -30.4  loss 3486.3597  logE[PER] -3485.965  P_det_soft 0.3944  (2s)
  step   50  JSR  -27.3  loss 3266.3241  logE[PER] -3265.954  P_det_soft 0.3706  (4s)
  step   75  JSR  -24.2  loss 3058.9646  logE[PER] -3058.317  P_det_soft 0.6478  (6s)
  step  100  JSR  -20.9  loss 2597.2316  logE[PER] -2596.387  P_det_soft 0.8444  (8s)
  step  125  JSR  -17.3  loss 2077.2679  logE[PER] -2076.307  P_det_soft 0.9609  (10s)
  step  150  JSR  -13.5  loss 1192.7026  logE[PER] -1191.721  P_det_soft 0.9816  (12s)
  step  175  JSR  -10.2  loss 455.3000  logE[PER] -454.307  P_det_soft 0.9927  (14s)
  step  200  JSR   -7.9  loss 75.6361  logE[PER] -74.641  P_det_soft 0.9951  (16s)
  step  225  JSR   -6.9  loss 4.8080  logE[PER] -3.812  P_det_soft 0.9957  (18s)
  step  250  JSR   -6.6  loss 4.5177  logE[PER] -3.524  P_det_soft 0.9937  (20s)
  step  275  JSR   -6.5  loss 3.9130  logE[PER] -2.925  P_det_soft 0.9877  (22s)
  step  300  JSR   -6.4  loss 3.7470  logE[PER] -2.763  P_det_soft 0.9843  (24s)
  step  325  JSR   -6.3  loss 3.7058  logE[PER] -2.741  P_det_soft 0.9646  (26s)
  step  350  JSR   -6.2  loss 4.1453  logE[PER] -3.180  P_det_soft 0.9653  (28s)
  step  375  JSR   -6.2  loss 3.8189  logE[PER] -2.859  P_det_soft 0.9602  (30s)
  step  400  JSR   -6.1  loss 3.7362  logE[PER] -2.759  P_det_soft 0.9775  (32s)
  step  425  JSR   -6.1  loss 3.4604  logE[PER] -2.500  P_det_soft 0.9607  (34s)
  step  450  JSR   -5.9  loss 4.4105  logE[PER] -3.459  P_det_soft 0.9510  (36s)
  step  475  JSR   -5.9  loss 4.4341  logE[PER] -3.465  P_det_soft 0.9695  (38s)
  step  500  JSR   -5.9  loss 3.6052  logE[PER] -2.665  P_det_soft 0.9400  (40s)
  step  525  JSR   -5.8  loss 2.4937  logE[PER] -1.545  P_det_soft 0.9492  (42s)
  step  550  JSR   -5.8  loss 3.7123  logE[PER] -2.750  P_det_soft 0.9619  (44s)
  step  575  JSR   -5.7  loss 2.6644  logE[PER] -1.714  P_det_soft 0.9504  (46s)
  step  600  JSR   -5.6  loss 2.6532  logE[PER] -1.694  P_det_soft 0.9594  (48s)
  step  625  JSR   -5.6  loss 3.0336  logE[PER] -2.071  P_det_soft 0.9626  (50s)
  step  650  JSR   -5.6  loss 2.5301  logE[PER] -1.557  P_det_soft 0.9734  (52s)
  step  675  JSR   -5.5  loss 2.6320  logE[PER] -1.684  P_det_soft 0.9482  (54s)
  step  700  JSR   -5.5  loss 3.0465  logE[PER] -2.082  P_det_soft 0.9642  (56s)
  step  725  JSR   -5.5  loss 2.3155  logE[PER] -1.379  P_det_soft 0.9369  (58s)
  step  750  JSR   -5.4  loss 2.9957  logE[PER] -2.074  P_det_soft 0.9221  (60s)
  step  775  JSR   -5.4  loss 3.2874  logE[PER] -2.367  P_det_soft 0.9202  (62s)
  step  800  JSR   -5.4  loss 3.3221  logE[PER] -2.363  P_det_soft 0.9586  (64s)
  step  825  JSR   -5.3  loss 3.0157  logE[PER] -2.076  P_det_soft 0.9396  (66s)
  step  850  JSR   -5.2  loss 2.6020  logE[PER] -1.647  P_det_soft 0.9547  (68s)
  step  875  JSR   -5.2  loss 2.4666  logE[PER] -1.535  P_det_soft 0.9318  (70s)
  step  900  JSR   -5.2  loss 2.9472  logE[PER] -1.994  P_det_soft 0.9534  (72s)
  step  925  JSR   -5.2  loss 3.0020  logE[PER] -2.079  P_det_soft 0.9225  (74s)
  step  950  JSR   -5.1  loss 2.8344  logE[PER] -1.882  P_det_soft 0.9523  (76s)
  step  975  JSR   -5.1  loss 2.7691  logE[PER] -1.786  P_det_soft 0.9827  (78s)
  step 1000  JSR   -5.1  loss 2.5385  logE[PER] -1.588  P_det_soft 0.9505  (80s)
  step 1025  JSR   -5.1  loss 3.2791  logE[PER] -2.372  P_det_soft 0.9075  (82s)
  step 1050  JSR   -5.1  loss 2.8306  logE[PER] -1.910  P_det_soft 0.9202  (84s)
  step 1075  JSR   -5.0  loss 2.6992  logE[PER] -1.808  P_det_soft 0.8911  (86s)
  step 1100  JSR   -5.0  loss 2.7583  logE[PER] -1.803  P_det_soft 0.9556  (88s)
  step 1125  JSR   -5.0  loss 2.2950  logE[PER] -1.345  P_det_soft 0.9497  (90s)
  step 1150  JSR   -5.0  loss 1.9806  logE[PER] -1.031  P_det_soft 0.9492  (92s)
  step 1175  JSR   -4.9  loss 3.3887  logE[PER] -2.428  P_det_soft 0.9610  (94s)
  step 1200  JSR   -4.8  loss 2.5813  logE[PER] -1.618  P_det_soft 0.9632  (96s)
  step 1225  JSR   -4.8  loss 3.6953  logE[PER] -2.743  P_det_soft 0.9525  (98s)
  step 1250  JSR   -4.8  loss 2.1975  logE[PER] -1.225  P_det_soft 0.9729  (100s)
  step 1275  JSR   -4.8  loss 2.8131  logE[PER] -1.856  P_det_soft 0.9575  (102s)
  step 1300  JSR   -4.8  loss 2.3448  logE[PER] -1.386  P_det_soft 0.9584  (104s)
  step 1325  JSR   -4.7  loss 2.7978  logE[PER] -1.852  P_det_soft 0.9454  (106s)
  step 1350  JSR   -4.7  loss 2.4640  logE[PER] -1.520  P_det_soft 0.9438  (108s)
  step 1375  JSR   -4.7  loss 2.1646  logE[PER] -1.209  P_det_soft 0.9559  (109s)
  step 1400  JSR   -4.7  loss 2.9648  logE[PER] -2.008  P_det_soft 0.9569  (111s)
  step 1425  JSR   -4.6  loss 2.8162  logE[PER] -1.856  P_det_soft 0.9599  (113s)
  step 1450  JSR   -4.6  loss 2.4092  logE[PER] -1.455  P_det_soft 0.9538  (115s)
  step 1475  JSR   -4.6  loss 3.0214  logE[PER] -2.079  P_det_soft 0.9419  (117s)
  step 1500  JSR   -4.5  loss 3.1929  logE[PER] -2.226  P_det_soft 0.9669  (119s)
  step 1525  JSR   -4.5  loss 3.0170  logE[PER] -2.074  P_det_soft 0.9429  (121s)
  step 1550  JSR   -4.5  loss 3.6888  logE[PER] -2.769  P_det_soft 0.9199  (123s)
  step 1575  JSR   -4.5  loss 2.5113  logE[PER] -1.547  P_det_soft 0.9642  (125s)
  step 1600  JSR   -4.4  loss 2.4661  logE[PER] -1.520  P_det_soft 0.9462  (127s)
  step 1625  JSR   -4.4  loss 2.3639  logE[PER] -1.386  P_det_soft 0.9780  (129s)
  step 1650  JSR   -4.4  loss 1.9086  logE[PER] -0.935  P_det_soft 0.9737  (131s)
  step 1675  JSR   -4.4  loss 2.3523  logE[PER] -1.386  P_det_soft 0.9659  (133s)
  step 1700  JSR   -4.4  loss 2.0388  logE[PER] -1.067  P_det_soft 0.9718  (135s)
  step 1725  JSR   -4.3  loss 2.2446  logE[PER] -1.274  P_det_soft 0.9710  (137s)
  step 1750  JSR   -4.3  loss 3.3300  logE[PER] -2.361  P_det_soft 0.9690  (139s)
  step 1775  JSR   -4.3  loss 2.6220  logE[PER] -1.674  P_det_soft 0.9481  (141s)
  step 1800  JSR   -4.2  loss 2.1172  logE[PER] -1.163  P_det_soft 0.9541  (143s)
  step 1825  JSR   -4.2  loss 1.9431  logE[PER] -0.984  P_det_soft 0.9594  (145s)
  step 1850  JSR   -4.2  loss 2.5952  logE[PER] -1.650  P_det_soft 0.9451  (147s)
  step 1875  JSR   -4.2  loss 2.1165  logE[PER] -1.161  P_det_soft 0.9551  (149s)
  step 1900  JSR   -4.1  loss 2.1714  logE[PER] -1.218  P_det_soft 0.9537  (151s)
  step 1925  JSR   -4.1  loss 2.4905  logE[PER] -1.544  P_det_soft 0.9464  (153s)
  step 1950  JSR   -4.1  loss 2.4200  logE[PER] -1.475  P_det_soft 0.9452  (155s)
  step 1975  JSR   -4.0  loss 2.8056  logE[PER] -1.859  P_det_soft 0.9466  (157s)
  step 2000  JSR   -4.0  loss 2.6089  logE[PER] -1.665  P_det_soft 0.9435  (159s)
  step 2025  JSR   -4.0  loss 2.2116  logE[PER] -1.269  P_det_soft 0.9431  (161s)
  step 2050  JSR   -4.0  loss 2.0358  logE[PER] -1.075  P_det_soft 0.9603  (163s)
  step 2075  JSR   -3.9  loss 1.8795  logE[PER] -0.913  P_det_soft 0.9662  (165s)
  step 2100  JSR   -3.9  loss 2.0353  logE[PER] -1.082  P_det_soft 0.9535  (167s)
  step 2125  JSR   -3.9  loss 2.4877  logE[PER] -1.520  P_det_soft 0.9674  (169s)
  step 2150  JSR   -3.9  loss 2.1868  logE[PER] -1.212  P_det_soft 0.9749  (171s)
  step 2175  JSR   -3.8  loss 2.2134  logE[PER] -1.246  P_det_soft 0.9675  (173s)
  step 2200  JSR   -3.8  loss 2.4034  logE[PER] -1.423  P_det_soft 0.9808  (175s)
  step 2225  JSR   -3.8  loss 2.1286  logE[PER] -1.156  P_det_soft 0.9726  (177s)
  step 2250  JSR   -3.7  loss 2.0544  logE[PER] -1.093  P_det_soft 0.9618  (179s)
  step 2275  JSR   -3.7  loss 2.6318  logE[PER] -1.659  P_det_soft 0.9727  (181s)
  step 2300  JSR   -3.7  loss 2.0293  logE[PER] -1.068  P_det_soft 0.9614  (183s)
  step 2325  JSR   -3.7  loss 3.0374  logE[PER] -2.079  P_det_soft 0.9580  (185s)
  step 2350  JSR   -3.6  loss 2.6431  logE[PER] -1.667  P_det_soft 0.9764  (187s)
  step 2375  JSR   -3.6  loss 2.0213  logE[PER] -1.067  P_det_soft 0.9544  (189s)
  step 2400  JSR   -3.6  loss 2.2974  logE[PER] -1.327  P_det_soft 0.9709  (191s)
  step 2425  JSR   -3.6  loss 2.2253  logE[PER] -1.269  P_det_soft 0.9568  (193s)
  step 2450  JSR   -3.5  loss 2.1234  logE[PER] -1.163  P_det_soft 0.9601  (195s)
  step 2475  JSR   -3.5  loss 2.2680  logE[PER] -1.292  P_det_soft 0.9765  (197s)
  step 2500  JSR   -3.5  loss 2.2624  logE[PER] -1.295  P_det_soft 0.9679  (199s)
  step 2525  JSR   -3.5  loss 2.2019  logE[PER] -1.226  P_det_soft 0.9755  (201s)
  step 2550  JSR   -3.4  loss 1.9588  logE[PER] -0.981  P_det_soft 0.9779  (203s)
  step 2575  JSR   -3.4  loss 2.1377  logE[PER] -1.163  P_det_soft 0.9744  (205s)
  step 2600  JSR   -3.4  loss 2.2233  logE[PER] -1.246  P_det_soft 0.9770  (207s)
  step 2625  JSR   -3.4  loss 1.8628  logE[PER] -0.884  P_det_soft 0.9788  (209s)
  step 2650  JSR   -3.3  loss 1.8819  logE[PER] -0.901  P_det_soft 0.9811  (211s)
  step 2675  JSR   -3.3  loss 2.2999  logE[PER] -1.323  P_det_soft 0.9767  (213s)
  step 2700  JSR   -3.3  loss 1.9723  logE[PER] -0.990  P_det_soft 0.9824  (215s)
  step 2725  JSR   -3.3  loss 2.5060  logE[PER] -1.520  P_det_soft 0.9863  (216s)
  step 2750  JSR   -3.2  loss 1.8807  logE[PER] -0.901  P_det_soft 0.9799  (218s)
  step 2775  JSR   -3.2  loss 2.1424  logE[PER] -1.164  P_det_soft 0.9788  (220s)
  step 2800  JSR   -3.2  loss 2.1433  logE[PER] -1.163  P_det_soft 0.9801  (222s)
  step 2825  JSR   -3.2  loss 1.7688  logE[PER] -0.798  P_det_soft 0.9710  (224s)
  step 2850  JSR   -3.1  loss 1.7484  logE[PER] -0.774  P_det_soft 0.9748  (226s)
  step 2875  JSR   -3.1  loss 2.0308  logE[PER] -1.068  P_det_soft 0.9630  (228s)
  step 2900  JSR   -3.1  loss 2.1513  logE[PER] -1.179  P_det_soft 0.9726  (230s)
  step 2925  JSR   -3.0  loss 1.5524  logE[PER] -0.575  P_det_soft 0.9770  (232s)
  step 2950  JSR   -3.0  loss 1.9526  logE[PER] -0.981  P_det_soft 0.9714  (234s)
  step 2975  JSR   -3.0  loss 1.7158  logE[PER] -0.758  P_det_soft 0.9580  (236s)
  step 3000  JSR   -3.0  loss 2.4307  logE[PER] -1.450  P_det_soft 0.9809  (238s)
  step 3025  JSR   -3.0  loss 2.4854  logE[PER] -1.520  P_det_soft 0.9657  (240s)
  step 3050  JSR   -2.9  loss 1.9795  logE[PER] -1.004  P_det_soft 0.9754  (242s)
  step 3075  JSR   -2.9  loss 2.1358  logE[PER] -1.163  P_det_soft 0.9731  (244s)
  step 3100  JSR   -2.9  loss 2.2212  logE[PER] -1.276  P_det_soft 0.9448  (246s)
  step 3125  JSR   -2.8  loss 1.8442  logE[PER] -0.883  P_det_soft 0.9608  (248s)
  step 3150  JSR   -2.8  loss 1.4587  logE[PER] -0.486  P_det_soft 0.9727  (250s)
  step 3175  JSR   -2.8  loss 1.8701  logE[PER] -0.893  P_det_soft 0.9770  (252s)
  step 3200  JSR   -2.7  loss 2.1353  logE[PER] -1.165  P_det_soft 0.9708  (254s)
  step 3225  JSR   -2.7  loss 2.4880  logE[PER] -1.516  P_det_soft 0.9724  (256s)
  step 3250  JSR   -2.7  loss 1.8787  logE[PER] -0.910  P_det_soft 0.9683  (258s)
  step 3275  JSR   -2.6  loss 2.1309  logE[PER] -1.163  P_det_soft 0.9677  (260s)
  step 3300  JSR   -2.6  loss 1.7890  logE[PER] -0.828  P_det_soft 0.9607  (262s)
  step 3325  JSR   -2.6  loss 2.0296  logE[PER] -1.050  P_det_soft 0.9793  (264s)
  step 3350  JSR   -2.6  loss 2.0441  logE[PER] -1.068  P_det_soft 0.9762  (266s)
  step 3375  JSR   -2.5  loss 2.4632  logE[PER] -1.481  P_det_soft 0.9818  (268s)
  step 3400  JSR   -2.5  loss 1.6607  logE[PER] -0.693  P_det_soft 0.9675  (270s)
  step 3425  JSR   -2.5  loss 2.3715  logE[PER] -1.386  P_det_soft 0.9852  (272s)
  step 3450  JSR   -2.4  loss 1.7068  logE[PER] -0.735  P_det_soft 0.9723  (274s)
  step 3475  JSR   -2.4  loss 1.7580  logE[PER] -0.777  P_det_soft 0.9809  (276s)
  step 3500  JSR   -2.4  loss 1.9139  logE[PER] -0.932  P_det_soft 0.9815  (278s)
  step 3525  JSR   -2.3  loss 2.1550  logE[PER] -1.175  P_det_soft 0.9798  (280s)
  step 3550  JSR   -2.3  loss 2.0482  logE[PER] -1.068  P_det_soft 0.9803  (282s)
  step 3575  JSR   -2.3  loss 2.1464  logE[PER] -1.163  P_det_soft 0.9836  (284s)
  step 3600  JSR   -2.3  loss 2.0387  logE[PER] -1.059  P_det_soft 0.9793  (286s)
  step 3625  JSR   -2.2  loss 1.7412  logE[PER] -0.757  P_det_soft 0.9837  (288s)
  step 3650  JSR   -2.2  loss 1.5032  logE[PER] -0.521  P_det_soft 0.9819  (290s)
  step 3675  JSR   -2.2  loss 1.7351  logE[PER] -0.753  P_det_soft 0.9822  (292s)
  step 3700  JSR   -2.2  loss 2.0455  logE[PER] -1.068  P_det_soft 0.9777  (294s)
  step 3725  JSR   -2.1  loss 1.6180  logE[PER] -0.632  P_det_soft 0.9860  (296s)
  step 3750  JSR   -2.1  loss 1.6916  logE[PER] -0.708  P_det_soft 0.9835  (298s)
  step 3775  JSR   -2.1  loss 1.8781  logE[PER] -0.901  P_det_soft 0.9773  (300s)
  step 3800  JSR   -2.0  loss 2.0565  logE[PER] -1.068  P_det_soft 0.9887  (302s)
  step 3825  JSR   -2.0  loss 1.7258  logE[PER] -0.746  P_det_soft 0.9796  (304s)
  step 3850  JSR   -1.9  loss 2.2505  logE[PER] -1.261  P_det_soft 0.9891  (306s)
  step 3875  JSR   -1.9  loss 1.8069  logE[PER] -0.827  P_det_soft 0.9803  (308s)
  step 3900  JSR   -1.9  loss 1.8792  logE[PER] -0.901  P_det_soft 0.9784  (310s)
  step 3925  JSR   -1.8  loss 1.8316  logE[PER] -0.852  P_det_soft 0.9799  (312s)
  step 3950  JSR   -1.8  loss 1.7226  logE[PER] -0.736  P_det_soft 0.9863  (314s)
  step 3975  JSR   -1.8  loss 1.6152  logE[PER] -0.633  P_det_soft 0.9827  (316s)
  step 3999  JSR   -1.7  loss 1.7464  logE[PER] -0.756  P_det_soft 0.9900  (317s)
wrote task13_G.pt, task13.json  (tag spec_cnn_b1)
