node: tikgpu04.ee.ethz.ch | gpu: NVIDIA TITAN RTX
task 0 = {'target': None, 'beta': 0.0}  (tag eff, 128 frames/step, JSR band (-32.0, 0.0))
  step    0  JSR  -20.6  loss 3095.6083  logE[BER] -3095.608  P_det_soft 0.0000  (1s)
  step   25  JSR  -30.4  loss 2970.1094  logE[BER] -2970.109  P_det_soft 0.0000  (2s)
  step   50  JSR   -4.2  loss 5.5642  logE[BER] -5.564  P_det_soft 0.0000  (2s)
  step   75  JSR  -15.4  loss 103.3425  logE[BER] -103.343  P_det_soft 0.0000  (3s)
  step  100  JSR   -5.6  loss 5.5640  logE[BER] -5.564  P_det_soft 0.0000  (3s)
  step  125  JSR  -24.5  loss 2030.1598  logE[BER] -2030.160  P_det_soft 0.0000  (4s)
  step  150  JSR   -1.5  loss 4.8242  logE[BER] -4.824  P_det_soft 0.0000  (4s)
  step  175  JSR  -19.0  loss 664.2391  logE[BER] -664.239  P_det_soft 0.0000  (5s)
  step  200  JSR  -14.9  loss 10.3917  logE[BER] -10.392  P_det_soft 0.0000  (5s)
  step  225  JSR  -30.6  loss 2840.0983  logE[BER] -2840.098  P_det_soft 0.0000  (6s)
  step  250  JSR   -2.5  loss 4.8360  logE[BER] -4.836  P_det_soft 0.0000  (6s)
  step  275  JSR   -9.9  loss 6.8738  logE[BER] -6.874  P_det_soft 0.0000  (7s)
  step  300  JSR  -21.7  loss 1097.2079  logE[BER] -1097.208  P_det_soft 0.0000  (7s)
  step  325  JSR  -22.6  loss 1508.0986  logE[BER] -1508.099  P_det_soft 0.0000  (8s)
  step  350  JSR  -18.3  loss 842.1168  logE[BER] -842.117  P_det_soft 0.0000  (8s)
  step  375  JSR  -19.2  loss 568.2404  logE[BER] -568.240  P_det_soft 0.0000  (9s)
  step  400  JSR  -29.0  loss 2453.7961  logE[BER] -2453.796  P_det_soft 0.0000  (9s)
  step  425  JSR  -20.5  loss 989.5536  logE[BER] -989.554  P_det_soft 0.0000  (10s)
  step  450  JSR   -8.9  loss 6.2691  logE[BER] -6.269  P_det_soft 0.0000  (10s)
  step  475  JSR  -27.8  loss 2383.7859  logE[BER] -2383.786  P_det_soft 0.0000  (11s)
  step  500  JSR  -19.0  loss 330.0970  logE[BER] -330.097  P_det_soft 0.0000  (12s)
  step  525  JSR  -21.3  loss 1047.5739  logE[BER] -1047.574  P_det_soft 0.0000  (12s)
  step  550  JSR   -1.6  loss 4.9397  logE[BER] -4.940  P_det_soft 0.0000  (13s)
  step  575  JSR  -22.9  loss 1337.3197  logE[BER] -1337.320  P_det_soft 0.0000  (13s)
  step  600  JSR  -22.2  loss 1222.3413  logE[BER] -1222.341  P_det_soft 0.0000  (14s)
  step  625  JSR  -28.3  loss 2187.9577  logE[BER] -2187.958  P_det_soft 0.0000  (14s)
  step  650  JSR  -13.0  loss 7.5035  logE[BER] -7.503  P_det_soft 0.0000  (15s)
  step  675  JSR  -10.0  loss 6.5966  logE[BER] -6.597  P_det_soft 0.0000  (15s)
  step  700  JSR  -14.0  loss 8.6373  logE[BER] -8.637  P_det_soft 0.0000  (16s)
  step  725  JSR   -6.7  loss 5.8882  logE[BER] -5.888  P_det_soft 0.0000  (16s)
  step  750  JSR   -9.1  loss 6.2556  logE[BER] -6.256  P_det_soft 0.0000  (17s)
  step  775  JSR  -12.7  loss 7.5187  logE[BER] -7.519  P_det_soft 0.0000  (17s)
  step  800  JSR  -26.9  loss 1880.3177  logE[BER] -1880.318  P_det_soft 0.0000  (18s)
  step  825  JSR  -30.8  loss 2442.6522  logE[BER] -2442.652  P_det_soft 0.0000  (18s)
  step  850  JSR  -28.3  loss 2242.3412  logE[BER] -2242.341  P_det_soft 0.0000  (19s)
  step  875  JSR  -25.1  loss 1797.3604  logE[BER] -1797.360  P_det_soft 0.0000  (19s)
  step  900  JSR  -30.5  loss 2788.1616  logE[BER] -2788.162  P_det_soft 0.0000  (20s)
  step  925  JSR   -2.8  loss 5.2023  logE[BER] -5.202  P_det_soft 0.0000  (20s)
  step  950  JSR   -8.2  loss 6.0733  logE[BER] -6.073  P_det_soft 0.0000  (21s)
  step  975  JSR  -11.8  loss 7.0056  logE[BER] -7.006  P_det_soft 0.0000  (21s)
  step 1000  JSR   -0.2  loss 4.4364  logE[BER] -4.436  P_det_soft 0.0000  (22s)
  step 1025  JSR  -24.4  loss 1495.0645  logE[BER] -1495.065  P_det_soft 0.0000  (23s)
  step 1050  JSR  -14.6  loss 8.7622  logE[BER] -8.762  P_det_soft 0.0000  (23s)
  step 1075  JSR  -29.0  loss 2185.6504  logE[BER] -2185.650  P_det_soft 0.0000  (24s)
  step 1100  JSR  -16.3  loss 10.3974  logE[BER] -10.397  P_det_soft 0.0000  (24s)
  step 1125  JSR   -0.8  loss 4.7156  logE[BER] -4.716  P_det_soft 0.0000  (25s)
  step 1150  JSR   -3.6  loss 5.3243  logE[BER] -5.324  P_det_soft 0.0000  (25s)
  step 1175  JSR  -23.7  loss 1240.7512  logE[BER] -1240.751  P_det_soft 0.0000  (26s)
  step 1200  JSR  -24.5  loss 1320.6684  logE[BER] -1320.668  P_det_soft 0.0000  (26s)
  step 1225  JSR   -5.2  loss 5.7157  logE[BER] -5.716  P_det_soft 0.0000  (27s)
  step 1250  JSR   -4.6  loss 5.4587  logE[BER] -5.459  P_det_soft 0.0000  (27s)
  step 1275  JSR   -5.8  loss 5.7082  logE[BER] -5.708  P_det_soft 0.0000  (28s)
  step 1300  JSR   -0.8  loss 4.7322  logE[BER] -4.732  P_det_soft 0.0000  (28s)
  step 1325  JSR   -2.6  loss 5.2268  logE[BER] -5.227  P_det_soft 0.0000  (29s)
  step 1350  JSR   -8.1  loss 6.1982  logE[BER] -6.198  P_det_soft 0.0000  (29s)
  step 1375  JSR   -0.8  loss 4.6289  logE[BER] -4.629  P_det_soft 0.0000  (30s)
  step 1400  JSR  -13.3  loss 7.5033  logE[BER] -7.503  P_det_soft 0.0000  (30s)
  step 1425  JSR   -1.9  loss 4.9884  logE[BER] -4.988  P_det_soft 0.0000  (31s)
  step 1450  JSR  -23.2  loss 857.8729  logE[BER] -857.873  P_det_soft 0.0000  (31s)
  step 1475  JSR  -16.2  loss 10.6330  logE[BER] -10.633  P_det_soft 0.0000  (32s)
  step 1500  JSR   -8.5  loss 6.1382  logE[BER] -6.138  P_det_soft 0.0000  (33s)
  step 1525  JSR  -18.5  loss 83.4406  logE[BER] -83.441  P_det_soft 0.0000  (33s)
  step 1550  JSR  -30.1  loss 2246.2875  logE[BER] -2246.287  P_det_soft 0.0000  (34s)
  step 1575  JSR  -11.2  loss 6.6104  logE[BER] -6.610  P_det_soft 0.0000  (34s)
  step 1600  JSR   -8.5  loss 6.0076  logE[BER] -6.008  P_det_soft 0.0000  (35s)
  step 1625  JSR  -22.0  loss 967.5916  logE[BER] -967.592  P_det_soft 0.0000  (35s)
  step 1650  JSR  -30.1  loss 2517.5457  logE[BER] -2517.546  P_det_soft 0.0000  (36s)
  step 1675  JSR  -10.0  loss 6.5507  logE[BER] -6.551  P_det_soft 0.0000  (36s)
  step 1700  JSR  -31.9  loss 2651.5862  logE[BER] -2651.586  P_det_soft 0.0000  (37s)
  step 1725  JSR   -8.0  loss 6.0201  logE[BER] -6.020  P_det_soft 0.0000  (37s)
  step 1750  JSR  -14.4  loss 8.3261  logE[BER] -8.326  P_det_soft 0.0000  (38s)
  step 1775  JSR   -2.8  loss 4.9133  logE[BER] -4.913  P_det_soft 0.0000  (38s)
  step 1800  JSR   -4.9  loss 5.4003  logE[BER] -5.400  P_det_soft 0.0000  (39s)
  step 1825  JSR  -24.9  loss 1829.5568  logE[BER] -1829.557  P_det_soft 0.0000  (39s)
  step 1850  JSR  -15.1  loss 8.3388  logE[BER] -8.339  P_det_soft 0.0000  (40s)
  step 1875  JSR   -5.5  loss 5.3964  logE[BER] -5.396  P_det_soft 0.0000  (40s)
  step 1900  JSR  -21.5  loss 609.8835  logE[BER] -609.883  P_det_soft 0.0000  (41s)
  step 1925  JSR  -15.2  loss 8.4574  logE[BER] -8.457  P_det_soft 0.0000  (41s)
  step 1950  JSR  -16.2  loss 9.9155  logE[BER] -9.916  P_det_soft 0.0000  (42s)
  step 1975  JSR  -10.8  loss 6.5198  logE[BER] -6.520  P_det_soft 0.0000  (43s)
  step 2000  JSR   -6.3  loss 5.6484  logE[BER] -5.648  P_det_soft 0.0000  (43s)
  step 2025  JSR   -1.8  loss 4.7869  logE[BER] -4.787  P_det_soft 0.0000  (44s)
  step 2050  JSR  -30.1  loss 1755.3470  logE[BER] -1755.347  P_det_soft 0.0000  (44s)
  step 2075  JSR  -28.1  loss 1790.8081  logE[BER] -1790.808  P_det_soft 0.0000  (45s)
  step 2100  JSR   -8.3  loss 6.0021  logE[BER] -6.002  P_det_soft 0.0000  (45s)
  step 2125  JSR  -17.6  loss 10.3972  logE[BER] -10.397  P_det_soft 0.0000  (46s)
  step 2150  JSR   -3.6  loss 5.0666  logE[BER] -5.067  P_det_soft 0.0000  (46s)
  step 2175  JSR  -29.3  loss 2214.2410  logE[BER] -2214.241  P_det_soft 0.0000  (47s)
  step 2200  JSR  -16.9  loss 8.7964  logE[BER] -8.796  P_det_soft 0.0000  (47s)
  step 2225  JSR   -3.0  loss 5.0594  logE[BER] -5.059  P_det_soft 0.0000  (48s)
  step 2250  JSR   -1.6  loss 4.8925  logE[BER] -4.893  P_det_soft 0.0000  (48s)
  step 2275  JSR  -30.9  loss 2319.5071  logE[BER] -2319.507  P_det_soft 0.0000  (49s)
  step 2300  JSR  -15.8  loss 8.4014  logE[BER] -8.401  P_det_soft 0.0000  (49s)
  step 2325  JSR  -17.4  loss 9.7423  logE[BER] -9.742  P_det_soft 0.0000  (50s)
  step 2350  JSR   -4.6  loss 5.3616  logE[BER] -5.362  P_det_soft 0.0000  (50s)
  step 2375  JSR   -1.1  loss 4.7324  logE[BER] -4.732  P_det_soft 0.0000  (51s)
  step 2400  JSR  -19.7  loss 139.8031  logE[BER] -139.803  P_det_soft 0.0000  (51s)
  step 2425  JSR   -2.9  loss 4.9918  logE[BER] -4.992  P_det_soft 0.0000  (52s)
  step 2450  JSR  -26.1  loss 1405.4835  logE[BER] -1405.484  P_det_soft 0.0000  (53s)
  step 2475  JSR   -3.1  loss 5.0516  logE[BER] -5.052  P_det_soft 0.0000  (53s)
  step 2500  JSR  -15.7  loss 8.1952  logE[BER] -8.195  P_det_soft 0.0000  (54s)
  step 2525  JSR  -15.1  loss 7.2737  logE[BER] -7.274  P_det_soft 0.0000  (54s)
  step 2550  JSR  -18.3  loss 10.8469  logE[BER] -10.847  P_det_soft 0.0000  (55s)
  step 2575  JSR  -28.4  loss 1702.0970  logE[BER] -1702.097  P_det_soft 0.0000  (55s)
  step 2600  JSR   -7.2  loss 5.4733  logE[BER] -5.473  P_det_soft 0.0000  (56s)
  step 2625  JSR  -13.6  loss 6.7574  logE[BER] -6.757  P_det_soft 0.0000  (56s)
  step 2650  JSR   -1.4  loss 4.7558  logE[BER] -4.756  P_det_soft 0.0000  (57s)
  step 2675  JSR  -19.5  loss 10.3972  logE[BER] -10.397  P_det_soft 0.0000  (57s)
  step 2700  JSR   -3.8  loss 5.1738  logE[BER] -5.174  P_det_soft 0.0000  (58s)
  step 2725  JSR   -6.6  loss 5.4782  logE[BER] -5.478  P_det_soft 0.0000  (58s)
  step 2750  JSR  -30.1  loss 2249.3056  logE[BER] -2249.306  P_det_soft 0.0000  (59s)
  step 2775  JSR  -18.5  loss 16.3490  logE[BER] -16.349  P_det_soft 0.0000  (59s)
  step 2800  JSR   -3.0  loss 5.1279  logE[BER] -5.128  P_det_soft 0.0000  (60s)
  step 2825  JSR  -26.6  loss 1159.8627  logE[BER] -1159.863  P_det_soft 0.0000  (60s)
  step 2850  JSR  -21.8  loss 141.8266  logE[BER] -141.827  P_det_soft 0.0000  (61s)
  step 2875  JSR   -0.7  loss 4.5634  logE[BER] -4.563  P_det_soft 0.0000  (62s)
  step 2900  JSR   -7.1  loss 5.4463  logE[BER] -5.446  P_det_soft 0.0000  (62s)
  step 2925  JSR  -22.4  loss 212.5966  logE[BER] -212.597  P_det_soft 0.0000  (63s)
  step 2950  JSR   -5.1  loss 5.2811  logE[BER] -5.281  P_det_soft 0.0000  (63s)
  step 2975  JSR  -10.8  loss 6.2159  logE[BER] -6.216  P_det_soft 0.0000  (64s)
  step 3000  JSR  -28.1  loss 1498.6944  logE[BER] -1498.694  P_det_soft 0.0000  (64s)
  step 3025  JSR  -14.2  loss 6.7217  logE[BER] -6.722  P_det_soft 0.0000  (65s)
  step 3050  JSR   -4.9  loss 5.1830  logE[BER] -5.183  P_det_soft 0.0000  (65s)
  step 3075  JSR  -28.2  loss 1408.2632  logE[BER] -1408.263  P_det_soft 0.0000  (66s)
  step 3100  JSR   -6.5  loss 5.5310  logE[BER] -5.531  P_det_soft 0.0000  (66s)
  step 3125  JSR  -28.9  loss 1697.5843  logE[BER] -1697.584  P_det_soft 0.0000  (67s)
  step 3150  JSR   -8.6  loss 5.7568  logE[BER] -5.757  P_det_soft 0.0000  (67s)
  step 3175  JSR  -12.2  loss 6.1593  logE[BER] -6.159  P_det_soft 0.0000  (68s)
  step 3200  JSR  -12.8  loss 6.3192  logE[BER] -6.319  P_det_soft 0.0000  (68s)
  step 3225  JSR   -8.3  loss 5.7795  logE[BER] -5.780  P_det_soft 0.0000  (69s)
  step 3250  JSR   -2.5  loss 4.7836  logE[BER] -4.784  P_det_soft 0.0000  (69s)
  step 3275  JSR  -28.7  loss 1221.8255  logE[BER] -1221.825  P_det_soft 0.0000  (70s)
  step 3300  JSR  -19.7  loss 9.3712  logE[BER] -9.371  P_det_soft 0.0000  (71s)
  step 3325  JSR  -10.8  loss 6.0324  logE[BER] -6.032  P_det_soft 0.0000  (71s)
  step 3350  JSR  -14.3  loss 6.7254  logE[BER] -6.725  P_det_soft 0.0000  (72s)
  step 3375  JSR  -21.6  loss 49.1871  logE[BER] -49.187  P_det_soft 0.0000  (72s)
  step 3400  JSR  -14.7  loss 6.8537  logE[BER] -6.854  P_det_soft 0.0000  (73s)
  step 3425  JSR   -7.5  loss 5.4850  logE[BER] -5.485  P_det_soft 0.0000  (73s)
  step 3450  JSR  -21.4  loss 26.2080  logE[BER] -26.208  P_det_soft 0.0000  (74s)
  step 3475  JSR  -11.7  loss 5.9279  logE[BER] -5.928  P_det_soft 0.0000  (74s)
  step 3500  JSR   -6.6  loss 5.4159  logE[BER] -5.416  P_det_soft 0.0000  (75s)
  step 3525  JSR   -1.6  loss 4.6448  logE[BER] -4.645  P_det_soft 0.0000  (75s)
  step 3550  JSR  -29.7  loss 1776.6945  logE[BER] -1776.695  P_det_soft 0.0000  (76s)
  step 3575  JSR  -13.7  loss 6.1862  logE[BER] -6.186  P_det_soft 0.0000  (76s)
  step 3600  JSR  -30.4  loss 1625.6979  logE[BER] -1625.698  P_det_soft 0.0000  (77s)
  step 3625  JSR  -18.2  loss 8.0953  logE[BER] -8.095  P_det_soft 0.0000  (77s)
  step 3650  JSR  -28.8  loss 1473.5168  logE[BER] -1473.517  P_det_soft 0.0000  (78s)
  step 3675  JSR   -1.0  loss 4.6943  logE[BER] -4.694  P_det_soft 0.0000  (78s)
  step 3700  JSR  -18.4  loss 8.1465  logE[BER] -8.147  P_det_soft 0.0000  (79s)
  step 3725  JSR  -15.5  loss 6.8447  logE[BER] -6.845  P_det_soft 0.0000  (79s)
  step 3750  JSR  -31.6  loss 1863.9530  logE[BER] -1863.953  P_det_soft 0.0000  (80s)
  step 3775  JSR  -28.1  loss 1344.4402  logE[BER] -1344.440  P_det_soft 0.0000  (81s)
  step 3800  JSR  -29.6  loss 1508.1429  logE[BER] -1508.143  P_det_soft 0.0000  (81s)
  step 3825  JSR  -27.5  loss 921.5032  logE[BER] -921.503  P_det_soft 0.0000  (82s)
  step 3850  JSR  -19.9  loss 8.2748  logE[BER] -8.275  P_det_soft 0.0000  (82s)
  step 3875  JSR  -26.2  loss 826.2138  logE[BER] -826.214  P_det_soft 0.0000  (83s)
  step 3900  JSR  -13.3  loss 6.3336  logE[BER] -6.334  P_det_soft 0.0000  (83s)
  step 3925  JSR  -19.8  loss 8.5682  logE[BER] -8.568  P_det_soft 0.0000  (84s)
  step 3950  JSR  -20.4  loss 9.6916  logE[BER] -9.692  P_det_soft 0.0000  (84s)
  step 3975  JSR  -16.2  loss 7.0404  logE[BER] -7.040  P_det_soft 0.0000  (85s)
  step 3999  JSR  -10.0  loss 5.7369  logE[BER] -5.737  P_det_soft 0.0000  (85s)
wrote task0_G.pt, task0.json  (tag eff)
