node: artongpu01.ee.ethz.ch | gpu: NVIDIA GeForce RTX 2080 Ti
task 13 = {'target': 'spec_cnn', 'beta': 1.0}  (tag spec_cnn_b1, 32 frames/step, JSR band (-48.0, -16.0))
  target spec_cnn: threshold -3.17573, clean-frame std 0.982227 (soft_pdet width)
  step    0  JSR  -35.6  loss 3848.5607  logE[BER] -3848.215  P_det_soft 0.3461  (1s)
  step   25  JSR  -17.2  loss 484.2550  logE[BER] -483.257  P_det_soft 0.9984  (3s)
  step   50  JSR  -25.8  loss 2359.4128  logE[BER] -2358.554  P_det_soft 0.8592  (6s)
  step   75  JSR  -32.4  loss 3104.6563  logE[BER] -3104.281  P_det_soft 0.3756  (8s)
  step  100  JSR  -21.8  loss 1374.7315  logE[BER] -1373.739  P_det_soft 0.9924  (11s)
  step  125  JSR  -34.6  loss 3271.4244  logE[BER] -3271.174  P_det_soft 0.2500  (14s)
  step  150  JSR  -26.3  loss 2247.8190  logE[BER] -2247.012  P_det_soft 0.8067  (16s)
  step  175  JSR  -42.2  loss 3648.0233  logE[BER] -3647.874  P_det_soft 0.1491  (19s)
  step  200  JSR  -35.3  loss 3278.0299  logE[BER] -3277.831  P_det_soft 0.1992  (21s)
  step  225  JSR  -27.1  loss 2276.2933  logE[BER] -2275.569  P_det_soft 0.7244  (24s)
  step  250  JSR  -16.4  loss 151.3662  logE[BER] -150.368  P_det_soft 0.9982  (26s)
  step  275  JSR  -27.9  loss 2429.0309  logE[BER] -2428.387  P_det_soft 0.6443  (29s)
  step  300  JSR  -30.3  loss 2651.9462  logE[BER] -2651.509  P_det_soft 0.4375  (32s)
  step  325  JSR  -36.9  loss 3432.5672  logE[BER] -3432.329  P_det_soft 0.2380  (34s)
  step  350  JSR  -29.2  loss 2434.5303  logE[BER] -2434.043  P_det_soft 0.4874  (37s)
  step  375  JSR  -26.7  loss 1767.9138  logE[BER] -1767.237  P_det_soft 0.6763  (39s)
  step  400  JSR  -39.8  loss 3453.8711  logE[BER] -3453.681  P_det_soft 0.1904  (42s)
  step  425  JSR  -47.0  loss 3768.5625  logE[BER] -3768.362  P_det_soft 0.2007  (44s)
  step  450  JSR  -16.3  loss 9.3108  logE[BER] -8.312  P_det_soft 0.9985  (47s)
  step  475  JSR  -28.1  loss 2432.3179  logE[BER] -2431.767  P_det_soft 0.5507  (49s)
  step  500  JSR  -40.3  loss 3413.5059  logE[BER] -3413.308  P_det_soft 0.1979  (52s)
  step  525  JSR  -45.0  loss 3647.9962  logE[BER] -3647.816  P_det_soft 0.1798  (55s)
  step  550  JSR  -28.6  loss 2017.3104  logE[BER] -2016.701  P_det_soft 0.6096  (57s)
  step  575  JSR  -20.3  loss 119.7268  logE[BER] -118.740  P_det_soft 0.9871  (60s)
  step  600  JSR  -28.1  loss 1880.5231  logE[BER] -1880.006  P_det_soft 0.5167  (62s)
  step  625  JSR  -35.3  loss 2891.9496  logE[BER] -2891.779  P_det_soft 0.1710  (65s)
  step  650  JSR  -22.7  loss 777.6535  logE[BER] -776.704  P_det_soft 0.9496  (67s)
  step  675  JSR  -36.5  loss 3351.7575  logE[BER] -3351.550  P_det_soft 0.2071  (70s)
  step  700  JSR  -43.3  loss 3706.8155  logE[BER] -3706.653  P_det_soft 0.1624  (73s)
  step  725  JSR  -39.0  loss 3379.1001  logE[BER] -3378.943  P_det_soft 0.1567  (75s)
  step  750  JSR  -16.9  loss 8.8792  logE[BER] -7.882  P_det_soft 0.9974  (78s)
  step  775  JSR  -24.5  loss 772.8257  logE[BER] -772.098  P_det_soft 0.7275  (80s)
  step  800  JSR  -39.7  loss 3232.7661  logE[BER] -3232.611  P_det_soft 0.1551  (83s)
  step  825  JSR  -45.5  loss 3717.8770  logE[BER] -3717.733  P_det_soft 0.1436  (85s)
  step  850  JSR  -30.8  loss 2284.7084  logE[BER] -2284.372  P_det_soft 0.3364  (88s)
  step  875  JSR  -47.1  loss 3734.9741  logE[BER] -3734.839  P_det_soft 0.1349  (91s)
  step  900  JSR  -20.8  loss 328.3841  logE[BER] -327.390  P_det_soft 0.9943  (93s)
  step  925  JSR  -45.3  loss 3598.5633  logE[BER] -3598.399  P_det_soft 0.1645  (96s)
  step  950  JSR  -40.3  loss 3302.4692  logE[BER] -3302.254  P_det_soft 0.2157  (98s)
  step  975  JSR  -34.7  loss 2632.0346  logE[BER] -2631.805  P_det_soft 0.2297  (101s)
  step 1000  JSR  -38.3  loss 3116.0528  logE[BER] -3115.846  P_det_soft 0.2073  (103s)
  step 1025  JSR  -34.7  loss 2649.0656  logE[BER] -2648.867  P_det_soft 0.1987  (106s)
  step 1050  JSR  -19.6  loss 9.5061  logE[BER] -8.518  P_det_soft 0.9879  (109s)
  step 1075  JSR  -35.3  loss 2714.5504  logE[BER] -2714.334  P_det_soft 0.2168  (111s)
  step 1100  JSR  -30.8  loss 1778.8984  logE[BER] -1778.642  P_det_soft 0.2566  (114s)
  step 1125  JSR  -32.1  loss 2189.6751  logE[BER] -2189.403  P_det_soft 0.2718  (116s)
  step 1150  JSR  -29.3  loss 1693.0233  logE[BER] -1692.654  P_det_soft 0.3698  (119s)
  step 1175  JSR  -30.1  loss 1559.1342  logE[BER] -1558.878  P_det_soft 0.2561  (121s)
  step 1200  JSR  -22.9  loss 118.9382  logE[BER] -118.121  P_det_soft 0.8177  (124s)
  step 1225  JSR  -26.4  loss 744.8740  logE[BER] -744.431  P_det_soft 0.4431  (127s)
  step 1250  JSR  -42.0  loss 3295.5236  logE[BER] -3295.338  P_det_soft 0.1859  (129s)
  step 1275  JSR  -22.3  loss 9.6053  logE[BER] -8.928  P_det_soft 0.6769  (132s)
  step 1300  JSR  -41.7  loss 3228.4160  logE[BER] -3228.172  P_det_soft 0.2438  (134s)
  step 1325  JSR  -22.7  loss 41.7768  logE[BER] -41.117  P_det_soft 0.6599  (137s)
  step 1350  JSR  -26.2  loss 472.8473  logE[BER] -472.533  P_det_soft 0.3147  (139s)
  step 1375  JSR  -32.5  loss 1864.3283  logE[BER] -1864.138  P_det_soft 0.1900  (142s)
  step 1400  JSR  -27.4  loss 786.0020  logE[BER] -785.584  P_det_soft 0.4175  (145s)
  step 1425  JSR  -21.9  loss 8.2151  logE[BER] -7.480  P_det_soft 0.7348  (147s)
  step 1450  JSR  -43.7  loss 3318.1448  logE[BER] -3317.957  P_det_soft 0.1880  (150s)
  step 1475  JSR  -16.6  loss 7.0028  logE[BER] -6.015  P_det_soft 0.9876  (152s)
  step 1500  JSR  -46.1  loss 3470.0051  logE[BER] -3469.860  P_det_soft 0.1450  (155s)
  step 1525  JSR  -21.4  loss 7.3571  logE[BER] -6.780  P_det_soft 0.5773  (157s)
  step 1550  JSR  -25.3  loss 187.1199  logE[BER] -186.818  P_det_soft 0.3019  (160s)
  step 1575  JSR  -17.1  loss 6.9185  logE[BER] -5.966  P_det_soft 0.9522  (163s)
  step 1600  JSR  -44.0  loss 3356.2520  logE[BER] -3356.064  P_det_soft 0.1884  (165s)
  step 1625  JSR  -36.7  loss 2506.4042  logE[BER] -2506.245  P_det_soft 0.1596  (168s)
  step 1650  JSR  -24.0  loss 70.1755  logE[BER] -69.770  P_det_soft 0.4060  (170s)
  step 1675  JSR  -18.9  loss 7.0251  logE[BER] -6.178  P_det_soft 0.8473  (173s)
  step 1700  JSR  -30.4  loss 1298.8753  logE[BER] -1298.685  P_det_soft 0.1907  (175s)
  step 1725  JSR  -44.3  loss 3339.5065  logE[BER] -3339.364  P_det_soft 0.1426  (178s)
  step 1750  JSR  -25.4  loss 240.7018  logE[BER] -240.379  P_det_soft 0.3231  (181s)
  step 1775  JSR  -29.3  loss 1014.7356  logE[BER] -1014.546  P_det_soft 0.1891  (183s)
  step 1800  JSR  -25.1  loss 116.2365  logE[BER] -115.843  P_det_soft 0.3934  (186s)
  step 1825  JSR  -25.6  loss 239.1101  logE[BER] -238.832  P_det_soft 0.2780  (188s)
  step 1850  JSR  -26.4  loss 377.9816  logE[BER] -377.797  P_det_soft 0.1843  (191s)
  step 1875  JSR  -44.0  loss 3294.3052  logE[BER] -3294.135  P_det_soft 0.1701  (193s)
  step 1900  JSR  -37.0  loss 2501.1447  logE[BER] -2500.970  P_det_soft 0.1748  (196s)
  step 1925  JSR  -46.3  loss 3447.9048  logE[BER] -3447.724  P_det_soft 0.1803  (199s)
  step 1950  JSR  -47.3  loss 3513.4894  logE[BER] -3513.268  P_det_soft 0.2210  (201s)
  step 1975  JSR  -29.0  loss 913.4761  logE[BER] -913.236  P_det_soft 0.2399  (204s)
  step 2000  JSR  -29.2  loss 898.4644  logE[BER] -898.311  P_det_soft 0.1535  (206s)
  step 2025  JSR  -47.0  loss 3497.9141  logE[BER] -3497.734  P_det_soft 0.1802  (209s)
  step 2050  JSR  -38.3  loss 2704.6406  logE[BER] -2704.512  P_det_soft 0.1286  (211s)
  step 2075  JSR  -33.4  loss 1841.6292  logE[BER] -1841.433  P_det_soft 0.1960  (214s)
  step 2100  JSR  -34.3  loss 2059.4090  logE[BER] -2059.192  P_det_soft 0.2165  (217s)
  step 2125  JSR  -21.4  loss 7.0405  logE[BER] -6.590  P_det_soft 0.4509  (219s)
  step 2150  JSR  -21.9  loss 7.7807  logE[BER] -7.405  P_det_soft 0.3758  (222s)
  step 2175  JSR  -20.6  loss 7.0604  logE[BER] -6.548  P_det_soft 0.5120  (224s)
  step 2200  JSR  -20.8  loss 7.0817  logE[BER] -6.663  P_det_soft 0.4189  (227s)
  step 2225  JSR  -22.2  loss 8.0166  logE[BER] -7.668  P_det_soft 0.3487  (230s)
  step 2250  JSR  -28.8  loss 920.0197  logE[BER] -919.819  P_det_soft 0.2011  (232s)
  step 2275  JSR  -24.3  loss 52.1668  logE[BER] -51.845  P_det_soft 0.3215  (235s)
  step 2300  JSR  -46.2  loss 3485.5643  logE[BER] -3485.362  P_det_soft 0.2024  (237s)
  step 2325  JSR  -19.3  loss 6.7363  logE[BER] -6.114  P_det_soft 0.6220  (240s)
  step 2350  JSR  -39.7  loss 2872.6254  logE[BER] -2872.458  P_det_soft 0.1675  (242s)
  step 2375  JSR  -18.0  loss 6.8734  logE[BER] -6.122  P_det_soft 0.7515  (245s)
  step 2400  JSR  -21.1  loss 7.2446  logE[BER] -6.810  P_det_soft 0.4348  (248s)
  step 2425  JSR  -47.0  loss 3504.1549  logE[BER] -3504.019  P_det_soft 0.1359  (250s)
  step 2450  JSR  -42.1  loss 3121.8780  logE[BER] -3121.656  P_det_soft 0.2225  (253s)
  step 2475  JSR  -44.1  loss 3307.9862  logE[BER] -3307.844  P_det_soft 0.1419  (255s)
  step 2500  JSR  -40.5  loss 2929.0794  logE[BER] -2928.941  P_det_soft 0.1386  (258s)
  step 2525  JSR  -18.0  loss 6.5462  logE[BER] -5.932  P_det_soft 0.6143  (260s)
  step 2550  JSR  -39.9  loss 2872.9307  logE[BER] -2872.721  P_det_soft 0.2100  (263s)
  step 2575  JSR  -36.5  loss 2434.2416  logE[BER] -2434.054  P_det_soft 0.1871  (266s)
  step 2600  JSR  -45.5  loss 3391.8895  logE[BER] -3391.664  P_det_soft 0.2257  (268s)
  step 2625  JSR  -32.0  loss 1520.8507  logE[BER] -1520.699  P_det_soft 0.1518  (271s)
  step 2650  JSR  -21.8  loss 7.2977  logE[BER] -6.989  P_det_soft 0.3088  (273s)
  step 2675  JSR  -41.3  loss 3026.8262  logE[BER] -3026.675  P_det_soft 0.1517  (276s)
  step 2700  JSR  -25.9  loss 227.6446  logE[BER] -227.399  P_det_soft 0.2458  (278s)
  step 2725  JSR  -44.4  loss 3360.6239  logE[BER] -3360.374  P_det_soft 0.2497  (281s)
  step 2750  JSR  -23.9  loss 29.2282  logE[BER] -28.984  P_det_soft 0.2445  (284s)
  step 2775  JSR  -33.9  loss 1917.0258  logE[BER] -1916.861  P_det_soft 0.1643  (286s)
  step 2800  JSR  -43.1  loss 3237.3412  logE[BER] -3237.192  P_det_soft 0.1488  (289s)
  step 2825  JSR  -22.3  loss 7.1019  logE[BER] -6.757  P_det_soft 0.3445  (291s)
  step 2850  JSR  -33.0  loss 1779.9394  logE[BER] -1779.776  P_det_soft 0.1635  (294s)
  step 2875  JSR  -26.0  loss 252.5406  logE[BER] -252.320  P_det_soft 0.2202  (296s)
  step 2900  JSR  -35.6  loss 2300.9576  logE[BER] -2300.779  P_det_soft 0.1786  (299s)
  step 2925  JSR  -39.2  loss 2827.7231  logE[BER] -2827.591  P_det_soft 0.1320  (302s)
  step 2950  JSR  -21.7  loss 7.7842  logE[BER] -7.384  P_det_soft 0.3998  (304s)
  step 2975  JSR  -30.4  loss 1234.6771  logE[BER] -1234.491  P_det_soft 0.1857  (307s)
  step 3000  JSR  -36.3  loss 2330.4489  logE[BER] -2330.256  P_det_soft 0.1929  (309s)
  step 3025  JSR  -36.9  loss 2454.4200  logE[BER] -2454.280  P_det_soft 0.1404  (312s)
  step 3050  JSR  -24.5  loss 72.1821  logE[BER] -71.984  P_det_soft 0.1980  (314s)
  step 3075  JSR  -25.0  loss 84.4844  logE[BER] -84.255  P_det_soft 0.2290  (317s)
  step 3100  JSR  -17.6  loss 6.4987  logE[BER] -5.883  P_det_soft 0.6161  (320s)
  step 3125  JSR  -38.3  loss 2657.2632  logE[BER] -2657.081  P_det_soft 0.1817  (322s)
  step 3150  JSR  -40.1  loss 2884.7291  logE[BER] -2884.592  P_det_soft 0.1367  (325s)
  step 3175  JSR  -16.1  loss 6.5665  logE[BER] -5.833  P_det_soft 0.7337  (327s)
  step 3200  JSR  -18.4  loss 6.3658  logE[BER] -5.837  P_det_soft 0.5286  (330s)
  step 3225  JSR  -20.2  loss 6.9233  logE[BER] -6.560  P_det_soft 0.3631  (332s)
  step 3250  JSR  -20.4  loss 6.8148  logE[BER] -6.519  P_det_soft 0.2957  (335s)
  step 3275  JSR  -37.7  loss 2664.4515  logE[BER] -2664.236  P_det_soft 0.2150  (338s)
  step 3300  JSR  -47.7  loss 3528.2685  logE[BER] -3528.085  P_det_soft 0.1831  (340s)
  step 3325  JSR  -32.5  loss 1628.1318  logE[BER] -1627.937  P_det_soft 0.1945  (343s)
  step 3350  JSR  -28.7  loss 936.7971  logE[BER] -936.615  P_det_soft 0.1823  (345s)
  step 3375  JSR  -39.2  loss 2789.2218  logE[BER] -2789.065  P_det_soft 0.1569  (348s)
  step 3400  JSR  -31.7  loss 1513.9187  logE[BER] -1513.723  P_det_soft 0.1959  (350s)
  step 3425  JSR  -23.1  loss 7.5903  logE[BER] -7.239  P_det_soft 0.3514  (353s)
  step 3450  JSR  -27.7  loss 570.6820  logE[BER] -570.426  P_det_soft 0.2560  (356s)
  step 3475  JSR  -35.2  loss 2130.2895  logE[BER] -2130.156  P_det_soft 0.1331  (358s)
  step 3500  JSR  -44.2  loss 3313.0793  logE[BER] -3312.936  P_det_soft 0.1437  (361s)
  step 3525  JSR  -18.8  loss 6.7216  logE[BER] -6.238  P_det_soft 0.4831  (363s)
  step 3550  JSR  -41.5  loss 3038.1182  logE[BER] -3037.975  P_det_soft 0.1431  (366s)
  step 3575  JSR  -45.4  loss 3405.9214  logE[BER] -3405.769  P_det_soft 0.1519  (368s)
  step 3600  JSR  -36.3  loss 2377.8512  logE[BER] -2377.662  P_det_soft 0.1888  (371s)
  step 3625  JSR  -38.4  loss 2644.9106  logE[BER] -2644.710  P_det_soft 0.2006  (373s)
  step 3650  JSR  -44.4  loss 3355.1567  logE[BER] -3354.924  P_det_soft 0.2326  (376s)
  step 3675  JSR  -36.5  loss 2385.0276  logE[BER] -2384.836  P_det_soft 0.1912  (379s)
  step 3700  JSR  -47.1  loss 3497.2591  logE[BER] -3497.077  P_det_soft 0.1819  (381s)
  step 3725  JSR  -24.6  loss 49.5261  logE[BER] -49.318  P_det_soft 0.2083  (384s)
  step 3750  JSR  -21.3  loss 6.9331  logE[BER] -6.613  P_det_soft 0.3201  (386s)
  step 3775  JSR  -42.8  loss 3153.5941  logE[BER] -3153.380  P_det_soft 0.2145  (389s)
  step 3800  JSR  -45.1  loss 3359.9978  logE[BER] -3359.817  P_det_soft 0.1810  (391s)
  step 3825  JSR  -34.6  loss 2053.6975  logE[BER] -2053.491  P_det_soft 0.2066  (394s)
  step 3850  JSR  -25.4  loss 117.5071  logE[BER] -117.325  P_det_soft 0.1822  (397s)
  step 3875  JSR  -31.4  loss 1386.6431  logE[BER] -1386.446  P_det_soft 0.1969  (399s)
  step 3900  JSR  -45.3  loss 3388.5799  logE[BER] -3388.409  P_det_soft 0.1711  (402s)
  step 3925  JSR  -44.5  loss 3326.1033  logE[BER] -3325.891  P_det_soft 0.2122  (404s)
  step 3950  JSR  -47.2  loss 3488.0872  logE[BER] -3487.911  P_det_soft 0.1764  (407s)
  step 3975  JSR  -39.5  loss 2815.6918  logE[BER] -2815.519  P_det_soft 0.1727  (409s)
  step 3999  JSR  -22.2  loss 7.6606  logE[BER] -7.393  P_det_soft 0.2680  (412s)
wrote task13_G.pt, task13.json  (tag spec_cnn_b1)
