node: tikgpu04.ee.ethz.ch | gpu: NVIDIA TITAN RTX
task 2 = {'target': 'power_one_sided', 'beta': 10.0}  (tag power_one_sided_b10, 128 frames/step, JSR band (-24.0, 0.0))
  target power_one_sided: threshold 0.105276, clean-frame std 0.000792875 (soft_pdet width)
  step    0  JSR   -5.0  loss 24.2427  logE[BER] -14.243  P_det_soft 1.0000  (1s)
  step   25  JSR  -22.3  loss 55.7429  logE[BER] -52.092  P_det_soft 0.3651  (2s)
  step   50  JSR  -10.4  loss 15.6151  logE[BER] -5.619  P_det_soft 0.9996  (2s)
  step   75  JSR   -4.3  loss 15.5883  logE[BER] -5.588  P_det_soft 1.0000  (3s)
  step  100  JSR   -9.0  loss 16.0585  logE[BER] -6.059  P_det_soft 1.0000  (3s)
  step  125  JSR  -15.9  loss 35.5434  logE[BER] -27.342  P_det_soft 0.8202  (4s)
  step  150  JSR   -0.2  loss 14.0242  logE[BER] -4.024  P_det_soft 1.0000  (5s)
  step  175  JSR   -4.4  loss 15.0747  logE[BER] -5.075  P_det_soft 1.0000  (5s)
  step  200  JSR   -7.5  loss 14.4339  logE[BER] -4.434  P_det_soft 1.0000  (6s)
  step  225  JSR   -1.4  loss 14.6452  logE[BER] -4.645  P_det_soft 1.0000  (6s)
  step  250  JSR  -18.1  loss 23.7973  logE[BER] -17.695  P_det_soft 0.6103  (7s)
  step  275  JSR  -17.3  loss 30.5083  logE[BER] -23.497  P_det_soft 0.7011  (8s)
  step  300  JSR   -8.6  loss 16.0070  logE[BER] -6.007  P_det_soft 1.0000  (8s)
  step  325  JSR   -1.9  loss 14.3680  logE[BER] -4.368  P_det_soft 1.0000  (9s)
  step  350  JSR  -22.5  loss 46.2767  logE[BER] -42.997  P_det_soft 0.3280  (9s)
  step  375  JSR  -13.0  loss 18.6986  logE[BER] -8.822  P_det_soft 0.9877  (10s)
  step  400  JSR  -21.5  loss 45.7738  logE[BER] -41.856  P_det_soft 0.3918  (11s)
  step  425  JSR  -11.1  loss 16.9136  logE[BER] -6.926  P_det_soft 0.9987  (11s)
  step  450  JSR  -14.1  loss 18.7342  logE[BER] -9.448  P_det_soft 0.9286  (12s)
  step  475  JSR  -14.8  loss 17.6322  logE[BER] -8.936  P_det_soft 0.8696  (13s)
  step  500  JSR   -8.0  loss 15.6005  logE[BER] -5.601  P_det_soft 1.0000  (13s)
  step  525  JSR   -7.7  loss 15.3758  logE[BER] -5.376  P_det_soft 1.0000  (14s)
  step  550  JSR   -2.5  loss 13.6395  logE[BER] -3.639  P_det_soft 1.0000  (14s)
  step  575  JSR  -23.3  loss 49.0057  logE[BER] -45.735  P_det_soft 0.3271  (15s)
  step  600  JSR   -2.6  loss 14.0436  logE[BER] -4.044  P_det_soft 1.0000  (16s)
  step  625  JSR  -14.2  loss 18.1564  logE[BER] -8.818  P_det_soft 0.9338  (16s)
  step  650  JSR  -15.7  loss 19.0592  logE[BER] -10.882  P_det_soft 0.8177  (17s)
  step  675  JSR   -2.5  loss 13.8922  logE[BER] -3.892  P_det_soft 1.0000  (18s)
  step  700  JSR  -15.5  loss 18.1140  logE[BER] -9.466  P_det_soft 0.8648  (18s)
  step  725  JSR   -8.7  loss 15.9429  logE[BER] -5.943  P_det_soft 1.0000  (19s)
  step  750  JSR  -10.2  loss 16.4712  logE[BER] -6.473  P_det_soft 0.9998  (20s)
  step  775  JSR  -14.2  loss 18.2172  logE[BER] -8.845  P_det_soft 0.9372  (20s)
  step  800  JSR  -19.8  loss 35.2641  logE[BER] -30.406  P_det_soft 0.4858  (21s)
  step  825  JSR  -11.3  loss 16.8075  logE[BER] -6.824  P_det_soft 0.9983  (21s)
  step  850  JSR  -12.4  loss 16.9810  logE[BER] -7.274  P_det_soft 0.9707  (22s)
  step  875  JSR  -22.3  loss 35.9696  logE[BER] -32.481  P_det_soft 0.3489  (23s)
  step  900  JSR   -1.1  loss 13.2445  logE[BER] -3.245  P_det_soft 1.0000  (23s)
  step  925  JSR  -21.6  loss 29.8706  logE[BER] -26.065  P_det_soft 0.3806  (24s)
  step  950  JSR  -18.8  loss 22.3279  logE[BER] -16.386  P_det_soft 0.5942  (25s)
  step  975  JSR   -1.5  loss 13.0673  logE[BER] -3.067  P_det_soft 1.0000  (25s)
  step 1000  JSR  -13.7  loss 16.8282  logE[BER] -7.560  P_det_soft 0.9268  (26s)
  step 1025  JSR  -20.0  loss 35.8131  logE[BER] -31.517  P_det_soft 0.4296  (26s)
  step 1050  JSR   -6.8  loss 15.0871  logE[BER] -5.087  P_det_soft 1.0000  (27s)
  step 1075  JSR  -10.7  loss 16.0735  logE[BER] -6.160  P_det_soft 0.9914  (28s)
  step 1100  JSR   -3.0  loss 13.4244  logE[BER] -3.424  P_det_soft 1.0000  (28s)
  step 1125  JSR  -13.2  loss 15.5097  logE[BER] -6.743  P_det_soft 0.8767  (29s)
  step 1150  JSR  -22.1  loss 33.8711  logE[BER] -30.295  P_det_soft 0.3576  (30s)
  step 1175  JSR   -9.0  loss 15.8263  logE[BER] -5.828  P_det_soft 0.9998  (30s)
  step 1200  JSR   -2.2  loss 13.3861  logE[BER] -3.386  P_det_soft 1.0000  (31s)
  step 1225  JSR  -23.3  loss 37.6617  logE[BER] -34.534  P_det_soft 0.3128  (32s)
  step 1250  JSR   -1.7  loss 13.3540  logE[BER] -3.354  P_det_soft 1.0000  (32s)
  step 1275  JSR   -3.9  loss 13.8591  logE[BER] -3.859  P_det_soft 1.0000  (33s)
  step 1300  JSR   -4.7  loss 14.0717  logE[BER] -4.072  P_det_soft 1.0000  (33s)
  step 1325  JSR   -8.9  loss 15.6795  logE[BER] -5.680  P_det_soft 1.0000  (34s)
  step 1350  JSR  -23.8  loss 47.8889  logE[BER] -44.716  P_det_soft 0.3173  (35s)
  step 1375  JSR   -9.5  loss 15.4446  logE[BER] -5.451  P_det_soft 0.9993  (35s)
  step 1400  JSR  -10.1  loss 15.7036  logE[BER] -5.726  P_det_soft 0.9978  (36s)
  step 1425  JSR  -23.5  loss 44.0117  logE[BER] -40.415  P_det_soft 0.3597  (37s)
  step 1450  JSR  -16.7  loss 14.9399  logE[BER] -8.213  P_det_soft 0.6727  (37s)
  step 1475  JSR   -5.1  loss 14.5504  logE[BER] -4.550  P_det_soft 1.0000  (38s)
  step 1500  JSR  -15.4  loss 15.5970  logE[BER] -7.690  P_det_soft 0.7907  (39s)
  step 1525  JSR  -12.7  loss 15.9448  logE[BER] -6.462  P_det_soft 0.9483  (39s)
  step 1550  JSR   -1.2  loss 12.8416  logE[BER] -2.842  P_det_soft 1.0000  (40s)
  step 1575  JSR  -20.5  loss 31.8841  logE[BER] -27.253  P_det_soft 0.4631  (41s)
  step 1600  JSR   -2.5  loss 13.3749  logE[BER] -3.375  P_det_soft 1.0000  (41s)
  step 1625  JSR  -22.7  loss 30.1560  logE[BER] -26.808  P_det_soft 0.3348  (42s)
  step 1650  JSR  -17.2  loss 14.7157  logE[BER] -8.053  P_det_soft 0.6662  (42s)
  step 1675  JSR  -21.8  loss 19.5423  logE[BER] -16.014  P_det_soft 0.3528  (43s)
  step 1700  JSR  -12.9  loss 15.9007  logE[BER] -6.404  P_det_soft 0.9497  (44s)
  step 1725  JSR   -9.6  loss 15.4091  logE[BER] -5.445  P_det_soft 0.9964  (44s)
  step 1750  JSR  -17.0  loss 15.7298  logE[BER] -9.089  P_det_soft 0.6641  (45s)
  step 1775  JSR  -17.1  loss 13.6857  logE[BER] -7.711  P_det_soft 0.5974  (46s)
  step 1800  JSR   -9.7  loss 15.4690  logE[BER] -5.490  P_det_soft 0.9978  (46s)
  step 1825  JSR   -6.5  loss 14.3090  logE[BER] -4.309  P_det_soft 1.0000  (47s)
  step 1850  JSR   -0.8  loss 13.0583  logE[BER] -3.058  P_det_soft 1.0000  (48s)
  step 1875  JSR  -21.9  loss 22.2468  logE[BER] -18.311  P_det_soft 0.3936  (48s)
  step 1900  JSR   -4.5  loss 14.2791  logE[BER] -4.279  P_det_soft 1.0000  (49s)
  step 1925  JSR  -14.5  loss 15.7839  logE[BER] -7.070  P_det_soft 0.8714  (50s)
  step 1950  JSR  -14.9  loss 15.8705  logE[BER] -7.129  P_det_soft 0.8741  (50s)
  step 1975  JSR   -0.4  loss 13.0124  logE[BER] -3.012  P_det_soft 1.0000  (51s)
  step 2000  JSR  -13.3  loss 15.3480  logE[BER] -6.036  P_det_soft 0.9312  (51s)
  step 2025  JSR   -7.5  loss 14.9388  logE[BER] -4.939  P_det_soft 1.0000  (52s)
  step 2050  JSR  -12.1  loss 15.4032  logE[BER] -5.728  P_det_soft 0.9675  (53s)
  step 2075  JSR   -6.8  loss 14.8180  logE[BER] -4.818  P_det_soft 1.0000  (53s)
  step 2100  JSR  -22.1  loss 16.7088  logE[BER] -12.972  P_det_soft 0.3737  (54s)
  step 2125  JSR   -5.0  loss 14.3502  logE[BER] -4.350  P_det_soft 1.0000  (55s)
  step 2150  JSR  -23.2  loss 21.5813  logE[BER] -18.219  P_det_soft 0.3362  (55s)
  step 2175  JSR   -9.6  loss 15.1521  logE[BER] -5.154  P_det_soft 0.9998  (56s)
  step 2200  JSR  -23.7  loss 24.5494  logE[BER] -21.459  P_det_soft 0.3091  (57s)
  step 2225  JSR   -1.3  loss 13.8024  logE[BER] -3.802  P_det_soft 1.0000  (57s)
  step 2250  JSR  -16.4  loss 13.3240  logE[BER] -6.168  P_det_soft 0.7156  (58s)
  step 2275  JSR   -7.6  loss 14.2070  logE[BER] -4.207  P_det_soft 1.0000  (58s)
  step 2300  JSR   -6.5  loss 14.3266  logE[BER] -4.327  P_det_soft 1.0000  (59s)
  step 2325  JSR  -10.7  loss 14.9308  logE[BER] -5.088  P_det_soft 0.9843  (60s)
  step 2350  JSR  -12.4  loss 14.8594  logE[BER] -5.636  P_det_soft 0.9223  (60s)
  step 2375  JSR  -13.7  loss 14.2747  logE[BER] -5.643  P_det_soft 0.8632  (61s)
  step 2400  JSR  -14.1  loss 14.5926  logE[BER] -5.959  P_det_soft 0.8634  (62s)
  step 2425  JSR  -15.9  loss 13.2738  logE[BER] -6.290  P_det_soft 0.6984  (62s)
  step 2450  JSR   -8.8  loss 14.6776  logE[BER] -4.682  P_det_soft 0.9996  (63s)
  step 2475  JSR  -18.8  loss 12.1212  logE[BER] -6.942  P_det_soft 0.5180  (64s)
  step 2500  JSR   -4.7  loss 14.0133  logE[BER] -4.013  P_det_soft 1.0000  (64s)
  step 2525  JSR  -14.2  loss 13.8524  logE[BER] -5.737  P_det_soft 0.8116  (65s)
  step 2550  JSR  -23.9  loss 24.7613  logE[BER] -21.916  P_det_soft 0.2845  (66s)
  step 2575  JSR   -0.5  loss 13.1658  logE[BER] -3.166  P_det_soft 1.0000  (66s)
  step 2600  JSR  -15.0  loss 13.8687  logE[BER] -5.984  P_det_soft 0.7884  (67s)
  step 2625  JSR   -1.4  loss 13.5487  logE[BER] -3.549  P_det_soft 1.0000  (68s)
  step 2650  JSR  -17.7  loss 12.3951  logE[BER] -6.476  P_det_soft 0.5919  (68s)
  step 2675  JSR  -16.2  loss 12.7842  logE[BER] -6.291  P_det_soft 0.6494  (69s)
  step 2700  JSR   -0.9  loss 13.3676  logE[BER] -3.368  P_det_soft 1.0000  (69s)
  step 2725  JSR   -9.1  loss 15.1395  logE[BER] -5.142  P_det_soft 0.9997  (70s)
  step 2750  JSR  -13.2  loss 14.7523  logE[BER] -5.732  P_det_soft 0.9020  (71s)
  step 2775  JSR  -23.4  loss 15.9830  logE[BER] -12.493  P_det_soft 0.3490  (71s)
  step 2800  JSR  -17.3  loss 12.4505  logE[BER] -6.665  P_det_soft 0.5786  (72s)
  step 2825  JSR  -16.6  loss 13.1610  logE[BER] -6.141  P_det_soft 0.7020  (73s)
  step 2850  JSR  -19.0  loss 11.2357  logE[BER] -6.596  P_det_soft 0.4640  (73s)
  step 2875  JSR  -11.8  loss 14.7258  logE[BER] -5.430  P_det_soft 0.9296  (74s)
  step 2900  JSR   -7.4  loss 14.7489  logE[BER] -4.749  P_det_soft 1.0000  (75s)
  step 2925  JSR  -19.2  loss 11.2416  logE[BER] -6.545  P_det_soft 0.4696  (75s)
  step 2950  JSR  -17.5  loss 12.0119  logE[BER] -6.164  P_det_soft 0.5848  (76s)
  step 2975  JSR  -22.0  loss 12.0054  logE[BER] -8.513  P_det_soft 0.3492  (77s)
  step 3000  JSR   -6.6  loss 13.9080  logE[BER] -3.908  P_det_soft 1.0000  (77s)
  step 3025  JSR  -13.7  loss 14.0395  logE[BER] -5.564  P_det_soft 0.8476  (78s)
  step 3050  JSR   -0.0  loss 13.5271  logE[BER] -3.527  P_det_soft 1.0000  (78s)
  step 3075  JSR  -19.7  loss 11.8692  logE[BER] -7.284  P_det_soft 0.4585  (79s)
  step 3100  JSR  -13.6  loss 13.6810  logE[BER] -5.552  P_det_soft 0.8129  (80s)
  step 3125  JSR  -20.8  loss 12.6794  logE[BER] -8.659  P_det_soft 0.4020  (80s)
  step 3150  JSR  -23.8  loss 18.9002  logE[BER] -15.828  P_det_soft 0.3072  (81s)
  step 3175  JSR  -15.0  loss 13.2876  logE[BER] -5.848  P_det_soft 0.7440  (82s)
  step 3200  JSR  -22.5  loss 13.1689  logE[BER] -9.553  P_det_soft 0.3615  (82s)
  step 3225  JSR  -11.0  loss 15.0649  logE[BER] -5.246  P_det_soft 0.9819  (83s)
  step 3250  JSR  -14.7  loss 13.4170  logE[BER] -5.633  P_det_soft 0.7784  (84s)
  step 3275  JSR   -7.7  loss 14.9989  logE[BER] -4.999  P_det_soft 1.0000  (84s)
  step 3300  JSR  -12.5  loss 14.8537  logE[BER] -5.607  P_det_soft 0.9247  (85s)
  step 3325  JSR  -13.0  loss 14.4632  logE[BER] -5.522  P_det_soft 0.8941  (86s)
  step 3350  JSR   -2.8  loss 14.1296  logE[BER] -4.130  P_det_soft 1.0000  (86s)
  step 3375  JSR   -4.2  loss 14.1704  logE[BER] -4.170  P_det_soft 1.0000  (87s)
  step 3400  JSR  -15.6  loss 13.2812  logE[BER] -6.051  P_det_soft 0.7231  (88s)
  step 3425  JSR  -15.8  loss 13.2334  logE[BER] -5.896  P_det_soft 0.7337  (88s)
  step 3450  JSR   -5.3  loss 14.4117  logE[BER] -4.412  P_det_soft 1.0000  (89s)
  step 3475  JSR   -4.7  loss 14.2542  logE[BER] -4.254  P_det_soft 1.0000  (89s)
  step 3500  JSR   -7.5  loss 14.6253  logE[BER] -4.625  P_det_soft 1.0000  (90s)
  step 3525  JSR  -14.1  loss 13.9694  logE[BER] -5.632  P_det_soft 0.8337  (91s)
  step 3550  JSR  -17.9  loss 11.9819  logE[BER] -6.362  P_det_soft 0.5620  (91s)
  step 3575  JSR  -23.3  loss 17.0450  logE[BER] -13.533  P_det_soft 0.3512  (92s)
  step 3600  JSR  -10.4  loss 14.6942  logE[BER] -4.795  P_det_soft 0.9899  (93s)
  step 3625  JSR   -4.3  loss 13.9643  logE[BER] -3.964  P_det_soft 1.0000  (93s)
  step 3650  JSR  -11.8  loss 14.7884  logE[BER] -5.194  P_det_soft 0.9595  (94s)
  step 3675  JSR  -23.8  loss 16.5133  logE[BER] -13.759  P_det_soft 0.2754  (95s)
  step 3700  JSR  -12.1  loss 14.4076  logE[BER] -5.279  P_det_soft 0.9129  (95s)
  step 3725  JSR   -3.3  loss 13.6600  logE[BER] -3.660  P_det_soft 1.0000  (96s)
  step 3750  JSR   -5.2  loss 14.5280  logE[BER] -4.528  P_det_soft 1.0000  (97s)
  step 3775  JSR  -22.9  loss 14.4989  logE[BER] -11.246  P_det_soft 0.3253  (97s)
  step 3800  JSR   -3.0  loss 13.9314  logE[BER] -3.931  P_det_soft 1.0000  (98s)
  step 3825  JSR  -11.1  loss 15.0065  logE[BER] -5.243  P_det_soft 0.9763  (98s)
  step 3850  JSR   -5.6  loss 14.1052  logE[BER] -4.105  P_det_soft 1.0000  (99s)
  step 3875  JSR  -12.4  loss 14.5739  logE[BER] -5.487  P_det_soft 0.9087  (100s)
  step 3900  JSR  -10.3  loss 14.7141  logE[BER] -5.018  P_det_soft 0.9696  (100s)
  step 3925  JSR   -6.9  loss 14.4907  logE[BER] -4.491  P_det_soft 1.0000  (101s)
  step 3950  JSR   -8.3  loss 14.5604  logE[BER] -4.572  P_det_soft 0.9989  (102s)
  step 3975  JSR  -13.7  loss 13.9594  logE[BER] -5.581  P_det_soft 0.8378  (102s)
  step 3999  JSR  -17.2  loss 12.4340  logE[BER] -6.221  P_det_soft 0.6214  (103s)
wrote task2_G.pt, task2.json  (tag power_one_sided_b10)
