node: artongpu01.ee.ethz.ch | gpu: NVIDIA GeForce RTX 2080 Ti
task 1 = {'target': 'power_one_sided', 'beta': 1.0}  (tag power_one_sided_b1, 128 frames/step, JSR band (-32.0, 0.0))
  target power_one_sided: threshold 0.100354, clean-frame std 0.000141124 (soft_pdet width)
  learned power: cap +0.0 dB, start -40.0 dB, gain lr 0.01, damage per
  step    0  JSR  -38.1  loss 3896.3109  logE[PER] -3896.083  P_det_soft 0.2279  (1s)
  step   25  JSR  -31.7  loss 3463.9582  logE[PER] -3463.681  P_det_soft 0.2772  (2s)
  step   50  JSR  -28.7  loss 3299.1785  logE[PER] -3298.758  P_det_soft 0.4201  (2s)
  step   75  JSR  -25.5  loss 3001.1700  logE[PER] -3000.575  P_det_soft 0.5954  (3s)
  step  100  JSR  -21.8  loss 2570.4823  logE[PER] -2569.752  P_det_soft 0.7307  (4s)
  step  125  JSR  -18.0  loss 1977.6029  logE[PER] -1976.685  P_det_soft 0.9174  (4s)
  step  150  JSR  -14.1  loss 1182.1696  logE[PER] -1181.184  P_det_soft 0.9852  (5s)
  step  175  JSR  -10.7  loss 430.1242  logE[PER] -429.124  P_det_soft 1.0000  (6s)
  step  200  JSR   -8.5  loss 82.9583  logE[PER] -81.958  P_det_soft 1.0000  (6s)
  step  225  JSR   -7.6  loss 12.0986  logE[PER] -11.099  P_det_soft 1.0000  (7s)
  step  250  JSR   -7.4  loss 5.3657  logE[PER] -4.366  P_det_soft 1.0000  (8s)
  step  275  JSR   -7.3  loss 4.6406  logE[PER] -3.641  P_det_soft 1.0000  (8s)
  step  300  JSR   -7.2  loss 3.9297  logE[PER] -2.930  P_det_soft 1.0000  (9s)
  step  325  JSR   -7.1  loss 4.4131  logE[PER] -3.413  P_det_soft 1.0000  (10s)
  step  350  JSR   -7.1  loss 4.0940  logE[PER] -3.094  P_det_soft 1.0000  (10s)
  step  375  JSR   -7.0  loss 3.8458  logE[PER] -2.846  P_det_soft 1.0000  (11s)
  step  400  JSR   -7.0  loss 3.7397  logE[PER] -2.740  P_det_soft 1.0000  (12s)
  step  425  JSR   -7.0  loss 3.7021  logE[PER] -2.702  P_det_soft 1.0000  (12s)
  step  450  JSR   -6.9  loss 4.2260  logE[PER] -3.226  P_det_soft 1.0000  (13s)
  step  475  JSR   -6.9  loss 3.7155  logE[PER] -2.715  P_det_soft 1.0000  (14s)
  step  500  JSR   -6.8  loss 3.4405  logE[PER] -2.441  P_det_soft 1.0000  (14s)
  step  525  JSR   -6.8  loss 4.8225  logE[PER] -3.822  P_det_soft 1.0000  (15s)
  step  550  JSR   -6.8  loss 4.4810  logE[PER] -3.481  P_det_soft 1.0000  (16s)
  step  575  JSR   -6.7  loss 3.7339  logE[PER] -2.734  P_det_soft 1.0000  (16s)
  step  600  JSR   -6.7  loss 3.4802  logE[PER] -2.480  P_det_soft 1.0000  (17s)
  step  625  JSR   -6.7  loss 3.5401  logE[PER] -2.540  P_det_soft 1.0000  (18s)
  step  650  JSR   -6.6  loss 3.5110  logE[PER] -2.511  P_det_soft 1.0000  (18s)
  step  675  JSR   -6.6  loss 3.3086  logE[PER] -2.309  P_det_soft 1.0000  (19s)
  step  700  JSR   -6.6  loss 3.0551  logE[PER] -2.055  P_det_soft 1.0000  (20s)
  step  725  JSR   -6.5  loss 3.5287  logE[PER] -2.529  P_det_soft 1.0000  (20s)
  step  750  JSR   -6.5  loss 3.1518  logE[PER] -2.152  P_det_soft 1.0000  (21s)
  step  775  JSR   -6.5  loss 3.0796  logE[PER] -2.080  P_det_soft 1.0000  (21s)
  step  800  JSR   -6.4  loss 3.2373  logE[PER] -2.237  P_det_soft 1.0000  (22s)
  step  825  JSR   -6.4  loss 2.8888  logE[PER] -1.889  P_det_soft 1.0000  (23s)
  step  850  JSR   -6.4  loss 3.1641  logE[PER] -2.164  P_det_soft 1.0000  (24s)
  step  875  JSR   -6.3  loss 3.2963  logE[PER] -2.296  P_det_soft 1.0000  (24s)
  step  900  JSR   -6.3  loss 2.9228  logE[PER] -1.923  P_det_soft 1.0000  (25s)
  step  925  JSR   -6.3  loss 3.0400  logE[PER] -2.040  P_det_soft 1.0000  (26s)
  step  950  JSR   -6.2  loss 3.0958  logE[PER] -2.096  P_det_soft 1.0000  (26s)
  step  975  JSR   -6.2  loss 2.6528  logE[PER] -1.653  P_det_soft 1.0000  (27s)
  step 1000  JSR   -6.2  loss 2.9890  logE[PER] -1.989  P_det_soft 1.0000  (28s)
  step 1025  JSR   -6.2  loss 2.4926  logE[PER] -1.493  P_det_soft 1.0000  (28s)
  step 1050  JSR   -6.1  loss 2.5440  logE[PER] -1.544  P_det_soft 1.0000  (29s)
  step 1075  JSR   -6.0  loss 2.3093  logE[PER] -1.309  P_det_soft 1.0000  (30s)
  step 1100  JSR   -5.9  loss 2.2277  logE[PER] -1.228  P_det_soft 1.0000  (30s)
  step 1125  JSR   -5.9  loss 2.3389  logE[PER] -1.339  P_det_soft 1.0000  (31s)
  step 1150  JSR   -5.9  loss 2.3881  logE[PER] -1.388  P_det_soft 1.0000  (32s)
  step 1175  JSR   -5.9  loss 2.2285  logE[PER] -1.229  P_det_soft 1.0000  (32s)
  step 1200  JSR   -5.8  loss 2.1840  logE[PER] -1.184  P_det_soft 1.0000  (33s)
  step 1225  JSR   -5.8  loss 2.1505  logE[PER] -1.151  P_det_soft 1.0000  (34s)
  step 1250  JSR   -5.8  loss 1.9620  logE[PER] -0.962  P_det_soft 1.0000  (34s)
  step 1275  JSR   -5.7  loss 2.2284  logE[PER] -1.228  P_det_soft 1.0000  (35s)
  step 1300  JSR   -5.7  loss 2.2287  logE[PER] -1.229  P_det_soft 1.0000  (36s)
  step 1325  JSR   -5.7  loss 2.0041  logE[PER] -1.004  P_det_soft 1.0000  (36s)
  step 1350  JSR   -5.7  loss 2.4302  logE[PER] -1.430  P_det_soft 1.0000  (37s)
  step 1375  JSR   -5.6  loss 1.9130  logE[PER] -0.913  P_det_soft 1.0000  (37s)
  step 1400  JSR   -5.6  loss 2.2516  logE[PER] -1.252  P_det_soft 1.0000  (38s)
  step 1425  JSR   -5.6  loss 2.1761  logE[PER] -1.176  P_det_soft 1.0000  (39s)
  step 1450  JSR   -5.4  loss 1.6083  logE[PER] -0.608  P_det_soft 1.0000  (39s)
  step 1475  JSR   -5.3  loss 1.4644  logE[PER] -0.464  P_det_soft 1.0000  (40s)
  step 1500  JSR   -5.2  loss 1.5600  logE[PER] -0.560  P_det_soft 1.0000  (41s)
  step 1525  JSR   -5.2  loss 1.4862  logE[PER] -0.486  P_det_soft 1.0000  (41s)
  step 1550  JSR   -5.1  loss 1.6016  logE[PER] -0.602  P_det_soft 1.0000  (42s)
  step 1575  JSR   -5.1  loss 1.4264  logE[PER] -0.426  P_det_soft 1.0000  (43s)
  step 1600  JSR   -5.1  loss 1.4872  logE[PER] -0.487  P_det_soft 1.0000  (43s)
  step 1625  JSR   -5.1  loss 1.4527  logE[PER] -0.453  P_det_soft 1.0000  (44s)
  step 1650  JSR   -5.0  loss 1.4749  logE[PER] -0.475  P_det_soft 1.0000  (45s)
  step 1675  JSR   -5.0  loss 1.5346  logE[PER] -0.535  P_det_soft 1.0000  (45s)
  step 1700  JSR   -5.0  loss 1.2872  logE[PER] -0.287  P_det_soft 1.0000  (46s)
  step 1725  JSR   -5.0  loss 1.5228  logE[PER] -0.523  P_det_soft 1.0000  (47s)
  step 1750  JSR   -4.9  loss 1.4080  logE[PER] -0.408  P_det_soft 1.0000  (47s)
  step 1775  JSR   -4.9  loss 1.5382  logE[PER] -0.538  P_det_soft 1.0000  (48s)
  step 1800  JSR   -4.9  loss 1.4436  logE[PER] -0.444  P_det_soft 1.0000  (49s)
  step 1825  JSR   -4.9  loss 1.3572  logE[PER] -0.357  P_det_soft 1.0000  (49s)
  step 1850  JSR   -4.9  loss 1.3274  logE[PER] -0.327  P_det_soft 1.0000  (50s)
  step 1875  JSR   -4.8  loss 1.3540  logE[PER] -0.354  P_det_soft 1.0000  (51s)
  step 1900  JSR   -4.8  loss 1.4628  logE[PER] -0.463  P_det_soft 1.0000  (51s)
  step 1925  JSR   -4.8  loss 1.4433  logE[PER] -0.443  P_det_soft 1.0000  (52s)
  step 1950  JSR   -4.8  loss 1.3317  logE[PER] -0.332  P_det_soft 1.0000  (53s)
  step 1975  JSR   -4.7  loss 1.3945  logE[PER] -0.395  P_det_soft 1.0000  (53s)
  step 2000  JSR   -4.7  loss 1.3478  logE[PER] -0.348  P_det_soft 1.0000  (54s)
  step 2025  JSR   -4.7  loss 1.3278  logE[PER] -0.328  P_det_soft 1.0000  (55s)
  step 2050  JSR   -4.7  loss 1.3610  logE[PER] -0.361  P_det_soft 1.0000  (55s)
  step 2075  JSR   -4.6  loss 1.3045  logE[PER] -0.304  P_det_soft 1.0000  (56s)
  step 2100  JSR   -4.6  loss 1.3358  logE[PER] -0.336  P_det_soft 1.0000  (57s)
  step 2125  JSR   -4.6  loss 1.3107  logE[PER] -0.311  P_det_soft 1.0000  (57s)
  step 2150  JSR   -4.6  loss 1.3878  logE[PER] -0.388  P_det_soft 1.0000  (58s)
  step 2175  JSR   -4.6  loss 1.3774  logE[PER] -0.377  P_det_soft 1.0000  (59s)
  step 2200  JSR   -4.5  loss 1.2527  logE[PER] -0.253  P_det_soft 1.0000  (59s)
  step 2225  JSR   -4.5  loss 1.2851  logE[PER] -0.285  P_det_soft 1.0000  (60s)
  step 2250  JSR   -4.5  loss 1.4102  logE[PER] -0.410  P_det_soft 1.0000  (61s)
  step 2275  JSR   -4.5  loss 1.3030  logE[PER] -0.303  P_det_soft 1.0000  (61s)
  step 2300  JSR   -4.4  loss 1.2492  logE[PER] -0.249  P_det_soft 1.0000  (62s)
  step 2325  JSR   -4.4  loss 1.3267  logE[PER] -0.327  P_det_soft 1.0000  (62s)
  step 2350  JSR   -4.4  loss 1.3087  logE[PER] -0.309  P_det_soft 1.0000  (63s)
  step 2375  JSR   -4.4  loss 1.2242  logE[PER] -0.224  P_det_soft 1.0000  (64s)
  step 2400  JSR   -4.4  loss 1.2353  logE[PER] -0.235  P_det_soft 1.0000  (64s)
  step 2425  JSR   -4.3  loss 1.2258  logE[PER] -0.226  P_det_soft 1.0000  (65s)
  step 2450  JSR   -4.3  loss 1.2736  logE[PER] -0.274  P_det_soft 1.0000  (66s)
  step 2475  JSR   -4.3  loss 1.3494  logE[PER] -0.349  P_det_soft 1.0000  (66s)
  step 2500  JSR   -4.3  loss 1.3008  logE[PER] -0.301  P_det_soft 1.0000  (67s)
  step 2525  JSR   -4.2  loss 1.1941  logE[PER] -0.194  P_det_soft 1.0000  (68s)
  step 2550  JSR   -4.2  loss 1.2914  logE[PER] -0.291  P_det_soft 1.0000  (68s)
  step 2575  JSR   -4.2  loss 1.2656  logE[PER] -0.266  P_det_soft 1.0000  (69s)
  step 2600  JSR   -4.2  loss 1.2479  logE[PER] -0.248  P_det_soft 1.0000  (70s)
  step 2625  JSR   -4.0  loss 1.2257  logE[PER] -0.226  P_det_soft 1.0000  (70s)
  step 2650  JSR   -3.9  loss 1.2114  logE[PER] -0.211  P_det_soft 1.0000  (71s)
  step 2675  JSR   -3.9  loss 1.1662  logE[PER] -0.166  P_det_soft 1.0000  (72s)
  step 2700  JSR   -3.8  loss 1.2046  logE[PER] -0.205  P_det_soft 1.0000  (72s)
  step 2725  JSR   -3.8  loss 1.1527  logE[PER] -0.153  P_det_soft 1.0000  (73s)
  step 2750  JSR   -3.8  loss 1.1183  logE[PER] -0.118  P_det_soft 1.0000  (74s)
  step 2775  JSR   -3.7  loss 1.2033  logE[PER] -0.203  P_det_soft 1.0000  (74s)
  step 2800  JSR   -3.7  loss 1.1496  logE[PER] -0.150  P_det_soft 1.0000  (75s)
  step 2825  JSR   -3.7  loss 1.1213  logE[PER] -0.121  P_det_soft 1.0000  (76s)
  step 2850  JSR   -3.7  loss 1.1581  logE[PER] -0.158  P_det_soft 1.0000  (76s)
  step 2875  JSR   -3.6  loss 1.1357  logE[PER] -0.136  P_det_soft 1.0000  (77s)
  step 2900  JSR   -3.6  loss 1.1339  logE[PER] -0.134  P_det_soft 1.0000  (78s)
  step 2925  JSR   -3.6  loss 1.1548  logE[PER] -0.155  P_det_soft 1.0000  (78s)
  step 2950  JSR   -3.6  loss 1.1635  logE[PER] -0.164  P_det_soft 1.0000  (79s)
  step 2975  JSR   -3.6  loss 1.1566  logE[PER] -0.157  P_det_soft 1.0000  (80s)
  step 3000  JSR   -3.5  loss 1.1150  logE[PER] -0.115  P_det_soft 1.0000  (80s)
  step 3025  JSR   -3.5  loss 1.0953  logE[PER] -0.095  P_det_soft 1.0000  (81s)
  step 3050  JSR   -3.5  loss 1.0950  logE[PER] -0.095  P_det_soft 1.0000  (82s)
  step 3075  JSR   -3.5  loss 1.1247  logE[PER] -0.125  P_det_soft 1.0000  (82s)
  step 3100  JSR   -3.5  loss 1.1126  logE[PER] -0.113  P_det_soft 1.0000  (83s)
  step 3125  JSR   -3.4  loss 1.1616  logE[PER] -0.162  P_det_soft 1.0000  (84s)
  step 3150  JSR   -3.4  loss 1.1143  logE[PER] -0.114  P_det_soft 1.0000  (84s)
  step 3175  JSR   -3.4  loss 1.0991  logE[PER] -0.099  P_det_soft 1.0000  (85s)
  step 3200  JSR   -3.4  loss 1.0942  logE[PER] -0.094  P_det_soft 1.0000  (86s)
  step 3225  JSR   -3.4  loss 1.0733  logE[PER] -0.073  P_det_soft 1.0000  (86s)
  step 3250  JSR   -3.4  loss 1.0725  logE[PER] -0.073  P_det_soft 1.0000  (87s)
  step 3275  JSR   -3.3  loss 1.0642  logE[PER] -0.064  P_det_soft 1.0000  (88s)
  step 3300  JSR   -3.3  loss 1.0459  logE[PER] -0.046  P_det_soft 1.0000  (88s)
  step 3325  JSR   -3.3  loss 1.1344  logE[PER] -0.134  P_det_soft 1.0000  (89s)
  step 3350  JSR   -3.3  loss 1.1444  logE[PER] -0.144  P_det_soft 1.0000  (90s)
  step 3375  JSR   -3.3  loss 1.1360  logE[PER] -0.136  P_det_soft 1.0000  (91s)
  step 3400  JSR   -3.3  loss 1.0568  logE[PER] -0.057  P_det_soft 1.0000  (91s)
  step 3425  JSR   -3.3  loss 1.1121  logE[PER] -0.112  P_det_soft 1.0000  (92s)
  step 3450  JSR   -3.2  loss 1.0975  logE[PER] -0.097  P_det_soft 1.0000  (93s)
  step 3475  JSR   -3.2  loss 1.0827  logE[PER] -0.083  P_det_soft 1.0000  (93s)
  step 3500  JSR   -3.2  loss 1.0754  logE[PER] -0.075  P_det_soft 1.0000  (94s)
  step 3525  JSR   -3.2  loss 1.0682  logE[PER] -0.068  P_det_soft 1.0000  (95s)
  step 3550  JSR   -3.2  loss 1.1131  logE[PER] -0.113  P_det_soft 1.0000  (95s)
  step 3575  JSR   -3.2  loss 1.0857  logE[PER] -0.086  P_det_soft 1.0000  (96s)
  step 3600  JSR   -3.2  loss 1.0547  logE[PER] -0.055  P_det_soft 1.0000  (97s)
  step 3625  JSR   -3.1  loss 1.0616  logE[PER] -0.062  P_det_soft 1.0000  (97s)
  step 3650  JSR   -3.1  loss 1.0620  logE[PER] -0.062  P_det_soft 1.0000  (98s)
  step 3675  JSR   -3.1  loss 1.1170  logE[PER] -0.117  P_det_soft 1.0000  (99s)
  step 3700  JSR   -3.1  loss 1.0690  logE[PER] -0.069  P_det_soft 1.0000  (99s)
  step 3725  JSR   -3.1  loss 1.0688  logE[PER] -0.069  P_det_soft 1.0000  (100s)
  step 3750  JSR   -3.1  loss 1.0504  logE[PER] -0.050  P_det_soft 1.0000  (101s)
  step 3775  JSR   -3.1  loss 1.1212  logE[PER] -0.121  P_det_soft 1.0000  (101s)
  step 3800  JSR   -3.0  loss 1.0598  logE[PER] -0.060  P_det_soft 1.0000  (102s)
  step 3825  JSR   -3.0  loss 1.0643  logE[PER] -0.064  P_det_soft 1.0000  (103s)
  step 3850  JSR   -3.0  loss 1.0514  logE[PER] -0.051  P_det_soft 1.0000  (103s)
  step 3875  JSR   -3.0  loss 1.0898  logE[PER] -0.090  P_det_soft 1.0000  (104s)
  step 3900  JSR   -3.0  loss 1.0463  logE[PER] -0.046  P_det_soft 1.0000  (105s)
  step 3925  JSR   -3.0  loss 1.0648  logE[PER] -0.065  P_det_soft 1.0000  (105s)
  step 3950  JSR   -3.0  loss 1.1302  logE[PER] -0.130  P_det_soft 1.0000  (106s)
  step 3975  JSR   -3.0  loss 1.0815  logE[PER] -0.081  P_det_soft 1.0000  (107s)
  step 3999  JSR   -3.0  loss 1.0899  logE[PER] -0.090  P_det_soft 1.0000  (107s)
wrote task1_G.pt, task1.json  (tag power_one_sided_b1)
