node: artongpu05.ee.ethz.ch | gpu: NVIDIA GeForce RTX 2080 Ti
task 14 = {'target': 'spec_cnn', 'beta': 10.0}  (tag spec_cnn_b10, 32 frames/step, JSR band (-39.0, -7.0))
  target spec_cnn: threshold -1.4318, clean-frame std 1.26212 (soft_pdet width)
  step    0  JSR  -16.0  loss 102.1902  logE[BER] -92.701  P_det_soft 0.9489  (2s)
  step   25  JSR  -18.2  loss 49.4583  logE[BER] -42.769  P_det_soft 0.6690  (4s)
  step   50  JSR  -12.0  loss 20.7669  logE[BER] -10.807  P_det_soft 0.9960  (7s)
  step   75  JSR  -37.1  loss 126.2795  logE[BER] -124.810  P_det_soft 0.1470  (9s)
  step  100  JSR  -27.9  loss 102.2964  logE[BER] -100.268  P_det_soft 0.2029  (12s)
  step  125  JSR  -34.8  loss 123.4270  logE[BER] -121.908  P_det_soft 0.1519  (14s)
  step  150  JSR  -35.3  loss 123.5941  logE[BER] -121.977  P_det_soft 0.1617  (17s)
  step  175  JSR  -13.8  loss 23.4272  logE[BER] -13.544  P_det_soft 0.9883  (19s)
  step  200  JSR  -30.5  loss 104.9391  logE[BER] -103.201  P_det_soft 0.1738  (22s)
  step  225  JSR  -31.2  loss 113.7355  logE[BER] -112.114  P_det_soft 0.1622  (24s)
  step  250  JSR  -17.6  loss 36.1542  logE[BER] -28.216  P_det_soft 0.7938  (27s)
  step  275  JSR  -13.0  loss 22.4771  logE[BER] -12.560  P_det_soft 0.9917  (29s)
  step  300  JSR  -36.7  loss 122.8693  logE[BER] -121.500  P_det_soft 0.1369  (32s)
  step  325  JSR  -36.2  loss 123.7731  logE[BER] -121.705  P_det_soft 0.2068  (34s)
  step  350  JSR  -13.6  loss 20.1807  logE[BER] -10.353  P_det_soft 0.9827  (37s)
  step  375  JSR  -25.3  loss 83.9630  logE[BER] -81.134  P_det_soft 0.2829  (39s)
  step  400  JSR  -16.9  loss 26.5589  logE[BER] -17.919  P_det_soft 0.8639  (42s)
  step  425  JSR  -37.2  loss 124.8944  logE[BER] -122.959  P_det_soft 0.1936  (44s)
  step  450  JSR   -8.8  loss 16.3621  logE[BER] -6.429  P_det_soft 0.9934  (47s)
  step  475  JSR  -19.5  loss 55.9563  logE[BER] -49.904  P_det_soft 0.6052  (49s)
  step  500  JSR  -32.7  loss 115.6003  logE[BER] -114.298  P_det_soft 0.1302  (52s)
  step  525  JSR  -25.7  loss 89.6837  logE[BER] -87.181  P_det_soft 0.2502  (55s)
  step  550  JSR  -13.9  loss 20.8739  logE[BER] -11.019  P_det_soft 0.9855  (57s)
  step  575  JSR  -12.6  loss 16.5083  logE[BER] -6.579  P_det_soft 0.9929  (60s)
  step  600  JSR  -15.1  loss 19.1362  logE[BER] -9.520  P_det_soft 0.9617  (62s)
  step  625  JSR   -7.9  loss 15.7686  logE[BER] -5.821  P_det_soft 0.9947  (65s)
  step  650  JSR  -19.9  loss 62.9822  logE[BER] -57.045  P_det_soft 0.5937  (67s)
  step  675  JSR  -15.1  loss 16.6374  logE[BER] -7.511  P_det_soft 0.9127  (70s)
  step  700  JSR  -28.5  loss 83.2657  logE[BER] -81.338  P_det_soft 0.1928  (72s)
  step  725  JSR  -13.3  loss 17.9239  logE[BER] -8.027  P_det_soft 0.9897  (75s)
  step  750  JSR  -19.0  loss 37.5044  logE[BER] -31.240  P_det_soft 0.6265  (77s)
  step  775  JSR   -7.2  loss 15.7636  logE[BER] -5.812  P_det_soft 0.9951  (80s)
  step  800  JSR  -37.6  loss 120.4906  logE[BER] -119.114  P_det_soft 0.1377  (82s)
  step  825  JSR   -7.8  loss 15.7931  logE[BER] -5.855  P_det_soft 0.9938  (85s)
  step  850  JSR  -26.5  loss 76.4360  logE[BER] -74.138  P_det_soft 0.2298  (88s)
  step  875  JSR  -23.1  loss 48.5369  logE[BER] -46.265  P_det_soft 0.2272  (90s)
  step  900  JSR  -32.4  loss 107.7291  logE[BER] -106.166  P_det_soft 0.1563  (93s)
  step  925  JSR  -26.7  loss 70.2390  logE[BER] -68.174  P_det_soft 0.2065  (95s)
  step  950  JSR  -21.2  loss 38.4070  logE[BER] -34.446  P_det_soft 0.3961  (98s)
  step  975  JSR  -35.2  loss 118.0320  logE[BER] -116.269  P_det_soft 0.1763  (100s)
  step 1000  JSR  -25.2  loss 58.0459  logE[BER] -55.342  P_det_soft 0.2704  (103s)
  step 1025  JSR  -16.2  loss 18.3735  logE[BER] -9.418  P_det_soft 0.8956  (105s)
  step 1050  JSR  -34.8  loss 107.7260  logE[BER] -106.022  P_det_soft 0.1704  (108s)
  step 1075  JSR  -25.3  loss 65.1120  logE[BER] -62.516  P_det_soft 0.2596  (110s)
  step 1100  JSR  -38.8  loss 117.4063  logE[BER] -116.190  P_det_soft 0.1216  (113s)
  step 1125  JSR  -14.0  loss 16.7541  logE[BER] -7.206  P_det_soft 0.9548  (115s)
  step 1150  JSR  -12.4  loss 16.2713  logE[BER] -6.365  P_det_soft 0.9906  (118s)
  step 1175  JSR  -26.8  loss 61.9536  logE[BER] -60.192  P_det_soft 0.1762  (121s)
  step 1200  JSR  -12.7  loss 15.9372  logE[BER] -6.073  P_det_soft 0.9864  (123s)
  step 1225  JSR  -10.9  loss 15.8138  logE[BER] -5.883  P_det_soft 0.9931  (126s)
  step 1250  JSR  -11.2  loss 15.8672  logE[BER] -5.935  P_det_soft 0.9933  (128s)
  step 1275  JSR  -23.9  loss 49.2549  logE[BER] -46.588  P_det_soft 0.2667  (131s)
  step 1300  JSR  -15.3  loss 15.5526  logE[BER] -6.490  P_det_soft 0.9063  (133s)
  step 1325  JSR  -21.4  loss 14.8422  logE[BER] -12.085  P_det_soft 0.2757  (136s)
  step 1350  JSR  -32.5  loss 95.5093  logE[BER] -93.154  P_det_soft 0.2355  (138s)
  step 1375  JSR  -27.2  loss 50.6241  logE[BER] -49.126  P_det_soft 0.1498  (141s)
  step 1400  JSR  -23.1  loss 23.7752  logE[BER] -21.265  P_det_soft 0.2510  (143s)
  step 1425  JSR  -35.2  loss 98.1108  logE[BER] -96.051  P_det_soft 0.2060  (146s)
  step 1450  JSR  -29.7  loss 65.3645  logE[BER] -63.842  P_det_soft 0.1523  (148s)
  step 1475  JSR  -27.0  loss 39.6757  logE[BER] -37.628  P_det_soft 0.2048  (151s)
  step 1500  JSR  -37.5  loss 103.3335  logE[BER] -102.052  P_det_soft 0.1282  (153s)
  step 1525  JSR  -23.2  loss 21.5199  logE[BER] -18.576  P_det_soft 0.2944  (156s)
  step 1550  JSR  -37.5  loss 102.3046  logE[BER] -100.705  P_det_soft 0.1599  (159s)
  step 1575  JSR  -31.2  loss 66.5757  logE[BER] -65.060  P_det_soft 0.1515  (161s)
  step 1600  JSR  -25.3  loss 24.4725  logE[BER] -22.663  P_det_soft 0.1810  (164s)
  step 1625  JSR  -18.7  loss 10.2166  logE[BER] -6.491  P_det_soft 0.3726  (166s)
  step 1650  JSR  -31.2  loss 64.6897  logE[BER] -62.796  P_det_soft 0.1894  (169s)
  step 1675  JSR  -10.3  loss 15.3936  logE[BER] -5.489  P_det_soft 0.9904  (171s)
  step 1700  JSR  -25.1  loss 20.0107  logE[BER] -18.417  P_det_soft 0.1594  (174s)
  step 1725  JSR  -28.7  loss 47.4092  logE[BER] -45.860  P_det_soft 0.1549  (176s)
  step 1750  JSR  -32.1  loss 73.6331  logE[BER] -71.490  P_det_soft 0.2143  (179s)
  step 1775  JSR  -29.6  loss 53.8494  logE[BER] -52.061  P_det_soft 0.1788  (181s)
  step 1800  JSR  -29.6  loss 50.5712  logE[BER] -48.331  P_det_soft 0.2241  (184s)
  step 1825  JSR  -35.6  loss 89.1928  logE[BER] -86.959  P_det_soft 0.2234  (186s)
  step 1850  JSR  -18.1  loss 10.2100  logE[BER] -6.026  P_det_soft 0.4184  (189s)
  step 1875  JSR  -26.9  loss 34.8947  logE[BER] -32.898  P_det_soft 0.1997  (192s)
  step 1900  JSR   -7.1  loss 15.1111  logE[BER] -5.138  P_det_soft 0.9973  (194s)
  step 1925  JSR  -31.5  loss 65.6965  logE[BER] -63.753  P_det_soft 0.1943  (197s)
  step 1950  JSR  -16.2  loss 11.1534  logE[BER] -5.763  P_det_soft 0.5390  (199s)
  step 1975  JSR  -14.2  loss 12.7760  logE[BER] -5.677  P_det_soft 0.7099  (202s)
  step 2000  JSR  -18.3  loss 9.7700  logE[BER] -6.234  P_det_soft 0.3536  (204s)
  step 2025  JSR  -24.1  loss 16.3370  logE[BER] -14.859  P_det_soft 0.1478  (207s)
  step 2050  JSR  -22.8  loss 10.4268  logE[BER] -8.549  P_det_soft 0.1878  (209s)
  step 2075  JSR  -14.0  loss 12.9006  logE[BER] -5.975  P_det_soft 0.6926  (212s)
  step 2100  JSR  -18.7  loss 9.9183  logE[BER] -6.599  P_det_soft 0.3319  (214s)
  step 2125  JSR  -11.8  loss 14.4499  logE[BER] -5.428  P_det_soft 0.9022  (217s)
  step 2150  JSR  -30.3  loss 55.6397  logE[BER] -53.836  P_det_soft 0.1804  (219s)
  step 2175  JSR  -30.2  loss 53.0816  logE[BER] -51.437  P_det_soft 0.1644  (222s)
  step 2200  JSR  -26.2  loss 26.1330  logE[BER] -25.126  P_det_soft 0.1007  (225s)
  step 2225  JSR  -22.6  loss 10.9135  logE[BER] -8.974  P_det_soft 0.1939  (227s)
  step 2250  JSR  -37.4  loss 96.3038  logE[BER] -94.903  P_det_soft 0.1401  (230s)
  step 2275  JSR  -16.7  loss 10.4574  logE[BER] -5.971  P_det_soft 0.4486  (232s)
  step 2300  JSR  -30.2  loss 50.6176  logE[BER] -49.245  P_det_soft 0.1372  (235s)
  step 2325  JSR  -31.4  loss 64.2936  logE[BER] -62.594  P_det_soft 0.1699  (237s)
  step 2350  JSR  -11.9  loss 13.1575  logE[BER] -5.479  P_det_soft 0.7679  (240s)
  step 2375  JSR   -7.9  loss 15.2893  logE[BER] -5.320  P_det_soft 0.9969  (242s)
  step 2400  JSR  -19.0  loss 9.2110  logE[BER] -6.583  P_det_soft 0.2628  (245s)
  step 2425  JSR  -13.8  loss 12.2324  logE[BER] -5.585  P_det_soft 0.6647  (247s)
  step 2450  JSR  -20.3  loss 8.3028  logE[BER] -6.389  P_det_soft 0.1914  (250s)
  step 2475  JSR  -35.3  loss 85.4938  logE[BER] -83.433  P_det_soft 0.2061  (252s)
  step 2500  JSR  -19.8  loss 9.7386  logE[BER] -6.662  P_det_soft 0.3076  (255s)
  step 2525  JSR  -33.5  loss 79.9107  logE[BER] -78.108  P_det_soft 0.1803  (258s)
  step 2550  JSR  -13.2  loss 11.7013  logE[BER] -5.454  P_det_soft 0.6248  (260s)
  step 2575  JSR   -7.0  loss 15.1387  logE[BER] -5.178  P_det_soft 0.9960  (263s)
  step 2600  JSR  -15.2  loss 11.4449  logE[BER] -5.801  P_det_soft 0.5644  (265s)
  step 2625  JSR  -30.9  loss 56.6983  logE[BER] -55.392  P_det_soft 0.1307  (268s)
  step 2650  JSR  -28.6  loss 45.5032  logE[BER] -43.769  P_det_soft 0.1734  (270s)
  step 2675  JSR  -34.6  loss 82.4841  logE[BER] -81.100  P_det_soft 0.1384  (273s)
  step 2700  JSR  -13.9  loss 11.8677  logE[BER] -5.540  P_det_soft 0.6327  (275s)
  step 2725  JSR  -29.1  loss 43.3013  logE[BER] -41.734  P_det_soft 0.1567  (278s)
  step 2750  JSR  -33.4  loss 72.5310  logE[BER] -71.057  P_det_soft 0.1474  (280s)
  step 2775  JSR  -12.1  loss 13.6909  logE[BER] -5.447  P_det_soft 0.8244  (283s)
  step 2800  JSR  -22.5  loss 9.2270  logE[BER] -7.268  P_det_soft 0.1959  (285s)
  step 2825  JSR  -28.5  loss 41.0209  logE[BER] -39.348  P_det_soft 0.1673  (288s)
  step 2850  JSR  -38.3  loss 98.6474  logE[BER] -97.400  P_det_soft 0.1248  (290s)
  step 2875  JSR  -15.4  loss 10.4817  logE[BER] -5.905  P_det_soft 0.4577  (293s)
  step 2900  JSR  -25.0  loss 17.7028  logE[BER] -15.509  P_det_soft 0.2194  (296s)
  step 2925  JSR  -21.3  loss 9.6085  logE[BER] -7.506  P_det_soft 0.2102  (298s)
  step 2950  JSR  -13.2  loss 11.8388  logE[BER] -5.511  P_det_soft 0.6328  (301s)
  step 2975  JSR  -16.5  loss 8.8783  logE[BER] -5.493  P_det_soft 0.3385  (303s)
  step 3000  JSR  -14.7  loss 10.0438  logE[BER] -5.747  P_det_soft 0.4297  (306s)
  step 3025  JSR  -35.4  loss 83.4086  logE[BER] -82.164  P_det_soft 0.1245  (308s)
  step 3050  JSR  -33.2  loss 72.2009  logE[BER] -69.940  P_det_soft 0.2261  (311s)
  step 3075  JSR  -21.8  loss 9.0262  logE[BER] -7.520  P_det_soft 0.1507  (313s)
  step 3100  JSR  -26.0  loss 21.8537  logE[BER] -20.002  P_det_soft 0.1852  (316s)
  step 3125  JSR  -38.8  loss 101.6445  logE[BER] -100.062  P_det_soft 0.1582  (318s)
  step 3150  JSR  -11.7  loss 13.4618  logE[BER] -5.350  P_det_soft 0.8112  (321s)
  step 3175  JSR  -12.1  loss 13.0250  logE[BER] -5.412  P_det_soft 0.7613  (323s)
  step 3200  JSR  -37.0  loss 94.4117  logE[BER] -93.064  P_det_soft 0.1348  (326s)
  step 3225  JSR  -32.6  loss 69.7374  logE[BER] -68.092  P_det_soft 0.1645  (329s)
  step 3250  JSR  -37.9  loss 98.7843  logE[BER] -97.354  P_det_soft 0.1431  (331s)
  step 3275  JSR  -24.9  loss 16.8212  logE[BER] -14.948  P_det_soft 0.1873  (334s)
  step 3300  JSR  -16.1  loss 9.0304  logE[BER] -5.899  P_det_soft 0.3131  (336s)
  step 3325  JSR  -38.5  loss 101.0115  logE[BER] -99.341  P_det_soft 0.1670  (339s)
  step 3350  JSR  -31.3  loss 58.9389  logE[BER] -57.432  P_det_soft 0.1507  (341s)
  step 3375  JSR  -14.1  loss 11.4194  logE[BER] -5.525  P_det_soft 0.5895  (344s)
  step 3400  JSR  -15.2  loss 10.3077  logE[BER] -5.726  P_det_soft 0.4582  (346s)
  step 3425  JSR  -27.9  loss 34.5336  logE[BER] -32.781  P_det_soft 0.1753  (349s)
  step 3450  JSR  -35.3  loss 84.6166  logE[BER] -83.108  P_det_soft 0.1508  (351s)
  step 3475  JSR  -10.0  loss 14.8886  logE[BER] -5.428  P_det_soft 0.9461  (354s)
  step 3500  JSR  -35.4  loss 83.7989  logE[BER] -82.017  P_det_soft 0.1782  (356s)
  step 3525  JSR   -8.8  loss 14.9143  logE[BER] -5.169  P_det_soft 0.9745  (359s)
  step 3550  JSR  -10.1  loss 14.1604  logE[BER] -5.106  P_det_soft 0.9055  (362s)
  step 3575  JSR  -33.4  loss 73.1865  logE[BER] -71.110  P_det_soft 0.2077  (364s)
  step 3600  JSR  -29.2  loss 45.5200  logE[BER] -43.876  P_det_soft 0.1644  (367s)
  step 3625  JSR   -8.4  loss 15.0539  logE[BER] -5.345  P_det_soft 0.9709  (369s)
  step 3650  JSR  -31.9  loss 64.6230  logE[BER] -63.206  P_det_soft 0.1417  (372s)
  step 3675  JSR  -35.6  loss 86.0735  logE[BER] -84.617  P_det_soft 0.1457  (374s)
  step 3700  JSR  -28.0  loss 36.3936  logE[BER] -34.691  P_det_soft 0.1703  (377s)
  step 3725  JSR  -28.3  loss 40.8731  logE[BER] -39.321  P_det_soft 0.1552  (379s)
  step 3750  JSR  -25.4  loss 19.4552  logE[BER] -17.038  P_det_soft 0.2417  (382s)
  step 3775  JSR  -29.9  loss 48.4483  logE[BER] -46.785  P_det_soft 0.1663  (384s)
  step 3800  JSR   -9.3  loss 14.9017  logE[BER] -5.466  P_det_soft 0.9436  (387s)
  step 3825  JSR  -10.3  loss 13.8009  logE[BER] -5.372  P_det_soft 0.8429  (389s)
  step 3850  JSR  -22.9  loss 10.6254  logE[BER] -8.704  P_det_soft 0.1922  (392s)
  step 3875  JSR  -16.3  loss 9.5620  logE[BER] -5.769  P_det_soft 0.3793  (395s)
  step 3900  JSR  -22.1  loss 8.4640  logE[BER] -6.977  P_det_soft 0.1487  (397s)
  step 3925  JSR  -12.4  loss 11.3946  logE[BER] -5.267  P_det_soft 0.6128  (400s)
  step 3950  JSR  -14.1  loss 10.6993  logE[BER] -5.647  P_det_soft 0.5052  (402s)
  step 3975  JSR  -10.7  loss 14.1820  logE[BER] -5.290  P_det_soft 0.8892  (405s)
  step 3999  JSR  -24.4  loss 15.9138  logE[BER] -14.093  P_det_soft 0.1821  (407s)
wrote task14_G.pt, task14.json  (tag spec_cnn_b10)
