node: tikgpu04.ee.ethz.ch | gpu: NVIDIA TITAN RTX
task 9 = {'target': 'kurtosis', 'beta': 1.0}  (tag kurtosis_b1, 128 frames/step, JSR band (-32.0, 0.0))
  target kurtosis: threshold 0.0508405, clean-frame std 0.0154177 (soft_pdet width)
  step    0  JSR   -8.1  loss 21.7149  logE[BER] -20.737  P_det_soft 0.9775  (1s)
  step   25  JSR   -4.8  loss 4.9025  logE[BER] -3.903  P_det_soft 0.9999  (2s)
  step   50  JSR  -23.9  loss 979.5969  logE[BER] -979.441  P_det_soft 0.1562  (2s)
  step   75  JSR  -24.0  loss 563.1718  logE[BER] -563.008  P_det_soft 0.1636  (3s)
  step  100  JSR   -3.3  loss 4.5793  logE[BER] -3.579  P_det_soft 1.0000  (3s)
  step  125  JSR  -14.8  loss 6.4333  logE[BER] -6.062  P_det_soft 0.3714  (4s)
  step  150  JSR  -15.3  loss 6.5768  logE[BER] -6.224  P_det_soft 0.3528  (4s)
  step  175  JSR   -2.1  loss 4.0809  logE[BER] -3.081  P_det_soft 1.0000  (5s)
  step  200  JSR  -25.5  loss 487.1943  logE[BER] -487.025  P_det_soft 0.1690  (5s)
  step  225  JSR   -3.2  loss 4.5723  logE[BER] -3.572  P_det_soft 1.0000  (6s)
  step  250  JSR  -15.6  loss 6.6250  logE[BER] -6.259  P_det_soft 0.3662  (6s)
  step  275  JSR  -30.6  loss 1700.3862  logE[BER] -1700.227  P_det_soft 0.1589  (7s)
  step  300  JSR  -17.5  loss 7.1169  logE[BER] -6.885  P_det_soft 0.2323  (8s)
  step  325  JSR   -2.8  loss 4.5421  logE[BER] -3.542  P_det_soft 1.0000  (8s)
  step  350  JSR  -16.4  loss 6.8136  logE[BER] -6.457  P_det_soft 0.3570  (9s)
  step  375  JSR  -29.5  loss 1455.9832  logE[BER] -1455.824  P_det_soft 0.1596  (9s)
  step  400  JSR  -24.3  loss 304.6891  logE[BER] -304.530  P_det_soft 0.1595  (10s)
  step  425  JSR  -17.0  loss 6.5949  logE[BER] -6.320  P_det_soft 0.2744  (10s)
  step  450  JSR  -22.7  loss 36.8148  logE[BER] -36.639  P_det_soft 0.1762  (11s)
  step  475  JSR  -27.2  loss 676.0521  logE[BER] -675.880  P_det_soft 0.1719  (11s)
  step  500  JSR  -12.6  loss 6.4313  logE[BER] -5.713  P_det_soft 0.7181  (12s)
  step  525  JSR  -13.7  loss 6.3008  logE[BER] -5.716  P_det_soft 0.5849  (12s)
  step  550  JSR  -28.3  loss 1058.3232  logE[BER] -1058.160  P_det_soft 0.1633  (13s)
  step  575  JSR   -3.5  loss 4.9925  logE[BER] -3.992  P_det_soft 1.0000  (14s)
  step  600  JSR  -20.4  loss 7.7233  logE[BER] -7.550  P_det_soft 0.1730  (14s)
  step  625  JSR   -6.8  loss 6.0135  logE[BER] -5.014  P_det_soft 1.0000  (15s)
  step  650  JSR  -24.7  loss 150.2170  logE[BER] -150.039  P_det_soft 0.1785  (15s)
  step  675  JSR  -30.0  loss 1403.2106  logE[BER] -1403.037  P_det_soft 0.1741  (16s)
  step  700  JSR  -26.7  loss 655.6638  logE[BER] -655.482  P_det_soft 0.1822  (16s)
  step  725  JSR  -12.1  loss 6.4624  logE[BER] -5.660  P_det_soft 0.8022  (17s)
  step  750  JSR   -0.9  loss 4.0275  logE[BER] -3.028  P_det_soft 1.0000  (17s)
  step  775  JSR  -27.0  loss 803.4282  logE[BER] -803.257  P_det_soft 0.1710  (18s)
  step  800  JSR  -21.5  loss 8.8392  logE[BER] -8.659  P_det_soft 0.1797  (18s)
  step  825  JSR   -6.6  loss 5.9826  logE[BER] -4.983  P_det_soft 1.0000  (19s)
  step  850  JSR  -16.2  loss 6.4377  logE[BER] -6.043  P_det_soft 0.3946  (20s)
  step  875  JSR   -9.3  loss 6.3986  logE[BER] -5.399  P_det_soft 0.9994  (20s)
  step  900  JSR  -18.5  loss 6.7462  logE[BER] -6.534  P_det_soft 0.2122  (21s)
  step  925  JSR   -6.7  loss 5.8948  logE[BER] -4.895  P_det_soft 0.9999  (21s)
  step  950  JSR  -18.6  loss 6.8712  logE[BER] -6.617  P_det_soft 0.2539  (22s)
  step  975  JSR  -15.7  loss 6.5202  logE[BER] -6.082  P_det_soft 0.4382  (22s)
  step 1000  JSR   -6.1  loss 5.9305  logE[BER] -4.931  P_det_soft 1.0000  (23s)
  step 1025  JSR   -5.1  loss 5.6592  logE[BER] -4.659  P_det_soft 1.0000  (23s)
  step 1050  JSR   -0.0  loss 4.0808  logE[BER] -3.081  P_det_soft 1.0000  (24s)
  step 1075  JSR  -23.0  loss 10.9008  logE[BER] -10.729  P_det_soft 0.1721  (24s)
  step 1100  JSR  -12.0  loss 6.5533  logE[BER] -5.650  P_det_soft 0.9033  (25s)
  step 1125  JSR   -6.2  loss 5.8956  logE[BER] -4.896  P_det_soft 1.0000  (26s)
  step 1150  JSR   -9.6  loss 6.4181  logE[BER] -5.419  P_det_soft 0.9992  (26s)
  step 1175  JSR   -4.9  loss 5.7088  logE[BER] -4.709  P_det_soft 1.0000  (27s)
  step 1200  JSR   -3.8  loss 5.3583  logE[BER] -4.358  P_det_soft 1.0000  (27s)
  step 1225  JSR  -29.3  loss 1094.4830  logE[BER] -1094.312  P_det_soft 0.1712  (28s)
  step 1250  JSR  -18.4  loss 6.8795  logE[BER] -6.634  P_det_soft 0.2450  (28s)
  step 1275  JSR  -12.3  loss 6.5336  logE[BER] -5.662  P_det_soft 0.8718  (29s)
  step 1300  JSR  -26.3  loss 401.0285  logE[BER] -400.856  P_det_soft 0.1728  (29s)
  step 1325  JSR  -31.5  loss 1606.9444  logE[BER] -1606.797  P_det_soft 0.1476  (30s)
  step 1350  JSR  -19.6  loss 7.3324  logE[BER] -7.137  P_det_soft 0.1949  (31s)
  step 1375  JSR   -1.1  loss 4.5127  logE[BER] -3.513  P_det_soft 1.0000  (31s)
  step 1400  JSR  -30.6  loss 1365.9888  logE[BER] -1365.845  P_det_soft 0.1438  (32s)
  step 1425  JSR  -17.1  loss 6.4182  logE[BER] -6.118  P_det_soft 0.2999  (32s)
  step 1450  JSR  -12.3  loss 6.4987  logE[BER] -5.607  P_det_soft 0.8921  (33s)
  step 1475  JSR   -9.5  loss 6.2909  logE[BER] -5.294  P_det_soft 0.9973  (33s)
  step 1500  JSR  -25.6  loss 387.1549  logE[BER] -386.995  P_det_soft 0.1597  (34s)
  step 1525  JSR  -12.8  loss 6.5519  logE[BER] -5.703  P_det_soft 0.8491  (34s)
  step 1550  JSR  -19.0  loss 7.0214  logE[BER] -6.759  P_det_soft 0.2623  (35s)
  step 1575  JSR   -3.3  loss 5.2540  logE[BER] -4.254  P_det_soft 1.0000  (35s)
  step 1600  JSR   -5.1  loss 5.7660  logE[BER] -4.766  P_det_soft 1.0000  (36s)
  step 1625  JSR  -30.9  loss 1326.6598  logE[BER] -1326.512  P_det_soft 0.1476  (37s)
  step 1650  JSR  -18.3  loss 6.7735  logE[BER] -6.472  P_det_soft 0.3017  (37s)
  step 1675  JSR  -14.5  loss 6.3290  logE[BER] -5.738  P_det_soft 0.5913  (38s)
  step 1700  JSR   -2.6  loss 5.0010  logE[BER] -4.001  P_det_soft 1.0000  (38s)
  step 1725  JSR  -17.3  loss 6.4941  logE[BER] -6.182  P_det_soft 0.3117  (39s)
  step 1750  JSR   -0.5  loss 4.3265  logE[BER] -3.327  P_det_soft 1.0000  (39s)
  step 1775  JSR  -29.3  loss 1142.3554  logE[BER] -1142.192  P_det_soft 0.1637  (40s)
  step 1800  JSR   -7.3  loss 6.1300  logE[BER] -5.130  P_det_soft 1.0000  (40s)
  step 1825  JSR  -31.5  loss 1529.6001  logE[BER] -1529.432  P_det_soft 0.1682  (41s)
  step 1850  JSR  -11.7  loss 6.3524  logE[BER] -5.409  P_det_soft 0.9432  (41s)
  step 1875  JSR  -27.5  loss 588.6432  logE[BER] -588.500  P_det_soft 0.1430  (42s)
  step 1900  JSR  -17.7  loss 6.4960  logE[BER] -6.181  P_det_soft 0.3147  (43s)
  step 1925  JSR  -21.1  loss 8.0455  logE[BER] -7.838  P_det_soft 0.2077  (43s)
  step 1950  JSR   -3.5  loss 5.3305  logE[BER] -4.331  P_det_soft 1.0000  (44s)
  step 1975  JSR  -31.9  loss 1624.8642  logE[BER] -1624.711  P_det_soft 0.1529  (44s)
  step 2000  JSR   -4.0  loss 5.5185  logE[BER] -4.519  P_det_soft 1.0000  (45s)
  step 2025  JSR  -24.5  loss 123.0419  logE[BER] -122.889  P_det_soft 0.1525  (45s)
  step 2050  JSR  -14.8  loss 6.3998  logE[BER] -5.844  P_det_soft 0.5560  (46s)
  step 2075  JSR  -18.9  loss 6.8471  logE[BER] -6.565  P_det_soft 0.2826  (46s)
  step 2100  JSR  -14.3  loss 6.4388  logE[BER] -5.801  P_det_soft 0.6380  (47s)
  step 2125  JSR  -21.5  loss 8.2669  logE[BER] -8.097  P_det_soft 0.1695  (48s)
  step 2150  JSR  -22.7  loss 9.8847  logE[BER] -9.718  P_det_soft 0.1671  (48s)
  step 2175  JSR  -15.8  loss 6.5488  logE[BER] -6.037  P_det_soft 0.5116  (49s)
  step 2200  JSR  -11.9  loss 6.5634  logE[BER] -5.629  P_det_soft 0.9346  (49s)
  step 2225  JSR  -29.9  loss 1220.0637  logE[BER] -1219.901  P_det_soft 0.1624  (50s)
  step 2250  JSR  -31.7  loss 1609.1661  logE[BER] -1608.984  P_det_soft 0.1820  (50s)
  step 2275  JSR   -7.1  loss 6.0791  logE[BER] -5.079  P_det_soft 1.0000  (51s)
  step 2300  JSR  -29.7  loss 1258.9621  logE[BER] -1258.816  P_det_soft 0.1465  (51s)
  step 2325  JSR   -3.6  loss 5.4495  logE[BER] -4.450  P_det_soft 1.0000  (52s)
  step 2350  JSR  -25.2  loss 306.5767  logE[BER] -306.383  P_det_soft 0.1935  (52s)
  step 2375  JSR   -8.7  loss 6.2262  logE[BER] -5.227  P_det_soft 0.9994  (53s)
  step 2400  JSR  -16.3  loss 6.2685  logE[BER] -5.851  P_det_soft 0.4176  (54s)
  step 2425  JSR   -8.7  loss 6.2922  logE[BER] -5.292  P_det_soft 1.0000  (54s)
  step 2450  JSR   -6.9  loss 6.1347  logE[BER] -5.135  P_det_soft 1.0000  (55s)
  step 2475  JSR  -11.8  loss 6.4348  logE[BER] -5.484  P_det_soft 0.9512  (55s)
  step 2500  JSR   -2.2  loss 4.9600  logE[BER] -3.960  P_det_soft 1.0000  (56s)
  step 2525  JSR  -18.0  loss 6.5119  logE[BER] -6.240  P_det_soft 0.2723  (56s)
  step 2550  JSR  -14.7  loss 6.2938  logE[BER] -5.739  P_det_soft 0.5549  (57s)
  step 2575  JSR  -10.9  loss 6.3795  logE[BER] -5.400  P_det_soft 0.9795  (57s)
  step 2600  JSR   -7.7  loss 6.2794  logE[BER] -5.279  P_det_soft 1.0000  (58s)
  step 2625  JSR  -17.1  loss 6.2680  logE[BER] -5.922  P_det_soft 0.3463  (59s)
  step 2650  JSR   -2.9  loss 5.2047  logE[BER] -4.205  P_det_soft 1.0000  (59s)
  step 2675  JSR  -22.9  loss 9.9666  logE[BER] -9.793  P_det_soft 0.1738  (60s)
  step 2700  JSR  -13.2  loss 6.4350  logE[BER] -5.689  P_det_soft 0.7461  (60s)
  step 2725  JSR  -28.1  loss 790.9514  logE[BER] -790.794  P_det_soft 0.1572  (61s)
  step 2750  JSR   -3.7  loss 5.3503  logE[BER] -4.350  P_det_soft 1.0000  (61s)
  step 2775  JSR  -30.1  loss 1164.7655  logE[BER] -1164.594  P_det_soft 0.1717  (62s)
  step 2800  JSR  -12.0  loss 6.5535  logE[BER] -5.602  P_det_soft 0.9519  (62s)
  step 2825  JSR  -23.8  loss 31.9990  logE[BER] -31.860  P_det_soft 0.1393  (63s)
  step 2850  JSR  -13.8  loss 6.5232  logE[BER] -5.752  P_det_soft 0.7708  (63s)
  step 2875  JSR  -21.2  loss 7.6718  logE[BER] -7.524  P_det_soft 0.1480  (64s)
  step 2900  JSR   -2.4  loss 5.0795  logE[BER] -4.080  P_det_soft 1.0000  (65s)
  step 2925  JSR   -9.7  loss 6.3187  logE[BER] -5.319  P_det_soft 1.0000  (65s)
  step 2950  JSR   -6.1  loss 5.9870  logE[BER] -4.987  P_det_soft 1.0000  (66s)
  step 2975  JSR   -8.4  loss 6.2978  logE[BER] -5.298  P_det_soft 1.0000  (66s)
  step 3000  JSR  -19.6  loss 6.9373  logE[BER] -6.716  P_det_soft 0.2212  (67s)
  step 3025  JSR  -28.2  loss 739.7170  logE[BER] -739.566  P_det_soft 0.1508  (67s)
  step 3050  JSR  -21.3  loss 7.8665  logE[BER] -7.670  P_det_soft 0.1968  (68s)
  step 3075  JSR  -30.5  loss 1281.2067  logE[BER] -1281.065  P_det_soft 0.1422  (68s)
  step 3100  JSR  -26.0  loss 425.8307  logE[BER] -425.677  P_det_soft 0.1534  (69s)
  step 3125  JSR  -20.0  loss 6.9358  logE[BER] -6.727  P_det_soft 0.2089  (70s)
  step 3150  JSR   -3.9  loss 5.4729  logE[BER] -4.473  P_det_soft 1.0000  (70s)
  step 3175  JSR  -19.0  loss 6.6417  logE[BER] -6.414  P_det_soft 0.2276  (71s)
  step 3200  JSR  -24.2  loss 77.1518  logE[BER] -76.986  P_det_soft 0.1661  (71s)
  step 3225  JSR  -25.1  loss 239.0435  logE[BER] -238.887  P_det_soft 0.1563  (72s)
  step 3250  JSR  -27.0  loss 526.0593  logE[BER] -525.886  P_det_soft 0.1733  (72s)
  step 3275  JSR  -16.9  loss 6.4523  logE[BER] -6.040  P_det_soft 0.4121  (73s)
  step 3300  JSR  -10.4  loss 6.4405  logE[BER] -5.445  P_det_soft 0.9951  (73s)
  step 3325  JSR  -22.4  loss 9.0860  logE[BER] -8.900  P_det_soft 0.1860  (74s)
  step 3350  JSR  -29.6  loss 1097.7174  logE[BER] -1097.575  P_det_soft 0.1425  (75s)
  step 3375  JSR  -10.9  loss 6.5035  logE[BER] -5.512  P_det_soft 0.9915  (75s)
  step 3400  JSR  -11.0  loss 6.3868  logE[BER] -5.394  P_det_soft 0.9924  (76s)
  step 3425  JSR  -29.7  loss 1119.0397  logE[BER] -1118.854  P_det_soft 0.1860  (76s)
  step 3450  JSR   -8.0  loss 6.2702  logE[BER] -5.270  P_det_soft 1.0000  (77s)
  step 3475  JSR  -31.8  loss 1692.2385  logE[BER] -1692.091  P_det_soft 0.1471  (77s)
  step 3500  JSR   -7.1  loss 6.1326  logE[BER] -5.133  P_det_soft 1.0000  (78s)
  step 3525  JSR  -14.1  loss 6.3288  logE[BER] -5.668  P_det_soft 0.6605  (78s)
  step 3550  JSR  -13.3  loss 6.4430  logE[BER] -5.665  P_det_soft 0.7775  (79s)
  step 3575  JSR   -8.3  loss 6.2369  logE[BER] -5.237  P_det_soft 1.0000  (80s)
  step 3600  JSR   -5.7  loss 5.8637  logE[BER] -4.864  P_det_soft 1.0000  (80s)
  step 3625  JSR   -8.6  loss 6.2131  logE[BER] -5.213  P_det_soft 1.0000  (81s)
  step 3650  JSR  -22.4  loss 8.4760  logE[BER] -8.280  P_det_soft 0.1959  (81s)
  step 3675  JSR  -21.7  loss 8.1160  logE[BER] -7.938  P_det_soft 0.1781  (82s)
  step 3700  JSR  -21.1  loss 7.7438  logE[BER] -7.558  P_det_soft 0.1855  (82s)
  step 3725  JSR   -3.7  loss 5.3421  logE[BER] -4.342  P_det_soft 1.0000  (83s)
  step 3750  JSR  -30.7  loss 1428.2868  logE[BER] -1428.124  P_det_soft 0.1625  (83s)
  step 3775  JSR  -18.5  loss 6.4584  logE[BER] -6.183  P_det_soft 0.2758  (84s)
  step 3800  JSR   -9.5  loss 6.3191  logE[BER] -5.319  P_det_soft 1.0000  (85s)
  step 3825  JSR   -4.1  loss 5.6716  logE[BER] -4.672  P_det_soft 1.0000  (85s)
  step 3850  JSR  -15.2  loss 6.2641  logE[BER] -5.716  P_det_soft 0.5484  (86s)
  step 3875  JSR   -4.6  loss 5.6122  logE[BER] -4.612  P_det_soft 1.0000  (86s)
  step 3900  JSR  -25.6  loss 268.2371  logE[BER] -268.076  P_det_soft 0.1611  (87s)
  step 3925  JSR  -18.1  loss 6.5986  logE[BER] -6.329  P_det_soft 0.2699  (87s)
  step 3950  JSR   -8.8  loss 6.2620  logE[BER] -5.262  P_det_soft 1.0000  (88s)
  step 3975  JSR   -4.9  loss 5.7689  logE[BER] -4.769  P_det_soft 1.0000  (89s)
  step 3999  JSR  -13.9  loss 6.3845  logE[BER] -5.683  P_det_soft 0.7013  (89s)
wrote task9_G.pt, task9.json  (tag kurtosis_b1)
