node: tikgpu07.ee.ethz.ch | gpu: NVIDIA GeForce RTX 3090
task 14 = {'target': 'spec_cnn', 'beta': 10.0}  (tag spec_cnn_b10, 32 frames/step, JSR band (-48.0, -16.0))
  target spec_cnn: threshold -3.17573, clean-frame std 0.949107 (soft_pdet width)
  step    0  JSR  -26.1  loss 3175.9890  logE[BER] -3168.475  P_det_soft 0.7514  (1s)
  step   25  JSR  -30.6  loss 2843.6082  logE[BER] -2839.105  P_det_soft 0.4503  (2s)
  step   50  JSR  -35.5  loss 2839.1310  logE[BER] -2836.690  P_det_soft 0.2441  (4s)
  step   75  JSR  -19.8  loss 17.5311  logE[BER] -8.311  P_det_soft 0.9220  (6s)
  step  100  JSR  -25.2  loss 647.6521  logE[BER] -640.572  P_det_soft 0.7080  (8s)
  step  125  JSR  -46.2  loss 3621.4565  logE[BER] -3619.806  P_det_soft 0.1650  (9s)
  step  150  JSR  -25.0  loss 259.3681  logE[BER] -253.057  P_det_soft 0.6311  (11s)
  step  175  JSR  -45.9  loss 3597.1785  logE[BER] -3595.225  P_det_soft 0.1953  (13s)
  step  200  JSR  -40.8  loss 3257.6840  logE[BER] -3255.838  P_det_soft 0.1846  (15s)
  step  225  JSR  -36.4  loss 2627.9211  logE[BER] -2626.495  P_det_soft 0.1426  (17s)
  step  250  JSR  -30.4  loss 1508.7030  logE[BER] -1505.918  P_det_soft 0.2785  (18s)
  step  275  JSR  -31.4  loss 2065.2613  logE[BER] -2062.816  P_det_soft 0.2446  (20s)
  step  300  JSR  -32.7  loss 2095.5483  logE[BER] -2093.636  P_det_soft 0.1913  (22s)
  step  325  JSR  -44.9  loss 3452.6404  logE[BER] -3450.765  P_det_soft 0.1875  (24s)
  step  350  JSR  -36.9  loss 2649.7002  logE[BER] -2647.812  P_det_soft 0.1888  (26s)
  step  375  JSR  -37.6  loss 2709.7942  logE[BER] -2707.792  P_det_soft 0.2002  (28s)
  step  400  JSR  -35.5  loss 2541.0341  logE[BER] -2539.309  P_det_soft 0.1725  (30s)
  step  425  JSR  -28.9  loss 1187.3138  logE[BER] -1184.858  P_det_soft 0.2456  (31s)
  step  450  JSR  -37.5  loss 2756.4804  logE[BER] -2755.026  P_det_soft 0.1454  (33s)
  step  475  JSR  -21.3  loss 15.3530  logE[BER] -7.996  P_det_soft 0.7357  (35s)
  step  500  JSR  -20.4  loss 15.4226  logE[BER] -7.137  P_det_soft 0.8285  (37s)
  step  525  JSR  -20.6  loss 14.8168  logE[BER] -7.347  P_det_soft 0.7470  (39s)
  step  550  JSR  -39.7  loss 2944.0250  logE[BER] -2942.268  P_det_soft 0.1757  (41s)
  step  575  JSR  -39.8  loss 2986.9879  logE[BER] -2985.124  P_det_soft 0.1864  (43s)
  step  600  JSR  -21.6  loss 15.5669  logE[BER] -7.902  P_det_soft 0.7665  (44s)
  step  625  JSR  -36.9  loss 2608.0357  logE[BER] -2606.127  P_det_soft 0.1909  (46s)
  step  650  JSR  -42.7  loss 3291.8829  logE[BER] -3290.604  P_det_soft 0.1279  (48s)
  step  675  JSR  -42.2  loss 3207.9467  logE[BER] -3206.268  P_det_soft 0.1678  (50s)
  step  700  JSR  -21.3  loss 14.7952  logE[BER] -7.625  P_det_soft 0.7171  (52s)
  step  725  JSR  -32.7  loss 1802.9976  logE[BER] -1800.955  P_det_soft 0.2043  (54s)
  step  750  JSR  -38.7  loss 2885.4727  logE[BER] -2883.807  P_det_soft 0.1665  (56s)
  step  775  JSR  -43.0  loss 3356.4634  logE[BER] -3355.034  P_det_soft 0.1430  (58s)
  step  800  JSR  -17.0  loss 16.0195  logE[BER] -6.366  P_det_soft 0.9653  (60s)
  step  825  JSR  -19.9  loss 14.9578  logE[BER] -6.878  P_det_soft 0.8080  (62s)
  step  850  JSR  -40.3  loss 2970.5825  logE[BER] -2969.059  P_det_soft 0.1524  (64s)
  step  875  JSR  -46.9  loss 3534.5720  logE[BER] -3532.903  P_det_soft 0.1669  (66s)
  step  900  JSR  -34.4  loss 2264.9760  logE[BER] -2263.704  P_det_soft 0.1272  (68s)
  step  925  JSR  -26.5  loss 431.6850  logE[BER] -428.291  P_det_soft 0.3394  (70s)
  step  950  JSR  -19.5  loss 15.4320  logE[BER] -6.647  P_det_soft 0.8785  (72s)
  step  975  JSR  -44.9  loss 3492.1761  logE[BER] -3490.282  P_det_soft 0.1894  (74s)
  step 1000  JSR  -44.3  loss 3390.2838  logE[BER] -3388.746  P_det_soft 0.1538  (76s)
  step 1025  JSR  -17.1  loss 16.0072  logE[BER] -6.372  P_det_soft 0.9635  (78s)
  step 1050  JSR  -16.6  loss 15.2030  logE[BER] -5.833  P_det_soft 0.9370  (80s)
  step 1075  JSR  -43.7  loss 3352.8639  logE[BER] -3351.538  P_det_soft 0.1326  (82s)
  step 1100  JSR  -36.5  loss 2536.9821  logE[BER] -2534.866  P_det_soft 0.2116  (84s)
  step 1125  JSR  -37.1  loss 2775.6998  logE[BER] -2773.870  P_det_soft 0.1830  (86s)
  step 1150  JSR  -31.4  loss 1642.1414  logE[BER] -1639.975  P_det_soft 0.2166  (88s)
  step 1175  JSR  -27.5  loss 713.6875  logE[BER] -710.397  P_det_soft 0.3291  (90s)
  step 1200  JSR  -39.2  loss 2923.3597  logE[BER] -2921.283  P_det_soft 0.2077  (92s)
  step 1225  JSR  -22.2  loss 16.0310  logE[BER] -9.011  P_det_soft 0.7020  (94s)
  step 1250  JSR  -35.5  loss 2393.4034  logE[BER] -2391.919  P_det_soft 0.1485  (96s)
  step 1275  JSR  -45.7  loss 3462.4009  logE[BER] -3461.014  P_det_soft 0.1387  (98s)
  step 1300  JSR  -17.8  loss 15.0052  logE[BER] -5.892  P_det_soft 0.9114  (100s)
  step 1325  JSR  -44.0  loss 3415.9477  logE[BER] -3414.201  P_det_soft 0.1746  (102s)
  step 1350  JSR  -45.2  loss 3439.8427  logE[BER] -3438.130  P_det_soft 0.1713  (104s)
  step 1375  JSR  -36.3  loss 2461.5517  logE[BER] -2459.637  P_det_soft 0.1915  (106s)
  step 1400  JSR  -33.1  loss 1996.9521  logE[BER] -1995.297  P_det_soft 0.1655  (108s)
  step 1425  JSR  -36.6  loss 2526.0142  logE[BER] -2524.375  P_det_soft 0.1639  (110s)
  step 1450  JSR  -30.8  loss 1543.4842  logE[BER] -1541.155  P_det_soft 0.2329  (112s)
  step 1475  JSR  -46.4  loss 3519.9050  logE[BER] -3518.454  P_det_soft 0.1451  (114s)
  step 1500  JSR  -29.8  loss 1465.4413  logE[BER] -1461.894  P_det_soft 0.3547  (116s)
  step 1525  JSR  -32.5  loss 1845.4453  logE[BER] -1843.182  P_det_soft 0.2263  (118s)
  step 1550  JSR  -21.6  loss 15.1158  logE[BER] -8.264  P_det_soft 0.6851  (121s)
  step 1575  JSR  -42.1  loss 3196.0763  logE[BER] -3194.220  P_det_soft 0.1856  (123s)
  step 1600  JSR  -45.8  loss 3439.4022  logE[BER] -3437.368  P_det_soft 0.2034  (125s)
  step 1625  JSR  -19.6  loss 14.9466  logE[BER] -6.815  P_det_soft 0.8132  (127s)
  step 1650  JSR  -28.3  loss 789.2225  logE[BER] -786.477  P_det_soft 0.2745  (129s)
  step 1675  JSR  -24.8  loss 200.2692  logE[BER] -196.442  P_det_soft 0.3827  (131s)
  step 1700  JSR  -32.2  loss 1872.2085  logE[BER] -1870.624  P_det_soft 0.1584  (133s)
  step 1725  JSR  -41.0  loss 3080.5582  logE[BER] -3078.455  P_det_soft 0.2104  (135s)
  step 1750  JSR  -25.3  loss 222.6545  logE[BER] -218.295  P_det_soft 0.4359  (137s)
  step 1775  JSR  -43.6  loss 3355.3122  logE[BER] -3353.714  P_det_soft 0.1598  (140s)
  step 1800  JSR  -37.9  loss 2728.5338  logE[BER] -2727.110  P_det_soft 0.1424  (142s)
  step 1825  JSR  -28.1  loss 928.4993  logE[BER] -925.067  P_det_soft 0.3432  (144s)
  step 1850  JSR  -35.5  loss 2295.1599  logE[BER] -2293.079  P_det_soft 0.2081  (146s)
  step 1875  JSR  -39.8  loss 2952.8508  logE[BER] -2951.472  P_det_soft 0.1378  (148s)
  step 1900  JSR  -20.8  loss 14.5564  logE[BER] -7.051  P_det_soft 0.7505  (150s)
  step 1925  JSR  -35.0  loss 2348.3958  logE[BER] -2346.544  P_det_soft 0.1852  (152s)
  step 1950  JSR  -38.5  loss 2784.8651  logE[BER] -2783.298  P_det_soft 0.1568  (154s)
  step 1975  JSR  -43.7  loss 3290.7844  logE[BER] -3288.872  P_det_soft 0.1912  (156s)
  step 2000  JSR  -36.9  loss 2486.3180  logE[BER] -2484.340  P_det_soft 0.1978  (158s)
  step 2025  JSR  -18.1  loss 14.3446  logE[BER] -6.161  P_det_soft 0.8184  (160s)
  step 2050  JSR  -44.2  loss 3372.5180  logE[BER] -3370.439  P_det_soft 0.2079  (163s)
  step 2075  JSR  -30.1  loss 1265.8634  logE[BER] -1263.304  P_det_soft 0.2559  (165s)
  step 2100  JSR  -35.1  loss 2247.2284  logE[BER] -2245.185  P_det_soft 0.2044  (167s)
  step 2125  JSR  -23.0  loss 26.2531  logE[BER] -19.572  P_det_soft 0.6681  (169s)
  step 2150  JSR  -25.5  loss 213.7012  logE[BER] -210.004  P_det_soft 0.3697  (171s)
  step 2175  JSR  -47.7  loss 3558.9380  logE[BER] -3557.560  P_det_soft 0.1378  (173s)
  step 2200  JSR  -23.5  loss 71.9796  logE[BER] -66.800  P_det_soft 0.5180  (175s)
  step 2225  JSR  -40.4  loss 2989.4838  logE[BER] -2987.492  P_det_soft 0.1992  (177s)
  step 2250  JSR  -21.8  loss 13.1668  logE[BER] -7.193  P_det_soft 0.5973  (179s)
  step 2275  JSR  -23.9  loss 78.2121  logE[BER] -73.020  P_det_soft 0.5192  (181s)
  step 2300  JSR  -25.7  loss 344.1289  logE[BER] -339.433  P_det_soft 0.4696  (183s)
  step 2325  JSR  -35.1  loss 2242.0478  logE[BER] -2240.217  P_det_soft 0.1831  (185s)
  step 2350  JSR  -21.8  loss 13.0105  logE[BER] -7.065  P_det_soft 0.5945  (188s)
  step 2375  JSR  -35.8  loss 2472.8581  logE[BER] -2470.708  P_det_soft 0.2150  (190s)
  step 2400  JSR  -21.1  loss 14.0472  logE[BER] -6.836  P_det_soft 0.7211  (192s)
  step 2425  JSR  -44.8  loss 3472.9545  logE[BER] -3471.052  P_det_soft 0.1903  (194s)
  step 2450  JSR  -20.9  loss 14.9149  logE[BER] -7.195  P_det_soft 0.7720  (196s)
  step 2475  JSR  -19.4  loss 15.7188  logE[BER] -6.700  P_det_soft 0.9019  (198s)
  step 2500  JSR  -36.5  loss 2548.5131  logE[BER] -2546.667  P_det_soft 0.1846  (200s)
  step 2525  JSR  -19.5  loss 16.0297  logE[BER] -6.761  P_det_soft 0.9268  (202s)
  step 2550  JSR  -24.1  loss 168.7718  logE[BER] -164.756  P_det_soft 0.4015  (204s)
  step 2575  JSR  -25.5  loss 321.2200  logE[BER] -317.549  P_det_soft 0.3671  (206s)
  step 2600  JSR  -27.9  loss 735.3105  logE[BER] -733.019  P_det_soft 0.2291  (209s)
  step 2625  JSR  -27.4  loss 608.3149  logE[BER] -604.835  P_det_soft 0.3480  (211s)
  step 2650  JSR  -46.0  loss 3461.1025  logE[BER] -3459.378  P_det_soft 0.1724  (213s)
  step 2675  JSR  -40.4  loss 3043.2039  logE[BER] -3041.550  P_det_soft 0.1654  (215s)
  step 2700  JSR  -31.6  loss 1543.9539  logE[BER] -1541.751  P_det_soft 0.2203  (217s)
  step 2725  JSR  -40.2  loss 2946.3556  logE[BER] -2944.820  P_det_soft 0.1536  (219s)
  step 2750  JSR  -43.2  loss 3260.0908  logE[BER] -3258.663  P_det_soft 0.1428  (221s)
  step 2775  JSR  -18.7  loss 15.3738  logE[BER] -6.869  P_det_soft 0.8505  (223s)
  step 2800  JSR  -37.4  loss 2732.9006  logE[BER] -2731.038  P_det_soft 0.1863  (226s)
  step 2825  JSR  -32.7  loss 1964.9046  logE[BER] -1962.966  P_det_soft 0.1939  (228s)
  step 2850  JSR  -43.5  loss 3293.8089  logE[BER] -3292.323  P_det_soft 0.1486  (230s)
  step 2875  JSR  -47.7  loss 3555.7997  logE[BER] -3553.578  P_det_soft 0.2222  (232s)
  step 2900  JSR  -24.2  loss 61.3819  logE[BER] -56.062  P_det_soft 0.5320  (234s)
  step 2925  JSR  -40.7  loss 3046.8072  logE[BER] -3044.629  P_det_soft 0.2178  (236s)
  step 2950  JSR  -28.4  loss 967.3201  logE[BER] -964.536  P_det_soft 0.2785  (238s)
  step 2975  JSR  -25.8  loss 223.8903  logE[BER] -219.860  P_det_soft 0.4030  (240s)
  step 3000  JSR  -38.6  loss 2780.8004  logE[BER] -2778.833  P_det_soft 0.1968  (243s)
  step 3025  JSR  -34.6  loss 2143.9780  logE[BER] -2141.489  P_det_soft 0.2489  (245s)
  step 3050  JSR  -26.4  loss 372.5452  logE[BER] -369.075  P_det_soft 0.3470  (247s)
  step 3075  JSR  -29.9  loss 1217.4029  logE[BER] -1215.197  P_det_soft 0.2206  (249s)
  step 3100  JSR  -21.2  loss 13.0506  logE[BER] -6.737  P_det_soft 0.6314  (251s)
  step 3125  JSR  -42.1  loss 3249.4431  logE[BER] -3247.651  P_det_soft 0.1792  (253s)
  step 3150  JSR  -20.1  loss 13.5085  logE[BER] -6.405  P_det_soft 0.7104  (255s)
  step 3175  JSR  -37.3  loss 2605.9384  logE[BER] -2603.769  P_det_soft 0.2170  (257s)
  step 3200  JSR  -33.9  loss 2005.2631  logE[BER] -2003.145  P_det_soft 0.2118  (259s)
  step 3225  JSR  -32.2  loss 1631.9938  logE[BER] -1629.588  P_det_soft 0.2405  (262s)
  step 3250  JSR  -16.1  loss 15.6086  logE[BER] -5.922  P_det_soft 0.9686  (264s)
  step 3275  JSR  -34.8  loss 2242.6697  logE[BER] -2241.005  P_det_soft 0.1665  (266s)
  step 3300  JSR  -47.5  loss 3561.3940  logE[BER] -3559.748  P_det_soft 0.1646  (268s)
  step 3325  JSR  -23.5  loss 23.7302  logE[BER] -19.259  P_det_soft 0.4471  (270s)
  step 3350  JSR  -45.7  loss 3460.7200  logE[BER] -3459.352  P_det_soft 0.1368  (272s)
  step 3375  JSR  -43.8  loss 3334.1105  logE[BER] -3332.139  P_det_soft 0.1971  (274s)
  step 3400  JSR  -34.9  loss 2319.1155  logE[BER] -2317.551  P_det_soft 0.1564  (276s)
  step 3425  JSR  -26.6  loss 622.7261  logE[BER] -618.562  P_det_soft 0.4164  (279s)
  step 3450  JSR  -44.5  loss 3385.3229  logE[BER] -3384.090  P_det_soft 0.1233  (281s)
  step 3475  JSR  -37.1  loss 2547.5332  logE[BER] -2545.389  P_det_soft 0.2145  (283s)
  step 3500  JSR  -19.2  loss 14.2520  logE[BER] -6.113  P_det_soft 0.8139  (285s)
  step 3525  JSR  -21.2  loss 13.3551  logE[BER] -7.384  P_det_soft 0.5971  (287s)
  step 3550  JSR  -25.9  loss 318.0089  logE[BER] -313.815  P_det_soft 0.4194  (289s)
  step 3575  JSR  -36.3  loss 2536.5743  logE[BER] -2534.941  P_det_soft 0.1634  (291s)
  step 3600  JSR  -16.6  loss 15.1707  logE[BER] -5.700  P_det_soft 0.9471  (294s)
  step 3625  JSR  -36.5  loss 2498.2585  logE[BER] -2496.217  P_det_soft 0.2042  (296s)
  step 3650  JSR  -45.5  loss 3428.6918  logE[BER] -3427.095  P_det_soft 0.1597  (298s)
  step 3675  JSR  -41.1  loss 3094.3003  logE[BER] -3092.655  P_det_soft 0.1645  (300s)
  step 3700  JSR  -38.9  loss 2804.5554  logE[BER] -2802.300  P_det_soft 0.2255  (302s)
  step 3725  JSR  -21.3  loss 13.3005  logE[BER] -6.813  P_det_soft 0.6487  (304s)
  step 3750  JSR  -34.6  loss 2096.8938  logE[BER] -2095.288  P_det_soft 0.1606  (306s)
  step 3775  JSR  -40.0  loss 3049.9151  logE[BER] -3048.261  P_det_soft 0.1655  (308s)
  step 3800  JSR  -18.2  loss 14.1041  logE[BER] -6.079  P_det_soft 0.8025  (311s)
  step 3825  JSR  -46.9  loss 3520.5483  logE[BER] -3518.970  P_det_soft 0.1578  (313s)
  step 3850  JSR  -35.5  loss 2302.1078  logE[BER] -2300.782  P_det_soft 0.1326  (315s)
  step 3875  JSR  -40.8  loss 3100.1827  logE[BER] -3098.119  P_det_soft 0.2064  (317s)
  step 3900  JSR  -20.3  loss 13.2426  logE[BER] -6.559  P_det_soft 0.6684  (319s)
  step 3925  JSR  -29.7  loss 1160.3228  logE[BER] -1157.741  P_det_soft 0.2582  (321s)
  step 3950  JSR  -27.5  loss 740.7254  logE[BER] -737.703  P_det_soft 0.3022  (323s)
  step 3975  JSR  -45.7  loss 3423.2573  logE[BER] -3421.575  P_det_soft 0.1682  (325s)
  step 3999  JSR  -22.4  loss 12.8187  logE[BER] -7.641  P_det_soft 0.5178  (327s)
wrote task14_G.pt, task14.json  (tag spec_cnn_b10)
