node: tikgpu05.ee.ethz.ch | gpu: NVIDIA TITAN RTX
task 9 = {'target': 'kurtosis', 'beta': 1.0}  (tag kurtosis_b1, 128 frames/step, JSR band (-32.0, 0.0))
  target kurtosis: threshold 0.0508405, clean-frame std 0.0154177 (soft_pdet width)
  step    0  JSR   -8.1  loss 21.7149  logE[BER] -20.737  P_det_soft 0.9775  (1s)
  step   25  JSR   -4.8  loss 4.9025  logE[BER] -3.903  P_det_soft 0.9999  (1s)
  step   50  JSR  -23.9  loss 979.5954  logE[BER] -979.439  P_det_soft 0.1562  (2s)
  step   75  JSR  -24.0  loss 563.1760  logE[BER] -563.012  P_det_soft 0.1636  (3s)
  step  100  JSR   -3.3  loss 4.5793  logE[BER] -3.579  P_det_soft 1.0000  (3s)
  step  125  JSR  -14.8  loss 6.4333  logE[BER] -6.062  P_det_soft 0.3714  (4s)
  step  150  JSR  -15.3  loss 6.5768  logE[BER] -6.224  P_det_soft 0.3528  (4s)
  step  175  JSR   -2.1  loss 4.0806  logE[BER] -3.081  P_det_soft 1.0000  (5s)
  step  200  JSR  -25.5  loss 487.1614  logE[BER] -486.992  P_det_soft 0.1690  (5s)
  step  225  JSR   -3.2  loss 4.5338  logE[BER] -3.534  P_det_soft 1.0000  (6s)
  step  250  JSR  -15.6  loss 6.6265  logE[BER] -6.260  P_det_soft 0.3666  (6s)
  step  275  JSR  -30.6  loss 1706.4264  logE[BER] -1706.268  P_det_soft 0.1589  (7s)
  step  300  JSR  -17.5  loss 7.1127  logE[BER] -6.880  P_det_soft 0.2327  (7s)
  step  325  JSR   -2.8  loss 4.5387  logE[BER] -3.539  P_det_soft 1.0000  (8s)
  step  350  JSR  -16.4  loss 6.8227  logE[BER] -6.466  P_det_soft 0.3570  (8s)
  step  375  JSR  -29.5  loss 1446.4027  logE[BER] -1446.243  P_det_soft 0.1596  (9s)
  step  400  JSR  -24.3  loss 311.7199  logE[BER] -311.561  P_det_soft 0.1594  (9s)
  step  425  JSR  -17.0  loss 6.5978  logE[BER] -6.323  P_det_soft 0.2745  (10s)
  step  450  JSR  -22.7  loss 36.9238  logE[BER] -36.748  P_det_soft 0.1763  (10s)
  step  475  JSR  -27.2  loss 671.5079  logE[BER] -671.336  P_det_soft 0.1720  (11s)
  step  500  JSR  -12.6  loss 6.4271  logE[BER] -5.708  P_det_soft 0.7195  (11s)
  step  525  JSR  -13.7  loss 6.3005  logE[BER] -5.713  P_det_soft 0.5870  (12s)
  step  550  JSR  -28.3  loss 1035.3965  logE[BER] -1035.234  P_det_soft 0.1630  (12s)
  step  575  JSR   -3.5  loss 4.9864  logE[BER] -3.986  P_det_soft 1.0000  (13s)
  step  600  JSR  -20.4  loss 7.7206  logE[BER] -7.548  P_det_soft 0.1728  (13s)
  step  625  JSR   -6.8  loss 6.0033  logE[BER] -5.003  P_det_soft 1.0000  (14s)
  step  650  JSR  -24.7  loss 151.8131  logE[BER] -151.635  P_det_soft 0.1781  (15s)
  step  675  JSR  -30.0  loss 1402.7678  logE[BER] -1402.594  P_det_soft 0.1736  (15s)
  step  700  JSR  -26.7  loss 681.5651  logE[BER] -681.383  P_det_soft 0.1823  (16s)
  step  725  JSR  -12.1  loss 6.4810  logE[BER] -5.682  P_det_soft 0.7991  (16s)
  step  750  JSR   -0.9  loss 3.9995  logE[BER] -3.000  P_det_soft 1.0000  (17s)
  step  775  JSR  -27.0  loss 807.3399  logE[BER] -807.169  P_det_soft 0.1707  (17s)
  step  800  JSR  -21.5  loss 8.8855  logE[BER] -8.706  P_det_soft 0.1795  (18s)
  step  825  JSR   -6.6  loss 5.9895  logE[BER] -4.989  P_det_soft 1.0000  (18s)
  step  850  JSR  -16.2  loss 6.3684  logE[BER] -5.959  P_det_soft 0.4091  (19s)
  step  875  JSR   -9.3  loss 6.4042  logE[BER] -5.405  P_det_soft 0.9989  (19s)
  step  900  JSR  -18.5  loss 6.6980  logE[BER] -6.483  P_det_soft 0.2150  (20s)
  step  925  JSR   -6.7  loss 5.9286  logE[BER] -4.929  P_det_soft 1.0000  (20s)
  step  950  JSR  -18.6  loss 6.8504  logE[BER] -6.595  P_det_soft 0.2555  (21s)
  step  975  JSR  -15.7  loss 6.4951  logE[BER] -6.041  P_det_soft 0.4543  (21s)
  step 1000  JSR   -6.1  loss 5.9444  logE[BER] -4.944  P_det_soft 1.0000  (22s)
  step 1025  JSR   -5.1  loss 5.6755  logE[BER] -4.676  P_det_soft 1.0000  (22s)
  step 1050  JSR   -0.0  loss 4.0333  logE[BER] -3.033  P_det_soft 1.0000  (23s)
  step 1075  JSR  -23.0  loss 10.6370  logE[BER] -10.466  P_det_soft 0.1706  (23s)
  step 1100  JSR  -12.0  loss 6.5722  logE[BER] -5.674  P_det_soft 0.8986  (24s)
  step 1125  JSR   -6.2  loss 5.9165  logE[BER] -4.917  P_det_soft 1.0000  (24s)
  step 1150  JSR   -9.6  loss 6.4303  logE[BER] -5.431  P_det_soft 0.9989  (25s)
  step 1175  JSR   -4.9  loss 5.7130  logE[BER] -4.713  P_det_soft 1.0000  (26s)
  step 1200  JSR   -3.8  loss 5.3255  logE[BER] -4.326  P_det_soft 1.0000  (26s)
  step 1225  JSR  -29.3  loss 1120.1970  logE[BER] -1120.025  P_det_soft 0.1718  (27s)
  step 1250  JSR  -18.4  loss 6.8774  logE[BER] -6.630  P_det_soft 0.2474  (27s)
  step 1275  JSR  -12.3  loss 6.5508  logE[BER] -5.677  P_det_soft 0.8737  (28s)
  step 1300  JSR  -26.3  loss 424.3376  logE[BER] -424.166  P_det_soft 0.1717  (28s)
  step 1325  JSR  -31.5  loss 1540.6642  logE[BER] -1540.517  P_det_soft 0.1474  (29s)
  step 1350  JSR  -19.6  loss 7.3562  logE[BER] -7.160  P_det_soft 0.1959  (29s)
  step 1375  JSR   -1.1  loss 4.5052  logE[BER] -3.505  P_det_soft 1.0000  (30s)
  step 1400  JSR  -30.6  loss 1368.1686  logE[BER] -1368.025  P_det_soft 0.1434  (30s)
  step 1425  JSR  -17.1  loss 6.4351  logE[BER] -6.137  P_det_soft 0.2978  (31s)
  step 1450  JSR  -12.3  loss 6.5089  logE[BER] -5.613  P_det_soft 0.8954  (31s)
  step 1475  JSR   -9.5  loss 6.2975  logE[BER] -5.299  P_det_soft 0.9981  (32s)
  step 1500  JSR  -25.6  loss 377.7535  logE[BER] -377.594  P_det_soft 0.1594  (32s)
  step 1525  JSR  -12.8  loss 6.5604  logE[BER] -5.708  P_det_soft 0.8523  (33s)
  step 1550  JSR  -19.0  loss 7.0001  logE[BER] -6.741  P_det_soft 0.2587  (33s)
  step 1575  JSR   -3.3  loss 5.2751  logE[BER] -4.275  P_det_soft 1.0000  (34s)
  step 1600  JSR   -5.1  loss 5.7829  logE[BER] -4.783  P_det_soft 1.0000  (34s)
  step 1625  JSR  -30.9  loss 1334.0729  logE[BER] -1333.925  P_det_soft 0.1474  (35s)
  step 1650  JSR  -18.3  loss 6.7713  logE[BER] -6.463  P_det_soft 0.3081  (36s)
  step 1675  JSR  -14.5  loss 6.3232  logE[BER] -5.731  P_det_soft 0.5918  (36s)
  step 1700  JSR   -2.6  loss 5.0227  logE[BER] -4.023  P_det_soft 1.0000  (37s)
  step 1725  JSR  -17.3  loss 6.5319  logE[BER] -6.220  P_det_soft 0.3122  (37s)
  step 1750  JSR   -0.5  loss 4.3029  logE[BER] -3.303  P_det_soft 1.0000  (38s)
  step 1775  JSR  -29.3  loss 1147.6277  logE[BER] -1147.463  P_det_soft 0.1642  (38s)
  step 1800  JSR   -7.3  loss 6.1661  logE[BER] -5.166  P_det_soft 1.0000  (39s)
  step 1825  JSR  -31.5  loss 1568.2128  logE[BER] -1568.044  P_det_soft 0.1693  (39s)
  step 1850  JSR  -11.7  loss 6.3999  logE[BER] -5.465  P_det_soft 0.9351  (40s)
  step 1875  JSR  -27.5  loss 611.6646  logE[BER] -611.521  P_det_soft 0.1436  (40s)
  step 1900  JSR  -17.7  loss 6.4040  logE[BER] -6.089  P_det_soft 0.3146  (41s)
  step 1925  JSR  -21.1  loss 8.1294  logE[BER] -7.923  P_det_soft 0.2069  (41s)
  step 1950  JSR   -3.5  loss 5.2969  logE[BER] -4.297  P_det_soft 1.0000  (42s)
  step 1975  JSR  -31.9  loss 1707.4806  logE[BER] -1707.329  P_det_soft 0.1519  (42s)
  step 2000  JSR   -4.0  loss 5.4993  logE[BER] -4.499  P_det_soft 1.0000  (43s)
  step 2025  JSR  -24.5  loss 104.3517  logE[BER] -104.199  P_det_soft 0.1531  (43s)
  step 2050  JSR  -14.8  loss 6.3999  logE[BER] -5.856  P_det_soft 0.5438  (44s)
  step 2075  JSR  -18.9  loss 6.8045  logE[BER] -6.518  P_det_soft 0.2865  (44s)
  step 2100  JSR  -14.3  loss 6.4931  logE[BER] -5.849  P_det_soft 0.6441  (45s)
  step 2125  JSR  -21.5  loss 8.1183  logE[BER] -7.949  P_det_soft 0.1693  (46s)
  step 2150  JSR  -22.7  loss 10.2459  logE[BER] -10.081  P_det_soft 0.1650  (46s)
  step 2175  JSR  -15.8  loss 6.6003  logE[BER] -6.092  P_det_soft 0.5086  (47s)
  step 2200  JSR  -11.9  loss 6.5378  logE[BER] -5.602  P_det_soft 0.9360  (47s)
  step 2225  JSR  -29.9  loss 1191.0305  logE[BER] -1190.868  P_det_soft 0.1622  (48s)
  step 2250  JSR  -31.7  loss 1623.1221  logE[BER] -1622.941  P_det_soft 0.1816  (48s)
  step 2275  JSR   -7.1  loss 6.0180  logE[BER] -5.018  P_det_soft 1.0000  (49s)
  step 2300  JSR  -29.7  loss 1259.5309  logE[BER] -1259.384  P_det_soft 0.1472  (49s)
  step 2325  JSR   -3.6  loss 5.4598  logE[BER] -4.460  P_det_soft 1.0000  (50s)
  step 2350  JSR  -25.2  loss 311.6608  logE[BER] -311.467  P_det_soft 0.1937  (50s)
  step 2375  JSR   -8.7  loss 6.2593  logE[BER] -5.260  P_det_soft 0.9994  (51s)
  step 2400  JSR  -16.3  loss 6.2818  logE[BER] -5.855  P_det_soft 0.4273  (51s)
  step 2425  JSR   -8.7  loss 6.3429  logE[BER] -5.343  P_det_soft 1.0000  (52s)
  step 2450  JSR   -6.9  loss 6.1880  logE[BER] -5.188  P_det_soft 1.0000  (52s)
  step 2475  JSR  -11.8  loss 6.4603  logE[BER] -5.517  P_det_soft 0.9433  (53s)
  step 2500  JSR   -2.2  loss 4.9594  logE[BER] -3.959  P_det_soft 1.0000  (53s)
  step 2525  JSR  -18.0  loss 6.5204  logE[BER] -6.246  P_det_soft 0.2745  (54s)
  step 2550  JSR  -14.7  loss 6.3067  logE[BER] -5.767  P_det_soft 0.5399  (55s)
  step 2575  JSR  -10.9  loss 6.3841  logE[BER] -5.402  P_det_soft 0.9821  (55s)
  step 2600  JSR   -7.7  loss 6.3405  logE[BER] -5.341  P_det_soft 1.0000  (56s)
  step 2625  JSR  -17.1  loss 6.2878  logE[BER] -5.942  P_det_soft 0.3458  (56s)
  step 2650  JSR   -2.9  loss 5.1862  logE[BER] -4.186  P_det_soft 1.0000  (57s)
  step 2675  JSR  -22.9  loss 10.0460  logE[BER] -9.872  P_det_soft 0.1737  (57s)
  step 2700  JSR  -13.2  loss 6.4389  logE[BER] -5.687  P_det_soft 0.7522  (58s)
  step 2725  JSR  -28.1  loss 786.7790  logE[BER] -786.621  P_det_soft 0.1583  (58s)
  step 2750  JSR   -3.7  loss 5.4713  logE[BER] -4.471  P_det_soft 1.0000  (59s)
  step 2775  JSR  -30.1  loss 1233.2394  logE[BER] -1233.067  P_det_soft 0.1726  (59s)
  step 2800  JSR  -12.0  loss 6.5262  logE[BER] -5.579  P_det_soft 0.9472  (60s)
  step 2825  JSR  -23.8  loss 46.8852  logE[BER] -46.746  P_det_soft 0.1395  (60s)
  step 2850  JSR  -13.8  loss 6.5032  logE[BER] -5.741  P_det_soft 0.7624  (61s)
  step 2875  JSR  -21.2  loss 7.5700  logE[BER] -7.421  P_det_soft 0.1487  (61s)
  step 2900  JSR   -2.4  loss 4.9906  logE[BER] -3.991  P_det_soft 1.0000  (62s)
  step 2925  JSR   -9.7  loss 6.3145  logE[BER] -5.315  P_det_soft 1.0000  (62s)
  step 2950  JSR   -6.1  loss 6.0290  logE[BER] -5.029  P_det_soft 1.0000  (63s)
  step 2975  JSR   -8.4  loss 6.3100  logE[BER] -5.310  P_det_soft 1.0000  (64s)
  step 3000  JSR  -19.6  loss 6.8859  logE[BER] -6.659  P_det_soft 0.2273  (64s)
  step 3025  JSR  -28.2  loss 761.8797  logE[BER] -761.730  P_det_soft 0.1498  (65s)
  step 3050  JSR  -21.3  loss 7.8520  logE[BER] -7.653  P_det_soft 0.1990  (65s)
  step 3075  JSR  -30.5  loss 1312.2028  logE[BER] -1312.060  P_det_soft 0.1424  (66s)
  step 3100  JSR  -26.0  loss 434.5288  logE[BER] -434.375  P_det_soft 0.1535  (66s)
  step 3125  JSR  -20.0  loss 6.8532  logE[BER] -6.643  P_det_soft 0.2101  (67s)
  step 3150  JSR   -3.9  loss 5.4318  logE[BER] -4.432  P_det_soft 1.0000  (67s)
  step 3175  JSR  -19.0  loss 6.7384  logE[BER] -6.514  P_det_soft 0.2248  (68s)
  step 3200  JSR  -24.2  loss 80.8920  logE[BER] -80.727  P_det_soft 0.1651  (68s)
  step 3225  JSR  -25.1  loss 239.0292  logE[BER] -238.873  P_det_soft 0.1566  (69s)
  step 3250  JSR  -27.0  loss 498.2898  logE[BER] -498.117  P_det_soft 0.1727  (69s)
  step 3275  JSR  -16.9  loss 6.4283  logE[BER] -6.011  P_det_soft 0.4168  (70s)
  step 3300  JSR  -10.4  loss 6.4538  logE[BER] -5.456  P_det_soft 0.9979  (70s)
  step 3325  JSR  -22.4  loss 8.8857  logE[BER] -8.698  P_det_soft 0.1872  (71s)
  step 3350  JSR  -29.6  loss 1098.6789  logE[BER] -1098.537  P_det_soft 0.1417  (71s)
  step 3375  JSR  -10.9  loss 6.5271  logE[BER] -5.533  P_det_soft 0.9938  (72s)
  step 3400  JSR  -11.0  loss 6.3911  logE[BER] -5.400  P_det_soft 0.9916  (73s)
  step 3425  JSR  -29.7  loss 1135.6139  logE[BER] -1135.428  P_det_soft 0.1854  (73s)
  step 3450  JSR   -8.0  loss 6.2802  logE[BER] -5.280  P_det_soft 1.0000  (74s)
  step 3475  JSR  -31.8  loss 1650.1032  logE[BER] -1649.956  P_det_soft 0.1473  (74s)
  step 3500  JSR   -7.1  loss 6.1365  logE[BER] -5.137  P_det_soft 1.0000  (75s)
  step 3525  JSR  -14.1  loss 6.3264  logE[BER] -5.661  P_det_soft 0.6653  (75s)
  step 3550  JSR  -13.3  loss 6.4431  logE[BER] -5.668  P_det_soft 0.7749  (76s)
  step 3575  JSR   -8.3  loss 6.2114  logE[BER] -5.211  P_det_soft 1.0000  (76s)
  step 3600  JSR   -5.7  loss 5.8677  logE[BER] -4.868  P_det_soft 1.0000  (77s)
  step 3625  JSR   -8.6  loss 6.2298  logE[BER] -5.230  P_det_soft 1.0000  (77s)
  step 3650  JSR  -22.4  loss 8.3351  logE[BER] -8.140  P_det_soft 0.1949  (78s)
  step 3675  JSR  -21.7  loss 8.0769  logE[BER] -7.900  P_det_soft 0.1770  (78s)
  step 3700  JSR  -21.1  loss 7.7982  logE[BER] -7.614  P_det_soft 0.1841  (79s)
  step 3725  JSR   -3.7  loss 5.3803  logE[BER] -4.380  P_det_soft 1.0000  (79s)
  step 3750  JSR  -30.7  loss 1424.4742  logE[BER] -1424.311  P_det_soft 0.1628  (80s)
  step 3775  JSR  -18.5  loss 6.4581  logE[BER] -6.184  P_det_soft 0.2745  (81s)
  step 3800  JSR   -9.5  loss 6.3224  logE[BER] -5.322  P_det_soft 1.0000  (81s)
  step 3825  JSR   -4.1  loss 5.6136  logE[BER] -4.614  P_det_soft 1.0000  (82s)
  step 3850  JSR  -15.2  loss 6.2881  logE[BER] -5.739  P_det_soft 0.5488  (82s)
  step 3875  JSR   -4.6  loss 5.6339  logE[BER] -4.634  P_det_soft 1.0000  (83s)
  step 3900  JSR  -25.6  loss 279.7620  logE[BER] -279.601  P_det_soft 0.1609  (83s)
  step 3925  JSR  -18.1  loss 6.5800  logE[BER] -6.299  P_det_soft 0.2810  (84s)
  step 3950  JSR   -8.8  loss 6.2770  logE[BER] -5.277  P_det_soft 1.0000  (84s)
  step 3975  JSR   -4.9  loss 5.7214  logE[BER] -4.721  P_det_soft 1.0000  (85s)
  step 3999  JSR  -13.9  loss 6.3749  logE[BER] -5.663  P_det_soft 0.7121  (85s)
wrote task9_G.pt, task9.json  (tag kurtosis_b1)
