node: artongpu01.ee.ethz.ch | gpu: NVIDIA GeForce RTX 2080 Ti
task 13 = {'target': 'spec_cnn', 'beta': 1.0}  (tag spec_cnn_b1, 32 frames/step, JSR band (-48.0, -16.0))
  target spec_cnn: threshold -3.17573, clean-frame std 0.982227 (soft_pdet width)
  step    0  JSR  -16.4  loss 2472.9266  logE[BER] -2471.928  P_det_soft 0.9990  (1s)
  step   25  JSR  -28.6  loss 2643.8527  logE[BER] -2643.190  P_det_soft 0.6631  (4s)
  step   50  JSR  -30.3  loss 2866.6440  logE[BER] -2866.196  P_det_soft 0.4484  (6s)
  step   75  JSR  -43.3  loss 3746.9845  logE[BER] -3746.768  P_det_soft 0.2164  (9s)
  step  100  JSR  -44.4  loss 3743.0917  logE[BER] -3742.922  P_det_soft 0.1701  (11s)
  step  125  JSR  -46.9  loss 3842.9958  logE[BER] -3842.789  P_det_soft 0.2070  (14s)
  step  150  JSR  -25.2  loss 2151.5727  logE[BER] -2150.670  P_det_soft 0.9024  (16s)
  step  175  JSR  -34.0  loss 3283.4239  logE[BER] -3283.143  P_det_soft 0.2805  (19s)
  step  200  JSR  -23.8  loss 1334.0102  logE[BER] -1333.052  P_det_soft 0.9582  (21s)
  step  225  JSR  -22.1  loss 1011.8281  logE[BER] -1010.844  P_det_soft 0.9840  (24s)
  step  250  JSR  -21.9  loss 985.4347  logE[BER] -984.455  P_det_soft 0.9799  (26s)
  step  275  JSR  -44.8  loss 3756.3854  logE[BER] -3756.208  P_det_soft 0.1774  (29s)
  step  300  JSR  -17.5  loss 190.4521  logE[BER] -189.454  P_det_soft 0.9979  (31s)
  step  325  JSR  -39.0  loss 3415.3537  logE[BER] -3415.159  P_det_soft 0.1947  (34s)
  step  350  JSR  -46.9  loss 3757.0505  logE[BER] -3756.869  P_det_soft 0.1812  (36s)
  step  375  JSR  -44.7  loss 3705.9915  logE[BER] -3705.802  P_det_soft 0.1899  (39s)
  step  400  JSR  -19.4  loss 699.0564  logE[BER] -698.060  P_det_soft 0.9966  (41s)
  step  425  JSR  -46.3  loss 3727.4148  logE[BER] -3727.192  P_det_soft 0.2227  (44s)
  step  450  JSR  -18.6  loss 92.1993  logE[BER] -91.203  P_det_soft 0.9959  (46s)
  step  475  JSR  -33.8  loss 2928.0096  logE[BER] -2927.666  P_det_soft 0.3439  (49s)
  step  500  JSR  -42.1  loss 3586.5476  logE[BER] -3586.419  P_det_soft 0.1281  (52s)
  step  525  JSR  -37.4  loss 3268.5072  logE[BER] -3268.341  P_det_soft 0.1665  (54s)
  step  550  JSR  -37.2  loss 3297.5996  logE[BER] -3297.369  P_det_soft 0.2310  (57s)
  step  575  JSR  -47.8  loss 3767.1392  logE[BER] -3766.967  P_det_soft 0.1723  (59s)
  step  600  JSR  -16.9  loss 8.8265  logE[BER] -7.829  P_det_soft 0.9979  (62s)
  step  625  JSR  -34.6  loss 2917.2661  logE[BER] -2917.040  P_det_soft 0.2258  (64s)
  step  650  JSR  -20.6  loss 381.5398  logE[BER] -380.555  P_det_soft 0.9847  (67s)
  step  675  JSR  -39.4  loss 3343.3636  logE[BER] -3343.173  P_det_soft 0.1911  (70s)
  step  700  JSR  -30.6  loss 2394.8162  logE[BER] -2394.445  P_det_soft 0.3717  (72s)
  step  725  JSR  -47.7  loss 3755.1107  logE[BER] -3754.917  P_det_soft 0.1937  (75s)
  step  750  JSR  -17.2  loss 8.9079  logE[BER] -7.912  P_det_soft 0.9961  (77s)
  step  775  JSR  -21.9  loss 248.4565  logE[BER] -247.488  P_det_soft 0.9683  (80s)
  step  800  JSR  -34.7  loss 3124.2863  logE[BER] -3124.024  P_det_soft 0.2628  (83s)
  step  825  JSR  -33.0  loss 2613.8269  logE[BER] -2613.533  P_det_soft 0.2943  (85s)
  step  850  JSR  -41.9  loss 3459.3449  logE[BER] -3459.186  P_det_soft 0.1592  (88s)
  step  875  JSR  -32.9  loss 2576.9433  logE[BER] -2576.701  P_det_soft 0.2421  (90s)
  step  900  JSR  -43.6  loss 3579.0547  logE[BER] -3578.899  P_det_soft 0.1560  (93s)
  step  925  JSR  -30.9  loss 2317.5931  logE[BER] -2317.146  P_det_soft 0.4475  (95s)
  step  950  JSR  -23.3  loss 797.2084  logE[BER] -796.288  P_det_soft 0.9209  (98s)
  step  975  JSR  -47.7  loss 3716.6397  logE[BER] -3716.449  P_det_soft 0.1909  (101s)
  step 1000  JSR  -31.9  loss 2243.9657  logE[BER] -2243.577  P_det_soft 0.3886  (103s)
  step 1025  JSR  -41.9  loss 3420.4263  logE[BER] -3420.234  P_det_soft 0.1927  (106s)
  step 1050  JSR  -23.6  loss 474.2349  logE[BER] -473.315  P_det_soft 0.9194  (108s)
  step 1075  JSR  -21.7  loss 76.1188  logE[BER] -75.180  P_det_soft 0.9392  (111s)
  step 1100  JSR  -19.8  loss 9.1560  logE[BER] -8.171  P_det_soft 0.9846  (113s)
  step 1125  JSR  -19.9  loss 9.3085  logE[BER] -8.319  P_det_soft 0.9892  (116s)
  step 1150  JSR  -42.1  loss 3388.5328  logE[BER] -3388.318  P_det_soft 0.2148  (119s)
  step 1175  JSR  -29.8  loss 1477.7855  logE[BER] -1477.487  P_det_soft 0.2989  (121s)
  step 1200  JSR  -29.4  loss 1534.8736  logE[BER] -1534.600  P_det_soft 0.2732  (124s)
  step 1225  JSR  -39.1  loss 3057.8205  logE[BER] -3057.649  P_det_soft 0.1720  (126s)
  step 1250  JSR  -42.4  loss 3393.7689  logE[BER] -3393.591  P_det_soft 0.1774  (129s)
  step 1275  JSR  -23.3  loss 123.5938  logE[BER] -122.855  P_det_soft 0.7383  (131s)
  step 1300  JSR  -30.0  loss 1435.2965  logE[BER] -1435.011  P_det_soft 0.2855  (134s)
  step 1325  JSR  -36.1  loss 2670.1429  logE[BER] -2669.986  P_det_soft 0.1566  (137s)
  step 1350  JSR  -24.4  loss 251.3091  logE[BER] -250.789  P_det_soft 0.5198  (139s)
  step 1375  JSR  -21.0  loss 8.5305  logE[BER] -7.631  P_det_soft 0.9000  (142s)
  step 1400  JSR  -32.1  loss 1868.0308  logE[BER] -1867.782  P_det_soft 0.2483  (144s)
  step 1425  JSR  -29.8  loss 1333.6951  logE[BER] -1333.402  P_det_soft 0.2934  (147s)
  step 1450  JSR  -22.1  loss 20.6609  logE[BER] -19.879  P_det_soft 0.7815  (149s)
  step 1475  JSR  -40.3  loss 3056.0800  logE[BER] -3055.940  P_det_soft 0.1397  (152s)
  step 1500  JSR  -27.3  loss 723.7447  logE[BER] -723.422  P_det_soft 0.3230  (154s)
  step 1525  JSR  -28.2  loss 975.1423  logE[BER] -974.810  P_det_soft 0.3323  (157s)
  step 1550  JSR  -26.0  loss 586.6619  logE[BER] -586.199  P_det_soft 0.4628  (160s)
  step 1575  JSR  -30.5  loss 1394.8282  logE[BER] -1394.598  P_det_soft 0.2299  (162s)
  step 1600  JSR  -39.3  loss 2894.2752  logE[BER] -2894.125  P_det_soft 0.1502  (165s)
  step 1625  JSR  -39.4  loss 2921.1411  logE[BER] -2920.992  P_det_soft 0.1494  (167s)
  step 1650  JSR  -16.3  loss 6.7357  logE[BER] -5.748  P_det_soft 0.9877  (170s)
  step 1675  JSR  -30.4  loss 1328.3838  logE[BER] -1328.175  P_det_soft 0.2089  (172s)
  step 1700  JSR  -21.5  loss 7.9003  logE[BER] -7.219  P_det_soft 0.6812  (175s)
  step 1725  JSR  -16.2  loss 6.9114  logE[BER] -5.931  P_det_soft 0.9805  (178s)
  step 1750  JSR  -18.6  loss 7.6300  logE[BER] -6.704  P_det_soft 0.9256  (180s)
  step 1775  JSR  -34.7  loss 2208.8354  logE[BER] -2208.658  P_det_soft 0.1779  (183s)
  step 1800  JSR  -41.7  loss 3128.4418  logE[BER] -3128.267  P_det_soft 0.1748  (185s)
  step 1825  JSR  -27.9  loss 826.5102  logE[BER] -826.217  P_det_soft 0.2936  (188s)
  step 1850  JSR  -38.4  loss 2752.3479  logE[BER] -2752.198  P_det_soft 0.1500  (190s)
  step 1875  JSR  -32.1  loss 1795.3072  logE[BER] -1795.075  P_det_soft 0.2321  (193s)
  step 1900  JSR  -35.7  loss 2306.8669  logE[BER] -2306.702  P_det_soft 0.1649  (196s)
  step 1925  JSR  -18.0  loss 7.1346  logE[BER] -6.189  P_det_soft 0.9456  (198s)
  step 1950  JSR  -37.2  loss 2594.5598  logE[BER] -2594.415  P_det_soft 0.1448  (201s)
  step 1975  JSR  -41.4  loss 3091.2133  logE[BER] -3091.045  P_det_soft 0.1680  (203s)
  step 2000  JSR  -21.4  loss 8.4765  logE[BER] -7.912  P_det_soft 0.5642  (206s)
  step 2025  JSR  -16.3  loss 6.7095  logE[BER] -5.748  P_det_soft 0.9612  (208s)
  step 2050  JSR  -47.6  loss 3549.1398  logE[BER] -3548.976  P_det_soft 0.1634  (211s)
  step 2075  JSR  -38.5  loss 2716.4819  logE[BER] -2716.334  P_det_soft 0.1479  (214s)
  step 2100  JSR  -32.2  loss 1575.4322  logE[BER] -1575.233  P_det_soft 0.1990  (216s)
  step 2125  JSR  -32.1  loss 1569.7271  logE[BER] -1569.541  P_det_soft 0.1859  (219s)
  step 2150  JSR  -39.9  loss 2904.4735  logE[BER] -2904.315  P_det_soft 0.1583  (221s)
  step 2175  JSR  -34.7  loss 2160.5427  logE[BER] -2160.347  P_det_soft 0.1959  (224s)
  step 2200  JSR  -47.4  loss 3522.6553  logE[BER] -3522.455  P_det_soft 0.2001  (226s)
  step 2225  JSR  -16.4  loss 6.5905  logE[BER] -5.679  P_det_soft 0.9118  (229s)
  step 2250  JSR  -26.4  loss 485.8166  logE[BER] -485.512  P_det_soft 0.3044  (231s)
  step 2275  JSR  -41.0  loss 3006.1138  logE[BER] -3005.895  P_det_soft 0.2191  (234s)
  step 2300  JSR  -22.9  loss 8.3859  logE[BER] -7.908  P_det_soft 0.4778  (237s)
  step 2325  JSR  -32.0  loss 1708.4677  logE[BER] -1708.277  P_det_soft 0.1912  (239s)
  step 2350  JSR  -18.9  loss 6.8914  logE[BER] -6.191  P_det_soft 0.7007  (242s)
  step 2375  JSR  -32.0  loss 1710.2166  logE[BER] -1709.959  P_det_soft 0.2573  (244s)
  step 2400  JSR  -18.4  loss 6.9554  logE[BER] -6.176  P_det_soft 0.7793  (247s)
  step 2425  JSR  -22.7  loss 8.1418  logE[BER] -7.647  P_det_soft 0.4948  (249s)
  step 2450  JSR  -16.9  loss 6.7737  logE[BER] -5.875  P_det_soft 0.8990  (252s)
  step 2475  JSR  -19.3  loss 7.0301  logE[BER] -6.303  P_det_soft 0.7271  (255s)
  step 2500  JSR  -25.0  loss 211.3036  logE[BER] -210.918  P_det_soft 0.3854  (257s)
  step 2525  JSR  -34.1  loss 2046.3844  logE[BER] -2046.203  P_det_soft 0.1818  (260s)
  step 2550  JSR  -41.1  loss 3031.3663  logE[BER] -3031.209  P_det_soft 0.1575  (262s)
  step 2575  JSR  -41.4  loss 3025.2285  logE[BER] -3025.024  P_det_soft 0.2043  (265s)
  step 2600  JSR  -42.8  loss 3195.0904  logE[BER] -3194.898  P_det_soft 0.1923  (267s)
  step 2625  JSR  -21.1  loss 7.2407  logE[BER] -6.647  P_det_soft 0.5937  (270s)
  step 2650  JSR  -40.9  loss 3020.0032  logE[BER] -3019.736  P_det_soft 0.2676  (272s)
  step 2675  JSR  -44.9  loss 3370.3293  logE[BER] -3370.140  P_det_soft 0.1892  (275s)
  step 2700  JSR  -35.3  loss 2228.4847  logE[BER] -2228.305  P_det_soft 0.1799  (278s)
  step 2725  JSR  -22.4  loss 7.7366  logE[BER] -7.373  P_det_soft 0.3632  (280s)
  step 2750  JSR  -20.6  loss 6.7104  logE[BER] -6.120  P_det_soft 0.5902  (283s)
  step 2775  JSR  -25.8  loss 368.1017  logE[BER] -367.803  P_det_soft 0.2988  (285s)
  step 2800  JSR  -28.6  loss 755.5740  logE[BER] -755.359  P_det_soft 0.2150  (288s)
  step 2825  JSR  -18.5  loss 6.7032  logE[BER] -5.961  P_det_soft 0.7423  (290s)
  step 2850  JSR  -20.0  loss 7.0802  logE[BER] -6.526  P_det_soft 0.5546  (293s)
  step 2875  JSR  -23.2  loss 9.3176  logE[BER] -9.011  P_det_soft 0.3067  (296s)
  step 2900  JSR  -25.7  loss 270.6309  logE[BER] -270.371  P_det_soft 0.2602  (298s)
  step 2925  JSR  -16.2  loss 6.4954  logE[BER] -5.678  P_det_soft 0.8170  (301s)
  step 2950  JSR  -16.6  loss 6.6522  logE[BER] -5.832  P_det_soft 0.8199  (303s)
  step 2975  JSR  -37.3  loss 2583.4711  logE[BER] -2583.339  P_det_soft 0.1319  (306s)
  step 3000  JSR  -19.3  loss 6.8767  logE[BER] -6.351  P_det_soft 0.5259  (308s)
  step 3025  JSR  -45.9  loss 3413.7193  logE[BER] -3413.591  P_det_soft 0.1285  (311s)
  step 3050  JSR  -23.5  loss 12.1419  logE[BER] -11.827  P_det_soft 0.3148  (313s)
  step 3075  JSR  -26.3  loss 285.0300  logE[BER] -284.747  P_det_soft 0.2832  (316s)
  step 3100  JSR  -43.7  loss 3246.3535  logE[BER] -3246.163  P_det_soft 0.1910  (319s)
  step 3125  JSR  -16.7  loss 6.8363  logE[BER] -5.992  P_det_soft 0.8438  (321s)
  step 3150  JSR  -39.4  loss 2828.7618  logE[BER] -2828.625  P_det_soft 0.1371  (324s)
  step 3175  JSR  -41.5  loss 3065.4652  logE[BER] -3065.279  P_det_soft 0.1863  (326s)
  step 3200  JSR  -22.8  loss 8.6258  logE[BER] -8.321  P_det_soft 0.3051  (329s)
  step 3225  JSR  -18.4  loss 6.6079  logE[BER] -5.948  P_det_soft 0.6602  (331s)
  step 3250  JSR  -18.4  loss 6.7597  logE[BER] -6.137  P_det_soft 0.6230  (334s)
  step 3275  JSR  -38.9  loss 2761.4678  logE[BER] -2761.286  P_det_soft 0.1821  (337s)
  step 3300  JSR  -47.3  loss 3511.8307  logE[BER] -3511.594  P_det_soft 0.2368  (339s)
  step 3325  JSR  -28.3  loss 725.8989  logE[BER] -725.676  P_det_soft 0.2225  (342s)
  step 3350  JSR  -36.0  loss 2319.2586  logE[BER] -2319.073  P_det_soft 0.1856  (344s)
  step 3375  JSR  -46.7  loss 3488.1525  logE[BER] -3487.933  P_det_soft 0.2191  (347s)
  step 3400  JSR  -26.0  loss 297.9308  logE[BER] -297.655  P_det_soft 0.2757  (349s)
  step 3425  JSR  -26.5  loss 283.5785  logE[BER] -283.309  P_det_soft 0.2698  (352s)
  step 3450  JSR  -40.3  loss 2927.7659  logE[BER] -2927.607  P_det_soft 0.1589  (355s)
  step 3475  JSR  -44.4  loss 3340.3425  logE[BER] -3340.185  P_det_soft 0.1571  (357s)
  step 3500  JSR  -33.0  loss 1795.3389  logE[BER] -1795.125  P_det_soft 0.2136  (360s)
  step 3525  JSR  -39.5  loss 2915.5866  logE[BER] -2915.449  P_det_soft 0.1379  (362s)
  step 3550  JSR  -31.0  loss 1341.8640  logE[BER] -1341.677  P_det_soft 0.1868  (365s)
  step 3575  JSR  -41.4  loss 3039.1232  logE[BER] -3038.921  P_det_soft 0.2022  (367s)
  step 3600  JSR  -19.0  loss 6.7856  logE[BER] -6.238  P_det_soft 0.5473  (370s)
  step 3625  JSR  -46.9  loss 3501.7895  logE[BER] -3501.612  P_det_soft 0.1771  (372s)
  step 3650  JSR  -20.3  loss 6.7875  logE[BER] -6.319  P_det_soft 0.4686  (375s)
  step 3675  JSR  -29.6  loss 1102.2887  logE[BER] -1102.131  P_det_soft 0.1581  (378s)
  step 3700  JSR  -22.2  loss 7.1563  logE[BER] -6.801  P_det_soft 0.3556  (380s)
  step 3725  JSR  -26.5  loss 329.3865  logE[BER] -329.136  P_det_soft 0.2505  (383s)
  step 3750  JSR  -25.9  loss 206.5175  logE[BER] -206.312  P_det_soft 0.2060  (385s)
  step 3775  JSR  -28.8  loss 842.5969  logE[BER] -842.414  P_det_soft 0.1830  (388s)
  step 3800  JSR  -21.0  loss 7.0856  logE[BER] -6.680  P_det_soft 0.4056  (390s)
  step 3825  JSR  -46.5  loss 3489.6977  logE[BER] -3489.488  P_det_soft 0.2095  (393s)
  step 3850  JSR  -40.5  loss 2928.8993  logE[BER] -2928.739  P_det_soft 0.1605  (395s)
  step 3875  JSR  -44.4  loss 3323.0631  logE[BER] -3322.876  P_det_soft 0.1869  (398s)
  step 3900  JSR  -16.5  loss 6.5078  logE[BER] -5.715  P_det_soft 0.7925  (401s)
  step 3925  JSR  -41.1  loss 3041.1034  logE[BER] -3040.922  P_det_soft 0.1815  (403s)
  step 3950  JSR  -39.7  loss 2869.8013  logE[BER] -2869.653  P_det_soft 0.1483  (406s)
  step 3975  JSR  -25.5  loss 177.2557  logE[BER] -177.040  P_det_soft 0.2160  (408s)
  step 3999  JSR  -39.1  loss 2778.8770  logE[BER] -2778.654  P_det_soft 0.2229  (411s)
wrote task13_G.pt, task13.json  (tag spec_cnn_b1)
