node: tikgpu05.ee.ethz.ch | gpu: NVIDIA TITAN RTX
task 16 = {'target': 'spec_cnn', 'beta': 1000.0}  (tag spec_cnn_b1000, 32 frames/step, JSR band (-48.0, -16.0))
  target spec_cnn: threshold -3.17573, clean-frame std 0.940603 (soft_pdet width)
  step    0  JSR  -38.4  loss 4129.1447  logE[BER] -3881.955  P_det_soft 0.2472  (1s)
  step   25  JSR  -23.2  loss 3714.1596  logE[BER] -2738.099  P_det_soft 0.9761  (3s)
  step   50  JSR  -31.1  loss 3878.3480  logE[BER] -3517.830  P_det_soft 0.3605  (5s)
  step   75  JSR  -46.7  loss 4077.0186  logE[BER] -3919.766  P_det_soft 0.1573  (7s)
  step  100  JSR  -17.8  loss 3027.8193  logE[BER] -2030.769  P_det_soft 0.9971  (10s)
  step  125  JSR  -30.1  loss 3888.4732  logE[BER] -3486.743  P_det_soft 0.4017  (12s)
  step  150  JSR  -26.3  loss 3876.6560  logE[BER] -3201.121  P_det_soft 0.6755  (14s)
  step  175  JSR  -28.1  loss 3847.0917  logE[BER] -3363.999  P_det_soft 0.4831  (17s)
  step  200  JSR  -23.1  loss 3841.1247  logE[BER] -2908.411  P_det_soft 0.9327  (19s)
  step  225  JSR  -44.4  loss 4086.3224  logE[BER] -3907.215  P_det_soft 0.1791  (21s)
  step  250  JSR  -38.0  loss 3984.3785  logE[BER] -3805.734  P_det_soft 0.1786  (24s)
  step  275  JSR  -18.7  loss 3428.6224  logE[BER] -2434.051  P_det_soft 0.9946  (26s)
  step  300  JSR  -41.4  loss 4016.2207  logE[BER] -3881.302  P_det_soft 0.1349  (28s)
  step  325  JSR  -31.6  loss 3814.9465  logE[BER] -3575.514  P_det_soft 0.2394  (31s)
  step  350  JSR  -27.3  loss 3763.3976  logE[BER] -3304.695  P_det_soft 0.4587  (33s)
  step  375  JSR  -22.7  loss 3786.9629  logE[BER] -2855.276  P_det_soft 0.9317  (35s)
  step  400  JSR  -26.4  loss 3856.2077  logE[BER] -3241.830  P_det_soft 0.6144  (38s)
  step  425  JSR  -26.0  loss 3821.5975  logE[BER] -3204.788  P_det_soft 0.6168  (40s)
  step  450  JSR  -31.9  loss 3880.4032  logE[BER] -3590.646  P_det_soft 0.2898  (42s)
  step  475  JSR  -29.9  loss 3756.1356  logE[BER] -3502.148  P_det_soft 0.2540  (45s)
  step  500  JSR  -19.2  loss 3345.5053  logE[BER] -2359.244  P_det_soft 0.9863  (47s)
  step  525  JSR  -38.3  loss 3956.5662  logE[BER] -3800.049  P_det_soft 0.1565  (49s)
  step  550  JSR  -17.0  loss 2973.8448  logE[BER] -1981.108  P_det_soft 0.9927  (52s)
  step  575  JSR  -28.4  loss 3764.6959  logE[BER] -3388.694  P_det_soft 0.3760  (54s)
  step  600  JSR  -44.5  loss 4083.0285  logE[BER] -3905.747  P_det_soft 0.1773  (56s)
  step  625  JSR  -21.5  loss 3691.7637  logE[BER] -2741.116  P_det_soft 0.9506  (59s)
  step  650  JSR  -39.1  loss 3970.5962  logE[BER] -3833.139  P_det_soft 0.1375  (61s)
  step  675  JSR  -19.3  loss 3359.9965  logE[BER] -2371.092  P_det_soft 0.9889  (63s)
  step  700  JSR  -21.2  loss 3632.6370  logE[BER] -2674.183  P_det_soft 0.9585  (66s)
  step  725  JSR  -26.9  loss 3855.5269  logE[BER] -3315.685  P_det_soft 0.5398  (68s)
  step  750  JSR  -45.4  loss 4085.7518  logE[BER] -3915.016  P_det_soft 0.1707  (71s)
  step  775  JSR  -38.4  loss 3998.5394  logE[BER] -3819.053  P_det_soft 0.1795  (73s)
  step  800  JSR  -38.3  loss 3974.1378  logE[BER] -3807.597  P_det_soft 0.1665  (75s)
  step  825  JSR  -23.3  loss 3768.7020  logE[BER] -2934.842  P_det_soft 0.8339  (78s)
  step  850  JSR  -20.8  loss 3563.4865  logE[BER] -2599.255  P_det_soft 0.9642  (80s)
  step  875  JSR  -34.3  loss 3913.1256  logE[BER] -3698.447  P_det_soft 0.2147  (82s)
  step  900  JSR  -20.9  loss 3716.1706  logE[BER] -2753.829  P_det_soft 0.9623  (85s)
  step  925  JSR  -32.5  loss 3812.2763  logE[BER] -3623.204  P_det_soft 0.1891  (87s)
  step  950  JSR  -33.8  loss 3881.4983  logE[BER] -3686.306  P_det_soft 0.1952  (89s)
  step  975  JSR  -29.8  loss 3792.9447  logE[BER] -3529.193  P_det_soft 0.2638  (92s)
  step 1000  JSR  -24.2  loss 3763.8941  logE[BER] -3032.606  P_det_soft 0.7313  (94s)
  step 1025  JSR  -21.3  loss 3656.1829  logE[BER] -2719.339  P_det_soft 0.9368  (97s)
  step 1050  JSR  -21.8  loss 3735.4132  logE[BER] -2827.973  P_det_soft 0.9074  (99s)
  step 1075  JSR  -26.8  loss 3673.1328  logE[BER] -3273.153  P_det_soft 0.4000  (101s)
  step 1100  JSR  -36.5  loss 3940.4924  logE[BER] -3753.459  P_det_soft 0.1870  (104s)
  step 1125  JSR  -27.3  loss 3790.0927  logE[BER] -3358.716  P_det_soft 0.4314  (106s)
  step 1150  JSR  -40.9  loss 4013.2365  logE[BER] -3857.693  P_det_soft 0.1555  (108s)
  step 1175  JSR  -23.3  loss 3713.4554  logE[BER] -2928.138  P_det_soft 0.7853  (111s)
  step 1200  JSR  -41.5  loss 4024.2057  logE[BER] -3868.235  P_det_soft 0.1560  (113s)
  step 1225  JSR  -42.7  loss 4033.4529  logE[BER] -3889.311  P_det_soft 0.1441  (115s)
  step 1250  JSR  -25.8  loss 3617.1761  logE[BER] -3194.400  P_det_soft 0.4228  (118s)
  step 1275  JSR  -24.7  loss 3750.3122  logE[BER] -3097.389  P_det_soft 0.6529  (120s)
  step 1300  JSR  -39.7  loss 4010.2257  logE[BER] -3834.411  P_det_soft 0.1758  (122s)
  step 1325  JSR  -45.7  loss 4080.0561  logE[BER] -3918.633  P_det_soft 0.1614  (125s)
  step 1350  JSR  -42.7  loss 4027.3106  logE[BER] -3893.033  P_det_soft 0.1343  (127s)
  step 1375  JSR  -18.8  loss 3302.1607  logE[BER] -2313.193  P_det_soft 0.9890  (130s)
  step 1400  JSR  -22.8  loss 3740.9355  logE[BER] -2870.409  P_det_soft 0.8705  (132s)
  step 1425  JSR  -39.9  loss 4056.7551  logE[BER] -3851.551  P_det_soft 0.2052  (134s)
  step 1450  JSR  -16.6  loss 2980.2582  logE[BER] -1985.753  P_det_soft 0.9945  (137s)
  step 1475  JSR  -27.5  loss 3629.1925  logE[BER] -3361.331  P_det_soft 0.2679  (139s)
  step 1500  JSR  -44.6  loss 4090.2361  logE[BER] -3898.020  P_det_soft 0.1922  (141s)
  step 1525  JSR  -18.6  loss 3244.7858  logE[BER] -2264.445  P_det_soft 0.9803  (144s)
  step 1550  JSR  -18.7  loss 3308.2182  logE[BER] -2324.532  P_det_soft 0.9837  (146s)
  step 1575  JSR  -24.6  loss 3732.4481  logE[BER] -3077.784  P_det_soft 0.6547  (148s)
  step 1600  JSR  -36.5  loss 3969.2663  logE[BER] -3772.300  P_det_soft 0.1970  (151s)
  step 1625  JSR  -45.8  loss 4133.2057  logE[BER] -3924.754  P_det_soft 0.2085  (153s)
  step 1650  JSR  -16.6  loss 2908.6751  logE[BER] -1922.267  P_det_soft 0.9864  (156s)
  step 1675  JSR  -22.7  loss 3660.4735  logE[BER] -2872.706  P_det_soft 0.7878  (158s)
  step 1700  JSR  -44.4  loss 4136.9466  logE[BER] -3910.064  P_det_soft 0.2269  (160s)
  step 1725  JSR  -33.7  loss 3926.1362  logE[BER] -3676.983  P_det_soft 0.2492  (163s)
  step 1750  JSR  -27.9  loss 3715.8464  logE[BER] -3385.293  P_det_soft 0.3306  (165s)
  step 1775  JSR  -38.3  loss 4023.0431  logE[BER] -3810.158  P_det_soft 0.2129  (167s)
  step 1800  JSR  -18.0  loss 3178.7854  logE[BER] -2194.352  P_det_soft 0.9844  (170s)
  step 1825  JSR  -17.8  loss 3116.4832  logE[BER] -2128.165  P_det_soft 0.9883  (172s)
  step 1850  JSR  -46.9  loss 4136.7954  logE[BER] -3938.565  P_det_soft 0.1982  (175s)
  step 1875  JSR  -43.6  loss 4049.9209  logE[BER] -3890.200  P_det_soft 0.1597  (177s)
  step 1900  JSR  -24.1  loss 3758.7452  logE[BER] -3034.439  P_det_soft 0.7243  (179s)
  step 1925  JSR  -23.6  loss 3809.1695  logE[BER] -3044.934  P_det_soft 0.7642  (182s)
  step 1950  JSR  -32.9  loss 3863.7363  logE[BER] -3625.055  P_det_soft 0.2387  (184s)
  step 1975  JSR  -33.8  loss 3896.7305  logE[BER] -3670.862  P_det_soft 0.2259  (186s)
  step 2000  JSR  -31.3  loss 3815.0370  logE[BER] -3576.472  P_det_soft 0.2386  (189s)
  step 2025  JSR  -30.4  loss 3830.8415  logE[BER] -3520.618  P_det_soft 0.3102  (191s)
  step 2050  JSR  -30.6  loss 3804.9864  logE[BER] -3553.656  P_det_soft 0.2513  (193s)
  step 2075  JSR  -43.4  loss 4111.2605  logE[BER] -3902.275  P_det_soft 0.2090  (196s)
  step 2100  JSR  -23.3  loss 3729.0200  logE[BER] -2939.363  P_det_soft 0.7897  (198s)
  step 2125  JSR  -33.2  loss 3889.1491  logE[BER] -3652.815  P_det_soft 0.2363  (201s)
  step 2150  JSR  -46.2  loss 4118.3749  logE[BER] -3928.693  P_det_soft 0.1897  (203s)
  step 2175  JSR  -22.2  loss 3699.4145  logE[BER] -2810.981  P_det_soft 0.8884  (205s)
  step 2200  JSR  -21.5  loss 3671.4252  logE[BER] -2754.183  P_det_soft 0.9172  (208s)
  step 2225  JSR  -39.5  loss 4055.2808  logE[BER] -3843.459  P_det_soft 0.2118  (210s)
  step 2250  JSR  -39.2  loss 3987.5416  logE[BER] -3836.670  P_det_soft 0.1509  (212s)
  step 2275  JSR  -22.3  loss 3715.2250  logE[BER] -2811.423  P_det_soft 0.9038  (215s)
  step 2300  JSR  -16.2  loss 2844.7968  logE[BER] -1851.387  P_det_soft 0.9934  (217s)
  step 2325  JSR  -21.4  loss 3650.0092  logE[BER] -2727.164  P_det_soft 0.9228  (220s)
  step 2350  JSR  -30.5  loss 3737.8479  logE[BER] -3524.193  P_det_soft 0.2137  (222s)
  step 2375  JSR  -44.6  loss 4058.5696  logE[BER] -3904.636  P_det_soft 0.1539  (224s)
  step 2400  JSR  -33.6  loss 3882.3306  logE[BER] -3695.188  P_det_soft 0.1871  (227s)
  step 2425  JSR  -42.8  loss 4110.8781  logE[BER] -3885.486  P_det_soft 0.2254  (229s)
  step 2450  JSR  -31.3  loss 3811.6013  logE[BER] -3596.286  P_det_soft 0.2153  (231s)
  step 2475  JSR  -32.3  loss 3872.0645  logE[BER] -3626.071  P_det_soft 0.2460  (234s)
  step 2500  JSR  -35.9  loss 4011.0331  logE[BER] -3747.139  P_det_soft 0.2639  (236s)
  step 2525  JSR  -35.2  loss 3893.1565  logE[BER] -3740.133  P_det_soft 0.1530  (238s)
  step 2550  JSR  -35.2  loss 3912.3726  logE[BER] -3724.119  P_det_soft 0.1883  (241s)
  step 2575  JSR  -32.9  loss 3904.2929  logE[BER] -3653.917  P_det_soft 0.2504  (243s)
  step 2600  JSR  -24.7  loss 3769.9900  logE[BER] -3076.175  P_det_soft 0.6938  (246s)
  step 2625  JSR  -28.8  loss 3737.8792  logE[BER] -3443.248  P_det_soft 0.2946  (248s)
  step 2650  JSR  -37.6  loss 3987.7351  logE[BER] -3807.623  P_det_soft 0.1801  (250s)
  step 2675  JSR  -45.1  loss 4076.4175  logE[BER] -3929.039  P_det_soft 0.1474  (253s)
  step 2700  JSR  -42.7  loss 4071.7657  logE[BER] -3888.938  P_det_soft 0.1828  (255s)
  step 2725  JSR  -45.4  loss 4072.3248  logE[BER] -3914.764  P_det_soft 0.1576  (257s)
  step 2750  JSR  -34.8  loss 3913.4283  logE[BER] -3714.450  P_det_soft 0.1990  (260s)
  step 2775  JSR  -17.2  loss 3009.3368  logE[BER] -2015.164  P_det_soft 0.9942  (262s)
  step 2800  JSR  -27.7  loss 3779.9273  logE[BER] -3370.230  P_det_soft 0.4097  (264s)
  step 2825  JSR  -29.7  loss 3858.6378  logE[BER] -3503.886  P_det_soft 0.3548  (267s)
  step 2850  JSR  -24.2  loss 3828.9605  logE[BER] -3035.819  P_det_soft 0.7931  (269s)
  step 2875  JSR  -28.1  loss 3761.4393  logE[BER] -3385.491  P_det_soft 0.3759  (272s)
  step 2900  JSR  -45.5  loss 4110.2556  logE[BER] -3918.603  P_det_soft 0.1917  (274s)
  step 2925  JSR  -16.1  loss 2821.3456  logE[BER] -1825.429  P_det_soft 0.9959  (276s)
  step 2950  JSR  -31.3  loss 3855.2030  logE[BER] -3576.506  P_det_soft 0.2787  (279s)
  step 2975  JSR  -47.0  loss 4076.9879  logE[BER] -3924.965  P_det_soft 0.1520  (281s)
  step 3000  JSR  -17.7  loss 3145.0678  logE[BER] -2150.737  P_det_soft 0.9943  (283s)
  step 3025  JSR  -30.0  loss 3891.8885  logE[BER] -3536.832  P_det_soft 0.3551  (286s)
  step 3050  JSR  -32.1  loss 3849.3816  logE[BER] -3620.709  P_det_soft 0.2287  (288s)
  step 3075  JSR  -21.9  loss 3724.6229  logE[BER] -2807.428  P_det_soft 0.9172  (291s)
  step 3100  JSR  -29.8  loss 3816.7265  logE[BER] -3502.080  P_det_soft 0.3146  (293s)
  step 3125  JSR  -38.7  loss 3992.2095  logE[BER] -3820.725  P_det_soft 0.1715  (295s)
  step 3150  JSR  -38.3  loss 3972.4562  logE[BER] -3807.310  P_det_soft 0.1651  (298s)
  step 3175  JSR  -32.5  loss 3822.6329  logE[BER] -3635.748  P_det_soft 0.1869  (300s)
  step 3200  JSR  -16.5  loss 2984.2941  logE[BER] -1989.679  P_det_soft 0.9946  (302s)
  step 3225  JSR  -26.0  loss 3750.0557  logE[BER] -3208.328  P_det_soft 0.5417  (305s)
  step 3250  JSR  -42.5  loss 4059.1946  logE[BER] -3881.859  P_det_soft 0.1773  (307s)
  step 3275  JSR  -26.7  loss 3776.7556  logE[BER] -3293.162  P_det_soft 0.4836  (309s)
  step 3300  JSR  -38.0  loss 3992.8416  logE[BER] -3801.337  P_det_soft 0.1915  (312s)
  step 3325  JSR  -19.2  loss 3388.3104  logE[BER] -2405.757  P_det_soft 0.9826  (314s)
  step 3350  JSR  -18.9  loss 3315.4457  logE[BER] -2336.750  P_det_soft 0.9787  (317s)
  step 3375  JSR  -37.2  loss 4004.6413  logE[BER] -3787.519  P_det_soft 0.2171  (319s)
  step 3400  JSR  -42.0  loss 4038.4885  logE[BER] -3866.628  P_det_soft 0.1719  (321s)
  step 3425  JSR  -30.0  loss 3803.6502  logE[BER] -3502.903  P_det_soft 0.3007  (324s)
  step 3450  JSR  -16.8  loss 3014.8542  logE[BER] -2021.773  P_det_soft 0.9931  (326s)
  step 3475  JSR  -22.5  loss 3778.3113  logE[BER] -2868.152  P_det_soft 0.9102  (328s)
  step 3500  JSR  -43.3  loss 4078.0308  logE[BER] -3903.453  P_det_soft 0.1746  (331s)
  step 3525  JSR  -18.0  loss 3172.9789  logE[BER] -2182.147  P_det_soft 0.9908  (333s)
  step 3550  JSR  -41.3  loss 4007.5309  logE[BER] -3860.976  P_det_soft 0.1466  (336s)
  step 3575  JSR  -19.6  loss 3407.4901  logE[BER] -2429.764  P_det_soft 0.9777  (338s)
  step 3600  JSR  -20.8  loss 3580.8760  logE[BER] -2624.804  P_det_soft 0.9561  (340s)
  step 3625  JSR  -45.7  loss 4098.8559  logE[BER] -3920.050  P_det_soft 0.1788  (343s)
  step 3650  JSR  -28.6  loss 3772.4534  logE[BER] -3406.312  P_det_soft 0.3661  (345s)
  step 3675  JSR  -39.1  loss 4029.2498  logE[BER] -3834.983  P_det_soft 0.1943  (347s)
  step 3700  JSR  -25.1  loss 3809.9972  logE[BER] -3141.635  P_det_soft 0.6684  (350s)
  step 3725  JSR  -42.5  loss 4067.3073  logE[BER] -3888.397  P_det_soft 0.1789  (352s)
  step 3750  JSR  -47.9  loss 4108.6021  logE[BER] -3939.189  P_det_soft 0.1694  (354s)
  step 3775  JSR  -19.3  loss 3381.4777  logE[BER] -2397.491  P_det_soft 0.9840  (357s)
  step 3800  JSR  -34.0  loss 3896.8889  logE[BER] -3704.337  P_det_soft 0.1926  (359s)
  step 3825  JSR  -37.7  loss 4076.1969  logE[BER] -3802.735  P_det_soft 0.2735  (362s)
  step 3850  JSR  -32.7  loss 3834.5066  logE[BER] -3633.590  P_det_soft 0.2009  (364s)
  step 3875  JSR  -19.6  loss 3524.2541  logE[BER] -2541.733  P_det_soft 0.9825  (366s)
  step 3900  JSR  -42.5  loss 4055.8282  logE[BER] -3903.182  P_det_soft 0.1526  (369s)
  step 3925  JSR  -39.3  loss 4052.8543  logE[BER] -3830.838  P_det_soft 0.2220  (371s)
  step 3950  JSR  -32.5  loss 3898.9204  logE[BER] -3630.963  P_det_soft 0.2680  (373s)
  step 3975  JSR  -32.3  loss 3787.1634  logE[BER] -3612.568  P_det_soft 0.1746  (376s)
  step 3999  JSR  -28.4  loss 3860.0898  logE[BER] -3430.273  P_det_soft 0.4298  (378s)
wrote task16_G.pt, task16.json  (tag spec_cnn_b1000)
