node: tikgpu04.ee.ethz.ch | gpu: NVIDIA TITAN RTX
task 18 = {'target': 'spec_cnn', 'beta': 100000.0}  (tag spec_cnn_b100000, 32 frames/step, JSR band (-48.0, -16.0))
  target spec_cnn: threshold -3.17573, clean-frame std 0.940603 (soft_pdet width)
  step    0  JSR  -23.4  loss 91799.6296  logE[BER] -2865.161  P_det_soft 0.8893  (1s)
  step   25  JSR  -19.9  loss 95681.1906  logE[BER] -2337.668  P_det_soft 0.9334  (3s)
  step   50  JSR  -47.7  loss 20433.3706  logE[BER] -3923.901  P_det_soft 0.1651  (5s)
  step   75  JSR  -47.9  loss 20496.9388  logE[BER] -3927.243  P_det_soft 0.1657  (8s)
  step  100  JSR  -39.6  loss 21046.7209  logE[BER] -3807.166  P_det_soft 0.1724  (10s)
  step  125  JSR  -38.6  loss 26806.5031  logE[BER] -3798.345  P_det_soft 0.2301  (12s)
  step  150  JSR  -23.0  loss 43412.3744  logE[BER] -2697.738  P_det_soft 0.4071  (15s)
  step  175  JSR  -45.5  loss 18615.4715  logE[BER] -3899.116  P_det_soft 0.1472  (17s)
  step  200  JSR  -22.2  loss 45052.2956  logE[BER] -2663.941  P_det_soft 0.4239  (19s)
  step  225  JSR  -16.0  loss 96709.2985  logE[BER] -1490.102  P_det_soft 0.9522  (21s)
  step  250  JSR  -26.7  loss 30555.7185  logE[BER] -3157.637  P_det_soft 0.2740  (24s)
  step  275  JSR  -41.9  loss 19999.5629  logE[BER] -3855.957  P_det_soft 0.1614  (26s)
  step  300  JSR  -29.6  loss 27484.8640  logE[BER] -3407.501  P_det_soft 0.2408  (28s)
  step  325  JSR  -43.0  loss 16359.8274  logE[BER] -3877.061  P_det_soft 0.1248  (31s)
  step  350  JSR  -22.2  loss 37184.1993  logE[BER] -2713.991  P_det_soft 0.3447  (33s)
  step  375  JSR  -30.6  loss 20959.9370  logE[BER] -3516.910  P_det_soft 0.1744  (35s)
  step  399  JSR  -25.1  loss 33445.9671  logE[BER] -2950.477  P_det_soft 0.3050  (38s)
wrote task18_G.pt, task18.json  (tag spec_cnn_b100000)
