node: artongpu01.ee.ethz.ch | gpu: NVIDIA GeForce RTX 2080 Ti
task 13 = {'target': 'spec_cnn', 'beta': 1.0}  (tag spec_cnn_b1, 32 frames/step, JSR band (-48.0, -16.0))
  target spec_cnn: threshold -3.17573, clean-frame std 0.982227 (soft_pdet width)
  step    0  JSR  -33.2  loss 3797.7002  logE[BER] -3797.346  P_det_soft 0.3538  (1s)
  step   25  JSR  -43.3  loss 3779.4822  logE[BER] -3779.319  P_det_soft 0.1632  (4s)
  step   50  JSR  -27.1  loss 2425.0062  logE[BER] -2424.153  P_det_soft 0.8532  (6s)
  step   75  JSR  -19.8  loss 922.8242  logE[BER] -921.829  P_det_soft 0.9955  (9s)
  step  100  JSR  -21.2  loss 1472.0004  logE[BER] -1471.007  P_det_soft 0.9934  (11s)
  step  125  JSR  -23.5  loss 1774.0842  logE[BER] -1773.114  P_det_soft 0.9704  (14s)
  step  150  JSR  -20.6  loss 1128.9081  logE[BER] -1127.914  P_det_soft 0.9942  (16s)
  step  175  JSR  -44.8  loss 3733.8560  logE[BER] -3733.677  P_det_soft 0.1789  (19s)
  step  200  JSR  -19.1  loss 292.4860  logE[BER] -291.490  P_det_soft 0.9960  (22s)
  step  225  JSR  -38.6  loss 3498.9167  logE[BER] -3498.726  P_det_soft 0.1911  (24s)
  step  250  JSR  -19.5  loss 561.0707  logE[BER] -560.077  P_det_soft 0.9940  (27s)
  step  275  JSR  -32.8  loss 2929.2982  logE[BER] -2929.082  P_det_soft 0.2157  (29s)
  step  300  JSR  -22.5  loss 819.1921  logE[BER] -818.232  P_det_soft 0.9601  (32s)
  step  325  JSR  -43.1  loss 3689.4436  logE[BER] -3689.299  P_det_soft 0.1451  (34s)
  step  350  JSR  -34.9  loss 3183.8689  logE[BER] -3183.658  P_det_soft 0.2110  (37s)
  step  375  JSR  -43.8  loss 3716.2673  logE[BER] -3716.081  P_det_soft 0.1859  (40s)
  step  400  JSR  -43.7  loss 3715.9966  logE[BER] -3715.829  P_det_soft 0.1678  (42s)
  step  425  JSR  -19.9  loss 563.7253  logE[BER] -562.730  P_det_soft 0.9948  (45s)
  step  450  JSR  -36.8  loss 3279.5693  logE[BER] -3279.346  P_det_soft 0.2233  (47s)
  step  475  JSR  -30.5  loss 2277.7015  logE[BER] -2277.268  P_det_soft 0.4338  (50s)
  step  500  JSR  -18.3  loss 28.9909  logE[BER] -27.997  P_det_soft 0.9938  (52s)
  step  525  JSR  -26.5  loss 1608.1794  logE[BER] -1607.471  P_det_soft 0.7086  (55s)
  step  550  JSR  -45.5  loss 3680.8979  logE[BER] -3680.743  P_det_soft 0.1546  (58s)
  step  575  JSR  -41.8  loss 3439.1657  logE[BER] -3438.996  P_det_soft 0.1698  (60s)
  step  600  JSR  -44.5  loss 3671.4257  logE[BER] -3671.276  P_det_soft 0.1500  (63s)
  step  625  JSR  -36.5  loss 3026.4722  logE[BER] -3026.253  P_det_soft 0.2190  (65s)
  step  650  JSR  -24.7  loss 1098.9453  logE[BER] -1098.147  P_det_soft 0.7984  (68s)
  step  675  JSR  -41.7  loss 3581.8714  logE[BER] -3581.698  P_det_soft 0.1731  (70s)
  step  700  JSR  -21.5  loss 637.3631  logE[BER] -636.378  P_det_soft 0.9848  (73s)
  step  725  JSR  -25.0  loss 1070.4929  logE[BER] -1069.666  P_det_soft 0.8271  (76s)
  step  750  JSR  -44.9  loss 3670.0896  logE[BER] -3669.860  P_det_soft 0.2297  (78s)
  step  775  JSR  -37.1  loss 3136.1132  logE[BER] -3135.890  P_det_soft 0.2232  (81s)
  step  800  JSR  -36.1  loss 3139.0002  logE[BER] -3138.746  P_det_soft 0.2540  (83s)
  step  825  JSR  -29.3  loss 1927.9034  logE[BER] -1927.503  P_det_soft 0.4008  (86s)
  step  850  JSR  -32.9  loss 2388.8329  logE[BER] -2388.606  P_det_soft 0.2269  (88s)
  step  875  JSR  -43.8  loss 3598.6164  logE[BER] -3598.437  P_det_soft 0.1798  (91s)
  step  900  JSR  -31.1  loss 2175.7091  logE[BER] -2175.355  P_det_soft 0.3538  (93s)
  step  925  JSR  -21.4  loss 131.3018  logE[BER] -130.340  P_det_soft 0.9622  (96s)
  step  950  JSR  -29.9  loss 1787.5661  logE[BER] -1787.266  P_det_soft 0.2998  (99s)
  step  975  JSR  -19.3  loss 8.5711  logE[BER] -7.580  P_det_soft 0.9909  (101s)
  step 1000  JSR  -41.5  loss 3315.0841  logE[BER] -3314.926  P_det_soft 0.1582  (104s)
  step 1025  JSR  -30.9  loss 1794.6794  logE[BER] -1794.396  P_det_soft 0.2832  (106s)
  step 1050  JSR  -37.2  loss 2929.4691  logE[BER] -2929.327  P_det_soft 0.1419  (109s)
  step 1075  JSR  -27.1  loss 967.1371  logE[BER] -966.709  P_det_soft 0.4283  (111s)
  step 1100  JSR  -22.1  loss 36.1054  logE[BER] -35.217  P_det_soft 0.8887  (114s)
  step 1125  JSR  -33.5  loss 2325.9558  logE[BER] -2325.680  P_det_soft 0.2762  (117s)
  step 1150  JSR  -16.7  loss 7.0000  logE[BER] -6.005  P_det_soft 0.9949  (119s)
  step 1175  JSR  -19.1  loss 7.4977  logE[BER] -6.516  P_det_soft 0.9820  (122s)
  step 1200  JSR  -40.9  loss 3153.5482  logE[BER] -3153.429  P_det_soft 0.1190  (124s)
  step 1225  JSR  -44.6  loss 3466.5777  logE[BER] -3466.417  P_det_soft 0.1610  (127s)
  step 1250  JSR  -29.0  loss 1304.3900  logE[BER] -1303.980  P_det_soft 0.4105  (129s)
  step 1275  JSR  -43.5  loss 3353.3033  logE[BER] -3353.052  P_det_soft 0.2516  (132s)
  step 1300  JSR  -42.3  loss 3229.8936  logE[BER] -3229.717  P_det_soft 0.1766  (135s)
  step 1325  JSR  -45.5  loss 3493.7801  logE[BER] -3493.605  P_det_soft 0.1746  (137s)
  step 1350  JSR  -32.5  loss 2030.9474  logE[BER] -2030.707  P_det_soft 0.2401  (140s)
  step 1375  JSR  -35.5  loss 2498.8528  logE[BER] -2498.668  P_det_soft 0.1845  (142s)
  step 1400  JSR  -18.3  loss 7.2576  logE[BER] -6.280  P_det_soft 0.9780  (145s)
  step 1425  JSR  -43.9  loss 3350.8070  logE[BER] -3350.573  P_det_soft 0.2342  (147s)
  step 1450  JSR  -43.4  loss 3307.4654  logE[BER] -3307.289  P_det_soft 0.1762  (150s)
  step 1475  JSR  -27.6  loss 999.4188  logE[BER] -999.047  P_det_soft 0.3718  (152s)
  step 1500  JSR  -32.5  loss 1843.6864  logE[BER] -1843.436  P_det_soft 0.2507  (155s)
  step 1525  JSR  -18.0  loss 7.1460  logE[BER] -6.180  P_det_soft 0.9661  (158s)
  step 1550  JSR  -39.7  loss 2950.2775  logE[BER] -2950.131  P_det_soft 0.1465  (160s)
  step 1575  JSR  -25.2  loss 241.2116  logE[BER] -240.748  P_det_soft 0.4639  (163s)
  step 1600  JSR  -39.2  loss 2884.5288  logE[BER] -2884.371  P_det_soft 0.1576  (165s)
  step 1625  JSR  -44.3  loss 3347.8146  logE[BER] -3347.599  P_det_soft 0.2155  (168s)
  step 1650  JSR  -21.6  loss 7.8529  logE[BER] -7.219  P_det_soft 0.6337  (170s)
  step 1675  JSR  -44.0  loss 3352.3122  logE[BER] -3352.153  P_det_soft 0.1592  (173s)
  step 1700  JSR  -33.2  loss 1902.5841  logE[BER] -1902.367  P_det_soft 0.2175  (176s)
  step 1725  JSR  -43.6  loss 3300.6651  logE[BER] -3300.463  P_det_soft 0.2017  (178s)
  step 1750  JSR  -23.2  loss 11.7530  logE[BER] -11.187  P_det_soft 0.5663  (181s)
  step 1775  JSR  -22.7  loss 16.6202  logE[BER] -16.129  P_det_soft 0.4907  (183s)
  step 1800  JSR  -23.6  loss 39.1879  logE[BER] -38.766  P_det_soft 0.4219  (186s)
  step 1825  JSR  -41.2  loss 3041.1064  logE[BER] -3040.922  P_det_soft 0.1845  (188s)
  step 1850  JSR  -37.3  loss 2556.9717  logE[BER] -2556.814  P_det_soft 0.1576  (191s)
  step 1875  JSR  -41.6  loss 3131.2600  logE[BER] -3131.083  P_det_soft 0.1770  (194s)
  step 1900  JSR  -27.0  loss 537.6289  logE[BER] -537.372  P_det_soft 0.2571  (196s)
  step 1925  JSR  -22.5  loss 7.5871  logE[BER] -7.116  P_det_soft 0.4713  (199s)
  step 1950  JSR  -20.8  loss 7.2328  logE[BER] -6.613  P_det_soft 0.6197  (201s)
  step 1975  JSR  -39.2  loss 2840.9118  logE[BER] -2840.737  P_det_soft 0.1747  (204s)
  step 2000  JSR  -22.9  loss 9.0309  logE[BER] -8.572  P_det_soft 0.4585  (206s)
  step 2025  JSR  -44.6  loss 3364.3205  logE[BER] -3364.123  P_det_soft 0.1971  (209s)
  step 2050  JSR  -17.2  loss 6.8510  logE[BER] -6.044  P_det_soft 0.8070  (212s)
  step 2075  JSR  -36.8  loss 2495.8199  logE[BER] -2495.611  P_det_soft 0.2094  (214s)
  step 2100  JSR  -44.8  loss 3388.8648  logE[BER] -3388.707  P_det_soft 0.1579  (217s)
  step 2125  JSR  -16.1  loss 6.7431  logE[BER] -5.792  P_det_soft 0.9510  (219s)
  step 2150  JSR  -35.7  loss 2292.3018  logE[BER] -2292.089  P_det_soft 0.2125  (222s)
  step 2175  JSR  -38.2  loss 2668.2133  logE[BER] -2668.030  P_det_soft 0.1831  (224s)
  step 2200  JSR  -38.3  loss 2762.7751  logE[BER] -2762.506  P_det_soft 0.2694  (227s)
  step 2225  JSR  -20.0  loss 6.7156  logE[BER] -6.120  P_det_soft 0.5953  (230s)
  step 2250  JSR  -40.8  loss 2983.3160  logE[BER] -2983.155  P_det_soft 0.1611  (232s)
  step 2275  JSR  -40.3  loss 2965.9838  logE[BER] -2965.768  P_det_soft 0.2160  (235s)
  step 2300  JSR  -30.6  loss 1380.0593  logE[BER] -1379.845  P_det_soft 0.2148  (237s)
  step 2325  JSR  -30.3  loss 1225.5809  logE[BER] -1225.324  P_det_soft 0.2570  (240s)
  step 2350  JSR  -28.6  loss 1008.6767  logE[BER] -1008.409  P_det_soft 0.2682  (242s)
  step 2375  JSR  -43.3  loss 3223.3152  logE[BER] -3223.104  P_det_soft 0.2114  (245s)
  step 2400  JSR  -26.8  loss 551.1004  logE[BER] -550.879  P_det_soft 0.2218  (248s)
  step 2425  JSR  -43.2  loss 3294.7313  logE[BER] -3294.543  P_det_soft 0.1882  (250s)
  step 2450  JSR  -42.5  loss 3185.3836  logE[BER] -3185.245  P_det_soft 0.1382  (253s)
  step 2475  JSR  -22.8  loss 9.2058  logE[BER] -8.839  P_det_soft 0.3667  (255s)
  step 2500  JSR  -42.4  loss 3186.2554  logE[BER] -3186.100  P_det_soft 0.1555  (258s)
  step 2525  JSR  -26.2  loss 298.6464  logE[BER] -298.392  P_det_soft 0.2544  (260s)
  step 2550  JSR  -34.8  loss 2176.4716  logE[BER] -2176.348  P_det_soft 0.1241  (263s)
  step 2575  JSR  -21.9  loss 7.7084  logE[BER] -7.252  P_det_soft 0.4565  (266s)
  step 2600  JSR  -28.5  loss 764.6374  logE[BER] -764.374  P_det_soft 0.2634  (268s)
  step 2625  JSR  -37.6  loss 2715.3189  logE[BER] -2715.168  P_det_soft 0.1506  (271s)
  step 2650  JSR  -20.0  loss 7.2365  logE[BER] -6.564  P_det_soft 0.6727  (273s)
  step 2675  JSR  -28.6  loss 789.6355  logE[BER] -789.391  P_det_soft 0.2442  (276s)
  step 2700  JSR  -35.7  loss 2471.2043  logE[BER] -2470.996  P_det_soft 0.2084  (278s)
  step 2725  JSR  -19.0  loss 6.6933  logE[BER] -6.076  P_det_soft 0.6168  (281s)
  step 2750  JSR  -36.9  loss 2520.1657  logE[BER] -2520.035  P_det_soft 0.1305  (284s)
  step 2775  JSR  -38.6  loss 2737.4044  logE[BER] -2737.233  P_det_soft 0.1710  (286s)
  step 2800  JSR  -25.8  loss 307.9324  logE[BER] -307.668  P_det_soft 0.2641  (289s)
  step 2825  JSR  -35.1  loss 2205.7379  logE[BER] -2205.557  P_det_soft 0.1808  (291s)
  step 2850  JSR  -31.0  loss 1299.3034  logE[BER] -1299.078  P_det_soft 0.2249  (294s)
  step 2875  JSR  -47.0  loss 3524.9544  logE[BER] -3524.779  P_det_soft 0.1756  (296s)
  step 2900  JSR  -19.6  loss 6.9485  logE[BER] -6.353  P_det_soft 0.5951  (299s)
  step 2925  JSR  -35.8  loss 2296.9719  logE[BER] -2296.737  P_det_soft 0.2352  (302s)
  step 2950  JSR  -38.2  loss 2678.4715  logE[BER] -2678.263  P_det_soft 0.2086  (304s)
  step 2975  JSR  -46.1  loss 3457.1036  logE[BER] -3456.935  P_det_soft 0.1684  (307s)
  step 3000  JSR  -39.0  loss 2808.3179  logE[BER] -2808.149  P_det_soft 0.1687  (309s)
  step 3025  JSR  -19.0  loss 6.6476  logE[BER] -6.059  P_det_soft 0.5882  (312s)
  step 3050  JSR  -31.7  loss 1613.2725  logE[BER] -1613.090  P_det_soft 0.1830  (314s)
  step 3075  JSR  -45.4  loss 3393.0107  logE[BER] -3392.859  P_det_soft 0.1518  (317s)
  step 3100  JSR  -27.4  loss 507.6972  logE[BER] -507.432  P_det_soft 0.2655  (320s)
  step 3125  JSR  -41.4  loss 3042.7746  logE[BER] -3042.599  P_det_soft 0.1760  (322s)
  step 3150  JSR  -42.6  loss 3162.1002  logE[BER] -3161.955  P_det_soft 0.1451  (325s)
  step 3175  JSR  -24.7  loss 63.7474  logE[BER] -63.472  P_det_soft 0.2752  (327s)
  step 3200  JSR  -42.9  loss 3188.5855  logE[BER] -3188.407  P_det_soft 0.1782  (330s)
  step 3225  JSR  -40.1  loss 2949.1516  logE[BER] -2948.946  P_det_soft 0.2060  (332s)
  step 3250  JSR  -36.6  loss 2543.2919  logE[BER] -2543.139  P_det_soft 0.1526  (335s)
  step 3275  JSR  -19.5  loss 6.9081  logE[BER] -6.301  P_det_soft 0.6073  (338s)
  step 3300  JSR  -45.3  loss 3389.3245  logE[BER] -3389.114  P_det_soft 0.2104  (340s)
  step 3325  JSR  -27.7  loss 581.4890  logE[BER] -581.251  P_det_soft 0.2381  (343s)
  step 3350  JSR  -28.3  loss 701.9611  logE[BER] -701.762  P_det_soft 0.1990  (345s)
  step 3375  JSR  -40.7  loss 3039.1897  logE[BER] -3039.048  P_det_soft 0.1414  (348s)
  step 3400  JSR  -42.6  loss 3181.5720  logE[BER] -3181.381  P_det_soft 0.1907  (350s)
  step 3425  JSR  -23.1  loss 8.3600  logE[BER] -8.025  P_det_soft 0.3345  (353s)
  step 3450  JSR  -29.1  loss 1075.3435  logE[BER] -1075.122  P_det_soft 0.2220  (356s)
  step 3475  JSR  -37.7  loss 2589.2780  logE[BER] -2589.066  P_det_soft 0.2116  (358s)
  step 3500  JSR  -29.1  loss 873.6840  logE[BER] -873.499  P_det_soft 0.1850  (361s)
  step 3525  JSR  -32.4  loss 1682.8389  logE[BER] -1682.710  P_det_soft 0.1293  (363s)
  step 3550  JSR  -38.6  loss 2691.4347  logE[BER] -2691.267  P_det_soft 0.1674  (366s)
  step 3575  JSR  -45.0  loss 3390.8909  logE[BER] -3390.735  P_det_soft 0.1560  (368s)
  step 3600  JSR  -17.6  loss 6.4254  logE[BER] -5.732  P_det_soft 0.6939  (371s)
  step 3625  JSR  -21.4  loss 7.8108  logE[BER] -7.386  P_det_soft 0.4251  (374s)
  step 3650  JSR  -32.8  loss 1700.5573  logE[BER] -1700.385  P_det_soft 0.1721  (376s)
  step 3675  JSR  -33.8  loss 1945.5222  logE[BER] -1945.382  P_det_soft 0.1399  (379s)
  step 3700  JSR  -41.0  loss 3042.8418  logE[BER] -3042.661  P_det_soft 0.1807  (381s)
  step 3725  JSR  -43.6  loss 3286.6840  logE[BER] -3286.552  P_det_soft 0.1321  (384s)
  step 3750  JSR  -44.1  loss 3284.0212  logE[BER] -3283.867  P_det_soft 0.1547  (386s)
  step 3775  JSR  -37.4  loss 2560.9532  logE[BER] -2560.802  P_det_soft 0.1512  (389s)
  step 3800  JSR  -45.5  loss 3442.2146  logE[BER] -3441.970  P_det_soft 0.2451  (392s)
  step 3825  JSR  -18.4  loss 6.7241  logE[BER] -6.125  P_det_soft 0.5995  (394s)
  step 3850  JSR  -25.4  loss 161.5440  logE[BER] -161.325  P_det_soft 0.2185  (397s)
  step 3875  JSR  -16.6  loss 6.6396  logE[BER] -5.811  P_det_soft 0.8291  (399s)
  step 3900  JSR  -41.7  loss 3092.1793  logE[BER] -3091.997  P_det_soft 0.1821  (402s)
  step 3925  JSR  -40.1  loss 2911.2664  logE[BER] -2911.110  P_det_soft 0.1565  (404s)
  step 3950  JSR  -18.9  loss 6.5820  logE[BER] -6.112  P_det_soft 0.4700  (407s)
  step 3975  JSR  -33.0  loss 1757.3803  logE[BER] -1757.142  P_det_soft 0.2378  (410s)
  step 3999  JSR  -34.9  loss 2191.5137  logE[BER] -2191.306  P_det_soft 0.2074  (412s)
wrote task13_G.pt, task13.json  (tag spec_cnn_b1)
