node: tikgpu04.ee.ethz.ch | gpu: NVIDIA TITAN RTX
task 14 = {'target': 'spec_cnn', 'beta': 10.0}  (tag spec_cnn_b10, 32 frames/step, JSR band (-48.0, -16.0))
  target spec_cnn: threshold -3.17573, clean-frame std 0.940603 (soft_pdet width)
  step    0  JSR  -25.0  loss 3500.9194  logE[BER] -3491.243  P_det_soft 0.9677  (2s)
  step   25  JSR  -27.2  loss 2306.9334  logE[BER] -2299.914  P_det_soft 0.7020  (5s)
  step   50  JSR  -21.0  loss 1230.4577  logE[BER] -1220.519  P_det_soft 0.9939  (7s)
  step   75  JSR  -46.1  loss 3803.2909  logE[BER] -3801.492  P_det_soft 0.1799  (9s)
  step  100  JSR  -36.9  loss 3416.6966  logE[BER] -3414.494  P_det_soft 0.2202  (12s)
  step  125  JSR  -43.8  loss 3728.0872  logE[BER] -3726.478  P_det_soft 0.1609  (14s)
  step  150  JSR  -44.3  loss 3771.9955  logE[BER] -3769.887  P_det_soft 0.2109  (16s)
  step  175  JSR  -22.8  loss 1365.5943  logE[BER] -1355.831  P_det_soft 0.9763  (19s)
  step  200  JSR  -39.5  loss 3506.4253  logE[BER] -3504.742  P_det_soft 0.1683  (21s)
  step  225  JSR  -40.2  loss 3575.0837  logE[BER] -3573.450  P_det_soft 0.1633  (23s)
  step  250  JSR  -26.6  loss 2005.4564  logE[BER] -1997.658  P_det_soft 0.7798  (26s)
  step  275  JSR  -22.0  loss 1078.6585  logE[BER] -1068.796  P_det_soft 0.9863  (28s)
  step  300  JSR  -45.7  loss 3729.6371  logE[BER] -3728.270  P_det_soft 0.1367  (30s)
  step  325  JSR  -45.2  loss 3729.6326  logE[BER] -3727.118  P_det_soft 0.2515  (33s)
  step  350  JSR  -22.6  loss 1327.4571  logE[BER] -1317.638  P_det_soft 0.9819  (35s)
  step  375  JSR  -34.3  loss 3149.8311  logE[BER] -3147.654  P_det_soft 0.2178  (37s)
  step  400  JSR  -25.9  loss 1642.9660  logE[BER] -1634.848  P_det_soft 0.8118  (40s)
  step  425  JSR  -46.2  loss 3739.3625  logE[BER] -3737.414  P_det_soft 0.1948  (42s)
  step  450  JSR  -17.8  loss 46.1134  logE[BER] -36.138  P_det_soft 0.9975  (44s)
  step  475  JSR  -28.5  loss 2314.8706  logE[BER] -2308.584  P_det_soft 0.6287  (47s)
  step  500  JSR  -41.7  loss 3623.7138  logE[BER] -3622.214  P_det_soft 0.1500  (49s)
  step  525  JSR  -34.7  loss 3055.3538  logE[BER] -3052.795  P_det_soft 0.2559  (51s)
  step  550  JSR  -22.9  loss 947.4888  logE[BER] -937.752  P_det_soft 0.9736  (54s)
  step  575  JSR  -21.6  loss 700.2686  logE[BER] -690.384  P_det_soft 0.9885  (56s)
  step  600  JSR  -24.1  loss 1353.3372  logE[BER] -1344.097  P_det_soft 0.9240  (59s)
  step  625  JSR  -16.9  loss 18.5348  logE[BER] -8.546  P_det_soft 0.9989  (61s)
  step  650  JSR  -28.9  loss 2262.3502  logE[BER] -2257.408  P_det_soft 0.4942  (63s)
  step  675  JSR  -24.1  loss 1142.9010  logE[BER] -1133.868  P_det_soft 0.9033  (66s)
  step  700  JSR  -37.5  loss 3157.8872  logE[BER] -3155.941  P_det_soft 0.1946  (68s)
  step  725  JSR  -22.3  loss 765.4209  logE[BER] -755.655  P_det_soft 0.9766  (70s)
  step  750  JSR  -28.0  loss 1925.4478  logE[BER] -1919.365  P_det_soft 0.6083  (73s)
  step  775  JSR  -16.2  loss 17.4928  logE[BER] -7.506  P_det_soft 0.9987  (75s)
  step  800  JSR  -46.6  loss 3747.2091  logE[BER] -3745.648  P_det_soft 0.1561  (78s)
  step  825  JSR  -16.8  loss 17.2035  logE[BER] -7.221  P_det_soft 0.9983  (80s)
  step  850  JSR  -35.5  loss 3074.8725  logE[BER] -3072.716  P_det_soft 0.2157  (83s)
  step  875  JSR  -32.1  loss 2547.0005  logE[BER] -2544.071  P_det_soft 0.2930  (85s)
  step  900  JSR  -41.4  loss 3482.3332  logE[BER] -3480.596  P_det_soft 0.1738  (87s)
  step  925  JSR  -35.7  loss 2922.3913  logE[BER] -2920.427  P_det_soft 0.1964  (90s)
  step  950  JSR  -30.2  loss 2140.1691  logE[BER] -2136.205  P_det_soft 0.3964  (92s)
  step  975  JSR  -44.2  loss 3626.3595  logE[BER] -3624.538  P_det_soft 0.1821  (95s)
  step 1000  JSR  -34.2  loss 2773.8428  logE[BER] -2771.756  P_det_soft 0.2086  (97s)
  step 1025  JSR  -25.2  loss 780.2303  logE[BER] -771.814  P_det_soft 0.8416  (100s)
  step 1050  JSR  -43.8  loss 3575.7148  logE[BER] -3574.105  P_det_soft 0.1610  (102s)
  step 1075  JSR  -34.3  loss 2873.4566  logE[BER] -2870.957  P_det_soft 0.2499  (105s)
  step 1100  JSR  -47.8  loss 3734.8033  logE[BER] -3733.025  P_det_soft 0.1778  (107s)
  step 1125  JSR  -23.0  loss 317.1037  logE[BER] -307.642  P_det_soft 0.9462  (109s)
  step 1150  JSR  -21.4  loss 514.0650  logE[BER] -504.193  P_det_soft 0.9872  (112s)
  step 1175  JSR  -35.8  loss 2888.6308  logE[BER] -2886.491  P_det_soft 0.2140  (114s)
  step 1200  JSR  -21.7  loss 233.6186  logE[BER] -223.877  P_det_soft 0.9741  (117s)
  step 1225  JSR  -19.9  loss 36.7776  logE[BER] -26.828  P_det_soft 0.9949  (119s)
  step 1250  JSR  -20.2  loss 21.2422  logE[BER] -11.311  P_det_soft 0.9931  (122s)
  step 1275  JSR  -32.9  loss 2399.9677  logE[BER] -2397.464  P_det_soft 0.2504  (124s)
  step 1300  JSR  -24.3  loss 831.4986  logE[BER] -822.219  P_det_soft 0.9280  (127s)
  step 1325  JSR  -30.4  loss 1746.6850  logE[BER] -1743.854  P_det_soft 0.2831  (129s)
  step 1350  JSR  -41.5  loss 3308.1653  logE[BER] -3305.801  P_det_soft 0.2365  (132s)
  step 1375  JSR  -36.2  loss 2786.1850  logE[BER] -2784.078  P_det_soft 0.2107  (134s)
  step 1400  JSR  -32.1  loss 2184.8390  logE[BER] -2181.701  P_det_soft 0.3138  (137s)
  step 1425  JSR  -44.2  loss 3522.4867  logE[BER] -3520.916  P_det_soft 0.1570  (139s)
  step 1450  JSR  -38.7  loss 2987.2988  logE[BER] -2985.110  P_det_soft 0.2189  (142s)
  step 1475  JSR  -36.0  loss 2599.9026  logE[BER] -2597.086  P_det_soft 0.2816  (144s)
  step 1500  JSR  -46.5  loss 3577.7516  logE[BER] -3576.496  P_det_soft 0.1256  (147s)
  step 1525  JSR  -32.2  loss 2123.5535  logE[BER] -2120.893  P_det_soft 0.2661  (149s)
  step 1550  JSR  -46.5  loss 3564.7323  logE[BER] -3563.362  P_det_soft 0.1370  (152s)
  step 1575  JSR  -40.2  loss 3124.6456  logE[BER] -3123.150  P_det_soft 0.1495  (154s)
  step 1600  JSR  -34.3  loss 2319.4693  logE[BER] -2317.792  P_det_soft 0.1678  (157s)
  step 1625  JSR  -27.7  loss 1145.5884  logE[BER] -1140.161  P_det_soft 0.5427  (159s)
  step 1650  JSR  -40.2  loss 3100.2457  logE[BER] -3097.937  P_det_soft 0.2309  (162s)
  step 1675  JSR  -19.3  loss 16.1357  logE[BER] -6.248  P_det_soft 0.9887  (164s)
  step 1700  JSR  -34.1  loss 2277.5761  logE[BER] -2275.447  P_det_soft 0.2129  (167s)
  step 1725  JSR  -37.7  loss 2820.5480  logE[BER] -2818.017  P_det_soft 0.2531  (169s)
  step 1750  JSR  -41.1  loss 3173.9117  logE[BER] -3171.985  P_det_soft 0.1927  (172s)
  step 1775  JSR  -38.6  loss 2969.4300  logE[BER] -2967.326  P_det_soft 0.2104  (174s)
  step 1800  JSR  -38.6  loss 2900.2068  logE[BER] -2897.803  P_det_soft 0.2404  (177s)
  step 1825  JSR  -44.6  loss 3378.6944  logE[BER] -3376.770  P_det_soft 0.1924  (179s)
  step 1850  JSR  -27.1  loss 624.3636  logE[BER] -620.622  P_det_soft 0.3741  (182s)
  step 1875  JSR  -35.9  loss 2438.7368  logE[BER] -2436.801  P_det_soft 0.1936  (184s)
  step 1900  JSR  -16.1  loss 16.1434  logE[BER] -6.178  P_det_soft 0.9966  (187s)
  step 1925  JSR  -40.5  loss 3073.0137  logE[BER] -3071.023  P_det_soft 0.1991  (189s)
  step 1950  JSR  -25.2  loss 254.6631  logE[BER] -249.936  P_det_soft 0.4728  (192s)
  step 1975  JSR  -23.2  loss 18.6421  logE[BER] -11.936  P_det_soft 0.6706  (194s)
  step 2000  JSR  -27.3  loss 640.6989  logE[BER] -637.147  P_det_soft 0.3552  (197s)
  step 2025  JSR  -33.1  loss 1982.2906  logE[BER] -1980.690  P_det_soft 0.1601  (199s)
  step 2050  JSR  -31.8  loss 1713.2880  logE[BER] -1711.051  P_det_soft 0.2237  (202s)
  step 2075  JSR  -23.0  loss 21.1063  logE[BER] -14.259  P_det_soft 0.6848  (204s)
  step 2100  JSR  -27.7  loss 656.1805  logE[BER] -653.708  P_det_soft 0.2472  (207s)
  step 2125  JSR  -20.8  loss 14.7675  logE[BER] -6.337  P_det_soft 0.8430  (209s)
  step 2150  JSR  -39.3  loss 2857.2731  logE[BER] -2855.672  P_det_soft 0.1602  (212s)
  step 2175  JSR  -39.2  loss 2850.3223  logE[BER] -2848.741  P_det_soft 0.1582  (214s)
  step 2200  JSR  -35.2  loss 2229.7722  logE[BER] -2228.466  P_det_soft 0.1306  (217s)
  step 2225  JSR  -31.6  loss 1559.8070  logE[BER] -1557.397  P_det_soft 0.2410  (220s)
  step 2250  JSR  -46.4  loss 3457.4913  logE[BER] -3455.979  P_det_soft 0.1513  (222s)
  step 2275  JSR  -25.7  loss 263.5684  logE[BER] -259.886  P_det_soft 0.3683  (225s)
  step 2300  JSR  -39.2  loss 2820.7619  logE[BER] -2819.253  P_det_soft 0.1509  (227s)
  step 2325  JSR  -40.4  loss 2972.6884  logE[BER] -2970.673  P_det_soft 0.2016  (230s)
  step 2350  JSR  -20.9  loss 14.1004  logE[BER] -6.814  P_det_soft 0.7287  (232s)
  step 2375  JSR  -16.9  loss 15.7819  logE[BER] -5.966  P_det_soft 0.9815  (235s)
  step 2400  JSR  -28.0  loss 727.0366  logE[BER] -724.792  P_det_soft 0.2245  (237s)
  step 2425  JSR  -22.8  loss 11.9645  logE[BER] -7.409  P_det_soft 0.4555  (240s)
  step 2450  JSR  -29.3  loss 955.5336  logE[BER] -953.541  P_det_soft 0.1992  (242s)
  step 2475  JSR  -44.3  loss 3305.5482  logE[BER] -3303.639  P_det_soft 0.1909  (245s)
  step 2500  JSR  -28.8  loss 857.9735  logE[BER] -855.112  P_det_soft 0.2862  (247s)
  step 2525  JSR  -42.5  loss 3173.3246  logE[BER] -3171.779  P_det_soft 0.1545  (250s)
  step 2550  JSR  -22.2  loss 12.6193  logE[BER] -6.739  P_det_soft 0.5881  (252s)
  step 2575  JSR  -16.0  loss 15.1441  logE[BER] -5.679  P_det_soft 0.9465  (255s)
  step 2600  JSR  -24.2  loss 38.5712  logE[BER] -34.925  P_det_soft 0.3646  (257s)
  step 2625  JSR  -39.9  loss 2888.1517  logE[BER] -2886.792  P_det_soft 0.1360  (260s)
  step 2650  JSR  -37.6  loss 2605.7064  logE[BER] -2604.394  P_det_soft 0.1313  (262s)
  step 2675  JSR  -43.6  loss 3264.7276  logE[BER] -3262.688  P_det_soft 0.2039  (265s)
  step 2700  JSR  -22.9  loss 11.0789  logE[BER] -7.207  P_det_soft 0.3872  (267s)
  step 2725  JSR  -38.1  loss 2648.3237  logE[BER] -2646.362  P_det_soft 0.1962  (270s)
  step 2750  JSR  -42.4  loss 3157.5412  logE[BER] -3155.655  P_det_soft 0.1887  (272s)
  step 2775  JSR  -21.1  loss 11.8911  logE[BER] -6.457  P_det_soft 0.5435  (275s)
  step 2800  JSR  -31.5  loss 1405.2996  logE[BER] -1403.540  P_det_soft 0.1759  (277s)
  step 2825  JSR  -37.5  loss 2548.1219  logE[BER] -2546.286  P_det_soft 0.1836  (280s)
  step 2850  JSR  -47.3  loss 3508.0750  logE[BER] -3506.837  P_det_soft 0.1238  (283s)
  step 2875  JSR  -24.4  loss 50.5587  logE[BER] -47.749  P_det_soft 0.2810  (285s)
  step 2900  JSR  -34.0  loss 1948.4071  logE[BER] -1945.746  P_det_soft 0.2661  (288s)
  step 2925  JSR  -30.3  loss 1129.2503  logE[BER] -1127.672  P_det_soft 0.1579  (290s)
  step 2950  JSR  -22.2  loss 10.4157  logE[BER] -6.493  P_det_soft 0.3923  (293s)
  step 2975  JSR  -25.5  loss 176.1320  logE[BER] -173.887  P_det_soft 0.2245  (295s)
  step 3000  JSR  -23.7  loss 12.9475  logE[BER] -9.380  P_det_soft 0.3567  (298s)
  step 3025  JSR  -44.4  loss 3302.4880  logE[BER] -3300.890  P_det_soft 0.1598  (300s)
  step 3050  JSR  -42.2  loss 3101.3241  logE[BER] -3099.310  P_det_soft 0.2015  (303s)
  step 3075  JSR  -30.8  loss 1236.4103  logE[BER] -1234.348  P_det_soft 0.2062  (305s)
  step 3100  JSR  -35.0  loss 2098.8775  logE[BER] -2097.043  P_det_soft 0.1834  (308s)
  step 3125  JSR  -47.8  loss 3517.1384  logE[BER] -3515.146  P_det_soft 0.1992  (310s)
  step 3150  JSR  -20.7  loss 10.3353  logE[BER] -6.047  P_det_soft 0.4288  (313s)
  step 3175  JSR  -21.1  loss 10.6759  logE[BER] -6.393  P_det_soft 0.4283  (315s)
  step 3200  JSR  -46.0  loss 3410.4729  logE[BER] -3408.797  P_det_soft 0.1676  (318s)
  step 3225  JSR  -41.6  loss 3052.5647  logE[BER] -3051.208  P_det_soft 0.1356  (320s)
  step 3250  JSR  -46.9  loss 3467.9431  logE[BER] -3466.706  P_det_soft 0.1237  (323s)
  step 3275  JSR  -33.9  loss 1892.4754  logE[BER] -1890.668  P_det_soft 0.1807  (325s)
  step 3300  JSR  -25.1  loss 82.4669  logE[BER] -80.706  P_det_soft 0.1761  (328s)
  step 3325  JSR  -47.5  loss 3496.4954  logE[BER] -3494.218  P_det_soft 0.2277  (330s)
  step 3350  JSR  -40.3  loss 2925.8540  logE[BER] -2924.038  P_det_soft 0.1816  (333s)
  step 3375  JSR  -23.1  loss 9.9460  logE[BER] -7.315  P_det_soft 0.2631  (335s)
  step 3400  JSR  -24.2  loss 18.3390  logE[BER] -16.272  P_det_soft 0.2067  (338s)
  step 3425  JSR  -36.9  loss 2424.9890  logE[BER] -2423.243  P_det_soft 0.1746  (340s)
  step 3450  JSR  -44.3  loss 3285.4795  logE[BER] -3283.918  P_det_soft 0.1561  (343s)
  step 3475  JSR  -19.0  loss 10.2014  logE[BER] -5.967  P_det_soft 0.4234  (345s)
  step 3500  JSR  -44.4  loss 3299.6387  logE[BER] -3297.700  P_det_soft 0.1939  (348s)
  step 3525  JSR  -17.8  loss 10.9678  logE[BER] -5.644  P_det_soft 0.5324  (351s)
  step 3550  JSR  -19.1  loss 10.3017  logE[BER] -6.178  P_det_soft 0.4124  (353s)
  step 3575  JSR  -42.4  loss 3120.4642  logE[BER] -3118.187  P_det_soft 0.2277  (356s)
  step 3600  JSR  -38.2  loss 2625.3188  logE[BER] -2623.799  P_det_soft 0.1520  (358s)
  step 3625  JSR  -17.4  loss 11.2904  logE[BER] -5.643  P_det_soft 0.5647  (361s)
  step 3650  JSR  -40.9  loss 2969.6395  logE[BER] -2968.248  P_det_soft 0.1391  (363s)
  step 3675  JSR  -44.6  loss 3301.8492  logE[BER] -3300.064  P_det_soft 0.1786  (366s)
  step 3700  JSR  -37.0  loss 2431.4231  logE[BER] -2429.861  P_det_soft 0.1562  (368s)
  step 3725  JSR  -37.3  loss 2488.7803  logE[BER] -2487.180  P_det_soft 0.1600  (371s)
  step 3750  JSR  -34.4  loss 1998.7598  logE[BER] -1996.425  P_det_soft 0.2335  (373s)
  step 3775  JSR  -38.9  loss 2727.4805  logE[BER] -2725.666  P_det_soft 0.1814  (376s)
  step 3800  JSR  -18.3  loss 11.1422  logE[BER] -6.115  P_det_soft 0.5027  (378s)
  step 3825  JSR  -19.3  loss 9.6736  logE[BER] -6.126  P_det_soft 0.3548  (381s)
  step 3850  JSR  -31.9  loss 1490.7704  logE[BER] -1488.844  P_det_soft 0.1927  (383s)
  step 3875  JSR  -25.3  loss 103.4869  logE[BER] -100.865  P_det_soft 0.2622  (386s)
  step 3900  JSR  -31.1  loss 1292.7815  logE[BER] -1291.146  P_det_soft 0.1635  (388s)
  step 3925  JSR  -21.4  loss 9.0755  logE[BER] -6.108  P_det_soft 0.2967  (391s)
  step 3950  JSR  -23.1  loss 8.8894  logE[BER] -6.818  P_det_soft 0.2071  (393s)
  step 3975  JSR  -19.7  loss 8.8795  logE[BER] -6.386  P_det_soft 0.2493  (396s)
  step 3999  JSR  -33.4  loss 1764.9268  logE[BER] -1762.796  P_det_soft 0.2131  (398s)
wrote task14_G.pt, task14.json  (tag spec_cnn_b10)
