node: tikgpu06.ee.ethz.ch | gpu: NVIDIA GeForce RTX 3090
task 17 = {'target': 'spec_cnn', 'beta': 10000.0}  (tag spec_cnn_b10000, 32 frames/step, JSR band (-48.0, -16.0))
  target spec_cnn: threshold -3.17573, clean-frame std 0.949107 (soft_pdet width)
  step    0  JSR  -18.1  loss 11770.2099  logE[BER] -1934.008  P_det_soft 0.9836  (1s)
  step   25  JSR  -45.2  loss 6041.1388  logE[BER] -3895.703  P_det_soft 0.2145  (3s)
  step   50  JSR  -17.9  loss 10785.8317  logE[BER] -1852.826  P_det_soft 0.8933  (4s)
  step   75  JSR  -38.7  loss 5564.8473  logE[BER] -3665.812  P_det_soft 0.1899  (6s)
  step  100  JSR  -24.5  loss 7252.4742  logE[BER] -2877.007  P_det_soft 0.4375  (7s)
  step  125  JSR  -28.0  loss 6355.1306  logE[BER] -3029.817  P_det_soft 0.3325  (9s)
  step  150  JSR  -44.5  loss 5436.9719  logE[BER] -3840.985  P_det_soft 0.1596  (11s)
  step  175  JSR  -24.8  loss 5952.1667  logE[BER] -2764.014  P_det_soft 0.3188  (12s)
  step  200  JSR  -26.0  loss 6284.6264  logE[BER] -3018.966  P_det_soft 0.3266  (14s)
  step  225  JSR  -40.1  loss 5125.4514  logE[BER] -3758.064  P_det_soft 0.1367  (15s)
  step  250  JSR  -23.9  loss 6701.5381  logE[BER] -2744.351  P_det_soft 0.3957  (17s)
  step  275  JSR  -28.4  loss 5766.9126  logE[BER] -3155.413  P_det_soft 0.2611  (19s)
  step  300  JSR  -24.5  loss 4954.0717  logE[BER] -2668.816  P_det_soft 0.2285  (20s)
  step  325  JSR  -41.9  loss 5919.2790  logE[BER] -3805.956  P_det_soft 0.2113  (22s)
  step  350  JSR  -33.1  loss 5741.0440  logE[BER] -3521.936  P_det_soft 0.2219  (23s)
  step  375  JSR  -36.9  loss 4999.7477  logE[BER] -3630.483  P_det_soft 0.1369  (25s)
  step  400  JSR  -33.0  loss 4996.0051  logE[BER] -3410.707  P_det_soft 0.1585  (27s)
  step  425  JSR  -43.7  loss 5653.9113  logE[BER] -3848.376  P_det_soft 0.1806  (28s)
  step  450  JSR  -21.3  loss 6435.0734  logE[BER] -2136.393  P_det_soft 0.4299  (30s)
  step  475  JSR  -20.8  loss 6111.7131  logE[BER] -2159.383  P_det_soft 0.3952  (31s)
  step  500  JSR  -23.7  loss 5630.7040  logE[BER] -2300.321  P_det_soft 0.3330  (33s)
  step  525  JSR  -30.2  loss 5254.0988  logE[BER] -3280.796  P_det_soft 0.1973  (35s)
  step  550  JSR  -16.2  loss 9175.7425  logE[BER] -232.025  P_det_soft 0.8944  (36s)
  step  575  JSR  -19.3  loss 6800.4670  logE[BER] -1177.177  P_det_soft 0.5623  (38s)
  step  600  JSR  -25.6  loss 4608.7361  logE[BER] -2630.597  P_det_soft 0.1978  (39s)
  step  625  JSR  -45.5  loss 5630.5378  logE[BER] -3885.791  P_det_soft 0.1745  (41s)
  step  650  JSR  -20.8  loss 5310.2191  logE[BER] -1422.025  P_det_soft 0.3888  (43s)
  step  675  JSR  -30.3  loss 4664.5870  logE[BER] -3102.728  P_det_soft 0.1562  (44s)
  step  700  JSR  -44.0  loss 5365.3931  logE[BER] -3855.631  P_det_soft 0.1510  (46s)
  step  725  JSR  -44.7  loss 5500.8131  logE[BER] -3813.617  P_det_soft 0.1687  (48s)
  step  750  JSR  -20.0  loss 5509.1850  logE[BER] -1430.043  P_det_soft 0.4079  (49s)
  step  775  JSR  -27.7  loss 4660.6522  logE[BER] -2976.393  P_det_soft 0.1684  (51s)
  step  800  JSR  -16.4  loss 8074.9113  logE[BER] -471.788  P_det_soft 0.7603  (52s)
  step  825  JSR  -42.7  loss 5385.9344  logE[BER] -3769.629  P_det_soft 0.1616  (54s)
  step  850  JSR  -22.1  loss 3979.4016  logE[BER] -1677.502  P_det_soft 0.2302  (56s)
  step  875  JSR  -38.5  loss 5194.6408  logE[BER] -3700.494  P_det_soft 0.1494  (57s)
  step  900  JSR  -35.5  loss 5170.9153  logE[BER] -3591.852  P_det_soft 0.1579  (59s)
  step  925  JSR  -22.5  loss 3757.6382  logE[BER] -2117.016  P_det_soft 0.1641  (60s)
  step  950  JSR  -23.2  loss 3936.3197  logE[BER] -2373.336  P_det_soft 0.1563  (62s)
  step  975  JSR  -19.5  loss 4922.9921  logE[BER] -1614.671  P_det_soft 0.3308  (64s)
  step 1000  JSR  -16.2  loss 7845.6474  logE[BER] -641.034  P_det_soft 0.7205  (65s)
  step 1025  JSR  -36.9  loss 5259.8191  logE[BER] -3605.373  P_det_soft 0.1654  (67s)
  step 1050  JSR  -24.2  loss 3505.5790  logE[BER] -2287.477  P_det_soft 0.1218  (69s)
  step 1075  JSR  -24.9  loss 3471.1442  logE[BER] -2341.034  P_det_soft 0.1130  (70s)
  step 1100  JSR  -46.5  loss 5661.9302  logE[BER] -3870.693  P_det_soft 0.1791  (72s)
  step 1125  JSR  -34.3  loss 4906.0193  logE[BER] -3407.099  P_det_soft 0.1499  (73s)
  step 1150  JSR  -43.1  loss 5414.3193  logE[BER] -3786.164  P_det_soft 0.1628  (75s)
  step 1175  JSR  -27.5  loss 4087.4765  logE[BER] -2848.132  P_det_soft 0.1239  (77s)
  step 1200  JSR  -29.8  loss 4360.9531  logE[BER] -3052.717  P_det_soft 0.1308  (78s)
  step 1225  JSR  -40.3  loss 5879.6898  logE[BER] -3706.252  P_det_soft 0.2173  (80s)
  step 1250  JSR  -27.0  loss 4583.9257  logE[BER] -2974.026  P_det_soft 0.1610  (82s)
  step 1275  JSR  -25.6  loss 4021.9201  logE[BER] -2514.616  P_det_soft 0.1507  (83s)
  step 1300  JSR  -34.4  loss 5017.9335  logE[BER] -3528.062  P_det_soft 0.1490  (85s)
  step 1325  JSR  -44.9  loss 4770.4076  logE[BER] -3770.894  P_det_soft 0.1000  (86s)
  step 1350  JSR  -41.1  loss 5701.6376  logE[BER] -3785.695  P_det_soft 0.1916  (88s)
  step 1375  JSR  -20.4  loss 3694.4814  logE[BER] -1670.404  P_det_soft 0.2024  (90s)
  step 1400  JSR  -16.6  loss 6819.2594  logE[BER] -394.151  P_det_soft 0.6425  (91s)
  step 1425  JSR  -20.7  loss 3535.4658  logE[BER] -1746.039  P_det_soft 0.1789  (93s)
  step 1450  JSR  -25.9  loss 3816.0823  logE[BER] -2575.183  P_det_soft 0.1241  (95s)
  step 1475  JSR  -33.4  loss 4890.1923  logE[BER] -3397.880  P_det_soft 0.1492  (96s)
  step 1500  JSR  -27.7  loss 3846.0998  logE[BER] -2840.272  P_det_soft 0.1006  (98s)
  step 1525  JSR  -47.9  loss 5470.7606  logE[BER] -3883.668  P_det_soft 0.1587  (100s)
  step 1550  JSR  -46.5  loss 5559.3664  logE[BER] -3884.722  P_det_soft 0.1675  (101s)
  step 1575  JSR  -35.2  loss 5250.0396  logE[BER] -3342.170  P_det_soft 0.1908  (103s)
  step 1600  JSR  -32.4  loss 4702.6674  logE[BER] -3289.924  P_det_soft 0.1413  (104s)
  step 1625  JSR  -45.9  loss 5800.2205  logE[BER] -3861.610  P_det_soft 0.1939  (106s)
  step 1650  JSR  -26.4  loss 3477.8350  logE[BER] -2504.496  P_det_soft 0.0973  (108s)
  step 1675  JSR  -41.8  loss 5622.8826  logE[BER] -3788.726  P_det_soft 0.1834  (109s)
  step 1700  JSR  -29.1  loss 4120.5211  logE[BER] -2824.003  P_det_soft 0.1297  (111s)
  step 1725  JSR  -18.6  loss 4088.1855  logE[BER] -1250.411  P_det_soft 0.2838  (113s)
  step 1750  JSR  -39.9  loss 5480.4677  logE[BER] -3720.841  P_det_soft 0.1760  (114s)
  step 1775  JSR  -47.3  loss 5341.2479  logE[BER] -3865.912  P_det_soft 0.1475  (116s)
  step 1800  JSR  -34.5  loss 4929.0304  logE[BER] -3556.278  P_det_soft 0.1373  (118s)
  step 1825  JSR  -21.1  loss 2531.1737  logE[BER] -1479.261  P_det_soft 0.1052  (119s)
  step 1850  JSR  -28.0  loss 3755.5343  logE[BER] -2671.695  P_det_soft 0.1084  (121s)
  step 1875  JSR  -34.3  loss 5228.4602  logE[BER] -3397.337  P_det_soft 0.1831  (123s)
  step 1900  JSR  -40.0  loss 5297.1506  logE[BER] -3735.218  P_det_soft 0.1562  (124s)
  step 1925  JSR  -41.7  loss 5910.7031  logE[BER] -3701.401  P_det_soft 0.2209  (126s)
  step 1950  JSR  -35.1  loss 4820.1877  logE[BER] -3394.804  P_det_soft 0.1425  (128s)
  step 1975  JSR  -42.9  loss 4946.6841  logE[BER] -3764.032  P_det_soft 0.1183  (129s)
  step 2000  JSR  -28.0  loss 4088.6804  logE[BER] -2877.839  P_det_soft 0.1211  (131s)
  step 2025  JSR  -46.1  loss 5084.3233  logE[BER] -3850.226  P_det_soft 0.1234  (133s)
  step 2050  JSR  -24.6  loss 3412.3550  logE[BER] -2500.274  P_det_soft 0.0912  (135s)
  step 2075  JSR  -41.9  loss 5619.0653  logE[BER] -3771.909  P_det_soft 0.1847  (136s)
  step 2100  JSR  -19.3  loss 3219.9344  logE[BER] -1191.748  P_det_soft 0.2028  (138s)
  step 2125  JSR  -35.4  loss 5258.4387  logE[BER] -3379.465  P_det_soft 0.1879  (140s)
  step 2150  JSR  -23.5  loss 3055.6639  logE[BER] -2229.426  P_det_soft 0.0826  (141s)
  step 2175  JSR  -24.8  loss 3239.6252  logE[BER] -2279.171  P_det_soft 0.0960  (143s)
  step 2200  JSR  -23.2  loss 3305.8639  logE[BER] -2182.378  P_det_soft 0.1123  (145s)
  step 2225  JSR  -16.0  loss 6769.0840  logE[BER] -835.125  P_det_soft 0.5934  (146s)
  step 2250  JSR  -34.7  loss 4912.0925  logE[BER] -3476.891  P_det_soft 0.1435  (148s)
  step 2275  JSR  -17.9  loss 4192.9996  logE[BER] -1010.859  P_det_soft 0.3182  (150s)
  step 2300  JSR  -32.4  loss 4790.8684  logE[BER] -3201.314  P_det_soft 0.1590  (152s)
  step 2325  JSR  -41.0  loss 5881.8135  logE[BER] -3691.479  P_det_soft 0.2190  (153s)
  step 2350  JSR  -17.8  loss 4077.7824  logE[BER] -1140.456  P_det_soft 0.2937  (155s)
  step 2375  JSR  -33.5  loss 4951.3073  logE[BER] -3397.220  P_det_soft 0.1554  (157s)
  step 2400  JSR  -26.8  loss 3481.1852  logE[BER] -2634.400  P_det_soft 0.0847  (159s)
  step 2425  JSR  -47.9  loss 5572.4522  logE[BER] -3865.897  P_det_soft 0.1707  (160s)
  step 2450  JSR  -38.4  loss 5508.3078  logE[BER] -3640.976  P_det_soft 0.1867  (162s)
  step 2475  JSR  -44.2  loss 5741.0304  logE[BER] -3819.572  P_det_soft 0.1921  (164s)
  step 2500  JSR  -17.9  loss 3589.3784  logE[BER] -808.852  P_det_soft 0.2781  (166s)
  step 2525  JSR  -23.9  loss 2558.5148  logE[BER] -1835.380  P_det_soft 0.0723  (167s)
  step 2550  JSR  -18.2  loss 3741.7774  logE[BER] -814.638  P_det_soft 0.2927  (169s)
  step 2575  JSR  -27.4  loss 3811.0014  logE[BER] -2601.536  P_det_soft 0.1209  (171s)
  step 2600  JSR  -28.6  loss 3543.2004  logE[BER] -2648.123  P_det_soft 0.0895  (173s)
  step 2625  JSR  -35.9  loss 4994.0315  logE[BER] -3403.833  P_det_soft 0.1590  (174s)
  step 2650  JSR  -40.8  loss 5154.4356  logE[BER] -3736.840  P_det_soft 0.1418  (176s)
  step 2675  JSR  -29.5  loss 3588.2905  logE[BER] -2637.912  P_det_soft 0.0950  (178s)
  step 2700  JSR  -41.2  loss 5363.2970  logE[BER] -3709.052  P_det_soft 0.1654  (180s)
  step 2725  JSR  -45.8  loss 5817.6962  logE[BER] -3818.561  P_det_soft 0.1999  (182s)
  step 2750  JSR  -23.5  loss 2764.5655  logE[BER] -1882.687  P_det_soft 0.0882  (183s)
  step 2775  JSR  -28.8  loss 4092.2545  logE[BER] -2969.346  P_det_soft 0.1123  (185s)
  step 2800  JSR  -44.3  loss 5437.8532  logE[BER] -3830.303  P_det_soft 0.1608  (187s)
  step 2825  JSR  -33.2  loss 4883.5537  logE[BER] -3211.704  P_det_soft 0.1672  (189s)
  step 2850  JSR  -23.7  loss 2858.4875  logE[BER] -1851.936  P_det_soft 0.1007  (191s)
  step 2875  JSR  -30.3  loss 4142.3707  logE[BER] -2991.245  P_det_soft 0.1151  (193s)
  step 2900  JSR  -28.7  loss 3840.7332  logE[BER] -2858.498  P_det_soft 0.0982  (195s)
  step 2925  JSR  -38.5  loss 5356.5046  logE[BER] -3626.813  P_det_soft 0.1730  (197s)
  step 2950  JSR  -42.6  loss 5490.8344  logE[BER] -3790.295  P_det_soft 0.1701  (199s)
  step 2975  JSR  -31.3  loss 4341.1408  logE[BER] -3035.904  P_det_soft 0.1305  (201s)
  step 3000  JSR  -45.5  loss 5519.8270  logE[BER] -3801.198  P_det_soft 0.1719  (203s)
  step 3025  JSR  -29.0  loss 3801.5586  logE[BER] -2751.512  P_det_soft 0.1050  (206s)
  step 3050  JSR  -24.2  loss 2740.7271  logE[BER] -1848.639  P_det_soft 0.0892  (208s)
  step 3075  JSR  -22.5  loss 1958.5838  logE[BER] -958.056  P_det_soft 0.1001  (210s)
  step 3100  JSR  -20.8  loss 2627.0626  logE[BER] -1637.968  P_det_soft 0.0989  (212s)
  step 3125  JSR  -38.2  loss 5043.3836  logE[BER] -3479.921  P_det_soft 0.1563  (214s)
  step 3150  JSR  -43.7  loss 5109.5549  logE[BER] -3758.092  P_det_soft 0.1351  (216s)
  step 3175  JSR  -38.6  loss 5041.4305  logE[BER] -3629.455  P_det_soft 0.1412  (219s)
  step 3200  JSR  -25.0  loss 3158.2431  logE[BER] -2428.501  P_det_soft 0.0730  (221s)
  step 3225  JSR  -16.6  loss 4968.4843  logE[BER] -448.199  P_det_soft 0.4520  (223s)
  step 3250  JSR  -25.1  loss 3225.9304  logE[BER] -2252.015  P_det_soft 0.0974  (225s)
  step 3275  JSR  -33.0  loss 4427.1765  logE[BER] -3278.244  P_det_soft 0.1149  (228s)
  step 3300  JSR  -46.0  loss 5386.5104  logE[BER] -3841.102  P_det_soft 0.1545  (230s)
  step 3325  JSR  -42.7  loss 5344.4836  logE[BER] -3759.896  P_det_soft 0.1585  (232s)
  step 3350  JSR  -44.4  loss 5141.5854  logE[BER] -3806.259  P_det_soft 0.1335  (234s)
  step 3375  JSR  -25.9  loss 3066.0398  logE[BER] -2352.842  P_det_soft 0.0713  (237s)
  step 3400  JSR  -29.8  loss 3972.4776  logE[BER] -2857.486  P_det_soft 0.1115  (239s)
  step 3425  JSR  -17.1  loss 4875.9073  logE[BER] -709.018  P_det_soft 0.4167  (241s)
  step 3450  JSR  -36.8  loss 4712.2320  logE[BER] -3404.545  P_det_soft 0.1308  (244s)
  step 3475  JSR  -16.1  loss 6155.0422  logE[BER] -621.876  P_det_soft 0.5533  (246s)
  step 3500  JSR  -16.7  loss 4128.4385  logE[BER] -216.110  P_det_soft 0.3912  (248s)
  step 3525  JSR  -28.5  loss 3362.2865  logE[BER] -2640.307  P_det_soft 0.0722  (250s)
  step 3550  JSR  -27.3  loss 3333.8193  logE[BER] -2554.561  P_det_soft 0.0779  (253s)
  step 3575  JSR  -31.2  loss 4023.9874  logE[BER] -2856.541  P_det_soft 0.1167  (255s)
  step 3600  JSR  -36.7  loss 5257.6246  logE[BER] -3455.002  P_det_soft 0.1803  (257s)
  step 3625  JSR  -42.5  loss 5111.8145  logE[BER] -3746.157  P_det_soft 0.1366  (260s)
  step 3650  JSR  -36.3  loss 4581.3210  logE[BER] -3287.463  P_det_soft 0.1294  (262s)
  step 3675  JSR  -22.4  loss 2733.9890  logE[BER] -1914.241  P_det_soft 0.0820  (264s)
  step 3700  JSR  -24.6  loss 3022.3439  logE[BER] -2320.337  P_det_soft 0.0702  (266s)
  step 3725  JSR  -41.7  loss 5380.7830  logE[BER] -3710.252  P_det_soft 0.1671  (269s)
  step 3750  JSR  -42.1  loss 4901.7353  logE[BER] -3688.836  P_det_soft 0.1213  (271s)
  step 3775  JSR  -24.1  loss 2774.5010  logE[BER] -1921.868  P_det_soft 0.0853  (273s)
  step 3800  JSR  -23.4  loss 2584.7035  logE[BER] -1830.473  P_det_soft 0.0754  (276s)
  step 3825  JSR  -17.8  loss 4065.6506  logE[BER] -605.209  P_det_soft 0.3460  (278s)
  step 3850  JSR  -27.1  loss 3265.5511  logE[BER] -2336.194  P_det_soft 0.0929  (280s)
  step 3875  JSR  -30.4  loss 4020.2946  logE[BER] -3084.445  P_det_soft 0.0936  (282s)
  step 3900  JSR  -16.4  loss 5007.6759  logE[BER] -246.229  P_det_soft 0.4761  (285s)
  step 3925  JSR  -33.5  loss 4603.7756  logE[BER] -3157.902  P_det_soft 0.1446  (287s)
  step 3950  JSR  -23.5  loss 2612.4303  logE[BER] -1813.839  P_det_soft 0.0799  (289s)
  step 3975  JSR  -41.0  loss 4837.9472  logE[BER] -3659.883  P_det_soft 0.1178  (292s)
  step 3999  JSR  -37.5  loss 4989.9441  logE[BER] -3522.308  P_det_soft 0.1468  (294s)
wrote task17_G.pt, task17.json  (tag spec_cnn_b10000)
