node: tikgpu04.ee.ethz.ch | gpu: NVIDIA TITAN RTX
task 14 = {'target': 'spec_cnn', 'beta': 10.0}  (tag spec_cnn_b10, 32 frames/step, JSR band (-48.0, -16.0))
  target spec_cnn: threshold -3.17573, clean-frame std 0.940603 (soft_pdet width)
  step    0  JSR  -25.0  loss 3497.1512  logE[BER] -3487.493  P_det_soft 0.9658  (1s)
  step   25  JSR  -27.2  loss 2429.9820  logE[BER] -2423.186  P_det_soft 0.6796  (3s)
  step   50  JSR  -21.0  loss 1214.6806  logE[BER] -1204.758  P_det_soft 0.9923  (5s)
  step   75  JSR  -46.1  loss 3818.9255  logE[BER] -3817.160  P_det_soft 0.1765  (7s)
  step  100  JSR  -36.9  loss 3434.8103  logE[BER] -3431.848  P_det_soft 0.2963  (10s)
  step  125  JSR  -43.8  loss 3733.7260  logE[BER] -3731.940  P_det_soft 0.1786  (12s)
  step  150  JSR  -44.3  loss 3797.0725  logE[BER] -3795.394  P_det_soft 0.1679  (14s)
  step  175  JSR  -22.8  loss 1417.4256  logE[BER] -1407.603  P_det_soft 0.9823  (16s)
  step  200  JSR  -39.5  loss 3527.6546  logE[BER] -3525.697  P_det_soft 0.1958  (19s)
  step  225  JSR  -40.2  loss 3578.7670  logE[BER] -3576.568  P_det_soft 0.2199  (21s)
  step  250  JSR  -26.6  loss 1946.6228  logE[BER] -1938.936  P_det_soft 0.7687  (23s)
  step  275  JSR  -22.0  loss 1094.0837  logE[BER] -1084.257  P_det_soft 0.9827  (25s)
  step  300  JSR  -45.7  loss 3757.7068  logE[BER] -3756.220  P_det_soft 0.1486  (28s)
  step  325  JSR  -45.2  loss 3739.2873  logE[BER] -3737.181  P_det_soft 0.2106  (30s)
  step  350  JSR  -22.6  loss 1451.9502  logE[BER] -1442.160  P_det_soft 0.9791  (32s)
  step  375  JSR  -34.3  loss 3324.0294  logE[BER] -3321.797  P_det_soft 0.2232  (35s)
  step  399  JSR  -41.9  loss 3577.7895  logE[BER] -3576.023  P_det_soft 0.1767  (37s)
wrote task14_G.pt, task14.json  (tag spec_cnn_b10)
