node: tikgpu06.ee.ethz.ch | gpu: NVIDIA GeForce RTX 3090
task 16 = {'target': 'spec_cnn', 'beta': 1000.0}  (tag spec_cnn_b1000, 32 frames/step, JSR band (-48.0, -16.0))
  target spec_cnn: threshold -3.17573, clean-frame std 0.949107 (soft_pdet width)
  step    0  JSR  -38.4  loss 3982.6549  logE[BER] -3787.700  P_det_soft 0.1950  (1s)
  step   25  JSR  -23.2  loss 3410.1908  logE[BER] -2643.221  P_det_soft 0.7670  (3s)
  step   50  JSR  -31.1  loss 3731.2714  logE[BER] -3375.256  P_det_soft 0.3560  (4s)
  step   75  JSR  -46.7  loss 4024.4812  logE[BER] -3844.457  P_det_soft 0.1800  (6s)
  step  100  JSR  -17.8  loss 980.4741  logE[BER] -9.011  P_det_soft 0.9715  (8s)
  step  125  JSR  -30.1  loss 2287.7361  logE[BER] -1916.265  P_det_soft 0.3715  (9s)
  step  150  JSR  -26.3  loss 2186.7776  logE[BER] -1751.030  P_det_soft 0.4357  (11s)
  step  175  JSR  -28.1  loss 2322.9236  logE[BER] -1897.199  P_det_soft 0.4257  (12s)
  step  200  JSR  -23.1  loss 1279.4890  logE[BER] -472.967  P_det_soft 0.8065  (14s)
  step  225  JSR  -44.4  loss 3708.6512  logE[BER] -3526.157  P_det_soft 0.1825  (16s)
  step  250  JSR  -38.0  loss 3270.2399  logE[BER] -3116.623  P_det_soft 0.1536  (17s)
  step  275  JSR  -18.7  loss 1042.2281  logE[BER] -63.900  P_det_soft 0.9783  (19s)
  step  300  JSR  -41.4  loss 3559.7432  logE[BER] -3410.064  P_det_soft 0.1497  (20s)
  step  325  JSR  -31.6  loss 2548.6202  logE[BER] -2353.394  P_det_soft 0.1952  (22s)
  step  350  JSR  -27.3  loss 1398.1044  logE[BER] -973.825  P_det_soft 0.4243  (24s)
  step  375  JSR  -22.7  loss 1065.4740  logE[BER] -389.236  P_det_soft 0.6762  (25s)
  step  400  JSR  -26.4  loss 1537.6113  logE[BER] -1123.357  P_det_soft 0.4143  (27s)
  step  425  JSR  -26.0  loss 1647.3927  logE[BER] -1187.327  P_det_soft 0.4601  (28s)
  step  450  JSR  -31.9  loss 2336.5802  logE[BER] -2130.199  P_det_soft 0.2064  (30s)
  step  475  JSR  -29.9  loss 1966.2366  logE[BER] -1675.355  P_det_soft 0.2909  (32s)
  step  500  JSR  -19.2  loss 987.2907  logE[BER] -9.605  P_det_soft 0.9777  (33s)
  step  525  JSR  -38.3  loss 3231.7639  logE[BER] -3063.858  P_det_soft 0.1679  (35s)
  step  550  JSR  -17.0  loss 998.6521  logE[BER] -7.048  P_det_soft 0.9916  (36s)
  step  575  JSR  -28.4  loss 2077.2079  logE[BER] -1744.385  P_det_soft 0.3328  (38s)
  step  600  JSR  -44.5  loss 3732.6427  logE[BER] -3537.115  P_det_soft 0.1955  (40s)
  step  625  JSR  -21.5  loss 1606.7970  logE[BER] -718.771  P_det_soft 0.8880  (41s)
  step  650  JSR  -39.1  loss 3317.9100  logE[BER] -3156.398  P_det_soft 0.1615  (43s)
  step  675  JSR  -19.3  loss 991.4815  logE[BER] -16.589  P_det_soft 0.9749  (44s)
  step  700  JSR  -21.2  loss 1113.2076  logE[BER] -229.125  P_det_soft 0.8841  (46s)
  step  725  JSR  -26.9  loss 1528.0812  logE[BER] -1125.483  P_det_soft 0.4026  (48s)
  step  750  JSR  -45.4  loss 3757.3469  logE[BER] -3564.614  P_det_soft 0.1927  (49s)
  step  775  JSR  -38.4  loss 3271.6834  logE[BER] -3103.143  P_det_soft 0.1685  (51s)
  step  800  JSR  -38.3  loss 3280.1279  logE[BER] -3140.620  P_det_soft 0.1395  (53s)
  step  825  JSR  -23.3  loss 919.9960  logE[BER] -212.285  P_det_soft 0.7077  (54s)
  step  850  JSR  -20.8  loss 930.9586  logE[BER] -14.819  P_det_soft 0.9161  (56s)
  step  875  JSR  -34.3  loss 2638.2819  logE[BER] -2443.044  P_det_soft 0.1952  (57s)
  step  900  JSR  -20.9  loss 968.9357  logE[BER] -43.593  P_det_soft 0.9253  (59s)
  step  925  JSR  -32.5  loss 2305.6238  logE[BER] -2113.192  P_det_soft 0.1924  (61s)
  step  950  JSR  -33.8  loss 2747.3316  logE[BER] -2574.592  P_det_soft 0.1727  (62s)
  step  975  JSR  -29.8  loss 1873.6779  logE[BER] -1624.290  P_det_soft 0.2494  (64s)
  step 1000  JSR  -24.2  loss 1724.8914  logE[BER] -1135.329  P_det_soft 0.5896  (65s)
  step 1025  JSR  -21.3  loss 907.6356  logE[BER] -30.815  P_det_soft 0.8768  (67s)
  step 1050  JSR  -21.8  loss 1032.4342  logE[BER] -164.901  P_det_soft 0.8675  (69s)
  step 1075  JSR  -26.8  loss 1262.5790  logE[BER] -900.444  P_det_soft 0.3621  (70s)
  step 1100  JSR  -36.5  loss 3119.5120  logE[BER] -2960.927  P_det_soft 0.1586  (72s)
  step 1125  JSR  -27.3  loss 1615.6141  logE[BER] -1297.122  P_det_soft 0.3185  (74s)
  step 1150  JSR  -40.9  loss 3462.7836  logE[BER] -3275.425  P_det_soft 0.1874  (75s)
  step 1175  JSR  -23.3  loss 753.3519  logE[BER] -128.351  P_det_soft 0.6250  (77s)
  step 1200  JSR  -41.5  loss 3502.0329  logE[BER] -3348.060  P_det_soft 0.1540  (78s)
  step 1225  JSR  -42.7  loss 3539.5070  logE[BER] -3371.768  P_det_soft 0.1677  (80s)
  step 1250  JSR  -25.8  loss 1210.0373  logE[BER] -836.158  P_det_soft 0.3739  (82s)
  step 1275  JSR  -24.7  loss 1437.7896  logE[BER] -962.310  P_det_soft 0.4755  (83s)
  step 1300  JSR  -39.7  loss 3349.3916  logE[BER] -3152.096  P_det_soft 0.1973  (85s)
  step 1325  JSR  -45.7  loss 3717.2926  logE[BER] -3531.163  P_det_soft 0.1861  (87s)
  step 1350  JSR  -42.7  loss 3608.3362  logE[BER] -3454.160  P_det_soft 0.1542  (88s)
  step 1375  JSR  -18.8  loss 979.1781  logE[BER] -7.647  P_det_soft 0.9715  (90s)
  step 1400  JSR  -22.8  loss 1023.0701  logE[BER] -324.262  P_det_soft 0.6988  (91s)
  step 1425  JSR  -39.9  loss 3417.7293  logE[BER] -3202.549  P_det_soft 0.2152  (93s)
  step 1450  JSR  -16.6  loss 998.6586  logE[BER] -6.631  P_det_soft 0.9920  (95s)
  step 1475  JSR  -27.5  loss 1607.9966  logE[BER] -1285.806  P_det_soft 0.3222  (96s)
  step 1500  JSR  -44.6  loss 3727.3883  logE[BER] -3560.174  P_det_soft 0.1672  (98s)
  step 1525  JSR  -18.6  loss 988.8015  logE[BER] -6.931  P_det_soft 0.9819  (100s)
  step 1550  JSR  -18.7  loss 974.9631  logE[BER] -7.941  P_det_soft 0.9670  (101s)
  step 1575  JSR  -24.6  loss 950.1176  logE[BER] -448.018  P_det_soft 0.5021  (103s)
  step 1600  JSR  -36.5  loss 3177.1458  logE[BER] -2986.886  P_det_soft 0.1903  (104s)
  step 1625  JSR  -45.8  loss 3759.5894  logE[BER] -3583.518  P_det_soft 0.1761  (106s)
  step 1650  JSR  -16.6  loss 1000.1216  logE[BER] -6.931  P_det_soft 0.9932  (108s)
  step 1675  JSR  -22.7  loss 1115.1575  logE[BER] -427.827  P_det_soft 0.6873  (109s)
  step 1700  JSR  -44.4  loss 3810.7453  logE[BER] -3569.150  P_det_soft 0.2416  (111s)
  step 1725  JSR  -33.7  loss 2455.2034  logE[BER] -2323.010  P_det_soft 0.1322  (113s)
  step 1750  JSR  -27.9  loss 1383.3664  logE[BER] -1070.309  P_det_soft 0.3131  (114s)
  step 1775  JSR  -38.3  loss 3199.1174  logE[BER] -3028.753  P_det_soft 0.1704  (116s)
  step 1800  JSR  -18.0  loss 989.9680  logE[BER] -6.842  P_det_soft 0.9831  (118s)
  step 1825  JSR  -17.8  loss 995.3012  logE[BER] -6.668  P_det_soft 0.9886  (119s)
  step 1850  JSR  -46.9  loss 3796.6715  logE[BER] -3641.850  P_det_soft 0.1548  (121s)
  step 1875  JSR  -43.6  loss 3705.5606  logE[BER] -3516.753  P_det_soft 0.1888  (123s)
  step 1900  JSR  -24.1  loss 1020.4465  logE[BER] -530.434  P_det_soft 0.4900  (124s)
  step 1925  JSR  -23.6  loss 894.4093  logE[BER] -306.957  P_det_soft 0.5875  (126s)
  step 1950  JSR  -32.9  loss 2351.2009  logE[BER] -2174.275  P_det_soft 0.1769  (128s)
  step 1975  JSR  -33.8  loss 2521.9265  logE[BER] -2350.588  P_det_soft 0.1713  (130s)
  step 2000  JSR  -31.3  loss 2346.7616  logE[BER] -2174.487  P_det_soft 0.1723  (131s)
  step 2025  JSR  -30.4  loss 2054.3935  logE[BER] -1781.287  P_det_soft 0.2731  (133s)
  step 2050  JSR  -30.6  loss 2326.9606  logE[BER] -2145.452  P_det_soft 0.1815  (135s)
  step 2075  JSR  -43.4  loss 3658.9264  logE[BER] -3498.930  P_det_soft 0.1600  (136s)
  step 2100  JSR  -23.3  loss 847.9341  logE[BER] -170.370  P_det_soft 0.6776  (138s)
  step 2125  JSR  -33.2  loss 2432.9767  logE[BER] -2278.722  P_det_soft 0.1543  (140s)
  step 2150  JSR  -46.2  loss 3777.7318  logE[BER] -3580.656  P_det_soft 0.1971  (142s)
  step 2175  JSR  -22.2  loss 841.8717  logE[BER] -141.064  P_det_soft 0.7008  (143s)
  step 2200  JSR  -21.5  loss 1027.1116  logE[BER] -181.775  P_det_soft 0.8453  (145s)
  step 2225  JSR  -39.5  loss 3289.9845  logE[BER] -3053.549  P_det_soft 0.2364  (147s)
  step 2250  JSR  -39.2  loss 3151.7785  logE[BER] -3016.346  P_det_soft 0.1354  (148s)
  step 2275  JSR  -22.3  loss 920.3713  logE[BER] -166.142  P_det_soft 0.7542  (150s)
  step 2300  JSR  -16.2  loss 999.6061  logE[BER] -6.117  P_det_soft 0.9935  (152s)
  step 2325  JSR  -21.4  loss 806.4910  logE[BER] -9.011  P_det_soft 0.7975  (154s)
  step 2350  JSR  -30.5  loss 2028.1578  logE[BER] -1856.132  P_det_soft 0.1720  (155s)
  step 2375  JSR  -44.6  loss 3762.1684  logE[BER] -3505.562  P_det_soft 0.2566  (157s)
  step 2400  JSR  -33.6  loss 2788.8654  logE[BER] -2556.359  P_det_soft 0.2325  (159s)
  step 2425  JSR  -42.8  loss 3625.8841  logE[BER] -3430.362  P_det_soft 0.1955  (161s)
  step 2450  JSR  -31.3  loss 2309.9915  logE[BER] -2113.615  P_det_soft 0.1964  (162s)
  step 2475  JSR  -32.3  loss 2466.1045  logE[BER] -2287.356  P_det_soft 0.1787  (164s)
  step 2500  JSR  -35.9  loss 2731.0234  logE[BER] -2559.533  P_det_soft 0.1715  (166s)
  step 2525  JSR  -35.2  loss 2875.5146  logE[BER] -2701.519  P_det_soft 0.1740  (168s)
  step 2550  JSR  -35.2  loss 2872.0137  logE[BER] -2685.558  P_det_soft 0.1865  (169s)
  step 2575  JSR  -32.9  loss 2477.0413  logE[BER] -2241.275  P_det_soft 0.2358  (171s)
  step 2600  JSR  -24.7  loss 900.6878  logE[BER] -383.195  P_det_soft 0.5175  (173s)
  step 2625  JSR  -28.8  loss 1882.6854  logE[BER] -1610.283  P_det_soft 0.2724  (175s)
  step 2650  JSR  -37.6  loss 3047.1846  logE[BER] -2879.563  P_det_soft 0.1676  (177s)
  step 2675  JSR  -45.1  loss 3697.1866  logE[BER] -3547.934  P_det_soft 0.1493  (179s)
  step 2700  JSR  -42.7  loss 3508.4408  logE[BER] -3377.220  P_det_soft 0.1312  (181s)
  step 2725  JSR  -45.4  loss 3720.5298  logE[BER] -3523.126  P_det_soft 0.1974  (183s)
  step 2750  JSR  -34.8  loss 2655.2713  logE[BER] -2476.839  P_det_soft 0.1784  (185s)
  step 2775  JSR  -17.2  loss 996.8404  logE[BER] -6.526  P_det_soft 0.9903  (187s)
  step 2800  JSR  -27.7  loss 1472.8779  logE[BER] -1205.495  P_det_soft 0.2674  (189s)
  step 2825  JSR  -29.7  loss 1978.1324  logE[BER] -1674.275  P_det_soft 0.3039  (191s)
  step 2850  JSR  -24.2  loss 1032.6178  logE[BER] -571.265  P_det_soft 0.4614  (193s)
  step 2875  JSR  -28.1  loss 1581.3092  logE[BER] -1244.717  P_det_soft 0.3366  (195s)
  step 2900  JSR  -45.5  loss 3713.3152  logE[BER] -3575.802  P_det_soft 0.1375  (197s)
  step 2925  JSR  -16.1  loss 997.5361  logE[BER] -6.373  P_det_soft 0.9912  (199s)
  step 2950  JSR  -31.3  loss 2081.6229  logE[BER] -1798.538  P_det_soft 0.2831  (201s)
  step 2975  JSR  -47.0  loss 3837.3289  logE[BER] -3639.867  P_det_soft 0.1975  (203s)
  step 3000  JSR  -17.7  loss 989.0352  logE[BER] -6.627  P_det_soft 0.9824  (205s)
  step 3025  JSR  -30.0  loss 2128.0932  logE[BER] -1788.427  P_det_soft 0.3397  (207s)
  step 3050  JSR  -32.1  loss 2259.5403  logE[BER] -2063.834  P_det_soft 0.1957  (209s)
  step 3075  JSR  -21.9  loss 779.9905  logE[BER] -56.509  P_det_soft 0.7235  (211s)
  step 3100  JSR  -29.8  loss 1734.4599  logE[BER] -1476.474  P_det_soft 0.2580  (214s)
  step 3125  JSR  -38.7  loss 3223.8997  logE[BER] -3044.801  P_det_soft 0.1791  (216s)
  step 3150  JSR  -38.3  loss 3122.8911  logE[BER] -2978.955  P_det_soft 0.1439  (218s)
  step 3175  JSR  -32.5  loss 2128.2503  logE[BER] -1976.697  P_det_soft 0.1516  (220s)
  step 3200  JSR  -16.5  loss 998.0813  logE[BER] -6.692  P_det_soft 0.9914  (223s)
  step 3225  JSR  -26.0  loss 1420.1039  logE[BER] -1070.660  P_det_soft 0.3494  (225s)
  step 3250  JSR  -42.5  loss 3590.0002  logE[BER] -3420.226  P_det_soft 0.1698  (227s)
  step 3275  JSR  -26.7  loss 1155.7987  logE[BER] -827.932  P_det_soft 0.3279  (230s)
  step 3300  JSR  -38.0  loss 3110.5365  logE[BER] -2901.394  P_det_soft 0.2091  (232s)
  step 3325  JSR  -19.2  loss 939.9992  logE[BER] -7.859  P_det_soft 0.9321  (234s)
  step 3350  JSR  -18.9  loss 973.3875  logE[BER] -7.402  P_det_soft 0.9660  (236s)
  step 3375  JSR  -37.2  loss 3011.2293  logE[BER] -2834.297  P_det_soft 0.1769  (239s)
  step 3400  JSR  -42.0  loss 3471.5455  logE[BER] -3293.507  P_det_soft 0.1780  (241s)
  step 3425  JSR  -30.0  loss 2108.8016  logE[BER] -1904.498  P_det_soft 0.2043  (243s)
  step 3450  JSR  -16.8  loss 997.8515  logE[BER] -6.163  P_det_soft 0.9917  (246s)
  step 3475  JSR  -22.5  loss 1032.2786  logE[BER] -326.858  P_det_soft 0.7054  (248s)
  step 3500  JSR  -43.3  loss 3551.2212  logE[BER] -3390.007  P_det_soft 0.1612  (250s)
  step 3525  JSR  -18.0  loss 987.5839  logE[BER] -7.219  P_det_soft 0.9804  (252s)
  step 3550  JSR  -41.3  loss 3438.7087  logE[BER] -3269.068  P_det_soft 0.1696  (255s)
  step 3575  JSR  -19.6  loss 927.8595  logE[BER] -7.748  P_det_soft 0.9201  (257s)
  step 3600  JSR  -20.8  loss 869.3620  logE[BER] -9.033  P_det_soft 0.8603  (259s)
  step 3625  JSR  -45.7  loss 3802.4552  logE[BER] -3585.406  P_det_soft 0.2170  (262s)
  step 3650  JSR  -28.6  loss 1437.6296  logE[BER] -1215.796  P_det_soft 0.2218  (264s)
  step 3675  JSR  -39.1  loss 3289.5004  logE[BER] -3065.291  P_det_soft 0.2242  (266s)
  step 3700  JSR  -25.1  loss 1149.5659  logE[BER] -624.839  P_det_soft 0.5247  (268s)
  step 3725  JSR  -42.5  loss 3539.1412  logE[BER] -3362.600  P_det_soft 0.1765  (271s)
  step 3750  JSR  -47.9  loss 3803.6836  logE[BER] -3649.270  P_det_soft 0.1544  (273s)
  step 3775  JSR  -19.3  loss 961.3874  logE[BER] -7.401  P_det_soft 0.9540  (275s)
  step 3800  JSR  -34.0  loss 2444.6676  logE[BER] -2270.299  P_det_soft 0.1744  (277s)
  step 3825  JSR  -37.7  loss 3163.5801  logE[BER] -2933.690  P_det_soft 0.2299  (280s)
  step 3850  JSR  -32.7  loss 2328.6508  logE[BER] -2148.727  P_det_soft 0.1799  (282s)
  step 3875  JSR  -19.6  loss 924.0203  logE[BER] -7.616  P_det_soft 0.9164  (284s)
  step 3900  JSR  -42.5  loss 3572.4825  logE[BER] -3357.630  P_det_soft 0.2149  (286s)
  step 3925  JSR  -39.3  loss 3366.5686  logE[BER] -3180.183  P_det_soft 0.1864  (289s)
  step 3950  JSR  -32.5  loss 2128.3854  logE[BER] -1960.562  P_det_soft 0.1678  (291s)
  step 3975  JSR  -32.3  loss 2272.8318  logE[BER] -2132.812  P_det_soft 0.1400  (293s)
  step 3999  JSR  -28.4  loss 1687.8325  logE[BER] -1320.654  P_det_soft 0.3672  (295s)
wrote task16_G.pt, task16.json  (tag spec_cnn_b1000)
