node: tikgpu05.ee.ethz.ch | gpu: Tesla V100-PCIE-32GB
task 2 = {'target': 'power_one_sided', 'beta': 10.0}  (tag power_one_sided_b10, 128 frames/step, JSR band (-32.0, 0.0))
  target power_one_sided: threshold 0.100354, clean-frame std 0.000143709 (soft_pdet width)
  learned power: cap +0.0 dB, start -40.0 dB, gain lr 0.01, damage per
  step    0  JSR  -38.4  loss 3890.6101  logE[PER] -3888.507  P_det_soft 0.2103  (1s)
  step   25  JSR  -31.8  loss 3462.0357  logE[PER] -3458.325  P_det_soft 0.3711  (1s)
  step   50  JSR  -28.6  loss 3280.5078  logE[PER] -3276.153  P_det_soft 0.4355  (2s)
  step   75  JSR  -25.4  loss 3013.7143  logE[PER] -3007.108  P_det_soft 0.6606  (2s)
  step  100  JSR  -21.8  loss 2594.0484  logE[PER] -2586.698  P_det_soft 0.7351  (3s)
  step  125  JSR  -18.0  loss 2012.4272  logE[PER] -2003.274  P_det_soft 0.9153  (4s)
  step  150  JSR  -14.1  loss 1212.8449  logE[PER] -1202.932  P_det_soft 0.9913  (4s)
  step  175  JSR  -10.8  loss 434.8344  logE[PER] -424.834  P_det_soft 1.0000  (5s)
  step  200  JSR   -8.6  loss 90.8419  logE[PER] -80.842  P_det_soft 1.0000  (5s)
  step  225  JSR   -7.6  loss 19.5325  logE[PER] -9.532  P_det_soft 1.0000  (6s)
  step  250  JSR   -7.4  loss 13.8517  logE[PER] -3.852  P_det_soft 1.0000  (6s)
  step  275  JSR   -7.3  loss 14.0278  logE[PER] -4.028  P_det_soft 1.0000  (7s)
  step  300  JSR   -7.2  loss 14.1097  logE[PER] -4.110  P_det_soft 1.0000  (8s)
  step  325  JSR   -7.1  loss 14.1497  logE[PER] -4.150  P_det_soft 1.0000  (8s)
  step  350  JSR   -7.1  loss 13.2408  logE[PER] -3.241  P_det_soft 1.0000  (9s)
  step  375  JSR   -7.0  loss 13.1868  logE[PER] -3.187  P_det_soft 1.0000  (9s)
  step  400  JSR   -7.0  loss 12.7713  logE[PER] -2.771  P_det_soft 1.0000  (10s)
  step  425  JSR   -6.9  loss 12.9117  logE[PER] -2.912  P_det_soft 1.0000  (11s)
  step  450  JSR   -6.9  loss 12.8023  logE[PER] -2.802  P_det_soft 1.0000  (11s)
  step  475  JSR   -6.9  loss 13.0971  logE[PER] -3.097  P_det_soft 1.0000  (12s)
  step  500  JSR   -6.8  loss 12.4694  logE[PER] -2.469  P_det_soft 1.0000  (12s)
  step  525  JSR   -6.8  loss 12.9928  logE[PER] -2.993  P_det_soft 1.0000  (13s)
  step  550  JSR   -6.8  loss 12.9792  logE[PER] -2.979  P_det_soft 1.0000  (14s)
  step  575  JSR   -6.7  loss 12.8634  logE[PER] -2.863  P_det_soft 1.0000  (14s)
  step  600  JSR   -6.7  loss 12.6549  logE[PER] -2.655  P_det_soft 1.0000  (15s)
  step  625  JSR   -6.7  loss 12.7480  logE[PER] -2.748  P_det_soft 1.0000  (15s)
  step  650  JSR   -6.6  loss 12.5399  logE[PER] -2.540  P_det_soft 1.0000  (16s)
  step  675  JSR   -6.6  loss 12.5026  logE[PER] -2.503  P_det_soft 1.0000  (17s)
  step  700  JSR   -6.6  loss 12.2282  logE[PER] -2.228  P_det_soft 1.0000  (17s)
  step  725  JSR   -6.5  loss 12.4685  logE[PER] -2.468  P_det_soft 1.0000  (18s)
  step  750  JSR   -6.5  loss 12.4738  logE[PER] -2.474  P_det_soft 1.0000  (18s)
  step  775  JSR   -6.5  loss 12.0304  logE[PER] -2.030  P_det_soft 1.0000  (19s)
  step  800  JSR   -6.4  loss 12.1178  logE[PER] -2.118  P_det_soft 1.0000  (20s)
  step  825  JSR   -6.4  loss 12.4757  logE[PER] -2.476  P_det_soft 1.0000  (20s)
  step  850  JSR   -6.4  loss 12.1128  logE[PER] -2.113  P_det_soft 1.0000  (21s)
  step  875  JSR   -6.3  loss 11.8331  logE[PER] -1.833  P_det_soft 1.0000  (21s)
  step  900  JSR   -6.3  loss 11.9577  logE[PER] -1.958  P_det_soft 1.0000  (22s)
  step  925  JSR   -6.3  loss 12.3052  logE[PER] -2.305  P_det_soft 1.0000  (23s)
  step  950  JSR   -6.3  loss 12.0453  logE[PER] -2.045  P_det_soft 1.0000  (23s)
  step  975  JSR   -6.2  loss 12.0483  logE[PER] -2.048  P_det_soft 1.0000  (24s)
  step 1000  JSR   -6.2  loss 12.1217  logE[PER] -2.122  P_det_soft 1.0000  (24s)
  step 1025  JSR   -6.2  loss 12.0265  logE[PER] -2.027  P_det_soft 1.0000  (25s)
  step 1050  JSR   -6.1  loss 12.2775  logE[PER] -2.277  P_det_soft 1.0000  (25s)
  step 1075  JSR   -6.1  loss 12.0142  logE[PER] -2.014  P_det_soft 1.0000  (26s)
  step 1100  JSR   -6.1  loss 12.0537  logE[PER] -2.054  P_det_soft 1.0000  (27s)
  step 1125  JSR   -5.9  loss 10.9426  logE[PER] -0.943  P_det_soft 1.0000  (27s)
  step 1150  JSR   -5.9  loss 10.7472  logE[PER] -0.747  P_det_soft 1.0000  (28s)
  step 1175  JSR   -5.9  loss 10.8300  logE[PER] -0.830  P_det_soft 1.0000  (28s)
  step 1200  JSR   -5.8  loss 10.8753  logE[PER] -0.875  P_det_soft 1.0000  (29s)
  step 1225  JSR   -5.8  loss 10.7094  logE[PER] -0.709  P_det_soft 1.0000  (30s)
  step 1250  JSR   -5.7  loss 10.6688  logE[PER] -0.669  P_det_soft 1.0000  (30s)
  step 1275  JSR   -5.7  loss 10.4473  logE[PER] -0.447  P_det_soft 1.0000  (31s)
  step 1300  JSR   -5.7  loss 10.5643  logE[PER] -0.564  P_det_soft 1.0000  (31s)
  step 1325  JSR   -5.7  loss 10.6004  logE[PER] -0.600  P_det_soft 1.0000  (32s)
  step 1350  JSR   -5.6  loss 10.7231  logE[PER] -0.723  P_det_soft 1.0000  (33s)
  step 1375  JSR   -5.6  loss 10.5439  logE[PER] -0.544  P_det_soft 1.0000  (33s)
  step 1400  JSR   -5.5  loss 10.6228  logE[PER] -0.623  P_det_soft 1.0000  (34s)
  step 1425  JSR   -5.5  loss 10.5145  logE[PER] -0.515  P_det_soft 1.0000  (34s)
  step 1450  JSR   -5.4  loss 10.4822  logE[PER] -0.482  P_det_soft 1.0000  (35s)
  step 1475  JSR   -5.4  loss 10.5483  logE[PER] -0.548  P_det_soft 1.0000  (36s)
  step 1500  JSR   -5.4  loss 10.4350  logE[PER] -0.435  P_det_soft 1.0000  (36s)
  step 1525  JSR   -5.3  loss 10.5490  logE[PER] -0.549  P_det_soft 1.0000  (37s)
  step 1550  JSR   -5.3  loss 10.5110  logE[PER] -0.511  P_det_soft 1.0000  (37s)
  step 1575  JSR   -5.3  loss 10.3819  logE[PER] -0.382  P_det_soft 1.0000  (38s)
  step 1600  JSR   -5.3  loss 10.6145  logE[PER] -0.614  P_det_soft 1.0000  (39s)
  step 1625  JSR   -5.2  loss 10.5066  logE[PER] -0.507  P_det_soft 1.0000  (39s)
  step 1650  JSR   -5.2  loss 10.3988  logE[PER] -0.399  P_det_soft 1.0000  (40s)
  step 1675  JSR   -5.2  loss 10.4266  logE[PER] -0.427  P_det_soft 1.0000  (40s)
  step 1700  JSR   -5.1  loss 10.3930  logE[PER] -0.393  P_det_soft 1.0000  (41s)
  step 1725  JSR   -5.1  loss 10.3399  logE[PER] -0.340  P_det_soft 1.0000  (41s)
  step 1750  JSR   -5.1  loss 10.3357  logE[PER] -0.336  P_det_soft 1.0000  (42s)
  step 1775  JSR   -5.1  loss 10.4473  logE[PER] -0.447  P_det_soft 1.0000  (43s)
  step 1800  JSR   -5.0  loss 10.3878  logE[PER] -0.388  P_det_soft 1.0000  (43s)
  step 1825  JSR   -5.0  loss 10.4659  logE[PER] -0.466  P_det_soft 1.0000  (44s)
  step 1850  JSR   -5.0  loss 10.2734  logE[PER] -0.273  P_det_soft 1.0000  (44s)
  step 1875  JSR   -5.0  loss 10.3715  logE[PER] -0.372  P_det_soft 1.0000  (45s)
  step 1900  JSR   -4.9  loss 10.3794  logE[PER] -0.379  P_det_soft 1.0000  (46s)
  step 1925  JSR   -4.9  loss 10.3246  logE[PER] -0.325  P_det_soft 1.0000  (46s)
  step 1950  JSR   -4.9  loss 10.3298  logE[PER] -0.330  P_det_soft 1.0000  (47s)
  step 1975  JSR   -4.9  loss 10.4030  logE[PER] -0.403  P_det_soft 1.0000  (47s)
  step 2000  JSR   -4.8  loss 10.3122  logE[PER] -0.312  P_det_soft 1.0000  (48s)
  step 2025  JSR   -4.8  loss 10.3322  logE[PER] -0.332  P_det_soft 1.0000  (49s)
  step 2050  JSR   -4.8  loss 10.3634  logE[PER] -0.363  P_det_soft 1.0000  (49s)
  step 2075  JSR   -4.8  loss 10.3368  logE[PER] -0.337  P_det_soft 1.0000  (50s)
  step 2100  JSR   -4.8  loss 10.2714  logE[PER] -0.271  P_det_soft 1.0000  (50s)
  step 2125  JSR   -4.7  loss 10.3345  logE[PER] -0.334  P_det_soft 1.0000  (51s)
  step 2150  JSR   -4.7  loss 10.2552  logE[PER] -0.255  P_det_soft 1.0000  (52s)
  step 2175  JSR   -4.7  loss 10.3305  logE[PER] -0.331  P_det_soft 1.0000  (52s)
  step 2200  JSR   -4.7  loss 10.2771  logE[PER] -0.277  P_det_soft 1.0000  (53s)
  step 2225  JSR   -4.6  loss 10.2968  logE[PER] -0.297  P_det_soft 1.0000  (53s)
  step 2250  JSR   -4.6  loss 10.3013  logE[PER] -0.301  P_det_soft 1.0000  (54s)
  step 2275  JSR   -4.6  loss 10.2715  logE[PER] -0.272  P_det_soft 1.0000  (55s)
  step 2300  JSR   -4.6  loss 10.3070  logE[PER] -0.307  P_det_soft 1.0000  (55s)
  step 2325  JSR   -4.5  loss 10.2958  logE[PER] -0.296  P_det_soft 1.0000  (56s)
  step 2350  JSR   -4.5  loss 10.3042  logE[PER] -0.304  P_det_soft 1.0000  (56s)
  step 2375  JSR   -4.5  loss 10.2522  logE[PER] -0.252  P_det_soft 1.0000  (57s)
  step 2400  JSR   -4.5  loss 10.2570  logE[PER] -0.257  P_det_soft 1.0000  (57s)
  step 2425  JSR   -4.4  loss 10.2004  logE[PER] -0.200  P_det_soft 1.0000  (58s)
  step 2450  JSR   -4.4  loss 10.1803  logE[PER] -0.180  P_det_soft 1.0000  (59s)
  step 2475  JSR   -4.4  loss 10.1581  logE[PER] -0.158  P_det_soft 1.0000  (59s)
  step 2500  JSR   -4.4  loss 10.1594  logE[PER] -0.159  P_det_soft 1.0000  (60s)
  step 2525  JSR   -4.4  loss 10.1474  logE[PER] -0.147  P_det_soft 1.0000  (60s)
  step 2550  JSR   -4.3  loss 10.3158  logE[PER] -0.316  P_det_soft 1.0000  (61s)
  step 2575  JSR   -4.3  loss 10.1551  logE[PER] -0.155  P_det_soft 1.0000  (62s)
  step 2600  JSR   -4.3  loss 10.1667  logE[PER] -0.167  P_det_soft 1.0000  (62s)
  step 2625  JSR   -4.3  loss 10.1769  logE[PER] -0.177  P_det_soft 1.0000  (63s)
  step 2650  JSR   -4.2  loss 10.2017  logE[PER] -0.202  P_det_soft 1.0000  (63s)
  step 2675  JSR   -4.2  loss 10.1562  logE[PER] -0.156  P_det_soft 1.0000  (64s)
  step 2700  JSR   -4.2  loss 10.1090  logE[PER] -0.109  P_det_soft 1.0000  (65s)
  step 2725  JSR   -4.1  loss 10.2177  logE[PER] -0.218  P_det_soft 1.0000  (65s)
  step 2750  JSR   -4.1  loss 10.2015  logE[PER] -0.202  P_det_soft 1.0000  (66s)
  step 2775  JSR   -4.1  loss 10.2221  logE[PER] -0.222  P_det_soft 1.0000  (66s)
  step 2800  JSR   -4.1  loss 10.1626  logE[PER] -0.163  P_det_soft 1.0000  (67s)
  step 2825  JSR   -4.0  loss 10.0938  logE[PER] -0.094  P_det_soft 1.0000  (68s)
  step 2850  JSR   -4.0  loss 10.1682  logE[PER] -0.168  P_det_soft 1.0000  (68s)
  step 2875  JSR   -4.0  loss 10.1650  logE[PER] -0.165  P_det_soft 1.0000  (69s)
  step 2900  JSR   -4.0  loss 10.1742  logE[PER] -0.174  P_det_soft 1.0000  (69s)
  step 2925  JSR   -4.0  loss 10.1664  logE[PER] -0.166  P_det_soft 1.0000  (70s)
  step 2950  JSR   -3.9  loss 10.1390  logE[PER] -0.139  P_det_soft 1.0000  (71s)
  step 2975  JSR   -3.9  loss 10.1771  logE[PER] -0.177  P_det_soft 1.0000  (71s)
  step 3000  JSR   -3.9  loss 10.1238  logE[PER] -0.124  P_det_soft 1.0000  (72s)
  step 3025  JSR   -3.9  loss 10.1248  logE[PER] -0.125  P_det_soft 1.0000  (72s)
  step 3050  JSR   -3.8  loss 10.0864  logE[PER] -0.086  P_det_soft 1.0000  (73s)
  step 3075  JSR   -3.8  loss 10.1412  logE[PER] -0.141  P_det_soft 1.0000  (73s)
  step 3100  JSR   -3.8  loss 10.0881  logE[PER] -0.088  P_det_soft 1.0000  (74s)
  step 3125  JSR   -3.8  loss 10.0823  logE[PER] -0.082  P_det_soft 1.0000  (75s)
  step 3150  JSR   -3.8  loss 10.1774  logE[PER] -0.177  P_det_soft 1.0000  (75s)
  step 3175  JSR   -3.7  loss 10.1139  logE[PER] -0.114  P_det_soft 1.0000  (76s)
  step 3200  JSR   -3.7  loss 10.1019  logE[PER] -0.102  P_det_soft 1.0000  (76s)
  step 3225  JSR   -3.7  loss 10.0721  logE[PER] -0.072  P_det_soft 1.0000  (77s)
  step 3250  JSR   -3.7  loss 10.0790  logE[PER] -0.079  P_det_soft 1.0000  (78s)
  step 3275  JSR   -3.7  loss 10.0548  logE[PER] -0.055  P_det_soft 1.0000  (78s)
  step 3300  JSR   -3.7  loss 10.1144  logE[PER] -0.114  P_det_soft 1.0000  (79s)
  step 3325  JSR   -3.6  loss 10.0846  logE[PER] -0.085  P_det_soft 1.0000  (79s)
  step 3350  JSR   -3.6  loss 10.0590  logE[PER] -0.059  P_det_soft 1.0000  (80s)
  step 3375  JSR   -3.6  loss 10.1157  logE[PER] -0.116  P_det_soft 1.0000  (81s)
  step 3400  JSR   -3.6  loss 10.0821  logE[PER] -0.082  P_det_soft 1.0000  (81s)
  step 3425  JSR   -3.6  loss 10.0720  logE[PER] -0.072  P_det_soft 1.0000  (82s)
  step 3450  JSR   -3.6  loss 10.0679  logE[PER] -0.068  P_det_soft 1.0000  (82s)
  step 3475  JSR   -3.6  loss 10.0968  logE[PER] -0.097  P_det_soft 1.0000  (83s)
  step 3500  JSR   -3.5  loss 10.1024  logE[PER] -0.102  P_det_soft 1.0000  (84s)
  step 3525  JSR   -3.5  loss 10.0964  logE[PER] -0.096  P_det_soft 1.0000  (84s)
  step 3550  JSR   -3.5  loss 10.1747  logE[PER] -0.175  P_det_soft 1.0000  (85s)
  step 3575  JSR   -3.5  loss 10.1024  logE[PER] -0.102  P_det_soft 1.0000  (85s)
  step 3600  JSR   -3.5  loss 10.0952  logE[PER] -0.095  P_det_soft 1.0000  (86s)
  step 3625  JSR   -3.5  loss 10.0484  logE[PER] -0.048  P_det_soft 1.0000  (87s)
  step 3650  JSR   -3.5  loss 10.0985  logE[PER] -0.099  P_det_soft 1.0000  (87s)
  step 3675  JSR   -3.5  loss 10.0731  logE[PER] -0.073  P_det_soft 1.0000  (88s)
  step 3700  JSR   -3.4  loss 10.0819  logE[PER] -0.082  P_det_soft 1.0000  (88s)
  step 3725  JSR   -3.4  loss 10.0615  logE[PER] -0.061  P_det_soft 1.0000  (89s)
  step 3750  JSR   -3.4  loss 10.0493  logE[PER] -0.049  P_det_soft 1.0000  (89s)
  step 3775  JSR   -3.4  loss 10.1122  logE[PER] -0.112  P_det_soft 1.0000  (90s)
  step 3800  JSR   -3.4  loss 10.0926  logE[PER] -0.093  P_det_soft 1.0000  (91s)
  step 3825  JSR   -3.4  loss 10.0818  logE[PER] -0.082  P_det_soft 1.0000  (91s)
  step 3850  JSR   -3.4  loss 10.0753  logE[PER] -0.075  P_det_soft 1.0000  (92s)
  step 3875  JSR   -3.3  loss 10.0159  logE[PER] -0.016  P_det_soft 1.0000  (92s)
  step 3900  JSR   -3.3  loss 10.0346  logE[PER] -0.035  P_det_soft 1.0000  (93s)
  step 3925  JSR   -3.3  loss 10.0437  logE[PER] -0.044  P_det_soft 1.0000  (94s)
  step 3950  JSR   -3.3  loss 10.0713  logE[PER] -0.071  P_det_soft 1.0000  (94s)
  step 3975  JSR   -3.3  loss 10.0538  logE[PER] -0.054  P_det_soft 1.0000  (95s)
  step 3999  JSR   -3.3  loss 10.0729  logE[PER] -0.073  P_det_soft 1.0000  (95s)
wrote task2_G.pt, task2.json  (tag power_one_sided_b10)
