node: tikgpu05.ee.ethz.ch | gpu: NVIDIA TITAN RTX
task 5 = {'target': 'power_two_sided', 'beta': 1.0}  (tag power_two_sided_b1)
  step    0  JSR  -17.6  loss 1777.1911  logE[BER] -1776.241  P_det_soft 0.9500  (2s)
  step   25  JSR  -17.5  loss 375.4087  logE[BER] -374.439  P_det_soft 0.9692  (3s)
  step   50  JSR  -20.1  loss 227.3210  logE[BER] -226.394  P_det_soft 0.9270  (3s)
  step   75  JSR   -6.7  loss 5.5565  logE[BER] -4.557  P_det_soft 1.0000  (4s)
  step  100  JSR  -15.3  loss 7.2328  logE[BER] -6.237  P_det_soft 0.9957  (4s)
  step  125  JSR  -15.7  loss 7.4603  logE[BER] -6.467  P_det_soft 0.9935  (5s)
  step  150  JSR  -22.7  loss 129.7621  logE[BER] -128.876  P_det_soft 0.8862  (5s)
  step  175  JSR  -28.2  loss 1203.5674  logE[BER] -1202.926  P_det_soft 0.6414  (6s)
  step  200  JSR  -28.2  loss 1196.6271  logE[BER] -1196.037  P_det_soft 0.5903  (6s)
  step  225  JSR  -20.8  loss 9.5954  logE[BER] -8.746  P_det_soft 0.8499  (7s)
  step  250  JSR   -8.2  loss 6.4300  logE[BER] -5.430  P_det_soft 1.0000  (7s)
  step  275  JSR  -10.5  loss 6.6061  logE[BER] -5.606  P_det_soft 1.0000  (8s)
  step  300  JSR   -6.2  loss 5.7002  logE[BER] -4.700  P_det_soft 1.0000  (8s)
  step  325  JSR   -5.8  loss 5.7693  logE[BER] -4.769  P_det_soft 1.0000  (9s)
  step  350  JSR   -1.2  loss 3.9357  logE[BER] -2.936  P_det_soft 1.0000  (9s)
  step  375  JSR  -23.9  loss 228.8840  logE[BER] -228.033  P_det_soft 0.8514  (10s)
  step  399  JSR   -0.5  loss 3.6746  logE[BER] -2.675  P_det_soft 1.0000  (10s)
wrote task5_G.pt, task5.json  (tag power_two_sided_b1)
