node: artongpu01.ee.ethz.ch | gpu: NVIDIA GeForce RTX 2080 Ti
task 19 = {'target': 'spec_cnn', 'beta': 1000000.0}  (tag spec_cnn_b1e+06, 32 frames/step, JSR band (-48.0, -16.0))
  target spec_cnn: threshold -3.17573, clean-frame std 0.982227 (soft_pdet width)
  step    0  JSR  -39.8  loss 237474.0340  logE[BER] -3823.004  P_det_soft 0.2337  (7s)
  step   25  JSR  -38.0  loss 225681.7385  logE[BER] -3783.766  P_det_soft 0.2219  (9s)
  step   50  JSR  -45.2  loss 166117.9220  logE[BER] -3899.591  P_det_soft 0.1622  (12s)
  step   75  JSR  -43.3  loss 164761.2106  logE[BER] -3880.937  P_det_soft 0.1609  (14s)
  step  100  JSR  -23.0  loss 404867.3128  logE[BER] -2650.294  P_det_soft 0.4022  (17s)
  step  125  JSR  -20.8  loss 610275.5207  logE[BER] -2498.602  P_det_soft 0.6078  (19s)
  step  150  JSR  -26.6  loss 316824.0790  logE[BER] -3208.879  P_det_soft 0.3136  (22s)
  step  175  JSR  -31.1  loss 229470.5395  logE[BER] -3534.329  P_det_soft 0.2259  (24s)
  step  200  JSR  -35.0  loss 229311.6949  logE[BER] -3691.588  P_det_soft 0.2256  (26s)
  step  225  JSR  -34.5  loss 204748.8365  logE[BER] -3673.652  P_det_soft 0.2011  (29s)
  step  250  JSR  -21.1  loss 475121.8971  logE[BER] -2592.733  P_det_soft 0.4725  (31s)
  step  275  JSR  -22.2  loss 458691.4372  logE[BER] -2677.413  P_det_soft 0.4560  (34s)
  step  300  JSR  -42.7  loss 180009.1704  logE[BER] -3879.498  P_det_soft 0.1761  (36s)
  step  325  JSR  -34.8  loss 172523.5488  logE[BER] -3694.531  P_det_soft 0.1688  (39s)
  step  350  JSR  -36.5  loss 185095.4112  logE[BER] -3747.794  P_det_soft 0.1813  (41s)
  step  375  JSR  -28.5  loss 227035.8404  logE[BER] -3367.056  P_det_soft 0.2237  (44s)
  step  399  JSR  -24.8  loss 271249.8164  logE[BER] -2939.401  P_det_soft 0.2683  (46s)
wrote task19_G.pt, task19.json  (tag spec_cnn_b1e+06)
