node: tikgpu05.ee.ethz.ch | gpu: NVIDIA TITAN RTX
task 11 = {'target': 'kurtosis', 'beta': 100.0}  (tag kurtosis_b100)
  step    0  JSR  -21.8  loss 2624.5977  logE[BER] -2606.537  P_det_soft 0.1806  (1s)
  step   25  JSR   -9.3  loss 98.5705  logE[BER] -6.029  P_det_soft 0.9254  (2s)
  step   50  JSR   -5.8  loss 104.4133  logE[BER] -4.432  P_det_soft 0.9998  (2s)
  step   75  JSR  -16.7  loss 32.6948  logE[BER] -6.937  P_det_soft 0.2576  (3s)
  step  100  JSR   -3.2  loss 103.5320  logE[BER] -3.532  P_det_soft 1.0000  (3s)
  step  125  JSR  -16.8  loss 31.3139  logE[BER] -6.730  P_det_soft 0.2458  (4s)
  step  150  JSR  -22.9  loss 104.1981  logE[BER] -86.291  P_det_soft 0.1791  (4s)
  step  175  JSR  -22.5  loss 29.5213  logE[BER] -13.236  P_det_soft 0.1629  (5s)
  step  200  JSR   -6.4  loss 104.9661  logE[BER] -4.968  P_det_soft 1.0000  (5s)
  step  225  JSR  -18.7  loss 26.3387  logE[BER] -7.241  P_det_soft 0.1910  (6s)
  step  250  JSR  -25.9  loss 626.3372  logE[BER] -609.954  P_det_soft 0.1638  (6s)
  step  275  JSR  -19.0  loss 27.3460  logE[BER] -7.661  P_det_soft 0.1969  (7s)
  step  300  JSR   -3.6  loss 103.7450  logE[BER] -3.745  P_det_soft 1.0000  (7s)
  step  325  JSR  -27.9  loss 1039.0996  logE[BER] -1022.615  P_det_soft 0.1648  (8s)
  step  350  JSR  -24.4  loss 306.2324  logE[BER] -289.506  P_det_soft 0.1673  (8s)
  step  375  JSR  -26.3  loss 680.0268  logE[BER] -663.539  P_det_soft 0.1649  (9s)
  step  399  JSR  -31.3  loss 1900.1031  logE[BER] -1882.336  P_det_soft 0.1777  (9s)
wrote task11_G.pt, task11.json  (tag kurtosis_b100)
