node: artongpu01.ee.ethz.ch | gpu: NVIDIA GeForce RTX 2080 Ti
task 14 = {'target': 'spec_cnn', 'beta': 10.0}  (tag spec_cnn_b10, 32 frames/step, JSR band (-48.0, -16.0))
  target spec_cnn: threshold -3.17573, clean-frame std 0.982227 (soft_pdet width)
  learned power: cap +0.0 dB, start -40.0 dB, gain lr 0.01, damage per
  step    0  JSR  -37.9  loss 3910.4607  logE[PER] -3908.855  P_det_soft 0.1606  (1s)
  step   25  JSR  -30.2  loss 3449.8115  logE[PER] -3446.482  P_det_soft 0.3329  (3s)
  step   50  JSR  -27.1  loss 3286.1153  logE[PER] -3281.635  P_det_soft 0.4480  (6s)
  step   75  JSR  -24.0  loss 3040.0064  logE[PER] -3033.101  P_det_soft 0.6906  (8s)
  step  100  JSR  -20.7  loss 2587.7515  logE[PER] -2579.243  P_det_soft 0.8508  (11s)
  step  125  JSR  -17.1  loss 2014.9368  logE[PER] -2005.421  P_det_soft 0.9516  (13s)
  step  150  JSR  -13.3  loss 1220.5759  logE[PER] -1210.919  P_det_soft 0.9657  (16s)
  step  175  JSR  -10.0  loss 428.5293  logE[PER] -418.828  P_det_soft 0.9701  (18s)
  step  200  JSR   -7.7  loss 66.0063  logE[PER] -56.307  P_det_soft 0.9699  (21s)
  step  225  JSR   -6.9  loss 25.7009  logE[PER] -16.212  P_det_soft 0.9489  (23s)
  step  250  JSR   -6.6  loss 12.4279  logE[PER] -2.830  P_det_soft 0.9598  (26s)
  step  275  JSR   -6.5  loss 12.0771  logE[PER] -2.691  P_det_soft 0.9386  (28s)
  step  300  JSR   -6.2  loss 12.1350  logE[PER] -2.802  P_det_soft 0.9333  (31s)
  step  325  JSR   -6.1  loss 12.6599  logE[PER] -3.460  P_det_soft 0.9199  (33s)
  step  350  JSR   -6.0  loss 12.9497  logE[PER] -3.450  P_det_soft 0.9499  (36s)
  step  375  JSR   -6.0  loss 28.2848  logE[PER] -19.054  P_det_soft 0.9231  (39s)
  step  400  JSR   -5.9  loss 12.6505  logE[PER] -3.480  P_det_soft 0.9171  (41s)
  step  425  JSR   -5.9  loss 10.9184  logE[PER] -1.973  P_det_soft 0.8945  (44s)
  step  450  JSR   -5.8  loss 11.9062  logE[PER] -2.852  P_det_soft 0.9054  (46s)
  step  475  JSR   -5.8  loss 11.7423  logE[PER] -2.365  P_det_soft 0.9377  (49s)
  step  500  JSR   -5.7  loss 12.8222  logE[PER] -3.421  P_det_soft 0.9401  (51s)
  step  525  JSR   -5.7  loss 11.7741  logE[PER] -2.716  P_det_soft 0.9058  (54s)
  step  550  JSR   -5.7  loss 11.4719  logE[PER] -2.181  P_det_soft 0.9291  (56s)
  step  575  JSR   -5.6  loss 11.5299  logE[PER] -2.076  P_det_soft 0.9454  (59s)
  step  600  JSR   -5.6  loss 10.7941  logE[PER] -1.388  P_det_soft 0.9406  (62s)
  step  625  JSR   -5.6  loss 11.3318  logE[PER] -2.076  P_det_soft 0.9256  (64s)
  step  650  JSR   -5.5  loss 12.0852  logE[PER] -2.773  P_det_soft 0.9313  (67s)
  step  675  JSR   -5.5  loss 10.9618  logE[PER] -1.621  P_det_soft 0.9340  (69s)
  step  700  JSR   -5.4  loss 11.1288  logE[PER] -2.079  P_det_soft 0.9049  (72s)
  step  725  JSR   -5.4  loss 10.8188  logE[PER] -1.734  P_det_soft 0.9084  (74s)
  step  750  JSR   -5.3  loss 11.3848  logE[PER] -2.202  P_det_soft 0.9183  (77s)
  step  775  JSR   -5.3  loss 11.7378  logE[PER] -2.329  P_det_soft 0.9409  (79s)
  step  800  JSR   -5.3  loss 11.5831  logE[PER] -2.121  P_det_soft 0.9462  (82s)
  step  825  JSR   -5.3  loss 11.3169  logE[PER] -1.852  P_det_soft 0.9465  (84s)
  step  850  JSR   -5.2  loss 11.7269  logE[PER] -2.322  P_det_soft 0.9405  (87s)
  step  875  JSR   -5.2  loss 11.4325  logE[PER] -1.859  P_det_soft 0.9573  (90s)
  step  900  JSR   -5.2  loss 10.4655  logE[PER] -1.431  P_det_soft 0.9035  (92s)
  step  925  JSR   -5.1  loss 11.4750  logE[PER] -2.224  P_det_soft 0.9251  (95s)
  step  950  JSR   -5.1  loss 10.3558  logE[PER] -1.312  P_det_soft 0.9044  (97s)
  step  975  JSR   -5.1  loss 10.9676  logE[PER] -1.773  P_det_soft 0.9195  (100s)
  step 1000  JSR   -5.1  loss 10.4154  logE[PER] -1.674  P_det_soft 0.8741  (102s)
  step 1025  JSR   -5.0  loss 10.3221  logE[PER] -1.286  P_det_soft 0.9036  (105s)
  step 1050  JSR   -5.0  loss 10.8052  logE[PER] -1.334  P_det_soft 0.9471  (107s)
  step 1075  JSR   -5.0  loss 11.0243  logE[PER] -2.029  P_det_soft 0.8996  (110s)
  step 1100  JSR   -5.0  loss 10.7634  logE[PER] -1.686  P_det_soft 0.9078  (112s)
  step 1125  JSR   -4.9  loss 10.7402  logE[PER] -1.493  P_det_soft 0.9247  (115s)
  step 1150  JSR   -4.9  loss 10.5272  logE[PER] -1.724  P_det_soft 0.8803  (117s)
  step 1175  JSR   -4.9  loss 11.2866  logE[PER] -2.201  P_det_soft 0.9086  (120s)
  step 1200  JSR   -4.9  loss 10.8265  logE[PER] -1.659  P_det_soft 0.9168  (123s)
  step 1225  JSR   -4.8  loss 10.9048  logE[PER] -1.454  P_det_soft 0.9451  (125s)
  step 1250  JSR   -4.7  loss 11.5012  logE[PER] -1.856  P_det_soft 0.9645  (128s)
  step 1275  JSR   -4.7  loss 11.2894  logE[PER] -1.704  P_det_soft 0.9585  (130s)
  step 1300  JSR   -4.7  loss 11.8547  logE[PER] -2.317  P_det_soft 0.9538  (133s)
  step 1325  JSR   -4.7  loss 11.1049  logE[PER] -1.859  P_det_soft 0.9246  (135s)
  step 1350  JSR   -4.7  loss 11.2593  logE[PER] -1.860  P_det_soft 0.9400  (138s)
  step 1375  JSR   -4.6  loss 10.2173  logE[PER] -0.912  P_det_soft 0.9305  (140s)
  step 1400  JSR   -4.6  loss 10.8373  logE[PER] -1.339  P_det_soft 0.9498  (143s)
  step 1425  JSR   -4.6  loss 10.5674  logE[PER] -1.386  P_det_soft 0.9181  (145s)
  step 1450  JSR   -4.6  loss 10.1857  logE[PER] -0.989  P_det_soft 0.9197  (148s)
  step 1475  JSR   -4.5  loss 11.1353  logE[PER] -1.856  P_det_soft 0.9279  (150s)
  step 1500  JSR   -4.5  loss 11.1854  logE[PER] -1.800  P_det_soft 0.9385  (153s)
  step 1525  JSR   -4.5  loss 10.7370  logE[PER] -1.249  P_det_soft 0.9488  (156s)
  step 1550  JSR   -4.5  loss 11.3519  logE[PER] -1.856  P_det_soft 0.9496  (158s)
  step 1575  JSR   -4.5  loss 10.5087  logE[PER] -1.144  P_det_soft 0.9365  (161s)
  step 1600  JSR   -4.4  loss 10.3480  logE[PER] -1.007  P_det_soft 0.9341  (163s)
  step 1625  JSR   -4.4  loss 11.0209  logE[PER] -1.813  P_det_soft 0.9208  (166s)
  step 1650  JSR   -4.4  loss 11.8591  logE[PER] -2.293  P_det_soft 0.9566  (168s)
  step 1675  JSR   -4.4  loss 11.1318  logE[PER] -1.305  P_det_soft 0.9827  (171s)
  step 1700  JSR   -4.3  loss 10.6781  logE[PER] -1.269  P_det_soft 0.9410  (173s)
  step 1725  JSR   -4.3  loss 11.1629  logE[PER] -1.657  P_det_soft 0.9506  (176s)
  step 1750  JSR   -4.3  loss 10.7011  logE[PER] -1.386  P_det_soft 0.9315  (178s)
  step 1775  JSR   -4.3  loss 10.9399  logE[PER] -1.537  P_det_soft 0.9403  (181s)
  step 1800  JSR   -4.2  loss 10.8273  logE[PER] -1.487  P_det_soft 0.9340  (183s)
  step 1825  JSR   -4.2  loss 10.9719  logE[PER] -1.856  P_det_soft 0.9115  (186s)
  step 1850  JSR   -4.2  loss 10.9585  logE[PER] -1.370  P_det_soft 0.9589  (189s)
  step 1875  JSR   -4.2  loss 10.7220  logE[PER] -1.390  P_det_soft 0.9332  (191s)
  step 1900  JSR   -4.1  loss 10.9545  logE[PER] -1.520  P_det_soft 0.9434  (194s)
  step 1925  JSR   -4.1  loss 11.5242  logE[PER] -2.083  P_det_soft 0.9441  (196s)
  step 1950  JSR   -4.1  loss 10.2152  logE[PER] -1.017  P_det_soft 0.9198  (199s)
  step 1975  JSR   -4.1  loss 11.1596  logE[PER] -1.700  P_det_soft 0.9459  (201s)
  step 2000  JSR   -4.0  loss 11.1809  logE[PER] -1.833  P_det_soft 0.9348  (204s)
  step 2025  JSR   -4.0  loss 10.5049  logE[PER] -1.251  P_det_soft 0.9253  (206s)
  step 2050  JSR   -4.0  loss 10.7232  logE[PER] -1.586  P_det_soft 0.9137  (209s)
  step 2075  JSR   -3.9  loss 10.7765  logE[PER] -1.386  P_det_soft 0.9391  (211s)
  step 2100  JSR   -3.9  loss 10.5064  logE[PER] -1.386  P_det_soft 0.9120  (214s)
  step 2125  JSR   -3.9  loss 11.2080  logE[PER] -1.764  P_det_soft 0.9444  (217s)
  step 2150  JSR   -3.8  loss 10.4600  logE[PER] -1.150  P_det_soft 0.9311  (219s)
  step 2175  JSR   -3.8  loss 10.6132  logE[PER] -1.296  P_det_soft 0.9317  (222s)
  step 2200  JSR   -3.8  loss 11.8941  logE[PER] -2.367  P_det_soft 0.9527  (224s)
  step 2225  JSR   -3.8  loss 10.7656  logE[PER] -1.284  P_det_soft 0.9481  (227s)
  step 2250  JSR   -3.7  loss 10.3521  logE[PER] -1.066  P_det_soft 0.9286  (229s)
  step 2275  JSR   -3.7  loss 10.3407  logE[PER] -1.044  P_det_soft 0.9296  (232s)
  step 2300  JSR   -3.7  loss 11.3099  logE[PER] -1.673  P_det_soft 0.9637  (234s)
  step 2325  JSR   -3.7  loss 10.9411  logE[PER] -1.520  P_det_soft 0.9421  (237s)
  step 2350  JSR   -3.7  loss 11.8998  logE[PER] -2.367  P_det_soft 0.9533  (239s)
  step 2375  JSR   -3.6  loss 10.7811  logE[PER] -1.249  P_det_soft 0.9532  (242s)
  step 2400  JSR   -3.6  loss 10.7580  logE[PER] -1.239  P_det_soft 0.9519  (244s)
  step 2425  JSR   -3.5  loss 10.6135  logE[PER] -1.241  P_det_soft 0.9373  (247s)
  step 2450  JSR   -3.5  loss 10.7665  logE[PER] -1.268  P_det_soft 0.9498  (250s)
  step 2475  JSR   -3.5  loss 10.5990  logE[PER] -0.981  P_det_soft 0.9618  (252s)
  step 2500  JSR   -3.5  loss 10.8017  logE[PER] -1.386  P_det_soft 0.9415  (255s)
  step 2525  JSR   -3.5  loss 10.9009  logE[PER] -1.269  P_det_soft 0.9632  (257s)
  step 2550  JSR   -3.4  loss 10.5103  logE[PER] -1.222  P_det_soft 0.9289  (260s)
  step 2575  JSR   -3.4  loss 10.6156  logE[PER] -1.148  P_det_soft 0.9467  (262s)
  step 2600  JSR   -3.4  loss 10.6320  logE[PER] -1.163  P_det_soft 0.9469  (265s)
  step 2625  JSR   -3.4  loss 10.7117  logE[PER] -1.163  P_det_soft 0.9549  (267s)
  step 2650  JSR   -3.4  loss 10.5474  logE[PER] -1.176  P_det_soft 0.9371  (270s)
  step 2675  JSR   -3.3  loss 10.8087  logE[PER] -1.400  P_det_soft 0.9409  (273s)
  step 2700  JSR   -3.3  loss 10.7730  logE[PER] -1.177  P_det_soft 0.9596  (275s)
  step 2725  JSR   -3.3  loss 11.4268  logE[PER] -1.855  P_det_soft 0.9571  (278s)
  step 2750  JSR   -3.3  loss 10.5522  logE[PER] -1.063  P_det_soft 0.9489  (280s)
  step 2775  JSR   -3.2  loss 10.6184  logE[PER] -1.276  P_det_soft 0.9343  (283s)
  step 2800  JSR   -3.2  loss 10.7369  logE[PER] -1.055  P_det_soft 0.9682  (285s)
  step 2825  JSR   -3.2  loss 11.1963  logE[PER] -1.672  P_det_soft 0.9525  (288s)
  step 2850  JSR   -3.2  loss 10.7087  logE[PER] -1.022  P_det_soft 0.9687  (290s)
  step 2875  JSR   -3.2  loss 11.2244  logE[PER] -1.520  P_det_soft 0.9705  (293s)
  step 2900  JSR   -3.1  loss 11.1542  logE[PER] -1.617  P_det_soft 0.9537  (295s)
  step 2925  JSR   -3.1  loss 10.4425  logE[PER] -0.916  P_det_soft 0.9527  (298s)
  step 2950  JSR   -3.1  loss 10.6853  logE[PER] -1.068  P_det_soft 0.9617  (301s)
  step 2975  JSR   -3.1  loss 11.5298  logE[PER] -1.856  P_det_soft 0.9673  (303s)
  step 3000  JSR   -3.0  loss 11.0057  logE[PER] -1.269  P_det_soft 0.9737  (306s)
  step 3025  JSR   -3.0  loss 11.1497  logE[PER] -1.513  P_det_soft 0.9637  (308s)
  step 3050  JSR   -3.0  loss 10.7189  logE[PER] -1.068  P_det_soft 0.9651  (311s)
  step 3075  JSR   -3.0  loss 10.5796  logE[PER] -0.880  P_det_soft 0.9700  (313s)
  step 3100  JSR   -3.0  loss 11.2305  logE[PER] -1.508  P_det_soft 0.9722  (316s)
  step 3125  JSR   -2.9  loss 10.4438  logE[PER] -0.693  P_det_soft 0.9751  (318s)
  step 3150  JSR   -2.9  loss 10.4095  logE[PER] -0.705  P_det_soft 0.9704  (321s)
  step 3175  JSR   -2.9  loss 11.8189  logE[PER] -2.079  P_det_soft 0.9740  (323s)
  step 3200  JSR   -2.8  loss 10.7544  logE[PER] -1.163  P_det_soft 0.9591  (326s)
  step 3225  JSR   -2.8  loss 10.1737  logE[PER] -0.724  P_det_soft 0.9450  (329s)
  step 3250  JSR   -2.8  loss 10.6396  logE[PER] -1.139  P_det_soft 0.9500  (331s)
  step 3275  JSR   -2.8  loss 10.8755  logE[PER] -1.268  P_det_soft 0.9608  (334s)
  step 3300  JSR   -2.8  loss 10.3952  logE[PER] -0.980  P_det_soft 0.9415  (336s)
  step 3325  JSR   -2.7  loss 10.6369  logE[PER] -1.049  P_det_soft 0.9588  (339s)
  step 3350  JSR   -2.7  loss 10.4304  logE[PER] -0.754  P_det_soft 0.9676  (341s)
  step 3375  JSR   -2.7  loss 10.7721  logE[PER] -1.251  P_det_soft 0.9521  (344s)
  step 3400  JSR   -2.7  loss 10.4180  logE[PER] -0.836  P_det_soft 0.9582  (346s)
  step 3425  JSR   -2.7  loss 10.4651  logE[PER] -0.981  P_det_soft 0.9484  (349s)
  step 3450  JSR   -2.6  loss 10.4516  logE[PER] -0.850  P_det_soft 0.9601  (351s)
  step 3475  JSR   -2.6  loss 10.7543  logE[PER] -1.137  P_det_soft 0.9617  (354s)
  step 3500  JSR   -2.6  loss 10.8030  logE[PER] -1.452  P_det_soft 0.9351  (357s)
  step 3525  JSR   -2.6  loss 10.7159  logE[PER] -1.253  P_det_soft 0.9463  (359s)
  step 3550  JSR   -2.6  loss 10.2933  logE[PER] -0.693  P_det_soft 0.9600  (362s)
  step 3575  JSR   -2.5  loss 10.5303  logE[PER] -0.909  P_det_soft 0.9621  (364s)
  step 3600  JSR   -2.5  loss 10.5413  logE[PER] -1.067  P_det_soft 0.9474  (367s)
  step 3625  JSR   -2.5  loss 10.4129  logE[PER] -0.769  P_det_soft 0.9644  (369s)
  step 3650  JSR   -2.5  loss 10.5331  logE[PER] -0.901  P_det_soft 0.9632  (372s)
  step 3675  JSR   -2.4  loss 10.9154  logE[PER] -1.068  P_det_soft 0.9848  (374s)
  step 3700  JSR   -2.4  loss 10.3888  logE[PER] -0.633  P_det_soft 0.9756  (377s)
  step 3725  JSR   -2.4  loss 10.6445  logE[PER] -0.981  P_det_soft 0.9664  (379s)
  step 3750  JSR   -2.4  loss 11.5092  logE[PER] -1.756  P_det_soft 0.9753  (382s)
  step 3775  JSR   -2.3  loss 10.9153  logE[PER] -1.196  P_det_soft 0.9719  (385s)
  step 3800  JSR   -2.3  loss 10.7390  logE[PER] -0.981  P_det_soft 0.9758  (387s)
  step 3825  JSR   -2.3  loss 10.8668  logE[PER] -1.054  P_det_soft 0.9812  (390s)
  step 3850  JSR   -2.2  loss 10.6211  logE[PER] -0.937  P_det_soft 0.9684  (392s)
  step 3875  JSR   -2.2  loss 10.8458  logE[PER] -1.163  P_det_soft 0.9683  (395s)
  step 3900  JSR   -2.2  loss 10.9505  logE[PER] -1.265  P_det_soft 0.9685  (397s)
  step 3925  JSR   -2.2  loss 10.8468  logE[PER] -1.162  P_det_soft 0.9684  (400s)
  step 3950  JSR   -2.2  loss 10.5855  logE[PER] -0.901  P_det_soft 0.9685  (402s)
  step 3975  JSR   -2.2  loss 10.9298  logE[PER] -1.163  P_det_soft 0.9767  (405s)
  step 3999  JSR   -2.1  loss 10.7841  logE[PER] -1.082  P_det_soft 0.9702  (407s)
wrote task14_G.pt, task14.json  (tag spec_cnn_b10)
