node: tikgpu04.ee.ethz.ch | gpu: NVIDIA TITAN RTX
task 1 = {'target': 'power_one_sided', 'beta': 1.0}  (tag power_one_sided_b1)
  step    0  JSR  -10.3  loss 276.0861  logE[BER] -275.086  P_det_soft 1.0000  (1s)
  step   25  JSR   -5.1  loss 5.1237  logE[BER] -4.124  P_det_soft 1.0000  (2s)
  step   50  JSR  -29.5  loss 1939.1275  logE[BER] -1938.677  P_det_soft 0.4505  (2s)
  step   75  JSR   -7.0  loss 5.7509  logE[BER] -4.751  P_det_soft 1.0000  (3s)
  step  100  JSR  -11.3  loss 6.6133  logE[BER] -5.613  P_det_soft 1.0000  (3s)
  step  125  JSR  -31.3  loss 1900.9369  logE[BER] -1900.552  P_det_soft 0.3845  (4s)
  step  150  JSR  -19.4  loss 8.5960  logE[BER] -7.705  P_det_soft 0.8909  (4s)
  step  175  JSR   -8.5  loss 6.5080  logE[BER] -5.508  P_det_soft 1.0000  (5s)
  step  200  JSR  -24.0  loss 193.3951  logE[BER] -192.686  P_det_soft 0.7089  (5s)
  step  225  JSR   -6.0  loss 5.7632  logE[BER] -4.763  P_det_soft 1.0000  (6s)
  step  250  JSR  -31.1  loss 1848.7418  logE[BER] -1848.302  P_det_soft 0.4403  (6s)
  step  275  JSR  -24.0  loss 184.3279  logE[BER] -183.604  P_det_soft 0.7239  (7s)
  step  300  JSR  -17.1  loss 7.5239  logE[BER] -6.574  P_det_soft 0.9498  (8s)
  step  325  JSR  -20.3  loss 9.7737  logE[BER] -8.900  P_det_soft 0.8738  (8s)
  step  350  JSR  -29.7  loss 1679.8510  logE[BER] -1679.458  P_det_soft 0.3934  (9s)
  step  375  JSR  -13.2  loss 6.9618  logE[BER] -5.964  P_det_soft 0.9981  (9s)
  step  399  JSR  -31.5  loss 1681.6077  logE[BER] -1681.215  P_det_soft 0.3930  (10s)
wrote task1_G.pt, task1.json  (tag power_one_sided_b1)
