node: tikgpu07.ee.ethz.ch | gpu: NVIDIA GeForce RTX 3090
task 2 = {'target': 'power_one_sided', 'beta': 10.0}  (tag power_one_sided_b10, 128 frames/step, JSR band (-32.0, 0.0))
  target power_one_sided: threshold 0.100354, clean-frame std 0.000141768 (soft_pdet width)
  step    0  JSR   -6.6  loss 525.4558  logE[BER] -515.456  P_det_soft 1.0000  (1s)
  step   25  JSR  -29.7  loss 2869.9176  logE[BER] -2866.141  P_det_soft 0.3777  (1s)
  step   50  JSR  -13.9  loss 19.4400  logE[BER] -9.440  P_det_soft 1.0000  (2s)
  step   75  JSR   -5.8  loss 15.8057  logE[BER] -5.806  P_det_soft 1.0000  (2s)
  step  100  JSR  -11.9  loss 17.1273  logE[BER] -7.127  P_det_soft 1.0000  (2s)
  step  125  JSR  -21.2  loss 1369.4171  logE[BER] -1360.388  P_det_soft 0.9029  (3s)
  step  150  JSR   -0.3  loss 14.3821  logE[BER] -4.382  P_det_soft 1.0000  (3s)
  step  175  JSR   -5.9  loss 15.8756  logE[BER] -5.876  P_det_soft 1.0000  (3s)
  step  200  JSR  -10.0  loss 16.4472  logE[BER] -6.447  P_det_soft 1.0000  (4s)
  step  225  JSR   -1.8  loss 14.7230  logE[BER] -4.723  P_det_soft 1.0000  (4s)
  step  250  JSR  -24.1  loss 1740.6342  logE[BER] -1733.733  P_det_soft 0.6901  (5s)
  step  275  JSR  -23.0  loss 1752.7613  logE[BER] -1744.958  P_det_soft 0.7803  (5s)
  step  300  JSR  -11.5  loss 17.7055  logE[BER] -7.705  P_det_soft 1.0000  (5s)
  step  325  JSR   -2.5  loss 15.0087  logE[BER] -5.009  P_det_soft 1.0000  (6s)
  step  350  JSR  -30.0  loss 2545.4319  logE[BER] -2541.784  P_det_soft 0.3648  (6s)
  step  375  JSR  -17.3  loss 155.6944  logE[BER] -145.823  P_det_soft 0.9872  (6s)
  step  400  JSR  -28.6  loss 2527.3751  logE[BER] -2522.654  P_det_soft 0.4721  (7s)
  step  425  JSR  -14.8  loss 21.3882  logE[BER] -11.388  P_det_soft 1.0000  (7s)
  step  450  JSR  -18.8  loss 414.9805  logE[BER] -405.171  P_det_soft 0.9809  (8s)
  step  475  JSR  -19.7  loss 855.4328  logE[BER] -845.840  P_det_soft 0.9593  (8s)
  step  500  JSR  -10.7  loss 16.8000  logE[BER] -6.800  P_det_soft 1.0000  (8s)
  step  525  JSR  -10.3  loss 16.7442  logE[BER] -6.744  P_det_soft 1.0000  (9s)
  step  550  JSR   -3.3  loss 15.1554  logE[BER] -5.155  P_det_soft 1.0000  (9s)
  step  575  JSR  -31.0  loss 2596.1172  logE[BER] -2592.594  P_det_soft 0.3523  (10s)
  step  600  JSR   -3.4  loss 15.2587  logE[BER] -5.259  P_det_soft 1.0000  (10s)
  step  625  JSR  -18.9  loss 524.0208  logE[BER] -514.310  P_det_soft 0.9711  (10s)
  step  650  JSR  -20.9  loss 722.2936  logE[BER] -713.303  P_det_soft 0.8991  (11s)
  step  675  JSR   -3.4  loss 15.1228  logE[BER] -5.123  P_det_soft 1.0000  (11s)
  step  700  JSR  -20.7  loss 724.3988  logE[BER] -715.471  P_det_soft 0.8928  (11s)
  step  725  JSR  -11.5  loss 17.3164  logE[BER] -7.316  P_det_soft 1.0000  (12s)
  step  750  JSR  -13.6  loss 18.7878  logE[BER] -8.788  P_det_soft 1.0000  (12s)
  step  775  JSR  -18.9  loss 426.6392  logE[BER] -416.855  P_det_soft 0.9784  (13s)
  step  800  JSR  -26.4  loss 1881.9712  logE[BER] -1876.373  P_det_soft 0.5598  (13s)
  step  825  JSR  -15.1  loss 18.9015  logE[BER] -8.902  P_det_soft 1.0000  (13s)
  step  850  JSR  -16.6  loss 20.5818  logE[BER] -10.584  P_det_soft 0.9998  (14s)
  step  875  JSR  -29.7  loss 2439.6736  logE[BER] -2436.141  P_det_soft 0.3532  (14s)
  step  900  JSR   -1.5  loss 14.7749  logE[BER] -4.775  P_det_soft 1.0000  (15s)
  step  925  JSR  -28.8  loss 2046.1170  logE[BER] -2041.812  P_det_soft 0.4305  (15s)
  step  950  JSR  -25.1  loss 1538.8072  logE[BER] -1532.525  P_det_soft 0.6282  (15s)
  step  975  JSR   -2.0  loss 15.0542  logE[BER] -5.054  P_det_soft 1.0000  (16s)
  step 1000  JSR  -18.3  loss 64.7539  logE[BER] -54.943  P_det_soft 0.9811  (16s)
  step 1025  JSR  -26.6  loss 1854.3880  logE[BER] -1849.323  P_det_soft 0.5065  (16s)
  step 1050  JSR   -9.0  loss 15.9465  logE[BER] -5.947  P_det_soft 1.0000  (17s)
  step 1075  JSR  -14.2  loss 18.1195  logE[BER] -8.119  P_det_soft 1.0000  (17s)
  step 1100  JSR   -4.1  loss 15.2457  logE[BER] -5.246  P_det_soft 1.0000  (18s)
  step 1125  JSR  -17.6  loss 40.5208  logE[BER] -30.649  P_det_soft 0.9872  (18s)
  step 1150  JSR  -29.5  loss 2287.9716  logE[BER] -2284.251  P_det_soft 0.3720  (18s)
  step 1175  JSR  -12.0  loss 17.5298  logE[BER] -7.530  P_det_soft 1.0000  (19s)
  step 1200  JSR   -2.9  loss 15.2705  logE[BER] -5.271  P_det_soft 1.0000  (19s)
  step 1225  JSR  -31.1  loss 2732.7111  logE[BER] -2729.373  P_det_soft 0.3338  (20s)
  step 1250  JSR   -2.3  loss 15.0782  logE[BER] -5.078  P_det_soft 1.0000  (20s)
  step 1275  JSR   -5.2  loss 15.4232  logE[BER] -5.423  P_det_soft 1.0000  (20s)
  step 1300  JSR   -6.2  loss 15.6440  logE[BER] -5.644  P_det_soft 1.0000  (21s)
  step 1325  JSR  -11.9  loss 17.0147  logE[BER] -7.015  P_det_soft 1.0000  (21s)
  step 1350  JSR  -31.8  loss 2179.6612  logE[BER] -2176.744  P_det_soft 0.2917  (22s)
  step 1375  JSR  -12.7  loss 17.4367  logE[BER] -7.437  P_det_soft 1.0000  (22s)
  step 1400  JSR  -13.5  loss 18.2603  logE[BER] -8.260  P_det_soft 1.0000  (22s)
  step 1425  JSR  -31.3  loss 2484.1625  logE[BER] -2480.620  P_det_soft 0.3543  (23s)
  step 1450  JSR  -22.2  loss 635.3530  logE[BER] -627.200  P_det_soft 0.8153  (23s)
  step 1475  JSR   -6.8  loss 15.6853  logE[BER] -5.685  P_det_soft 1.0000  (23s)
  step 1500  JSR  -20.5  loss 909.7477  logE[BER] -900.538  P_det_soft 0.9210  (24s)
  step 1525  JSR  -17.0  loss 20.6554  logE[BER] -10.664  P_det_soft 0.9991  (24s)
  step 1550  JSR   -1.7  loss 14.7837  logE[BER] -4.784  P_det_soft 1.0000  (25s)
  step 1575  JSR  -27.4  loss 1684.6389  logE[BER] -1679.523  P_det_soft 0.5116  (25s)
  step 1600  JSR   -3.3  loss 15.1650  logE[BER] -5.165  P_det_soft 1.0000  (25s)
  step 1625  JSR  -30.3  loss 2371.0642  logE[BER] -2367.385  P_det_soft 0.3679  (26s)
  step 1650  JSR  -23.0  loss 927.4668  logE[BER] -919.657  P_det_soft 0.7810  (26s)
  step 1675  JSR  -29.0  loss 2331.0056  logE[BER] -2326.711  P_det_soft 0.4295  (27s)
  step 1700  JSR  -17.2  loss 19.6294  logE[BER] -9.702  P_det_soft 0.9927  (27s)
  step 1725  JSR  -12.8  loss 17.2901  logE[BER] -7.290  P_det_soft 1.0000  (27s)
  step 1750  JSR  -22.7  loss 1218.4912  logE[BER] -1210.953  P_det_soft 0.7538  (28s)
  step 1775  JSR  -22.9  loss 652.4797  logE[BER] -644.919  P_det_soft 0.7560  (28s)
  step 1800  JSR  -12.9  loss 16.9303  logE[BER] -6.930  P_det_soft 1.0000  (29s)
  step 1825  JSR   -8.7  loss 15.7666  logE[BER] -5.767  P_det_soft 1.0000  (29s)
  step 1850  JSR   -1.0  loss 14.6268  logE[BER] -4.627  P_det_soft 1.0000  (29s)
  step 1875  JSR  -29.3  loss 2038.0623  logE[BER] -2033.957  P_det_soft 0.4105  (30s)
  step 1900  JSR   -6.0  loss 15.4340  logE[BER] -5.434  P_det_soft 1.0000  (30s)
  step 1925  JSR  -19.3  loss 192.8533  logE[BER] -183.187  P_det_soft 0.9667  (31s)
  step 1950  JSR  -19.9  loss 169.3043  logE[BER] -159.664  P_det_soft 0.9640  (31s)
  step 1975  JSR   -0.5  loss 14.6647  logE[BER] -4.665  P_det_soft 1.0000  (31s)
  step 2000  JSR  -17.7  loss 37.1525  logE[BER] -27.185  P_det_soft 0.9967  (32s)
  step 2025  JSR  -10.0  loss 16.2240  logE[BER] -6.224  P_det_soft 1.0000  (32s)
  step 2050  JSR  -16.2  loss 18.2649  logE[BER] -8.324  P_det_soft 0.9941  (33s)
  step 2075  JSR   -9.1  loss 16.0201  logE[BER] -6.020  P_det_soft 1.0000  (33s)
  step 2100  JSR  -29.5  loss 2165.7983  logE[BER] -2161.634  P_det_soft 0.4164  (33s)
  step 2125  JSR   -6.7  loss 15.5318  logE[BER] -5.532  P_det_soft 1.0000  (34s)
  step 2150  JSR  -30.9  loss 1998.7040  logE[BER] -1995.176  P_det_soft 0.3528  (34s)
  step 2175  JSR  -12.8  loss 16.9367  logE[BER] -6.937  P_det_soft 1.0000  (35s)
  step 2200  JSR  -31.6  loss 2712.5628  logE[BER] -2709.593  P_det_soft 0.2970  (35s)
  step 2225  JSR   -1.7  loss 14.8081  logE[BER] -4.808  P_det_soft 1.0000  (35s)
  step 2250  JSR  -21.8  loss 630.3205  logE[BER] -621.847  P_det_soft 0.8473  (36s)
  step 2275  JSR  -10.1  loss 16.2771  logE[BER] -6.277  P_det_soft 1.0000  (36s)
  step 2300  JSR   -8.6  loss 16.2085  logE[BER] -6.208  P_det_soft 1.0000  (37s)
  step 2325  JSR  -14.2  loss 17.4324  logE[BER] -7.432  P_det_soft 1.0000  (37s)
  step 2350  JSR  -16.6  loss 18.8580  logE[BER] -8.866  P_det_soft 0.9992  (37s)
  step 2375  JSR  -18.3  loss 66.9790  logE[BER] -57.015  P_det_soft 0.9964  (38s)
  step 2400  JSR  -18.8  loss 46.8249  logE[BER] -37.183  P_det_soft 0.9642  (38s)
  step 2425  JSR  -21.2  loss 267.5936  logE[BER] -258.845  P_det_soft 0.8749  (39s)
  step 2450  JSR  -11.7  loss 16.1854  logE[BER] -6.185  P_det_soft 1.0000  (39s)
  step 2475  JSR  -25.1  loss 1214.6287  logE[BER] -1208.680  P_det_soft 0.5948  (39s)
  step 2500  JSR   -6.3  loss 15.5054  logE[BER] -5.505  P_det_soft 1.0000  (40s)
  step 2525  JSR  -18.9  loss 19.3040  logE[BER] -9.706  P_det_soft 0.9598  (40s)
  step 2550  JSR  -31.9  loss 2246.4223  logE[BER] -2243.017  P_det_soft 0.3405  (41s)
  step 2575  JSR   -0.7  loss 14.7528  logE[BER] -4.753  P_det_soft 1.0000  (41s)
  step 2600  JSR  -20.0  loss 115.1176  logE[BER] -105.699  P_det_soft 0.9418  (41s)
  step 2625  JSR   -1.9  loss 14.8843  logE[BER] -4.884  P_det_soft 1.0000  (42s)
  step 2650  JSR  -23.6  loss 496.8012  logE[BER] -490.015  P_det_soft 0.6786  (42s)
  step 2675  JSR  -21.6  loss 298.4754  logE[BER] -290.095  P_det_soft 0.8381  (43s)
  step 2700  JSR   -1.2  loss 14.6043  logE[BER] -4.604  P_det_soft 1.0000  (43s)
  step 2725  JSR  -12.1  loss 16.3886  logE[BER] -6.389  P_det_soft 1.0000  (43s)
  step 2750  JSR  -17.6  loss 20.3218  logE[BER] -10.391  P_det_soft 0.9931  (44s)
  step 2775  JSR  -31.3  loss 2379.4716  logE[BER] -2375.821  P_det_soft 0.3650  (44s)
  step 2800  JSR  -23.1  loss 224.8921  logE[BER] -217.629  P_det_soft 0.7263  (45s)
  step 2825  JSR  -22.1  loss 41.2992  logE[BER] -33.369  P_det_soft 0.7930  (45s)
  step 2850  JSR  -25.3  loss 1083.1554  logE[BER] -1077.117  P_det_soft 0.6038  (45s)
  step 2875  JSR  -15.8  loss 17.4901  logE[BER] -7.507  P_det_soft 0.9984  (46s)
  step 2900  JSR   -9.9  loss 16.0969  logE[BER] -6.097  P_det_soft 1.0000  (46s)
  step 2925  JSR  -25.7  loss 1104.2873  logE[BER] -1098.341  P_det_soft 0.5946  (47s)
  step 2950  JSR  -23.4  loss 653.3197  logE[BER] -645.406  P_det_soft 0.7913  (47s)
  step 2975  JSR  -29.3  loss 1738.6166  logE[BER] -1734.754  P_det_soft 0.3863  (47s)
  step 3000  JSR   -8.8  loss 15.6117  logE[BER] -5.612  P_det_soft 1.0000  (48s)
  step 3025  JSR  -18.2  loss 17.7365  logE[BER] -8.245  P_det_soft 0.9492  (48s)
  step 3050  JSR   -0.0  loss 14.5893  logE[BER] -4.589  P_det_soft 1.0000  (49s)
  step 3075  JSR  -26.3  loss 1256.0368  logE[BER] -1250.440  P_det_soft 0.5597  (49s)
  step 3100  JSR  -18.1  loss 18.0345  logE[BER] -8.426  P_det_soft 0.9609  (49s)
  step 3125  JSR  -27.7  loss 1612.4079  logE[BER] -1607.575  P_det_soft 0.4833  (50s)
  step 3150  JSR  -31.8  loss 2323.4776  logE[BER] -2319.921  P_det_soft 0.3557  (50s)
  step 3175  JSR  -20.0  loss 19.0664  logE[BER] -9.785  P_det_soft 0.9281  (51s)
  step 3200  JSR  -30.0  loss 1782.9945  logE[BER] -1779.384  P_det_soft 0.3610  (51s)
  step 3225  JSR  -14.7  loss 16.5997  logE[BER] -6.600  P_det_soft 1.0000  (51s)
  step 3250  JSR  -19.6  loss 19.4335  logE[BER] -10.397  P_det_soft 0.9036  (52s)
  step 3275  JSR  -10.3  loss 15.8527  logE[BER] -5.853  P_det_soft 1.0000  (52s)
  step 3300  JSR  -16.7  loss 17.5101  logE[BER] -7.612  P_det_soft 0.9898  (53s)
  step 3325  JSR  -17.3  loss 17.6058  logE[BER] -7.927  P_det_soft 0.9679  (53s)
  step 3350  JSR   -3.8  loss 15.0913  logE[BER] -5.091  P_det_soft 1.0000  (53s)
  step 3375  JSR   -5.6  loss 15.2046  logE[BER] -5.205  P_det_soft 1.0000  (54s)
  step 3400  JSR  -20.8  loss 17.7723  logE[BER] -9.299  P_det_soft 0.8474  (54s)
  step 3425  JSR  -21.1  loss 72.1645  logE[BER] -63.729  P_det_soft 0.8436  (55s)
  step 3450  JSR   -7.1  loss 15.3648  logE[BER] -5.365  P_det_soft 1.0000  (55s)
  step 3475  JSR   -6.2  loss 15.2779  logE[BER] -5.278  P_det_soft 1.0000  (55s)
  step 3500  JSR   -9.9  loss 15.7643  logE[BER] -5.764  P_det_soft 1.0000  (56s)
  step 3525  JSR  -18.7  loss 17.4412  logE[BER] -7.958  P_det_soft 0.9483  (56s)
  step 3550  JSR  -23.8  loss 127.4936  logE[BER] -121.036  P_det_soft 0.6458  (57s)
  step 3575  JSR  -31.0  loss 1679.1819  logE[BER] -1675.837  P_det_soft 0.3345  (57s)
  step 3600  JSR  -13.9  loss 16.4060  logE[BER] -6.406  P_det_soft 1.0000  (58s)
  step 3625  JSR   -5.7  loss 15.2230  logE[BER] -5.223  P_det_soft 1.0000  (58s)
  step 3650  JSR  -15.8  loss 16.7547  logE[BER] -6.861  P_det_soft 0.9894  (58s)
  step 3675  JSR  -31.8  loss 1888.6645  logE[BER] -1885.646  P_det_soft 0.3019  (59s)
  step 3700  JSR  -16.2  loss 16.8338  logE[BER] -6.998  P_det_soft 0.9836  (59s)
  step 3725  JSR   -4.3  loss 15.1672  logE[BER] -5.167  P_det_soft 1.0000  (60s)
  step 3750  JSR   -6.9  loss 15.4074  logE[BER] -5.407  P_det_soft 1.0000  (60s)
  step 3775  JSR  -30.5  loss 1456.4780  logE[BER] -1452.819  P_det_soft 0.3659  (60s)
  step 3800  JSR   -4.0  loss 14.9787  logE[BER] -4.979  P_det_soft 1.0000  (61s)
  step 3825  JSR  -14.9  loss 16.3256  logE[BER] -6.380  P_det_soft 0.9946  (61s)
  step 3850  JSR   -7.5  loss 15.3468  logE[BER] -5.347  P_det_soft 1.0000  (62s)
  step 3875  JSR  -16.5  loss 16.5706  logE[BER] -6.792  P_det_soft 0.9779  (62s)
  step 3900  JSR  -13.7  loss 16.1020  logE[BER] -6.109  P_det_soft 0.9993  (62s)
  step 3925  JSR   -9.2  loss 15.4398  logE[BER] -5.440  P_det_soft 1.0000  (63s)
  step 3950  JSR  -11.1  loss 15.9659  logE[BER] -5.966  P_det_soft 1.0000  (63s)
  step 3975  JSR  -18.3  loss 17.5421  logE[BER] -8.085  P_det_soft 0.9457  (64s)
  step 3999  JSR  -22.9  loss 101.7417  logE[BER] -94.377  P_det_soft 0.7365  (64s)
wrote task2_G.pt, task2.json  (tag power_one_sided_b10)
