node: tikgpu07.ee.ethz.ch | gpu: NVIDIA GeForce RTX 3090
task 0 = {'target': None, 'beta': 0.0}  (tag eff, 128 frames/step, JSR band (-32.0, 0.0))
  step    0  JSR  -20.6  loss 111.0120  logE[BER] -111.012  P_det_soft 0.0000  (1s)
  step   25  JSR  -30.4  loss 107.7666  logE[BER] -107.767  P_det_soft 0.0000  (1s)
  step   50  JSR   -4.2  loss 5.2430  logE[BER] -5.243  P_det_soft 0.0000  (1s)
  step   75  JSR  -15.4  loss 11.0666  logE[BER] -11.067  P_det_soft 0.0000  (2s)
  step  100  JSR   -5.6  loss 5.4114  logE[BER] -5.411  P_det_soft 0.0000  (2s)
  step  125  JSR  -24.5  loss 67.5178  logE[BER] -67.518  P_det_soft 0.0000  (2s)
  step  150  JSR   -1.5  loss 4.3999  logE[BER] -4.400  P_det_soft 0.0000  (3s)
  step  175  JSR  -19.0  loss 38.0994  logE[BER] -38.099  P_det_soft 0.0000  (3s)
  step  200  JSR  -14.9  loss 9.9685  logE[BER] -9.969  P_det_soft 0.0000  (4s)
  step  225  JSR  -30.6  loss 93.9172  logE[BER] -93.917  P_det_soft 0.0000  (4s)
  step  250  JSR   -2.5  loss 4.8449  logE[BER] -4.845  P_det_soft 0.0000  (5s)
  step  275  JSR   -9.9  loss 6.7017  logE[BER] -6.702  P_det_soft 0.0000  (5s)
  step  300  JSR  -21.7  loss 30.6756  logE[BER] -30.676  P_det_soft 0.0000  (5s)
  step  325  JSR  -22.6  loss 53.8987  logE[BER] -53.899  P_det_soft 0.0000  (6s)
  step  350  JSR  -18.3  loss 18.3269  logE[BER] -18.327  P_det_soft 0.0000  (6s)
  step  375  JSR  -19.2  loss 18.8698  logE[BER] -18.870  P_det_soft 0.0000  (7s)
  step  400  JSR  -29.0  loss 86.7603  logE[BER] -86.760  P_det_soft 0.0000  (7s)
  step  425  JSR  -20.5  loss 44.9351  logE[BER] -44.935  P_det_soft 0.0000  (8s)
  step  450  JSR   -8.9  loss 6.0370  logE[BER] -6.037  P_det_soft 0.0000  (8s)
  step  475  JSR  -27.8  loss 84.5940  logE[BER] -84.594  P_det_soft 0.0000  (8s)
  step  500  JSR  -19.0  loss 17.4608  logE[BER] -17.461  P_det_soft 0.0000  (9s)
  step  525  JSR  -21.3  loss 45.0786  logE[BER] -45.079  P_det_soft 0.0000  (9s)
  step  550  JSR   -1.6  loss 4.4969  logE[BER] -4.497  P_det_soft 0.0000  (10s)
  step  575  JSR  -22.9  loss 57.8314  logE[BER] -57.831  P_det_soft 0.0000  (10s)
  step  600  JSR  -22.2  loss 30.7086  logE[BER] -30.709  P_det_soft 0.0000  (10s)
  step  625  JSR  -28.3  loss 83.6228  logE[BER] -83.623  P_det_soft 0.0000  (11s)
  step  650  JSR  -13.0  loss 6.5265  logE[BER] -6.527  P_det_soft 0.0000  (11s)
  step  675  JSR  -10.0  loss 6.1763  logE[BER] -6.176  P_det_soft 0.0000  (12s)
  step  700  JSR  -14.0  loss 7.9920  logE[BER] -7.992  P_det_soft 0.0000  (12s)
  step  725  JSR   -6.7  loss 5.1402  logE[BER] -5.140  P_det_soft 0.0000  (13s)
  step  750  JSR   -9.1  loss 5.8212  logE[BER] -5.821  P_det_soft 0.0000  (13s)
  step  775  JSR  -12.7  loss 7.1696  logE[BER] -7.170  P_det_soft 0.0000  (13s)
  step  800  JSR  -26.9  loss 66.9936  logE[BER] -66.994  P_det_soft 0.0000  (14s)
  step  825  JSR  -30.8  loss 95.1145  logE[BER] -95.114  P_det_soft 0.0000  (14s)
  step  850  JSR  -28.3  loss 83.2291  logE[BER] -83.229  P_det_soft 0.0000  (15s)
  step  875  JSR  -25.1  loss 60.2850  logE[BER] -60.285  P_det_soft 0.0000  (15s)
  step  900  JSR  -30.5  loss 91.9995  logE[BER] -91.999  P_det_soft 0.0000  (16s)
  step  925  JSR   -2.8  loss 4.5751  logE[BER] -4.575  P_det_soft 0.0000  (16s)
  step  950  JSR   -8.2  loss 5.5936  logE[BER] -5.594  P_det_soft 0.0000  (16s)
  step  975  JSR  -11.8  loss 6.3612  logE[BER] -6.361  P_det_soft 0.0000  (17s)
  step 1000  JSR   -0.2  loss 3.8461  logE[BER] -3.846  P_det_soft 0.0000  (17s)
  step 1025  JSR  -24.4  loss 46.0177  logE[BER] -46.018  P_det_soft 0.0000  (18s)
  step 1050  JSR  -14.6  loss 7.6522  logE[BER] -7.652  P_det_soft 0.0000  (18s)
  step 1075  JSR  -29.0  loss 74.7473  logE[BER] -74.747  P_det_soft 0.0000  (19s)
  step 1100  JSR  -16.3  loss 7.6362  logE[BER] -7.636  P_det_soft 0.0000  (19s)
  step 1125  JSR   -0.8  loss 4.2318  logE[BER] -4.232  P_det_soft 0.0000  (19s)
  step 1150  JSR   -3.6  loss 4.3961  logE[BER] -4.396  P_det_soft 0.0000  (20s)
  step 1175  JSR  -23.7  loss 50.3870  logE[BER] -50.387  P_det_soft 0.0000  (20s)
  step 1200  JSR  -24.5  loss 45.6006  logE[BER] -45.601  P_det_soft 0.0000  (21s)
  step 1225  JSR   -5.2  loss 4.8184  logE[BER] -4.818  P_det_soft 0.0000  (21s)
  step 1250  JSR   -4.6  loss 4.5758  logE[BER] -4.576  P_det_soft 0.0000  (21s)
  step 1275  JSR   -5.8  loss 4.9708  logE[BER] -4.971  P_det_soft 0.0000  (22s)
  step 1300  JSR   -0.8  loss 3.9685  logE[BER] -3.969  P_det_soft 0.0000  (22s)
  step 1325  JSR   -2.6  loss 4.3667  logE[BER] -4.367  P_det_soft 0.0000  (23s)
  step 1350  JSR   -8.1  loss 5.5503  logE[BER] -5.550  P_det_soft 0.0000  (23s)
  step 1375  JSR   -0.8  loss 3.7942  logE[BER] -3.794  P_det_soft 0.0000  (24s)
  step 1400  JSR  -13.3  loss 6.7190  logE[BER] -6.719  P_det_soft 0.0000  (24s)
  step 1425  JSR   -1.9  loss 4.3173  logE[BER] -4.317  P_det_soft 0.0000  (24s)
  step 1450  JSR  -23.2  loss 36.4734  logE[BER] -36.473  P_det_soft 0.0000  (25s)
  step 1475  JSR  -16.2  loss 7.7224  logE[BER] -7.722  P_det_soft 0.0000  (25s)
  step 1500  JSR   -8.5  loss 5.5968  logE[BER] -5.597  P_det_soft 0.0000  (26s)
  step 1525  JSR  -18.5  loss 9.5161  logE[BER] -9.516  P_det_soft 0.0000  (26s)
  step 1550  JSR  -30.1  loss 73.1533  logE[BER] -73.153  P_det_soft 0.0000  (27s)
  step 1575  JSR  -11.2  loss 6.3047  logE[BER] -6.305  P_det_soft 0.0000  (27s)
  step 1600  JSR   -8.5  loss 5.6436  logE[BER] -5.644  P_det_soft 0.0000  (27s)
  step 1625  JSR  -22.0  loss 32.9019  logE[BER] -32.902  P_det_soft 0.0000  (28s)
  step 1650  JSR  -30.1  loss 70.6079  logE[BER] -70.608  P_det_soft 0.0000  (28s)
  step 1675  JSR  -10.0  loss 5.6951  logE[BER] -5.695  P_det_soft 0.0000  (29s)
  step 1700  JSR  -31.9  loss 81.5667  logE[BER] -81.567  P_det_soft 0.0000  (29s)
  step 1725  JSR   -8.0  loss 4.7065  logE[BER] -4.707  P_det_soft 0.0000  (29s)
  step 1750  JSR  -14.4  loss 6.3675  logE[BER] -6.367  P_det_soft 0.0000  (30s)
  step 1775  JSR   -2.8  loss 4.0036  logE[BER] -4.004  P_det_soft 0.0000  (30s)
  step 1800  JSR   -4.9  loss 4.4224  logE[BER] -4.422  P_det_soft 0.0000  (31s)
  step 1825  JSR  -24.9  loss 32.7035  logE[BER] -32.704  P_det_soft 0.0000  (31s)
  step 1850  JSR  -15.1  loss 6.9874  logE[BER] -6.987  P_det_soft 0.0000  (32s)
  step 1875  JSR   -5.5  loss 4.5569  logE[BER] -4.557  P_det_soft 0.0000  (32s)
  step 1900  JSR  -21.5  loss 10.6963  logE[BER] -10.696  P_det_soft 0.0000  (32s)
  step 1925  JSR  -15.2  loss 6.6945  logE[BER] -6.694  P_det_soft 0.0000  (33s)
  step 1950  JSR  -16.2  loss 7.2808  logE[BER] -7.281  P_det_soft 0.0000  (33s)
  step 1975  JSR  -10.8  loss 5.6365  logE[BER] -5.636  P_det_soft 0.0000  (33s)
  step 2000  JSR   -6.3  loss 4.5990  logE[BER] -4.599  P_det_soft 0.0000  (34s)
  step 2025  JSR   -1.8  loss 3.7308  logE[BER] -3.731  P_det_soft 0.0000  (34s)
  step 2050  JSR  -30.1  loss 55.9035  logE[BER] -55.903  P_det_soft 0.0000  (35s)
  step 2075  JSR  -28.1  loss 61.1042  logE[BER] -61.104  P_det_soft 0.0000  (35s)
  step 2100  JSR   -8.3  loss 5.6213  logE[BER] -5.621  P_det_soft 0.0000  (36s)
  step 2125  JSR  -17.6  loss 8.0946  logE[BER] -8.095  P_det_soft 0.0000  (36s)
  step 2150  JSR   -3.6  loss 4.3006  logE[BER] -4.301  P_det_soft 0.0000  (36s)
  step 2175  JSR  -29.3  loss 64.5805  logE[BER] -64.580  P_det_soft 0.0000  (37s)
  step 2200  JSR  -16.9  loss 7.3317  logE[BER] -7.332  P_det_soft 0.0000  (37s)
  step 2225  JSR   -3.0  loss 4.2602  logE[BER] -4.260  P_det_soft 0.0000  (38s)
  step 2250  JSR   -1.6  loss 3.8268  logE[BER] -3.827  P_det_soft 0.0000  (38s)
  step 2275  JSR  -30.9  loss 70.4671  logE[BER] -70.467  P_det_soft 0.0000  (39s)
  step 2300  JSR  -15.8  loss 6.7091  logE[BER] -6.709  P_det_soft 0.0000  (39s)
  step 2325  JSR  -17.4  loss 6.7494  logE[BER] -6.749  P_det_soft 0.0000  (39s)
  step 2350  JSR   -4.6  loss 4.5224  logE[BER] -4.522  P_det_soft 0.0000  (40s)
  step 2375  JSR   -1.1  loss 3.6718  logE[BER] -3.672  P_det_soft 0.0000  (40s)
  step 2400  JSR  -19.7  loss 8.4594  logE[BER] -8.459  P_det_soft 0.0000  (41s)
  step 2425  JSR   -2.9  loss 3.9908  logE[BER] -3.991  P_det_soft 0.0000  (41s)
  step 2450  JSR  -26.1  loss 36.6223  logE[BER] -36.622  P_det_soft 0.0000  (42s)
  step 2475  JSR   -3.1  loss 4.3522  logE[BER] -4.352  P_det_soft 0.0000  (42s)
  step 2500  JSR  -15.7  loss 6.5784  logE[BER] -6.578  P_det_soft 0.0000  (42s)
  step 2525  JSR  -15.1  loss 6.3161  logE[BER] -6.316  P_det_soft 0.0000  (43s)
  step 2550  JSR  -18.3  loss 7.5110  logE[BER] -7.511  P_det_soft 0.0000  (43s)
  step 2575  JSR  -28.4  loss 48.8026  logE[BER] -48.803  P_det_soft 0.0000  (44s)
  step 2600  JSR   -7.2  loss 5.0716  logE[BER] -5.072  P_det_soft 0.0000  (44s)
  step 2625  JSR  -13.6  loss 6.0007  logE[BER] -6.001  P_det_soft 0.0000  (44s)
  step 2650  JSR   -1.4  loss 3.9492  logE[BER] -3.949  P_det_soft 0.0000  (45s)
  step 2675  JSR  -19.5  loss 8.0973  logE[BER] -8.097  P_det_soft 0.0000  (45s)
  step 2700  JSR   -3.8  loss 4.3488  logE[BER] -4.349  P_det_soft 0.0000  (46s)
  step 2725  JSR   -6.6  loss 4.9571  logE[BER] -4.957  P_det_soft 0.0000  (46s)
  step 2750  JSR  -30.1  loss 59.9273  logE[BER] -59.927  P_det_soft 0.0000  (47s)
  step 2775  JSR  -18.5  loss 7.7092  logE[BER] -7.709  P_det_soft 0.0000  (47s)
  step 2800  JSR   -3.0  loss 4.2574  logE[BER] -4.257  P_det_soft 0.0000  (47s)
  step 2825  JSR  -26.6  loss 40.7915  logE[BER] -40.791  P_det_soft 0.0000  (48s)
  step 2850  JSR  -21.8  loss 12.1098  logE[BER] -12.110  P_det_soft 0.0000  (48s)
  step 2875  JSR   -0.7  loss 3.7903  logE[BER] -3.790  P_det_soft 0.0000  (49s)
  step 2900  JSR   -7.1  loss 4.5953  logE[BER] -4.595  P_det_soft 0.0000  (49s)
  step 2925  JSR  -22.4  loss 11.9145  logE[BER] -11.914  P_det_soft 0.0000  (50s)
  step 2950  JSR   -5.1  loss 4.6618  logE[BER] -4.662  P_det_soft 0.0000  (50s)
  step 2975  JSR  -10.8  loss 5.6753  logE[BER] -5.675  P_det_soft 0.0000  (50s)
  step 3000  JSR  -28.1  loss 37.6159  logE[BER] -37.616  P_det_soft 0.0000  (51s)
  step 3025  JSR  -14.2  loss 6.1253  logE[BER] -6.125  P_det_soft 0.0000  (51s)
  step 3050  JSR   -4.9  loss 4.3475  logE[BER] -4.347  P_det_soft 0.0000  (52s)
  step 3075  JSR  -28.2  loss 39.5983  logE[BER] -39.598  P_det_soft 0.0000  (52s)
  step 3100  JSR   -6.5  loss 4.7858  logE[BER] -4.786  P_det_soft 0.0000  (53s)
  step 3125  JSR  -28.9  loss 44.9057  logE[BER] -44.906  P_det_soft 0.0000  (53s)
  step 3150  JSR   -8.6  loss 5.1553  logE[BER] -5.155  P_det_soft 0.0000  (53s)
  step 3175  JSR  -12.2  loss 5.7609  logE[BER] -5.761  P_det_soft 0.0000  (54s)
  step 3200  JSR  -12.8  loss 5.7299  logE[BER] -5.730  P_det_soft 0.0000  (54s)
  step 3225  JSR   -8.3  loss 5.1143  logE[BER] -5.114  P_det_soft 0.0000  (55s)
  step 3250  JSR   -2.5  loss 4.0227  logE[BER] -4.023  P_det_soft 0.0000  (55s)
  step 3275  JSR  -28.7  loss 45.7572  logE[BER] -45.757  P_det_soft 0.0000  (55s)
  step 3300  JSR  -19.7  loss 7.4639  logE[BER] -7.464  P_det_soft 0.0000  (56s)
  step 3325  JSR  -10.8  loss 5.4609  logE[BER] -5.461  P_det_soft 0.0000  (56s)
  step 3350  JSR  -14.3  loss 5.8243  logE[BER] -5.824  P_det_soft 0.0000  (57s)
  step 3375  JSR  -21.6  loss 9.8478  logE[BER] -9.848  P_det_soft 0.0000  (57s)
  step 3400  JSR  -14.7  loss 5.9747  logE[BER] -5.975  P_det_soft 0.0000  (58s)
  step 3425  JSR   -7.5  loss 4.8629  logE[BER] -4.863  P_det_soft 0.0000  (58s)
  step 3450  JSR  -21.4  loss 8.3058  logE[BER] -8.306  P_det_soft 0.0000  (58s)
  step 3475  JSR  -11.7  loss 5.6411  logE[BER] -5.641  P_det_soft 0.0000  (59s)
  step 3500  JSR   -6.6  loss 4.8939  logE[BER] -4.894  P_det_soft 0.0000  (59s)
  step 3525  JSR   -1.6  loss 4.0218  logE[BER] -4.022  P_det_soft 0.0000  (60s)
  step 3550  JSR  -29.7  loss 55.9340  logE[BER] -55.934  P_det_soft 0.0000  (60s)
  step 3575  JSR  -13.7  loss 5.9623  logE[BER] -5.962  P_det_soft 0.0000  (61s)
  step 3600  JSR  -30.4  loss 55.8192  logE[BER] -55.819  P_det_soft 0.0000  (61s)
  step 3625  JSR  -18.2  loss 6.9018  logE[BER] -6.902  P_det_soft 0.0000  (61s)
  step 3650  JSR  -28.8  loss 43.6057  logE[BER] -43.606  P_det_soft 0.0000  (62s)
  step 3675  JSR   -1.0  loss 3.8551  logE[BER] -3.855  P_det_soft 0.0000  (62s)
  step 3700  JSR  -18.4  loss 6.4212  logE[BER] -6.421  P_det_soft 0.0000  (63s)
  step 3725  JSR  -15.5  loss 6.0842  logE[BER] -6.084  P_det_soft 0.0000  (63s)
  step 3750  JSR  -31.6  loss 62.7583  logE[BER] -62.758  P_det_soft 0.0000  (64s)
  step 3775  JSR  -28.1  loss 38.0588  logE[BER] -38.059  P_det_soft 0.0000  (64s)
  step 3800  JSR  -29.6  loss 49.6347  logE[BER] -49.635  P_det_soft 0.0000  (64s)
  step 3825  JSR  -27.5  loss 34.3357  logE[BER] -34.336  P_det_soft 0.0000  (65s)
  step 3850  JSR  -19.9  loss 7.4601  logE[BER] -7.460  P_det_soft 0.0000  (65s)
  step 3875  JSR  -26.2  loss 26.5279  logE[BER] -26.528  P_det_soft 0.0000  (66s)
  step 3900  JSR  -13.3  loss 5.9655  logE[BER] -5.965  P_det_soft 0.0000  (66s)
  step 3925  JSR  -19.8  loss 7.4378  logE[BER] -7.438  P_det_soft 0.0000  (67s)
  step 3950  JSR  -20.4  loss 7.6102  logE[BER] -7.610  P_det_soft 0.0000  (67s)
  step 3975  JSR  -16.2  loss 6.3070  logE[BER] -6.307  P_det_soft 0.0000  (67s)
  step 3999  JSR  -10.0  loss 5.3288  logE[BER] -5.329  P_det_soft 0.0000  (68s)
wrote task0_G.pt, task0.json  (tag eff)
