node: tikgpu05.ee.ethz.ch | gpu: NVIDIA TITAN RTX
task 11 = {'target': 'kurtosis', 'beta': 100.0}  (tag kurtosis_b100, 128 frames/step, JSR band (-32.0, 0.0))
  target kurtosis: threshold 0.0508405, clean-frame std 0.0154177 (soft_pdet width)
  step    0  JSR  -21.8  loss 2624.5977  logE[BER] -2606.537  P_det_soft 0.1806  (1s)
  step   25  JSR   -9.3  loss 98.5705  logE[BER] -6.029  P_det_soft 0.9254  (1s)
  step   50  JSR   -5.8  loss 104.4133  logE[BER] -4.432  P_det_soft 0.9998  (2s)
  step   75  JSR  -16.7  loss 32.6948  logE[BER] -6.937  P_det_soft 0.2576  (3s)
  step  100  JSR   -3.2  loss 103.5320  logE[BER] -3.532  P_det_soft 1.0000  (3s)
  step  125  JSR  -16.8  loss 31.3140  logE[BER] -6.730  P_det_soft 0.2458  (4s)
  step  150  JSR  -22.9  loss 104.1937  logE[BER] -86.286  P_det_soft 0.1791  (4s)
  step  175  JSR  -22.5  loss 29.4960  logE[BER] -13.210  P_det_soft 0.1629  (5s)
  step  200  JSR   -6.4  loss 104.9725  logE[BER] -4.974  P_det_soft 1.0000  (5s)
  step  225  JSR  -18.7  loss 26.3336  logE[BER] -7.240  P_det_soft 0.1909  (6s)
  step  250  JSR  -25.9  loss 618.8113  logE[BER] -602.441  P_det_soft 0.1637  (6s)
  step  275  JSR  -19.0  loss 27.3725  logE[BER] -7.658  P_det_soft 0.1971  (7s)
  step  300  JSR   -3.6  loss 103.7545  logE[BER] -3.754  P_det_soft 1.0000  (7s)
  step  325  JSR  -27.9  loss 1041.4882  logE[BER] -1025.005  P_det_soft 0.1648  (8s)
  step  350  JSR  -24.4  loss 304.7476  logE[BER] -288.013  P_det_soft 0.1673  (8s)
  step  375  JSR  -26.3  loss 680.2797  logE[BER] -663.792  P_det_soft 0.1649  (9s)
  step  400  JSR   -2.3  loss 103.3394  logE[BER] -3.339  P_det_soft 1.0000  (9s)
  step  425  JSR  -14.4  loss 56.0805  logE[BER] -5.857  P_det_soft 0.5022  (10s)
  step  450  JSR  -12.5  loss 81.0424  logE[BER] -5.805  P_det_soft 0.7524  (10s)
  step  475  JSR  -31.5  loss 1696.0031  logE[BER] -1679.774  P_det_soft 0.1623  (11s)
  step  500  JSR   -3.9  loss 103.9784  logE[BER] -3.978  P_det_soft 1.0000  (11s)
  step  525  JSR  -28.2  loss 1012.9784  logE[BER] -993.541  P_det_soft 0.1944  (12s)
  step  550  JSR  -13.3  loss 73.1829  logE[BER] -5.770  P_det_soft 0.6741  (12s)
  step  575  JSR  -10.9  loss 101.8456  logE[BER] -5.559  P_det_soft 0.9629  (13s)
  step  600  JSR   -1.1  loss 103.0608  logE[BER] -3.061  P_det_soft 1.0000  (13s)
  step  625  JSR  -27.2  loss 781.2619  logE[BER] -766.471  P_det_soft 0.1479  (14s)
  step  650  JSR   -1.1  loss 103.1076  logE[BER] -3.108  P_det_soft 1.0000  (14s)
  step  675  JSR  -28.8  loss 1090.0004  logE[BER] -1073.296  P_det_soft 0.1670  (15s)
  step  700  JSR  -13.2  loss 66.2695  logE[BER] -5.679  P_det_soft 0.6059  (15s)
  step  725  JSR   -0.2  loss 102.8324  logE[BER] -2.832  P_det_soft 1.0000  (16s)
  step  750  JSR  -19.7  loss 27.7756  logE[BER] -7.354  P_det_soft 0.2042  (17s)
  step  775  JSR  -23.7  loss 172.5383  logE[BER] -156.778  P_det_soft 0.1576  (17s)
  step  800  JSR  -19.0  loss 30.6056  logE[BER] -7.113  P_det_soft 0.2349  (18s)
  step  825  JSR  -25.3  loss 427.3562  logE[BER] -411.669  P_det_soft 0.1569  (18s)
  step  850  JSR   -9.0  loss 105.2125  logE[BER] -5.264  P_det_soft 0.9995  (19s)
  step  875  JSR   -8.0  loss 105.3427  logE[BER] -5.343  P_det_soft 1.0000  (19s)
  step  900  JSR  -15.6  loss 53.1651  logE[BER] -6.053  P_det_soft 0.4711  (20s)
  step  925  JSR   -2.4  loss 103.8713  logE[BER] -3.871  P_det_soft 1.0000  (20s)
  step  950  JSR  -11.1  loss 100.6214  logE[BER] -5.520  P_det_soft 0.9510  (21s)
  step  975  JSR  -12.1  loss 91.9103  logE[BER] -5.677  P_det_soft 0.8623  (21s)
  step 1000  JSR  -23.2  loss 63.9573  logE[BER] -46.744  P_det_soft 0.1721  (22s)
  step 1025  JSR  -20.3  loss 25.7849  logE[BER] -7.348  P_det_soft 0.1844  (22s)
  step 1050  JSR  -20.0  loss 25.8699  logE[BER] -7.516  P_det_soft 0.1835  (23s)
  step 1075  JSR   -3.9  loss 104.3634  logE[BER] -4.363  P_det_soft 1.0000  (23s)
  step 1100  JSR  -30.2  loss 1297.5408  logE[BER] -1282.052  P_det_soft 0.1549  (24s)
  step 1125  JSR  -17.5  loss 38.7167  logE[BER] -6.343  P_det_soft 0.3237  (24s)
  step 1150  JSR   -7.0  loss 105.0726  logE[BER] -5.073  P_det_soft 1.0000  (25s)
  step 1175  JSR  -23.2  loss 32.9924  logE[BER] -16.871  P_det_soft 0.1612  (25s)
  step 1200  JSR   -2.0  loss 103.6591  logE[BER] -3.659  P_det_soft 1.0000  (26s)
  step 1225  JSR  -14.5  loss 65.8397  logE[BER] -5.881  P_det_soft 0.5996  (26s)
  step 1250  JSR  -22.4  loss 24.0740  logE[BER] -9.300  P_det_soft 0.1477  (27s)
  step 1275  JSR  -21.7  loss 25.1182  logE[BER] -9.009  P_det_soft 0.1611  (27s)
  step 1300  JSR   -1.6  loss 103.5439  logE[BER] -3.544  P_det_soft 1.0000  (28s)
  step 1325  JSR  -28.0  loss 860.8437  logE[BER] -846.249  P_det_soft 0.1459  (29s)
  step 1350  JSR  -13.4  loss 78.4379  logE[BER] -5.636  P_det_soft 0.7280  (29s)
  step 1375  JSR  -30.4  loss 1338.0072  logE[BER] -1320.918  P_det_soft 0.1709  (30s)
  step 1400  JSR   -9.5  loss 105.3617  logE[BER] -5.384  P_det_soft 0.9998  (30s)
  step 1425  JSR   -8.9  loss 105.3643  logE[BER] -5.366  P_det_soft 1.0000  (31s)
  step 1450  JSR   -8.3  loss 105.3034  logE[BER] -5.303  P_det_soft 1.0000  (31s)
  step 1475  JSR   -1.5  loss 103.5596  logE[BER] -3.560  P_det_soft 1.0000  (32s)
  step 1500  JSR  -20.8  loss 26.6740  logE[BER] -7.742  P_det_soft 0.1893  (32s)
  step 1525  JSR  -10.7  loss 104.2770  logE[BER] -5.535  P_det_soft 0.9874  (33s)
  step 1550  JSR   -9.9  loss 105.0607  logE[BER] -5.323  P_det_soft 0.9974  (33s)
  step 1575  JSR  -14.3  loss 68.2790  logE[BER] -5.851  P_det_soft 0.6243  (34s)
  step 1600  JSR  -15.9  loss 48.0940  logE[BER] -5.953  P_det_soft 0.4214  (34s)
  step 1625  JSR   -2.1  loss 103.8232  logE[BER] -3.823  P_det_soft 1.0000  (35s)
  step 1650  JSR  -25.6  loss 366.8005  logE[BER] -350.520  P_det_soft 0.1628  (35s)
  step 1675  JSR   -5.7  loss 104.9257  logE[BER] -4.926  P_det_soft 1.0000  (36s)
  step 1700  JSR  -28.1  loss 857.6914  logE[BER] -843.586  P_det_soft 0.1411  (36s)
  step 1725  JSR  -16.9  loss 40.3105  logE[BER] -6.102  P_det_soft 0.3421  (37s)
  step 1750  JSR  -26.3  loss 396.3667  logE[BER] -380.166  P_det_soft 0.1620  (37s)
  step 1775  JSR  -16.0  loss 52.1193  logE[BER] -6.057  P_det_soft 0.4606  (38s)
  step 1800  JSR   -8.0  loss 105.3694  logE[BER] -5.369  P_det_soft 1.0000  (38s)
  step 1825  JSR  -17.3  loss 43.5033  logE[BER] -6.274  P_det_soft 0.3723  (39s)
  step 1850  JSR  -13.4  loss 75.8953  logE[BER] -5.672  P_det_soft 0.7022  (39s)
  step 1875  JSR  -19.9  loss 27.3640  logE[BER] -7.111  P_det_soft 0.2025  (40s)
  step 1900  JSR   -8.7  loss 105.2438  logE[BER] -5.246  P_det_soft 1.0000  (41s)
  step 1925  JSR  -14.5  loss 64.3292  logE[BER] -5.769  P_det_soft 0.5856  (41s)
  step 1950  JSR  -25.6  loss 353.2266  logE[BER] -336.713  P_det_soft 0.1651  (42s)
  step 1975  JSR  -30.4  loss 1367.5667  logE[BER] -1351.974  P_det_soft 0.1559  (42s)
  step 2000  JSR  -16.9  loss 48.6377  logE[BER] -6.172  P_det_soft 0.4247  (43s)
  step 2025  JSR  -31.0  loss 1565.1765  logE[BER] -1550.253  P_det_soft 0.1492  (43s)
  step 2050  JSR   -9.9  loss 105.3135  logE[BER] -5.425  P_det_soft 0.9989  (44s)
  step 2075  JSR   -1.8  loss 103.8105  logE[BER] -3.811  P_det_soft 1.0000  (44s)
  step 2100  JSR   -4.4  loss 104.6058  logE[BER] -4.606  P_det_soft 1.0000  (45s)
  step 2125  JSR   -1.9  loss 103.9711  logE[BER] -3.971  P_det_soft 1.0000  (45s)
  step 2150  JSR  -29.1  loss 1033.8864  logE[BER] -1018.248  P_det_soft 0.1564  (46s)
  step 2175  JSR  -12.3  loss 96.5273  logE[BER] -5.652  P_det_soft 0.9088  (46s)
  step 2200  JSR  -14.9  loss 57.5594  logE[BER] -5.899  P_det_soft 0.5166  (47s)
  step 2225  JSR  -12.4  loss 90.2774  logE[BER] -5.629  P_det_soft 0.8465  (47s)
  step 2250  JSR   -0.6  loss 103.2988  logE[BER] -3.299  P_det_soft 1.0000  (48s)
  step 2275  JSR  -30.1  loss 1310.5698  logE[BER] -1295.901  P_det_soft 0.1467  (48s)
  step 2300  JSR   -7.1  loss 105.1661  logE[BER] -5.166  P_det_soft 1.0000  (49s)
  step 2325  JSR  -21.8  loss 27.1884  logE[BER] -8.218  P_det_soft 0.1897  (49s)
  step 2350  JSR  -26.8  loss 500.8965  logE[BER] -481.289  P_det_soft 0.1961  (50s)
  step 2375  JSR   -8.9  loss 105.2965  logE[BER] -5.297  P_det_soft 1.0000  (50s)
  step 2400  JSR  -30.1  loss 1287.7608  logE[BER] -1270.706  P_det_soft 0.1706  (51s)
  step 2425  JSR  -27.1  loss 609.8595  logE[BER] -595.166  P_det_soft 0.1469  (51s)
  step 2450  JSR  -20.5  loss 25.8118  logE[BER] -7.036  P_det_soft 0.1878  (52s)
  step 2475  JSR  -14.4  loss 73.0828  logE[BER] -5.920  P_det_soft 0.6716  (53s)
  step 2500  JSR  -11.7  loss 104.7166  logE[BER] -5.526  P_det_soft 0.9919  (53s)
  step 2525  JSR  -29.6  loss 1199.0385  logE[BER] -1182.077  P_det_soft 0.1696  (54s)
  step 2550  JSR   -5.3  loss 104.8614  logE[BER] -4.861  P_det_soft 1.0000  (54s)
  step 2575  JSR  -31.6  loss 1643.9761  logE[BER] -1623.628  P_det_soft 0.2035  (55s)
  step 2600  JSR   -6.6  loss 105.1523  logE[BER] -5.152  P_det_soft 1.0000  (55s)
  step 2625  JSR   -8.9  loss 105.3978  logE[BER] -5.399  P_det_soft 1.0000  (56s)
  step 2650  JSR  -13.2  loss 84.1799  logE[BER] -5.552  P_det_soft 0.7863  (56s)
  step 2675  JSR   -4.2  loss 104.6138  logE[BER] -4.614  P_det_soft 1.0000  (57s)
  step 2700  JSR  -27.7  loss 694.6586  logE[BER] -676.230  P_det_soft 0.1843  (57s)
  step 2725  JSR   -4.6  loss 104.6833  logE[BER] -4.683  P_det_soft 1.0000  (58s)
  step 2750  JSR  -16.8  loss 44.1189  logE[BER] -6.132  P_det_soft 0.3799  (58s)
  step 2775  JSR  -16.1  loss 50.0203  logE[BER] -5.981  P_det_soft 0.4404  (59s)
  step 2800  JSR  -30.7  loss 1419.2688  logE[BER] -1404.442  P_det_soft 0.1483  (59s)
  step 2825  JSR  -10.0  loss 105.4296  logE[BER] -5.491  P_det_soft 0.9994  (60s)
  step 2850  JSR  -31.9  loss 1613.0152  logE[BER] -1597.978  P_det_soft 0.1504  (60s)
  step 2875  JSR   -4.5  loss 104.5732  logE[BER] -4.573  P_det_soft 1.0000  (61s)
  step 2900  JSR   -2.1  loss 103.8994  logE[BER] -3.899  P_det_soft 1.0000  (61s)
  step 2925  JSR  -15.5  loss 50.5484  logE[BER] -5.735  P_det_soft 0.4481  (62s)
  step 2950  JSR  -31.7  loss 1609.9133  logE[BER] -1591.111  P_det_soft 0.1880  (63s)
  step 2975  JSR   -9.5  loss 105.3079  logE[BER] -5.310  P_det_soft 1.0000  (63s)
  step 3000  JSR  -19.4  loss 30.1965  logE[BER] -6.642  P_det_soft 0.2355  (64s)
  step 3025  JSR  -24.5  loss 197.7670  logE[BER] -182.387  P_det_soft 0.1538  (64s)
  step 3050  JSR   -8.3  loss 105.1822  logE[BER] -5.183  P_det_soft 1.0000  (65s)
  step 3075  JSR  -17.0  loss 40.4682  logE[BER] -6.203  P_det_soft 0.3426  (65s)
  step 3100  JSR   -5.5  loss 104.9475  logE[BER] -4.948  P_det_soft 1.0000  (66s)
  step 3125  JSR  -22.2  loss 26.9276  logE[BER] -8.840  P_det_soft 0.1809  (66s)
  step 3150  JSR  -21.2  loss 27.0690  logE[BER] -7.747  P_det_soft 0.1932  (67s)
  step 3175  JSR   -6.9  loss 104.9731  logE[BER] -4.973  P_det_soft 1.0000  (67s)
  step 3200  JSR  -23.2  loss 26.2749  logE[BER] -10.350  P_det_soft 0.1593  (68s)
  step 3225  JSR  -24.4  loss 133.7590  logE[BER] -112.970  P_det_soft 0.2079  (68s)
  step 3250  JSR   -9.3  loss 105.2532  logE[BER] -5.266  P_det_soft 0.9999  (69s)
  step 3275  JSR  -14.6  loss 66.7767  logE[BER] -5.842  P_det_soft 0.6093  (69s)
  step 3300  JSR  -13.7  loss 79.5565  logE[BER] -5.710  P_det_soft 0.7385  (70s)
  step 3325  JSR  -16.5  loss 42.0455  logE[BER] -5.987  P_det_soft 0.3606  (70s)
  step 3350  JSR  -20.0  loss 26.4501  logE[BER] -6.753  P_det_soft 0.1970  (71s)
  step 3375  JSR  -27.1  loss 603.3953  logE[BER] -585.403  P_det_soft 0.1799  (71s)
  step 3400  JSR  -21.1  loss 25.3653  logE[BER] -7.452  P_det_soft 0.1791  (72s)
  step 3425  JSR  -32.0  loss 1718.3321  logE[BER] -1702.036  P_det_soft 0.1630  (72s)
  step 3450  JSR  -23.1  loss 24.3579  logE[BER] -10.414  P_det_soft 0.1394  (73s)
  step 3475  JSR  -16.1  loss 51.3337  logE[BER] -5.957  P_det_soft 0.4538  (74s)
  step 3500  JSR  -11.1  loss 104.5326  logE[BER] -5.532  P_det_soft 0.9900  (74s)
  step 3525  JSR  -22.8  loss 24.8218  logE[BER] -10.405  P_det_soft 0.1442  (75s)
  step 3550  JSR   -1.7  loss 103.8916  logE[BER] -3.892  P_det_soft 1.0000  (75s)
  step 3575  JSR  -17.0  loss 40.6679  logE[BER] -6.045  P_det_soft 0.3462  (76s)
  step 3600  JSR   -2.7  loss 104.1585  logE[BER] -4.158  P_det_soft 1.0000  (76s)
  step 3625  JSR   -0.3  loss 103.4646  logE[BER] -3.465  P_det_soft 1.0000  (77s)
  step 3650  JSR  -15.5  loss 55.8688  logE[BER] -5.915  P_det_soft 0.4995  (77s)
  step 3675  JSR  -28.0  loss 762.8405  logE[BER] -745.723  P_det_soft 0.1712  (78s)
  step 3700  JSR  -23.5  loss 43.8785  logE[BER] -28.609  P_det_soft 0.1527  (78s)
  step 3725  JSR  -27.4  loss 609.9665  logE[BER] -594.831  P_det_soft 0.1514  (79s)
  step 3750  JSR   -5.3  loss 104.9269  logE[BER] -4.927  P_det_soft 1.0000  (79s)
  step 3775  JSR  -24.2  loss 111.9364  logE[BER] -90.812  P_det_soft 0.2112  (80s)
  step 3800  JSR   -4.5  loss 104.6550  logE[BER] -4.655  P_det_soft 1.0000  (80s)
  step 3825  JSR  -26.0  loss 367.4590  logE[BER] -352.905  P_det_soft 0.1455  (81s)
  step 3850  JSR  -16.5  loss 49.7535  logE[BER] -6.042  P_det_soft 0.4371  (81s)
  step 3875  JSR  -29.2  loss 1004.0945  logE[BER] -986.689  P_det_soft 0.1741  (82s)
  step 3900  JSR  -21.8  loss 27.4290  logE[BER] -8.888  P_det_soft 0.1854  (82s)
  step 3925  JSR  -15.0  loss 63.6205  logE[BER] -5.789  P_det_soft 0.5783  (83s)
  step 3950  JSR  -19.7  loss 33.7493  logE[BER] -6.864  P_det_soft 0.2689  (84s)
  step 3975  JSR   -4.5  loss 104.6690  logE[BER] -4.669  P_det_soft 1.0000  (84s)
  step 3999  JSR  -31.6  loss 1712.4020  logE[BER] -1696.050  P_det_soft 0.1635  (85s)
wrote task11_G.pt, task11.json  (tag kurtosis_b100)
