node: artongpu02.ee.ethz.ch | gpu: NVIDIA GeForce RTX 2080 Ti
device cuda:0 | adv wgan-gp | n_critic 5 | betas (0.5, 0.9) | peak scale 0.4236
it      1  G  295.961  D  -14.295  gap  17.366 | adv 27.228 feat 0.370 stft 5.950 iq 0.231  (16s)
it     50  G  319.136  D  -73.988  gap 112.259 | adv 102.896 feat 0.611 stft 4.772 iq 0.270  (39s)
it    100  G  293.935  D  -69.140  gap 107.128 | adv 92.680 feat 0.611 stft 4.440 iq 0.240  (62s)
it    150  G  284.224  D  -65.517  gap  98.844 | adv 89.131 feat 0.614 stft 4.304 iq 0.204  (85s)
it    200  G  273.630  D  -60.720  gap  86.891 | adv 81.196 feat 0.601 stft 4.245 iq 0.190  (108s)
it    250  G  267.050  D  -58.619  gap  89.460 | adv 74.583 feat 0.599 stft 4.246 iq 0.197  (131s)
it    300  G  261.725  D  -60.534  gap  85.765 | adv 72.048 feat 0.602 stft 4.184 iq 0.195  (155s)
it    350  G  249.326  D  -56.491  gap  84.716 | adv 58.788 feat 0.591 stft 4.204 iq 0.188  (178s)
it    400  G  246.633  D  -55.745  gap  83.550 | adv 55.794 feat 0.557 stft 4.213 iq 0.146  (201s)
it    450  G  243.441  D  -49.749  gap  71.549 | adv 48.816 feat 0.431 stft 4.304 iq 0.088  (225s)
it    500  G  255.769  D  -36.350  gap  50.048 | adv 54.573 feat 0.264 stft 4.455 iq 0.198  (248s)
it    550  G  263.945  D  -29.861  gap  39.388 | adv 63.696 feat 0.191 stft 4.436 iq 0.230  (272s)
it    600  G  257.518  D  -28.680  gap  38.477 | adv 58.448 feat 0.165 stft 4.412 iq 0.208  (295s)
it    650  G  248.660  D  -28.438  gap  38.712 | adv 51.691 feat 0.158 stft 4.365 iq 0.209  (318s)
it    700  G  238.194  D  -26.741  gap  38.331 | adv 41.108 feat 0.155 stft 4.368 iq 0.200  (342s)
it    750  G  229.105  D  -26.080  gap  33.151 | adv 35.185 feat 0.151 stft 4.298 iq 0.205  (365s)
it    800  G  223.201  D  -24.449  gap  36.299 | adv 30.045 feat 0.153 stft 4.281 iq 0.206  (388s)
it    850  G  218.672  D  -26.365  gap  33.647 | adv 27.377 feat 0.160 stft 4.239 iq 0.208  (412s)
it    900  G  212.853  D  -27.617  gap  34.141 | adv 24.300 feat 0.166 stft 4.178 iq 0.215  (435s)
it    950  G  210.316  D  -25.942  gap  34.806 | adv 22.774 feat 0.169 stft 4.155 iq 0.225  (459s)
it   1000  G  205.038  D  -27.088  gap  33.038 | adv 20.379 feat 0.172 stft 4.091 iq 0.232  (482s)
it   1050  G  206.316  D  -25.460  gap  34.377 | adv 22.192 feat 0.167 stft 4.079 iq 0.222  (505s)
it   1100  G  203.879  D  -26.144  gap  35.126 | adv 20.894 feat 0.174 stft 4.054 iq 0.228  (529s)
it   1150  G  202.007  D  -26.730  gap  34.990 | adv 23.386 feat 0.176 stft 3.956 iq 0.245  (552s)
it   1200  G  200.074  D  -27.904  gap  36.089 | adv 25.783 feat 0.180 stft 3.859 iq 0.270  (575s)
it   1250  G  196.682  D  -26.962  gap  39.347 | adv 23.959 feat 0.177 stft 3.824 iq 0.270  (599s)
it   1300  G  193.390  D  -26.202  gap  39.783 | adv 22.906 feat 0.178 stft 3.774 iq 0.282  (622s)
it   1350  G  190.993  D  -28.711  gap  38.390 | adv 23.481 feat 0.178 stft 3.708 iq 0.278  (645s)
it   1400  G  192.198  D  -29.682  gap  39.516 | adv 25.636 feat 0.176 stft 3.687 iq 0.279  (669s)
it   1450  G  193.136  D  -29.505  gap  42.821 | adv 30.046 feat 0.171 stft 3.610 iq 0.305  (692s)
it   1500  G  193.090  D  -31.995  gap  40.661 | adv 33.436 feat 0.167 stft 3.533 iq 0.328  (715s)
it   1550  G  192.764  D  -31.568  gap  43.005 | adv 36.493 feat 0.159 stft 3.458 iq 0.337  (739s)
it   1600  G  189.414  D  -31.128  gap  44.972 | adv 36.319 feat 0.157 stft 3.387 iq 0.345  (762s)
it   1650  G  191.098  D  -33.051  gap  46.931 | adv 39.896 feat 0.152 stft 3.345 iq 0.358  (786s)
it   1700  G  187.589  D  -32.069  gap  42.743 | adv 41.745 feat 0.150 stft 3.226 iq 0.381  (809s)
it   1750  G  183.643  D  -33.371  gap  45.115 | adv 41.758 feat 0.150 stft 3.138 iq 0.380  (832s)
it   1800  G  183.200  D  -33.800  gap  47.153 | adv 45.709 feat 0.149 stft 3.040 iq 0.397  (856s)
it   1850  G  178.814  D  -34.362  gap  46.477 | adv 46.507 feat 0.146 stft 2.925 iq 0.401  (879s)
it   1900  G  175.148  D  -33.722  gap  45.346 | adv 47.643 feat 0.139 stft 2.818 iq 0.410  (902s)
it   1950  G  170.539  D  -34.391  gap  48.050 | adv 49.004 feat 0.140 stft 2.685 iq 0.423  (926s)
it   2000  G  166.580  D  -35.274  gap  46.814 | adv 51.299 feat 0.142 stft 2.546 iq 0.448  (949s)
it   2050  G  163.343  D  -35.140  gap  48.834 | adv 53.619 feat 0.142 stft 2.421 iq 0.476  (973s)
it   2100  G  156.642  D  -36.126  gap  49.724 | adv 53.679 feat 0.142 stft 2.271 iq 0.481  (996s)
it   2150  G  155.884  D  -38.078  gap  53.413 | adv 58.563 feat 0.151 stft 2.145 iq 0.505  (1019s)
it   2200  G  150.201  D  -38.623  gap  53.330 | adv 60.722 feat 0.151 stft 1.970 iq 0.521  (1043s)
it   2250  G  145.954  D  -38.384  gap  54.875 | adv 60.214 feat 0.148 stft 1.887 iq 0.538  (1066s)
it   2300  G  143.799  D  -38.736  gap  55.340 | adv 62.418 feat 0.145 stft 1.790 iq 0.539  (1089s)
it   2350  G  143.613  D  -39.202  gap  53.880 | adv 65.131 feat 0.140 stft 1.726 iq 0.545  (1113s)
it   2400  G  140.641  D  -39.849  gap  57.050 | adv 65.478 feat 0.140 stft 1.652 iq 0.550  (1136s)
it   2450  G  138.221  D  -40.671  gap  53.914 | adv 66.386 feat 0.141 stft 1.578 iq 0.556  (1159s)
it   2500  G  137.471  D  -40.381  gap  54.793 | adv 67.461 feat 0.140 stft 1.537 iq 0.563  (1183s)
it   2550  G  137.473  D  -39.794  gap  56.694 | adv 67.476 feat 0.139 stft 1.537 iq 0.569  (1206s)
it   2600  G  136.575  D  -40.202  gap  54.491 | adv 68.502 feat 0.138 stft 1.494 iq 0.565  (1230s)
it   2650  G  137.935  D  -40.115  gap  55.387 | adv 70.199 feat 0.135 stft 1.487 iq 0.566  (1253s)
it   2700  G  137.408  D  -38.812  gap  55.831 | adv 70.401 feat 0.130 stft 1.471 iq 0.564  (1276s)
it   2750  G  137.193  D  -40.257  gap  55.791 | adv 70.823 feat 0.131 stft 1.457 iq 0.561  (1300s)
it   2800  G  133.072  D  -41.063  gap  56.804 | adv 69.913 feat 0.134 stft 1.385 iq 0.567  (1323s)
it   2850  G  133.388  D  -40.306  gap  58.609 | adv 71.320 feat 0.130 stft 1.361 iq 0.568  (1346s)
it   2900  G  132.635  D  -40.502  gap  55.047 | adv 69.656 feat 0.133 stft 1.381 iq 0.571  (1370s)
it   2950  G  130.251  D  -40.274  gap  57.537 | adv 67.876 feat 0.132 stft 1.368 iq 0.569  (1393s)
it   3000  G  129.400  D  -40.188  gap  53.372 | adv 68.208 feat 0.131 stft 1.341 iq 0.576  (1416s)
it   3050  G  129.142  D  -40.273  gap  58.458 | adv 68.494 feat 0.123 stft 1.330 iq 0.569  (1440s)
it   3100  G  129.307  D  -41.043  gap  55.487 | adv 69.072 feat 0.119 stft 1.321 iq 0.566  (1463s)
it   3150  G  125.727  D  -40.130  gap  56.764 | adv 66.346 feat 0.120 stft 1.301 iq 0.575  (1487s)
it   3200  G  128.536  D  -40.197  gap  58.131 | adv 66.299 feat 0.118 stft 1.365 iq 0.568  (1510s)
it   3250  G  137.570  D  -40.853  gap  55.459 | adv 68.617 feat 0.122 stft 1.514 iq 0.575  (1533s)
it   3300  G  129.237  D  -39.997  gap  57.216 | adv 67.100 feat 0.118 stft 1.363 iq 0.569  (1557s)
it   3350  G  128.481  D  -40.933  gap  57.262 | adv 67.120 feat 0.119 stft 1.346 iq 0.567  (1580s)
it   3400  G  126.688  D  -40.579  gap  56.324 | adv 66.124 feat 0.119 stft 1.328 iq 0.574  (1603s)
it   3450  G  126.797  D  -40.475  gap  57.853 | adv 64.067 feat 0.121 stft 1.376 iq 0.575  (1627s)
it   3500  G  123.170  D  -41.582  gap  58.236 | adv 64.974 feat 0.123 stft 1.275 iq 0.573  (1650s)
it   3550  G  121.160  D  -41.059  gap  57.528 | adv 61.119 feat 0.124 stft 1.316 iq 0.574  (1673s)
it   3600  G  119.410  D  -40.714  gap  57.384 | adv 60.033 feat 0.128 stft 1.301 iq 0.577  (1697s)
it   3650  G  119.135  D  -41.875  gap  56.701 | adv 60.817 feat 0.131 stft 1.277 iq 0.576  (1720s)
it   3700  G  119.592  D  -41.037  gap  55.163 | adv 59.489 feat 0.129 stft 1.317 iq 0.576  (1744s)
it   3750  G  115.899  D  -40.879  gap  57.707 | adv 57.853 feat 0.135 stft 1.271 iq 0.574  (1767s)
it   3800  G  114.820  D  -40.520  gap  57.019 | adv 56.481 feat 0.132 stft 1.278 iq 0.570  (1790s)
it   3850  G  128.154  D  -40.808  gap  56.685 | adv 55.803 feat 0.134 stft 1.589 iq 0.565  (1814s)
it   3900  G  113.146  D  -40.863  gap  56.446 | adv 54.436 feat 0.133 stft 1.286 iq 0.571  (1837s)
it   3950  G  109.577  D  -40.801  gap  56.399 | adv 53.667 feat 0.135 stft 1.224 iq 0.575  (1860s)
it   4000  G  108.187  D  -40.396  gap  57.014 | adv 52.579 feat 0.135 stft 1.217 iq 0.574  (1884s)
it   4050  G  111.087  D  -41.488  gap  55.737 | adv 52.751 feat 0.139 stft 1.277 iq 0.572  (1907s)
it   4100  G  106.987  D  -41.143  gap  56.740 | adv 50.993 feat 0.141 stft 1.225 iq 0.579  (1930s)
it   4150  G  111.711  D  -40.394  gap  55.208 | adv 51.644 feat 0.135 stft 1.316 iq 0.572  (1954s)
it   4200  G  111.102  D  -41.141  gap  57.056 | adv 53.276 feat 0.139 stft 1.266 iq 0.572  (1977s)
it   4250  G  108.396  D  -40.332  gap  54.680 | adv 51.114 feat 0.142 stft 1.254 iq 0.573  (2001s)
it   4300  G  107.237  D  -41.486  gap  55.380 | adv 52.441 feat 0.146 stft 1.198 iq 0.575  (2024s)
it   4350  G  112.323  D  -41.194  gap  57.927 | adv 51.625 feat 0.146 stft 1.330 iq 0.575  (2047s)
it   4400  G  107.103  D  -39.370  gap  54.428 | adv 49.572 feat 0.139 stft 1.260 iq 0.572  (2071s)
it   4450  G  109.422  D  -41.174  gap  58.392 | adv 52.568 feat 0.143 stft 1.244 iq 0.572  (2094s)
it   4500  G  108.181  D  -40.457  gap  57.785 | adv 52.112 feat 0.141 stft 1.227 iq 0.575  (2118s)
it   4550  G  106.080  D  -40.882  gap  56.637 | adv 50.502 feat 0.140 stft 1.216 iq 0.571  (2141s)
it   4600  G  108.691  D  -41.387  gap  57.839 | adv 51.927 feat 0.139 stft 1.243 iq 0.566  (2164s)
it   4650  G  108.749  D  -40.419  gap  57.310 | adv 51.056 feat 0.139 stft 1.263 iq 0.568  (2188s)
it   4700  G  108.978  D  -40.307  gap  56.514 | adv 50.334 feat 0.137 stft 1.284 iq 0.570  (2211s)
it   4750  G  105.981  D  -40.239  gap  57.257 | adv 50.483 feat 0.140 stft 1.214 iq 0.575  (2235s)
it   4800  G  106.582  D  -40.354  gap  58.344 | adv 50.642 feat 0.141 stft 1.224 iq 0.573  (2258s)
it   4850  G  109.344  D  -40.390  gap  57.255 | adv 51.156 feat 0.137 stft 1.274 iq 0.574  (2281s)
it   4900  G  106.525  D  -41.010  gap  56.009 | adv 49.853 feat 0.138 stft 1.241 iq 0.570  (2305s)
it   4950  G  106.749  D  -41.853  gap  57.184 | adv 51.849 feat 0.140 stft 1.201 iq 0.574  (2328s)
it   5000  G  104.420  D  -40.449  gap  59.241 | adv 50.679 feat 0.135 stft 1.176 iq 0.573  (2352s)
it   5050  G  103.601  D  -41.250  gap  58.253 | adv 48.026 feat 0.134 stft 1.216 iq 0.568  (2375s)
it   5100  G  104.150  D  -41.303  gap  56.064 | adv 48.007 feat 0.135 stft 1.229 iq 0.569  (2398s)
it   5150  G  106.806  D  -40.497  gap  55.338 | adv 49.021 feat 0.135 stft 1.265 iq 0.575  (2422s)
it   5200  G  111.262  D  -40.590  gap  58.831 | adv 47.777 feat 0.135 stft 1.392 iq 0.573  (2445s)
it   5250  G  104.483  D  -41.428  gap  57.862 | adv 49.918 feat 0.136 stft 1.194 iq 0.577  (2469s)
it   5300  G  103.837  D  -40.825  gap  55.959 | adv 48.783 feat 0.135 stft 1.205 iq 0.572  (2492s)
it   5350  G  104.057  D  -40.929  gap  57.822 | adv 48.849 feat 0.137 stft 1.208 iq 0.571  (2516s)
it   5400  G  103.216  D  -40.816  gap  55.704 | adv 48.959 feat 0.139 stft 1.187 iq 0.573  (2539s)
it   5450  G  102.683  D  -40.246  gap  57.869 | adv 46.454 feat 0.140 stft 1.231 iq 0.571  (2562s)
it   5500  G  103.390  D  -41.587  gap  59.293 | adv 47.259 feat 0.143 stft 1.228 iq 0.565  (2586s)
it   5550  G  104.405  D  -41.049  gap  56.417 | adv 48.973 feat 0.142 stft 1.213 iq 0.567  (2609s)
it   5600  G  106.049  D  -40.160  gap  54.391 | adv 48.561 feat 0.143 stft 1.258 iq 0.571  (2633s)
it   5650  G  103.202  D  -41.590  gap  55.028 | adv 49.594 feat 0.146 stft 1.172 iq 0.573  (2656s)
it   5700  G  101.604  D  -40.227  gap  58.686 | adv 49.064 feat 0.145 stft 1.148 iq 0.572  (2679s)
it   5750  G  103.292  D  -41.214  gap  59.154 | adv 49.100 feat 0.147 stft 1.185 iq 0.573  (2703s)
it   5800  G  106.352  D  -41.148  gap  55.852 | adv 50.164 feat 0.150 stft 1.229 iq 0.573  (2726s)
it   5850  G  101.871  D  -40.352  gap  56.155 | adv 49.124 feat 0.147 stft 1.153 iq 0.570  (2750s)
it   5900  G   99.776  D  -40.784  gap  57.116 | adv 48.270 feat 0.148 stft 1.125 iq 0.573  (2773s)
it   5950  G  112.219  D  -40.778  gap  56.983 | adv 52.795 feat 0.146 stft 1.301 iq 0.574  (2796s)
it   6000  G  104.539  D  -41.632  gap  58.826 | adv 48.503 feat 0.142 stft 1.226 iq 0.565  (2820s)
it   6050  G  102.723  D  -40.696  gap  57.021 | adv 49.691 feat 0.143 stft 1.159 iq 0.574  (2843s)
it   6100  G  103.941  D  -40.568  gap  58.200 | adv 49.345 feat 0.142 stft 1.194 iq 0.567  (2867s)
it   6150  G   99.623  D  -40.448  gap  57.622 | adv 48.217 feat 0.140 stft 1.123 iq 0.571  (2890s)
it   6200  G  100.518  D  -41.959  gap  56.388 | adv 49.198 feat 0.140 stft 1.122 iq 0.572  (2913s)
it   6250  G  108.759  D  -40.303  gap  54.707 | adv 49.203 feat 0.137 stft 1.305 iq 0.554  (2937s)
it   6300  G  101.524  D  -40.862  gap  58.516 | adv 49.373 feat 0.138 stft 1.140 iq 0.571  (2960s)
it   6350  G  105.926  D  -40.875  gap  57.153 | adv 48.073 feat 0.140 stft 1.267 iq 0.573  (2984s)
it   6400  G   99.999  D  -41.125  gap  56.642 | adv 48.274 feat 0.140 stft 1.130 iq 0.574  (3007s)
it   6450  G  100.038  D  -40.736  gap  57.532 | adv 48.532 feat 0.139 stft 1.126 iq 0.571  (3030s)
it   6500  G  102.127  D  -41.121  gap  57.578 | adv 48.323 feat 0.138 stft 1.177 iq 0.566  (3054s)
it   6550  G  104.257  D  -40.884  gap  55.990 | adv 47.025 feat 0.141 stft 1.253 iq 0.574  (3077s)
it   6600  G  101.960  D  -41.233  gap  56.116 | adv 50.772 feat 0.140 stft 1.119 iq 0.571  (3101s)
it   6650  G   98.930  D  -40.152  gap  57.687 | adv 47.220 feat 0.139 stft 1.130 iq 0.571  (3124s)
it   6700  G  100.394  D  -40.092  gap  55.980 | adv 47.522 feat 0.139 stft 1.156 iq 0.568  (3147s)
it   6750  G   99.464  D  -40.280  gap  56.491 | adv 48.718 feat 0.144 stft 1.109 iq 0.572  (3171s)
it   6800  G  101.901  D  -40.965  gap  57.355 | adv 49.198 feat 0.144 stft 1.152 iq 0.570  (3194s)
it   6850  G   96.123  D  -40.703  gap  57.230 | adv 46.956 feat 0.147 stft 1.073 iq 0.574  (3218s)
it   6900  G  109.666  D  -40.921  gap  55.551 | adv 47.448 feat 0.147 stft 1.363 iq 0.575  (3241s)
it   6950  G   98.688  D  -41.269  gap  57.815 | adv 46.252 feat 0.142 stft 1.146 iq 0.570  (3265s)
it   7000  G   98.461  D  -40.499  gap  57.133 | adv 47.081 feat 0.139 stft 1.123 iq 0.569  (3288s)
it   7050  G  100.888  D  -40.753  gap  55.592 | adv 46.508 feat 0.143 stft 1.189 iq 0.575  (3311s)
it   7100  G  101.201  D  -41.301  gap  56.511 | adv 51.690 feat 0.139 stft 1.081 iq 0.572  (3335s)
it   7150  G  104.469  D  -40.782  gap  56.084 | adv 50.634 feat 0.134 stft 1.178 iq 0.566  (3358s)
it   7200  G  100.562  D  -40.556  gap  56.656 | adv 47.560 feat 0.135 stft 1.159 iq 0.563  (3382s)
it   7250  G   97.846  D  -41.012  gap  57.591 | adv 47.111 feat 0.139 stft 1.109 iq 0.571  (3405s)
it   7300  G  103.343  D  -40.994  gap  58.332 | adv 48.425 feat 0.138 stft 1.202 iq 0.564  (3428s)
it   7350  G   98.474  D  -41.536  gap  56.727 | adv 48.004 feat 0.137 stft 1.103 iq 0.570  (3452s)
it   7400  G  100.167  D  -40.802  gap  56.663 | adv 48.052 feat 0.136 stft 1.139 iq 0.568  (3475s)
it   7450  G   98.606  D  -40.885  gap  58.856 | adv 45.718 feat 0.134 stft 1.157 iq 0.561  (3499s)
it   7500  G  100.041  D  -41.199  gap  57.729 | adv 50.007 feat 0.137 stft 1.093 iq 0.573  (3522s)
it   7550  G  108.117  D  -40.427  gap  57.128 | adv 49.390 feat 0.139 stft 1.286 iq 0.570  (3545s)
it   7600  G  102.615  D  -41.302  gap  57.599 | adv 51.344 feat 0.142 stft 1.120 iq 0.571  (3569s)
it   7650  G  107.787  D  -41.152  gap  57.820 | adv 51.420 feat 0.144 stft 1.233 iq 0.571  (3592s)
it   7700  G  106.583  D  -41.088  gap  55.548 | adv 46.684 feat 0.142 stft 1.312 iq 0.568  (3616s)
it   7750  G  100.217  D  -40.887  gap  57.960 | adv 48.510 feat 0.143 stft 1.130 iq 0.570  (3639s)
it   7800  G  102.520  D  -40.990  gap  57.939 | adv 47.207 feat 0.142 stft 1.210 iq 0.568  (3662s)
it   7850  G  100.453  D  -40.143  gap  56.031 | adv 48.611 feat 0.144 stft 1.133 iq 0.571  (3686s)
it   7900  G   99.866  D  -40.955  gap  56.970 | adv 46.931 feat 0.145 stft 1.157 iq 0.564  (3709s)
it   7950  G  102.229  D  -40.604  gap  57.346 | adv 52.967 feat 0.146 stft 1.076 iq 0.572  (3733s)
it   8000  G  101.210  D  -41.145  gap  56.251 | adv 51.747 feat 0.147 stft 1.080 iq 0.571  (3756s)
it   8050  G  101.912  D  -40.528  gap  56.649 | adv 52.212 feat 0.145 stft 1.085 iq 0.569  (3779s)
it   8100  G   98.988  D  -40.872  gap  57.240 | adv 51.199 feat 0.144 stft 1.043 iq 0.574  (3803s)
it   8150  G  104.995  D  -40.608  gap  56.465 | adv 54.939 feat 0.142 stft 1.093 iq 0.573  (3826s)
it   8200  G   99.676  D  -40.852  gap  58.379 | adv 49.806 feat 0.143 stft 1.089 iq 0.573  (3850s)
it   8250  G  103.797  D  -41.615  gap  56.192 | adv 54.780 feat 0.149 stft 1.070 iq 0.574  (3873s)
it   8300  G  102.438  D  -41.070  gap  58.470 | adv 53.266 feat 0.140 stft 1.074 iq 0.571  (3896s)
it   8350  G  102.560  D  -40.573  gap  59.236 | adv 53.398 feat 0.141 stft 1.074 iq 0.569  (3920s)
it   8400  G  105.120  D  -41.371  gap  58.346 | adv 52.083 feat 0.145 stft 1.159 iq 0.572  (3943s)
it   8450  G  101.135  D  -40.817  gap  55.133 | adv 53.436 feat 0.139 stft 1.041 iq 0.574  (3967s)
it   8500  G  105.864  D  -40.810  gap  56.488 | adv 52.604 feat 0.137 stft 1.165 iq 0.565  (3990s)
it   8550  G  108.406  D  -40.066  gap  60.267 | adv 53.557 feat 0.137 stft 1.200 iq 0.564  (4013s)
it   8600  G  101.932  D  -41.161  gap  58.278 | adv 53.246 feat 0.139 stft 1.063 iq 0.573  (4037s)
it   8650  G  103.731  D  -41.258  gap  57.194 | adv 55.228 feat 0.139 stft 1.059 iq 0.573  (4060s)
it   8700  G  106.302  D  -40.594  gap  57.140 | adv 52.591 feat 0.140 stft 1.175 iq 0.570  (4084s)
it   8750  G  106.877  D  -41.414  gap  56.285 | adv 53.819 feat 0.142 stft 1.160 iq 0.569  (4107s)
it   8800  G  102.322  D  -40.916  gap  56.049 | adv 52.131 feat 0.142 stft 1.096 iq 0.567  (4131s)
it   8850  G  102.091  D  -40.472  gap  57.886 | adv 52.931 feat 0.144 stft 1.073 iq 0.570  (4154s)
it   8900  G  101.437  D  -40.812  gap  57.053 | adv 51.185 feat 0.143 stft 1.098 iq 0.568  (4177s)
it   8950  G   99.160  D  -40.665  gap  58.285 | adv 50.140 feat 0.145 stft 1.070 iq 0.570  (4201s)
it   9000  G  110.164  D  -40.435  gap  55.585 | adv 51.184 feat 0.137 stft 1.292 iq 0.561  (4224s)
it   9050  G  102.543  D  -41.514  gap  57.080 | adv 51.030 feat 0.143 stft 1.126 iq 0.570  (4248s)
it   9100  G  102.500  D  -40.874  gap  57.130 | adv 50.532 feat 0.140 stft 1.136 iq 0.570  (4271s)
it   9150  G  100.190  D  -41.493  gap  56.843 | adv 49.738 feat 0.144 stft 1.102 iq 0.571  (4294s)
it   9200  G   98.503  D  -40.352  gap  58.158 | adv 50.735 feat 0.140 stft 1.043 iq 0.571  (4318s)
it   9250  G  103.972  D  -41.161  gap  56.461 | adv 55.296 feat 0.140 stft 1.063 iq 0.570  (4341s)
it   9300  G   98.283  D  -40.167  gap  57.810 | adv 49.603 feat 0.142 stft 1.063 iq 0.568  (4365s)
it   9350  G  101.506  D  -40.811  gap  56.146 | adv 50.939 feat 0.140 stft 1.105 iq 0.567  (4388s)
it   9400  G  100.677  D  -40.978  gap  56.312 | adv 50.334 feat 0.143 stft 1.100 iq 0.571  (4411s)
it   9450  G  106.366  D  -40.949  gap  57.821 | adv 52.871 feat 0.142 stft 1.170 iq 0.571  (4435s)
it   9500  G  100.069  D  -40.960  gap  56.433 | adv 52.406 feat 0.137 stft 1.040 iq 0.569  (4458s)
it   9550  G   99.852  D  -41.114  gap  55.573 | adv 52.252 feat 0.139 stft 1.039 iq 0.567  (4482s)
it   9600  G  104.574  D  -41.326  gap  57.260 | adv 52.821 feat 0.141 stft 1.131 iq 0.570  (4505s)
it   9650  G  101.924  D  -40.863  gap  56.786 | adv 48.930 feat 0.138 stft 1.159 iq 0.563  (4528s)
it   9700  G   98.953  D  -41.049  gap  58.015 | adv 51.875 feat 0.138 stft 1.027 iq 0.570  (4552s)
it   9750  G   95.961  D  -40.271  gap  56.112 | adv 49.186 feat 0.137 stft 1.021 iq 0.569  (4575s)
it   9800  G  109.463  D  -40.991  gap  56.140 | adv 50.654 feat 0.143 stft 1.288 iq 0.570  (4599s)
it   9850  G   99.283  D  -40.981  gap  54.648 | adv 50.909 feat 0.144 stft 1.056 iq 0.570  (4622s)
it   9900  G  107.570  D  -40.552  gap  56.893 | adv 52.179 feat 0.146 stft 1.212 iq 0.563  (4645s)
it   9950  G   98.629  D  -40.296  gap  56.242 | adv 51.041 feat 0.147 stft 1.038 iq 0.573  (4669s)
it  10000  G  100.179  D  -40.707  gap  57.243 | adv 52.361 feat 0.144 stft 1.044 iq 0.573  (4692s)
wrote run002_G.pt, run002_losses.json, run002_losses.png to /home/rrahman/BT/Tabula Rasa/cgan/../artifacts/cgan
