node: tikgpu05.ee.ethz.ch | gpu: Tesla V100-PCIE-32GB
task 10 = {'target': 'kurtosis', 'beta': 10.0}  (tag kurtosis_b10, 128 frames/step, JSR band (-32.0, 0.0))
  target kurtosis: threshold 0.0508405, clean-frame std 0.015441 (soft_pdet width)
  step    0  JSR  -28.2  loss 3227.6453  logE[BER] -3225.942  P_det_soft 0.1704  (0s)
  step   25  JSR  -19.8  loss 985.3262  logE[BER] -983.525  P_det_soft 0.1801  (1s)
  step   50  JSR   -1.4  loss 12.7334  logE[BER] -2.733  P_det_soft 1.0000  (2s)
  step   75  JSR  -11.4  loss 12.9584  logE[BER] -5.780  P_det_soft 0.7179  (2s)
  step  100  JSR  -23.2  loss 138.6123  logE[BER] -136.738  P_det_soft 0.1875  (3s)
  step  125  JSR  -12.4  loss 12.5607  logE[BER] -5.914  P_det_soft 0.6647  (3s)
  step  150  JSR  -21.8  loss 32.4635  logE[BER] -30.686  P_det_soft 0.1778  (4s)
  step  175  JSR  -19.3  loss 9.8980  logE[BER] -7.774  P_det_soft 0.2124  (4s)
  step  200  JSR  -25.8  loss 809.5034  logE[BER] -807.926  P_det_soft 0.1578  (5s)
  step  225  JSR  -25.5  loss 613.1530  logE[BER] -611.730  P_det_soft 0.1423  (5s)
  step  250  JSR  -21.0  loss 11.3971  logE[BER] -9.704  P_det_soft 0.1693  (6s)
  step  275  JSR   -6.2  loss 14.9623  logE[BER] -4.962  P_det_soft 1.0000  (6s)
  step  300  JSR  -19.9  loss 10.3707  logE[BER] -8.626  P_det_soft 0.1745  (7s)
  step  325  JSR  -17.7  loss 8.9821  logE[BER] -6.620  P_det_soft 0.2362  (7s)
  step  350  JSR  -17.5  loss 8.9834  logE[BER] -6.685  P_det_soft 0.2298  (8s)
  step  375  JSR  -24.5  loss 244.8614  logE[BER] -243.302  P_det_soft 0.1560  (8s)
  step  400  JSR   -2.7  loss 13.5065  logE[BER] -3.507  P_det_soft 1.0000  (9s)
  step  425  JSR   -8.4  loss 15.3223  logE[BER] -5.348  P_det_soft 0.9975  (9s)
  step  450  JSR   -6.6  loss 14.9822  logE[BER] -4.982  P_det_soft 1.0000  (10s)
  step  475  JSR   -8.7  loss 15.3785  logE[BER] -5.380  P_det_soft 0.9999  (10s)
  step  500  JSR  -15.7  loss 10.6145  logE[BER] -6.262  P_det_soft 0.4353  (11s)
  step  525  JSR   -4.3  loss 14.4296  logE[BER] -4.430  P_det_soft 1.0000  (12s)
  step  550  JSR  -24.5  loss 153.1058  logE[BER] -151.505  P_det_soft 0.1601  (12s)
  step  575  JSR  -28.9  loss 1040.7524  logE[BER] -1039.006  P_det_soft 0.1746  (13s)
  step  600  JSR   -2.8  loss 13.7371  logE[BER] -3.737  P_det_soft 1.0000  (13s)
  step  625  JSR  -17.5  loss 8.8968  logE[BER] -6.362  P_det_soft 0.2535  (14s)
  step  650  JSR  -12.6  loss 13.1484  logE[BER] -5.629  P_det_soft 0.7520  (14s)
  step  675  JSR   -3.4  loss 14.0334  logE[BER] -4.033  P_det_soft 1.0000  (15s)
  step  700  JSR   -8.0  loss 15.4557  logE[BER] -5.456  P_det_soft 1.0000  (15s)
  step  725  JSR  -12.2  loss 14.5220  logE[BER] -5.628  P_det_soft 0.8894  (16s)
  step  750  JSR  -31.8  loss 1801.6950  logE[BER] -1800.343  P_det_soft 0.1352  (16s)
  step  775  JSR  -16.0  loss 10.4379  logE[BER] -6.181  P_det_soft 0.4256  (17s)
  step  800  JSR  -29.5  loss 1248.9134  logE[BER] -1247.287  P_det_soft 0.1626  (17s)
  step  825  JSR   -7.1  loss 15.1527  logE[BER] -5.153  P_det_soft 1.0000  (18s)
  step  850  JSR  -19.4  loss 8.9837  logE[BER] -6.932  P_det_soft 0.2052  (18s)
  step  875  JSR  -29.1  loss 1117.1945  logE[BER] -1115.607  P_det_soft 0.1587  (19s)
  step  900  JSR  -21.4  loss 9.8969  logE[BER] -8.293  P_det_soft 0.1603  (19s)
  step  925  JSR  -29.3  loss 1360.4567  logE[BER] -1358.937  P_det_soft 0.1520  (20s)
  step  950  JSR  -21.7  loss 10.5972  logE[BER] -8.553  P_det_soft 0.2044  (20s)
  step  975  JSR  -28.1  loss 991.2775  logE[BER] -989.447  P_det_soft 0.1830  (21s)
  step 1000  JSR  -17.0  loss 9.8125  logE[BER] -6.111  P_det_soft 0.3701  (21s)
  step 1025  JSR  -18.7  loss 9.0104  logE[BER] -6.525  P_det_soft 0.2485  (22s)
  step 1050  JSR  -18.9  loss 8.9905  logE[BER] -6.434  P_det_soft 0.2556  (23s)
  step 1075  JSR  -21.7  loss 10.0881  logE[BER] -8.303  P_det_soft 0.1785  (23s)
  step 1100  JSR   -5.6  loss 14.9673  logE[BER] -4.967  P_det_soft 1.0000  (24s)
  step 1125  JSR  -25.2  loss 243.3528  logE[BER] -241.769  P_det_soft 0.1583  (24s)
  step 1150  JSR   -6.7  loss 15.0790  logE[BER] -5.079  P_det_soft 1.0000  (25s)
  step 1175  JSR  -25.0  loss 265.5507  logE[BER] -264.210  P_det_soft 0.1341  (25s)
  step 1200  JSR  -19.8  loss 9.3066  logE[BER] -7.225  P_det_soft 0.2081  (26s)
  step 1225  JSR   -6.9  loss 15.1800  logE[BER] -5.180  P_det_soft 1.0000  (26s)
  step 1250  JSR  -22.8  loss 18.9601  logE[BER] -17.244  P_det_soft 0.1716  (27s)
  step 1275  JSR   -3.6  loss 14.2844  logE[BER] -4.284  P_det_soft 1.0000  (27s)
  step 1300  JSR  -19.5  loss 8.4590  logE[BER] -6.741  P_det_soft 0.1718  (28s)
  step 1325  JSR  -25.1  loss 162.1121  logE[BER] -160.676  P_det_soft 0.1436  (28s)
  step 1350  JSR   -5.7  loss 14.7330  logE[BER] -4.733  P_det_soft 1.0000  (29s)
  step 1375  JSR  -21.4  loss 9.9712  logE[BER] -8.337  P_det_soft 0.1634  (29s)
  step 1400  JSR  -28.8  loss 988.0361  logE[BER] -986.370  P_det_soft 0.1666  (30s)
  step 1425  JSR  -10.6  loss 15.3823  logE[BER] -5.417  P_det_soft 0.9966  (30s)
  step 1450  JSR  -20.1  loss 9.2322  logE[BER] -7.134  P_det_soft 0.2098  (31s)
  step 1475  JSR  -27.0  loss 726.9889  logE[BER] -725.364  P_det_soft 0.1625  (31s)
  step 1500  JSR  -12.2  loss 15.0955  logE[BER] -5.620  P_det_soft 0.9475  (32s)
  step 1525  JSR  -21.9  loss 10.3704  logE[BER] -8.696  P_det_soft 0.1675  (32s)
  step 1550  JSR  -15.1  loss 11.7769  logE[BER] -5.990  P_det_soft 0.5787  (33s)
  step 1575  JSR   -7.7  loss 15.3081  logE[BER] -5.308  P_det_soft 1.0000  (34s)
  step 1600  JSR  -11.9  loss 14.6892  logE[BER] -5.447  P_det_soft 0.9242  (34s)
  step 1625  JSR  -30.2  loss 1404.2230  logE[BER] -1402.765  P_det_soft 0.1458  (35s)
  step 1650  JSR  -29.8  loss 1243.9494  logE[BER] -1242.163  P_det_soft 0.1786  (35s)
  step 1675  JSR  -31.7  loss 1600.8704  logE[BER] -1599.511  P_det_soft 0.1359  (36s)
  step 1700  JSR  -14.0  loss 12.1065  logE[BER] -5.663  P_det_soft 0.6443  (36s)
  step 1725  JSR  -26.9  loss 663.7842  logE[BER] -661.893  P_det_soft 0.1892  (37s)
  step 1750  JSR  -17.7  loss 9.5849  logE[BER] -6.378  P_det_soft 0.3207  (37s)
  step 1775  JSR  -13.8  loss 12.4983  logE[BER] -5.650  P_det_soft 0.6849  (38s)
  step 1800  JSR  -11.2  loss 15.2030  logE[BER] -5.534  P_det_soft 0.9669  (38s)
  step 1825  JSR  -19.5  loss 8.8721  logE[BER] -6.731  P_det_soft 0.2141  (39s)
  step 1850  JSR   -9.6  loss 15.3579  logE[BER] -5.358  P_det_soft 1.0000  (39s)
  step 1875  JSR   -0.9  loss 13.4678  logE[BER] -3.468  P_det_soft 1.0000  (40s)
  step 1900  JSR  -30.0  loss 1188.7833  logE[BER] -1187.229  P_det_soft 0.1555  (40s)
  step 1925  JSR  -26.7  loss 494.8232  logE[BER] -493.292  P_det_soft 0.1531  (41s)
  step 1950  JSR  -31.0  loss 1500.6315  logE[BER] -1499.083  P_det_soft 0.1548  (41s)
  step 1975  JSR   -1.1  loss 13.6667  logE[BER] -3.667  P_det_soft 1.0000  (42s)
  step 2000  JSR   -3.2  loss 14.1881  logE[BER] -4.188  P_det_soft 1.0000  (42s)
  step 2025  JSR  -13.9  loss 12.5230  logE[BER] -5.621  P_det_soft 0.6902  (43s)
  step 2050  JSR   -6.6  loss 15.0977  logE[BER] -5.098  P_det_soft 1.0000  (43s)
  step 2075  JSR  -16.4  loss 10.7257  logE[BER] -6.046  P_det_soft 0.4680  (44s)
  step 2100  JSR   -6.9  loss 15.0117  logE[BER] -5.012  P_det_soft 1.0000  (45s)
  step 2125  JSR  -13.5  loss 13.4753  logE[BER] -5.656  P_det_soft 0.7819  (45s)
  step 2150  JSR  -25.2  loss 162.5409  logE[BER] -161.022  P_det_soft 0.1519  (46s)
  step 2175  JSR  -21.1  loss 9.1900  logE[BER] -7.365  P_det_soft 0.1825  (46s)
  step 2200  JSR  -14.0  loss 13.1390  logE[BER] -5.769  P_det_soft 0.7370  (47s)
  step 2225  JSR  -28.6  loss 949.8695  logE[BER] -948.189  P_det_soft 0.1680  (47s)
  step 2250  JSR   -1.6  loss 13.7364  logE[BER] -3.736  P_det_soft 1.0000  (48s)
  step 2275  JSR   -2.7  loss 14.1075  logE[BER] -4.108  P_det_soft 1.0000  (48s)
  step 2300  JSR  -28.1  loss 842.5406  logE[BER] -840.906  P_det_soft 0.1635  (49s)
  step 2325  JSR  -14.1  loss 12.2567  logE[BER] -5.731  P_det_soft 0.6525  (49s)
  step 2350  JSR   -9.8  loss 15.3272  logE[BER] -5.327  P_det_soft 1.0000  (50s)
  step 2375  JSR  -11.7  loss 14.8858  logE[BER] -5.530  P_det_soft 0.9356  (50s)
  step 2400  JSR  -11.9  loss 14.8786  logE[BER] -5.559  P_det_soft 0.9319  (51s)
  step 2425  JSR   -0.0  loss 13.2497  logE[BER] -3.250  P_det_soft 1.0000  (51s)
  step 2450  JSR  -14.3  loss 11.7536  logE[BER] -5.654  P_det_soft 0.6099  (52s)
  step 2475  JSR  -17.2  loss 9.2477  logE[BER] -6.091  P_det_soft 0.3156  (52s)
  step 2500  JSR  -15.9  loss 10.9302  logE[BER] -6.014  P_det_soft 0.4916  (53s)
  step 2525  JSR  -22.1  loss 10.6509  logE[BER] -8.897  P_det_soft 0.1754  (53s)
  step 2550  JSR  -27.9  loss 794.5607  logE[BER] -792.927  P_det_soft 0.1634  (54s)
  step 2575  JSR  -13.3  loss 13.8258  logE[BER] -5.617  P_det_soft 0.8209  (54s)
  step 2600  JSR  -22.8  loss 11.2434  logE[BER] -9.705  P_det_soft 0.1539  (55s)
  step 2625  JSR  -14.3  loss 12.3406  logE[BER] -5.806  P_det_soft 0.6535  (56s)
  step 2650  JSR   -7.3  loss 15.0659  logE[BER] -5.066  P_det_soft 1.0000  (56s)
  step 2675  JSR  -16.3  loss 10.6196  logE[BER] -5.978  P_det_soft 0.4642  (57s)
  step 2700  JSR  -19.1  loss 9.0299  logE[BER] -6.735  P_det_soft 0.2294  (57s)
  step 2725  JSR  -16.7  loss 10.1500  logE[BER] -6.076  P_det_soft 0.4074  (58s)
  step 2750  JSR  -21.8  loss 9.7129  logE[BER] -7.932  P_det_soft 0.1781  (58s)
  step 2775  JSR  -24.1  loss 86.6372  logE[BER] -84.460  P_det_soft 0.2177  (59s)
  step 2800  JSR  -25.2  loss 170.1037  logE[BER] -168.509  P_det_soft 0.1594  (59s)
  step 2825  JSR  -19.9  loss 8.6052  logE[BER] -6.658  P_det_soft 0.1948  (60s)
  step 2850  JSR  -14.5  loss 11.8709  logE[BER] -5.810  P_det_soft 0.6061  (60s)
  step 2875  JSR  -16.0  loss 10.5162  logE[BER] -5.935  P_det_soft 0.4581  (61s)
  step 2900  JSR   -4.3  loss 14.4503  logE[BER] -4.450  P_det_soft 1.0000  (61s)
  step 2925  JSR  -31.4  loss 1571.0149  logE[BER] -1569.371  P_det_soft 0.1644  (62s)
  step 2950  JSR   -9.6  loss 15.3101  logE[BER] -5.317  P_det_soft 0.9993  (62s)
  step 2975  JSR  -10.0  loss 15.4425  logE[BER] -5.443  P_det_soft 0.9999  (63s)
  step 3000  JSR  -28.9  loss 972.8848  logE[BER] -971.351  P_det_soft 0.1534  (63s)
  step 3025  JSR  -22.0  loss 10.3896  logE[BER] -8.660  P_det_soft 0.1729  (64s)
  step 3050  JSR  -17.8  loss 9.9480  logE[BER] -6.369  P_det_soft 0.3579  (64s)
  step 3075  JSR  -25.7  loss 320.2588  logE[BER] -318.430  P_det_soft 0.1829  (65s)
  step 3100  JSR   -6.1  loss 14.9708  logE[BER] -4.971  P_det_soft 1.0000  (65s)
  step 3125  JSR  -14.8  loss 11.5349  logE[BER] -5.727  P_det_soft 0.5808  (66s)
  step 3150  JSR  -24.0  loss 88.3445  logE[BER] -86.844  P_det_soft 0.1501  (67s)
  step 3175  JSR  -24.8  loss 132.8024  logE[BER] -131.187  P_det_soft 0.1615  (67s)
  step 3200  JSR  -10.3  loss 15.2089  logE[BER] -5.275  P_det_soft 0.9934  (68s)
  step 3225  JSR  -29.3  loss 996.8918  logE[BER] -995.348  P_det_soft 0.1543  (68s)
  step 3250  JSR   -3.0  loss 14.3521  logE[BER] -4.352  P_det_soft 1.0000  (69s)
  step 3275  JSR  -31.6  loss 1583.5038  logE[BER] -1581.976  P_det_soft 0.1528  (69s)
  step 3300  JSR   -7.0  loss 15.1983  logE[BER] -5.198  P_det_soft 1.0000  (70s)
  step 3325  JSR  -17.5  loss 9.2667  logE[BER] -6.057  P_det_soft 0.3209  (70s)
  step 3350  JSR  -25.0  loss 212.8315  logE[BER] -211.104  P_det_soft 0.1727  (71s)
  step 3375  JSR  -23.5  loss 63.3161  logE[BER] -61.573  P_det_soft 0.1743  (71s)
  step 3400  JSR  -11.5  loss 15.2124  logE[BER] -5.434  P_det_soft 0.9779  (72s)
  step 3425  JSR   -8.5  loss 15.2562  logE[BER] -5.256  P_det_soft 1.0000  (72s)
  step 3450  JSR  -15.1  loss 10.2600  logE[BER] -5.732  P_det_soft 0.4528  (73s)
  step 3475  JSR  -31.4  loss 1483.5637  logE[BER] -1481.751  P_det_soft 0.1812  (73s)
  step 3500  JSR   -7.3  loss 15.1425  logE[BER] -5.142  P_det_soft 1.0000  (74s)
  step 3525  JSR  -19.9  loss 8.9061  logE[BER] -6.741  P_det_soft 0.2165  (74s)
  step 3550  JSR   -1.3  loss 13.8089  logE[BER] -3.809  P_det_soft 1.0000  (75s)
  step 3575  JSR  -15.7  loss 10.7595  logE[BER] -5.979  P_det_soft 0.4780  (75s)
  step 3600  JSR  -31.6  loss 1606.8801  logE[BER] -1605.278  P_det_soft 0.1602  (76s)
  step 3625  JSR  -19.8  loss 8.6862  logE[BER] -6.657  P_det_soft 0.2029  (76s)
  step 3650  JSR  -31.5  loss 1537.1122  logE[BER] -1535.455  P_det_soft 0.1657  (77s)
  step 3675  JSR  -27.4  loss 602.8652  logE[BER] -601.397  P_det_soft 0.1469  (77s)
  step 3700  JSR   -8.6  loss 15.3437  logE[BER] -5.344  P_det_soft 1.0000  (78s)
  step 3725  JSR  -16.1  loss 10.7446  logE[BER] -5.994  P_det_soft 0.4751  (79s)
  step 3750  JSR  -19.1  loss 9.5670  logE[BER] -6.750  P_det_soft 0.2817  (79s)
  step 3775  JSR  -28.9  loss 1070.0353  logE[BER] -1068.256  P_det_soft 0.1779  (80s)
  step 3800  JSR  -20.7  loss 9.1163  logE[BER] -7.014  P_det_soft 0.2103  (80s)
  step 3825  JSR  -30.2  loss 1222.1021  logE[BER] -1220.685  P_det_soft 0.1417  (81s)
  step 3850  JSR  -25.7  loss 338.9511  logE[BER] -337.246  P_det_soft 0.1705  (81s)
  step 3875  JSR  -24.7  loss 84.1516  logE[BER] -82.562  P_det_soft 0.1590  (82s)
  step 3900  JSR  -29.7  loss 1121.0237  logE[BER] -1119.374  P_det_soft 0.1650  (82s)
  step 3925  JSR  -22.8  loss 14.4279  logE[BER] -12.725  P_det_soft 0.1703  (83s)
  step 3950  JSR  -22.1  loss 10.4073  logE[BER] -8.675  P_det_soft 0.1732  (83s)
  step 3975  JSR   -7.8  loss 15.1932  logE[BER] -5.193  P_det_soft 1.0000  (84s)
  step 3999  JSR  -25.4  loss 276.6024  logE[BER] -274.848  P_det_soft 0.1755  (84s)
wrote task10_G.pt, task10.json  (tag kurtosis_b10)
