node: artongpu01.ee.ethz.ch | gpu: NVIDIA GeForce RTX 2080 Ti
task 9 = {'target': 'kurtosis', 'beta': 1.0}  (tag kurtosis_b1, 128 frames/step, JSR band (-32.0, 0.0))
  target kurtosis: threshold 0.0508405, clean-frame std 0.0154423 (soft_pdet width)
  step    0  JSR   -8.1  loss 796.5987  logE[BER] -795.604  P_det_soft 0.9946  (1s)
  step   25  JSR   -4.8  loss 6.5436  logE[BER] -5.544  P_det_soft 1.0000  (2s)
  step   50  JSR  -23.9  loss 1873.0398  logE[BER] -1872.871  P_det_soft 0.1683  (3s)
  step   75  JSR  -24.0  loss 1723.3580  logE[BER] -1723.196  P_det_soft 0.1623  (3s)
  step  100  JSR   -3.3  loss 6.3607  logE[BER] -5.361  P_det_soft 1.0000  (4s)
  step  125  JSR  -14.8  loss 160.3979  logE[BER] -160.010  P_det_soft 0.3880  (4s)
  step  150  JSR  -15.3  loss 110.1679  logE[BER] -109.800  P_det_soft 0.3678  (5s)
  step  175  JSR   -2.1  loss 5.9854  logE[BER] -4.985  P_det_soft 1.0000  (6s)
  step  200  JSR  -25.5  loss 2192.0742  logE[BER] -2191.900  P_det_soft 0.1743  (6s)
  step  225  JSR   -3.2  loss 6.1560  logE[BER] -5.156  P_det_soft 1.0000  (7s)
  step  250  JSR  -15.6  loss 50.0488  logE[BER] -49.683  P_det_soft 0.3656  (8s)
  step  275  JSR  -30.6  loss 2744.8850  logE[BER] -2744.732  P_det_soft 0.1534  (8s)
  step  300  JSR  -17.5  loss 205.5016  logE[BER] -205.276  P_det_soft 0.2255  (9s)
  step  325  JSR   -2.8  loss 6.2695  logE[BER] -5.270  P_det_soft 1.0000  (10s)
  step  350  JSR  -16.4  loss 175.8394  logE[BER] -175.555  P_det_soft 0.2842  (10s)
  step  375  JSR  -29.5  loss 2769.5016  logE[BER] -2769.343  P_det_soft 0.1587  (11s)
  step  400  JSR  -24.3  loss 1618.4816  logE[BER] -1618.319  P_det_soft 0.1626  (12s)
  step  425  JSR  -17.0  loss 136.3978  logE[BER] -136.153  P_det_soft 0.2445  (12s)
  step  450  JSR  -22.7  loss 1608.7313  logE[BER] -1608.549  P_det_soft 0.1824  (13s)
  step  475  JSR  -27.2  loss 1975.7547  logE[BER] -1975.580  P_det_soft 0.1743  (13s)
  step  500  JSR  -12.6  loss 8.2949  logE[BER] -7.656  P_det_soft 0.6386  (14s)
  step  525  JSR  -13.7  loss 9.2085  logE[BER] -8.706  P_det_soft 0.5029  (15s)
  step  550  JSR  -28.3  loss 2677.2520  logE[BER] -2677.084  P_det_soft 0.1678  (15s)
  step  575  JSR   -3.5  loss 6.3015  logE[BER] -5.301  P_det_soft 1.0000  (16s)
  step  600  JSR  -20.4  loss 541.0309  logE[BER] -540.853  P_det_soft 0.1776  (17s)
  step  625  JSR   -6.8  loss 6.9674  logE[BER] -5.969  P_det_soft 0.9986  (17s)
  step  650  JSR  -24.7  loss 1387.7722  logE[BER] -1387.595  P_det_soft 0.1770  (18s)
  step  675  JSR  -30.0  loss 2439.1279  logE[BER] -2438.953  P_det_soft 0.1752  (19s)
  step  700  JSR  -26.7  loss 2085.6843  logE[BER] -2085.499  P_det_soft 0.1854  (19s)
  step  725  JSR  -12.1  loss 8.0878  logE[BER] -7.427  P_det_soft 0.6609  (20s)
  step  750  JSR   -0.9  loss 5.7743  logE[BER] -4.774  P_det_soft 1.0000  (21s)
  step  775  JSR  -27.0  loss 1951.7701  logE[BER] -1951.599  P_det_soft 0.1706  (21s)
  step  800  JSR  -21.5  loss 812.6664  logE[BER] -812.489  P_det_soft 0.1771  (22s)
  step  825  JSR   -6.6  loss 6.6856  logE[BER] -5.688  P_det_soft 0.9974  (23s)
  step  850  JSR  -16.2  loss 10.0123  logE[BER] -9.704  P_det_soft 0.3082  (23s)
  step  875  JSR   -9.3  loss 7.4352  logE[BER] -6.487  P_det_soft 0.9487  (24s)
  step  900  JSR  -18.5  loss 526.0284  logE[BER] -525.838  P_det_soft 0.1907  (25s)
  step  925  JSR   -6.7  loss 6.6062  logE[BER] -5.615  P_det_soft 0.9910  (25s)
  step  950  JSR  -18.6  loss 40.9521  logE[BER] -40.739  P_det_soft 0.2133  (26s)
  step  975  JSR  -15.7  loss 17.6692  logE[BER] -17.327  P_det_soft 0.3422  (27s)
  step 1000  JSR   -6.1  loss 6.8922  logE[BER] -5.894  P_det_soft 0.9977  (28s)
  step 1025  JSR   -5.1  loss 6.5203  logE[BER] -5.520  P_det_soft 0.9999  (28s)
  step 1050  JSR   -0.0  loss 5.4972  logE[BER] -4.497  P_det_soft 1.0000  (29s)
  step 1075  JSR  -23.0  loss 840.0507  logE[BER] -839.882  P_det_soft 0.1688  (30s)
  step 1100  JSR  -12.0  loss 8.1768  logE[BER] -7.452  P_det_soft 0.7244  (30s)
  step 1125  JSR   -6.2  loss 6.8434  logE[BER] -5.857  P_det_soft 0.9865  (31s)
  step 1150  JSR   -9.6  loss 7.5683  logE[BER] -6.679  P_det_soft 0.8897  (32s)
  step 1175  JSR   -4.9  loss 6.4203  logE[BER] -5.421  P_det_soft 0.9996  (32s)
  step 1200  JSR   -3.8  loss 6.3885  logE[BER] -5.389  P_det_soft 1.0000  (33s)
  step 1225  JSR  -29.3  loss 2694.0395  logE[BER] -2693.870  P_det_soft 0.1696  (34s)
  step 1250  JSR  -18.4  loss 389.2245  logE[BER] -388.999  P_det_soft 0.2258  (34s)
  step 1275  JSR  -12.3  loss 7.9788  logE[BER] -7.309  P_det_soft 0.6693  (35s)
  step 1300  JSR  -26.3  loss 1626.8485  logE[BER] -1626.679  P_det_soft 0.1695  (36s)
  step 1325  JSR  -31.5  loss 2574.1347  logE[BER] -2573.987  P_det_soft 0.1478  (36s)
  step 1350  JSR  -19.6  loss 43.1107  logE[BER] -42.922  P_det_soft 0.1885  (37s)
  step 1375  JSR   -1.1  loss 5.7969  logE[BER] -4.797  P_det_soft 1.0000  (38s)
  step 1400  JSR  -30.6  loss 2384.0426  logE[BER] -2383.899  P_det_soft 0.1436  (39s)
  step 1425  JSR  -17.1  loss 10.6254  logE[BER] -10.396  P_det_soft 0.2292  (39s)
  step 1450  JSR  -12.3  loss 7.2988  logE[BER] -6.623  P_det_soft 0.6761  (40s)
  step 1475  JSR   -9.5  loss 7.1097  logE[BER] -6.182  P_det_soft 0.9276  (41s)
  step 1500  JSR  -25.6  loss 1383.7588  logE[BER] -1383.602  P_det_soft 0.1573  (41s)
  step 1525  JSR  -12.8  loss 8.3951  logE[BER] -7.830  P_det_soft 0.5653  (42s)
  step 1550  JSR  -19.0  loss 303.3333  logE[BER] -303.134  P_det_soft 0.1994  (43s)
  step 1575  JSR   -3.3  loss 6.2033  logE[BER] -5.203  P_det_soft 1.0000  (43s)
  step 1600  JSR   -5.1  loss 6.5537  logE[BER] -5.554  P_det_soft 0.9996  (44s)
  step 1625  JSR  -30.9  loss 2644.0901  logE[BER] -2643.943  P_det_soft 0.1473  (45s)
  step 1650  JSR  -18.3  loss 10.6145  logE[BER] -10.397  P_det_soft 0.2173  (46s)
  step 1675  JSR  -14.5  loss 8.3646  logE[BER] -7.937  P_det_soft 0.4276  (46s)
  step 1700  JSR   -2.6  loss 6.1344  logE[BER] -5.137  P_det_soft 0.9978  (47s)
  step 1725  JSR  -17.3  loss 10.7748  logE[BER] -10.535  P_det_soft 0.2399  (48s)
  step 1750  JSR   -0.5  loss 5.6448  logE[BER] -4.645  P_det_soft 1.0000  (48s)
  step 1775  JSR  -29.3  loss 2084.9976  logE[BER] -2084.832  P_det_soft 0.1657  (49s)
  step 1800  JSR   -7.3  loss 6.9132  logE[BER] -5.917  P_det_soft 0.9958  (50s)
  step 1825  JSR  -31.5  loss 2443.8585  logE[BER] -2443.690  P_det_soft 0.1685  (50s)
  step 1850  JSR  -11.7  loss 7.7296  logE[BER] -6.991  P_det_soft 0.7382  (51s)
  step 1875  JSR  -27.5  loss 1610.3880  logE[BER] -1610.245  P_det_soft 0.1429  (52s)
  step 1900  JSR  -17.7  loss 10.6436  logE[BER] -10.403  P_det_soft 0.2402  (53s)
  step 1925  JSR  -21.1  loss 628.3634  logE[BER] -628.179  P_det_soft 0.1841  (53s)
  step 1950  JSR   -3.5  loss 6.2170  logE[BER] -5.217  P_det_soft 0.9999  (54s)
  step 1975  JSR  -31.9  loss 2512.1073  logE[BER] -2511.955  P_det_soft 0.1527  (55s)
  step 2000  JSR   -4.0  loss 6.0831  logE[BER] -5.083  P_det_soft 0.9997  (55s)
  step 2025  JSR  -24.5  loss 784.8130  logE[BER] -784.659  P_det_soft 0.1541  (56s)
  step 2050  JSR  -14.8  loss 7.7928  logE[BER] -7.423  P_det_soft 0.3697  (57s)
  step 2075  JSR  -18.9  loss 10.1196  logE[BER] -9.926  P_det_soft 0.1939  (57s)
  step 2100  JSR  -14.3  loss 8.1530  logE[BER] -7.702  P_det_soft 0.4508  (58s)
  step 2125  JSR  -21.5  loss 518.7502  logE[BER] -518.599  P_det_soft 0.1511  (59s)
  step 2150  JSR  -22.7  loss 687.2713  logE[BER] -687.079  P_det_soft 0.1923  (59s)
  step 2175  JSR  -15.8  loss 8.0892  logE[BER] -7.775  P_det_soft 0.3139  (60s)
  step 2200  JSR  -11.9  loss 7.2673  logE[BER] -6.534  P_det_soft 0.7328  (61s)
  step 2225  JSR  -29.9  loss 1960.1664  logE[BER] -1960.008  P_det_soft 0.1582  (62s)
  step 2250  JSR  -31.7  loss 2424.2511  logE[BER] -2424.073  P_det_soft 0.1780  (62s)
  step 2275  JSR   -7.1  loss 6.6509  logE[BER] -5.655  P_det_soft 0.9962  (63s)
  step 2300  JSR  -29.7  loss 1707.1973  logE[BER] -1707.051  P_det_soft 0.1468  (64s)
  step 2325  JSR   -3.6  loss 6.1056  logE[BER] -5.106  P_det_soft 1.0000  (64s)
  step 2350  JSR  -25.2  loss 1216.9049  logE[BER] -1216.709  P_det_soft 0.1959  (65s)
  step 2375  JSR   -8.7  loss 6.7684  logE[BER] -5.802  P_det_soft 0.9660  (66s)
  step 2400  JSR  -16.3  loss 8.5230  logE[BER] -8.208  P_det_soft 0.3147  (66s)
  step 2425  JSR   -8.7  loss 7.0123  logE[BER] -6.027  P_det_soft 0.9857  (67s)
  step 2450  JSR   -6.9  loss 6.7459  logE[BER] -5.757  P_det_soft 0.9886  (68s)
  step 2475  JSR  -11.8  loss 7.3004  logE[BER] -6.540  P_det_soft 0.7609  (69s)
  step 2500  JSR   -2.2  loss 5.8028  logE[BER] -4.803  P_det_soft 1.0000  (69s)
  step 2525  JSR  -18.0  loss 10.4261  logE[BER] -10.199  P_det_soft 0.2268  (70s)
  step 2550  JSR  -14.7  loss 7.9191  logE[BER] -7.521  P_det_soft 0.3985  (71s)
  step 2575  JSR  -10.9  loss 7.2295  logE[BER] -6.401  P_det_soft 0.8286  (71s)
  step 2600  JSR   -7.7  loss 6.7700  logE[BER] -5.782  P_det_soft 0.9881  (72s)
  step 2625  JSR  -17.1  loss 8.5648  logE[BER] -8.318  P_det_soft 0.2471  (73s)
  step 2650  JSR   -2.9  loss 5.9501  logE[BER] -4.950  P_det_soft 1.0000  (73s)
  step 2675  JSR  -22.9  loss 454.2670  logE[BER] -454.101  P_det_soft 0.1655  (74s)
  step 2700  JSR  -13.2  loss 7.5766  logE[BER] -7.017  P_det_soft 0.5592  (75s)
  step 2725  JSR  -28.1  loss 1475.8065  logE[BER] -1475.648  P_det_soft 0.1587  (75s)
  step 2750  JSR   -3.7  loss 6.0138  logE[BER] -5.014  P_det_soft 1.0000  (76s)
  step 2775  JSR  -30.1  loss 1792.1714  logE[BER] -1792.000  P_det_soft 0.1716  (77s)
  step 2800  JSR  -12.0  loss 6.9750  logE[BER] -6.247  P_det_soft 0.7279  (78s)
  step 2825  JSR  -23.8  loss 371.5093  logE[BER] -371.368  P_det_soft 0.1408  (78s)
  step 2850  JSR  -13.8  loss 7.2302  logE[BER] -6.715  P_det_soft 0.5153  (79s)
  step 2875  JSR  -21.2  loss 56.2667  logE[BER] -56.116  P_det_soft 0.1511  (80s)
  step 2900  JSR   -2.4  loss 5.9574  logE[BER] -4.957  P_det_soft 1.0000  (80s)
  step 2925  JSR   -9.7  loss 6.9406  logE[BER] -5.997  P_det_soft 0.9439  (81s)
  step 2950  JSR   -6.1  loss 6.4869  logE[BER] -5.488  P_det_soft 0.9989  (82s)
  step 2975  JSR   -8.4  loss 6.7243  logE[BER] -5.742  P_det_soft 0.9827  (82s)
  step 3000  JSR  -19.6  loss 9.0627  logE[BER] -8.856  P_det_soft 0.2067  (83s)
  step 3025  JSR  -28.2  loss 1072.4367  logE[BER] -1072.287  P_det_soft 0.1495  (84s)
  step 3050  JSR  -21.3  loss 10.5751  logE[BER] -10.405  P_det_soft 0.1703  (85s)
  step 3075  JSR  -30.5  loss 2091.6680  logE[BER] -2091.525  P_det_soft 0.1434  (85s)
  step 3100  JSR  -26.0  loss 942.9220  logE[BER] -942.768  P_det_soft 0.1541  (86s)
  step 3125  JSR  -20.0  loss 9.9126  logE[BER] -9.706  P_det_soft 0.2069  (87s)
  step 3150  JSR   -3.9  loss 6.1548  logE[BER] -5.155  P_det_soft 1.0000  (87s)
  step 3175  JSR  -19.0  loss 9.1215  logE[BER] -8.902  P_det_soft 0.2191  (88s)
  step 3200  JSR  -24.2  loss 300.1918  logE[BER] -300.037  P_det_soft 0.1549  (89s)
  step 3225  JSR  -25.1  loss 464.1222  logE[BER] -463.961  P_det_soft 0.1616  (89s)
  step 3250  JSR  -27.0  loss 1343.9155  logE[BER] -1343.748  P_det_soft 0.1673  (90s)
  step 3275  JSR  -16.9  loss 7.7646  logE[BER] -7.479  P_det_soft 0.2853  (91s)
  step 3300  JSR  -10.4  loss 7.1162  logE[BER] -6.205  P_det_soft 0.9116  (92s)
  step 3325  JSR  -22.4  loss 237.1058  logE[BER] -236.935  P_det_soft 0.1705  (92s)
  step 3350  JSR  -29.6  loss 1642.9271  logE[BER] -1642.785  P_det_soft 0.1425  (93s)
  step 3375  JSR  -10.9  loss 6.9676  logE[BER] -6.117  P_det_soft 0.8506  (94s)
  step 3400  JSR  -11.0  loss 7.0392  logE[BER] -6.170  P_det_soft 0.8690  (94s)
  step 3425  JSR  -29.7  loss 1523.8201  logE[BER] -1523.640  P_det_soft 0.1797  (95s)
  step 3450  JSR   -8.0  loss 6.8137  logE[BER] -5.829  P_det_soft 0.9852  (96s)
  step 3475  JSR  -31.8  loss 1892.4962  logE[BER] -1892.349  P_det_soft 0.1477  (96s)
  step 3500  JSR   -7.1  loss 6.5144  logE[BER] -5.524  P_det_soft 0.9908  (97s)
  step 3525  JSR  -14.1  loss 6.8915  logE[BER] -6.443  P_det_soft 0.4489  (98s)
  step 3550  JSR  -13.3  loss 7.1695  logE[BER] -6.577  P_det_soft 0.5922  (98s)
  step 3575  JSR   -8.3  loss 6.7583  logE[BER] -5.771  P_det_soft 0.9870  (99s)
  step 3600  JSR   -5.7  loss 6.5287  logE[BER] -5.530  P_det_soft 0.9985  (100s)
  step 3625  JSR   -8.6  loss 6.7752  logE[BER] -5.790  P_det_soft 0.9849  (101s)
  step 3650  JSR  -22.4  loss 251.7845  logE[BER] -251.598  P_det_soft 0.1865  (101s)
  step 3675  JSR  -21.7  loss 10.5609  logE[BER] -10.396  P_det_soft 0.1647  (102s)
  step 3700  JSR  -21.1  loss 15.6750  logE[BER] -15.491  P_det_soft 0.1841  (103s)
  step 3725  JSR   -3.7  loss 6.1153  logE[BER] -5.115  P_det_soft 1.0000  (103s)
  step 3750  JSR  -30.7  loss 1615.8802  logE[BER] -1615.719  P_det_soft 0.1616  (104s)
  step 3775  JSR  -18.5  loss 8.4444  logE[BER] -8.182  P_det_soft 0.2622  (105s)
  step 3800  JSR   -9.5  loss 6.7744  logE[BER] -5.833  P_det_soft 0.9412  (105s)
  step 3825  JSR   -4.1  loss 6.3140  logE[BER] -5.314  P_det_soft 1.0000  (106s)
  step 3850  JSR  -15.2  loss 7.1256  logE[BER] -6.701  P_det_soft 0.4243  (107s)
  step 3875  JSR   -4.6  loss 6.2499  logE[BER] -5.250  P_det_soft 1.0000  (108s)
  step 3900  JSR  -25.6  loss 537.5898  logE[BER] -537.423  P_det_soft 0.1665  (108s)
  step 3925  JSR  -18.1  loss 7.7167  logE[BER] -7.452  P_det_soft 0.2646  (109s)
  step 3950  JSR   -8.8  loss 6.5265  logE[BER] -5.588  P_det_soft 0.9384  (110s)
  step 3975  JSR   -4.9  loss 6.1709  logE[BER] -5.171  P_det_soft 0.9998  (110s)
  step 3999  JSR  -13.9  loss 7.1090  logE[BER] -6.543  P_det_soft 0.5660  (111s)
wrote task9_G.pt, task9.json  (tag kurtosis_b1)
