node: tikgpu05.ee.ethz.ch | gpu: NVIDIA TITAN RTX
task 12 = {'target': 'kurtosis', 'beta': 1000.0}  (tag kurtosis_b1000)
  step    0  JSR  -24.5  loss 3133.1085  logE[BER] -2978.834  P_det_soft 0.1543  (1s)
  step   25  JSR  -26.3  loss 2668.0787  logE[BER] -2490.682  P_det_soft 0.1774  (2s)
  step   50  JSR  -31.4  loss 2538.4097  logE[BER] -2388.933  P_det_soft 0.1495  (2s)
  step   75  JSR  -15.3  loss 224.0629  logE[BER] -6.692  P_det_soft 0.2174  (3s)
  step  100  JSR  -24.0  loss 538.2718  logE[BER] -363.613  P_det_soft 0.1747  (3s)
  step  125  JSR  -25.2  loss 654.2717  logE[BER] -513.678  P_det_soft 0.1406  (4s)
  step  150  JSR  -17.0  loss 212.6723  logE[BER] -7.463  P_det_soft 0.2052  (4s)
  step  175  JSR   -1.1  loss 1002.8022  logE[BER] -2.802  P_det_soft 1.0000  (5s)
  step  200  JSR   -9.0  loss 860.5384  logE[BER] -5.221  P_det_soft 0.8553  (5s)
  step  225  JSR  -30.0  loss 1762.7884  logE[BER] -1602.088  P_det_soft 0.1607  (6s)
  step  250  JSR  -28.3  loss 1463.8579  logE[BER] -1321.651  P_det_soft 0.1422  (6s)
  step  275  JSR  -10.0  loss 822.3917  logE[BER] -5.484  P_det_soft 0.8169  (7s)
  step  300  JSR  -13.9  loss 415.2839  logE[BER] -6.043  P_det_soft 0.4092  (7s)
  step  325  JSR  -20.4  loss 164.5791  logE[BER] -10.883  P_det_soft 0.1537  (8s)
  step  350  JSR   -7.1  loss 940.6341  logE[BER] -4.513  P_det_soft 0.9361  (8s)
  step  375  JSR  -14.7  loss 363.0071  logE[BER] -6.511  P_det_soft 0.3565  (9s)
  step  399  JSR   -3.8  loss 1003.7100  logE[BER] -3.711  P_det_soft 1.0000  (9s)
wrote task12_G.pt, task12.json  (tag kurtosis_b1000)
