node: artongpu01.ee.ethz.ch | gpu: NVIDIA GeForce RTX 2080 Ti
task 13 = {'target': 'spec_cnn', 'beta': 1.0}  (tag spec_cnn_b1, 32 frames/step, JSR band (-48.0, -16.0))
  target spec_cnn: threshold -3.17573, clean-frame std 0.982227 (soft_pdet width)
  step    0  JSR  -43.0  loss 3937.4665  logE[BER] -3937.281  P_det_soft 0.1858  (1s)
  step   25  JSR  -20.9  loss 1457.8676  logE[BER] -1456.874  P_det_soft 0.9939  (3s)
  step   50  JSR  -28.4  loss 2446.3221  logE[BER] -2445.748  P_det_soft 0.5741  (6s)
  step   75  JSR  -32.4  loss 3001.5784  logE[BER] -3001.311  P_det_soft 0.2672  (8s)
  step  100  JSR  -42.4  loss 3687.3540  logE[BER] -3687.200  P_det_soft 0.1544  (11s)
  step  125  JSR  -27.3  loss 2426.8306  logE[BER] -2426.128  P_det_soft 0.7024  (13s)
  step  150  JSR  -31.0  loss 2995.0871  logE[BER] -2994.674  P_det_soft 0.4132  (16s)
  step  175  JSR  -32.5  loss 2951.3008  logE[BER] -2950.969  P_det_soft 0.3323  (19s)
  step  200  JSR  -24.4  loss 1671.8883  logE[BER] -1670.951  P_det_soft 0.9374  (21s)
  step  225  JSR  -17.9  loss 256.2607  logE[BER] -255.263  P_det_soft 0.9979  (24s)
  step  250  JSR  -25.1  loss 1644.2506  logE[BER] -1643.439  P_det_soft 0.8120  (26s)
  step  275  JSR  -37.9  loss 3454.2889  logE[BER] -3454.083  P_det_soft 0.2061  (29s)
  step  300  JSR  -20.9  loss 1093.9505  logE[BER] -1092.958  P_det_soft 0.9929  (32s)
  step  325  JSR  -25.0  loss 1874.4880  logE[BER] -1873.620  P_det_soft 0.8683  (34s)
  step  350  JSR  -40.1  loss 3470.8214  logE[BER] -3470.654  P_det_soft 0.1679  (37s)
  step  375  JSR  -47.6  loss 3779.3522  logE[BER] -3779.090  P_det_soft 0.2624  (40s)
  step  400  JSR  -24.1  loss 1555.2209  logE[BER] -1554.321  P_det_soft 0.8998  (42s)
  step  425  JSR  -17.8  loss 20.5627  logE[BER] -19.565  P_det_soft 0.9978  (45s)
  step  450  JSR  -30.8  loss 2485.6454  logE[BER] -2485.306  P_det_soft 0.3398  (47s)
  step  475  JSR  -38.2  loss 3368.3090  logE[BER] -3368.088  P_det_soft 0.2214  (50s)
  step  500  JSR  -37.0  loss 3254.2503  logE[BER] -3254.020  P_det_soft 0.2306  (53s)
  step  525  JSR  -45.4  loss 3764.0913  logE[BER] -3763.957  P_det_soft 0.1339  (55s)
  step  550  JSR  -22.4  loss 1050.5148  logE[BER] -1049.538  P_det_soft 0.9770  (58s)
  step  575  JSR  -22.1  loss 701.8230  logE[BER] -700.851  P_det_soft 0.9720  (61s)
  step  600  JSR  -44.0  loss 3582.0125  logE[BER] -3581.801  P_det_soft 0.2116  (63s)
  step  625  JSR  -40.3  loss 3466.7744  logE[BER] -3466.617  P_det_soft 0.1570  (66s)
  step  650  JSR  -30.7  loss 2286.4410  logE[BER] -2286.015  P_det_soft 0.4263  (69s)
  step  675  JSR  -43.7  loss 3678.4441  logE[BER] -3678.280  P_det_soft 0.1643  (71s)
  step  700  JSR  -17.8  loss 132.6468  logE[BER] -131.649  P_det_soft 0.9976  (74s)
  step  725  JSR  -22.9  loss 884.8390  logE[BER] -883.872  P_det_soft 0.9672  (77s)
  step  750  JSR  -34.2  loss 2775.4592  logE[BER] -2775.258  P_det_soft 0.2009  (79s)
  step  775  JSR  -33.6  loss 2828.1324  logE[BER] -2827.861  P_det_soft 0.2714  (82s)
  step  800  JSR  -26.6  loss 1555.0572  logE[BER] -1554.498  P_det_soft 0.5588  (84s)
  step  825  JSR  -24.5  loss 1054.7324  logE[BER] -1053.867  P_det_soft 0.8655  (87s)
  step  850  JSR  -23.1  loss 395.9949  logE[BER] -395.140  P_det_soft 0.8545  (90s)
  step  875  JSR  -26.9  loss 1136.9222  logE[BER] -1136.412  P_det_soft 0.5106  (92s)
  step  900  JSR  -26.6  loss 1389.1352  logE[BER] -1388.416  P_det_soft 0.7191  (95s)
  step  925  JSR  -30.0  loss 2060.6789  logE[BER] -2060.294  P_det_soft 0.3852  (98s)
  step  950  JSR  -18.6  loss 10.1204  logE[BER] -9.127  P_det_soft 0.9933  (100s)
  step  975  JSR  -21.0  loss 97.1730  logE[BER] -96.198  P_det_soft 0.9746  (103s)
  step 1000  JSR  -43.6  loss 3530.0877  logE[BER] -3529.899  P_det_soft 0.1892  (105s)
  step 1025  JSR  -32.1  loss 2158.0041  logE[BER] -2157.675  P_det_soft 0.3289  (108s)
  step 1050  JSR  -43.3  loss 3497.6278  logE[BER] -3497.469  P_det_soft 0.1586  (111s)
  step 1075  JSR  -46.0  loss 3577.3050  logE[BER] -3577.146  P_det_soft 0.1590  (113s)
  step 1100  JSR  -43.4  loss 3441.5744  logE[BER] -3441.415  P_det_soft 0.1597  (116s)
  step 1125  JSR  -22.4  loss 129.0230  logE[BER] -128.135  P_det_soft 0.8879  (119s)
  step 1150  JSR  -34.1  loss 2530.9658  logE[BER] -2530.743  P_det_soft 0.2224  (121s)
  step 1175  JSR  -22.9  loss 192.8327  logE[BER] -191.996  P_det_soft 0.8367  (124s)
  step 1200  JSR  -29.4  loss 1392.3378  logE[BER] -1391.995  P_det_soft 0.3430  (127s)
  step 1225  JSR  -38.9  loss 3052.3472  logE[BER] -3052.127  P_det_soft 0.2204  (129s)
  step 1250  JSR  -38.2  loss 2873.9433  logE[BER] -2873.716  P_det_soft 0.2271  (132s)
  step 1275  JSR  -47.3  loss 3628.9572  logE[BER] -3628.832  P_det_soft 0.1254  (134s)
  step 1300  JSR  -21.7  loss 10.0696  logE[BER] -9.154  P_det_soft 0.9151  (137s)
  step 1325  JSR  -18.4  loss 7.8258  logE[BER] -6.841  P_det_soft 0.9844  (140s)
  step 1350  JSR  -17.7  loss 7.2257  logE[BER] -6.239  P_det_soft 0.9869  (142s)
  step 1375  JSR  -23.3  loss 97.0513  logE[BER] -96.312  P_det_soft 0.7397  (145s)
  step 1400  JSR  -46.4  loss 3496.4993  logE[BER] -3496.331  P_det_soft 0.1681  (148s)
  step 1425  JSR  -16.0  loss 7.0374  logE[BER] -6.045  P_det_soft 0.9925  (150s)
  step 1450  JSR  -36.2  loss 2545.8558  logE[BER] -2545.586  P_det_soft 0.2698  (153s)
  step 1475  JSR  -44.6  loss 3392.4762  logE[BER] -3392.296  P_det_soft 0.1804  (156s)
  step 1500  JSR  -26.1  loss 487.8018  logE[BER] -487.371  P_det_soft 0.4307  (158s)
  step 1525  JSR  -35.5  loss 2395.7037  logE[BER] -2395.496  P_det_soft 0.2075  (161s)
  step 1550  JSR  -30.1  loss 1348.3631  logE[BER] -1348.152  P_det_soft 0.2111  (163s)
  step 1575  JSR  -24.6  loss 135.5986  logE[BER] -135.128  P_det_soft 0.4709  (166s)
  step 1600  JSR  -27.9  loss 776.7858  logE[BER] -776.443  P_det_soft 0.3433  (169s)
  step 1625  JSR  -43.8  loss 3353.0101  logE[BER] -3352.847  P_det_soft 0.1634  (171s)
  step 1650  JSR  -28.5  loss 933.8552  logE[BER] -933.586  P_det_soft 0.2687  (174s)
  step 1675  JSR  -37.1  loss 2662.9660  logE[BER] -2662.739  P_det_soft 0.2269  (177s)
  step 1700  JSR  -21.0  loss 7.3063  logE[BER] -6.526  P_det_soft 0.7800  (179s)
  step 1725  JSR  -41.9  loss 3121.7915  logE[BER] -3121.581  P_det_soft 0.2103  (182s)
  step 1750  JSR  -34.8  loss 2203.7125  logE[BER] -2203.470  P_det_soft 0.2428  (185s)
  step 1775  JSR  -44.9  loss 3364.8449  logE[BER] -3364.670  P_det_soft 0.1746  (187s)
  step 1800  JSR  -45.2  loss 3399.7169  logE[BER] -3399.529  P_det_soft 0.1883  (190s)
  step 1825  JSR  -30.1  loss 1219.8272  logE[BER] -1219.540  P_det_soft 0.2875  (192s)
  step 1850  JSR  -47.2  loss 3547.9399  logE[BER] -3547.745  P_det_soft 0.1954  (195s)
  step 1875  JSR  -34.4  loss 2067.5940  logE[BER] -2067.353  P_det_soft 0.2405  (198s)
  step 1900  JSR  -20.6  loss 7.2865  logE[BER] -6.607  P_det_soft 0.6792  (200s)
  step 1925  JSR  -19.4  loss 7.3929  logE[BER] -6.673  P_det_soft 0.7199  (203s)
  step 1950  JSR  -36.8  loss 2528.8691  logE[BER] -2528.711  P_det_soft 0.1583  (206s)
  step 1975  JSR  -36.3  loss 2407.0366  logE[BER] -2406.879  P_det_soft 0.1572  (208s)
  step 2000  JSR  -25.9  loss 327.2874  logE[BER] -326.986  P_det_soft 0.3015  (211s)
  step 2025  JSR  -22.7  loss 8.5295  logE[BER] -8.036  P_det_soft 0.4930  (213s)
  step 2050  JSR  -24.5  loss 65.8789  logE[BER] -65.487  P_det_soft 0.3920  (216s)
  step 2075  JSR  -39.8  loss 2920.2836  logE[BER] -2920.042  P_det_soft 0.2421  (219s)
  step 2100  JSR  -35.0  loss 2189.0606  logE[BER] -2188.909  P_det_soft 0.1512  (221s)
  step 2125  JSR  -21.4  loss 7.2159  logE[BER] -6.609  P_det_soft 0.6067  (224s)
  step 2150  JSR  -47.8  loss 3545.4166  logE[BER] -3545.278  P_det_soft 0.1385  (227s)
  step 2175  JSR  -27.8  loss 636.2417  logE[BER] -636.005  P_det_soft 0.2369  (229s)
  step 2200  JSR  -25.3  loss 123.3337  logE[BER] -122.934  P_det_soft 0.3996  (232s)
  step 2225  JSR  -41.3  loss 3049.9375  logE[BER] -3049.733  P_det_soft 0.2042  (235s)
  step 2250  JSR  -30.3  loss 1230.8843  logE[BER] -1230.689  P_det_soft 0.1951  (237s)
  step 2275  JSR  -32.4  loss 1751.8876  logE[BER] -1751.692  P_det_soft 0.1957  (240s)
  step 2300  JSR  -44.6  loss 3331.8875  logE[BER] -3331.729  P_det_soft 0.1585  (242s)
  step 2325  JSR  -37.8  loss 2684.1192  logE[BER] -2683.955  P_det_soft 0.1640  (245s)
  step 2350  JSR  -40.4  loss 2939.1822  logE[BER] -2939.038  P_det_soft 0.1441  (248s)
  step 2375  JSR  -43.0  loss 3291.6828  logE[BER] -3291.491  P_det_soft 0.1922  (250s)
  step 2400  JSR  -44.8  loss 3366.3629  logE[BER] -3366.170  P_det_soft 0.1932  (253s)
  step 2425  JSR  -33.2  loss 1818.9197  logE[BER] -1818.780  P_det_soft 0.1401  (256s)
  step 2450  JSR  -32.5  loss 1854.3462  logE[BER] -1854.141  P_det_soft 0.2048  (258s)
  step 2475  JSR  -19.3  loss 6.8381  logE[BER] -6.166  P_det_soft 0.6722  (261s)
  step 2500  JSR  -40.8  loss 3032.5479  logE[BER] -3032.356  P_det_soft 0.1921  (264s)
  step 2525  JSR  -34.7  loss 2145.1990  logE[BER] -2145.002  P_det_soft 0.1972  (266s)
  step 2550  JSR  -33.8  loss 1958.1812  logE[BER] -1958.018  P_det_soft 0.1633  (269s)
  step 2575  JSR  -47.0  loss 3536.2795  logE[BER] -3536.053  P_det_soft 0.2266  (271s)
  step 2600  JSR  -20.3  loss 7.5658  logE[BER] -7.020  P_det_soft 0.5456  (274s)
  step 2625  JSR  -23.2  loss 9.3245  logE[BER] -9.011  P_det_soft 0.3138  (277s)
  step 2650  JSR  -23.5  loss 9.1200  logE[BER] -8.734  P_det_soft 0.3865  (279s)
  step 2675  JSR  -22.3  loss 7.9009  logE[BER] -7.535  P_det_soft 0.3663  (282s)
  step 2700  JSR  -31.5  loss 1432.4632  logE[BER] -1432.271  P_det_soft 0.1921  (285s)
  step 2725  JSR  -23.4  loss 9.4120  logE[BER] -9.048  P_det_soft 0.3643  (287s)
  step 2750  JSR  -37.6  loss 2594.9604  logE[BER] -2594.804  P_det_soft 0.1562  (290s)
  step 2775  JSR  -30.2  loss 1092.0509  logE[BER] -1091.850  P_det_soft 0.2011  (293s)
  step 2800  JSR  -23.9  loss 53.6834  logE[BER] -53.387  P_det_soft 0.2964  (295s)
  step 2825  JSR  -19.5  loss 6.7550  logE[BER] -6.178  P_det_soft 0.5772  (298s)
  step 2850  JSR  -38.0  loss 2655.0366  logE[BER] -2654.872  P_det_soft 0.1642  (300s)
  step 2875  JSR  -28.4  loss 712.8520  logE[BER] -712.635  P_det_soft 0.2169  (303s)
  step 2900  JSR  -36.5  loss 2412.3284  logE[BER] -2412.114  P_det_soft 0.2148  (306s)
  step 2925  JSR  -18.8  loss 6.9979  logE[BER] -6.238  P_det_soft 0.7597  (308s)
  step 2950  JSR  -36.4  loss 2411.0707  logE[BER] -2410.860  P_det_soft 0.2109  (311s)
  step 2975  JSR  -19.6  loss 7.0373  logE[BER] -6.470  P_det_soft 0.5670  (314s)
  step 3000  JSR  -46.9  loss 3498.4076  logE[BER] -3498.244  P_det_soft 0.1636  (316s)
  step 3025  JSR  -34.5  loss 2138.3143  logE[BER] -2138.164  P_det_soft 0.1508  (319s)
  step 3050  JSR  -32.0  loss 1574.2972  logE[BER] -1574.062  P_det_soft 0.2348  (322s)
  step 3075  JSR  -24.5  loss 75.8642  logE[BER] -75.573  P_det_soft 0.2908  (324s)
  step 3100  JSR  -31.5  loss 1469.1701  logE[BER] -1468.969  P_det_soft 0.2008  (327s)
  step 3125  JSR  -30.0  loss 1166.8075  logE[BER] -1166.614  P_det_soft 0.1938  (329s)
  step 3150  JSR  -23.1  loss 9.5888  logE[BER] -9.114  P_det_soft 0.4752  (332s)
  step 3175  JSR  -40.4  loss 2939.9680  logE[BER] -2939.752  P_det_soft 0.2158  (335s)
  step 3200  JSR  -44.9  loss 3342.1863  logE[BER] -3342.007  P_det_soft 0.1789  (337s)
  step 3225  JSR  -37.2  loss 2521.4272  logE[BER] -2521.168  P_det_soft 0.2596  (340s)
  step 3250  JSR  -16.8  loss 6.9131  logE[BER] -6.121  P_det_soft 0.7925  (343s)
  step 3275  JSR  -19.7  loss 7.1972  logE[BER] -6.526  P_det_soft 0.6710  (345s)
  step 3300  JSR  -16.8  loss 6.6759  logE[BER] -5.809  P_det_soft 0.8673  (348s)
  step 3325  JSR  -39.2  loss 2841.8350  logE[BER] -2841.645  P_det_soft 0.1905  (351s)
  step 3350  JSR  -42.7  loss 3252.4487  logE[BER] -3252.276  P_det_soft 0.1730  (353s)
  step 3375  JSR  -32.1  loss 1547.6493  logE[BER] -1547.487  P_det_soft 0.1621  (356s)
  step 3400  JSR  -25.6  loss 185.5692  logE[BER] -185.298  P_det_soft 0.2713  (358s)
  step 3425  JSR  -45.5  loss 3401.6284  logE[BER] -3401.447  P_det_soft 0.1812  (361s)
  step 3450  JSR  -25.2  loss 168.5126  logE[BER] -168.300  P_det_soft 0.2122  (364s)
  step 3475  JSR  -41.4  loss 3122.8886  logE[BER] -3122.732  P_det_soft 0.1564  (366s)
  step 3500  JSR  -42.2  loss 3165.8805  logE[BER] -3165.682  P_det_soft 0.1987  (369s)
  step 3525  JSR  -16.7  loss 7.4304  logE[BER] -6.625  P_det_soft 0.8057  (372s)
  step 3550  JSR  -32.7  loss 1794.0587  logE[BER] -1793.900  P_det_soft 0.1585  (374s)
  step 3575  JSR  -28.7  loss 830.9381  logE[BER] -830.724  P_det_soft 0.2143  (377s)
  step 3600  JSR  -39.9  loss 2981.7965  logE[BER] -2981.622  P_det_soft 0.1742  (380s)
  step 3625  JSR  -32.4  loss 1701.3650  logE[BER] -1701.156  P_det_soft 0.2090  (382s)
  step 3650  JSR  -26.6  loss 426.3987  logE[BER] -426.213  P_det_soft 0.1860  (385s)
  step 3675  JSR  -41.0  loss 3039.7617  logE[BER] -3039.578  P_det_soft 0.1832  (387s)
  step 3700  JSR  -28.0  loss 672.9542  logE[BER] -672.780  P_det_soft 0.1743  (390s)
  step 3725  JSR  -17.1  loss 6.6116  logE[BER] -5.826  P_det_soft 0.7852  (393s)
  step 3750  JSR  -31.2  loss 1414.5751  logE[BER] -1414.412  P_det_soft 0.1633  (395s)
  step 3775  JSR  -20.3  loss 7.0043  logE[BER] -6.446  P_det_soft 0.5583  (398s)
  step 3800  JSR  -18.1  loss 6.4830  logE[BER] -5.798  P_det_soft 0.6853  (401s)
  step 3825  JSR  -30.7  loss 1297.0891  logE[BER] -1296.910  P_det_soft 0.1786  (403s)
  step 3850  JSR  -40.7  loss 2973.4012  logE[BER] -2973.253  P_det_soft 0.1483  (406s)
  step 3875  JSR  -42.1  loss 3157.1955  logE[BER] -3156.972  P_det_soft 0.2235  (408s)
  step 3900  JSR  -40.2  loss 2902.8692  logE[BER] -2902.705  P_det_soft 0.1642  (411s)
  step 3925  JSR  -16.5  loss 6.4566  logE[BER] -5.644  P_det_soft 0.8129  (414s)
  step 3950  JSR  -33.3  loss 1869.2306  logE[BER] -1869.034  P_det_soft 0.1967  (416s)
  step 3975  JSR  -42.8  loss 3239.6594  logE[BER] -3239.517  P_det_soft 0.1425  (419s)
  step 3999  JSR  -16.8  loss 6.8039  logE[BER] -6.016  P_det_soft 0.7881  (422s)
wrote task13_G.pt, task13.json  (tag spec_cnn_b1)
