node: tikgpu05.ee.ethz.ch | gpu: NVIDIA TITAN RTX
task 9 = {'target': 'kurtosis', 'beta': 1.0}  (tag kurtosis_b1)
  step    0  JSR   -8.1  loss 21.7149  logE[BER] -20.737  P_det_soft 0.9775  (1s)
  step   25  JSR   -4.8  loss 4.9025  logE[BER] -3.903  P_det_soft 0.9999  (2s)
  step   50  JSR  -23.9  loss 979.5972  logE[BER] -979.441  P_det_soft 0.1562  (2s)
  step   75  JSR  -24.0  loss 563.1713  logE[BER] -563.008  P_det_soft 0.1636  (3s)
  step  100  JSR   -3.3  loss 4.5793  logE[BER] -3.579  P_det_soft 1.0000  (3s)
  step  125  JSR  -14.8  loss 6.4333  logE[BER] -6.062  P_det_soft 0.3714  (4s)
  step  150  JSR  -15.3  loss 6.5768  logE[BER] -6.224  P_det_soft 0.3528  (4s)
  step  175  JSR   -2.1  loss 4.0809  logE[BER] -3.081  P_det_soft 1.0000  (5s)
  step  200  JSR  -25.5  loss 487.1943  logE[BER] -487.025  P_det_soft 0.1690  (5s)
  step  225  JSR   -3.2  loss 4.5718  logE[BER] -3.572  P_det_soft 1.0000  (6s)
  step  250  JSR  -15.6  loss 6.6250  logE[BER] -6.259  P_det_soft 0.3662  (6s)
  step  275  JSR  -30.6  loss 1700.5357  logE[BER] -1700.377  P_det_soft 0.1589  (7s)
  step  300  JSR  -17.5  loss 7.1164  logE[BER] -6.884  P_det_soft 0.2323  (7s)
  step  325  JSR   -2.8  loss 4.5421  logE[BER] -3.542  P_det_soft 1.0000  (8s)
  step  350  JSR  -16.4  loss 6.8132  logE[BER] -6.456  P_det_soft 0.3570  (8s)
  step  375  JSR  -29.5  loss 1455.3623  logE[BER] -1455.203  P_det_soft 0.1595  (9s)
  step  399  JSR  -29.4  loss 1434.7505  logE[BER] -1434.600  P_det_soft 0.1503  (9s)
wrote task9_G.pt, task9.json  (tag kurtosis_b1)
