node: artongpu01.ee.ethz.ch | gpu: NVIDIA GeForce RTX 2080 Ti
task 1 = {'target': 'power_one_sided', 'beta': 1.0}  (tag power_one_sided_b1, 128 frames/step, JSR band (-32.0, 0.0))
  target power_one_sided: threshold 0.100354, clean-frame std 0.000141124 (soft_pdet width)
  step    0  JSR  -10.3  loss 1460.7884  logE[BER] -1459.788  P_det_soft 1.0000  (6s)
  step   25  JSR   -5.1  loss 6.5619  logE[BER] -5.562  P_det_soft 1.0000  (7s)
  step   50  JSR  -29.5  loss 2619.8739  logE[BER] -2619.502  P_det_soft 0.3722  (7s)
  step   75  JSR   -7.0  loss 7.2960  logE[BER] -6.296  P_det_soft 1.0000  (8s)
  step  100  JSR  -11.3  loss 8.0841  logE[BER] -7.084  P_det_soft 1.0000  (8s)
  step  125  JSR  -31.3  loss 3046.8906  logE[BER] -3046.547  P_det_soft 0.3438  (9s)
  step  150  JSR  -19.4  loss 1122.0266  logE[BER] -1121.080  P_det_soft 0.9469  (10s)
  step  175  JSR   -8.5  loss 7.1654  logE[BER] -6.165  P_det_soft 1.0000  (10s)
  step  200  JSR  -24.0  loss 1752.7257  logE[BER] -1752.026  P_det_soft 0.7001  (11s)
  step  225  JSR   -6.0  loss 6.8337  logE[BER] -5.834  P_det_soft 1.0000  (12s)
  step  250  JSR  -31.1  loss 2960.7042  logE[BER] -2960.376  P_det_soft 0.3283  (12s)
  step  275  JSR  -24.0  loss 1862.5133  logE[BER] -1861.822  P_det_soft 0.6908  (13s)
  step  300  JSR  -17.1  loss 378.3885  logE[BER] -377.407  P_det_soft 0.9816  (13s)
  step  325  JSR  -20.3  loss 808.6784  logE[BER] -807.763  P_det_soft 0.9150  (14s)
  step  350  JSR  -29.7  loss 2622.3399  logE[BER] -2621.925  P_det_soft 0.4150  (15s)
  step  375  JSR  -13.2  loss 9.2141  logE[BER] -8.214  P_det_soft 1.0000  (15s)
  step  400  JSR  -24.8  loss 1962.0249  logE[BER] -1961.350  P_det_soft 0.6749  (16s)
  step  425  JSR   -9.7  loss 7.5166  logE[BER] -6.517  P_det_soft 1.0000  (17s)
  step  450  JSR   -1.5  loss 5.6782  logE[BER] -4.678  P_det_soft 1.0000  (17s)
  step  475  JSR  -26.7  loss 2172.7710  logE[BER] -2172.226  P_det_soft 0.5448  (18s)
  step  500  JSR   -9.9  loss 7.4009  logE[BER] -6.401  P_det_soft 1.0000  (18s)
  step  525  JSR  -15.5  loss 12.7851  logE[BER] -11.786  P_det_soft 0.9994  (19s)
  step  550  JSR   -2.7  loss 6.1638  logE[BER] -5.164  P_det_soft 1.0000  (20s)
  step  575  JSR  -12.3  loss 8.5047  logE[BER] -7.505  P_det_soft 1.0000  (20s)
  step  600  JSR  -10.8  loss 7.8330  logE[BER] -6.833  P_det_soft 1.0000  (21s)
  step  625  JSR  -22.2  loss 1312.4532  logE[BER] -1311.634  P_det_soft 0.8190  (22s)
  step  650  JSR  -16.6  loss 164.4785  logE[BER] -163.479  P_det_soft 0.9994  (22s)
  step  675  JSR   -6.7  loss 6.7343  logE[BER] -5.734  P_det_soft 1.0000  (23s)
  step  700  JSR   -3.2  loss 6.0868  logE[BER] -5.087  P_det_soft 1.0000  (24s)
  step  725  JSR   -8.2  loss 7.0701  logE[BER] -6.070  P_det_soft 1.0000  (24s)
  step  750  JSR  -26.9  loss 1952.0121  logE[BER] -1951.451  P_det_soft 0.5612  (25s)
  step  775  JSR  -10.6  loss 7.5851  logE[BER] -6.585  P_det_soft 1.0000  (26s)
  step  800  JSR   -0.8  loss 5.7741  logE[BER] -4.774  P_det_soft 1.0000  (26s)
  step  825  JSR  -14.3  loss 9.3598  logE[BER] -8.360  P_det_soft 1.0000  (27s)
  step  850  JSR  -28.7  loss 2478.7633  logE[BER] -2478.335  P_det_soft 0.4278  (28s)
  step  875  JSR   -9.5  loss 7.5243  logE[BER] -6.524  P_det_soft 1.0000  (28s)
  step  900  JSR   -6.7  loss 6.9241  logE[BER] -5.924  P_det_soft 1.0000  (29s)
  step  925  JSR  -28.1  loss 2392.5693  logE[BER] -2392.079  P_det_soft 0.4900  (30s)
  step  950  JSR  -10.2  loss 7.6124  logE[BER] -6.612  P_det_soft 1.0000  (30s)
  step  975  JSR  -19.4  loss 578.9530  logE[BER] -577.987  P_det_soft 0.9658  (31s)
  step 1000  JSR   -8.0  loss 7.3227  logE[BER] -6.323  P_det_soft 1.0000  (32s)
  step 1025  JSR  -22.8  loss 1316.1981  logE[BER] -1315.371  P_det_soft 0.8274  (32s)
  step 1050  JSR  -14.0  loss 8.7931  logE[BER] -7.793  P_det_soft 1.0000  (33s)
  step 1075  JSR  -22.0  loss 924.7431  logE[BER] -923.866  P_det_soft 0.8767  (34s)
  step 1100  JSR   -8.9  loss 7.2571  logE[BER] -6.257  P_det_soft 1.0000  (34s)
  step 1125  JSR   -0.4  loss 5.5450  logE[BER] -4.545  P_det_soft 1.0000  (35s)
  step 1150  JSR   -7.6  loss 6.7952  logE[BER] -5.795  P_det_soft 1.0000  (36s)
  step 1175  JSR  -27.4  loss 2065.5081  logE[BER] -2064.984  P_det_soft 0.5240  (36s)
  step 1200  JSR  -30.9  loss 2562.9520  logE[BER] -2562.610  P_det_soft 0.3417  (37s)
  step 1225  JSR  -10.3  loss 7.9017  logE[BER] -6.902  P_det_soft 1.0000  (37s)
  step 1250  JSR  -20.7  loss 197.7926  logE[BER] -196.854  P_det_soft 0.9390  (38s)
  step 1275  JSR  -30.2  loss 2568.9497  logE[BER] -2568.573  P_det_soft 0.3762  (39s)
  step 1300  JSR   -6.6  loss 6.9200  logE[BER] -5.920  P_det_soft 1.0000  (39s)
  step 1325  JSR   -1.8  loss 6.0825  logE[BER] -5.083  P_det_soft 1.0000  (40s)
  step 1350  JSR   -7.4  loss 6.9598  logE[BER] -5.960  P_det_soft 1.0000  (41s)
  step 1375  JSR  -12.9  loss 8.5763  logE[BER] -7.576  P_det_soft 1.0000  (41s)
  step 1400  JSR  -18.6  loss 14.1485  logE[BER] -13.168  P_det_soft 0.9808  (42s)
  step 1425  JSR  -23.8  loss 1208.3732  logE[BER] -1207.581  P_det_soft 0.7925  (42s)
  step 1450  JSR   -2.6  loss 6.1227  logE[BER] -5.123  P_det_soft 1.0000  (43s)
  step 1475  JSR  -30.9  loss 2738.8249  logE[BER] -2738.531  P_det_soft 0.2943  (44s)
  step 1500  JSR   -9.0  loss 7.1787  logE[BER] -6.179  P_det_soft 1.0000  (44s)
  step 1525  JSR  -19.9  loss 265.3219  logE[BER] -264.363  P_det_soft 0.9593  (45s)
  step 1550  JSR  -22.1  loss 570.3911  logE[BER] -569.571  P_det_soft 0.8196  (46s)
  step 1575  JSR  -11.9  loss 7.9618  logE[BER] -6.962  P_det_soft 1.0000  (46s)
  step 1600  JSR   -7.7  loss 6.8756  logE[BER] -5.876  P_det_soft 1.0000  (47s)
  step 1625  JSR  -31.2  loss 2720.4794  logE[BER] -2720.152  P_det_soft 0.3272  (47s)
  step 1650  JSR   -5.5  loss 6.4665  logE[BER] -5.466  P_det_soft 1.0000  (48s)
  step 1675  JSR   -3.4  loss 6.0438  logE[BER] -5.044  P_det_soft 1.0000  (49s)
  step 1700  JSR  -10.9  loss 7.2896  logE[BER] -6.290  P_det_soft 1.0000  (49s)
  step 1725  JSR  -16.3  loss 10.6957  logE[BER] -9.704  P_det_soft 0.9916  (50s)
  step 1750  JSR   -8.1  loss 7.0013  logE[BER] -6.001  P_det_soft 1.0000  (51s)
  step 1775  JSR  -17.3  loss 10.6956  logE[BER] -9.705  P_det_soft 0.9902  (51s)
  step 1800  JSR   -9.1  loss 7.2044  logE[BER] -6.204  P_det_soft 1.0000  (52s)
  step 1825  JSR   -6.0  loss 6.5468  logE[BER] -5.547  P_det_soft 1.0000  (52s)
  step 1850  JSR  -15.3  loss 9.8799  logE[BER] -8.881  P_det_soft 0.9988  (53s)
  step 1875  JSR  -31.8  loss 2809.0088  logE[BER] -2808.686  P_det_soft 0.3227  (54s)
  step 1900  JSR  -14.0  loss 9.2408  logE[BER] -8.241  P_det_soft 1.0000  (54s)
  step 1925  JSR  -22.0  loss 711.4417  logE[BER] -710.600  P_det_soft 0.8421  (55s)
  step 1950  JSR   -4.0  loss 6.2914  logE[BER] -5.291  P_det_soft 1.0000  (55s)
  step 1975  JSR  -24.2  loss 1065.4583  logE[BER] -1064.751  P_det_soft 0.7071  (56s)
  step 2000  JSR   -2.4  loss 5.8563  logE[BER] -4.856  P_det_soft 1.0000  (57s)
  step 2025  JSR  -13.3  loss 8.1764  logE[BER] -7.176  P_det_soft 1.0000  (57s)
  step 2050  JSR   -9.2  loss 7.0425  logE[BER] -6.043  P_det_soft 1.0000  (58s)
  step 2075  JSR  -29.2  loss 2200.2914  logE[BER] -2199.915  P_det_soft 0.3768  (59s)
  step 2100  JSR  -26.2  loss 1472.4671  logE[BER] -1471.874  P_det_soft 0.5935  (59s)
  step 2125  JSR  -14.0  loss 8.1096  logE[BER] -7.110  P_det_soft 1.0000  (60s)
  step 2150  JSR  -24.9  loss 634.4965  logE[BER] -633.855  P_det_soft 0.6414  (60s)
  step 2175  JSR   -4.5  loss 6.3215  logE[BER] -5.322  P_det_soft 1.0000  (61s)
  step 2200  JSR   -8.3  loss 6.9392  logE[BER] -5.939  P_det_soft 1.0000  (62s)
  step 2225  JSR   -4.4  loss 6.3300  logE[BER] -5.330  P_det_soft 1.0000  (62s)
  step 2250  JSR  -13.0  loss 7.8632  logE[BER] -6.863  P_det_soft 1.0000  (63s)
  step 2275  JSR  -28.8  loss 2016.7916  logE[BER] -2016.349  P_det_soft 0.4424  (63s)
  step 2300  JSR  -12.5  loss 7.9302  logE[BER] -6.930  P_det_soft 1.0000  (64s)
  step 2325  JSR   -0.8  loss 5.6393  logE[BER] -4.639  P_det_soft 1.0000  (65s)
  step 2350  JSR   -5.9  loss 6.5087  logE[BER] -5.509  P_det_soft 1.0000  (65s)
  step 2375  JSR   -5.3  loss 6.4412  logE[BER] -5.441  P_det_soft 1.0000  (66s)
  step 2400  JSR   -0.4  loss 5.4569  logE[BER] -4.457  P_det_soft 1.0000  (67s)
  step 2425  JSR   -5.5  loss 6.5069  logE[BER] -5.507  P_det_soft 1.0000  (67s)
  step 2450  JSR  -23.0  loss 637.3588  logE[BER] -636.608  P_det_soft 0.7503  (68s)
  step 2475  JSR  -10.3  loss 7.1750  logE[BER] -6.175  P_det_soft 1.0000  (68s)
  step 2500  JSR   -0.3  loss 5.6096  logE[BER] -4.610  P_det_soft 1.0000  (69s)
  step 2525  JSR  -16.6  loss 9.4368  logE[BER] -8.446  P_det_soft 0.9908  (70s)
  step 2550  JSR  -30.2  loss 1926.2708  logE[BER] -1925.901  P_det_soft 0.3700  (70s)
  step 2575  JSR   -1.6  loss 5.9172  logE[BER] -4.917  P_det_soft 1.0000  (71s)
  step 2600  JSR   -7.5  loss 6.6492  logE[BER] -5.649  P_det_soft 1.0000  (72s)
  step 2625  JSR   -6.9  loss 6.5663  logE[BER] -5.566  P_det_soft 1.0000  (72s)
  step 2650  JSR  -23.2  loss 857.0904  logE[BER] -856.376  P_det_soft 0.7144  (73s)
  step 2675  JSR  -23.1  loss 138.6870  logE[BER] -137.902  P_det_soft 0.7853  (73s)
  step 2700  JSR   -0.5  loss 5.6002  logE[BER] -4.600  P_det_soft 1.0000  (74s)
  step 2725  JSR  -17.9  loss 9.1781  logE[BER] -8.213  P_det_soft 0.9654  (75s)
  step 2750  JSR   -4.2  loss 6.0731  logE[BER] -5.073  P_det_soft 1.0000  (75s)
  step 2775  JSR  -21.9  loss 471.9159  logE[BER] -471.062  P_det_soft 0.8542  (76s)
  step 2800  JSR  -11.8  loss 7.3289  logE[BER] -6.329  P_det_soft 1.0000  (77s)
  step 2825  JSR   -3.4  loss 5.9841  logE[BER] -4.984  P_det_soft 1.0000  (77s)
  step 2850  JSR  -10.7  loss 7.0822  logE[BER] -6.082  P_det_soft 1.0000  (78s)
  step 2875  JSR  -23.7  loss 503.3351  logE[BER] -502.604  P_det_soft 0.7313  (78s)
  step 2900  JSR  -18.2  loss 9.7588  logE[BER] -8.788  P_det_soft 0.9710  (79s)
  step 2925  JSR  -21.1  loss 32.4542  logE[BER] -31.593  P_det_soft 0.8614  (80s)
  step 2950  JSR   -6.0  loss 6.3261  logE[BER] -5.326  P_det_soft 1.0000  (81s)
  step 2975  JSR  -27.1  loss 1210.3567  logE[BER] -1209.845  P_det_soft 0.5112  (81s)
  step 3000  JSR  -21.2  loss 130.7580  logE[BER] -129.958  P_det_soft 0.8005  (82s)
  step 3025  JSR  -28.6  loss 1797.0525  logE[BER] -1796.580  P_det_soft 0.4727  (83s)
  step 3050  JSR   -3.2  loss 5.9618  logE[BER] -4.962  P_det_soft 1.0000  (83s)
  step 3075  JSR  -18.6  loss 10.1420  logE[BER] -9.159  P_det_soft 0.9828  (84s)
  step 3100  JSR  -11.5  loss 7.2091  logE[BER] -6.209  P_det_soft 1.0000  (84s)
  step 3125  JSR   -5.3  loss 6.2476  logE[BER] -5.248  P_det_soft 1.0000  (85s)
  step 3150  JSR  -12.2  loss 7.3526  logE[BER] -6.353  P_det_soft 1.0000  (86s)
  step 3175  JSR   -1.4  loss 5.5098  logE[BER] -4.510  P_det_soft 1.0000  (86s)
  step 3200  JSR  -29.0  loss 1894.1578  logE[BER] -1893.681  P_det_soft 0.4767  (87s)
  step 3225  JSR  -23.2  loss 348.7797  logE[BER] -348.054  P_det_soft 0.7258  (88s)
  step 3250  JSR  -14.7  loss 8.2842  logE[BER] -7.284  P_det_soft 1.0000  (88s)
  step 3275  JSR  -11.3  loss 7.1939  logE[BER] -6.194  P_det_soft 1.0000  (89s)
  step 3300  JSR  -21.8  loss 166.1224  logE[BER] -165.294  P_det_soft 0.8281  (90s)
  step 3325  JSR   -2.6  loss 5.9230  logE[BER] -4.923  P_det_soft 1.0000  (90s)
  step 3350  JSR  -24.4  loss 570.5859  logE[BER] -569.867  P_det_soft 0.7187  (91s)
  step 3375  JSR   -9.9  loss 6.8020  logE[BER] -5.802  P_det_soft 1.0000  (91s)
  step 3400  JSR   -5.8  loss 6.3050  logE[BER] -5.305  P_det_soft 1.0000  (92s)
  step 3425  JSR  -19.0  loss 10.5328  logE[BER] -9.591  P_det_soft 0.9419  (93s)
  step 3450  JSR  -31.9  loss 2138.3500  logE[BER] -2138.038  P_det_soft 0.3124  (93s)
  step 3475  JSR   -4.3  loss 6.1369  logE[BER] -5.137  P_det_soft 1.0000  (94s)
  step 3500  JSR  -23.2  loss 511.0756  logE[BER] -510.351  P_det_soft 0.7248  (95s)
  step 3525  JSR   -5.5  loss 6.2416  logE[BER] -5.242  P_det_soft 1.0000  (95s)
  step 3550  JSR   -4.8  loss 6.3037  logE[BER] -5.304  P_det_soft 1.0000  (96s)
  step 3575  JSR  -28.5  loss 1471.7558  logE[BER] -1471.362  P_det_soft 0.3938  (97s)
  step 3600  JSR  -15.4  loss 7.9616  logE[BER] -6.967  P_det_soft 0.9947  (97s)
  step 3625  JSR   -1.8  loss 5.7287  logE[BER] -4.729  P_det_soft 1.0000  (98s)
  step 3650  JSR   -2.1  loss 5.8108  logE[BER] -4.811  P_det_soft 1.0000  (98s)
  step 3675  JSR   -7.5  loss 6.4240  logE[BER] -5.424  P_det_soft 1.0000  (99s)
  step 3700  JSR  -20.6  loss 11.3694  logE[BER] -10.502  P_det_soft 0.8677  (100s)
  step 3725  JSR   -4.6  loss 6.1191  logE[BER] -5.119  P_det_soft 1.0000  (100s)
  step 3750  JSR   -6.3  loss 6.4442  logE[BER] -5.444  P_det_soft 1.0000  (101s)
  step 3775  JSR  -22.3  loss 25.4050  logE[BER] -24.618  P_det_soft 0.7873  (102s)
  step 3800  JSR  -26.0  loss 921.4363  logE[BER] -920.858  P_det_soft 0.5787  (102s)
  step 3825  JSR   -5.3  loss 6.1727  logE[BER] -5.173  P_det_soft 1.0000  (103s)
  step 3850  JSR   -5.6  loss 6.2358  logE[BER] -5.236  P_det_soft 1.0000  (103s)
  step 3875  JSR  -17.8  loss 8.7742  logE[BER] -7.798  P_det_soft 0.9763  (104s)
  step 3900  JSR  -20.7  loss 10.9912  logE[BER] -10.183  P_det_soft 0.8078  (105s)
  step 3925  JSR  -22.7  loss 220.8101  logE[BER] -220.065  P_det_soft 0.7454  (105s)
  step 3950  JSR  -24.9  loss 334.6165  logE[BER] -333.962  P_det_soft 0.6547  (106s)
  step 3975  JSR  -11.9  loss 6.8740  logE[BER] -5.875  P_det_soft 0.9986  (106s)
  step 3999  JSR  -13.9  loss 7.5356  logE[BER] -6.536  P_det_soft 1.0000  (107s)
wrote task1_G.pt, task1.json  (tag power_one_sided_b1)
