node: tikgpu06.ee.ethz.ch | gpu: NVIDIA GeForce RTX 3090
task 0 = {'target': None, 'beta': 0.0}  (tag eff, 128 frames/step, JSR band (-32.0, 0.0))
  step    0  JSR  -12.5  loss 364.7687  logE[BER] -364.769  P_det_soft 0.0000  (4s)
  step   25  JSR  -19.8  loss 1268.1527  logE[BER] -1268.153  P_det_soft 0.0000  (4s)
  step   50  JSR  -28.2  loss 1772.7077  logE[BER] -1772.708  P_det_soft 0.0000  (4s)
  step   75  JSR  -16.3  loss 6.9411  logE[BER] -6.941  P_det_soft 0.0000  (5s)
  step  100  JSR  -27.3  loss 1054.8012  logE[BER] -1054.801  P_det_soft 0.0000  (5s)
  step  125  JSR  -26.4  loss 761.2998  logE[BER] -761.300  P_det_soft 0.0000  (6s)
  step  150  JSR  -22.4  loss 18.7708  logE[BER] -18.771  P_det_soft 0.0000  (6s)
  step  175  JSR   -2.0  loss 3.0655  logE[BER] -3.065  P_det_soft 0.0000  (7s)
  step  200  JSR   -0.4  loss 2.6713  logE[BER] -2.671  P_det_soft 0.0000  (7s)
  step  225  JSR  -24.4  loss 256.1954  logE[BER] -256.195  P_det_soft 0.0000  (7s)
  step  250  JSR  -16.3  loss 6.5542  logE[BER] -6.554  P_det_soft 0.0000  (8s)
  step  275  JSR  -14.2  loss 6.0441  logE[BER] -6.044  P_det_soft 0.0000  (8s)
  step  300  JSR  -20.6  loss 8.8539  logE[BER] -8.854  P_det_soft 0.0000  (9s)
  step  325  JSR   -5.5  loss 4.4839  logE[BER] -4.484  P_det_soft 0.0000  (9s)
  step  350  JSR  -16.2  loss 6.3075  logE[BER] -6.307  P_det_soft 0.0000  (10s)
  step  375  JSR   -9.9  loss 5.5139  logE[BER] -5.514  P_det_soft 0.0000  (10s)
  step  400  JSR  -28.9  loss 1277.1189  logE[BER] -1277.119  P_det_soft 0.0000  (10s)
  step  425  JSR  -31.5  loss 1778.0027  logE[BER] -1778.003  P_det_soft 0.0000  (11s)
  step  450  JSR  -17.4  loss 6.5500  logE[BER] -6.550  P_det_soft 0.0000  (11s)
  step  475  JSR  -14.2  loss 5.9071  logE[BER] -5.907  P_det_soft 0.0000  (12s)
  step  500  JSR  -14.8  loss 6.0191  logE[BER] -6.019  P_det_soft 0.0000  (12s)
  step  525  JSR  -10.9  loss 5.6195  logE[BER] -5.619  P_det_soft 0.0000  (13s)
  step  550  JSR  -19.0  loss 7.3169  logE[BER] -7.317  P_det_soft 0.0000  (13s)
  step  575  JSR  -18.2  loss 6.6592  logE[BER] -6.659  P_det_soft 0.0000  (13s)
  step  600  JSR   -9.1  loss 5.2604  logE[BER] -5.260  P_det_soft 0.0000  (14s)
  step  625  JSR   -0.7  loss 3.0308  logE[BER] -3.031  P_det_soft 0.0000  (14s)
  step  650  JSR  -17.4  loss 6.4447  logE[BER] -6.445  P_det_soft 0.0000  (15s)
  step  675  JSR   -6.3  loss 4.8355  logE[BER] -4.835  P_det_soft 0.0000  (15s)
  step  700  JSR  -25.9  loss 419.7210  logE[BER] -419.721  P_det_soft 0.0000  (15s)
  step  725  JSR  -22.7  loss 13.3794  logE[BER] -13.379  P_det_soft 0.0000  (16s)
  step  750  JSR  -13.1  loss 5.8895  logE[BER] -5.890  P_det_soft 0.0000  (16s)
  step  775  JSR   -8.1  loss 5.2251  logE[BER] -5.225  P_det_soft 0.0000  (17s)
  step  800  JSR  -11.5  loss 5.5536  logE[BER] -5.554  P_det_soft 0.0000  (17s)
  step  825  JSR   -5.2  loss 4.6170  logE[BER] -4.617  P_det_soft 0.0000  (18s)
  step  850  JSR  -30.8  loss 1532.4570  logE[BER] -1532.457  P_det_soft 0.0000  (18s)
  step  875  JSR   -0.8  loss 3.2150  logE[BER] -3.215  P_det_soft 0.0000  (18s)
  step  900  JSR  -21.5  loss 9.0203  logE[BER] -9.020  P_det_soft 0.0000  (19s)
  step  925  JSR   -2.5  loss 3.8961  logE[BER] -3.896  P_det_soft 0.0000  (19s)
  step  950  JSR  -27.5  loss 630.8250  logE[BER] -630.825  P_det_soft 0.0000  (20s)
  step  975  JSR  -26.7  loss 573.2069  logE[BER] -573.207  P_det_soft 0.0000  (20s)
  step 1000  JSR   -8.8  loss 5.2812  logE[BER] -5.281  P_det_soft 0.0000  (21s)
  step 1025  JSR  -25.2  loss 246.9683  logE[BER] -246.968  P_det_soft 0.0000  (21s)
  step 1050  JSR   -7.7  loss 5.1680  logE[BER] -5.168  P_det_soft 0.0000  (21s)
  step 1075  JSR   -9.3  loss 5.3366  logE[BER] -5.337  P_det_soft 0.0000  (22s)
  step 1100  JSR  -26.3  loss 367.1149  logE[BER] -367.115  P_det_soft 0.0000  (22s)
  step 1125  JSR   -5.4  loss 4.8005  logE[BER] -4.801  P_det_soft 0.0000  (23s)
  step 1150  JSR  -27.7  loss 808.9034  logE[BER] -808.903  P_det_soft 0.0000  (23s)
  step 1175  JSR   -8.2  loss 5.1402  logE[BER] -5.140  P_det_soft 0.0000  (24s)
  step 1200  JSR  -20.0  loss 7.3041  logE[BER] -7.304  P_det_soft 0.0000  (24s)
  step 1225  JSR   -4.8  loss 4.5522  logE[BER] -4.552  P_det_soft 0.0000  (24s)
  step 1250  JSR   -0.9  loss 3.3896  logE[BER] -3.390  P_det_soft 0.0000  (25s)
  step 1275  JSR  -13.4  loss 5.8289  logE[BER] -5.829  P_det_soft 0.0000  (25s)
  step 1300  JSR  -16.5  loss 6.1878  logE[BER] -6.188  P_det_soft 0.0000  (26s)
  step 1325  JSR  -14.5  loss 6.0178  logE[BER] -6.018  P_det_soft 0.0000  (26s)
  step 1350  JSR   -7.5  loss 5.0259  logE[BER] -5.026  P_det_soft 0.0000  (27s)
  step 1375  JSR  -23.4  loss 42.7217  logE[BER] -42.722  P_det_soft 0.0000  (27s)
  step 1400  JSR   -6.4  loss 4.8665  logE[BER] -4.867  P_det_soft 0.0000  (27s)
  step 1425  JSR  -29.9  loss 1147.9068  logE[BER] -1147.907  P_det_soft 0.0000  (28s)
  step 1450  JSR  -14.2  loss 5.8914  logE[BER] -5.891  P_det_soft 0.0000  (28s)
  step 1475  JSR   -8.2  loss 5.0164  logE[BER] -5.016  P_det_soft 0.0000  (29s)
  step 1500  JSR   -6.4  loss 4.8334  logE[BER] -4.833  P_det_soft 0.0000  (29s)
  step 1525  JSR  -31.8  loss 1589.8503  logE[BER] -1589.850  P_det_soft 0.0000  (30s)
  step 1550  JSR  -14.7  loss 5.8760  logE[BER] -5.876  P_det_soft 0.0000  (30s)
  step 1575  JSR   -9.0  loss 5.2843  logE[BER] -5.284  P_det_soft 0.0000  (30s)
  step 1600  JSR  -12.1  loss 5.7213  logE[BER] -5.721  P_det_soft 0.0000  (31s)
  step 1625  JSR  -27.3  loss 734.3787  logE[BER] -734.379  P_det_soft 0.0000  (31s)
  step 1650  JSR  -13.4  loss 5.9086  logE[BER] -5.909  P_det_soft 0.0000  (32s)
  step 1675  JSR   -9.5  loss 5.3307  logE[BER] -5.331  P_det_soft 0.0000  (32s)
  step 1700  JSR  -17.1  loss 6.3400  logE[BER] -6.340  P_det_soft 0.0000  (33s)
  step 1725  JSR  -29.8  loss 1140.3942  logE[BER] -1140.394  P_det_soft 0.0000  (33s)
  step 1750  JSR  -16.2  loss 6.1957  logE[BER] -6.196  P_det_soft 0.0000  (33s)
  step 1775  JSR  -27.0  loss 479.4044  logE[BER] -479.404  P_det_soft 0.0000  (34s)
  step 1800  JSR  -13.5  loss 5.7216  logE[BER] -5.722  P_det_soft 0.0000  (34s)
  step 1825  JSR   -9.2  loss 5.2250  logE[BER] -5.225  P_det_soft 0.0000  (35s)
  step 1850  JSR   -7.6  loss 5.1372  logE[BER] -5.137  P_det_soft 0.0000  (35s)
  step 1875  JSR  -14.3  loss 5.8741  logE[BER] -5.874  P_det_soft 0.0000  (36s)
  step 1900  JSR   -4.2  loss 4.5800  logE[BER] -4.580  P_det_soft 0.0000  (36s)
  step 1925  JSR  -13.7  loss 5.8236  logE[BER] -5.824  P_det_soft 0.0000  (36s)
  step 1950  JSR   -2.7  loss 4.0524  logE[BER] -4.052  P_det_soft 0.0000  (37s)
  step 1975  JSR  -22.4  loss 9.3410  logE[BER] -9.341  P_det_soft 0.0000  (37s)
  step 2000  JSR  -24.8  loss 154.2910  logE[BER] -154.291  P_det_soft 0.0000  (38s)
  step 2025  JSR  -12.3  loss 5.4980  logE[BER] -5.498  P_det_soft 0.0000  (38s)
  step 2050  JSR  -17.4  loss 6.4431  logE[BER] -6.443  P_det_soft 0.0000  (39s)
  step 2075  JSR  -15.4  loss 6.0713  logE[BER] -6.071  P_det_soft 0.0000  (39s)
  step 2100  JSR   -1.2  loss 3.6891  logE[BER] -3.689  P_det_soft 0.0000  (39s)
  step 2125  JSR  -18.5  loss 6.6201  logE[BER] -6.620  P_det_soft 0.0000  (40s)
  step 2150  JSR   -7.1  loss 5.0832  logE[BER] -5.083  P_det_soft 0.0000  (40s)
  step 2175  JSR  -27.9  loss 662.2555  logE[BER] -662.256  P_det_soft 0.0000  (41s)
  step 2200  JSR  -31.8  loss 1541.6136  logE[BER] -1541.614  P_det_soft 0.0000  (41s)
  step 2225  JSR   -5.3  loss 4.6398  logE[BER] -4.640  P_det_soft 0.0000  (42s)
  step 2250  JSR   -8.0  loss 5.1376  logE[BER] -5.138  P_det_soft 0.0000  (42s)
  step 2275  JSR  -12.5  loss 5.5910  logE[BER] -5.591  P_det_soft 0.0000  (42s)
  step 2300  JSR  -16.1  loss 6.2947  logE[BER] -6.295  P_det_soft 0.0000  (43s)
  step 2325  JSR  -23.1  loss 52.4748  logE[BER] -52.475  P_det_soft 0.0000  (43s)
  step 2350  JSR  -23.4  loss 20.7815  logE[BER] -20.781  P_det_soft 0.0000  (44s)
  step 2375  JSR   -3.8  loss 4.4175  logE[BER] -4.418  P_det_soft 0.0000  (44s)
  step 2400  JSR   -0.5  loss 3.5344  logE[BER] -3.534  P_det_soft 0.0000  (45s)
  step 2425  JSR   -3.5  loss 4.4210  logE[BER] -4.421  P_det_soft 0.0000  (45s)
  step 2450  JSR   -0.4  loss 3.4545  logE[BER] -3.454  P_det_soft 0.0000  (45s)
  step 2475  JSR   -0.8  loss 3.5885  logE[BER] -3.589  P_det_soft 0.0000  (46s)
  step 2500  JSR  -10.7  loss 5.4556  logE[BER] -5.456  P_det_soft 0.0000  (46s)
  step 2525  JSR  -30.1  loss 1450.0195  logE[BER] -1450.020  P_det_soft 0.0000  (47s)
  step 2550  JSR  -28.1  loss 796.0491  logE[BER] -796.049  P_det_soft 0.0000  (47s)
  step 2575  JSR   -8.3  loss 5.1568  logE[BER] -5.157  P_det_soft 0.0000  (48s)
  step 2600  JSR   -0.1  loss 3.5365  logE[BER] -3.536  P_det_soft 0.0000  (48s)
  step 2625  JSR  -32.0  loss 1591.5519  logE[BER] -1591.552  P_det_soft 0.0000  (49s)
  step 2650  JSR  -18.4  loss 6.8736  logE[BER] -6.874  P_det_soft 0.0000  (49s)
  step 2675  JSR   -0.9  loss 3.7992  logE[BER] -3.799  P_det_soft 0.0000  (49s)
  step 2700  JSR   -9.0  loss 5.1786  logE[BER] -5.179  P_det_soft 0.0000  (50s)
  step 2725  JSR   -5.9  loss 4.8329  logE[BER] -4.833  P_det_soft 0.0000  (50s)
  step 2750  JSR   -2.7  loss 4.3835  logE[BER] -4.383  P_det_soft 0.0000  (51s)
  step 2775  JSR   -1.5  loss 4.0252  logE[BER] -4.025  P_det_soft 0.0000  (51s)
  step 2800  JSR   -2.9  loss 4.3823  logE[BER] -4.382  P_det_soft 0.0000  (51s)
  step 2825  JSR  -29.3  loss 951.3777  logE[BER] -951.378  P_det_soft 0.0000  (52s)
  step 2850  JSR  -17.5  loss 6.4412  logE[BER] -6.441  P_det_soft 0.0000  (52s)
  step 2875  JSR  -24.4  loss 53.9565  logE[BER] -53.957  P_det_soft 0.0000  (52s)
  step 2900  JSR  -17.9  loss 6.7729  logE[BER] -6.773  P_det_soft 0.0000  (53s)
  step 2925  JSR  -15.5  loss 6.0357  logE[BER] -6.036  P_det_soft 0.0000  (53s)
  step 2950  JSR  -15.2  loss 5.9514  logE[BER] -5.951  P_det_soft 0.0000  (54s)
  step 2975  JSR  -27.4  loss 548.4729  logE[BER] -548.473  P_det_soft 0.0000  (54s)
  step 3000  JSR  -23.5  loss 19.6560  logE[BER] -19.656  P_det_soft 0.0000  (54s)
  step 3025  JSR  -22.4  loss 10.3973  logE[BER] -10.397  P_det_soft 0.0000  (55s)
  step 3050  JSR  -16.1  loss 6.0308  logE[BER] -6.031  P_det_soft 0.0000  (55s)
  step 3075  JSR   -1.2  loss 3.8367  logE[BER] -3.837  P_det_soft 0.0000  (56s)
  step 3100  JSR  -22.8  loss 10.5338  logE[BER] -10.534  P_det_soft 0.0000  (56s)
  step 3125  JSR  -13.2  loss 5.6946  logE[BER] -5.695  P_det_soft 0.0000  (56s)
  step 3150  JSR   -0.3  loss 3.4358  logE[BER] -3.436  P_det_soft 0.0000  (57s)
  step 3175  JSR  -10.9  loss 5.3265  logE[BER] -5.326  P_det_soft 0.0000  (57s)
  step 3200  JSR   -5.9  loss 4.8023  logE[BER] -4.802  P_det_soft 0.0000  (57s)
  step 3225  JSR   -1.8  loss 4.0282  logE[BER] -4.028  P_det_soft 0.0000  (58s)
  step 3250  JSR  -26.1  loss 408.6558  logE[BER] -408.656  P_det_soft 0.0000  (58s)
  step 3275  JSR  -16.1  loss 6.0056  logE[BER] -6.006  P_det_soft 0.0000  (59s)
  step 3300  JSR  -16.8  loss 6.2900  logE[BER] -6.290  P_det_soft 0.0000  (59s)
  step 3325  JSR   -6.2  loss 4.8356  logE[BER] -4.836  P_det_soft 0.0000  (59s)
  step 3350  JSR  -24.2  loss 52.6643  logE[BER] -52.664  P_det_soft 0.0000  (60s)
  step 3375  JSR  -22.5  loss 8.8337  logE[BER] -8.834  P_det_soft 0.0000  (60s)
  step 3400  JSR   -4.7  loss 4.5855  logE[BER] -4.586  P_det_soft 0.0000  (61s)
  step 3425  JSR   -5.2  loss 4.7175  logE[BER] -4.717  P_det_soft 0.0000  (61s)
  step 3450  JSR  -25.7  loss 274.9171  logE[BER] -274.917  P_det_soft 0.0000  (61s)
  step 3475  JSR  -24.0  loss 12.1223  logE[BER] -12.122  P_det_soft 0.0000  (62s)
  step 3500  JSR  -10.3  loss 5.2141  logE[BER] -5.214  P_det_soft 0.0000  (62s)
  step 3525  JSR  -21.9  loss 7.8832  logE[BER] -7.883  P_det_soft 0.0000  (62s)
  step 3550  JSR  -26.4  loss 302.2276  logE[BER] -302.228  P_det_soft 0.0000  (63s)
  step 3575  JSR   -1.9  loss 4.1072  logE[BER] -4.107  P_det_soft 0.0000  (63s)
  step 3600  JSR  -19.7  loss 7.3491  logE[BER] -7.349  P_det_soft 0.0000  (64s)
  step 3625  JSR   -1.2  loss 3.8734  logE[BER] -3.873  P_det_soft 0.0000  (64s)
  step 3650  JSR  -12.8  loss 5.7492  logE[BER] -5.749  P_det_soft 0.0000  (64s)
  step 3675  JSR  -29.7  loss 1131.1378  logE[BER] -1131.138  P_det_soft 0.0000  (65s)
  step 3700  JSR  -11.8  loss 5.5136  logE[BER] -5.514  P_det_soft 0.0000  (65s)
  step 3725  JSR  -24.4  loss 74.2976  logE[BER] -74.298  P_det_soft 0.0000  (66s)
  step 3750  JSR  -14.7  loss 5.8735  logE[BER] -5.874  P_det_soft 0.0000  (66s)
  step 3775  JSR   -8.2  loss 5.0672  logE[BER] -5.067  P_det_soft 0.0000  (66s)
  step 3800  JSR   -8.0  loss 5.0767  logE[BER] -5.077  P_det_soft 0.0000  (67s)
  step 3825  JSR   -8.9  loss 5.2113  logE[BER] -5.211  P_det_soft 0.0000  (67s)
  step 3850  JSR   -6.3  loss 4.9554  logE[BER] -4.955  P_det_soft 0.0000  (67s)
  step 3875  JSR   -7.7  loss 4.9740  logE[BER] -4.974  P_det_soft 0.0000  (68s)
  step 3900  JSR  -10.6  loss 5.4315  logE[BER] -5.432  P_det_soft 0.0000  (68s)
  step 3925  JSR  -18.3  loss 6.6512  logE[BER] -6.651  P_det_soft 0.0000  (69s)
  step 3950  JSR  -20.6  loss 7.9574  logE[BER] -7.957  P_det_soft 0.0000  (69s)
  step 3975  JSR  -22.3  loss 8.5794  logE[BER] -8.579  P_det_soft 0.0000  (69s)
  step 3999  JSR  -28.6  loss 761.6622  logE[BER] -761.662  P_det_soft 0.0000  (70s)
wrote task0_G.pt, task0.json  (tag eff)
