node: tikgpu04.ee.ethz.ch | gpu: NVIDIA TITAN RTX
task 3 = {'target': 'power_one_sided', 'beta': 100.0}  (tag power_one_sided_b100, 128 frames/step, JSR band (-32.0, 0.0))
  target power_one_sided: threshold 0.100354, clean-frame std 0.000139964 (soft_pdet width)
  step    0  JSR  -11.5  loss 419.8816  logE[BER] -319.995  P_det_soft 0.9989  (1s)
  step   25  JSR   -5.2  loss 104.2315  logE[BER] -4.232  P_det_soft 1.0000  (2s)
  step   50  JSR  -24.0  loss 818.3603  logE[BER] -750.059  P_det_soft 0.6830  (2s)
  step   75  JSR  -25.6  loss 1062.0997  logE[BER] -1003.739  P_det_soft 0.5836  (3s)
  step  100  JSR  -31.5  loss 2233.2239  logE[BER] -2195.709  P_det_soft 0.3752  (3s)
  step  125  JSR  -26.6  loss 1095.6911  logE[BER] -1039.348  P_det_soft 0.5634  (4s)
  step  150  JSR  -17.7  loss 101.9106  logE[BER] -6.892  P_det_soft 0.9502  (4s)
  step  175  JSR   -2.6  loss 103.3308  logE[BER] -3.331  P_det_soft 1.0000  (5s)
  step  200  JSR  -29.4  loss 1631.0034  logE[BER] -1587.719  P_det_soft 0.4328  (5s)
  step  225  JSR   -3.3  loss 103.7342  logE[BER] -3.734  P_det_soft 1.0000  (6s)
  step  250  JSR  -31.8  loss 1953.2233  logE[BER] -1919.026  P_det_soft 0.3420  (6s)
  step  275  JSR   -7.1  loss 105.0903  logE[BER] -5.090  P_det_soft 1.0000  (7s)
  step  300  JSR  -12.5  loss 105.7017  logE[BER] -5.702  P_det_soft 1.0000  (7s)
  step  325  JSR  -15.6  loss 105.1253  logE[BER] -6.194  P_det_soft 0.9893  (8s)
  step  350  JSR   -5.0  loss 104.4311  logE[BER] -4.431  P_det_soft 1.0000  (8s)
  step  375  JSR  -21.1  loss 94.2259  logE[BER] -8.783  P_det_soft 0.8544  (9s)
  step  400  JSR  -26.2  loss 579.3804  logE[BER] -516.986  P_det_soft 0.6239  (10s)
  step  425  JSR  -29.3  loss 1501.0786  logE[BER] -1453.552  P_det_soft 0.4753  (10s)
  step  450  JSR   -8.9  loss 105.3334  logE[BER] -5.333  P_det_soft 1.0000  (11s)
  step  475  JSR  -21.2  loss 93.2026  logE[BER] -9.291  P_det_soft 0.8391  (11s)
  step  500  JSR   -0.5  loss 102.8370  logE[BER] -2.837  P_det_soft 1.0000  (12s)
  step  525  JSR  -12.4  loss 105.6445  logE[BER] -5.645  P_det_soft 1.0000  (12s)
  step  550  JSR  -31.8  loss 1863.9702  logE[BER] -1826.312  P_det_soft 0.3766  (13s)
  step  575  JSR   -7.1  loss 105.0482  logE[BER] -5.048  P_det_soft 1.0000  (13s)
  step  600  JSR   -7.0  loss 105.1018  logE[BER] -5.102  P_det_soft 1.0000  (14s)
  step  625  JSR  -13.5  loss 105.8974  logE[BER] -5.897  P_det_soft 1.0000  (14s)
  step  650  JSR   -7.3  loss 105.1168  logE[BER] -5.117  P_det_soft 1.0000  (15s)
  step  675  JSR  -21.8  loss 90.1972  logE[BER] -9.388  P_det_soft 0.8081  (15s)
  step  700  JSR  -21.0  loss 87.4927  logE[BER] -7.990  P_det_soft 0.7950  (16s)
  step  725  JSR   -0.2  loss 102.9369  logE[BER] -2.937  P_det_soft 1.0000  (16s)
  step  750  JSR   -6.8  loss 105.0668  logE[BER] -5.067  P_det_soft 1.0000  (17s)
  step  775  JSR  -29.7  loss 1269.2779  logE[BER] -1226.463  P_det_soft 0.4282  (18s)
  step  800  JSR   -0.7  loss 103.1101  logE[BER] -3.110  P_det_soft 1.0000  (18s)
  step  825  JSR  -15.6  loss 105.1626  logE[BER] -6.048  P_det_soft 0.9911  (19s)
  step  850  JSR   -3.3  loss 104.1122  logE[BER] -4.112  P_det_soft 1.0000  (19s)
  step  875  JSR   -3.6  loss 104.0026  logE[BER] -4.003  P_det_soft 1.0000  (20s)
  step  900  JSR  -17.7  loss 102.8097  logE[BER] -6.658  P_det_soft 0.9615  (20s)
  step  925  JSR   -5.1  loss 104.5691  logE[BER] -4.569  P_det_soft 1.0000  (21s)
  step  950  JSR  -13.3  loss 105.6505  logE[BER] -5.653  P_det_soft 1.0000  (21s)
  step  975  JSR  -21.0  loss 86.7367  logE[BER] -7.865  P_det_soft 0.7887  (22s)
  step 1000  JSR  -22.5  loss 91.2684  logE[BER] -9.695  P_det_soft 0.8157  (22s)
  step 1025  JSR   -0.2  loss 103.0596  logE[BER] -3.060  P_det_soft 1.0000  (23s)
  step 1050  JSR  -23.1  loss 121.0903  logE[BER] -44.755  P_det_soft 0.7633  (23s)
  step 1075  JSR  -24.9  loss 349.5462  logE[BER] -286.458  P_det_soft 0.6309  (24s)
  step 1100  JSR  -19.4  loss 92.5573  logE[BER] -7.159  P_det_soft 0.8540  (24s)
  step 1125  JSR   -8.6  loss 105.2726  logE[BER] -5.273  P_det_soft 1.0000  (25s)
  step 1150  JSR  -24.9  loss 281.1898  logE[BER] -220.137  P_det_soft 0.6105  (26s)
  step 1175  JSR  -28.1  loss 1009.6066  logE[BER] -954.441  P_det_soft 0.5517  (26s)
  step 1200  JSR  -14.5  loss 105.0716  logE[BER] -5.854  P_det_soft 0.9922  (27s)
  step 1225  JSR  -28.0  loss 1027.5966  logE[BER] -972.025  P_det_soft 0.5557  (27s)
  step 1250  JSR  -17.8  loss 101.8699  logE[BER] -6.367  P_det_soft 0.9550  (28s)
  step 1275  JSR  -19.9  loss 96.1596  logE[BER] -7.119  P_det_soft 0.8904  (28s)
  step 1300  JSR  -25.6  loss 477.1187  logE[BER] -411.213  P_det_soft 0.6591  (29s)
  step 1325  JSR  -25.9  loss 490.1428  logE[BER] -431.409  P_det_soft 0.5873  (29s)
  step 1350  JSR   -5.4  loss 104.8865  logE[BER] -4.886  P_det_soft 1.0000  (30s)
  step 1375  JSR  -14.9  loss 104.2995  logE[BER] -5.865  P_det_soft 0.9843  (30s)
  step 1400  JSR   -3.6  loss 104.2950  logE[BER] -4.295  P_det_soft 1.0000  (31s)
  step 1425  JSR  -30.2  loss 1487.3445  logE[BER] -1444.014  P_det_soft 0.4333  (31s)
  step 1450  JSR  -25.6  loss 452.6178  logE[BER] -389.216  P_det_soft 0.6340  (32s)
  step 1475  JSR   -1.5  loss 103.3518  logE[BER] -3.352  P_det_soft 1.0000  (33s)
  step 1500  JSR  -13.1  loss 104.9145  logE[BER] -5.696  P_det_soft 0.9922  (33s)
  step 1525  JSR  -18.2  loss 98.9926  logE[BER] -6.516  P_det_soft 0.9248  (34s)
  step 1550  JSR   -5.3  loss 104.8917  logE[BER] -4.892  P_det_soft 1.0000  (34s)
  step 1575  JSR  -27.6  loss 739.2809  logE[BER] -689.034  P_det_soft 0.5025  (35s)
  step 1600  JSR  -24.8  loss 198.1806  logE[BER] -134.164  P_det_soft 0.6402  (35s)
  step 1625  JSR  -30.9  loss 1572.2708  logE[BER] -1533.106  P_det_soft 0.3917  (36s)
  step 1650  JSR  -29.6  loss 1363.1453  logE[BER] -1316.883  P_det_soft 0.4626  (36s)
  step 1675  JSR  -26.1  loss 438.5618  logE[BER] -373.299  P_det_soft 0.6526  (37s)
  step 1700  JSR   -0.5  loss 103.3093  logE[BER] -3.309  P_det_soft 1.0000  (37s)
  step 1725  JSR   -7.3  loss 105.1620  logE[BER] -5.162  P_det_soft 1.0000  (38s)
  step 1750  JSR  -21.5  loss 85.2754  logE[BER] -7.934  P_det_soft 0.7734  (38s)
  step 1775  JSR  -25.3  loss 387.2744  logE[BER] -323.963  P_det_soft 0.6331  (39s)
  step 1800  JSR   -0.1  loss 103.0980  logE[BER] -3.098  P_det_soft 1.0000  (39s)
  step 1825  JSR  -31.5  loss 1523.3784  logE[BER] -1483.158  P_det_soft 0.4022  (40s)
  step 1850  JSR   -7.7  loss 105.1654  logE[BER] -5.165  P_det_soft 1.0000  (41s)
  step 1875  JSR   -6.5  loss 105.0222  logE[BER] -5.022  P_det_soft 1.0000  (41s)
  step 1900  JSR  -28.9  loss 1103.7782  logE[BER] -1053.487  P_det_soft 0.5029  (42s)
  step 1925  JSR   -5.3  loss 104.6232  logE[BER] -4.623  P_det_soft 1.0000  (42s)
  step 1950  JSR  -29.6  loss 1273.8317  logE[BER] -1229.252  P_det_soft 0.4458  (43s)
  step 1975  JSR  -13.2  loss 105.7967  logE[BER] -5.797  P_det_soft 1.0000  (43s)
  step 2000  JSR  -13.0  loss 105.5883  logE[BER] -5.588  P_det_soft 1.0000  (44s)
  step 2025  JSR  -13.2  loss 105.6339  logE[BER] -5.634  P_det_soft 1.0000  (44s)
  step 2050  JSR   -0.7  loss 103.3568  logE[BER] -3.357  P_det_soft 1.0000  (45s)
  step 2075  JSR   -3.6  loss 104.4081  logE[BER] -4.408  P_det_soft 1.0000  (45s)
  step 2100  JSR  -10.9  loss 105.5999  logE[BER] -5.600  P_det_soft 1.0000  (46s)
  step 2125  JSR  -10.5  loss 105.4249  logE[BER] -5.425  P_det_soft 1.0000  (47s)
  step 2150  JSR  -12.2  loss 105.6084  logE[BER] -5.608  P_det_soft 1.0000  (47s)
  step 2175  JSR  -27.5  loss 717.6959  logE[BER] -663.718  P_det_soft 0.5398  (48s)
  step 2200  JSR  -31.5  loss 1632.6715  logE[BER] -1593.670  P_det_soft 0.3900  (48s)
  step 2225  JSR  -25.2  loss 225.4118  logE[BER] -165.753  P_det_soft 0.5966  (49s)
  step 2250  JSR  -24.2  loss 198.1573  logE[BER] -129.743  P_det_soft 0.6841  (49s)
  step 2275  JSR  -14.4  loss 105.7247  logE[BER] -5.725  P_det_soft 1.0000  (50s)
  step 2300  JSR  -27.3  loss 664.5603  logE[BER] -610.138  P_det_soft 0.5442  (50s)
  step 2325  JSR  -17.8  loss 102.5913  logE[BER] -6.312  P_det_soft 0.9628  (51s)
  step 2350  JSR   -0.3  loss 103.2941  logE[BER] -3.294  P_det_soft 1.0000  (51s)
  step 2375  JSR  -19.1  loss 102.5483  logE[BER] -6.638  P_det_soft 0.9591  (52s)
  step 2400  JSR  -22.0  loss 93.3669  logE[BER] -8.761  P_det_soft 0.8461  (52s)
  step 2425  JSR  -22.5  loss 82.3528  logE[BER] -9.475  P_det_soft 0.7288  (53s)
  step 2450  JSR  -22.8  loss 88.7429  logE[BER] -15.256  P_det_soft 0.7349  (54s)
  step 2475  JSR   -1.2  loss 103.4191  logE[BER] -3.419  P_det_soft 1.0000  (54s)
  step 2500  JSR  -10.8  loss 105.4095  logE[BER] -5.410  P_det_soft 1.0000  (55s)
  step 2525  JSR  -19.9  loss 95.9506  logE[BER] -6.805  P_det_soft 0.8915  (55s)
  step 2550  JSR   -2.5  loss 104.1608  logE[BER] -4.161  P_det_soft 1.0000  (56s)
  step 2575  JSR  -27.9  loss 907.3790  logE[BER] -857.563  P_det_soft 0.4982  (56s)
  step 2600  JSR  -14.6  loss 105.8726  logE[BER] -5.873  P_det_soft 1.0000  (57s)
  step 2625  JSR  -24.3  loss 179.2774  logE[BER] -110.505  P_det_soft 0.6877  (57s)
  step 2650  JSR   -2.4  loss 104.0187  logE[BER] -4.019  P_det_soft 1.0000  (58s)
  step 2675  JSR   -8.4  loss 105.2000  logE[BER] -5.200  P_det_soft 1.0000  (58s)
  step 2700  JSR  -31.5  loss 1675.6898  logE[BER] -1637.627  P_det_soft 0.3806  (59s)
  step 2725  JSR  -18.9  loss 103.2621  logE[BER] -6.516  P_det_soft 0.9675  (59s)
  step 2750  JSR  -30.7  loss 1425.1089  logE[BER] -1382.267  P_det_soft 0.4284  (60s)
  step 2775  JSR  -27.3  loss 729.6549  logE[BER] -671.577  P_det_soft 0.5808  (61s)
  step 2800  JSR  -18.2  loss 98.8697  logE[BER] -6.223  P_det_soft 0.9265  (61s)
  step 2825  JSR   -8.1  loss 105.3004  logE[BER] -5.300  P_det_soft 1.0000  (62s)
  step 2850  JSR   -2.6  loss 104.0657  logE[BER] -4.066  P_det_soft 1.0000  (62s)
  step 2875  JSR  -23.3  loss 83.5475  logE[BER] -16.226  P_det_soft 0.6732  (63s)
  step 2900  JSR  -14.0  loss 105.7857  logE[BER] -5.786  P_det_soft 1.0000  (63s)
  step 2925  JSR   -5.1  loss 104.8955  logE[BER] -4.896  P_det_soft 1.0000  (64s)
  step 2950  JSR   -1.9  loss 103.8916  logE[BER] -3.892  P_det_soft 1.0000  (64s)
  step 2975  JSR   -9.6  loss 105.3933  logE[BER] -5.393  P_det_soft 1.0000  (65s)
  step 3000  JSR  -23.7  loss 88.0196  logE[BER] -16.853  P_det_soft 0.7117  (65s)
  step 3025  JSR  -31.8  loss 1655.1160  logE[BER] -1614.606  P_det_soft 0.4051  (66s)
  step 3050  JSR   -4.9  loss 104.7515  logE[BER] -4.751  P_det_soft 1.0000  (66s)
  step 3075  JSR  -25.5  loss 295.3868  logE[BER] -225.232  P_det_soft 0.7016  (67s)
  step 3100  JSR  -24.3  loss 158.1836  logE[BER] -96.751  P_det_soft 0.6143  (68s)
  step 3125  JSR  -11.7  loss 105.4743  logE[BER] -5.474  P_det_soft 1.0000  (68s)
  step 3150  JSR  -11.7  loss 105.4226  logE[BER] -5.423  P_det_soft 1.0000  (69s)
  step 3175  JSR  -12.6  loss 105.5887  logE[BER] -5.589  P_det_soft 1.0000  (69s)
  step 3200  JSR  -13.5  loss 105.5913  logE[BER] -5.591  P_det_soft 1.0000  (70s)
  step 3225  JSR  -30.7  loss 1446.3195  logE[BER] -1405.091  P_det_soft 0.4123  (70s)
  step 3250  JSR  -19.8  loss 97.1416  logE[BER] -6.878  P_det_soft 0.9026  (71s)
  step 3275  JSR  -24.4  loss 137.1881  logE[BER] -75.918  P_det_soft 0.6127  (71s)
  step 3300  JSR   -1.6  loss 103.8008  logE[BER] -3.801  P_det_soft 1.0000  (72s)
  step 3325  JSR  -13.2  loss 105.7033  logE[BER] -5.717  P_det_soft 0.9999  (72s)
  step 3350  JSR  -17.6  loss 102.7678  logE[BER] -6.286  P_det_soft 0.9648  (73s)
  step 3375  JSR  -16.7  loss 104.0930  logE[BER] -6.075  P_det_soft 0.9802  (74s)
  step 3400  JSR   -5.8  loss 104.9884  logE[BER] -4.988  P_det_soft 1.0000  (74s)
  step 3425  JSR  -14.2  loss 105.5874  logE[BER] -5.592  P_det_soft 1.0000  (75s)
  step 3450  JSR  -23.5  loss 92.0787  logE[BER] -17.664  P_det_soft 0.7441  (75s)
  step 3475  JSR   -1.6  loss 103.8763  logE[BER] -3.876  P_det_soft 1.0000  (76s)
  step 3500  JSR  -21.8  loss 86.0006  logE[BER] -7.650  P_det_soft 0.7835  (76s)
  step 3525  JSR  -27.8  loss 726.7951  logE[BER] -671.579  P_det_soft 0.5522  (77s)
  step 3550  JSR  -22.5  loss 91.0056  logE[BER] -10.045  P_det_soft 0.8096  (77s)
  step 3575  JSR   -9.4  loss 105.2927  logE[BER] -5.293  P_det_soft 1.0000  (78s)
  step 3600  JSR  -27.0  loss 513.3581  logE[BER] -460.146  P_det_soft 0.5321  (78s)
  step 3625  JSR  -19.3  loss 99.1001  logE[BER] -6.566  P_det_soft 0.9253  (79s)
  step 3650  JSR  -11.1  loss 105.3988  logE[BER] -5.399  P_det_soft 1.0000  (80s)
  step 3675  JSR  -30.7  loss 1477.9823  logE[BER] -1431.920  P_det_soft 0.4606  (80s)
  step 3700  JSR  -28.0  loss 786.3051  logE[BER] -725.663  P_det_soft 0.6064  (81s)
  step 3725  JSR  -16.5  loss 105.1623  logE[BER] -6.101  P_det_soft 0.9906  (81s)
  step 3750  JSR   -8.3  loss 105.2608  logE[BER] -5.261  P_det_soft 1.0000  (82s)
  step 3775  JSR  -16.7  loss 105.6849  logE[BER] -6.094  P_det_soft 0.9959  (82s)
  step 3800  JSR   -2.6  loss 104.2525  logE[BER] -4.252  P_det_soft 1.0000  (83s)
  step 3825  JSR   -1.3  loss 103.7137  logE[BER] -3.714  P_det_soft 1.0000  (83s)
  step 3850  JSR  -12.1  loss 105.5219  logE[BER] -5.522  P_det_soft 1.0000  (84s)
  step 3875  JSR   -8.7  loss 105.2444  logE[BER] -5.244  P_det_soft 1.0000  (84s)
  step 3900  JSR   -0.2  loss 103.3222  logE[BER] -3.322  P_det_soft 1.0000  (85s)
  step 3925  JSR   -8.3  loss 105.1814  logE[BER] -5.181  P_det_soft 1.0000  (86s)
  step 3950  JSR  -18.5  loss 99.8404  logE[BER] -6.317  P_det_soft 0.9352  (86s)
  step 3975  JSR  -14.6  loss 105.0132  logE[BER] -5.777  P_det_soft 0.9924  (87s)
  step 3999  JSR  -24.0  loss 116.1445  logE[BER] -47.557  P_det_soft 0.6859  (87s)
wrote task3_G.pt, task3.json  (tag power_one_sided_b100)
