node: tikgpu04.ee.ethz.ch | gpu: NVIDIA TITAN RTX
task 6 = {'target': 'power_two_sided', 'beta': 10.0}  (tag power_two_sided_b10, 128 frames/step, JSR band (-32.0, 0.0))
  target power_two_sided: threshold 0.000274786, clean-frame std 8.44455e-05 (soft_pdet width)
  step    0  JSR  -31.6  loss 3456.1063  logE[BER] -3451.269  P_det_soft 0.4837  (1s)
  step   25  JSR  -30.4  loss 3042.3927  logE[BER] -3037.199  P_det_soft 0.5194  (2s)
  step   50  JSR  -23.0  loss 497.3642  logE[BER] -488.946  P_det_soft 0.8419  (2s)
  step   75  JSR  -10.3  loss 15.6944  logE[BER] -5.694  P_det_soft 1.0000  (3s)
  step  100  JSR  -22.4  loss 39.4403  logE[BER] -31.022  P_det_soft 0.8418  (3s)
  step  125  JSR  -19.4  loss 17.5503  logE[BER] -8.345  P_det_soft 0.9205  (4s)
  step  150  JSR   -9.4  loss 15.5908  logE[BER] -5.591  P_det_soft 1.0000  (4s)
  step  175  JSR  -27.2  loss 1004.9858  logE[BER] -997.777  P_det_soft 0.7209  (5s)
  step  200  JSR   -8.6  loss 15.3863  logE[BER] -5.386  P_det_soft 1.0000  (5s)
  step  225  JSR  -21.7  loss 19.2978  logE[BER] -11.163  P_det_soft 0.8135  (6s)
  step  250  JSR  -25.2  loss 454.8072  logE[BER] -447.879  P_det_soft 0.6928  (6s)
  step  275  JSR  -31.7  loss 1850.4182  logE[BER] -1846.027  P_det_soft 0.4391  (7s)
  step  300  JSR   -7.0  loss 15.1420  logE[BER] -5.142  P_det_soft 1.0000  (7s)
  step  325  JSR   -5.6  loss 14.6829  logE[BER] -4.683  P_det_soft 1.0000  (8s)
  step  350  JSR  -18.8  loss 16.7473  logE[BER] -7.154  P_det_soft 0.9593  (8s)
  step  375  JSR  -15.1  loss 16.1771  logE[BER] -6.186  P_det_soft 0.9991  (9s)
  step  400  JSR  -16.1  loss 16.4299  logE[BER] -6.487  P_det_soft 0.9943  (10s)
  step  425  JSR  -31.7  loss 1917.5919  logE[BER] -1912.515  P_det_soft 0.5077  (10s)
  step  450  JSR  -20.4  loss 17.8561  logE[BER] -8.573  P_det_soft 0.9284  (11s)
  step  475  JSR  -19.2  loss 16.6457  logE[BER] -7.307  P_det_soft 0.9339  (11s)
  step  500  JSR  -21.8  loss 18.1311  logE[BER] -9.395  P_det_soft 0.8736  (12s)
  step  525  JSR  -31.1  loss 1630.5917  logE[BER] -1625.729  P_det_soft 0.4863  (12s)
  step  550  JSR  -21.7  loss 17.6833  logE[BER] -9.074  P_det_soft 0.8609  (13s)
  step  575  JSR  -22.2  loss 21.0136  logE[BER] -12.359  P_det_soft 0.8655  (13s)
  step  600  JSR  -28.0  loss 915.7081  logE[BER] -909.540  P_det_soft 0.6168  (14s)
  step  625  JSR  -21.2  loss 17.3691  logE[BER] -8.453  P_det_soft 0.8916  (14s)
  step  650  JSR  -14.2  loss 15.9509  logE[BER] -6.013  P_det_soft 0.9938  (15s)
  step  675  JSR  -30.7  loss 1487.8385  logE[BER] -1483.021  P_det_soft 0.4817  (15s)
  step  700  JSR   -9.1  loss 15.3215  logE[BER] -5.322  P_det_soft 1.0000  (16s)
  step  725  JSR   -7.1  loss 15.1976  logE[BER] -5.198  P_det_soft 1.0000  (17s)
  step  750  JSR  -12.5  loss 15.6285  logE[BER] -5.629  P_det_soft 1.0000  (17s)
  step  775  JSR  -31.4  loss 1562.6833  logE[BER] -1557.915  P_det_soft 0.4769  (18s)
  step  800  JSR  -25.5  loss 357.5848  logE[BER] -350.635  P_det_soft 0.6950  (18s)
  step  825  JSR  -13.7  loss 15.7904  logE[BER] -5.793  P_det_soft 0.9997  (19s)
  step  850  JSR   -0.8  loss 13.1575  logE[BER] -3.158  P_det_soft 1.0000  (19s)
  step  875  JSR  -17.7  loss 16.1111  logE[BER] -6.285  P_det_soft 0.9826  (20s)
  step  900  JSR  -23.4  loss 175.2946  logE[BER] -167.212  P_det_soft 0.8083  (20s)
  step  925  JSR  -22.6  loss 18.7017  logE[BER] -9.929  P_det_soft 0.8773  (21s)
  step  950  JSR   -2.5  loss 13.8034  logE[BER] -3.803  P_det_soft 1.0000  (21s)
  step  975  JSR  -12.6  loss 15.6732  logE[BER] -5.684  P_det_soft 0.9989  (22s)
  step 1000  JSR  -10.2  loss 15.4608  logE[BER] -5.461  P_det_soft 1.0000  (22s)
  step 1025  JSR   -8.9  loss 15.3874  logE[BER] -5.387  P_det_soft 1.0000  (23s)
  step 1050  JSR  -16.3  loss 15.9324  logE[BER] -6.074  P_det_soft 0.9858  (24s)
  step 1075  JSR  -17.4  loss 16.0757  logE[BER] -6.314  P_det_soft 0.9762  (24s)
  step 1100  JSR  -13.5  loss 15.7245  logE[BER] -5.780  P_det_soft 0.9945  (25s)
  step 1125  JSR  -24.7  loss 205.3928  logE[BER] -197.283  P_det_soft 0.8110  (25s)
  step 1150  JSR   -4.5  loss 14.5594  logE[BER] -4.559  P_det_soft 1.0000  (26s)
  step 1175  JSR  -10.1  loss 15.4527  logE[BER] -5.453  P_det_soft 1.0000  (26s)
  step 1200  JSR  -11.7  loss 15.5693  logE[BER] -5.569  P_det_soft 1.0000  (27s)
  step 1225  JSR  -10.4  loss 15.4895  logE[BER] -5.489  P_det_soft 1.0000  (27s)
  step 1250  JSR   -6.3  loss 14.8896  logE[BER] -4.890  P_det_soft 1.0000  (28s)
  step 1275  JSR  -25.9  loss 451.2172  logE[BER] -444.493  P_det_soft 0.6725  (28s)
  step 1300  JSR   -8.8  loss 15.4008  logE[BER] -5.401  P_det_soft 1.0000  (29s)
  step 1325  JSR  -27.1  loss 582.7580  logE[BER] -575.903  P_det_soft 0.6855  (29s)
  step 1350  JSR  -29.6  loss 1235.7166  logE[BER] -1230.035  P_det_soft 0.5682  (30s)
  step 1375  JSR  -26.1  loss 580.3079  logE[BER] -573.615  P_det_soft 0.6693  (31s)
  step 1400  JSR  -20.5  loss 16.5577  logE[BER] -7.203  P_det_soft 0.9355  (31s)
  step 1425  JSR  -18.4  loss 16.0997  logE[BER] -6.517  P_det_soft 0.9583  (32s)
  step 1450  JSR  -30.8  loss 1381.0896  logE[BER] -1375.546  P_det_soft 0.5544  (32s)
  step 1475  JSR   -8.3  loss 15.2221  logE[BER] -5.222  P_det_soft 1.0000  (33s)
  step 1500  JSR  -29.0  loss 1039.9351  logE[BER] -1034.225  P_det_soft 0.5710  (33s)
  step 1525  JSR   -0.1  loss 13.1398  logE[BER] -3.140  P_det_soft 1.0000  (34s)
  step 1550  JSR  -24.0  loss 113.1877  logE[BER] -106.048  P_det_soft 0.7140  (34s)
  step 1575  JSR  -10.5  loss 15.4290  logE[BER] -5.429  P_det_soft 1.0000  (35s)
  step 1600  JSR   -7.7  loss 15.1912  logE[BER] -5.191  P_det_soft 1.0000  (35s)
  step 1625  JSR   -4.2  loss 14.5353  logE[BER] -4.535  P_det_soft 1.0000  (36s)
  step 1650  JSR  -20.3  loss 16.3651  logE[BER] -7.152  P_det_soft 0.9213  (36s)
  step 1675  JSR  -17.7  loss 15.8843  logE[BER] -6.159  P_det_soft 0.9725  (37s)
  step 1700  JSR   -0.6  loss 13.4128  logE[BER] -3.413  P_det_soft 1.0000  (38s)
  step 1725  JSR  -30.2  loss 1242.8682  logE[BER] -1237.829  P_det_soft 0.5039  (38s)
  step 1750  JSR  -31.4  loss 1546.2545  logE[BER] -1540.888  P_det_soft 0.5367  (39s)
  step 1775  JSR   -2.3  loss 13.9746  logE[BER] -3.975  P_det_soft 1.0000  (39s)
  step 1800  JSR  -31.1  loss 1478.0075  logE[BER] -1473.391  P_det_soft 0.4616  (40s)
  step 1825  JSR  -22.4  loss 18.3518  logE[BER] -9.844  P_det_soft 0.8508  (40s)
  step 1850  JSR   -5.5  loss 14.9014  logE[BER] -4.901  P_det_soft 1.0000  (41s)
  step 1875  JSR  -20.1  loss 16.2856  logE[BER] -7.026  P_det_soft 0.9259  (41s)
  step 1900  JSR   -9.7  loss 15.4620  logE[BER] -5.462  P_det_soft 1.0000  (42s)
  step 1925  JSR  -18.7  loss 15.9244  logE[BER] -6.426  P_det_soft 0.9498  (42s)
  step 1950  JSR   -3.9  loss 14.4604  logE[BER] -4.460  P_det_soft 1.0000  (43s)
  step 1975  JSR   -3.8  loss 14.5035  logE[BER] -4.503  P_det_soft 1.0000  (44s)
  step 2000  JSR  -31.0  loss 1491.1597  logE[BER] -1485.884  P_det_soft 0.5276  (44s)
  step 2025  JSR  -24.8  loss 231.5119  logE[BER] -224.028  P_det_soft 0.7484  (45s)
  step 2050  JSR  -28.7  loss 909.0688  logE[BER] -903.397  P_det_soft 0.5672  (45s)
  step 2075  JSR   -1.2  loss 13.6351  logE[BER] -3.635  P_det_soft 1.0000  (46s)
  step 2100  JSR  -15.7  loss 15.7769  logE[BER] -5.779  P_det_soft 0.9998  (46s)
  step 2125  JSR  -26.3  loss 372.8184  logE[BER] -365.129  P_det_soft 0.7689  (47s)
  step 2150  JSR  -23.9  loss 60.2713  logE[BER] -51.913  P_det_soft 0.8358  (47s)
  step 2175  JSR  -18.9  loss 16.1227  logE[BER] -6.417  P_det_soft 0.9706  (48s)
  step 2200  JSR  -15.8  loss 15.8387  logE[BER] -5.931  P_det_soft 0.9908  (49s)
  step 2225  JSR   -9.0  loss 15.2943  logE[BER] -5.294  P_det_soft 1.0000  (49s)
  step 2250  JSR  -25.5  loss 289.9987  logE[BER] -282.427  P_det_soft 0.7572  (50s)
  step 2275  JSR   -4.9  loss 14.8459  logE[BER] -4.846  P_det_soft 1.0000  (50s)
  step 2300  JSR   -0.8  loss 13.4469  logE[BER] -3.447  P_det_soft 1.0000  (51s)
  step 2325  JSR  -17.9  loss 15.9477  logE[BER] -6.319  P_det_soft 0.9629  (51s)
  step 2350  JSR  -31.7  loss 1607.3343  logE[BER] -1602.730  P_det_soft 0.4604  (52s)
  step 2375  JSR   -2.1  loss 13.9126  logE[BER] -3.913  P_det_soft 1.0000  (52s)
  step 2400  JSR  -30.9  loss 1383.6939  logE[BER] -1378.204  P_det_soft 0.5490  (53s)
  step 2425  JSR  -27.9  loss 713.8635  logE[BER] -707.554  P_det_soft 0.6310  (53s)
  step 2450  JSR   -1.0  loss 13.5816  logE[BER] -3.582  P_det_soft 1.0000  (54s)
  step 2475  JSR  -20.9  loss 16.0346  logE[BER] -7.211  P_det_soft 0.8824  (55s)
  step 2500  JSR   -6.1  loss 15.0780  logE[BER] -5.078  P_det_soft 1.0000  (55s)
  step 2525  JSR  -10.3  loss 15.3840  logE[BER] -5.384  P_det_soft 1.0000  (56s)
  step 2550  JSR   -6.0  loss 14.8694  logE[BER] -4.869  P_det_soft 1.0000  (56s)
  step 2575  JSR  -11.0  loss 15.4926  logE[BER] -5.493  P_det_soft 1.0000  (57s)
  step 2600  JSR   -4.8  loss 14.6794  logE[BER] -4.679  P_det_soft 1.0000  (57s)
  step 2625  JSR  -10.4  loss 15.3401  logE[BER] -5.340  P_det_soft 1.0000  (58s)
  step 2650  JSR  -19.8  loss 16.2236  logE[BER] -6.925  P_det_soft 0.9299  (58s)
  step 2675  JSR  -29.0  loss 994.7796  logE[BER] -989.289  P_det_soft 0.5491  (59s)
  step 2700  JSR  -31.8  loss 1607.1414  logE[BER] -1602.878  P_det_soft 0.4263  (60s)
  step 2725  JSR   -4.3  loss 14.6437  logE[BER] -4.644  P_det_soft 1.0000  (60s)
  step 2750  JSR  -19.4  loss 16.1329  logE[BER] -6.712  P_det_soft 0.9421  (61s)
  step 2775  JSR  -25.9  loss 404.3321  logE[BER] -397.000  P_det_soft 0.7332  (61s)
  step 2800  JSR  -27.3  loss 617.7485  logE[BER] -611.186  P_det_soft 0.6563  (62s)
  step 2825  JSR   -8.6  loss 15.2700  logE[BER] -5.270  P_det_soft 1.0000  (62s)
  step 2850  JSR  -17.8  loss 15.9701  logE[BER] -6.182  P_det_soft 0.9788  (63s)
  step 2875  JSR  -13.3  loss 15.5683  logE[BER] -5.568  P_det_soft 1.0000  (63s)
  step 2900  JSR  -31.6  loss 1677.7066  logE[BER] -1672.970  P_det_soft 0.4737  (64s)
  step 2925  JSR  -28.3  loss 924.1721  logE[BER] -917.949  P_det_soft 0.6223  (65s)
  step 2950  JSR  -21.1  loss 16.8997  logE[BER] -7.844  P_det_soft 0.9055  (65s)
  step 2975  JSR  -14.6  loss 15.7402  logE[BER] -5.745  P_det_soft 0.9996  (66s)
  step 3000  JSR   -7.3  loss 15.1394  logE[BER] -5.139  P_det_soft 1.0000  (66s)
  step 3025  JSR  -25.3  loss 232.2429  logE[BER] -224.555  P_det_soft 0.7688  (67s)
  step 3050  JSR  -25.5  loss 206.4312  logE[BER] -198.909  P_det_soft 0.7522  (67s)
  step 3075  JSR  -22.7  loss 20.0230  logE[BER] -11.727  P_det_soft 0.8296  (68s)
  step 3100  JSR  -28.6  loss 929.5801  logE[BER] -923.384  P_det_soft 0.6196  (69s)
  step 3125  JSR   -3.9  loss 14.5314  logE[BER] -4.531  P_det_soft 1.0000  (69s)
  step 3150  JSR  -31.1  loss 1538.1899  logE[BER] -1533.151  P_det_soft 0.5039  (70s)
  step 3175  JSR  -18.9  loss 15.8057  logE[BER] -6.404  P_det_soft 0.9402  (70s)
  step 3200  JSR  -15.2  loss 15.9238  logE[BER] -5.931  P_det_soft 0.9993  (71s)
  step 3225  JSR   -6.0  loss 14.8894  logE[BER] -4.889  P_det_soft 1.0000  (71s)
  step 3250  JSR  -26.9  loss 555.2764  logE[BER] -548.298  P_det_soft 0.6978  (72s)
  step 3275  JSR   -5.1  loss 14.8708  logE[BER] -4.871  P_det_soft 1.0000  (72s)
  step 3300  JSR  -27.7  loss 666.0219  logE[BER] -660.155  P_det_soft 0.5867  (73s)
  step 3325  JSR   -3.6  loss 14.5172  logE[BER] -4.517  P_det_soft 1.0000  (74s)
  step 3350  JSR   -7.8  loss 15.1931  logE[BER] -5.193  P_det_soft 1.0000  (74s)
  step 3375  JSR   -2.2  loss 13.9561  logE[BER] -3.956  P_det_soft 1.0000  (75s)
  step 3400  JSR   -9.5  loss 15.2833  logE[BER] -5.283  P_det_soft 1.0000  (75s)
  step 3425  JSR   -8.3  loss 15.1133  logE[BER] -5.113  P_det_soft 1.0000  (76s)
  step 3450  JSR  -13.0  loss 15.6710  logE[BER] -5.671  P_det_soft 1.0000  (76s)
  step 3475  JSR   -7.5  loss 15.1348  logE[BER] -5.135  P_det_soft 1.0000  (77s)
  step 3500  JSR  -26.3  loss 357.7528  logE[BER] -351.062  P_det_soft 0.6691  (78s)
  step 3525  JSR  -16.8  loss 15.9376  logE[BER] -6.074  P_det_soft 0.9864  (78s)
  step 3550  JSR  -27.8  loss 752.8716  logE[BER] -746.634  P_det_soft 0.6238  (79s)
  step 3575  JSR  -30.4  loss 1437.5219  logE[BER] -1431.792  P_det_soft 0.5730  (79s)
  step 3600  JSR  -14.7  loss 15.7437  logE[BER] -5.744  P_det_soft 1.0000  (80s)
  step 3625  JSR  -22.4  loss 16.5614  logE[BER] -8.113  P_det_soft 0.8448  (80s)
  step 3650  JSR  -15.7  loss 15.7507  logE[BER] -5.825  P_det_soft 0.9926  (81s)
  step 3675  JSR  -20.2  loss 16.6485  logE[BER] -7.186  P_det_soft 0.9462  (82s)
  step 3700  JSR   -0.5  loss 13.4635  logE[BER] -3.463  P_det_soft 1.0000  (82s)
  step 3725  JSR   -1.6  loss 13.8095  logE[BER] -3.809  P_det_soft 1.0000  (83s)
  step 3750  JSR  -14.8  loss 15.7799  logE[BER] -5.809  P_det_soft 0.9971  (83s)
  step 3775  JSR  -12.9  loss 15.5831  logE[BER] -5.583  P_det_soft 1.0000  (84s)
  step 3800  JSR   -9.3  loss 15.2469  logE[BER] -5.247  P_det_soft 1.0000  (84s)
  step 3825  JSR  -26.5  loss 434.9767  logE[BER] -427.986  P_det_soft 0.6991  (85s)
  step 3850  JSR   -5.9  loss 14.7657  logE[BER] -4.766  P_det_soft 1.0000  (86s)
  step 3875  JSR   -2.1  loss 14.0780  logE[BER] -4.078  P_det_soft 1.0000  (86s)
  step 3900  JSR  -11.8  loss 15.5655  logE[BER] -5.566  P_det_soft 1.0000  (87s)
  step 3925  JSR   -0.9  loss 13.6451  logE[BER] -3.645  P_det_soft 1.0000  (87s)
  step 3950  JSR   -2.4  loss 14.0924  logE[BER] -4.092  P_det_soft 1.0000  (88s)
  step 3975  JSR  -29.1  loss 1059.3030  logE[BER] -1053.240  P_det_soft 0.6063  (88s)
  step 3999  JSR  -23.5  loss 30.9916  logE[BER] -22.542  P_det_soft 0.8449  (89s)
wrote task6_G.pt, task6.json  (tag power_two_sided_b10)
