node: tikgpu05.ee.ethz.ch | gpu: Tesla V100-PCIE-32GB
task 8 = {'target': 'power_two_sided', 'beta': 1000.0}  (tag power_two_sided_b1000, 128 frames/step, JSR band (-32.0, 0.0))
  target power_two_sided: threshold 0.000274786, clean-frame std 8.67617e-05 (soft_pdet width)
  step    0  JSR   -4.4  loss 1003.9713  logE[BER] -3.971  P_det_soft 1.0000  (2s)
  step   25  JSR  -10.6  loss 1008.2024  logE[BER] -8.203  P_det_soft 1.0000  (2s)
  step   50  JSR  -22.2  loss 1652.0108  logE[BER] -791.711  P_det_soft 0.8603  (3s)
  step   75  JSR  -20.5  loss 956.5746  logE[BER] -64.370  P_det_soft 0.8922  (3s)
  step  100  JSR  -30.2  loss 2370.4689  logE[BER] -1884.844  P_det_soft 0.4856  (4s)
  step  125  JSR  -23.6  loss 1106.3122  logE[BER] -280.368  P_det_soft 0.8259  (4s)
  step  150  JSR  -30.6  loss 2525.3274  logE[BER] -1998.684  P_det_soft 0.5266  (5s)
  step  175  JSR  -18.7  loss 946.1676  logE[BER] -7.442  P_det_soft 0.9387  (6s)
  step  200  JSR  -27.0  loss 1481.4384  logE[BER] -832.952  P_det_soft 0.6485  (6s)
  step  225  JSR   -3.0  loss 1003.2592  logE[BER] -3.259  P_det_soft 1.0000  (7s)
  step  250  JSR  -16.3  loss 992.0584  logE[BER] -6.551  P_det_soft 0.9855  (7s)
  step  275  JSR  -28.5  loss 1967.5034  logE[BER] -1339.397  P_det_soft 0.6281  (8s)
  step  300  JSR   -3.4  loss 1003.5409  logE[BER] -3.541  P_det_soft 1.0000  (8s)
  step  325  JSR  -26.5  loss 1448.5530  logE[BER] -787.348  P_det_soft 0.6612  (9s)
  step  350  JSR  -23.0  loss 953.5200  logE[BER] -132.265  P_det_soft 0.8213  (9s)
  step  375  JSR  -12.8  loss 1005.7530  logE[BER] -5.753  P_det_soft 1.0000  (10s)
  step  400  JSR   -3.2  loss 1003.4524  logE[BER] -3.452  P_det_soft 1.0000  (10s)
  step  425  JSR  -15.6  loss 996.6153  logE[BER] -6.534  P_det_soft 0.9901  (11s)
  step  450  JSR   -9.4  loss 1005.5478  logE[BER] -5.548  P_det_soft 1.0000  (11s)
  step  475  JSR   -4.4  loss 1004.0295  logE[BER] -4.029  P_det_soft 1.0000  (12s)
  step  500  JSR  -26.9  loss 1635.4650  logE[BER] -929.112  P_det_soft 0.7064  (12s)
  step  525  JSR   -6.0  loss 1004.7748  logE[BER] -4.775  P_det_soft 1.0000  (13s)
  step  550  JSR  -20.0  loss 930.2337  logE[BER] -7.967  P_det_soft 0.9223  (13s)
  step  575  JSR  -10.5  loss 1005.5736  logE[BER] -5.574  P_det_soft 1.0000  (14s)
  step  600  JSR   -8.5  loss 1005.2642  logE[BER] -5.264  P_det_soft 1.0000  (14s)
  step  625  JSR  -22.0  loss 858.8035  logE[BER] -16.555  P_det_soft 0.8422  (15s)
  step  650  JSR   -8.9  loss 1005.5761  logE[BER] -5.576  P_det_soft 1.0000  (15s)
  step  675  JSR  -22.9  loss 874.6634  logE[BER] -74.913  P_det_soft 0.7998  (16s)
  step  700  JSR  -22.4  loss 851.9751  logE[BER] -28.897  P_det_soft 0.8231  (17s)
  step  725  JSR   -5.0  loss 1004.3051  logE[BER] -4.305  P_det_soft 1.0000  (17s)
  step  750  JSR   -2.9  loss 1003.5287  logE[BER] -3.529  P_det_soft 1.0000  (18s)
  step  775  JSR   -5.2  loss 1004.3949  logE[BER] -4.395  P_det_soft 1.0000  (18s)
  step  800  JSR   -5.4  loss 1004.5153  logE[BER] -4.515  P_det_soft 1.0000  (19s)
  step  825  JSR  -22.5  loss 907.2934  logE[BER] -35.285  P_det_soft 0.8720  (19s)
  step  850  JSR  -24.2  loss 1077.2249  logE[BER] -292.784  P_det_soft 0.7844  (20s)
  step  875  JSR  -28.6  loss 1760.0740  logE[BER] -1181.402  P_det_soft 0.5787  (20s)
  step  900  JSR  -26.0  loss 1243.2345  logE[BER] -530.044  P_det_soft 0.7132  (21s)
  step  925  JSR  -20.1  loss 939.7624  logE[BER] -8.307  P_det_soft 0.9315  (21s)
  step  950  JSR  -20.3  loss 909.5330  logE[BER] -8.400  P_det_soft 0.9011  (22s)
  step  975  JSR   -9.6  loss 1005.5164  logE[BER] -5.516  P_det_soft 1.0000  (22s)
  step 1000  JSR  -26.7  loss 1629.9220  logE[BER] -956.988  P_det_soft 0.6729  (23s)
  step 1025  JSR   -6.8  loss 1004.9204  logE[BER] -4.920  P_det_soft 1.0000  (23s)
  step 1050  JSR   -2.9  loss 1003.4741  logE[BER] -3.474  P_det_soft 1.0000  (24s)
  step 1075  JSR  -14.5  loss 999.3563  logE[BER] -6.035  P_det_soft 0.9933  (24s)
  step 1100  JSR  -27.9  loss 1680.4512  logE[BER] -1095.187  P_det_soft 0.5853  (25s)
  step 1125  JSR  -18.3  loss 944.6326  logE[BER] -6.941  P_det_soft 0.9377  (25s)
  step 1150  JSR  -30.3  loss 2060.7030  logE[BER] -1529.349  P_det_soft 0.5314  (26s)
  step 1175  JSR  -29.8  loss 2063.1687  logE[BER] -1577.526  P_det_soft 0.4856  (26s)
  step 1200  JSR  -23.7  loss 884.2142  logE[BER] -84.074  P_det_soft 0.8001  (27s)
  step 1225  JSR  -12.0  loss 1005.6284  logE[BER] -5.630  P_det_soft 1.0000  (28s)
  step 1250  JSR  -24.2  loss 906.3947  logE[BER] -148.111  P_det_soft 0.7583  (28s)
  step 1275  JSR  -19.0  loss 935.5448  logE[BER] -7.294  P_det_soft 0.9283  (29s)
  step 1300  JSR  -30.6  loss 2217.1182  logE[BER] -1743.368  P_det_soft 0.4737  (29s)
  step 1325  JSR  -27.9  loss 1732.0620  logE[BER] -1065.690  P_det_soft 0.6664  (30s)
  step 1350  JSR  -24.7  loss 1106.1963  logE[BER] -343.703  P_det_soft 0.7625  (30s)
  step 1375  JSR  -16.8  loss 961.0768  logE[BER] -6.482  P_det_soft 0.9546  (31s)
  step 1400  JSR   -2.3  loss 1003.2564  logE[BER] -3.256  P_det_soft 1.0000  (31s)
  step 1425  JSR  -12.8  loss 1005.9628  logE[BER] -5.963  P_det_soft 1.0000  (32s)
  step 1450  JSR  -14.3  loss 1004.9482  logE[BER] -5.952  P_det_soft 0.9990  (32s)
  step 1475  JSR  -21.3  loss 879.7289  logE[BER] -9.281  P_det_soft 0.8704  (33s)
  step 1500  JSR  -11.7  loss 1005.5383  logE[BER] -5.538  P_det_soft 1.0000  (33s)
  step 1525  JSR   -2.7  loss 1003.4727  logE[BER] -3.473  P_det_soft 1.0000  (34s)
  step 1550  JSR  -21.1  loss 875.2344  logE[BER] -8.882  P_det_soft 0.8664  (34s)
  step 1575  JSR  -20.9  loss 878.6654  logE[BER] -9.352  P_det_soft 0.8693  (35s)
  step 1600  JSR  -30.1  loss 2042.6967  logE[BER] -1458.476  P_det_soft 0.5842  (35s)
  step 1625  JSR  -27.9  loss 1553.7491  logE[BER] -959.527  P_det_soft 0.5942  (36s)
  step 1650  JSR  -31.4  loss 2142.2465  logE[BER] -1721.317  P_det_soft 0.4209  (36s)
  step 1675  JSR  -18.6  loss 951.8094  logE[BER] -7.027  P_det_soft 0.9448  (37s)
  step 1700  JSR  -23.0  loss 903.1581  logE[BER] -68.758  P_det_soft 0.8344  (37s)
  step 1725  JSR  -31.0  loss 2008.4824  logE[BER] -1508.078  P_det_soft 0.5004  (38s)
  step 1750  JSR  -29.8  loss 1849.8425  logE[BER] -1316.599  P_det_soft 0.5332  (39s)
  step 1775  JSR  -28.6  loss 1570.5073  logE[BER] -998.720  P_det_soft 0.5718  (39s)
  step 1800  JSR   -7.5  loss 1005.1253  logE[BER] -5.125  P_det_soft 1.0000  (40s)
  step 1825  JSR  -25.6  loss 1260.2643  logE[BER] -497.182  P_det_soft 0.7631  (40s)
  step 1850  JSR  -31.6  loss 2217.9558  logE[BER] -1750.689  P_det_soft 0.4673  (41s)
  step 1875  JSR  -16.5  loss 995.0282  logE[BER] -6.561  P_det_soft 0.9885  (41s)
  step 1900  JSR  -30.3  loss 2274.3103  logE[BER] -1714.847  P_det_soft 0.5595  (42s)
  step 1925  JSR  -22.7  loss 875.9459  logE[BER] -35.044  P_det_soft 0.8409  (42s)
  step 1950  JSR  -22.8  loss 861.7021  logE[BER] -15.003  P_det_soft 0.8467  (43s)
  step 1975  JSR  -15.1  loss 1004.7273  logE[BER] -6.286  P_det_soft 0.9984  (43s)
  step 2000  JSR  -27.4  loss 1516.9954  logE[BER] -864.780  P_det_soft 0.6522  (44s)
  step 2025  JSR  -10.4  loss 1005.5394  logE[BER] -5.539  P_det_soft 1.0000  (44s)
  step 2050  JSR  -25.3  loss 1131.5198  logE[BER] -361.224  P_det_soft 0.7703  (45s)
  step 2075  JSR  -25.7  loss 1133.0620  logE[BER] -455.696  P_det_soft 0.6774  (45s)
  step 2100  JSR  -13.8  loss 1005.8170  logE[BER] -5.817  P_det_soft 1.0000  (46s)
  step 2125  JSR  -30.2  loss 2028.7359  logE[BER] -1515.818  P_det_soft 0.5129  (46s)
  step 2150  JSR  -24.8  loss 1036.3482  logE[BER] -299.131  P_det_soft 0.7372  (47s)
  step 2175  JSR  -20.9  loss 916.8975  logE[BER] -8.035  P_det_soft 0.9089  (47s)
  step 2200  JSR  -22.3  loss 820.9664  logE[BER] -10.398  P_det_soft 0.8106  (48s)
  step 2225  JSR   -8.0  loss 1005.2679  logE[BER] -5.268  P_det_soft 1.0000  (48s)
  step 2250  JSR  -26.3  loss 1252.1260  logE[BER] -517.000  P_det_soft 0.7351  (49s)
  step 2275  JSR   -3.1  loss 1003.4868  logE[BER] -3.487  P_det_soft 1.0000  (49s)
  step 2300  JSR  -10.0  loss 1005.5379  logE[BER] -5.538  P_det_soft 1.0000  (50s)
  step 2325  JSR   -7.9  loss 1005.2982  logE[BER] -5.298  P_det_soft 1.0000  (51s)
  step 2350  JSR   -6.1  loss 1004.8940  logE[BER] -4.894  P_det_soft 1.0000  (51s)
  step 2375  JSR  -13.0  loss 1005.8285  logE[BER] -5.848  P_det_soft 1.0000  (52s)
  step 2400  JSR  -19.1  loss 901.6987  logE[BER] -6.938  P_det_soft 0.8948  (52s)
  step 2425  JSR   -7.9  loss 1005.3841  logE[BER] -5.384  P_det_soft 1.0000  (53s)
  step 2450  JSR  -14.0  loss 1005.3411  logE[BER] -5.842  P_det_soft 0.9995  (53s)
  step 2475  JSR  -15.7  loss 976.3138  logE[BER] -6.158  P_det_soft 0.9702  (54s)
  step 2500  JSR  -25.9  loss 1365.9666  logE[BER] -587.108  P_det_soft 0.7789  (54s)
  step 2525  JSR  -30.0  loss 1976.0148  logE[BER] -1449.995  P_det_soft 0.5260  (55s)
  step 2550  JSR  -24.3  loss 1032.6044  logE[BER] -222.607  P_det_soft 0.8100  (55s)
  step 2575  JSR   -4.4  loss 1004.1848  logE[BER] -4.185  P_det_soft 1.0000  (56s)
  step 2600  JSR   -2.8  loss 1003.5676  logE[BER] -3.568  P_det_soft 1.0000  (56s)
  step 2625  JSR   -5.4  loss 1004.5749  logE[BER] -4.575  P_det_soft 1.0000  (57s)
  step 2650  JSR  -26.9  loss 1488.5415  logE[BER] -790.904  P_det_soft 0.6976  (57s)
  step 2675  JSR  -16.9  loss 971.4989  logE[BER] -6.368  P_det_soft 0.9651  (58s)
  step 2700  JSR  -31.2  loss 2020.2551  logE[BER] -1529.680  P_det_soft 0.4906  (58s)
  step 2725  JSR   -7.8  loss 1005.1045  logE[BER] -5.105  P_det_soft 1.0000  (59s)
  step 2750  JSR  -14.8  loss 1002.1980  logE[BER] -5.969  P_det_soft 0.9962  (59s)
  step 2775  JSR   -6.3  loss 1004.8102  logE[BER] -4.810  P_det_soft 1.0000  (60s)
  step 2800  JSR  -30.9  loss 2178.8206  logE[BER] -1618.874  P_det_soft 0.5599  (60s)
  step 2825  JSR   -5.6  loss 1004.6225  logE[BER] -4.623  P_det_soft 1.0000  (61s)
  step 2850  JSR  -30.2  loss 1953.6407  logE[BER] -1394.665  P_det_soft 0.5590  (61s)
  step 2875  JSR  -15.4  loss 1005.8213  logE[BER] -6.118  P_det_soft 0.9997  (62s)
  step 2900  JSR  -21.5  loss 822.3144  logE[BER] -8.606  P_det_soft 0.8137  (63s)
  step 2925  JSR   -9.9  loss 1005.5449  logE[BER] -5.545  P_det_soft 1.0000  (63s)
  step 2950  JSR   -9.5  loss 1005.4368  logE[BER] -5.437  P_det_soft 1.0000  (64s)
  step 2975  JSR  -30.5  loss 2043.6257  logE[BER] -1554.414  P_det_soft 0.4892  (64s)
  step 3000  JSR  -11.9  loss 1005.6875  logE[BER] -5.687  P_det_soft 1.0000  (65s)
  step 3025  JSR  -17.8  loss 968.5901  logE[BER] -6.540  P_det_soft 0.9620  (65s)
  step 3050  JSR  -26.5  loss 1252.5169  logE[BER] -489.411  P_det_soft 0.7631  (66s)
  step 3075  JSR   -3.8  loss 1004.0716  logE[BER] -4.072  P_det_soft 1.0000  (66s)
  step 3100  JSR  -11.2  loss 1005.6844  logE[BER] -5.684  P_det_soft 1.0000  (67s)
  step 3125  JSR  -29.2  loss 1890.0491  logE[BER] -1300.606  P_det_soft 0.5894  (67s)
  step 3150  JSR  -30.5  loss 2003.7072  logE[BER] -1506.339  P_det_soft 0.4974  (68s)
  step 3175  JSR   -1.3  loss 1003.0063  logE[BER] -3.006  P_det_soft 1.0000  (68s)
  step 3200  JSR  -14.6  loss 1004.8524  logE[BER] -5.969  P_det_soft 0.9989  (69s)
  step 3225  JSR   -1.0  loss 1002.9431  logE[BER] -2.943  P_det_soft 1.0000  (69s)
  step 3250  JSR  -15.2  loss 1005.8475  logE[BER] -6.077  P_det_soft 0.9998  (70s)
  step 3275  JSR  -11.8  loss 1005.7794  logE[BER] -5.779  P_det_soft 1.0000  (70s)
  step 3300  JSR   -8.3  loss 1005.3443  logE[BER] -5.344  P_det_soft 1.0000  (71s)
  step 3325  JSR   -0.2  loss 1002.8091  logE[BER] -2.809  P_det_soft 1.0000  (71s)
  step 3350  JSR   -3.5  loss 1003.8504  logE[BER] -3.850  P_det_soft 1.0000  (72s)
  step 3375  JSR  -14.7  loss 1005.7961  logE[BER] -6.042  P_det_soft 0.9998  (72s)
  step 3400  JSR  -25.5  loss 997.3169  logE[BER] -300.488  P_det_soft 0.6968  (73s)
  step 3425  JSR  -28.8  loss 1838.1176  logE[BER] -1249.710  P_det_soft 0.5884  (73s)
  step 3450  JSR   -2.0  loss 1003.2965  logE[BER] -3.297  P_det_soft 1.0000  (74s)
  step 3475  JSR  -10.7  loss 1005.5507  logE[BER] -5.551  P_det_soft 1.0000  (75s)
  step 3500  JSR  -24.0  loss 954.7649  logE[BER] -179.719  P_det_soft 0.7750  (75s)
  step 3525  JSR   -6.7  loss 1005.0546  logE[BER] -5.055  P_det_soft 1.0000  (76s)
  step 3550  JSR  -16.1  loss 989.7105  logE[BER] -6.142  P_det_soft 0.9836  (76s)
  step 3575  JSR  -24.2  loss 964.5254  logE[BER] -141.998  P_det_soft 0.8225  (77s)
  step 3600  JSR  -24.7  loss 943.4644  logE[BER] -147.743  P_det_soft 0.7957  (77s)
  step 3625  JSR  -12.9  loss 1005.7959  logE[BER] -5.796  P_det_soft 1.0000  (78s)
  step 3650  JSR   -6.3  loss 1004.8035  logE[BER] -4.804  P_det_soft 1.0000  (78s)
  step 3675  JSR  -17.1  loss 981.9623  logE[BER] -6.331  P_det_soft 0.9756  (79s)
  step 3700  JSR  -10.5  loss 1005.5483  logE[BER] -5.548  P_det_soft 1.0000  (79s)
  step 3725  JSR  -10.6  loss 1005.4520  logE[BER] -5.452  P_det_soft 1.0000  (80s)
  step 3750  JSR   -0.5  loss 1002.8384  logE[BER] -2.838  P_det_soft 1.0000  (80s)
  step 3775  JSR  -11.9  loss 1005.6679  logE[BER] -5.668  P_det_soft 1.0000  (81s)
  step 3800  JSR  -19.8  loss 927.5014  logE[BER] -7.216  P_det_soft 0.9203  (81s)
  step 3825  JSR  -10.5  loss 1005.5409  logE[BER] -5.541  P_det_soft 1.0000  (82s)
  step 3850  JSR  -14.0  loss 1005.7067  logE[BER] -5.773  P_det_soft 0.9999  (82s)
  step 3875  JSR  -11.0  loss 1005.5807  logE[BER] -5.581  P_det_soft 1.0000  (83s)
  step 3900  JSR   -5.4  loss 1004.6319  logE[BER] -4.632  P_det_soft 1.0000  (83s)
  step 3925  JSR  -18.2  loss 957.3407  logE[BER] -6.711  P_det_soft 0.9506  (84s)
  step 3950  JSR   -9.1  loss 1005.2930  logE[BER] -5.293  P_det_soft 1.0000  (84s)
  step 3975  JSR  -18.1  loss 927.5677  logE[BER] -6.842  P_det_soft 0.9207  (85s)
  step 3999  JSR  -12.4  loss 1005.6555  logE[BER] -5.656  P_det_soft 1.0000  (86s)
wrote task8_G.pt, task8.json  (tag power_two_sided_b1000)
