node: tikgpu09.ee.ethz.ch | gpu: NVIDIA GeForce RTX 3090
task 3 = {'target': 'power_one_sided', 'beta': 100.0}  (tag power_one_sided_b100, 128 frames/step, JSR band (-32.0, 0.0))
  target power_one_sided: threshold 0.100354, clean-frame std 0.000141768 (soft_pdet width)
  learned power: cap +0.0 dB, start -40.0 dB, gain lr 0.01, damage per
  step    0  JSR  -38.3  loss 3923.6552  logE[PER] -3900.392  P_det_soft 0.2326  (1s)
  step   25  JSR  -31.9  loss 3487.0108  logE[PER] -3457.854  P_det_soft 0.2916  (1s)
  step   50  JSR  -28.7  loss 3323.4686  logE[PER] -3276.833  P_det_soft 0.4664  (2s)
  step   75  JSR  -25.4  loss 3059.4142  logE[PER] -3005.329  P_det_soft 0.5409  (2s)
  step  100  JSR  -21.9  loss 2653.2159  logE[PER] -2583.421  P_det_soft 0.6979  (2s)
  step  125  JSR  -17.9  loss 2049.8826  logE[PER] -1961.936  P_det_soft 0.8795  (3s)
  step  150  JSR  -14.1  loss 1239.3627  logE[PER] -1139.844  P_det_soft 0.9952  (3s)
  step  175  JSR  -10.6  loss 486.1789  logE[PER] -386.179  P_det_soft 1.0000  (4s)
  step  200  JSR   -8.4  loss 163.7748  logE[PER] -63.775  P_det_soft 1.0000  (4s)
  step  225  JSR   -7.6  loss 107.2200  logE[PER] -7.220  P_det_soft 1.0000  (5s)
  step  250  JSR   -7.4  loss 104.5652  logE[PER] -4.565  P_det_soft 1.0000  (5s)
  step  275  JSR   -7.3  loss 103.5393  logE[PER] -3.539  P_det_soft 1.0000  (6s)
  step  300  JSR   -7.2  loss 103.9179  logE[PER] -3.918  P_det_soft 1.0000  (6s)
  step  325  JSR   -7.1  loss 103.1971  logE[PER] -3.197  P_det_soft 1.0000  (6s)
  step  350  JSR   -7.1  loss 102.6803  logE[PER] -2.680  P_det_soft 1.0000  (7s)
  step  375  JSR   -7.0  loss 102.7208  logE[PER] -2.721  P_det_soft 1.0000  (7s)
  step  400  JSR   -7.0  loss 102.8152  logE[PER] -2.815  P_det_soft 1.0000  (8s)
  step  425  JSR   -6.9  loss 102.4946  logE[PER] -2.495  P_det_soft 1.0000  (8s)
  step  450  JSR   -6.9  loss 102.4467  logE[PER] -2.447  P_det_soft 1.0000  (9s)
  step  475  JSR   -6.9  loss 102.8842  logE[PER] -2.884  P_det_soft 1.0000  (9s)
  step  500  JSR   -6.8  loss 102.2325  logE[PER] -2.232  P_det_soft 1.0000  (10s)
  step  525  JSR   -6.8  loss 102.4996  logE[PER] -2.500  P_det_soft 1.0000  (10s)
  step  550  JSR   -6.8  loss 103.2290  logE[PER] -3.229  P_det_soft 1.0000  (10s)
  step  575  JSR   -6.7  loss 102.9852  logE[PER] -2.985  P_det_soft 1.0000  (11s)
  step  600  JSR   -6.7  loss 102.6174  logE[PER] -2.617  P_det_soft 1.0000  (11s)
  step  625  JSR   -6.6  loss 102.6812  logE[PER] -2.681  P_det_soft 1.0000  (12s)
  step  650  JSR   -6.6  loss 102.4577  logE[PER] -2.458  P_det_soft 1.0000  (12s)
  step  675  JSR   -6.6  loss 102.4456  logE[PER] -2.446  P_det_soft 1.0000  (13s)
  step  700  JSR   -6.5  loss 102.2060  logE[PER] -2.206  P_det_soft 1.0000  (13s)
  step  725  JSR   -6.5  loss 102.3980  logE[PER] -2.398  P_det_soft 1.0000  (14s)
  step  750  JSR   -6.5  loss 102.0374  logE[PER] -2.037  P_det_soft 1.0000  (14s)
  step  775  JSR   -6.4  loss 102.5763  logE[PER] -2.576  P_det_soft 1.0000  (15s)
  step  800  JSR   -6.4  loss 102.6523  logE[PER] -2.652  P_det_soft 1.0000  (15s)
  step  825  JSR   -6.4  loss 102.2810  logE[PER] -2.281  P_det_soft 1.0000  (15s)
  step  850  JSR   -6.3  loss 102.1298  logE[PER] -2.130  P_det_soft 1.0000  (16s)
  step  875  JSR   -6.3  loss 102.3126  logE[PER] -2.313  P_det_soft 1.0000  (16s)
  step  900  JSR   -6.3  loss 102.0549  logE[PER] -2.055  P_det_soft 1.0000  (17s)
  step  925  JSR   -6.3  loss 102.0238  logE[PER] -2.024  P_det_soft 1.0000  (17s)
  step  950  JSR   -6.2  loss 102.8932  logE[PER] -2.893  P_det_soft 1.0000  (18s)
  step  975  JSR   -6.2  loss 101.8301  logE[PER] -1.830  P_det_soft 1.0000  (18s)
  step 1000  JSR   -6.2  loss 102.1750  logE[PER] -2.175  P_det_soft 1.0000  (19s)
  step 1025  JSR   -6.1  loss 102.1879  logE[PER] -2.188  P_det_soft 1.0000  (19s)
  step 1050  JSR   -6.1  loss 102.0239  logE[PER] -2.024  P_det_soft 1.0000  (19s)
  step 1075  JSR   -6.1  loss 102.1892  logE[PER] -2.189  P_det_soft 1.0000  (20s)
  step 1100  JSR   -6.1  loss 102.0255  logE[PER] -2.026  P_det_soft 1.0000  (20s)
  step 1125  JSR   -6.0  loss 101.5824  logE[PER] -1.582  P_det_soft 1.0000  (21s)
  step 1150  JSR   -6.0  loss 101.9060  logE[PER] -1.906  P_det_soft 1.0000  (21s)
  step 1175  JSR   -5.9  loss 101.8143  logE[PER] -1.814  P_det_soft 1.0000  (22s)
  step 1200  JSR   -5.9  loss 101.5950  logE[PER] -1.595  P_det_soft 1.0000  (22s)
  step 1225  JSR   -5.9  loss 101.6250  logE[PER] -1.625  P_det_soft 1.0000  (23s)
  step 1250  JSR   -5.9  loss 101.9377  logE[PER] -1.938  P_det_soft 1.0000  (23s)
  step 1275  JSR   -5.8  loss 101.6605  logE[PER] -1.661  P_det_soft 1.0000  (24s)
  step 1300  JSR   -5.8  loss 101.1443  logE[PER] -1.144  P_det_soft 1.0000  (24s)
  step 1325  JSR   -5.7  loss 101.3771  logE[PER] -1.377  P_det_soft 1.0000  (24s)
  step 1350  JSR   -5.7  loss 100.9908  logE[PER] -0.991  P_det_soft 1.0000  (25s)
  step 1375  JSR   -5.6  loss 101.2668  logE[PER] -1.267  P_det_soft 1.0000  (25s)
  step 1400  JSR   -5.6  loss 100.9805  logE[PER] -0.980  P_det_soft 1.0000  (26s)
  step 1425  JSR   -5.5  loss 101.0756  logE[PER] -1.076  P_det_soft 1.0000  (26s)
  step 1450  JSR   -5.5  loss 100.7987  logE[PER] -0.799  P_det_soft 1.0000  (27s)
  step 1475  JSR   -5.5  loss 100.9254  logE[PER] -0.925  P_det_soft 1.0000  (27s)
  step 1500  JSR   -5.5  loss 100.6970  logE[PER] -0.697  P_det_soft 1.0000  (28s)
  step 1525  JSR   -5.4  loss 100.7969  logE[PER] -0.797  P_det_soft 1.0000  (28s)
  step 1550  JSR   -5.4  loss 100.7926  logE[PER] -0.793  P_det_soft 1.0000  (29s)
  step 1575  JSR   -5.4  loss 100.6843  logE[PER] -0.684  P_det_soft 1.0000  (29s)
  step 1600  JSR   -5.3  loss 100.7628  logE[PER] -0.763  P_det_soft 1.0000  (29s)
  step 1625  JSR   -5.3  loss 100.6474  logE[PER] -0.647  P_det_soft 1.0000  (30s)
  step 1650  JSR   -5.3  loss 100.5276  logE[PER] -0.528  P_det_soft 1.0000  (30s)
  step 1675  JSR   -5.2  loss 100.5675  logE[PER] -0.567  P_det_soft 1.0000  (31s)
  step 1700  JSR   -5.2  loss 100.5199  logE[PER] -0.520  P_det_soft 1.0000  (31s)
  step 1725  JSR   -5.2  loss 100.4856  logE[PER] -0.486  P_det_soft 1.0000  (32s)
  step 1750  JSR   -5.2  loss 100.6173  logE[PER] -0.617  P_det_soft 1.0000  (32s)
  step 1775  JSR   -5.1  loss 100.5101  logE[PER] -0.510  P_det_soft 1.0000  (33s)
  step 1800  JSR   -5.1  loss 100.5869  logE[PER] -0.587  P_det_soft 1.0000  (33s)
  step 1825  JSR   -5.1  loss 100.4595  logE[PER] -0.459  P_det_soft 1.0000  (34s)
  step 1850  JSR   -5.1  loss 100.6036  logE[PER] -0.604  P_det_soft 1.0000  (34s)
  step 1875  JSR   -5.0  loss 100.4747  logE[PER] -0.475  P_det_soft 1.0000  (34s)
  step 1900  JSR   -5.0  loss 100.5134  logE[PER] -0.513  P_det_soft 1.0000  (35s)
  step 1925  JSR   -5.0  loss 100.4655  logE[PER] -0.466  P_det_soft 1.0000  (35s)
  step 1950  JSR   -5.0  loss 100.4474  logE[PER] -0.447  P_det_soft 1.0000  (36s)
  step 1975  JSR   -4.9  loss 100.3444  logE[PER] -0.344  P_det_soft 1.0000  (36s)
  step 2000  JSR   -4.9  loss 100.2892  logE[PER] -0.289  P_det_soft 1.0000  (37s)
  step 2025  JSR   -4.9  loss 100.3211  logE[PER] -0.321  P_det_soft 1.0000  (37s)
  step 2050  JSR   -4.8  loss 100.2444  logE[PER] -0.244  P_det_soft 1.0000  (38s)
  step 2075  JSR   -4.8  loss 100.2607  logE[PER] -0.261  P_det_soft 1.0000  (38s)
  step 2100  JSR   -4.8  loss 100.2920  logE[PER] -0.292  P_det_soft 1.0000  (39s)
  step 2125  JSR   -4.8  loss 100.2379  logE[PER] -0.238  P_det_soft 1.0000  (39s)
  step 2150  JSR   -4.7  loss 100.2589  logE[PER] -0.259  P_det_soft 1.0000  (40s)
  step 2175  JSR   -4.7  loss 100.2156  logE[PER] -0.216  P_det_soft 1.0000  (40s)
  step 2200  JSR   -4.7  loss 100.2455  logE[PER] -0.246  P_det_soft 1.0000  (40s)
  step 2225  JSR   -4.7  loss 100.2533  logE[PER] -0.253  P_det_soft 1.0000  (41s)
  step 2250  JSR   -4.6  loss 100.1941  logE[PER] -0.194  P_det_soft 1.0000  (41s)
  step 2275  JSR   -4.6  loss 100.2200  logE[PER] -0.220  P_det_soft 1.0000  (42s)
  step 2300  JSR   -4.6  loss 100.2083  logE[PER] -0.208  P_det_soft 1.0000  (42s)
  step 2325  JSR   -4.5  loss 100.1838  logE[PER] -0.184  P_det_soft 1.0000  (43s)
  step 2350  JSR   -4.5  loss 100.1406  logE[PER] -0.141  P_det_soft 1.0000  (43s)
  step 2375  JSR   -4.5  loss 100.1506  logE[PER] -0.151  P_det_soft 1.0000  (44s)
  step 2400  JSR   -4.5  loss 100.2153  logE[PER] -0.215  P_det_soft 1.0000  (44s)
  step 2425  JSR   -4.4  loss 100.1246  logE[PER] -0.125  P_det_soft 1.0000  (45s)
  step 2450  JSR   -4.4  loss 100.1269  logE[PER] -0.127  P_det_soft 1.0000  (45s)
  step 2475  JSR   -4.3  loss 100.1080  logE[PER] -0.108  P_det_soft 1.0000  (46s)
  step 2500  JSR   -4.3  loss 100.0850  logE[PER] -0.085  P_det_soft 1.0000  (46s)
  step 2525  JSR   -4.3  loss 100.1070  logE[PER] -0.107  P_det_soft 1.0000  (46s)
  step 2550  JSR   -4.3  loss 100.0996  logE[PER] -0.100  P_det_soft 1.0000  (47s)
  step 2575  JSR   -4.2  loss 100.1077  logE[PER] -0.108  P_det_soft 1.0000  (47s)
  step 2600  JSR   -4.2  loss 100.0811  logE[PER] -0.081  P_det_soft 1.0000  (48s)
  step 2625  JSR   -4.2  loss 100.0880  logE[PER] -0.088  P_det_soft 1.0000  (48s)
  step 2650  JSR   -4.1  loss 100.1120  logE[PER] -0.112  P_det_soft 1.0000  (49s)
  step 2675  JSR   -4.1  loss 100.0591  logE[PER] -0.059  P_det_soft 1.0000  (49s)
  step 2700  JSR   -4.1  loss 100.0578  logE[PER] -0.058  P_det_soft 1.0000  (50s)
  step 2725  JSR   -4.1  loss 100.1170  logE[PER] -0.117  P_det_soft 1.0000  (50s)
  step 2750  JSR   -4.0  loss 100.0699  logE[PER] -0.070  P_det_soft 1.0000  (51s)
  step 2775  JSR   -4.0  loss 100.0434  logE[PER] -0.043  P_det_soft 1.0000  (51s)
  step 2800  JSR   -4.0  loss 100.0485  logE[PER] -0.049  P_det_soft 1.0000  (52s)
  step 2825  JSR   -3.9  loss 100.0654  logE[PER] -0.065  P_det_soft 1.0000  (52s)
  step 2850  JSR   -3.9  loss 100.0446  logE[PER] -0.045  P_det_soft 1.0000  (52s)
  step 2875  JSR   -3.9  loss 100.0672  logE[PER] -0.067  P_det_soft 1.0000  (53s)
  step 2900  JSR   -3.9  loss 100.0556  logE[PER] -0.056  P_det_soft 1.0000  (53s)
  step 2925  JSR   -3.8  loss 100.0211  logE[PER] -0.021  P_det_soft 1.0000  (54s)
  step 2950  JSR   -3.8  loss 100.0452  logE[PER] -0.045  P_det_soft 1.0000  (54s)
  step 2975  JSR   -3.8  loss 100.0475  logE[PER] -0.048  P_det_soft 1.0000  (55s)
  step 3000  JSR   -3.8  loss 100.0459  logE[PER] -0.046  P_det_soft 1.0000  (55s)
  step 3025  JSR   -3.7  loss 100.0159  logE[PER] -0.016  P_det_soft 1.0000  (56s)
  step 3050  JSR   -3.7  loss 100.0359  logE[PER] -0.036  P_det_soft 1.0000  (56s)
  step 3075  JSR   -3.7  loss 100.0379  logE[PER] -0.038  P_det_soft 1.0000  (57s)
  step 3100  JSR   -3.7  loss 100.0156  logE[PER] -0.016  P_det_soft 1.0000  (57s)
  step 3125  JSR   -3.7  loss 100.0241  logE[PER] -0.024  P_det_soft 1.0000  (58s)
  step 3150  JSR   -3.6  loss 100.0079  logE[PER] -0.008  P_det_soft 1.0000  (58s)
  step 3175  JSR   -3.6  loss 100.0087  logE[PER] -0.009  P_det_soft 1.0000  (58s)
  step 3200  JSR   -3.6  loss 100.0359  logE[PER] -0.036  P_det_soft 1.0000  (59s)
  step 3225  JSR   -3.6  loss 100.0402  logE[PER] -0.040  P_det_soft 1.0000  (59s)
  step 3250  JSR   -3.6  loss 100.0086  logE[PER] -0.009  P_det_soft 1.0000  (60s)
  step 3275  JSR   -3.5  loss 100.0124  logE[PER] -0.012  P_det_soft 1.0000  (60s)
  step 3300  JSR   -3.5  loss 100.0161  logE[PER] -0.016  P_det_soft 1.0000  (61s)
  step 3325  JSR   -3.5  loss 100.0138  logE[PER] -0.014  P_det_soft 1.0000  (61s)
  step 3350  JSR   -3.5  loss 100.0189  logE[PER] -0.019  P_det_soft 1.0000  (62s)
  step 3375  JSR   -3.5  loss 100.0144  logE[PER] -0.014  P_det_soft 1.0000  (62s)
  step 3400  JSR   -3.5  loss 100.0168  logE[PER] -0.017  P_det_soft 1.0000  (63s)
  step 3425  JSR   -3.5  loss 100.0269  logE[PER] -0.027  P_det_soft 1.0000  (63s)
  step 3450  JSR   -3.5  loss 100.0008  logE[PER] -0.001  P_det_soft 1.0000  (64s)
  step 3475  JSR   -3.4  loss 100.0050  logE[PER] -0.005  P_det_soft 1.0000  (64s)
  step 3500  JSR   -3.4  loss 100.0027  logE[PER] -0.003  P_det_soft 1.0000  (64s)
  step 3525  JSR   -3.4  loss 100.0216  logE[PER] -0.022  P_det_soft 1.0000  (65s)
  step 3550  JSR   -3.4  loss 100.0243  logE[PER] -0.024  P_det_soft 1.0000  (65s)
  step 3575  JSR   -3.4  loss 100.0010  logE[PER] -0.001  P_det_soft 1.0000  (66s)
  step 3600  JSR   -3.4  loss 100.0150  logE[PER] -0.015  P_det_soft 1.0000  (66s)
  step 3625  JSR   -3.4  loss 100.0034  logE[PER] -0.003  P_det_soft 1.0000  (67s)
  step 3650  JSR   -3.4  loss 100.0145  logE[PER] -0.015  P_det_soft 1.0000  (67s)
  step 3675  JSR   -3.4  loss 100.0284  logE[PER] -0.028  P_det_soft 1.0000  (68s)
  step 3700  JSR   -3.4  loss 100.0010  logE[PER] -0.001  P_det_soft 1.0000  (68s)
  step 3725  JSR   -3.3  loss 100.0135  logE[PER] -0.014  P_det_soft 1.0000  (69s)
  step 3750  JSR   -3.3  loss 100.0019  logE[PER] -0.002  P_det_soft 1.0000  (69s)
  step 3775  JSR   -3.3  loss 100.0172  logE[PER] -0.017  P_det_soft 1.0000  (70s)
  step 3800  JSR   -3.3  loss 100.0131  logE[PER] -0.013  P_det_soft 1.0000  (70s)
  step 3825  JSR   -3.3  loss 100.0000  logE[PER] -0.000  P_det_soft 1.0000  (71s)
  step 3850  JSR   -3.3  loss 100.0065  logE[PER] -0.006  P_det_soft 1.0000  (71s)
  step 3875  JSR   -3.3  loss 100.0008  logE[PER] -0.001  P_det_soft 1.0000  (71s)
  step 3900  JSR   -3.3  loss 100.0002  logE[PER] -0.000  P_det_soft 1.0000  (72s)
  step 3925  JSR   -3.3  loss 100.0079  logE[PER] -0.008  P_det_soft 1.0000  (72s)
  step 3950  JSR   -3.3  loss 100.0005  logE[PER] -0.000  P_det_soft 1.0000  (73s)
  step 3975  JSR   -3.3  loss 100.0114  logE[PER] -0.011  P_det_soft 1.0000  (73s)
  step 3999  JSR   -3.3  loss 100.0000  logE[PER] -0.000  P_det_soft 1.0000  (74s)
wrote task3_G.pt, task3.json  (tag power_one_sided_b100)
