node: tikgpu04.ee.ethz.ch | gpu: NVIDIA TITAN RTX
task 10 = {'target': 'kurtosis', 'beta': 10.0}  (tag kurtosis_b10)
  step    0  JSR  -28.2  loss 3125.7925  logE[BER] -3124.085  P_det_soft 0.1707  (1s)
  step   25  JSR  -19.8  loss 1106.2617  logE[BER] -1104.484  P_det_soft 0.1778  (2s)
  step   50  JSR   -1.4  loss 12.7299  logE[BER] -2.730  P_det_soft 1.0000  (2s)
  step   75  JSR  -11.4  loss 12.1033  logE[BER] -5.560  P_det_soft 0.6543  (3s)
  step  100  JSR  -23.2  loss 207.0768  logE[BER] -205.225  P_det_soft 0.1852  (3s)
  step  125  JSR  -12.4  loss 12.5156  logE[BER] -5.953  P_det_soft 0.6562  (4s)
  step  150  JSR  -21.8  loss 30.8555  logE[BER] -29.081  P_det_soft 0.1774  (4s)
  step  175  JSR  -19.3  loss 9.5805  logE[BER] -7.631  P_det_soft 0.1950  (5s)
  step  200  JSR  -25.8  loss 889.6458  logE[BER] -888.050  P_det_soft 0.1596  (6s)
  step  225  JSR  -25.5  loss 573.7570  logE[BER] -572.284  P_det_soft 0.1473  (6s)
  step  250  JSR  -21.0  loss 10.3922  logE[BER] -8.680  P_det_soft 0.1712  (7s)
  step  275  JSR   -6.2  loss 14.8317  logE[BER] -4.832  P_det_soft 1.0000  (7s)
  step  300  JSR  -19.9  loss 9.4670  logE[BER] -7.814  P_det_soft 0.1653  (8s)
  step  325  JSR  -17.7  loss 9.1925  logE[BER] -6.772  P_det_soft 0.2421  (8s)
  step  350  JSR  -17.5  loss 9.1297  logE[BER] -6.810  P_det_soft 0.2320  (9s)
  step  375  JSR  -24.5  loss 196.0876  logE[BER] -194.592  P_det_soft 0.1496  (9s)
  step  399  JSR  -11.9  loss 13.6042  logE[BER] -5.778  P_det_soft 0.7826  (10s)
wrote task10_G.pt, task10.json  (tag kurtosis_b10)
