node: tikgpu07.ee.ethz.ch | gpu: NVIDIA GeForce RTX 3090
task 14 = {'target': 'spec_cnn', 'beta': 10.0}  (tag spec_cnn_b10, 32 frames/step, JSR band (-48.0, -16.0))
  target spec_cnn: threshold -3.17573, clean-frame std 0.949107 (soft_pdet width)
  step    0  JSR  -25.0  loss 3472.5596  logE[BER] -3462.905  P_det_soft 0.9655  (1s)
  step   25  JSR  -27.2  loss 2427.2537  logE[BER] -2419.652  P_det_soft 0.7601  (3s)
  step   50  JSR  -21.0  loss 1193.1973  logE[BER] -1183.244  P_det_soft 0.9953  (4s)
  step   75  JSR  -46.1  loss 3812.0158  logE[BER] -3810.346  P_det_soft 0.1670  (6s)
  step  100  JSR  -36.9  loss 3408.1428  logE[BER] -3405.738  P_det_soft 0.2405  (8s)
  step  125  JSR  -43.8  loss 3742.2171  logE[BER] -3740.856  P_det_soft 0.1361  (10s)
  step  150  JSR  -44.3  loss 3784.6891  logE[BER] -3782.830  P_det_soft 0.1859  (12s)
  step  175  JSR  -22.8  loss 1552.0268  logE[BER] -1542.184  P_det_soft 0.9843  (14s)
  step  200  JSR  -39.5  loss 3520.9954  logE[BER] -3519.418  P_det_soft 0.1577  (16s)
  step  225  JSR  -40.2  loss 3572.8226  logE[BER] -3571.304  P_det_soft 0.1519  (18s)
  step  250  JSR  -26.6  loss 2127.0196  logE[BER] -2119.540  P_det_soft 0.7480  (20s)
  step  275  JSR  -22.0  loss 1209.0885  logE[BER] -1199.203  P_det_soft 0.9886  (23s)
  step  300  JSR  -45.7  loss 3751.1741  logE[BER] -3749.760  P_det_soft 0.1414  (25s)
  step  325  JSR  -45.2  loss 3742.2823  logE[BER] -3739.999  P_det_soft 0.2283  (27s)
  step  350  JSR  -22.6  loss 1239.3214  logE[BER] -1229.532  P_det_soft 0.9789  (29s)
  step  375  JSR  -34.3  loss 3243.9467  logE[BER] -3241.506  P_det_soft 0.2441  (32s)
  step  400  JSR  -25.9  loss 1443.8125  logE[BER] -1436.402  P_det_soft 0.7411  (34s)
  step  425  JSR  -46.2  loss 3737.9192  logE[BER] -3736.126  P_det_soft 0.1793  (36s)
  step  450  JSR  -17.8  loss 36.0986  logE[BER] -26.119  P_det_soft 0.9980  (38s)
  step  475  JSR  -28.5  loss 2084.6957  logE[BER] -2079.707  P_det_soft 0.4988  (41s)
  step  500  JSR  -41.7  loss 3569.9554  logE[BER] -3568.513  P_det_soft 0.1442  (43s)
  step  525  JSR  -34.7  loss 3111.4206  logE[BER] -3108.543  P_det_soft 0.2878  (46s)
  step  550  JSR  -22.9  loss 863.3962  logE[BER] -853.751  P_det_soft 0.9645  (48s)
  step  575  JSR  -21.6  loss 643.0823  logE[BER] -633.234  P_det_soft 0.9848  (50s)
  step  600  JSR  -24.1  loss 1041.5046  logE[BER] -1032.627  P_det_soft 0.8878  (53s)
  step  625  JSR  -16.9  loss 17.7138  logE[BER] -7.732  P_det_soft 0.9982  (55s)
  step  650  JSR  -28.9  loss 1980.0733  logE[BER] -1975.774  P_det_soft 0.4299  (58s)
  step  675  JSR  -24.1  loss 904.4995  logE[BER] -895.921  P_det_soft 0.8578  (60s)
  step  700  JSR  -37.5  loss 3154.2472  logE[BER] -3152.661  P_det_soft 0.1586  (63s)
  step  725  JSR  -22.3  loss 470.7372  logE[BER] -461.026  P_det_soft 0.9711  (65s)
  step  750  JSR  -28.0  loss 1822.4795  logE[BER] -1817.271  P_det_soft 0.5208  (68s)
  step  775  JSR  -16.2  loss 17.0617  logE[BER] -7.073  P_det_soft 0.9988  (70s)
  step  800  JSR  -46.6  loss 3717.8970  logE[BER] -3716.338  P_det_soft 0.1559  (73s)
  step  825  JSR  -16.8  loss 16.8317  logE[BER] -6.851  P_det_soft 0.9981  (75s)
  step  850  JSR  -35.5  loss 2931.3954  logE[BER] -2928.675  P_det_soft 0.2721  (78s)
  step  875  JSR  -32.1  loss 2311.4528  logE[BER] -2308.261  P_det_soft 0.3191  (81s)
  step  900  JSR  -41.4  loss 3400.6473  logE[BER] -3399.089  P_det_soft 0.1558  (83s)
  step  925  JSR  -35.7  loss 2822.0057  logE[BER] -2820.172  P_det_soft 0.1834  (86s)
  step  950  JSR  -30.2  loss 2093.3431  logE[BER] -2090.088  P_det_soft 0.3255  (88s)
  step  975  JSR  -44.2  loss 3541.9114  logE[BER] -3540.277  P_det_soft 0.1634  (91s)
  step 1000  JSR  -34.2  loss 2510.8842  logE[BER] -2509.116  P_det_soft 0.1769  (94s)
  step 1025  JSR  -25.2  loss 760.0430  logE[BER] -753.176  P_det_soft 0.6867  (96s)
  step 1050  JSR  -43.8  loss 3562.0661  logE[BER] -3560.188  P_det_soft 0.1878  (99s)
  step 1075  JSR  -34.3  loss 2670.4168  logE[BER] -2668.485  P_det_soft 0.1932  (102s)
  step 1100  JSR  -47.8  loss 3721.6905  logE[BER] -3719.825  P_det_soft 0.1865  (105s)
  step 1125  JSR  -23.0  loss 357.1366  logE[BER] -348.334  P_det_soft 0.8803  (107s)
  step 1150  JSR  -21.4  loss 104.4379  logE[BER] -94.683  P_det_soft 0.9755  (110s)
  step 1175  JSR  -35.8  loss 2680.1597  logE[BER] -2678.498  P_det_soft 0.1661  (113s)
  step 1200  JSR  -21.7  loss 44.7485  logE[BER] -35.341  P_det_soft 0.9408  (115s)
  step 1225  JSR  -19.9  loss 16.5613  logE[BER] -6.695  P_det_soft 0.9866  (118s)
  step 1250  JSR  -20.2  loss 17.3263  logE[BER] -7.509  P_det_soft 0.9817  (121s)
  step 1275  JSR  -32.9  loss 2241.6264  logE[BER] -2239.257  P_det_soft 0.2370  (123s)
  step 1300  JSR  -24.3  loss 268.0949  logE[BER] -260.364  P_det_soft 0.7731  (126s)
  step 1325  JSR  -30.4  loss 1484.9406  logE[BER] -1482.503  P_det_soft 0.2438  (129s)
  step 1350  JSR  -41.5  loss 3190.8760  logE[BER] -3188.640  P_det_soft 0.2236  (132s)
  step 1375  JSR  -36.2  loss 2606.7750  logE[BER] -2604.646  P_det_soft 0.2129  (134s)
  step 1400  JSR  -32.1  loss 1885.4405  logE[BER] -1883.279  P_det_soft 0.2162  (137s)
  step 1425  JSR  -44.2  loss 3372.6967  logE[BER] -3370.799  P_det_soft 0.1898  (140s)
  step 1450  JSR  -38.7  loss 2839.5677  logE[BER] -2837.908  P_det_soft 0.1660  (142s)
  step 1475  JSR  -36.0  loss 2434.3293  logE[BER] -2432.697  P_det_soft 0.1632  (145s)
  step 1500  JSR  -46.5  loss 3531.3584  logE[BER] -3529.972  P_det_soft 0.1386  (148s)
  step 1525  JSR  -32.2  loss 1796.8251  logE[BER] -1794.463  P_det_soft 0.2362  (151s)
  step 1550  JSR  -46.5  loss 3505.7494  logE[BER] -3504.170  P_det_soft 0.1580  (153s)
  step 1575  JSR  -40.2  loss 2964.7085  logE[BER] -2963.206  P_det_soft 0.1503  (156s)
  step 1600  JSR  -34.3  loss 2185.9230  logE[BER] -2184.127  P_det_soft 0.1796  (159s)
  step 1625  JSR  -27.7  loss 742.2579  logE[BER] -739.047  P_det_soft 0.3211  (161s)
  step 1650  JSR  -40.2  loss 3028.7259  logE[BER] -3026.452  P_det_soft 0.2274  (164s)
  step 1675  JSR  -19.3  loss 15.0290  logE[BER] -6.543  P_det_soft 0.8486  (167s)
  step 1700  JSR  -34.1  loss 2165.0593  logE[BER] -2162.982  P_det_soft 0.2078  (169s)
  step 1725  JSR  -37.7  loss 2733.8248  logE[BER] -2731.635  P_det_soft 0.2190  (172s)
  step 1750  JSR  -41.1  loss 3045.4532  logE[BER] -3043.709  P_det_soft 0.1744  (175s)
  step 1775  JSR  -38.6  loss 2780.2158  logE[BER] -2778.058  P_det_soft 0.2157  (178s)
  step 1800  JSR  -38.6  loss 2772.4246  logE[BER] -2770.082  P_det_soft 0.2343  (180s)
  step 1825  JSR  -44.6  loss 3356.4362  logE[BER] -3354.268  P_det_soft 0.2168  (183s)
  step 1850  JSR  -27.1  loss 619.4533  logE[BER] -616.535  P_det_soft 0.2918  (186s)
  step 1875  JSR  -35.9  loss 2486.1562  logE[BER] -2484.637  P_det_soft 0.1519  (188s)
  step 1900  JSR  -16.1  loss 15.4547  logE[BER] -5.952  P_det_soft 0.9503  (191s)
  step 1925  JSR  -40.5  loss 3020.3535  logE[BER] -3018.212  P_det_soft 0.2142  (194s)
  step 1950  JSR  -25.2  loss 146.7713  logE[BER] -143.824  P_det_soft 0.2948  (196s)
  step 1975  JSR  -23.2  loss 13.1391  logE[BER] -9.436  P_det_soft 0.3703  (199s)
  step 2000  JSR  -27.3  loss 588.4669  logE[BER] -585.888  P_det_soft 0.2579  (202s)
  step 2025  JSR  -33.1  loss 1827.8857  logE[BER] -1826.587  P_det_soft 0.1298  (205s)
  step 2050  JSR  -31.8  loss 1576.4305  logE[BER] -1574.575  P_det_soft 0.1855  (207s)
  step 2075  JSR  -23.0  loss 12.2919  logE[BER] -8.406  P_det_soft 0.3886  (210s)
  step 2100  JSR  -27.7  loss 620.6483  logE[BER] -618.833  P_det_soft 0.1816  (213s)
  step 2125  JSR  -20.8  loss 11.9618  logE[BER] -6.708  P_det_soft 0.5253  (215s)
  step 2150  JSR  -39.3  loss 2858.4594  logE[BER] -2857.004  P_det_soft 0.1456  (218s)
  step 2175  JSR  -39.2  loss 2799.1471  logE[BER] -2797.576  P_det_soft 0.1571  (221s)
  step 2200  JSR  -35.2  loss 2175.8728  logE[BER] -2174.657  P_det_soft 0.1216  (223s)
  step 2225  JSR  -31.6  loss 1734.0901  logE[BER] -1731.875  P_det_soft 0.2216  (226s)
  step 2250  JSR  -46.4  loss 3481.9380  logE[BER] -3480.376  P_det_soft 0.1562  (229s)
  step 2275  JSR  -25.7  loss 196.8876  logE[BER] -193.795  P_det_soft 0.3093  (232s)
  step 2300  JSR  -39.2  loss 2819.1152  logE[BER] -2817.148  P_det_soft 0.1967  (234s)
  step 2325  JSR  -40.4  loss 2950.6335  logE[BER] -2948.541  P_det_soft 0.2093  (237s)
  step 2350  JSR  -20.9  loss 11.4300  logE[BER] -6.584  P_det_soft 0.4846  (240s)
  step 2375  JSR  -16.9  loss 14.4302  logE[BER] -5.874  P_det_soft 0.8556  (242s)
  step 2400  JSR  -28.0  loss 692.6196  logE[BER] -690.962  P_det_soft 0.1657  (245s)
  step 2425  JSR  -22.8  loss 10.5580  logE[BER] -7.325  P_det_soft 0.3233  (248s)
  step 2450  JSR  -29.3  loss 980.0183  logE[BER] -977.709  P_det_soft 0.2310  (251s)
  step 2475  JSR  -44.3  loss 3328.8793  logE[BER] -3327.051  P_det_soft 0.1828  (253s)
  step 2500  JSR  -28.8  loss 794.7349  logE[BER] -792.079  P_det_soft 0.2656  (256s)
  step 2525  JSR  -42.5  loss 3185.4118  logE[BER] -3183.287  P_det_soft 0.2125  (259s)
  step 2550  JSR  -22.2  loss 10.6487  logE[BER] -6.961  P_det_soft 0.3687  (261s)
  step 2575  JSR  -16.0  loss 14.8745  logE[BER] -6.238  P_det_soft 0.8636  (264s)
  step 2600  JSR  -24.2  loss 36.4548  logE[BER] -33.842  P_det_soft 0.2613  (267s)
  step 2625  JSR  -39.9  loss 2884.5665  logE[BER] -2883.081  P_det_soft 0.1486  (270s)
  step 2650  JSR  -37.6  loss 2578.2333  logE[BER] -2576.822  P_det_soft 0.1412  (272s)
  step 2675  JSR  -43.6  loss 3260.7175  logE[BER] -3258.921  P_det_soft 0.1797  (275s)
  step 2700  JSR  -22.9  loss 10.9769  logE[BER] -7.762  P_det_soft 0.3215  (278s)
  step 2725  JSR  -38.1  loss 2672.4215  logE[BER] -2670.316  P_det_soft 0.2106  (281s)
  step 2750  JSR  -42.4  loss 3145.2511  logE[BER] -3143.406  P_det_soft 0.1845  (283s)
  step 2775  JSR  -21.1  loss 11.3080  logE[BER] -6.917  P_det_soft 0.4391  (286s)
  step 2800  JSR  -31.5  loss 1465.9752  logE[BER] -1464.170  P_det_soft 0.1805  (289s)
  step 2825  JSR  -37.5  loss 2542.6948  logE[BER] -2540.841  P_det_soft 0.1854  (292s)
  step 2850  JSR  -47.3  loss 3521.0279  logE[BER] -3519.679  P_det_soft 0.1349  (294s)
  step 2875  JSR  -24.4  loss 39.4606  logE[BER] -37.117  P_det_soft 0.2343  (297s)
  step 2900  JSR  -34.0  loss 1988.6863  logE[BER] -1986.587  P_det_soft 0.2099  (300s)
  step 2925  JSR  -30.3  loss 1176.5682  logE[BER] -1175.002  P_det_soft 0.1566  (303s)
  step 2950  JSR  -22.2  loss 11.0817  logE[BER] -7.007  P_det_soft 0.4074  (305s)
  step 2975  JSR  -25.5  loss 183.2113  logE[BER] -181.524  P_det_soft 0.1687  (308s)
  step 3000  JSR  -23.7  loss 26.6090  logE[BER] -24.121  P_det_soft 0.2488  (311s)
  step 3025  JSR  -44.4  loss 3365.1067  logE[BER] -3363.543  P_det_soft 0.1564  (314s)
  step 3050  JSR  -42.2  loss 3120.2839  logE[BER] -3118.415  P_det_soft 0.1869  (316s)
  step 3075  JSR  -30.8  loss 1265.0144  logE[BER] -1262.844  P_det_soft 0.2170  (319s)
  step 3100  JSR  -35.0  loss 2160.9459  logE[BER] -2159.408  P_det_soft 0.1538  (322s)
  step 3125  JSR  -47.8  loss 3533.0289  logE[BER] -3530.695  P_det_soft 0.2334  (325s)
  step 3150  JSR  -20.7  loss 10.5147  logE[BER] -6.613  P_det_soft 0.3902  (327s)
  step 3175  JSR  -21.1  loss 10.8104  logE[BER] -6.925  P_det_soft 0.3886  (330s)
  step 3200  JSR  -46.0  loss 3415.8052  logE[BER] -3414.094  P_det_soft 0.1711  (333s)
  step 3225  JSR  -41.6  loss 3063.7482  logE[BER] -3061.978  P_det_soft 0.1770  (336s)
  step 3250  JSR  -46.9  loss 3478.7763  logE[BER] -3477.391  P_det_soft 0.1385  (338s)
  step 3275  JSR  -33.9  loss 1922.5235  logE[BER] -1920.213  P_det_soft 0.2310  (341s)
  step 3300  JSR  -25.1  loss 122.6397  logE[BER] -120.434  P_det_soft 0.2206  (344s)
  step 3325  JSR  -47.5  loss 3538.4475  logE[BER] -3536.104  P_det_soft 0.2344  (347s)
  step 3350  JSR  -40.3  loss 2941.7801  logE[BER] -2940.131  P_det_soft 0.1649  (349s)
  step 3375  JSR  -23.1  loss 10.0936  logE[BER] -7.406  P_det_soft 0.2688  (352s)
  step 3400  JSR  -24.2  loss 19.0897  logE[BER] -17.043  P_det_soft 0.2047  (355s)
  step 3425  JSR  -36.9  loss 2454.1442  logE[BER] -2452.410  P_det_soft 0.1734  (358s)
  step 3450  JSR  -44.3  loss 3294.4250  logE[BER] -3292.936  P_det_soft 0.1489  (360s)
  step 3475  JSR  -19.0  loss 10.7194  logE[BER] -6.099  P_det_soft 0.4620  (363s)
  step 3500  JSR  -44.4  loss 3325.6233  logE[BER] -3323.688  P_det_soft 0.1935  (366s)
  step 3525  JSR  -17.8  loss 11.6711  logE[BER] -5.977  P_det_soft 0.5694  (369s)
  step 3550  JSR  -19.1  loss 10.6735  logE[BER] -6.238  P_det_soft 0.4435  (371s)
  step 3575  JSR  -42.4  loss 3176.0511  logE[BER] -3173.809  P_det_soft 0.2242  (374s)
  step 3600  JSR  -38.2  loss 2728.4234  logE[BER] -2726.874  P_det_soft 0.1549  (377s)
  step 3625  JSR  -17.4  loss 12.9679  logE[BER] -5.966  P_det_soft 0.7002  (380s)
  step 3650  JSR  -40.9  loss 2978.5626  logE[BER] -2977.155  P_det_soft 0.1407  (382s)
  step 3675  JSR  -44.6  loss 3313.7373  logE[BER] -3311.836  P_det_soft 0.1902  (385s)
  step 3700  JSR  -37.0  loss 2461.0468  logE[BER] -2459.526  P_det_soft 0.1521  (388s)
  step 3725  JSR  -37.3  loss 2530.9732  logE[BER] -2529.292  P_det_soft 0.1681  (391s)
  step 3750  JSR  -34.4  loss 2003.4196  logE[BER] -2001.035  P_det_soft 0.2384  (393s)
  step 3775  JSR  -38.9  loss 2742.5289  logE[BER] -2740.775  P_det_soft 0.1754  (396s)
  step 3800  JSR  -18.3  loss 11.2726  logE[BER] -5.920  P_det_soft 0.5353  (399s)
  step 3825  JSR  -19.3  loss 10.4774  logE[BER] -6.265  P_det_soft 0.4213  (402s)
  step 3850  JSR  -31.9  loss 1493.6044  logE[BER] -1491.518  P_det_soft 0.2086  (404s)
  step 3875  JSR  -25.3  loss 141.4991  logE[BER] -138.649  P_det_soft 0.2850  (407s)
  step 3900  JSR  -31.1  loss 1500.6632  logE[BER] -1498.697  P_det_soft 0.1967  (410s)
  step 3925  JSR  -21.4  loss 11.0140  logE[BER] -6.929  P_det_soft 0.4085  (413s)
  step 3950  JSR  -23.1  loss 9.6891  logE[BER] -7.622  P_det_soft 0.2067  (415s)
  step 3975  JSR  -19.7  loss 9.7462  logE[BER] -6.241  P_det_soft 0.3506  (418s)
  step 3999  JSR  -33.4  loss 1825.3843  logE[BER] -1823.629  P_det_soft 0.1755  (421s)
wrote task14_G.pt, task14.json  (tag spec_cnn_b10)
