node: tikgpu04.ee.ethz.ch | gpu: NVIDIA TITAN RTX
task 9 = {'target': 'kurtosis', 'beta': 1.0}  (tag kurtosis_b1, 128 frames/step, JSR band (-32.0, 0.0))
  target kurtosis: threshold 0.0508405, clean-frame std 0.0154177 (soft_pdet width)
  step    0  JSR   -8.1  loss 879.6544  logE[BER] -878.660  P_det_soft 0.9942  (1s)
  step   25  JSR   -4.8  loss 6.6368  logE[BER] -5.637  P_det_soft 1.0000  (2s)
  step   50  JSR  -23.9  loss 1815.1708  logE[BER] -1814.999  P_det_soft 0.1717  (2s)
  step   75  JSR  -24.0  loss 1776.4923  logE[BER] -1776.332  P_det_soft 0.1600  (3s)
  step  100  JSR   -3.3  loss 6.5844  logE[BER] -5.584  P_det_soft 1.0000  (4s)
  step  125  JSR  -14.8  loss 125.6210  logE[BER] -125.199  P_det_soft 0.4219  (4s)
  step  150  JSR  -15.3  loss 143.9241  logE[BER] -143.579  P_det_soft 0.3455  (5s)
  step  175  JSR   -2.1  loss 5.8783  logE[BER] -4.878  P_det_soft 1.0000  (5s)
  step  200  JSR  -25.5  loss 2260.2047  logE[BER] -2260.036  P_det_soft 0.1690  (6s)
  step  225  JSR   -3.2  loss 6.1086  logE[BER] -5.109  P_det_soft 1.0000  (7s)
  step  250  JSR  -15.6  loss 46.7420  logE[BER] -46.381  P_det_soft 0.3610  (7s)
  step  275  JSR  -30.6  loss 2806.4285  logE[BER] -2806.274  P_det_soft 0.1541  (8s)
  step  300  JSR  -17.5  loss 269.7450  logE[BER] -269.521  P_det_soft 0.2235  (9s)
  step  325  JSR   -2.8  loss 6.2601  logE[BER] -5.260  P_det_soft 1.0000  (9s)
  step  350  JSR  -16.4  loss 180.5351  logE[BER] -180.239  P_det_soft 0.2958  (10s)
  step  375  JSR  -29.5  loss 2707.1483  logE[BER] -2706.990  P_det_soft 0.1585  (11s)
  step  399  JSR  -29.4  loss 2409.6321  logE[BER] -2409.478  P_det_soft 0.1539  (11s)
wrote task9_G.pt, task9.json  (tag kurtosis_b1)
