node: tikgpu04.ee.ethz.ch | gpu: NVIDIA TITAN RTX
task 0 = {'target': None, 'beta': 0.0}  (tag eff, 128 frames/step, JSR band (-32.0, 0.0))
  step    0  JSR  -20.6  loss 2438.9291  logE[BER] -2438.929  P_det_soft 0.0000  (1s)
  step   25  JSR  -30.4  loss 2795.8462  logE[BER] -2795.846  P_det_soft 0.0000  (2s)
  step   50  JSR   -4.2  loss 3.8829  logE[BER] -3.883  P_det_soft 0.0000  (2s)
  step   75  JSR  -15.4  loss 6.3344  logE[BER] -6.334  P_det_soft 0.0000  (3s)
  step  100  JSR   -5.6  loss 4.5698  logE[BER] -4.570  P_det_soft 0.0000  (3s)
  step  125  JSR  -24.5  loss 351.7243  logE[BER] -351.724  P_det_soft 0.0000  (4s)
  step  150  JSR   -1.5  loss 3.0583  logE[BER] -3.058  P_det_soft 0.0000  (4s)
  step  175  JSR  -19.0  loss 7.4966  logE[BER] -7.497  P_det_soft 0.0000  (5s)
  step  200  JSR  -14.9  loss 6.4592  logE[BER] -6.459  P_det_soft 0.0000  (5s)
  step  225  JSR  -30.6  loss 1660.1831  logE[BER] -1660.183  P_det_soft 0.0000  (6s)
  step  250  JSR   -2.5  loss 3.2926  logE[BER] -3.293  P_det_soft 0.0000  (6s)
  step  275  JSR   -9.9  loss 5.6512  logE[BER] -5.651  P_det_soft 0.0000  (7s)
  step  300  JSR  -21.7  loss 11.8793  logE[BER] -11.879  P_det_soft 0.0000  (7s)
  step  325  JSR  -22.6  loss 12.9612  logE[BER] -12.961  P_det_soft 0.0000  (8s)
  step  350  JSR  -18.3  loss 6.9957  logE[BER] -6.996  P_det_soft 0.0000  (8s)
  step  375  JSR  -19.2  loss 7.2519  logE[BER] -7.252  P_det_soft 0.0000  (9s)
  step  400  JSR  -29.0  loss 1286.5884  logE[BER] -1286.588  P_det_soft 0.0000  (9s)
  step  425  JSR  -20.5  loss 7.9538  logE[BER] -7.954  P_det_soft 0.0000  (10s)
  step  450  JSR   -8.9  loss 5.2090  logE[BER] -5.209  P_det_soft 0.0000  (11s)
  step  475  JSR  -27.8  loss 886.0920  logE[BER] -886.092  P_det_soft 0.0000  (11s)
  step  500  JSR  -19.0  loss 7.2327  logE[BER] -7.233  P_det_soft 0.0000  (12s)
  step  525  JSR  -21.3  loss 9.0010  logE[BER] -9.001  P_det_soft 0.0000  (12s)
  step  550  JSR   -1.6  loss 3.3855  logE[BER] -3.385  P_det_soft 0.0000  (13s)
  step  575  JSR  -22.9  loss 32.1935  logE[BER] -32.194  P_det_soft 0.0000  (13s)
  step  600  JSR  -22.2  loss 31.1475  logE[BER] -31.147  P_det_soft 0.0000  (14s)
  step  625  JSR  -28.3  loss 1173.1986  logE[BER] -1173.199  P_det_soft 0.0000  (14s)
  step  650  JSR  -13.0  loss 5.8338  logE[BER] -5.834  P_det_soft 0.0000  (15s)
  step  675  JSR  -10.0  loss 5.4123  logE[BER] -5.412  P_det_soft 0.0000  (15s)
  step  700  JSR  -14.0  loss 5.9951  logE[BER] -5.995  P_det_soft 0.0000  (16s)
  step  725  JSR   -6.7  loss 4.9458  logE[BER] -4.946  P_det_soft 0.0000  (16s)
  step  750  JSR   -9.1  loss 5.4242  logE[BER] -5.424  P_det_soft 0.0000  (17s)
  step  775  JSR  -12.7  loss 5.6767  logE[BER] -5.677  P_det_soft 0.0000  (17s)
  step  800  JSR  -26.9  loss 799.6881  logE[BER] -799.688  P_det_soft 0.0000  (18s)
  step  825  JSR  -30.8  loss 1595.2397  logE[BER] -1595.240  P_det_soft 0.0000  (18s)
  step  850  JSR  -28.3  loss 901.9210  logE[BER] -901.921  P_det_soft 0.0000  (19s)
  step  875  JSR  -25.1  loss 188.2517  logE[BER] -188.252  P_det_soft 0.0000  (19s)
  step  900  JSR  -30.5  loss 1381.9816  logE[BER] -1381.982  P_det_soft 0.0000  (20s)
  step  925  JSR   -2.8  loss 3.9021  logE[BER] -3.902  P_det_soft 0.0000  (21s)
  step  950  JSR   -8.2  loss 5.3306  logE[BER] -5.331  P_det_soft 0.0000  (21s)
  step  975  JSR  -11.8  loss 5.7196  logE[BER] -5.720  P_det_soft 0.0000  (22s)
  step 1000  JSR   -0.2  loss 3.1590  logE[BER] -3.159  P_det_soft 0.0000  (22s)
  step 1025  JSR  -24.4  loss 178.5000  logE[BER] -178.500  P_det_soft 0.0000  (23s)
  step 1050  JSR  -14.6  loss 5.9272  logE[BER] -5.927  P_det_soft 0.0000  (23s)
  step 1075  JSR  -29.0  loss 1114.8760  logE[BER] -1114.876  P_det_soft 0.0000  (24s)
  step 1100  JSR  -16.3  loss 6.0187  logE[BER] -6.019  P_det_soft 0.0000  (24s)
  step 1125  JSR   -0.8  loss 3.3152  logE[BER] -3.315  P_det_soft 0.0000  (25s)
  step 1150  JSR   -3.6  loss 4.3152  logE[BER] -4.315  P_det_soft 0.0000  (25s)
  step 1175  JSR  -23.7  loss 19.2403  logE[BER] -19.240  P_det_soft 0.0000  (26s)
  step 1200  JSR  -24.5  loss 172.0334  logE[BER] -172.033  P_det_soft 0.0000  (26s)
  step 1225  JSR   -5.2  loss 4.7173  logE[BER] -4.717  P_det_soft 0.0000  (27s)
  step 1250  JSR   -4.6  loss 4.6739  logE[BER] -4.674  P_det_soft 0.0000  (27s)
  step 1275  JSR   -5.8  loss 4.9689  logE[BER] -4.969  P_det_soft 0.0000  (28s)
  step 1300  JSR   -0.8  loss 3.2513  logE[BER] -3.251  P_det_soft 0.0000  (28s)
  step 1325  JSR   -2.6  loss 3.8814  logE[BER] -3.881  P_det_soft 0.0000  (29s)
  step 1350  JSR   -8.1  loss 5.2328  logE[BER] -5.233  P_det_soft 0.0000  (29s)
  step 1375  JSR   -0.8  loss 3.3430  logE[BER] -3.343  P_det_soft 0.0000  (30s)
  step 1400  JSR  -13.3  loss 5.5975  logE[BER] -5.597  P_det_soft 0.0000  (31s)
  step 1425  JSR   -1.9  loss 3.6467  logE[BER] -3.647  P_det_soft 0.0000  (31s)
  step 1450  JSR  -23.2  loss 11.4372  logE[BER] -11.437  P_det_soft 0.0000  (32s)
  step 1475  JSR  -16.2  loss 6.0768  logE[BER] -6.077  P_det_soft 0.0000  (32s)
  step 1500  JSR   -8.5  loss 5.3521  logE[BER] -5.352  P_det_soft 0.0000  (33s)
  step 1525  JSR  -18.5  loss 6.4732  logE[BER] -6.473  P_det_soft 0.0000  (33s)
  step 1550  JSR  -30.1  loss 1224.3975  logE[BER] -1224.398  P_det_soft 0.0000  (34s)
  step 1575  JSR  -11.2  loss 5.5173  logE[BER] -5.517  P_det_soft 0.0000  (34s)
  step 1600  JSR   -8.5  loss 5.3329  logE[BER] -5.333  P_det_soft 0.0000  (35s)
  step 1625  JSR  -22.0  loss 8.6673  logE[BER] -8.667  P_det_soft 0.0000  (35s)
  step 1650  JSR  -30.1  loss 1219.7033  logE[BER] -1219.703  P_det_soft 0.0000  (36s)
  step 1675  JSR  -10.0  loss 5.4414  logE[BER] -5.441  P_det_soft 0.0000  (36s)
  step 1700  JSR  -31.9  loss 1762.2380  logE[BER] -1762.238  P_det_soft 0.0000  (37s)
  step 1725  JSR   -8.0  loss 5.2604  logE[BER] -5.260  P_det_soft 0.0000  (37s)
  step 1750  JSR  -14.4  loss 5.8225  logE[BER] -5.823  P_det_soft 0.0000  (38s)
  step 1775  JSR   -2.8  loss 4.0134  logE[BER] -4.013  P_det_soft 0.0000  (38s)
  step 1800  JSR   -4.9  loss 4.6997  logE[BER] -4.700  P_det_soft 0.0000  (39s)
  step 1825  JSR  -24.9  loss 208.8643  logE[BER] -208.864  P_det_soft 0.0000  (39s)
  step 1850  JSR  -15.1  loss 5.8669  logE[BER] -5.867  P_det_soft 0.0000  (40s)
  step 1875  JSR   -5.5  loss 4.7978  logE[BER] -4.798  P_det_soft 0.0000  (41s)
  step 1900  JSR  -21.5  loss 7.9587  logE[BER] -7.959  P_det_soft 0.0000  (41s)
  step 1925  JSR  -15.2  loss 5.7864  logE[BER] -5.786  P_det_soft 0.0000  (42s)
  step 1950  JSR  -16.2  loss 6.0449  logE[BER] -6.045  P_det_soft 0.0000  (42s)
  step 1975  JSR  -10.8  loss 5.5361  logE[BER] -5.536  P_det_soft 0.0000  (43s)
  step 2000  JSR   -6.3  loss 5.0574  logE[BER] -5.057  P_det_soft 0.0000  (43s)
  step 2025  JSR   -1.8  loss 3.8619  logE[BER] -3.862  P_det_soft 0.0000  (44s)
  step 2050  JSR  -30.1  loss 1267.8617  logE[BER] -1267.862  P_det_soft 0.0000  (44s)
  step 2075  JSR  -28.1  loss 864.3528  logE[BER] -864.353  P_det_soft 0.0000  (45s)
  step 2100  JSR   -8.3  loss 5.4302  logE[BER] -5.430  P_det_soft 0.0000  (45s)
  step 2125  JSR  -17.6  loss 6.2970  logE[BER] -6.297  P_det_soft 0.0000  (46s)
  step 2150  JSR   -3.6  loss 4.4433  logE[BER] -4.443  P_det_soft 0.0000  (46s)
  step 2175  JSR  -29.3  loss 1050.2466  logE[BER] -1050.247  P_det_soft 0.0000  (47s)
  step 2200  JSR  -16.9  loss 6.0485  logE[BER] -6.049  P_det_soft 0.0000  (47s)
  step 2225  JSR   -3.0  loss 4.1501  logE[BER] -4.150  P_det_soft 0.0000  (48s)
  step 2250  JSR   -1.6  loss 3.7399  logE[BER] -3.740  P_det_soft 0.0000  (48s)
  step 2275  JSR  -30.9  loss 1556.8335  logE[BER] -1556.833  P_det_soft 0.0000  (49s)
  step 2300  JSR  -15.8  loss 6.1239  logE[BER] -6.124  P_det_soft 0.0000  (49s)
  step 2325  JSR  -17.4  loss 6.1593  logE[BER] -6.159  P_det_soft 0.0000  (50s)
  step 2350  JSR   -4.6  loss 4.6685  logE[BER] -4.669  P_det_soft 0.0000  (51s)
  step 2375  JSR   -1.1  loss 3.5811  logE[BER] -3.581  P_det_soft 0.0000  (51s)
  step 2400  JSR  -19.7  loss 6.6098  logE[BER] -6.610  P_det_soft 0.0000  (52s)
  step 2425  JSR   -2.9  loss 4.0994  logE[BER] -4.099  P_det_soft 0.0000  (52s)
  step 2450  JSR  -26.1  loss 367.8982  logE[BER] -367.898  P_det_soft 0.0000  (53s)
  step 2475  JSR   -3.1  loss 4.2215  logE[BER] -4.222  P_det_soft 0.0000  (53s)
  step 2500  JSR  -15.7  loss 5.9938  logE[BER] -5.994  P_det_soft 0.0000  (54s)
  step 2525  JSR  -15.1  loss 5.8545  logE[BER] -5.854  P_det_soft 0.0000  (54s)
  step 2550  JSR  -18.3  loss 6.2638  logE[BER] -6.264  P_det_soft 0.0000  (55s)
  step 2575  JSR  -28.4  loss 921.9229  logE[BER] -921.923  P_det_soft 0.0000  (55s)
  step 2600  JSR   -7.2  loss 5.1606  logE[BER] -5.161  P_det_soft 0.0000  (56s)
  step 2625  JSR  -13.6  loss 5.7299  logE[BER] -5.730  P_det_soft 0.0000  (56s)
  step 2650  JSR   -1.4  loss 3.7316  logE[BER] -3.732  P_det_soft 0.0000  (57s)
  step 2675  JSR  -19.5  loss 7.0412  logE[BER] -7.041  P_det_soft 0.0000  (57s)
  step 2700  JSR   -3.8  loss 4.5421  logE[BER] -4.542  P_det_soft 0.0000  (58s)
  step 2725  JSR   -6.6  loss 5.1934  logE[BER] -5.193  P_det_soft 0.0000  (58s)
  step 2750  JSR  -30.1  loss 1312.5250  logE[BER] -1312.525  P_det_soft 0.0000  (59s)
  step 2775  JSR  -18.5  loss 6.4406  logE[BER] -6.441  P_det_soft 0.0000  (59s)
  step 2800  JSR   -3.0  loss 4.2806  logE[BER] -4.281  P_det_soft 0.0000  (60s)
  step 2825  JSR  -26.6  loss 443.2045  logE[BER] -443.204  P_det_soft 0.0000  (61s)
  step 2850  JSR  -21.8  loss 7.9933  logE[BER] -7.993  P_det_soft 0.0000  (61s)
  step 2875  JSR   -0.7  loss 3.4973  logE[BER] -3.497  P_det_soft 0.0000  (62s)
  step 2900  JSR   -7.1  loss 5.1168  logE[BER] -5.117  P_det_soft 0.0000  (62s)
  step 2925  JSR  -22.4  loss 9.0337  logE[BER] -9.034  P_det_soft 0.0000  (63s)
  step 2950  JSR   -5.1  loss 4.7553  logE[BER] -4.755  P_det_soft 0.0000  (63s)
  step 2975  JSR  -10.8  loss 5.4582  logE[BER] -5.458  P_det_soft 0.0000  (64s)
  step 3000  JSR  -28.1  loss 765.8237  logE[BER] -765.824  P_det_soft 0.0000  (64s)
  step 3025  JSR  -14.2  loss 5.6458  logE[BER] -5.646  P_det_soft 0.0000  (65s)
  step 3050  JSR   -4.9  loss 4.8039  logE[BER] -4.804  P_det_soft 0.0000  (65s)
  step 3075  JSR  -28.2  loss 811.4466  logE[BER] -811.447  P_det_soft 0.0000  (66s)
  step 3100  JSR   -6.5  loss 4.9471  logE[BER] -4.947  P_det_soft 0.0000  (66s)
  step 3125  JSR  -28.9  loss 977.8245  logE[BER] -977.825  P_det_soft 0.0000  (67s)
  step 3150  JSR   -8.6  loss 5.2162  logE[BER] -5.216  P_det_soft 0.0000  (67s)
  step 3175  JSR  -12.2  loss 5.5216  logE[BER] -5.522  P_det_soft 0.0000  (68s)
  step 3200  JSR  -12.8  loss 5.6297  logE[BER] -5.630  P_det_soft 0.0000  (68s)
  step 3225  JSR   -8.3  loss 5.2740  logE[BER] -5.274  P_det_soft 0.0000  (69s)
  step 3250  JSR   -2.5  loss 4.1460  logE[BER] -4.146  P_det_soft 0.0000  (70s)
  step 3275  JSR  -28.7  loss 1036.1747  logE[BER] -1036.175  P_det_soft 0.0000  (70s)
  step 3300  JSR  -19.7  loss 6.6433  logE[BER] -6.643  P_det_soft 0.0000  (71s)
  step 3325  JSR  -10.8  loss 5.4201  logE[BER] -5.420  P_det_soft 0.0000  (71s)
  step 3350  JSR  -14.3  loss 5.7831  logE[BER] -5.783  P_det_soft 0.0000  (72s)
  step 3375  JSR  -21.6  loss 7.8163  logE[BER] -7.816  P_det_soft 0.0000  (72s)
  step 3400  JSR  -14.7  loss 5.6509  logE[BER] -5.651  P_det_soft 0.0000  (73s)
  step 3425  JSR   -7.5  loss 5.3276  logE[BER] -5.328  P_det_soft 0.0000  (73s)
  step 3450  JSR  -21.4  loss 7.6336  logE[BER] -7.634  P_det_soft 0.0000  (74s)
  step 3475  JSR  -11.7  loss 5.4374  logE[BER] -5.437  P_det_soft 0.0000  (74s)
  step 3500  JSR   -6.6  loss 5.1264  logE[BER] -5.126  P_det_soft 0.0000  (75s)
  step 3525  JSR   -1.6  loss 3.8274  logE[BER] -3.827  P_det_soft 0.0000  (75s)
  step 3550  JSR  -29.7  loss 1274.4976  logE[BER] -1274.498  P_det_soft 0.0000  (76s)
  step 3575  JSR  -13.7  loss 5.6540  logE[BER] -5.654  P_det_soft 0.0000  (76s)
  step 3600  JSR  -30.4  loss 1249.9854  logE[BER] -1249.985  P_det_soft 0.0000  (77s)
  step 3625  JSR  -18.2  loss 6.4674  logE[BER] -6.467  P_det_soft 0.0000  (77s)
  step 3650  JSR  -28.8  loss 967.6732  logE[BER] -967.673  P_det_soft 0.0000  (78s)
  step 3675  JSR   -1.0  loss 3.6524  logE[BER] -3.652  P_det_soft 0.0000  (78s)
  step 3700  JSR  -18.4  loss 6.3115  logE[BER] -6.311  P_det_soft 0.0000  (79s)
  step 3725  JSR  -15.5  loss 5.9057  logE[BER] -5.906  P_det_soft 0.0000  (80s)
  step 3750  JSR  -31.6  loss 1559.3200  logE[BER] -1559.320  P_det_soft 0.0000  (80s)
  step 3775  JSR  -28.1  loss 788.8298  logE[BER] -788.830  P_det_soft 0.0000  (81s)
  step 3800  JSR  -29.6  loss 1087.7855  logE[BER] -1087.786  P_det_soft 0.0000  (81s)
  step 3825  JSR  -27.5  loss 618.2069  logE[BER] -618.207  P_det_soft 0.0000  (82s)
  step 3850  JSR  -19.9  loss 6.6742  logE[BER] -6.674  P_det_soft 0.0000  (82s)
  step 3875  JSR  -26.2  loss 379.4423  logE[BER] -379.442  P_det_soft 0.0000  (83s)
  step 3900  JSR  -13.3  loss 5.5626  logE[BER] -5.563  P_det_soft 0.0000  (83s)
  step 3925  JSR  -19.8  loss 6.8847  logE[BER] -6.885  P_det_soft 0.0000  (84s)
  step 3950  JSR  -20.4  loss 7.0201  logE[BER] -7.020  P_det_soft 0.0000  (84s)
  step 3975  JSR  -16.2  loss 5.9087  logE[BER] -5.909  P_det_soft 0.0000  (85s)
  step 3999  JSR  -10.0  loss 5.3324  logE[BER] -5.332  P_det_soft 0.0000  (85s)
wrote task0_G.pt, task0.json  (tag eff)
