node: tikgpu04.ee.ethz.ch | gpu: NVIDIA TITAN RTX
task 13 = {'target': 'spec_cnn', 'beta': 1.0}  (tag spec_cnn_b1, 32 frames/step, JSR band (-48.0, -16.0))
  target spec_cnn: threshold -3.17573, clean-frame std 0.940603 (soft_pdet width)
  step    0  JSR  -16.4  loss 2499.2380  logE[BER] -2498.239  P_det_soft 0.9992  (2s)
  step   25  JSR  -28.6  loss 2585.2458  logE[BER] -2584.583  P_det_soft 0.6632  (5s)
  step   50  JSR  -30.3  loss 2890.8318  logE[BER] -2890.407  P_det_soft 0.4253  (7s)
  step   75  JSR  -43.3  loss 3741.4380  logE[BER] -3741.248  P_det_soft 0.1901  (9s)
  step  100  JSR  -44.4  loss 3740.6735  logE[BER] -3740.534  P_det_soft 0.1399  (11s)
  step  125  JSR  -46.9  loss 3821.8316  logE[BER] -3821.647  P_det_soft 0.1849  (14s)
  step  150  JSR  -25.2  loss 2069.9847  logE[BER] -2069.049  P_det_soft 0.9357  (16s)
  step  175  JSR  -34.0  loss 3242.4594  logE[BER] -3242.212  P_det_soft 0.2470  (18s)
  step  200  JSR  -23.8  loss 1333.5582  logE[BER] -1332.594  P_det_soft 0.9637  (21s)
  step  225  JSR  -22.1  loss 1298.4134  logE[BER] -1297.427  P_det_soft 0.9865  (23s)
  step  250  JSR  -21.9  loss 915.3741  logE[BER] -914.387  P_det_soft 0.9871  (25s)
  step  275  JSR  -44.8  loss 3719.4113  logE[BER] -3719.227  P_det_soft 0.1838  (27s)
  step  300  JSR  -17.5  loss 290.9379  logE[BER] -289.940  P_det_soft 0.9981  (30s)
  step  325  JSR  -39.0  loss 3478.4029  logE[BER] -3478.211  P_det_soft 0.1918  (32s)
  step  350  JSR  -46.9  loss 3790.5185  logE[BER] -3790.306  P_det_soft 0.2128  (34s)
  step  375  JSR  -44.7  loss 3713.1127  logE[BER] -3712.911  P_det_soft 0.2022  (37s)
  step  400  JSR  -19.4  loss 887.3962  logE[BER] -886.398  P_det_soft 0.9981  (39s)
  step  425  JSR  -46.3  loss 3760.9775  logE[BER] -3760.740  P_det_soft 0.2378  (41s)
  step  450  JSR  -18.6  loss 223.7854  logE[BER] -222.787  P_det_soft 0.9983  (44s)
  step  475  JSR  -33.8  loss 2873.1253  logE[BER] -2872.819  P_det_soft 0.3060  (46s)
  step  500  JSR  -42.1  loss 3629.0219  logE[BER] -3628.902  P_det_soft 0.1202  (48s)
  step  525  JSR  -37.4  loss 3180.4738  logE[BER] -3180.317  P_det_soft 0.1566  (51s)
  step  550  JSR  -37.2  loss 3285.0176  logE[BER] -3284.851  P_det_soft 0.1669  (53s)
  step  575  JSR  -47.8  loss 3787.5143  logE[BER] -3787.391  P_det_soft 0.1233  (55s)
  step  600  JSR  -16.9  loss 8.7869  logE[BER] -7.789  P_det_soft 0.9981  (57s)
  step  625  JSR  -34.6  loss 2921.7354  logE[BER] -2921.486  P_det_soft 0.2497  (60s)
  step  650  JSR  -20.6  loss 210.8819  logE[BER] -209.890  P_det_soft 0.9923  (62s)
  step  675  JSR  -39.4  loss 3421.3831  logE[BER] -3421.184  P_det_soft 0.1993  (64s)
  step  700  JSR  -30.6  loss 2379.3913  logE[BER] -2379.052  P_det_soft 0.3391  (67s)
  step  725  JSR  -47.7  loss 3773.0935  logE[BER] -3772.916  P_det_soft 0.1777  (69s)
  step  750  JSR  -17.2  loss 8.9103  logE[BER] -7.912  P_det_soft 0.9980  (71s)
  step  775  JSR  -21.9  loss 260.2291  logE[BER] -259.255  P_det_soft 0.9742  (74s)
  step  800  JSR  -34.7  loss 2870.8464  logE[BER] -2870.545  P_det_soft 0.3016  (76s)
  step  825  JSR  -33.0  loss 2654.7574  logE[BER] -2654.539  P_det_soft 0.2187  (78s)
  step  850  JSR  -41.9  loss 3456.0306  logE[BER] -3455.877  P_det_soft 0.1531  (81s)
  step  875  JSR  -32.9  loss 2451.4376  logE[BER] -2451.119  P_det_soft 0.3189  (83s)
  step  900  JSR  -43.6  loss 3583.4595  logE[BER] -3583.295  P_det_soft 0.1649  (85s)
  step  925  JSR  -30.9  loss 2337.3780  logE[BER] -2336.949  P_det_soft 0.4290  (87s)
  step  950  JSR  -23.3  loss 621.4890  logE[BER] -620.536  P_det_soft 0.9532  (90s)
  step  975  JSR  -47.7  loss 3697.5262  logE[BER] -3697.357  P_det_soft 0.1696  (92s)
  step 1000  JSR  -31.9  loss 2269.0265  logE[BER] -2268.661  P_det_soft 0.3654  (94s)
  step 1025  JSR  -41.9  loss 3444.5869  logE[BER] -3444.410  P_det_soft 0.1772  (97s)
  step 1050  JSR  -23.6  loss 467.1756  logE[BER] -466.228  P_det_soft 0.9474  (99s)
  step 1075  JSR  -21.7  loss 151.1979  logE[BER] -150.226  P_det_soft 0.9716  (101s)
  step 1100  JSR  -19.8  loss 9.1425  logE[BER] -8.153  P_det_soft 0.9899  (104s)
  step 1125  JSR  -19.9  loss 18.9221  logE[BER] -17.927  P_det_soft 0.9953  (106s)
  step 1150  JSR  -42.1  loss 3350.6709  logE[BER] -3350.526  P_det_soft 0.1445  (108s)
  step 1175  JSR  -29.8  loss 1767.3212  logE[BER] -1766.988  P_det_soft 0.3335  (111s)
  step 1200  JSR  -29.4  loss 1424.1659  logE[BER] -1423.841  P_det_soft 0.3248  (113s)
  step 1225  JSR  -39.1  loss 3037.8776  logE[BER] -3037.725  P_det_soft 0.1529  (115s)
  step 1250  JSR  -42.4  loss 3363.2812  logE[BER] -3363.076  P_det_soft 0.2052  (118s)
  step 1275  JSR  -23.3  loss 184.9184  logE[BER] -184.074  P_det_soft 0.8443  (120s)
  step 1300  JSR  -30.0  loss 1375.1412  logE[BER] -1374.868  P_det_soft 0.2734  (122s)
  step 1325  JSR  -36.1  loss 2574.0314  logE[BER] -2573.845  P_det_soft 0.1861  (124s)
  step 1350  JSR  -24.4  loss 141.7341  logE[BER] -141.118  P_det_soft 0.6162  (127s)
  step 1375  JSR  -21.0  loss 7.8063  logE[BER] -6.856  P_det_soft 0.9499  (129s)
  step 1400  JSR  -32.1  loss 1862.6589  logE[BER] -1862.416  P_det_soft 0.2433  (131s)
  step 1425  JSR  -29.8  loss 1300.7542  logE[BER] -1300.449  P_det_soft 0.3050  (134s)
  step 1450  JSR  -22.1  loss 7.9990  logE[BER] -7.230  P_det_soft 0.7688  (136s)
  step 1475  JSR  -40.3  loss 3038.3880  logE[BER] -3038.251  P_det_soft 0.1373  (138s)
  step 1500  JSR  -27.3  loss 666.9477  logE[BER] -666.650  P_det_soft 0.2973  (141s)
  step 1525  JSR  -28.2  loss 927.7400  logE[BER] -927.434  P_det_soft 0.3060  (143s)
  step 1550  JSR  -26.0  loss 361.2186  logE[BER] -360.670  P_det_soft 0.5483  (145s)
  step 1575  JSR  -30.5  loss 1393.0172  logE[BER] -1392.793  P_det_soft 0.2246  (148s)
  step 1600  JSR  -39.3  loss 2875.8571  logE[BER] -2875.707  P_det_soft 0.1497  (150s)
  step 1625  JSR  -39.4  loss 2873.2969  logE[BER] -2873.159  P_det_soft 0.1377  (152s)
  step 1650  JSR  -16.3  loss 7.0521  logE[BER] -6.066  P_det_soft 0.9860  (155s)
  step 1675  JSR  -30.4  loss 1280.0158  logE[BER] -1279.701  P_det_soft 0.3151  (157s)
  step 1700  JSR  -21.5  loss 7.4559  logE[BER] -6.751  P_det_soft 0.7050  (159s)
  step 1725  JSR  -16.2  loss 6.9012  logE[BER] -5.920  P_det_soft 0.9813  (162s)
  step 1750  JSR  -18.6  loss 7.0923  logE[BER] -6.178  P_det_soft 0.9146  (164s)
  step 1775  JSR  -34.7  loss 2153.3453  logE[BER] -2153.195  P_det_soft 0.1502  (166s)
  step 1800  JSR  -41.7  loss 3084.5578  logE[BER] -3084.384  P_det_soft 0.1741  (169s)
  step 1825  JSR  -27.9  loss 711.6471  logE[BER] -711.348  P_det_soft 0.2989  (171s)
  step 1850  JSR  -38.4  loss 2754.9075  logE[BER] -2754.710  P_det_soft 0.1973  (173s)
  step 1875  JSR  -32.1  loss 1596.7604  logE[BER] -1596.536  P_det_soft 0.2240  (176s)
  step 1900  JSR  -35.7  loss 2297.1254  logE[BER] -2296.983  P_det_soft 0.1421  (178s)
  step 1925  JSR  -18.0  loss 6.8228  logE[BER] -5.885  P_det_soft 0.9378  (180s)
  step 1950  JSR  -37.2  loss 2521.6594  logE[BER] -2521.507  P_det_soft 0.1528  (182s)
  step 1975  JSR  -41.4  loss 3064.4398  logE[BER] -3064.282  P_det_soft 0.1581  (185s)
  step 2000  JSR  -21.4  loss 7.0557  logE[BER] -6.491  P_det_soft 0.5648  (187s)
  step 2025  JSR  -16.3  loss 6.5944  logE[BER] -5.644  P_det_soft 0.9508  (189s)
  step 2050  JSR  -47.6  loss 3523.0509  logE[BER] -3522.897  P_det_soft 0.1541  (192s)
  step 2075  JSR  -38.5  loss 2712.9529  logE[BER] -2712.763  P_det_soft 0.1895  (194s)
  step 2100  JSR  -32.2  loss 1560.6901  logE[BER] -1560.493  P_det_soft 0.1970  (196s)
  step 2125  JSR  -32.1  loss 1561.3143  logE[BER] -1561.098  P_det_soft 0.2158  (199s)
  step 2150  JSR  -39.9  loss 2902.2576  logE[BER] -2902.093  P_det_soft 0.1648  (201s)
  step 2175  JSR  -34.7  loss 2069.1168  logE[BER] -2068.970  P_det_soft 0.1470  (203s)
  step 2200  JSR  -47.4  loss 3522.0789  logE[BER] -3521.888  P_det_soft 0.1907  (206s)
  step 2225  JSR  -16.4  loss 6.8185  logE[BER] -5.875  P_det_soft 0.9431  (208s)
  step 2250  JSR  -26.4  loss 291.9014  logE[BER] -291.625  P_det_soft 0.2766  (210s)
  step 2275  JSR  -41.0  loss 3002.0418  logE[BER] -3001.846  P_det_soft 0.1962  (213s)
  step 2300  JSR  -22.9  loss 7.5693  logE[BER] -7.148  P_det_soft 0.4210  (215s)
  step 2325  JSR  -32.0  loss 1539.1930  logE[BER] -1539.008  P_det_soft 0.1854  (217s)
  step 2350  JSR  -18.9  loss 6.8571  logE[BER] -6.121  P_det_soft 0.7365  (220s)
  step 2375  JSR  -32.0  loss 1511.7408  logE[BER] -1511.533  P_det_soft 0.2074  (222s)
  step 2400  JSR  -18.4  loss 6.6992  logE[BER] -5.921  P_det_soft 0.7787  (224s)
  step 2425  JSR  -22.7  loss 7.2244  logE[BER] -6.754  P_det_soft 0.4702  (227s)
  step 2450  JSR  -16.9  loss 6.6626  logE[BER] -5.738  P_det_soft 0.9250  (229s)
  step 2475  JSR  -19.3  loss 6.6100  logE[BER] -5.920  P_det_soft 0.6900  (231s)
  step 2500  JSR  -25.0  loss 108.5284  logE[BER] -108.169  P_det_soft 0.3593  (234s)
  step 2525  JSR  -34.1  loss 1980.7003  logE[BER] -1980.514  P_det_soft 0.1866  (236s)
  step 2550  JSR  -41.1  loss 3033.4870  logE[BER] -3033.328  P_det_soft 0.1591  (238s)
  step 2575  JSR  -41.4  loss 3043.3789  logE[BER] -3043.180  P_det_soft 0.1992  (240s)
  step 2600  JSR  -42.8  loss 3175.6013  logE[BER] -3175.459  P_det_soft 0.1419  (243s)
  step 2625  JSR  -21.1  loss 7.0833  logE[BER] -6.519  P_det_soft 0.5641  (245s)
  step 2650  JSR  -40.9  loss 2966.7202  logE[BER] -2966.493  P_det_soft 0.2271  (247s)
  step 2675  JSR  -44.9  loss 3348.4860  logE[BER] -3348.304  P_det_soft 0.1819  (250s)
  step 2700  JSR  -35.3  loss 2221.4076  logE[BER] -2221.257  P_det_soft 0.1501  (252s)
  step 2725  JSR  -22.4  loss 6.9790  logE[BER] -6.613  P_det_soft 0.3659  (254s)
  step 2750  JSR  -20.6  loss 6.7358  logE[BER] -6.258  P_det_soft 0.4775  (257s)
  step 2775  JSR  -25.8  loss 201.6863  logE[BER] -201.374  P_det_soft 0.3120  (259s)
  step 2800  JSR  -28.6  loss 746.3317  logE[BER] -746.133  P_det_soft 0.1992  (261s)
  step 2825  JSR  -18.5  loss 6.5976  logE[BER] -5.833  P_det_soft 0.7647  (264s)
  step 2850  JSR  -20.0  loss 6.6562  logE[BER] -6.066  P_det_soft 0.5902  (266s)
  step 2875  JSR  -23.2  loss 7.4010  logE[BER] -7.064  P_det_soft 0.3365  (268s)
  step 2900  JSR  -25.7  loss 200.0338  logE[BER] -199.772  P_det_soft 0.2619  (271s)
  step 2925  JSR  -16.2  loss 6.6621  logE[BER] -5.801  P_det_soft 0.8608  (273s)
  step 2950  JSR  -16.6  loss 6.5512  logE[BER] -5.715  P_det_soft 0.8361  (275s)
  step 2975  JSR  -37.3  loss 2556.3253  logE[BER] -2556.174  P_det_soft 0.1512  (278s)
  step 3000  JSR  -19.3  loss 6.7174  logE[BER] -6.178  P_det_soft 0.5397  (280s)
  step 3025  JSR  -45.9  loss 3415.2812  logE[BER] -3415.156  P_det_soft 0.1255  (282s)
  step 3050  JSR  -23.5  loss 7.6652  logE[BER] -7.343  P_det_soft 0.3225  (285s)
  step 3075  JSR  -26.3  loss 243.3045  logE[BER] -243.050  P_det_soft 0.2546  (287s)
  step 3100  JSR  -43.7  loss 3240.7500  logE[BER] -3240.556  P_det_soft 0.1937  (289s)
  step 3125  JSR  -16.7  loss 6.8711  logE[BER] -6.018  P_det_soft 0.8528  (292s)
  step 3150  JSR  -39.4  loss 2814.7674  logE[BER] -2814.647  P_det_soft 0.1208  (294s)
  step 3175  JSR  -41.5  loss 3043.1401  logE[BER] -3042.990  P_det_soft 0.1504  (296s)
  step 3200  JSR  -22.8  loss 7.3589  logE[BER] -7.004  P_det_soft 0.3550  (299s)
  step 3225  JSR  -18.4  loss 6.6473  logE[BER] -6.121  P_det_soft 0.5268  (301s)
  step 3250  JSR  -18.4  loss 6.9617  logE[BER] -6.312  P_det_soft 0.6497  (303s)
  step 3275  JSR  -38.9  loss 2731.0962  logE[BER] -2730.929  P_det_soft 0.1670  (305s)
  step 3300  JSR  -47.3  loss 3501.7320  logE[BER] -3501.512  P_det_soft 0.2199  (308s)
  step 3325  JSR  -28.3  loss 693.3864  logE[BER] -693.203  P_det_soft 0.1839  (310s)
  step 3350  JSR  -36.0  loss 2281.5287  logE[BER] -2281.366  P_det_soft 0.1626  (312s)
  step 3375  JSR  -46.7  loss 3455.8289  logE[BER] -3455.613  P_det_soft 0.2156  (315s)
  step 3400  JSR  -26.0  loss 266.7528  logE[BER] -266.490  P_det_soft 0.2631  (317s)
  step 3425  JSR  -26.5  loss 335.7152  logE[BER] -335.484  P_det_soft 0.2313  (319s)
  step 3450  JSR  -40.3  loss 2912.6977  logE[BER] -2912.569  P_det_soft 0.1291  (322s)
  step 3475  JSR  -44.4  loss 3307.7369  logE[BER] -3307.590  P_det_soft 0.1471  (324s)
  step 3500  JSR  -33.0  loss 1727.6938  logE[BER] -1727.492  P_det_soft 0.2019  (326s)
  step 3525  JSR  -39.5  loss 2874.0749  logE[BER] -2873.938  P_det_soft 0.1367  (329s)
  step 3550  JSR  -31.0  loss 1288.5710  logE[BER] -1288.382  P_det_soft 0.1891  (331s)
  step 3575  JSR  -41.4  loss 3039.4748  logE[BER] -3039.266  P_det_soft 0.2089  (333s)
  step 3600  JSR  -19.0  loss 6.6491  logE[BER] -6.067  P_det_soft 0.5826  (336s)
  step 3625  JSR  -46.9  loss 3478.2387  logE[BER] -3478.041  P_det_soft 0.1977  (338s)
  step 3650  JSR  -20.3  loss 6.7976  logE[BER] -6.249  P_det_soft 0.5484  (340s)
  step 3675  JSR  -29.6  loss 958.6865  logE[BER] -958.514  P_det_soft 0.1723  (343s)
  step 3700  JSR  -22.2  loss 7.0684  logE[BER] -6.724  P_det_soft 0.3449  (345s)
  step 3725  JSR  -26.5  loss 282.2232  logE[BER] -282.010  P_det_soft 0.2134  (347s)
  step 3750  JSR  -25.9  loss 186.2418  logE[BER] -186.073  P_det_soft 0.1688  (350s)
  step 3775  JSR  -28.8  loss 776.9054  logE[BER] -776.713  P_det_soft 0.1921  (352s)
  step 3800  JSR  -21.0  loss 7.0275  logE[BER] -6.525  P_det_soft 0.5023  (354s)
  step 3825  JSR  -46.5  loss 3453.7734  logE[BER] -3453.573  P_det_soft 0.1999  (357s)
  step 3850  JSR  -40.5  loss 2928.6047  logE[BER] -2928.450  P_det_soft 0.1548  (359s)
  step 3875  JSR  -44.4  loss 3312.4247  logE[BER] -3312.237  P_det_soft 0.1875  (361s)
  step 3900  JSR  -16.5  loss 6.5768  logE[BER] -5.792  P_det_soft 0.7848  (364s)
  step 3925  JSR  -41.1  loss 3009.3736  logE[BER] -3009.215  P_det_soft 0.1585  (366s)
  step 3950  JSR  -39.7  loss 2814.1019  logE[BER] -2813.954  P_det_soft 0.1477  (368s)
  step 3975  JSR  -25.5  loss 145.5099  logE[BER] -145.313  P_det_soft 0.1969  (371s)
  step 3999  JSR  -39.1  loss 2751.0606  logE[BER] -2750.873  P_det_soft 0.1878  (373s)
wrote task13_G.pt, task13.json  (tag spec_cnn_b1)
