node: artongpu06.ee.ethz.ch | gpu: NVIDIA GeForce RTX 2080 Ti
task 14 = {'target': 'spec_cnn', 'beta': 10.0}  (tag spec_cnn_b10, 32 frames/step, JSR band (-48.0, -16.0))
  target spec_cnn: threshold -3.17573, clean-frame std 0.982227 (soft_pdet width)
  step    0  JSR  -25.0  loss 3089.8741  logE[BER] -3081.169  P_det_soft 0.8705  (1s)
  step   25  JSR  -27.2  loss 2120.8846  logE[BER] -2116.546  P_det_soft 0.4339  (3s)
  step   50  JSR  -21.0  loss 209.0416  logE[BER] -200.319  P_det_soft 0.8722  (6s)
  step   75  JSR  -46.1  loss 3594.4802  logE[BER] -3592.672  P_det_soft 0.1808  (8s)
  step  100  JSR  -36.9  loss 2724.2979  logE[BER] -2721.820  P_det_soft 0.2478  (11s)
  step  125  JSR  -43.8  loss 3413.7038  logE[BER] -3412.029  P_det_soft 0.1675  (13s)
  step  150  JSR  -44.3  loss 3506.9549  logE[BER] -3504.770  P_det_soft 0.2185  (16s)
  step  175  JSR  -22.8  loss 137.2310  logE[BER] -130.479  P_det_soft 0.6752  (19s)
  step  200  JSR  -39.5  loss 3110.5558  logE[BER] -3108.983  P_det_soft 0.1572  (21s)
  step  225  JSR  -40.2  loss 3115.6858  logE[BER] -3113.944  P_det_soft 0.1742  (24s)
  step  250  JSR  -26.6  loss 838.0896  logE[BER] -832.952  P_det_soft 0.5138  (26s)
  step  275  JSR  -22.0  loss 57.6327  logE[BER] -50.185  P_det_soft 0.7448  (29s)
  step  300  JSR  -45.7  loss 3504.7198  logE[BER] -3503.472  P_det_soft 0.1248  (31s)
  step  325  JSR  -45.2  loss 3478.4646  logE[BER] -3476.404  P_det_soft 0.2061  (34s)
  step  350  JSR  -22.6  loss 32.2829  logE[BER] -25.372  P_det_soft 0.6911  (37s)
  step  375  JSR  -34.3  loss 2396.1547  logE[BER] -2393.745  P_det_soft 0.2410  (39s)
  step  399  JSR  -41.9  loss 3273.6151  logE[BER] -3271.690  P_det_soft 0.1925  (42s)
wrote task14_G.pt, task14.json  (tag spec_cnn_b10)
