node: artongpu01.ee.ethz.ch | gpu: NVIDIA GeForce RTX 2080 Ti
task 1 = {'target': 'power_one_sided', 'beta': 1.0}  (tag power_one_sided_b1, 128 frames/step, JSR band (-32.0, 0.0))
  target power_one_sided: threshold 0.100354, clean-frame std 0.000141124 (soft_pdet width)
  learned power: cap +0.0 dB, start -40.0 dB, gain lr 0.01, damage per
  step    0  JSR  -38.1  loss 3896.3109  logE[PER] -3896.083  P_det_soft 0.2279  (1s)
  step   25  JSR  -31.7  loss 3463.9582  logE[PER] -3463.681  P_det_soft 0.2772  (2s)
  step   50  JSR  -28.7  loss 3299.1785  logE[PER] -3298.758  P_det_soft 0.4201  (2s)
  step   75  JSR  -25.5  loss 3001.1700  logE[PER] -3000.575  P_det_soft 0.5954  (3s)
  step  100  JSR  -21.8  loss 2570.4825  logE[PER] -2569.752  P_det_soft 0.7309  (4s)
  step  125  JSR  -17.9  loss 1977.6045  logE[PER] -1976.686  P_det_soft 0.9186  (4s)
  step  150  JSR  -14.2  loss 1182.1608  logE[PER] -1181.183  P_det_soft 0.9779  (5s)
  step  175  JSR  -10.8  loss 430.1188  logE[PER] -429.119  P_det_soft 1.0000  (6s)
  step  200  JSR   -8.6  loss 82.9593  logE[PER] -81.959  P_det_soft 1.0000  (6s)
  step  225  JSR   +nan  loss nan  logE[PER] nan  P_det_soft nan  (7s)
  step  250  JSR   +nan  loss nan  logE[PER] nan  P_det_soft nan  (8s)
  step  275  JSR   +nan  loss nan  logE[PER] nan  P_det_soft nan  (8s)
  step  300  JSR   +nan  loss nan  logE[PER] nan  P_det_soft nan  (9s)
  step  325  JSR   +nan  loss nan  logE[PER] nan  P_det_soft nan  (10s)
  step  350  JSR   +nan  loss nan  logE[PER] nan  P_det_soft nan  (10s)
  step  375  JSR   +nan  loss nan  logE[PER] nan  P_det_soft nan  (11s)
  step  400  JSR   +nan  loss nan  logE[PER] nan  P_det_soft nan  (12s)
  step  425  JSR   +nan  loss nan  logE[PER] nan  P_det_soft nan  (12s)
  step  450  JSR   +nan  loss nan  logE[PER] nan  P_det_soft nan  (13s)
  step  475  JSR   +nan  loss nan  logE[PER] nan  P_det_soft nan  (14s)
  step  500  JSR   +nan  loss nan  logE[PER] nan  P_det_soft nan  (15s)
  step  525  JSR   +nan  loss nan  logE[PER] nan  P_det_soft nan  (15s)
  step  550  JSR   +nan  loss nan  logE[PER] nan  P_det_soft nan  (16s)
  step  575  JSR   +nan  loss nan  logE[PER] nan  P_det_soft nan  (17s)
  step  600  JSR   +nan  loss nan  logE[PER] nan  P_det_soft nan  (17s)
  step  625  JSR   +nan  loss nan  logE[PER] nan  P_det_soft nan  (18s)
  step  650  JSR   +nan  loss nan  logE[PER] nan  P_det_soft nan  (19s)
  step  675  JSR   +nan  loss nan  logE[PER] nan  P_det_soft nan  (19s)
  step  700  JSR   +nan  loss nan  logE[PER] nan  P_det_soft nan  (20s)
  step  725  JSR   +nan  loss nan  logE[PER] nan  P_det_soft nan  (21s)
  step  750  JSR   +nan  loss nan  logE[PER] nan  P_det_soft nan  (21s)
  step  775  JSR   +nan  loss nan  logE[PER] nan  P_det_soft nan  (22s)
  step  800  JSR   +nan  loss nan  logE[PER] nan  P_det_soft nan  (23s)
  step  825  JSR   +nan  loss nan  logE[PER] nan  P_det_soft nan  (24s)
  step  850  JSR   +nan  loss nan  logE[PER] nan  P_det_soft nan  (24s)
  step  875  JSR   +nan  loss nan  logE[PER] nan  P_det_soft nan  (25s)
  step  900  JSR   +nan  loss nan  logE[PER] nan  P_det_soft nan  (26s)
  step  925  JSR   +nan  loss nan  logE[PER] nan  P_det_soft nan  (26s)
  step  950  JSR   +nan  loss nan  logE[PER] nan  P_det_soft nan  (27s)
  step  975  JSR   +nan  loss nan  logE[PER] nan  P_det_soft nan  (28s)
  step 1000  JSR   +nan  loss nan  logE[PER] nan  P_det_soft nan  (28s)
  step 1025  JSR   +nan  loss nan  logE[PER] nan  P_det_soft nan  (29s)
  step 1050  JSR   +nan  loss nan  logE[PER] nan  P_det_soft nan  (30s)
  step 1075  JSR   +nan  loss nan  logE[PER] nan  P_det_soft nan  (30s)
  step 1100  JSR   +nan  loss nan  logE[PER] nan  P_det_soft nan  (31s)
  step 1125  JSR   +nan  loss nan  logE[PER] nan  P_det_soft nan  (32s)
  step 1150  JSR   +nan  loss nan  logE[PER] nan  P_det_soft nan  (33s)
  step 1175  JSR   +nan  loss nan  logE[PER] nan  P_det_soft nan  (33s)
  step 1200  JSR   +nan  loss nan  logE[PER] nan  P_det_soft nan  (34s)
  step 1225  JSR   +nan  loss nan  logE[PER] nan  P_det_soft nan  (35s)
  step 1250  JSR   +nan  loss nan  logE[PER] nan  P_det_soft nan  (35s)
  step 1275  JSR   +nan  loss nan  logE[PER] nan  P_det_soft nan  (36s)
  step 1300  JSR   +nan  loss nan  logE[PER] nan  P_det_soft nan  (37s)
  step 1325  JSR   +nan  loss nan  logE[PER] nan  P_det_soft nan  (37s)
  step 1350  JSR   +nan  loss nan  logE[PER] nan  P_det_soft nan  (38s)
  step 1375  JSR   +nan  loss nan  logE[PER] nan  P_det_soft nan  (39s)
  step 1400  JSR   +nan  loss nan  logE[PER] nan  P_det_soft nan  (40s)
  step 1425  JSR   +nan  loss nan  logE[PER] nan  P_det_soft nan  (40s)
  step 1450  JSR   +nan  loss nan  logE[PER] nan  P_det_soft nan  (41s)
  step 1475  JSR   +nan  loss nan  logE[PER] nan  P_det_soft nan  (42s)
  step 1500  JSR   +nan  loss nan  logE[PER] nan  P_det_soft nan  (42s)
  step 1525  JSR   +nan  loss nan  logE[PER] nan  P_det_soft nan  (43s)
  step 1550  JSR   +nan  loss nan  logE[PER] nan  P_det_soft nan  (44s)
  step 1575  JSR   +nan  loss nan  logE[PER] nan  P_det_soft nan  (45s)
  step 1600  JSR   +nan  loss nan  logE[PER] nan  P_det_soft nan  (45s)
  step 1625  JSR   +nan  loss nan  logE[PER] nan  P_det_soft nan  (46s)
  step 1650  JSR   +nan  loss nan  logE[PER] nan  P_det_soft nan  (47s)
  step 1675  JSR   +nan  loss nan  logE[PER] nan  P_det_soft nan  (47s)
  step 1700  JSR   +nan  loss nan  logE[PER] nan  P_det_soft nan  (48s)
  step 1725  JSR   +nan  loss nan  logE[PER] nan  P_det_soft nan  (49s)
  step 1750  JSR   +nan  loss nan  logE[PER] nan  P_det_soft nan  (49s)
  step 1775  JSR   +nan  loss nan  logE[PER] nan  P_det_soft nan  (50s)
  step 1800  JSR   +nan  loss nan  logE[PER] nan  P_det_soft nan  (51s)
  step 1825  JSR   +nan  loss nan  logE[PER] nan  P_det_soft nan  (51s)
  step 1850  JSR   +nan  loss nan  logE[PER] nan  P_det_soft nan  (52s)
  step 1875  JSR   +nan  loss nan  logE[PER] nan  P_det_soft nan  (53s)
  step 1900  JSR   +nan  loss nan  logE[PER] nan  P_det_soft nan  (54s)
  step 1925  JSR   +nan  loss nan  logE[PER] nan  P_det_soft nan  (54s)
  step 1950  JSR   +nan  loss nan  logE[PER] nan  P_det_soft nan  (55s)
  step 1975  JSR   +nan  loss nan  logE[PER] nan  P_det_soft nan  (56s)
  step 2000  JSR   +nan  loss nan  logE[PER] nan  P_det_soft nan  (56s)
  step 2025  JSR   +nan  loss nan  logE[PER] nan  P_det_soft nan  (57s)
  step 2050  JSR   +nan  loss nan  logE[PER] nan  P_det_soft nan  (58s)
  step 2075  JSR   +nan  loss nan  logE[PER] nan  P_det_soft nan  (58s)
  step 2100  JSR   +nan  loss nan  logE[PER] nan  P_det_soft nan  (59s)
  step 2125  JSR   +nan  loss nan  logE[PER] nan  P_det_soft nan  (60s)
  step 2150  JSR   +nan  loss nan  logE[PER] nan  P_det_soft nan  (60s)
  step 2175  JSR   +nan  loss nan  logE[PER] nan  P_det_soft nan  (61s)
  step 2200  JSR   +nan  loss nan  logE[PER] nan  P_det_soft nan  (62s)
  step 2225  JSR   +nan  loss nan  logE[PER] nan  P_det_soft nan  (62s)
  step 2250  JSR   +nan  loss nan  logE[PER] nan  P_det_soft nan  (63s)
  step 2275  JSR   +nan  loss nan  logE[PER] nan  P_det_soft nan  (64s)
  step 2300  JSR   +nan  loss nan  logE[PER] nan  P_det_soft nan  (64s)
  step 2325  JSR   +nan  loss nan  logE[PER] nan  P_det_soft nan  (65s)
  step 2350  JSR   +nan  loss nan  logE[PER] nan  P_det_soft nan  (66s)
  step 2375  JSR   +nan  loss nan  logE[PER] nan  P_det_soft nan  (66s)
  step 2400  JSR   +nan  loss nan  logE[PER] nan  P_det_soft nan  (67s)
  step 2425  JSR   +nan  loss nan  logE[PER] nan  P_det_soft nan  (68s)
  step 2450  JSR   +nan  loss nan  logE[PER] nan  P_det_soft nan  (68s)
  step 2475  JSR   +nan  loss nan  logE[PER] nan  P_det_soft nan  (69s)
  step 2500  JSR   +nan  loss nan  logE[PER] nan  P_det_soft nan  (70s)
  step 2525  JSR   +nan  loss nan  logE[PER] nan  P_det_soft nan  (70s)
  step 2550  JSR   +nan  loss nan  logE[PER] nan  P_det_soft nan  (71s)
  step 2575  JSR   +nan  loss nan  logE[PER] nan  P_det_soft nan  (72s)
  step 2600  JSR   +nan  loss nan  logE[PER] nan  P_det_soft nan  (72s)
  step 2625  JSR   +nan  loss nan  logE[PER] nan  P_det_soft nan  (73s)
  step 2650  JSR   +nan  loss nan  logE[PER] nan  P_det_soft nan  (74s)
  step 2675  JSR   +nan  loss nan  logE[PER] nan  P_det_soft nan  (75s)
  step 2700  JSR   +nan  loss nan  logE[PER] nan  P_det_soft nan  (75s)
  step 2725  JSR   +nan  loss nan  logE[PER] nan  P_det_soft nan  (76s)
  step 2750  JSR   +nan  loss nan  logE[PER] nan  P_det_soft nan  (77s)
  step 2775  JSR   +nan  loss nan  logE[PER] nan  P_det_soft nan  (77s)
  step 2800  JSR   +nan  loss nan  logE[PER] nan  P_det_soft nan  (78s)
  step 2825  JSR   +nan  loss nan  logE[PER] nan  P_det_soft nan  (79s)
  step 2850  JSR   +nan  loss nan  logE[PER] nan  P_det_soft nan  (79s)
  step 2875  JSR   +nan  loss nan  logE[PER] nan  P_det_soft nan  (80s)
  step 2900  JSR   +nan  loss nan  logE[PER] nan  P_det_soft nan  (81s)
  step 2925  JSR   +nan  loss nan  logE[PER] nan  P_det_soft nan  (81s)
  step 2950  JSR   +nan  loss nan  logE[PER] nan  P_det_soft nan  (82s)
  step 2975  JSR   +nan  loss nan  logE[PER] nan  P_det_soft nan  (83s)
  step 3000  JSR   +nan  loss nan  logE[PER] nan  P_det_soft nan  (83s)
  step 3025  JSR   +nan  loss nan  logE[PER] nan  P_det_soft nan  (84s)
  step 3050  JSR   +nan  loss nan  logE[PER] nan  P_det_soft nan  (85s)
  step 3075  JSR   +nan  loss nan  logE[PER] nan  P_det_soft nan  (85s)
  step 3100  JSR   +nan  loss nan  logE[PER] nan  P_det_soft nan  (86s)
  step 3125  JSR   +nan  loss nan  logE[PER] nan  P_det_soft nan  (87s)
  step 3150  JSR   +nan  loss nan  logE[PER] nan  P_det_soft nan  (87s)
  step 3175  JSR   +nan  loss nan  logE[PER] nan  P_det_soft nan  (88s)
  step 3200  JSR   +nan  loss nan  logE[PER] nan  P_det_soft nan  (89s)
  step 3225  JSR   +nan  loss nan  logE[PER] nan  P_det_soft nan  (89s)
  step 3250  JSR   +nan  loss nan  logE[PER] nan  P_det_soft nan  (90s)
  step 3275  JSR   +nan  loss nan  logE[PER] nan  P_det_soft nan  (90s)
  step 3300  JSR   +nan  loss nan  logE[PER] nan  P_det_soft nan  (91s)
  step 3325  JSR   +nan  loss nan  logE[PER] nan  P_det_soft nan  (92s)
  step 3350  JSR   +nan  loss nan  logE[PER] nan  P_det_soft nan  (92s)
  step 3375  JSR   +nan  loss nan  logE[PER] nan  P_det_soft nan  (93s)
  step 3400  JSR   +nan  loss nan  logE[PER] nan  P_det_soft nan  (94s)
  step 3425  JSR   +nan  loss nan  logE[PER] nan  P_det_soft nan  (94s)
  step 3450  JSR   +nan  loss nan  logE[PER] nan  P_det_soft nan  (95s)
  step 3475  JSR   +nan  loss nan  logE[PER] nan  P_det_soft nan  (96s)
  step 3500  JSR   +nan  loss nan  logE[PER] nan  P_det_soft nan  (96s)
  step 3525  JSR   +nan  loss nan  logE[PER] nan  P_det_soft nan  (97s)
  step 3550  JSR   +nan  loss nan  logE[PER] nan  P_det_soft nan  (98s)
  step 3575  JSR   +nan  loss nan  logE[PER] nan  P_det_soft nan  (98s)
  step 3600  JSR   +nan  loss nan  logE[PER] nan  P_det_soft nan  (99s)
  step 3625  JSR   +nan  loss nan  logE[PER] nan  P_det_soft nan  (100s)
  step 3650  JSR   +nan  loss nan  logE[PER] nan  P_det_soft nan  (100s)
  step 3675  JSR   +nan  loss nan  logE[PER] nan  P_det_soft nan  (101s)
  step 3700  JSR   +nan  loss nan  logE[PER] nan  P_det_soft nan  (102s)
  step 3725  JSR   +nan  loss nan  logE[PER] nan  P_det_soft nan  (102s)
  step 3750  JSR   +nan  loss nan  logE[PER] nan  P_det_soft nan  (103s)
  step 3775  JSR   +nan  loss nan  logE[PER] nan  P_det_soft nan  (104s)
  step 3800  JSR   +nan  loss nan  logE[PER] nan  P_det_soft nan  (104s)
  step 3825  JSR   +nan  loss nan  logE[PER] nan  P_det_soft nan  (105s)
  step 3850  JSR   +nan  loss nan  logE[PER] nan  P_det_soft nan  (106s)
  step 3875  JSR   +nan  loss nan  logE[PER] nan  P_det_soft nan  (106s)
  step 3900  JSR   +nan  loss nan  logE[PER] nan  P_det_soft nan  (107s)
  step 3925  JSR   +nan  loss nan  logE[PER] nan  P_det_soft nan  (108s)
  step 3950  JSR   +nan  loss nan  logE[PER] nan  P_det_soft nan  (108s)
  step 3975  JSR   +nan  loss nan  logE[PER] nan  P_det_soft nan  (109s)
  step 3999  JSR   +nan  loss nan  logE[PER] nan  P_det_soft nan  (110s)
wrote task1_G.pt, task1.json  (tag power_one_sided_b1)
