node: tikgpu04.ee.ethz.ch | gpu: NVIDIA TITAN RTX
task 1 = {'target': 'power_one_sided', 'beta': 1.0}  (tag power_one_sided_b1, 128 frames/step, JSR band (-32.0, 0.0))
  target power_one_sided: threshold 0.100354, clean-frame std 0.000139964 (soft_pdet width)
  step    0  JSR  -10.3  loss 276.0861  logE[BER] -275.086  P_det_soft 1.0000  (1s)
  step   25  JSR   -5.1  loss 5.1237  logE[BER] -4.124  P_det_soft 1.0000  (1s)
  step   50  JSR  -29.5  loss 1939.1268  logE[BER] -1938.676  P_det_soft 0.4505  (2s)
  step   75  JSR   -7.0  loss 5.7509  logE[BER] -4.751  P_det_soft 1.0000  (3s)
  step  100  JSR  -11.3  loss 6.6133  logE[BER] -5.613  P_det_soft 1.0000  (3s)
  step  125  JSR  -31.3  loss 1900.9388  logE[BER] -1900.554  P_det_soft 0.3845  (4s)
  step  150  JSR  -19.4  loss 8.5960  logE[BER] -7.705  P_det_soft 0.8909  (4s)
  step  175  JSR   -8.5  loss 6.5080  logE[BER] -5.508  P_det_soft 1.0000  (5s)
  step  200  JSR  -24.0  loss 193.3961  logE[BER] -192.687  P_det_soft 0.7089  (6s)
  step  225  JSR   -6.0  loss 5.7632  logE[BER] -4.763  P_det_soft 1.0000  (6s)
  step  250  JSR  -31.1  loss 1848.7418  logE[BER] -1848.302  P_det_soft 0.4403  (7s)
  step  275  JSR  -24.0  loss 184.4379  logE[BER] -183.714  P_det_soft 0.7239  (7s)
  step  300  JSR  -17.1  loss 7.5238  logE[BER] -6.574  P_det_soft 0.9498  (8s)
  step  325  JSR  -20.3  loss 9.7851  logE[BER] -8.909  P_det_soft 0.8759  (9s)
  step  350  JSR  -29.7  loss 1679.5348  logE[BER] -1679.141  P_det_soft 0.3938  (9s)
  step  375  JSR  -13.2  loss 6.9388  logE[BER] -5.939  P_det_soft 1.0000  (10s)
  step  400  JSR  -24.8  loss 374.6172  logE[BER] -374.016  P_det_soft 0.6016  (10s)
  step  425  JSR   -9.7  loss 6.4155  logE[BER] -5.415  P_det_soft 1.0000  (11s)
  step  450  JSR   -1.5  loss 4.1839  logE[BER] -3.184  P_det_soft 1.0000  (12s)
  step  475  JSR  -26.7  loss 729.0542  logE[BER] -728.465  P_det_soft 0.5894  (12s)
  step  500  JSR   -9.9  loss 6.4850  logE[BER] -5.485  P_det_soft 1.0000  (13s)
  step  525  JSR  -15.5  loss 7.0908  logE[BER] -6.103  P_det_soft 0.9875  (13s)
  step  550  JSR   -2.7  loss 4.6904  logE[BER] -3.690  P_det_soft 1.0000  (14s)
  step  575  JSR  -12.3  loss 6.7373  logE[BER] -5.737  P_det_soft 1.0000  (14s)
  step  600  JSR  -10.8  loss 6.6625  logE[BER] -5.663  P_det_soft 1.0000  (15s)
  step  625  JSR  -22.2  loss 16.3471  logE[BER] -15.554  P_det_soft 0.7931  (16s)
  step  650  JSR  -16.6  loss 7.3013  logE[BER] -6.320  P_det_soft 0.9815  (16s)
  step  675  JSR   -6.7  loss 5.9728  logE[BER] -4.973  P_det_soft 1.0000  (17s)
  step  700  JSR   -3.2  loss 4.9031  logE[BER] -3.903  P_det_soft 1.0000  (17s)
  step  725  JSR   -8.2  loss 6.1556  logE[BER] -5.156  P_det_soft 1.0000  (18s)
  step  750  JSR  -26.9  loss 612.9562  logE[BER] -612.418  P_det_soft 0.5384  (19s)
  step  775  JSR  -10.6  loss 6.5576  logE[BER] -5.558  P_det_soft 1.0000  (19s)
  step  800  JSR   -0.8  loss 3.9234  logE[BER] -2.923  P_det_soft 1.0000  (20s)
  step  825  JSR  -14.3  loss 6.8757  logE[BER] -5.890  P_det_soft 0.9854  (20s)
  step  850  JSR  -28.7  loss 1143.7475  logE[BER] -1143.220  P_det_soft 0.5276  (21s)
  step  875  JSR   -9.5  loss 6.3615  logE[BER] -5.362  P_det_soft 1.0000  (22s)
  step  900  JSR   -6.7  loss 6.0776  logE[BER] -5.078  P_det_soft 1.0000  (22s)
  step  925  JSR  -28.1  loss 831.5948  logE[BER] -831.139  P_det_soft 0.4554  (23s)
  step  950  JSR  -10.2  loss 6.4701  logE[BER] -5.470  P_det_soft 1.0000  (23s)
  step  975  JSR  -19.4  loss 7.9012  logE[BER] -7.028  P_det_soft 0.8732  (24s)
  step 1000  JSR   -8.0  loss 6.1915  logE[BER] -5.192  P_det_soft 1.0000  (24s)
  step 1025  JSR  -22.8  loss 49.6641  logE[BER] -48.920  P_det_soft 0.7438  (25s)
  step 1050  JSR  -14.0  loss 6.8028  logE[BER] -5.803  P_det_soft 0.9999  (26s)
  step 1075  JSR  -22.0  loss 10.1066  logE[BER] -9.337  P_det_soft 0.7692  (26s)
  step 1100  JSR   -8.9  loss 6.2890  logE[BER] -5.289  P_det_soft 1.0000  (27s)
  step 1125  JSR   -0.4  loss 4.1945  logE[BER] -3.195  P_det_soft 1.0000  (27s)
  step 1150  JSR   -7.6  loss 6.1467  logE[BER] -5.147  P_det_soft 1.0000  (28s)
  step 1175  JSR  -27.4  loss 658.4211  logE[BER] -657.902  P_det_soft 0.5194  (29s)
  step 1200  JSR  -30.9  loss 1460.6742  logE[BER] -1460.236  P_det_soft 0.4382  (29s)
  step 1225  JSR  -10.3  loss 6.4575  logE[BER] -5.458  P_det_soft 1.0000  (30s)
  step 1250  JSR  -20.7  loss 8.2291  logE[BER] -7.380  P_det_soft 0.8494  (30s)
  step 1275  JSR  -30.2  loss 1304.1641  logE[BER] -1303.695  P_det_soft 0.4695  (31s)
  step 1300  JSR   -6.6  loss 6.1771  logE[BER] -5.177  P_det_soft 1.0000  (32s)
  step 1325  JSR   -1.8  loss 4.5523  logE[BER] -3.552  P_det_soft 1.0000  (32s)
  step 1350  JSR   -7.4  loss 6.1333  logE[BER] -5.133  P_det_soft 1.0000  (33s)
  step 1375  JSR  -12.9  loss 6.8401  logE[BER] -5.840  P_det_soft 1.0000  (33s)
  step 1400  JSR  -18.6  loss 7.7115  logE[BER] -6.759  P_det_soft 0.9524  (34s)
  step 1425  JSR  -23.8  loss 44.5033  logE[BER] -43.834  P_det_soft 0.6694  (34s)
  step 1450  JSR   -2.6  loss 5.0437  logE[BER] -4.044  P_det_soft 1.0000  (35s)
  step 1475  JSR  -30.9  loss 1587.9228  logE[BER] -1587.490  P_det_soft 0.4326  (36s)
  step 1500  JSR   -9.0  loss 6.3273  logE[BER] -5.327  P_det_soft 1.0000  (36s)
  step 1525  JSR  -19.9  loss 7.9105  logE[BER] -7.033  P_det_soft 0.8774  (37s)
  step 1550  JSR  -22.1  loss 11.0359  logE[BER] -10.218  P_det_soft 0.8174  (37s)
  step 1575  JSR  -11.9  loss 6.7831  logE[BER] -5.784  P_det_soft 0.9989  (38s)
  step 1600  JSR   -7.7  loss 6.2019  logE[BER] -5.202  P_det_soft 1.0000  (39s)
  step 1625  JSR  -31.2  loss 1501.9492  logE[BER] -1501.542  P_det_soft 0.4073  (39s)
  step 1650  JSR   -5.5  loss 5.8410  logE[BER] -4.841  P_det_soft 1.0000  (40s)
  step 1675  JSR   -3.4  loss 5.2631  logE[BER] -4.263  P_det_soft 1.0000  (40s)
  step 1700  JSR  -10.9  loss 6.4248  logE[BER] -5.425  P_det_soft 1.0000  (41s)
  step 1725  JSR  -16.3  loss 6.8081  logE[BER] -5.824  P_det_soft 0.9841  (42s)
  step 1750  JSR   -8.1  loss 6.2347  logE[BER] -5.235  P_det_soft 1.0000  (42s)
  step 1775  JSR  -17.3  loss 7.1090  logE[BER] -6.136  P_det_soft 0.9732  (43s)
  step 1800  JSR   -9.1  loss 6.5144  logE[BER] -5.514  P_det_soft 1.0000  (43s)
  step 1825  JSR   -6.0  loss 5.9061  logE[BER] -4.906  P_det_soft 1.0000  (44s)
  step 1850  JSR  -15.3  loss 6.8772  logE[BER] -5.878  P_det_soft 0.9989  (44s)
  step 1875  JSR  -31.8  loss 1643.4728  logE[BER] -1643.131  P_det_soft 0.3416  (45s)
  step 1900  JSR  -14.0  loss 6.7077  logE[BER] -5.708  P_det_soft 1.0000  (46s)
  step 1925  JSR  -22.0  loss 9.5128  logE[BER] -8.694  P_det_soft 0.8192  (46s)
  step 1950  JSR   -4.0  loss 5.5432  logE[BER] -4.543  P_det_soft 1.0000  (47s)
  step 1975  JSR  -24.2  loss 86.3294  logE[BER] -85.654  P_det_soft 0.6755  (47s)
  step 2000  JSR   -2.4  loss 4.9449  logE[BER] -3.945  P_det_soft 1.0000  (48s)
  step 2025  JSR  -13.3  loss 6.7127  logE[BER] -5.713  P_det_soft 1.0000  (49s)
  step 2050  JSR   -9.2  loss 6.4052  logE[BER] -5.405  P_det_soft 1.0000  (49s)
  step 2075  JSR  -29.2  loss 1037.7587  logE[BER] -1037.269  P_det_soft 0.4895  (50s)
  step 2100  JSR  -26.2  loss 424.7697  logE[BER] -424.138  P_det_soft 0.6315  (50s)
  step 2125  JSR  -14.0  loss 6.7338  logE[BER] -5.734  P_det_soft 1.0000  (51s)
  step 2150  JSR  -24.9  loss 256.9739  logE[BER] -256.355  P_det_soft 0.6186  (52s)
  step 2175  JSR   -4.5  loss 5.6261  logE[BER] -4.626  P_det_soft 1.0000  (52s)
  step 2200  JSR   -8.3  loss 6.2718  logE[BER] -5.272  P_det_soft 1.0000  (53s)
  step 2225  JSR   -4.4  loss 5.6954  logE[BER] -4.695  P_det_soft 1.0000  (53s)
  step 2250  JSR  -13.0  loss 6.4952  logE[BER] -5.495  P_det_soft 1.0000  (54s)
  step 2275  JSR  -28.8  loss 966.9011  logE[BER] -966.381  P_det_soft 0.5197  (54s)
  step 2300  JSR  -12.5  loss 6.6405  logE[BER] -5.641  P_det_soft 1.0000  (55s)
  step 2325  JSR   -0.8  loss 4.4731  logE[BER] -3.473  P_det_soft 1.0000  (56s)
  step 2350  JSR   -5.9  loss 5.9413  logE[BER] -4.941  P_det_soft 1.0000  (56s)
  step 2375  JSR   -5.3  loss 5.8321  logE[BER] -4.832  P_det_soft 1.0000  (57s)
  step 2400  JSR   -0.4  loss 4.3328  logE[BER] -3.333  P_det_soft 1.0000  (57s)
  step 2425  JSR   -5.5  loss 5.8515  logE[BER] -4.851  P_det_soft 1.0000  (58s)
  step 2450  JSR  -23.0  loss 12.3836  logE[BER] -11.633  P_det_soft 0.7505  (59s)
  step 2475  JSR  -10.3  loss 6.3719  logE[BER] -5.372  P_det_soft 1.0000  (59s)
  step 2500  JSR   -0.3  loss 4.4679  logE[BER] -3.468  P_det_soft 1.0000  (60s)
  step 2525  JSR  -16.6  loss 6.9912  logE[BER] -6.005  P_det_soft 0.9864  (60s)
  step 2550  JSR  -30.2  loss 1227.2777  logE[BER] -1226.827  P_det_soft 0.4504  (61s)
  step 2575  JSR   -1.6  loss 4.7522  logE[BER] -3.752  P_det_soft 1.0000  (62s)
  step 2600  JSR   -7.5  loss 6.1483  logE[BER] -5.148  P_det_soft 1.0000  (62s)
  step 2625  JSR   -6.9  loss 6.1065  logE[BER] -5.107  P_det_soft 1.0000  (63s)
  step 2650  JSR  -23.2  loss 39.9893  logE[BER] -39.307  P_det_soft 0.6826  (63s)
  step 2675  JSR  -23.1  loss 11.1838  logE[BER] -10.441  P_det_soft 0.7433  (64s)
  step 2700  JSR   -0.5  loss 4.3575  logE[BER] -3.357  P_det_soft 1.0000  (64s)
  step 2725  JSR  -17.9  loss 7.2516  logE[BER] -6.287  P_det_soft 0.9650  (65s)
  step 2750  JSR   -4.2  loss 5.5713  logE[BER] -4.571  P_det_soft 1.0000  (66s)
  step 2775  JSR  -21.9  loss 9.1797  logE[BER] -8.354  P_det_soft 0.8261  (66s)
  step 2800  JSR  -11.8  loss 6.5592  logE[BER] -5.559  P_det_soft 1.0000  (67s)
  step 2825  JSR   -3.4  loss 5.5272  logE[BER] -4.527  P_det_soft 1.0000  (67s)
  step 2850  JSR  -10.7  loss 6.3577  logE[BER] -5.358  P_det_soft 1.0000  (68s)
  step 2875  JSR  -23.7  loss 23.1356  logE[BER] -22.438  P_det_soft 0.6980  (69s)
  step 2900  JSR  -18.2  loss 7.1247  logE[BER] -6.177  P_det_soft 0.9473  (69s)
  step 2925  JSR  -21.1  loss 8.1820  logE[BER] -7.324  P_det_soft 0.8575  (70s)
  step 2950  JSR   -6.0  loss 6.0355  logE[BER] -5.035  P_det_soft 1.0000  (70s)
  step 2975  JSR  -27.1  loss 615.1659  logE[BER] -614.611  P_det_soft 0.5546  (71s)
  step 3000  JSR  -21.2  loss 8.1787  logE[BER] -7.370  P_det_soft 0.8083  (72s)
  step 3025  JSR  -28.6  loss 878.2446  logE[BER] -877.694  P_det_soft 0.5509  (72s)
  step 3050  JSR   -3.2  loss 5.3522  logE[BER] -4.352  P_det_soft 1.0000  (73s)
  step 3075  JSR  -18.6  loss 7.2496  logE[BER] -6.311  P_det_soft 0.9390  (73s)
  step 3100  JSR  -11.5  loss 6.4786  logE[BER] -5.479  P_det_soft 1.0000  (74s)
  step 3125  JSR   -5.3  loss 5.8706  logE[BER] -4.871  P_det_soft 1.0000  (75s)
  step 3150  JSR  -12.2  loss 6.5564  logE[BER] -5.556  P_det_soft 1.0000  (75s)
  step 3175  JSR   -1.4  loss 4.6968  logE[BER] -3.697  P_det_soft 1.0000  (76s)
  step 3200  JSR  -29.0  loss 990.3272  logE[BER] -989.852  P_det_soft 0.4755  (76s)
  step 3225  JSR  -23.2  loss 11.4007  logE[BER] -10.656  P_det_soft 0.7443  (77s)
  step 3250  JSR  -14.7  loss 6.7467  logE[BER] -5.747  P_det_soft 0.9994  (78s)
  step 3275  JSR  -11.3  loss 6.5647  logE[BER] -5.565  P_det_soft 1.0000  (78s)
  step 3300  JSR  -21.8  loss 8.3800  logE[BER] -7.605  P_det_soft 0.7753  (79s)
  step 3325  JSR   -2.6  loss 5.1230  logE[BER] -4.123  P_det_soft 1.0000  (79s)
  step 3350  JSR  -24.4  loss 89.2303  logE[BER] -88.494  P_det_soft 0.7359  (80s)
  step 3375  JSR   -9.9  loss 6.3373  logE[BER] -5.337  P_det_soft 1.0000  (80s)
  step 3400  JSR   -5.8  loss 5.8979  logE[BER] -4.898  P_det_soft 1.0000  (81s)
  step 3425  JSR  -19.0  loss 7.6966  logE[BER] -6.743  P_det_soft 0.9540  (82s)
  step 3450  JSR  -31.9  loss 1670.0263  logE[BER] -1669.591  P_det_soft 0.4348  (82s)
  step 3475  JSR   -4.3  loss 5.6538  logE[BER] -4.654  P_det_soft 1.0000  (83s)
  step 3500  JSR  -23.2  loss 16.2672  logE[BER] -15.543  P_det_soft 0.7243  (83s)
  step 3525  JSR   -5.5  loss 5.9922  logE[BER] -4.992  P_det_soft 1.0000  (84s)
  step 3550  JSR   -4.8  loss 5.9132  logE[BER] -4.913  P_det_soft 1.0000  (85s)
  step 3575  JSR  -28.5  loss 1071.5898  logE[BER] -1071.017  P_det_soft 0.5724  (85s)
  step 3600  JSR  -15.4  loss 6.8703  logE[BER] -5.873  P_det_soft 0.9976  (86s)
  step 3625  JSR   -1.8  loss 4.8536  logE[BER] -3.854  P_det_soft 1.0000  (86s)
  step 3650  JSR   -2.1  loss 5.0351  logE[BER] -4.035  P_det_soft 1.0000  (87s)
  step 3675  JSR   -7.5  loss 6.0582  logE[BER] -5.058  P_det_soft 1.0000  (88s)
  step 3700  JSR  -20.6  loss 8.0155  logE[BER] -7.181  P_det_soft 0.8344  (88s)
  step 3725  JSR   -4.6  loss 5.7296  logE[BER] -4.730  P_det_soft 1.0000  (89s)
  step 3750  JSR   -6.3  loss 5.9870  logE[BER] -4.987  P_det_soft 1.0000  (89s)
  step 3775  JSR  -22.3  loss 9.2078  logE[BER] -8.359  P_det_soft 0.8484  (90s)
  step 3800  JSR  -26.0  loss 314.5411  logE[BER] -313.945  P_det_soft 0.5957  (91s)
  step 3825  JSR   -5.3  loss 5.8369  logE[BER] -4.837  P_det_soft 1.0000  (91s)
  step 3850  JSR   -5.6  loss 5.9562  logE[BER] -4.956  P_det_soft 1.0000  (92s)
  step 3875  JSR  -17.8  loss 7.2154  logE[BER] -6.222  P_det_soft 0.9937  (92s)
  step 3900  JSR  -20.7  loss 8.0251  logE[BER] -7.169  P_det_soft 0.8565  (93s)
  step 3925  JSR  -22.7  loss 10.2419  logE[BER] -9.420  P_det_soft 0.8216  (94s)
  step 3950  JSR  -24.9  loss 200.7245  logE[BER] -200.043  P_det_soft 0.6817  (94s)
  step 3975  JSR  -11.9  loss 6.5234  logE[BER] -5.523  P_det_soft 1.0000  (95s)
  step 3999  JSR  -13.9  loss 6.8018  logE[BER] -5.802  P_det_soft 1.0000  (95s)
wrote task1_G.pt, task1.json  (tag power_one_sided_b1)
