node: artongpu01.ee.ethz.ch | gpu: NVIDIA GeForce RTX 2080 Ti
task 15 = {'target': 'spec_cnn', 'beta': 100.0}  (tag spec_cnn_b100, 32 frames/step, JSR band (-48.0, -16.0))
  target spec_cnn: threshold -3.17573, clean-frame std 0.982227 (soft_pdet width)
  learned power: cap +0.0 dB, start -40.0 dB, gain lr 0.01, damage per
  step    0  JSR  -38.2  loss 3910.1033  logE[PER] -3890.230  P_det_soft 0.1987  (1s)
  step   25  JSR  -30.6  loss 3539.8725  logE[PER] -3501.806  P_det_soft 0.3807  (3s)
  step   50  JSR  -27.5  loss 3364.1454  logE[PER] -3308.969  P_det_soft 0.5518  (6s)
  step   75  JSR  -24.4  loss 3130.4370  logE[PER] -3049.482  P_det_soft 0.8095  (8s)
  step  100  JSR  -20.9  loss 2709.9287  logE[PER] -2615.882  P_det_soft 0.9405  (11s)
  step  125  JSR  -17.0  loss 2075.2710  logE[PER] -1978.083  P_det_soft 0.9719  (13s)
  step  150  JSR  -13.1  loss 1214.2504  logE[PER] -1115.750  P_det_soft 0.9850  (16s)
  step  175  JSR   -9.7  loss 446.9225  logE[PER] -351.256  P_det_soft 0.9567  (18s)
  step  200  JSR   -7.6  loss 151.6736  logE[PER] -58.516  P_det_soft 0.9316  (21s)
  step  225  JSR   -6.8  loss 109.6003  logE[PER] -12.904  P_det_soft 0.9670  (24s)
  step  250  JSR   -6.5  loss 95.5450  logE[PER] -3.664  P_det_soft 0.9188  (26s)
  step  275  JSR   -6.4  loss 95.4191  logE[PER] -2.796  P_det_soft 0.9262  (29s)
  step  300  JSR   -6.2  loss 182.2987  logE[PER] -89.137  P_det_soft 0.9316  (31s)
  step  325  JSR   -6.1  loss 95.9374  logE[PER] -2.772  P_det_soft 0.9317  (34s)
  step  350  JSR   -6.0  loss 89.0088  logE[PER] -2.582  P_det_soft 0.8643  (37s)
  step  375  JSR   -6.0  loss 84.7232  logE[PER] -2.758  P_det_soft 0.8197  (39s)
  step  400  JSR   -5.9  loss 90.4013  logE[PER] -2.359  P_det_soft 0.8804  (42s)
  step  425  JSR   -5.9  loss 90.6223  logE[PER] -2.341  P_det_soft 0.8828  (45s)
  step  450  JSR   -5.9  loss 91.6002  logE[PER] -2.377  P_det_soft 0.8922  (47s)
  step  475  JSR   -5.9  loss 88.6724  logE[PER] -3.457  P_det_soft 0.8522  (50s)
  step  500  JSR   -5.8  loss 91.4915  logE[PER] -2.155  P_det_soft 0.8934  (52s)
  step  525  JSR   -5.7  loss 90.3060  logE[PER] -2.426  P_det_soft 0.8788  (55s)
  step  550  JSR   -5.7  loss 91.6414  logE[PER] -2.078  P_det_soft 0.8956  (58s)
  step  575  JSR   -5.8  loss 86.2878  logE[PER] -1.557  P_det_soft 0.8473  (60s)
  step  600  JSR   -5.8  loss 88.5298  logE[PER] -3.466  P_det_soft 0.8506  (63s)
  step  625  JSR   -5.8  loss 84.0968  logE[PER] -2.136  P_det_soft 0.8196  (65s)
  step  650  JSR   -5.8  loss 95.4509  logE[PER] -2.766  P_det_soft 0.9269  (68s)
  step  675  JSR   -5.8  loss 85.7758  logE[PER] -2.707  P_det_soft 0.8307  (71s)
  step  700  JSR   -5.8  loss 83.3782  logE[PER] -2.908  P_det_soft 0.8047  (73s)
  step  725  JSR   -5.6  loss 87.8226  logE[PER] -2.321  P_det_soft 0.8550  (76s)
  step  750  JSR   -5.6  loss 83.9616  logE[PER] -1.774  P_det_soft 0.8219  (78s)
  step  775  JSR   -5.7  loss 80.9669  logE[PER] -3.283  P_det_soft 0.7768  (81s)
  step  800  JSR   -5.5  loss 85.6896  logE[PER] -2.317  P_det_soft 0.8337  (84s)
  step  825  JSR   -5.5  loss 87.9168  logE[PER] -2.021  P_det_soft 0.8590  (86s)
  step  850  JSR   -5.6  loss 82.9737  logE[PER] -2.293  P_det_soft 0.8068  (89s)
  step  875  JSR   -5.5  loss 91.7439  logE[PER] -6.697  P_det_soft 0.8505  (92s)
  step  900  JSR   -5.4  loss 158.7650  logE[PER] -77.253  P_det_soft 0.8151  (94s)
  step  925  JSR   -5.4  loss 77.8821  logE[PER] -2.075  P_det_soft 0.7581  (97s)
  step  950  JSR   -5.5  loss 91.3854  logE[PER] -2.726  P_det_soft 0.8866  (99s)
  step  975  JSR   -5.5  loss 86.0397  logE[PER] -2.107  P_det_soft 0.8393  (102s)
  step 1000  JSR   -5.5  loss 86.5188  logE[PER] -2.289  P_det_soft 0.8423  (105s)
  step 1025  JSR   -5.5  loss 88.1458  logE[PER] -1.829  P_det_soft 0.8632  (107s)
  step 1050  JSR   -5.5  loss 88.1117  logE[PER] -2.773  P_det_soft 0.8534  (110s)
  step 1075  JSR   -5.5  loss 89.0923  logE[PER] -2.917  P_det_soft 0.8618  (112s)
  step 1100  JSR   -5.4  loss 84.1961  logE[PER] -3.383  P_det_soft 0.8081  (115s)
  step 1125  JSR   -5.4  loss 84.0069  logE[PER] -2.298  P_det_soft 0.8171  (118s)
  step 1150  JSR   -5.5  loss 78.0120  logE[PER] -3.041  P_det_soft 0.7497  (120s)
  step 1175  JSR   -5.6  loss 78.3756  logE[PER] -2.370  P_det_soft 0.7601  (123s)
  step 1200  JSR   -5.6  loss 75.7647  logE[PER] -2.737  P_det_soft 0.7303  (126s)
  step 1225  JSR   -5.6  loss 87.9136  logE[PER] -2.304  P_det_soft 0.8561  (128s)
  step 1250  JSR   -5.6  loss 91.1459  logE[PER] -2.537  P_det_soft 0.8861  (131s)
  step 1275  JSR   -5.6  loss 82.3213  logE[PER] -3.430  P_det_soft 0.7889  (133s)
  step 1300  JSR   -5.5  loss 81.7220  logE[PER] -2.079  P_det_soft 0.7964  (136s)
  step 1325  JSR   -5.5  loss 79.7641  logE[PER] -2.464  P_det_soft 0.7730  (139s)
  step 1350  JSR   -5.6  loss 82.7903  logE[PER] -3.654  P_det_soft 0.7914  (141s)
  step 1375  JSR   -5.7  loss 84.1604  logE[PER] -2.773  P_det_soft 0.8139  (144s)
  step 1400  JSR   -5.6  loss 75.4736  logE[PER] -2.500  P_det_soft 0.7297  (146s)
  step 1425  JSR   -5.7  loss 82.2220  logE[PER] -3.466  P_det_soft 0.7876  (149s)
  step 1450  JSR   -5.7  loss 87.5194  logE[PER] -3.081  P_det_soft 0.8444  (152s)
  step 1475  JSR   -5.7  loss 79.2830  logE[PER] -2.080  P_det_soft 0.7720  (154s)
  step 1500  JSR   -5.7  loss 77.2375  logE[PER] -2.468  P_det_soft 0.7477  (157s)
  step 1525  JSR   -5.5  loss 72.0651  logE[PER] -2.377  P_det_soft 0.6969  (159s)
  step 1550  JSR   -5.6  loss 81.8624  logE[PER] -2.371  P_det_soft 0.7949  (162s)
  step 1575  JSR   -5.7  loss 68.8893  logE[PER] -1.960  P_det_soft 0.6693  (165s)
  step 1600  JSR   -5.5  loss 70.1946  logE[PER] -1.400  P_det_soft 0.6879  (167s)
  step 1625  JSR   -5.5  loss 77.9599  logE[PER] -2.085  P_det_soft 0.7588  (170s)
  step 1650  JSR   -5.4  loss 66.9411  logE[PER] -2.441  P_det_soft 0.6450  (172s)
  step 1675  JSR   -5.4  loss 71.6550  logE[PER] -3.111  P_det_soft 0.6854  (175s)
  step 1700  JSR   -5.5  loss 71.5000  logE[PER] -2.705  P_det_soft 0.6879  (178s)
  step 1725  JSR   -5.4  loss 63.0741  logE[PER] -1.856  P_det_soft 0.6122  (180s)
  step 1750  JSR   -5.5  loss 72.7098  logE[PER] -2.773  P_det_soft 0.6994  (183s)
  step 1775  JSR   -5.5  loss 72.1095  logE[PER] -5.399  P_det_soft 0.6671  (186s)
  step 1800  JSR   -5.5  loss 62.0432  logE[PER] -2.453  P_det_soft 0.5959  (188s)
  step 1825  JSR   -5.5  loss 62.1949  logE[PER] -2.218  P_det_soft 0.5998  (191s)
  step 1850  JSR   -5.5  loss 56.1781  logE[PER] -1.921  P_det_soft 0.5426  (193s)
  step 1875  JSR   -5.5  loss 65.5058  logE[PER] -2.768  P_det_soft 0.6274  (196s)
  step 1900  JSR   -5.5  loss 56.4419  logE[PER] -2.039  P_det_soft 0.5440  (199s)
  step 1925  JSR   -5.5  loss 61.2207  logE[PER] -4.051  P_det_soft 0.5717  (201s)
  step 1950  JSR   -5.5  loss 60.4808  logE[PER] -2.316  P_det_soft 0.5816  (204s)
  step 1975  JSR   -5.5  loss 51.8611  logE[PER] -1.674  P_det_soft 0.5019  (206s)
  step 2000  JSR   -5.3  loss 54.3709  logE[PER] -2.079  P_det_soft 0.5229  (209s)
  step 2025  JSR   -5.3  loss 44.0284  logE[PER] -2.332  P_det_soft 0.4170  (212s)
  step 2050  JSR   -5.3  loss 42.0596  logE[PER] -2.487  P_det_soft 0.3957  (214s)
  step 2075  JSR   -5.1  loss 46.0932  logE[PER] -1.862  P_det_soft 0.4423  (217s)
  step 2100  JSR   -5.2  loss 33.4729  logE[PER] -1.934  P_det_soft 0.3154  (219s)
  step 2125  JSR   -5.3  loss 42.5501  logE[PER] -2.772  P_det_soft 0.3978  (222s)
  step 2150  JSR   -5.3  loss 35.6303  logE[PER] -1.765  P_det_soft 0.3386  (225s)
  step 2175  JSR   -5.4  loss 35.5167  logE[PER] -2.766  P_det_soft 0.3275  (227s)
  step 2200  JSR   -5.4  loss 35.9869  logE[PER] -1.886  P_det_soft 0.3410  (230s)
  step 2225  JSR   -5.3  loss 35.7625  logE[PER] -2.367  P_det_soft 0.3340  (232s)
  step 2250  JSR   -5.3  loss 27.6971  logE[PER] -2.508  P_det_soft 0.2519  (235s)
  step 2275  JSR   -5.4  loss 22.4202  logE[PER] -1.856  P_det_soft 0.2056  (238s)
  step 2300  JSR   -5.4  loss 25.0794  logE[PER] -2.279  P_det_soft 0.2280  (240s)
  step 2325  JSR   -5.4  loss 17.0446  logE[PER] -1.526  P_det_soft 0.1552  (243s)
  step 2350  JSR   -5.3  loss 22.1642  logE[PER] -2.773  P_det_soft 0.1939  (246s)
  step 2375  JSR   -5.3  loss 20.2182  logE[PER] -2.118  P_det_soft 0.1810  (248s)
  step 2400  JSR   -5.3  loss 19.7052  logE[PER] -2.346  P_det_soft 0.1736  (251s)
  step 2425  JSR   -5.3  loss 27.1720  logE[PER] -2.200  P_det_soft 0.2497  (253s)
  step 2450  JSR   -5.2  loss 20.5807  logE[PER] -2.078  P_det_soft 0.1850  (256s)
  step 2475  JSR   -5.2  loss 17.6614  logE[PER] -1.853  P_det_soft 0.1581  (259s)
  step 2500  JSR   -5.2  loss 18.7023  logE[PER] -1.638  P_det_soft 0.1706  (261s)
  step 2525  JSR   -5.1  loss 12.2696  logE[PER] -1.644  P_det_soft 0.1063  (264s)
  step 2550  JSR   -5.1  loss 12.8034  logE[PER] -1.786  P_det_soft 0.1102  (266s)
  step 2575  JSR   -5.1  loss 11.6068  logE[PER] -2.096  P_det_soft 0.0951  (269s)
  step 2600  JSR   -5.1  loss 11.4617  logE[PER] -1.623  P_det_soft 0.0984  (272s)
  step 2625  JSR   -5.0  loss 18.3674  logE[PER] -2.322  P_det_soft 0.1605  (274s)
  step 2650  JSR   -5.1  loss 9.8047  logE[PER] -2.350  P_det_soft 0.0745  (277s)
  step 2675  JSR   -5.0  loss 7.2450  logE[PER] -1.375  P_det_soft 0.0587  (279s)
  step 2700  JSR   -4.9  loss 6.6915  logE[PER] -1.386  P_det_soft 0.0531  (282s)
  step 2725  JSR   -4.9  loss 7.2182  logE[PER] -1.803  P_det_soft 0.0542  (285s)
  step 2750  JSR   -4.9  loss 5.0227  logE[PER] -1.507  P_det_soft 0.0352  (287s)
  step 2775  JSR   -4.8  loss 6.3077  logE[PER] -1.810  P_det_soft 0.0450  (290s)
  step 2800  JSR   -4.8  loss 6.2164  logE[PER] -1.689  P_det_soft 0.0453  (292s)
  step 2825  JSR   -4.8  loss 6.6496  logE[PER] -1.497  P_det_soft 0.0515  (295s)
  step 2850  JSR   -4.7  loss 4.8097  logE[PER] -1.674  P_det_soft 0.0314  (298s)
  step 2875  JSR   -4.7  loss 4.4285  logE[PER] -1.599  P_det_soft 0.0283  (300s)
  step 2900  JSR   -4.7  loss 4.4938  logE[PER] -1.387  P_det_soft 0.0311  (303s)
  step 2925  JSR   -4.7  loss 3.6475  logE[PER] -1.755  P_det_soft 0.0189  (306s)
  step 2950  JSR   -4.6  loss 6.8275  logE[PER] -1.347  P_det_soft 0.0548  (308s)
  step 2975  JSR   -4.6  loss 3.5249  logE[PER] -1.071  P_det_soft 0.0245  (311s)
  step 3000  JSR   -4.6  loss 3.3114  logE[PER] -0.897  P_det_soft 0.0241  (313s)
  step 3025  JSR   -4.6  loss 4.8334  logE[PER] -1.668  P_det_soft 0.0317  (316s)
  step 3050  JSR   -4.5  loss 4.4832  logE[PER] -1.607  P_det_soft 0.0288  (319s)
  step 3075  JSR   -4.5  loss 3.3352  logE[PER] -0.981  P_det_soft 0.0235  (321s)
  step 3100  JSR   -4.5  loss 4.6944  logE[PER] -2.083  P_det_soft 0.0261  (324s)
  step 3125  JSR   -4.4  loss 5.7157  logE[PER] -1.177  P_det_soft 0.0454  (326s)
  step 3150  JSR   -4.5  loss 4.0278  logE[PER] -1.208  P_det_soft 0.0282  (329s)
  step 3175  JSR   -4.5  loss 4.0592  logE[PER] -1.673  P_det_soft 0.0239  (332s)
  step 3200  JSR   -4.4  loss 3.2401  logE[PER] -1.169  P_det_soft 0.0207  (334s)
  step 3225  JSR   -4.4  loss 4.5785  logE[PER] -1.674  P_det_soft 0.0290  (337s)
  step 3250  JSR   -4.4  loss 3.1446  logE[PER] -1.331  P_det_soft 0.0181  (339s)
  step 3275  JSR   -4.4  loss 3.3859  logE[PER] -1.579  P_det_soft 0.0181  (342s)
  step 3300  JSR   -4.4  loss 6.3943  logE[PER] -1.237  P_det_soft 0.0516  (345s)
  step 3325  JSR   -4.4  loss 3.9334  logE[PER] -1.664  P_det_soft 0.0227  (347s)
  step 3350  JSR   -4.4  loss 3.1869  logE[PER] -1.089  P_det_soft 0.0210  (350s)
  step 3375  JSR   -4.3  loss 3.2379  logE[PER] -1.118  P_det_soft 0.0212  (352s)
  step 3400  JSR   -4.3  loss 2.5473  logE[PER] -0.905  P_det_soft 0.0164  (355s)
  step 3425  JSR   -4.3  loss 2.3112  logE[PER] -0.981  P_det_soft 0.0133  (358s)
  step 3450  JSR   -4.3  loss 2.7282  logE[PER] -1.046  P_det_soft 0.0168  (360s)
  step 3475  JSR   -4.3  loss 2.9221  logE[PER] -1.619  P_det_soft 0.0130  (363s)
  step 3500  JSR   -4.2  loss 1.8407  logE[PER] -0.575  P_det_soft 0.0127  (365s)
  step 3525  JSR   -4.2  loss 3.1123  logE[PER] -1.521  P_det_soft 0.0159  (368s)
  step 3550  JSR   -4.2  loss 1.8113  logE[PER] -0.756  P_det_soft 0.0106  (371s)
  step 3575  JSR   -4.2  loss 2.3696  logE[PER] -1.072  P_det_soft 0.0130  (373s)
  step 3600  JSR   -4.1  loss 2.9298  logE[PER] -1.163  P_det_soft 0.0177  (376s)
  step 3625  JSR   -4.1  loss 2.4463  logE[PER] -1.168  P_det_soft 0.0128  (378s)
  step 3650  JSR   -4.1  loss 3.4114  logE[PER] -2.079  P_det_soft 0.0133  (381s)
  step 3675  JSR   -4.0  loss 2.0909  logE[PER] -0.905  P_det_soft 0.0119  (384s)
  step 3700  JSR   -4.0  loss 2.1191  logE[PER] -1.029  P_det_soft 0.0109  (386s)
  step 3725  JSR   -4.0  loss 2.6086  logE[PER] -1.386  P_det_soft 0.0122  (389s)
  step 3750  JSR   -4.0  loss 2.2967  logE[PER] -1.112  P_det_soft 0.0118  (391s)
  step 3775  JSR   -4.0  loss 2.0117  logE[PER] -1.269  P_det_soft 0.0074  (394s)
  step 3800  JSR   -3.9  loss 2.0790  logE[PER] -1.163  P_det_soft 0.0092  (397s)
  step 3825  JSR   -4.0  loss 2.1986  logE[PER] -1.316  P_det_soft 0.0088  (399s)
  step 3850  JSR   -3.9  loss 1.9437  logE[PER] -1.139  P_det_soft 0.0080  (402s)
  step 3875  JSR   -3.9  loss 2.0565  logE[PER] -1.013  P_det_soft 0.0104  (405s)
  step 3900  JSR   -3.9  loss 2.3436  logE[PER] -1.269  P_det_soft 0.0108  (407s)
  step 3925  JSR   -3.8  loss 2.1356  logE[PER] -1.079  P_det_soft 0.0106  (410s)
  step 3950  JSR   -3.8  loss 1.7771  logE[PER] -1.069  P_det_soft 0.0071  (412s)
  step 3975  JSR   -3.8  loss 2.2857  logE[PER] -1.386  P_det_soft 0.0090  (415s)
  step 3999  JSR   -3.8  loss 3.1102  logE[PER] -1.674  P_det_soft 0.0144  (417s)
wrote task15_G.pt, task15.json  (tag spec_cnn_b100)
