node: artongpu01.ee.ethz.ch | gpu: NVIDIA GeForce RTX 2080 Ti
task 0 = {'target': None, 'beta': 0.0}  (tag eff, 128 frames/step, JSR band (-32.0, 0.0))
  learned power: cap +0.0 dB, start -40.0 dB, gain lr 0.01, damage per
  step    0  JSR  -37.9  loss 3903.8725  logE[PER] -3903.873  P_det_soft 0.0000  (1s)
  step   25  JSR  -31.2  loss 3460.9110  logE[PER] -3460.911  P_det_soft 0.0000  (2s)
  step   50  JSR  -28.6  loss 3275.7137  logE[PER] -3275.714  P_det_soft 0.0000  (2s)
  step   75  JSR  -25.6  loss 3017.5003  logE[PER] -3017.500  P_det_soft 0.0000  (3s)
  step  100  JSR  -22.3  loss 2622.4961  logE[PER] -2622.496  P_det_soft 0.0000  (4s)
  step  125  JSR  -18.7  loss 1988.8909  logE[PER] -1988.891  P_det_soft 0.0000  (4s)
  step  150  JSR  -15.0  loss 1198.4950  logE[PER] -1198.495  P_det_soft 0.0000  (5s)
  step  175  JSR  -11.6  loss 439.8428  logE[PER] -439.843  P_det_soft 0.0000  (5s)
  step  200  JSR   -9.4  loss 74.9290  logE[PER] -74.929  P_det_soft 0.0000  (6s)
  step  225  JSR   +nan  loss nan  logE[PER] nan  P_det_soft 0.0000  (7s)
  step  250  JSR   +nan  loss nan  logE[PER] nan  P_det_soft 0.0000  (7s)
  step  275  JSR   +nan  loss nan  logE[PER] nan  P_det_soft 0.0000  (8s)
  step  300  JSR   +nan  loss nan  logE[PER] nan  P_det_soft 0.0000  (9s)
  step  325  JSR   +nan  loss nan  logE[PER] nan  P_det_soft 0.0000  (9s)
  step  350  JSR   +nan  loss nan  logE[PER] nan  P_det_soft 0.0000  (10s)
  step  375  JSR   +nan  loss nan  logE[PER] nan  P_det_soft 0.0000  (11s)
  step  400  JSR   +nan  loss nan  logE[PER] nan  P_det_soft 0.0000  (11s)
  step  425  JSR   +nan  loss nan  logE[PER] nan  P_det_soft 0.0000  (12s)
  step  450  JSR   +nan  loss nan  logE[PER] nan  P_det_soft 0.0000  (13s)
  step  475  JSR   +nan  loss nan  logE[PER] nan  P_det_soft 0.0000  (13s)
  step  500  JSR   +nan  loss nan  logE[PER] nan  P_det_soft 0.0000  (14s)
  step  525  JSR   +nan  loss nan  logE[PER] nan  P_det_soft 0.0000  (15s)
  step  550  JSR   +nan  loss nan  logE[PER] nan  P_det_soft 0.0000  (15s)
  step  575  JSR   +nan  loss nan  logE[PER] nan  P_det_soft 0.0000  (16s)
  step  600  JSR   +nan  loss nan  logE[PER] nan  P_det_soft 0.0000  (17s)
  step  625  JSR   +nan  loss nan  logE[PER] nan  P_det_soft 0.0000  (17s)
  step  650  JSR   +nan  loss nan  logE[PER] nan  P_det_soft 0.0000  (18s)
  step  675  JSR   +nan  loss nan  logE[PER] nan  P_det_soft 0.0000  (19s)
  step  700  JSR   +nan  loss nan  logE[PER] nan  P_det_soft 0.0000  (19s)
  step  725  JSR   +nan  loss nan  logE[PER] nan  P_det_soft 0.0000  (20s)
  step  750  JSR   +nan  loss nan  logE[PER] nan  P_det_soft 0.0000  (21s)
  step  775  JSR   +nan  loss nan  logE[PER] nan  P_det_soft 0.0000  (21s)
  step  800  JSR   +nan  loss nan  logE[PER] nan  P_det_soft 0.0000  (22s)
  step  825  JSR   +nan  loss nan  logE[PER] nan  P_det_soft 0.0000  (23s)
  step  850  JSR   +nan  loss nan  logE[PER] nan  P_det_soft 0.0000  (23s)
  step  875  JSR   +nan  loss nan  logE[PER] nan  P_det_soft 0.0000  (24s)
  step  900  JSR   +nan  loss nan  logE[PER] nan  P_det_soft 0.0000  (25s)
  step  925  JSR   +nan  loss nan  logE[PER] nan  P_det_soft 0.0000  (25s)
  step  950  JSR   +nan  loss nan  logE[PER] nan  P_det_soft 0.0000  (26s)
  step  975  JSR   +nan  loss nan  logE[PER] nan  P_det_soft 0.0000  (27s)
  step 1000  JSR   +nan  loss nan  logE[PER] nan  P_det_soft 0.0000  (27s)
  step 1025  JSR   +nan  loss nan  logE[PER] nan  P_det_soft 0.0000  (28s)
  step 1050  JSR   +nan  loss nan  logE[PER] nan  P_det_soft 0.0000  (29s)
  step 1075  JSR   +nan  loss nan  logE[PER] nan  P_det_soft 0.0000  (29s)
  step 1100  JSR   +nan  loss nan  logE[PER] nan  P_det_soft 0.0000  (30s)
  step 1125  JSR   +nan  loss nan  logE[PER] nan  P_det_soft 0.0000  (31s)
  step 1150  JSR   +nan  loss nan  logE[PER] nan  P_det_soft 0.0000  (32s)
  step 1175  JSR   +nan  loss nan  logE[PER] nan  P_det_soft 0.0000  (32s)
  step 1200  JSR   +nan  loss nan  logE[PER] nan  P_det_soft 0.0000  (33s)
  step 1225  JSR   +nan  loss nan  logE[PER] nan  P_det_soft 0.0000  (34s)
  step 1250  JSR   +nan  loss nan  logE[PER] nan  P_det_soft 0.0000  (34s)
  step 1275  JSR   +nan  loss nan  logE[PER] nan  P_det_soft 0.0000  (35s)
  step 1300  JSR   +nan  loss nan  logE[PER] nan  P_det_soft 0.0000  (36s)
  step 1325  JSR   +nan  loss nan  logE[PER] nan  P_det_soft 0.0000  (36s)
  step 1350  JSR   +nan  loss nan  logE[PER] nan  P_det_soft 0.0000  (37s)
  step 1375  JSR   +nan  loss nan  logE[PER] nan  P_det_soft 0.0000  (38s)
  step 1400  JSR   +nan  loss nan  logE[PER] nan  P_det_soft 0.0000  (38s)
  step 1425  JSR   +nan  loss nan  logE[PER] nan  P_det_soft 0.0000  (39s)
  step 1450  JSR   +nan  loss nan  logE[PER] nan  P_det_soft 0.0000  (40s)
  step 1475  JSR   +nan  loss nan  logE[PER] nan  P_det_soft 0.0000  (40s)
  step 1500  JSR   +nan  loss nan  logE[PER] nan  P_det_soft 0.0000  (41s)
  step 1525  JSR   +nan  loss nan  logE[PER] nan  P_det_soft 0.0000  (42s)
  step 1550  JSR   +nan  loss nan  logE[PER] nan  P_det_soft 0.0000  (42s)
  step 1575  JSR   +nan  loss nan  logE[PER] nan  P_det_soft 0.0000  (43s)
  step 1600  JSR   +nan  loss nan  logE[PER] nan  P_det_soft 0.0000  (44s)
  step 1625  JSR   +nan  loss nan  logE[PER] nan  P_det_soft 0.0000  (44s)
  step 1650  JSR   +nan  loss nan  logE[PER] nan  P_det_soft 0.0000  (45s)
  step 1675  JSR   +nan  loss nan  logE[PER] nan  P_det_soft 0.0000  (46s)
  step 1700  JSR   +nan  loss nan  logE[PER] nan  P_det_soft 0.0000  (46s)
  step 1725  JSR   +nan  loss nan  logE[PER] nan  P_det_soft 0.0000  (47s)
  step 1750  JSR   +nan  loss nan  logE[PER] nan  P_det_soft 0.0000  (48s)
  step 1775  JSR   +nan  loss nan  logE[PER] nan  P_det_soft 0.0000  (48s)
  step 1800  JSR   +nan  loss nan  logE[PER] nan  P_det_soft 0.0000  (49s)
  step 1825  JSR   +nan  loss nan  logE[PER] nan  P_det_soft 0.0000  (50s)
  step 1850  JSR   +nan  loss nan  logE[PER] nan  P_det_soft 0.0000  (50s)
  step 1875  JSR   +nan  loss nan  logE[PER] nan  P_det_soft 0.0000  (51s)
  step 1900  JSR   +nan  loss nan  logE[PER] nan  P_det_soft 0.0000  (52s)
  step 1925  JSR   +nan  loss nan  logE[PER] nan  P_det_soft 0.0000  (53s)
  step 1950  JSR   +nan  loss nan  logE[PER] nan  P_det_soft 0.0000  (53s)
  step 1975  JSR   +nan  loss nan  logE[PER] nan  P_det_soft 0.0000  (54s)
  step 2000  JSR   +nan  loss nan  logE[PER] nan  P_det_soft 0.0000  (55s)
  step 2025  JSR   +nan  loss nan  logE[PER] nan  P_det_soft 0.0000  (55s)
  step 2050  JSR   +nan  loss nan  logE[PER] nan  P_det_soft 0.0000  (56s)
  step 2075  JSR   +nan  loss nan  logE[PER] nan  P_det_soft 0.0000  (57s)
  step 2100  JSR   +nan  loss nan  logE[PER] nan  P_det_soft 0.0000  (57s)
  step 2125  JSR   +nan  loss nan  logE[PER] nan  P_det_soft 0.0000  (58s)
  step 2150  JSR   +nan  loss nan  logE[PER] nan  P_det_soft 0.0000  (59s)
  step 2175  JSR   +nan  loss nan  logE[PER] nan  P_det_soft 0.0000  (59s)
  step 2200  JSR   +nan  loss nan  logE[PER] nan  P_det_soft 0.0000  (60s)
  step 2225  JSR   +nan  loss nan  logE[PER] nan  P_det_soft 0.0000  (61s)
  step 2250  JSR   +nan  loss nan  logE[PER] nan  P_det_soft 0.0000  (61s)
  step 2275  JSR   +nan  loss nan  logE[PER] nan  P_det_soft 0.0000  (62s)
  step 2300  JSR   +nan  loss nan  logE[PER] nan  P_det_soft 0.0000  (63s)
  step 2325  JSR   +nan  loss nan  logE[PER] nan  P_det_soft 0.0000  (63s)
  step 2350  JSR   +nan  loss nan  logE[PER] nan  P_det_soft 0.0000  (64s)
  step 2375  JSR   +nan  loss nan  logE[PER] nan  P_det_soft 0.0000  (65s)
  step 2400  JSR   +nan  loss nan  logE[PER] nan  P_det_soft 0.0000  (65s)
  step 2425  JSR   +nan  loss nan  logE[PER] nan  P_det_soft 0.0000  (66s)
  step 2450  JSR   +nan  loss nan  logE[PER] nan  P_det_soft 0.0000  (67s)
  step 2475  JSR   +nan  loss nan  logE[PER] nan  P_det_soft 0.0000  (67s)
  step 2500  JSR   +nan  loss nan  logE[PER] nan  P_det_soft 0.0000  (68s)
  step 2525  JSR   +nan  loss nan  logE[PER] nan  P_det_soft 0.0000  (69s)
  step 2550  JSR   +nan  loss nan  logE[PER] nan  P_det_soft 0.0000  (69s)
  step 2575  JSR   +nan  loss nan  logE[PER] nan  P_det_soft 0.0000  (70s)
  step 2600  JSR   +nan  loss nan  logE[PER] nan  P_det_soft 0.0000  (71s)
  step 2625  JSR   +nan  loss nan  logE[PER] nan  P_det_soft 0.0000  (71s)
  step 2650  JSR   +nan  loss nan  logE[PER] nan  P_det_soft 0.0000  (72s)
  step 2675  JSR   +nan  loss nan  logE[PER] nan  P_det_soft 0.0000  (73s)
  step 2700  JSR   +nan  loss nan  logE[PER] nan  P_det_soft 0.0000  (73s)
  step 2725  JSR   +nan  loss nan  logE[PER] nan  P_det_soft 0.0000  (74s)
  step 2750  JSR   +nan  loss nan  logE[PER] nan  P_det_soft 0.0000  (75s)
  step 2775  JSR   +nan  loss nan  logE[PER] nan  P_det_soft 0.0000  (76s)
  step 2800  JSR   +nan  loss nan  logE[PER] nan  P_det_soft 0.0000  (76s)
  step 2825  JSR   +nan  loss nan  logE[PER] nan  P_det_soft 0.0000  (77s)
  step 2850  JSR   +nan  loss nan  logE[PER] nan  P_det_soft 0.0000  (78s)
  step 2875  JSR   +nan  loss nan  logE[PER] nan  P_det_soft 0.0000  (78s)
  step 2900  JSR   +nan  loss nan  logE[PER] nan  P_det_soft 0.0000  (79s)
  step 2925  JSR   +nan  loss nan  logE[PER] nan  P_det_soft 0.0000  (80s)
  step 2950  JSR   +nan  loss nan  logE[PER] nan  P_det_soft 0.0000  (80s)
  step 2975  JSR   +nan  loss nan  logE[PER] nan  P_det_soft 0.0000  (81s)
  step 3000  JSR   +nan  loss nan  logE[PER] nan  P_det_soft 0.0000  (82s)
  step 3025  JSR   +nan  loss nan  logE[PER] nan  P_det_soft 0.0000  (82s)
  step 3050  JSR   +nan  loss nan  logE[PER] nan  P_det_soft 0.0000  (83s)
  step 3075  JSR   +nan  loss nan  logE[PER] nan  P_det_soft 0.0000  (84s)
  step 3100  JSR   +nan  loss nan  logE[PER] nan  P_det_soft 0.0000  (84s)
  step 3125  JSR   +nan  loss nan  logE[PER] nan  P_det_soft 0.0000  (85s)
  step 3150  JSR   +nan  loss nan  logE[PER] nan  P_det_soft 0.0000  (86s)
  step 3175  JSR   +nan  loss nan  logE[PER] nan  P_det_soft 0.0000  (86s)
  step 3200  JSR   +nan  loss nan  logE[PER] nan  P_det_soft 0.0000  (87s)
  step 3225  JSR   +nan  loss nan  logE[PER] nan  P_det_soft 0.0000  (88s)
  step 3250  JSR   +nan  loss nan  logE[PER] nan  P_det_soft 0.0000  (88s)
  step 3275  JSR   +nan  loss nan  logE[PER] nan  P_det_soft 0.0000  (89s)
  step 3300  JSR   +nan  loss nan  logE[PER] nan  P_det_soft 0.0000  (90s)
  step 3325  JSR   +nan  loss nan  logE[PER] nan  P_det_soft 0.0000  (90s)
  step 3350  JSR   +nan  loss nan  logE[PER] nan  P_det_soft 0.0000  (91s)
  step 3375  JSR   +nan  loss nan  logE[PER] nan  P_det_soft 0.0000  (92s)
  step 3400  JSR   +nan  loss nan  logE[PER] nan  P_det_soft 0.0000  (92s)
  step 3425  JSR   +nan  loss nan  logE[PER] nan  P_det_soft 0.0000  (93s)
  step 3450  JSR   +nan  loss nan  logE[PER] nan  P_det_soft 0.0000  (94s)
  step 3475  JSR   +nan  loss nan  logE[PER] nan  P_det_soft 0.0000  (94s)
  step 3500  JSR   +nan  loss nan  logE[PER] nan  P_det_soft 0.0000  (95s)
  step 3525  JSR   +nan  loss nan  logE[PER] nan  P_det_soft 0.0000  (96s)
  step 3550  JSR   +nan  loss nan  logE[PER] nan  P_det_soft 0.0000  (96s)
  step 3575  JSR   +nan  loss nan  logE[PER] nan  P_det_soft 0.0000  (97s)
  step 3600  JSR   +nan  loss nan  logE[PER] nan  P_det_soft 0.0000  (98s)
  step 3625  JSR   +nan  loss nan  logE[PER] nan  P_det_soft 0.0000  (98s)
  step 3650  JSR   +nan  loss nan  logE[PER] nan  P_det_soft 0.0000  (99s)
  step 3675  JSR   +nan  loss nan  logE[PER] nan  P_det_soft 0.0000  (100s)
  step 3700  JSR   +nan  loss nan  logE[PER] nan  P_det_soft 0.0000  (100s)
  step 3725  JSR   +nan  loss nan  logE[PER] nan  P_det_soft 0.0000  (101s)
  step 3750  JSR   +nan  loss nan  logE[PER] nan  P_det_soft 0.0000  (102s)
  step 3775  JSR   +nan  loss nan  logE[PER] nan  P_det_soft 0.0000  (102s)
  step 3800  JSR   +nan  loss nan  logE[PER] nan  P_det_soft 0.0000  (103s)
  step 3825  JSR   +nan  loss nan  logE[PER] nan  P_det_soft 0.0000  (104s)
  step 3850  JSR   +nan  loss nan  logE[PER] nan  P_det_soft 0.0000  (104s)
  step 3875  JSR   +nan  loss nan  logE[PER] nan  P_det_soft 0.0000  (105s)
  step 3900  JSR   +nan  loss nan  logE[PER] nan  P_det_soft 0.0000  (106s)
  step 3925  JSR   +nan  loss nan  logE[PER] nan  P_det_soft 0.0000  (106s)
  step 3950  JSR   +nan  loss nan  logE[PER] nan  P_det_soft 0.0000  (107s)
  step 3975  JSR   +nan  loss nan  logE[PER] nan  P_det_soft 0.0000  (108s)
  step 3999  JSR   +nan  loss nan  logE[PER] nan  P_det_soft 0.0000  (108s)
wrote task0_G.pt, task0.json  (tag eff)
