node: tikgpu07.ee.ethz.ch | gpu: NVIDIA GeForce RTX 3090
task 0 = {'target': None, 'beta': 0.0}  (tag eff, 128 frames/step, JSR band (-32.0, 0.0))
  step    0  JSR   -8.6  loss 26.1968  logE[BER] -26.197  P_det_soft 0.0000  (1s)
  step   25  JSR   -3.1  loss 3.0999  logE[BER] -3.100  P_det_soft 0.0000  (1s)
  step   50  JSR  -24.3  loss 815.3759  logE[BER] -815.376  P_det_soft 0.0000  (1s)
  step   75  JSR  -31.7  loss 2086.2652  logE[BER] -2086.265  P_det_soft 0.0000  (2s)
  step  100  JSR  -30.3  loss 1911.1286  logE[BER] -1911.129  P_det_soft 0.0000  (2s)
  step  125  JSR  -28.1  loss 1182.3295  logE[BER] -1182.329  P_det_soft 0.0000  (3s)
  step  150  JSR  -30.4  loss 1665.4333  logE[BER] -1665.433  P_det_soft 0.0000  (3s)
  step  175  JSR   -1.8  loss 3.1534  logE[BER] -3.153  P_det_soft 0.0000  (3s)
  step  200  JSR  -12.3  loss 5.7526  logE[BER] -5.753  P_det_soft 0.0000  (4s)
  step  225  JSR   -3.4  loss 3.8603  logE[BER] -3.860  P_det_soft 0.0000  (4s)
  step  250  JSR   -8.2  loss 5.3226  logE[BER] -5.323  P_det_soft 0.0000  (5s)
  step  275  JSR  -21.6  loss 9.7081  logE[BER] -9.708  P_det_soft 0.0000  (5s)
  step  300  JSR  -20.0  loss 8.7687  logE[BER] -8.769  P_det_soft 0.0000  (5s)
  step  325  JSR  -11.2  loss 5.4389  logE[BER] -5.439  P_det_soft 0.0000  (6s)
  step  350  JSR  -20.9  loss 8.3039  logE[BER] -8.304  P_det_soft 0.0000  (6s)
  step  375  JSR  -21.4  loss 15.4798  logE[BER] -15.480  P_det_soft 0.0000  (7s)
  step  400  JSR  -21.6  loss 9.8033  logE[BER] -9.803  P_det_soft 0.0000  (7s)
  step  425  JSR   -9.0  loss 5.4215  logE[BER] -5.422  P_det_soft 0.0000  (7s)
  step  450  JSR   -0.7  loss 2.9576  logE[BER] -2.958  P_det_soft 0.0000  (8s)
  step  475  JSR  -23.6  loss 99.6117  logE[BER] -99.612  P_det_soft 0.0000  (8s)
  step  500  JSR  -15.9  loss 6.2870  logE[BER] -6.287  P_det_soft 0.0000  (9s)
  step  525  JSR  -17.7  loss 6.5207  logE[BER] -6.521  P_det_soft 0.0000  (9s)
  step  550  JSR   -8.3  loss 5.2800  logE[BER] -5.280  P_det_soft 0.0000  (10s)
  step  575  JSR  -12.0  loss 5.6971  logE[BER] -5.697  P_det_soft 0.0000  (10s)
  step  600  JSR   -7.2  loss 5.1696  logE[BER] -5.170  P_det_soft 0.0000  (10s)
  step  625  JSR   -5.9  loss 4.8518  logE[BER] -4.852  P_det_soft 0.0000  (11s)
  step  650  JSR  -31.1  loss 1697.0665  logE[BER] -1697.066  P_det_soft 0.0000  (11s)
  step  675  JSR  -21.9  loss 9.5828  logE[BER] -9.583  P_det_soft 0.0000  (12s)
  step  700  JSR  -11.0  loss 5.7087  logE[BER] -5.709  P_det_soft 0.0000  (12s)
  step  725  JSR   -9.7  loss 5.4942  logE[BER] -5.494  P_det_soft 0.0000  (12s)
  step  750  JSR  -11.3  loss 5.5870  logE[BER] -5.587  P_det_soft 0.0000  (13s)
  step  775  JSR  -21.8  loss 9.0317  logE[BER] -9.032  P_det_soft 0.0000  (13s)
  step  800  JSR  -30.5  loss 1523.7127  logE[BER] -1523.713  P_det_soft 0.0000  (14s)
  step  825  JSR  -22.3  loss 10.5570  logE[BER] -10.557  P_det_soft 0.0000  (14s)
  step  850  JSR  -29.0  loss 1134.7065  logE[BER] -1134.706  P_det_soft 0.0000  (14s)
  step  875  JSR  -28.7  loss 1060.4776  logE[BER] -1060.478  P_det_soft 0.0000  (15s)
  step  900  JSR  -19.8  loss 7.0748  logE[BER] -7.075  P_det_soft 0.0000  (15s)
  step  925  JSR  -25.6  loss 367.8891  logE[BER] -367.889  P_det_soft 0.0000  (16s)
  step  950  JSR  -28.6  loss 1023.4182  logE[BER] -1023.418  P_det_soft 0.0000  (16s)
  step  975  JSR  -21.1  loss 8.2678  logE[BER] -8.268  P_det_soft 0.0000  (16s)
  step 1000  JSR  -14.4  loss 5.9228  logE[BER] -5.923  P_det_soft 0.0000  (17s)
  step 1025  JSR  -10.1  loss 5.5060  logE[BER] -5.506  P_det_soft 0.0000  (17s)
  step 1050  JSR  -31.2  loss 1694.3044  logE[BER] -1694.304  P_det_soft 0.0000  (18s)
  step 1075  JSR  -10.4  loss 5.4702  logE[BER] -5.470  P_det_soft 0.0000  (18s)
  step 1100  JSR  -26.2  loss 491.8436  logE[BER] -491.844  P_det_soft 0.0000  (19s)
  step 1125  JSR  -17.1  loss 6.1970  logE[BER] -6.197  P_det_soft 0.0000  (19s)
  step 1150  JSR  -28.7  loss 865.8827  logE[BER] -865.883  P_det_soft 0.0000  (19s)
  step 1175  JSR   -7.4  loss 5.2295  logE[BER] -5.230  P_det_soft 0.0000  (20s)
  step 1200  JSR  -26.1  loss 467.8324  logE[BER] -467.832  P_det_soft 0.0000  (20s)
  step 1225  JSR  -24.1  loss 104.4914  logE[BER] -104.491  P_det_soft 0.0000  (21s)
  step 1250  JSR  -30.5  loss 1468.0253  logE[BER] -1468.025  P_det_soft 0.0000  (21s)
  step 1275  JSR  -14.8  loss 5.8157  logE[BER] -5.816  P_det_soft 0.0000  (21s)
  step 1300  JSR   -2.2  loss 3.7200  logE[BER] -3.720  P_det_soft 0.0000  (22s)
  step 1325  JSR  -30.9  loss 1564.4996  logE[BER] -1564.500  P_det_soft 0.0000  (22s)
  step 1350  JSR  -15.8  loss 6.0293  logE[BER] -6.029  P_det_soft 0.0000  (23s)
  step 1375  JSR  -31.9  loss 1730.9773  logE[BER] -1730.977  P_det_soft 0.0000  (23s)
  step 1400  JSR  -21.8  loss 8.7671  logE[BER] -8.767  P_det_soft 0.0000  (23s)
  step 1425  JSR  -11.9  loss 5.5874  logE[BER] -5.587  P_det_soft 0.0000  (24s)
  step 1450  JSR  -27.3  loss 735.2774  logE[BER] -735.277  P_det_soft 0.0000  (24s)
  step 1475  JSR   -7.9  loss 5.2145  logE[BER] -5.214  P_det_soft 0.0000  (25s)
  step 1500  JSR  -30.1  loss 1412.1801  logE[BER] -1412.180  P_det_soft 0.0000  (25s)
  step 1525  JSR  -20.8  loss 7.5838  logE[BER] -7.584  P_det_soft 0.0000  (25s)
  step 1550  JSR  -22.6  loss 9.7089  logE[BER] -9.709  P_det_soft 0.0000  (26s)
  step 1575  JSR  -29.7  loss 1103.9595  logE[BER] -1103.959  P_det_soft 0.0000  (26s)
  step 1600  JSR  -18.0  loss 6.4264  logE[BER] -6.426  P_det_soft 0.0000  (27s)
  step 1625  JSR   -7.7  loss 5.3987  logE[BER] -5.399  P_det_soft 0.0000  (27s)
  step 1650  JSR  -28.0  loss 703.0475  logE[BER] -703.047  P_det_soft 0.0000  (28s)
  step 1675  JSR  -17.9  loss 6.2817  logE[BER] -6.282  P_det_soft 0.0000  (28s)
  step 1700  JSR  -11.0  loss 5.5084  logE[BER] -5.508  P_det_soft 0.0000  (28s)
  step 1725  JSR  -23.7  loss 19.5221  logE[BER] -19.522  P_det_soft 0.0000  (29s)
  step 1750  JSR   -7.3  loss 5.1884  logE[BER] -5.188  P_det_soft 0.0000  (29s)
  step 1775  JSR   -9.6  loss 5.4520  logE[BER] -5.452  P_det_soft 0.0000  (30s)
  step 1800  JSR  -16.7  loss 6.1619  logE[BER] -6.162  P_det_soft 0.0000  (30s)
  step 1825  JSR  -28.4  loss 998.0626  logE[BER] -998.063  P_det_soft 0.0000  (30s)
  step 1850  JSR  -25.5  loss 230.6187  logE[BER] -230.619  P_det_soft 0.0000  (31s)
  step 1875  JSR  -29.2  loss 1129.1654  logE[BER] -1129.165  P_det_soft 0.0000  (31s)
  step 1900  JSR  -12.2  loss 5.6308  logE[BER] -5.631  P_det_soft 0.0000  (32s)
  step 1925  JSR   -7.4  loss 5.1369  logE[BER] -5.137  P_det_soft 0.0000  (32s)
  step 1950  JSR  -10.1  loss 5.4044  logE[BER] -5.404  P_det_soft 0.0000  (32s)
  step 1975  JSR  -26.4  loss 409.1487  logE[BER] -409.149  P_det_soft 0.0000  (33s)
  step 2000  JSR  -10.4  loss 5.4129  logE[BER] -5.413  P_det_soft 0.0000  (33s)
  step 2025  JSR  -18.3  loss 6.3691  logE[BER] -6.369  P_det_soft 0.0000  (34s)
  step 2050  JSR  -23.9  loss 85.2165  logE[BER] -85.217  P_det_soft 0.0000  (34s)
  step 2075  JSR  -25.8  loss 348.7263  logE[BER] -348.726  P_det_soft 0.0000  (34s)
  step 2100  JSR  -15.4  loss 5.7595  logE[BER] -5.760  P_det_soft 0.0000  (35s)
  step 2125  JSR  -23.1  loss 24.7462  logE[BER] -24.746  P_det_soft 0.0000  (35s)
  step 2150  JSR  -21.6  loss 8.1432  logE[BER] -8.143  P_det_soft 0.0000  (36s)
  step 2175  JSR  -22.2  loss 8.5843  logE[BER] -8.584  P_det_soft 0.0000  (36s)
  step 2200  JSR  -15.4  loss 5.8359  logE[BER] -5.836  P_det_soft 0.0000  (37s)
  step 2225  JSR  -17.7  loss 6.1301  logE[BER] -6.130  P_det_soft 0.0000  (37s)
  step 2250  JSR  -12.0  loss 5.3773  logE[BER] -5.377  P_det_soft 0.0000  (37s)
  step 2275  JSR   -2.1  loss 3.9317  logE[BER] -3.932  P_det_soft 0.0000  (38s)
  step 2300  JSR   -8.5  loss 5.3491  logE[BER] -5.349  P_det_soft 0.0000  (38s)
  step 2325  JSR  -15.6  loss 6.0165  logE[BER] -6.017  P_det_soft 0.0000  (39s)
  step 2350  JSR  -14.4  loss 5.7620  logE[BER] -5.762  P_det_soft 0.0000  (39s)
  step 2375  JSR  -28.1  loss 766.1702  logE[BER] -766.170  P_det_soft 0.0000  (39s)
  step 2400  JSR  -19.9  loss 6.6663  logE[BER] -6.666  P_det_soft 0.0000  (40s)
  step 2425  JSR  -22.6  loss 10.7084  logE[BER] -10.708  P_det_soft 0.0000  (40s)
  step 2450  JSR  -29.4  loss 1021.9271  logE[BER] -1021.927  P_det_soft 0.0000  (41s)
  step 2475  JSR  -27.6  loss 747.8803  logE[BER] -747.880  P_det_soft 0.0000  (41s)
  step 2500  JSR   -0.0  loss 3.2826  logE[BER] -3.283  P_det_soft 0.0000  (41s)
  step 2525  JSR  -30.7  loss 1346.8704  logE[BER] -1346.870  P_det_soft 0.0000  (42s)
  step 2550  JSR   -9.0  loss 5.2441  logE[BER] -5.244  P_det_soft 0.0000  (42s)
  step 2575  JSR  -29.3  loss 1083.4764  logE[BER] -1083.476  P_det_soft 0.0000  (43s)
  step 2600  JSR  -21.9  loss 8.9649  logE[BER] -8.965  P_det_soft 0.0000  (43s)
  step 2625  JSR  -31.3  loss 1612.5141  logE[BER] -1612.514  P_det_soft 0.0000  (43s)
  step 2650  JSR   -9.1  loss 5.3055  logE[BER] -5.306  P_det_soft 0.0000  (44s)
  step 2675  JSR  -23.3  loss 22.7296  logE[BER] -22.730  P_det_soft 0.0000  (44s)
  step 2700  JSR  -15.1  loss 5.7489  logE[BER] -5.749  P_det_soft 0.0000  (45s)
  step 2725  JSR  -26.2  loss 337.9578  logE[BER] -337.958  P_det_soft 0.0000  (45s)
  step 2750  JSR  -20.3  loss 7.3758  logE[BER] -7.376  P_det_soft 0.0000  (46s)
  step 2775  JSR   -8.9  loss 5.4413  logE[BER] -5.441  P_det_soft 0.0000  (46s)
  step 2800  JSR  -26.9  loss 459.0336  logE[BER] -459.034  P_det_soft 0.0000  (46s)
  step 2825  JSR  -24.3  loss 116.2486  logE[BER] -116.249  P_det_soft 0.0000  (47s)
  step 2850  JSR   -1.3  loss 3.6706  logE[BER] -3.671  P_det_soft 0.0000  (47s)
  step 2875  JSR  -22.3  loss 9.2196  logE[BER] -9.220  P_det_soft 0.0000  (48s)
  step 2900  JSR   -4.6  loss 4.7597  logE[BER] -4.760  P_det_soft 0.0000  (48s)
  step 2925  JSR   -2.2  loss 4.1226  logE[BER] -4.123  P_det_soft 0.0000  (48s)
  step 2950  JSR   -7.6  loss 5.2115  logE[BER] -5.212  P_det_soft 0.0000  (49s)
  step 2975  JSR  -12.1  loss 5.5199  logE[BER] -5.520  P_det_soft 0.0000  (49s)
  step 3000  JSR   -8.9  loss 5.3090  logE[BER] -5.309  P_det_soft 0.0000  (50s)
  step 3025  JSR  -14.1  loss 5.7237  logE[BER] -5.724  P_det_soft 0.0000  (50s)
  step 3050  JSR  -21.8  loss 8.1286  logE[BER] -8.129  P_det_soft 0.0000  (50s)
  step 3075  JSR  -25.7  loss 425.6713  logE[BER] -425.671  P_det_soft 0.0000  (51s)
  step 3100  JSR  -28.8  loss 864.9934  logE[BER] -864.993  P_det_soft 0.0000  (51s)
  step 3125  JSR   -9.0  loss 5.2598  logE[BER] -5.260  P_det_soft 0.0000  (52s)
  step 3150  JSR   -6.8  loss 5.0294  logE[BER] -5.029  P_det_soft 0.0000  (52s)
  step 3175  JSR  -12.5  loss 5.6613  logE[BER] -5.661  P_det_soft 0.0000  (52s)
  step 3200  JSR  -30.9  loss 1412.7208  logE[BER] -1412.721  P_det_soft 0.0000  (53s)
  step 3225  JSR   -7.9  loss 5.2308  logE[BER] -5.231  P_det_soft 0.0000  (53s)
  step 3250  JSR  -16.3  loss 5.9359  logE[BER] -5.936  P_det_soft 0.0000  (54s)
  step 3275  JSR   -1.6  loss 3.8524  logE[BER] -3.852  P_det_soft 0.0000  (54s)
  step 3300  JSR  -10.6  loss 5.4276  logE[BER] -5.428  P_det_soft 0.0000  (55s)
  step 3325  JSR  -11.3  loss 5.6033  logE[BER] -5.603  P_det_soft 0.0000  (55s)
  step 3350  JSR   -6.3  loss 5.1482  logE[BER] -5.148  P_det_soft 0.0000  (55s)
  step 3375  JSR  -14.7  loss 5.7472  logE[BER] -5.747  P_det_soft 0.0000  (56s)
  step 3400  JSR  -20.4  loss 7.0668  logE[BER] -7.067  P_det_soft 0.0000  (56s)
  step 3425  JSR  -30.2  loss 1378.5101  logE[BER] -1378.510  P_det_soft 0.0000  (57s)
  step 3450  JSR  -23.1  loss 11.6146  logE[BER] -11.615  P_det_soft 0.0000  (57s)
  step 3475  JSR   -5.6  loss 4.8518  logE[BER] -4.852  P_det_soft 0.0000  (57s)
  step 3500  JSR  -28.0  loss 722.3870  logE[BER] -722.387  P_det_soft 0.0000  (58s)
  step 3525  JSR   -3.8  loss 4.5492  logE[BER] -4.549  P_det_soft 0.0000  (58s)
  step 3550  JSR  -23.3  loss 31.3672  logE[BER] -31.367  P_det_soft 0.0000  (59s)
  step 3575  JSR  -28.0  loss 752.8377  logE[BER] -752.838  P_det_soft 0.0000  (59s)
  step 3600  JSR   -9.8  loss 5.3251  logE[BER] -5.325  P_det_soft 0.0000  (59s)
  step 3625  JSR   -8.6  loss 5.2397  logE[BER] -5.240  P_det_soft 0.0000  (60s)
  step 3650  JSR  -25.6  loss 291.5365  logE[BER] -291.536  P_det_soft 0.0000  (60s)
  step 3675  JSR  -11.8  loss 5.5296  logE[BER] -5.530  P_det_soft 0.0000  (61s)
  step 3700  JSR   -0.0  loss 3.3550  logE[BER] -3.355  P_det_soft 0.0000  (61s)
  step 3725  JSR   -9.6  loss 5.2474  logE[BER] -5.247  P_det_soft 0.0000  (61s)
  step 3750  JSR  -29.0  loss 1062.9033  logE[BER] -1062.903  P_det_soft 0.0000  (62s)
  step 3775  JSR  -18.4  loss 6.4821  logE[BER] -6.482  P_det_soft 0.0000  (62s)
  step 3800  JSR  -26.4  loss 331.8932  logE[BER] -331.893  P_det_soft 0.0000  (63s)
  step 3825  JSR  -19.8  loss 6.8058  logE[BER] -6.806  P_det_soft 0.0000  (63s)
  step 3850  JSR  -23.0  loss 10.6715  logE[BER] -10.671  P_det_soft 0.0000  (64s)
  step 3875  JSR   -4.6  loss 4.6364  logE[BER] -4.636  P_det_soft 0.0000  (64s)
  step 3900  JSR  -16.9  loss 5.9543  logE[BER] -5.954  P_det_soft 0.0000  (64s)
  step 3925  JSR  -21.5  loss 7.5188  logE[BER] -7.519  P_det_soft 0.0000  (65s)
  step 3950  JSR   -4.3  loss 4.5359  logE[BER] -4.536  P_det_soft 0.0000  (65s)
  step 3975  JSR  -17.4  loss 6.0071  logE[BER] -6.007  P_det_soft 0.0000  (66s)
  step 3999  JSR  -28.5  loss 819.3146  logE[BER] -819.315  P_det_soft 0.0000  (66s)
wrote task0_G.pt, task0.json  (tag eff)
