node: artongpu06.ee.ethz.ch | gpu: NVIDIA GeForce RTX 2080 Ti
task 13 = {'target': 'spec_cnn', 'beta': 1.0}  (tag spec_cnn_b1, 32 frames/step, JSR band (-48.0, -16.0))
  target spec_cnn: threshold -3.17573, clean-frame std 0.982227 (soft_pdet width)
  step    0  JSR  -16.4  loss 1674.8700  logE[BER] -1673.878  P_det_soft 0.9916  (3s)
  step   25  JSR  -28.6  loss 2678.6263  logE[BER] -2678.006  P_det_soft 0.6199  (5s)
  step   50  JSR  -30.3  loss 2379.7851  logE[BER] -2379.474  P_det_soft 0.3112  (8s)
  step   75  JSR  -43.3  loss 3494.0146  logE[BER] -3493.814  P_det_soft 0.2009  (10s)
  step  100  JSR  -44.4  loss 3519.3641  logE[BER] -3519.200  P_det_soft 0.1644  (13s)
  step  125  JSR  -46.9  loss 3617.1044  logE[BER] -3616.901  P_det_soft 0.2029  (15s)
  step  150  JSR  -25.2  loss 779.5985  logE[BER] -779.000  P_det_soft 0.5988  (17s)
  step  175  JSR  -34.0  loss 2545.1778  logE[BER] -2544.970  P_det_soft 0.2078  (20s)
  step  200  JSR  -23.8  loss 298.5455  logE[BER] -297.952  P_det_soft 0.5931  (22s)
  step  225  JSR  -22.1  loss 11.2098  logE[BER] -10.553  P_det_soft 0.6565  (25s)
  step  250  JSR  -21.9  loss 9.4253  logE[BER] -8.678  P_det_soft 0.7477  (27s)
  step  275  JSR  -44.8  loss 3408.4255  logE[BER] -3408.240  P_det_soft 0.1851  (30s)
  step  300  JSR  -17.5  loss 7.3018  logE[BER] -6.411  P_det_soft 0.8905  (32s)
  step  325  JSR  -39.0  loss 2989.6243  logE[BER] -2989.407  P_det_soft 0.2173  (35s)
  step  350  JSR  -46.9  loss 3602.3195  logE[BER] -3602.125  P_det_soft 0.1949  (38s)
  step  375  JSR  -44.7  loss 3482.3536  logE[BER] -3482.158  P_det_soft 0.1956  (40s)
  step  399  JSR  -46.4  loss 3602.6197  logE[BER] -3602.449  P_det_soft 0.1711  (43s)
wrote task13_G.pt, task13.json  (tag spec_cnn_b1)
