node: artongpu01.ee.ethz.ch | gpu: NVIDIA GeForce RTX 2080 Ti
task 13 = {'target': 'spec_cnn', 'beta': 1.0}  (tag spec_cnn_b1, 32 frames/step, JSR band (-48.0, -16.0))
  target spec_cnn: threshold -3.15718, clean-frame std 1.06848 (soft_pdet width)
  step    0  JSR  -16.4  loss 2472.9266  logE[BER] -2471.928  P_det_soft 0.9990  (1s)
  step   25  JSR  -28.6  loss 2643.6814  logE[BER] -2642.941  P_det_soft 0.7405  (3s)
  step   50  JSR  -30.3  loss 2865.9091  logE[BER] -2865.387  P_det_soft 0.5222  (6s)
  step   75  JSR  -43.3  loss 3746.9640  logE[BER] -3746.778  P_det_soft 0.1860  (8s)
  step  100  JSR  -44.4  loss 3742.9034  logE[BER] -3742.762  P_det_soft 0.1413  (11s)
  step  125  JSR  -46.9  loss 3843.0284  logE[BER] -3842.828  P_det_soft 0.2000  (13s)
  step  150  JSR  -25.2  loss 2150.3000  logE[BER] -2149.366  P_det_soft 0.9343  (16s)
  step  175  JSR  -34.0  loss 3284.4499  logE[BER] -3284.106  P_det_soft 0.3443  (18s)
  step  200  JSR  -23.8  loss 1330.2752  logE[BER] -1329.305  P_det_soft 0.9703  (21s)
  step  225  JSR  -22.1  loss 1309.4327  logE[BER] -1308.445  P_det_soft 0.9877  (23s)
  step  250  JSR  -21.9  loss 1129.8052  logE[BER] -1128.815  P_det_soft 0.9907  (26s)
  step  275  JSR  -44.8  loss 3748.9201  logE[BER] -3748.765  P_det_soft 0.1551  (28s)
  step  300  JSR  -17.5  loss 293.9416  logE[BER] -292.944  P_det_soft 0.9981  (31s)
  step  325  JSR  -39.0  loss 3425.1320  logE[BER] -3424.967  P_det_soft 0.1651  (34s)
  step  350  JSR  -46.9  loss 3805.1917  logE[BER] -3805.013  P_det_soft 0.1790  (36s)
  step  375  JSR  -44.7  loss 3724.3226  logE[BER] -3724.121  P_det_soft 0.2020  (39s)
  step  400  JSR  -19.4  loss 744.3541  logE[BER] -743.356  P_det_soft 0.9977  (41s)
  step  425  JSR  -46.3  loss 3734.4106  logE[BER] -3734.213  P_det_soft 0.1976  (44s)
  step  450  JSR  -18.6  loss 425.5758  logE[BER] -424.578  P_det_soft 0.9977  (46s)
  step  475  JSR  -33.8  loss 2850.7448  logE[BER] -2850.356  P_det_soft 0.3887  (49s)
  step  500  JSR  -42.1  loss 3627.1452  logE[BER] -3627.008  P_det_soft 0.1372  (52s)
  step  525  JSR  -37.4  loss 3323.9611  logE[BER] -3323.746  P_det_soft 0.2150  (54s)
  step  550  JSR  -37.2  loss 3266.5685  logE[BER] -3266.373  P_det_soft 0.1954  (57s)
  step  575  JSR  -47.8  loss 3786.9849  logE[BER] -3786.825  P_det_soft 0.1598  (59s)
  step  600  JSR  -16.9  loss 10.5233  logE[BER] -9.525  P_det_soft 0.9985  (62s)
  step  625  JSR  -34.6  loss 3060.9709  logE[BER] -3060.733  P_det_soft 0.2379  (65s)
  step  650  JSR  -20.6  loss 150.6680  logE[BER] -149.675  P_det_soft 0.9934  (67s)
  step  675  JSR  -39.4  loss 3383.4070  logE[BER] -3383.189  P_det_soft 0.2176  (70s)
  step  700  JSR  -30.6  loss 2353.7530  logE[BER] -2353.363  P_det_soft 0.3902  (72s)
  step  725  JSR  -47.7  loss 3772.8213  logE[BER] -3772.618  P_det_soft 0.2033  (75s)
  step  750  JSR  -17.2  loss 8.4734  logE[BER] -7.476  P_det_soft 0.9979  (77s)
  step  775  JSR  -21.9  loss 219.7122  logE[BER] -218.739  P_det_soft 0.9734  (80s)
  step  800  JSR  -34.7  loss 2990.0114  logE[BER] -2989.739  P_det_soft 0.2723  (83s)
  step  825  JSR  -33.0  loss 2597.9084  logE[BER] -2597.603  P_det_soft 0.3055  (85s)
  step  850  JSR  -41.9  loss 3459.8194  logE[BER] -3459.653  P_det_soft 0.1661  (88s)
  step  875  JSR  -32.9  loss 2606.6949  logE[BER] -2606.423  P_det_soft 0.2714  (90s)
  step  900  JSR  -43.6  loss 3556.7662  logE[BER] -3556.620  P_det_soft 0.1465  (93s)
  step  925  JSR  -30.9  loss 2391.1434  logE[BER] -2390.755  P_det_soft 0.3885  (95s)
  step  950  JSR  -23.3  loss 717.9271  logE[BER] -716.988  P_det_soft 0.9390  (98s)
  step  975  JSR  -47.7  loss 3676.6369  logE[BER] -3676.495  P_det_soft 0.1423  (101s)
  step 1000  JSR  -31.9  loss 2549.9654  logE[BER] -2549.539  P_det_soft 0.4261  (103s)
  step 1025  JSR  -41.9  loss 3430.4018  logE[BER] -3430.263  P_det_soft 0.1385  (106s)
  step 1050  JSR  -23.6  loss 593.7512  logE[BER] -592.833  P_det_soft 0.9181  (108s)
  step 1075  JSR  -21.7  loss 69.5823  logE[BER] -68.613  P_det_soft 0.9694  (111s)
  step 1100  JSR  -19.8  loss 8.5278  logE[BER] -7.541  P_det_soft 0.9867  (113s)
  step 1125  JSR  -19.9  loss 69.9669  logE[BER] -68.970  P_det_soft 0.9964  (116s)
  step 1150  JSR  -42.1  loss 3339.2721  logE[BER] -3339.127  P_det_soft 0.1454  (119s)
  step 1175  JSR  -29.8  loss 1622.1639  logE[BER] -1621.848  P_det_soft 0.3162  (121s)
  step 1200  JSR  -29.4  loss 1432.0327  logE[BER] -1431.724  P_det_soft 0.3086  (124s)
  step 1225  JSR  -39.1  loss 3008.7307  logE[BER] -3008.572  P_det_soft 0.1588  (126s)
  step 1250  JSR  -42.4  loss 3397.1486  logE[BER] -3396.923  P_det_soft 0.2261  (129s)
  step 1275  JSR  -23.3  loss 164.5889  logE[BER] -163.738  P_det_soft 0.8505  (131s)
  step 1300  JSR  -30.0  loss 1458.5068  logE[BER] -1458.198  P_det_soft 0.3088  (134s)
  step 1325  JSR  -36.1  loss 2621.9464  logE[BER] -2621.788  P_det_soft 0.1587  (137s)
  step 1350  JSR  -24.4  loss 215.9011  logE[BER] -215.162  P_det_soft 0.7393  (139s)
  step 1375  JSR  -21.0  loss 8.7686  logE[BER] -7.841  P_det_soft 0.9280  (142s)
  step 1400  JSR  -32.1  loss 1878.5771  logE[BER] -1878.379  P_det_soft 0.1983  (144s)
  step 1425  JSR  -29.8  loss 1409.6566  logE[BER] -1409.367  P_det_soft 0.2891  (147s)
  step 1450  JSR  -22.1  loss 10.7459  logE[BER] -9.917  P_det_soft 0.8285  (149s)
  step 1475  JSR  -40.3  loss 3030.8182  logE[BER] -3030.646  P_det_soft 0.1726  (152s)
  step 1500  JSR  -27.3  loss 693.7585  logE[BER] -693.463  P_det_soft 0.2951  (155s)
  step 1525  JSR  -28.2  loss 974.6145  logE[BER] -974.257  P_det_soft 0.3576  (157s)
  step 1550  JSR  -26.0  loss 430.1419  logE[BER] -429.610  P_det_soft 0.5317  (160s)
  step 1575  JSR  -30.5  loss 1385.9981  logE[BER] -1385.777  P_det_soft 0.2211  (162s)
  step 1600  JSR  -39.3  loss 2917.8756  logE[BER] -2917.678  P_det_soft 0.1974  (165s)
  step 1625  JSR  -39.4  loss 2900.6173  logE[BER] -2900.483  P_det_soft 0.1340  (167s)
  step 1650  JSR  -16.3  loss 6.7925  logE[BER] -5.809  P_det_soft 0.9834  (170s)
  step 1675  JSR  -30.4  loss 1348.5362  logE[BER] -1348.303  P_det_soft 0.2328  (173s)
  step 1700  JSR  -21.5  loss 9.0818  logE[BER] -8.258  P_det_soft 0.8239  (175s)
  step 1725  JSR  -16.2  loss 6.9610  logE[BER] -5.970  P_det_soft 0.9911  (178s)
  step 1750  JSR  -18.6  loss 7.3900  logE[BER] -6.445  P_det_soft 0.9447  (180s)
  step 1775  JSR  -34.7  loss 2208.3053  logE[BER] -2208.139  P_det_soft 0.1663  (183s)
  step 1800  JSR  -41.7  loss 3149.9063  logE[BER] -3149.762  P_det_soft 0.1446  (185s)
  step 1825  JSR  -27.9  loss 742.7330  logE[BER] -742.429  P_det_soft 0.3044  (188s)
  step 1850  JSR  -38.4  loss 2808.1416  logE[BER] -2807.959  P_det_soft 0.1824  (190s)
  step 1875  JSR  -32.1  loss 1699.2618  logE[BER] -1698.996  P_det_soft 0.2663  (193s)
  step 1900  JSR  -35.7  loss 2360.7534  logE[BER] -2360.633  P_det_soft 0.1204  (196s)
  step 1925  JSR  -18.0  loss 6.9139  logE[BER] -5.973  P_det_soft 0.9407  (198s)
  step 1950  JSR  -37.2  loss 2598.1883  logE[BER] -2598.056  P_det_soft 0.1322  (201s)
  step 1975  JSR  -41.4  loss 3081.1234  logE[BER] -3080.965  P_det_soft 0.1582  (203s)
  step 2000  JSR  -21.4  loss 8.0479  logE[BER] -7.317  P_det_soft 0.7308  (206s)
  step 2025  JSR  -16.3  loss 6.8122  logE[BER] -5.833  P_det_soft 0.9794  (208s)
  step 2050  JSR  -47.6  loss 3545.1652  logE[BER] -3545.042  P_det_soft 0.1235  (211s)
  step 2075  JSR  -38.5  loss 2706.0451  logE[BER] -2705.901  P_det_soft 0.1440  (214s)
  step 2100  JSR  -32.2  loss 1690.5952  logE[BER] -1690.417  P_det_soft 0.1785  (216s)
  step 2125  JSR  -32.1  loss 1644.8601  logE[BER] -1644.686  P_det_soft 0.1744  (219s)
  step 2150  JSR  -39.9  loss 2932.5389  logE[BER] -2932.384  P_det_soft 0.1548  (221s)
  step 2175  JSR  -34.7  loss 2226.9892  logE[BER] -2226.837  P_det_soft 0.1525  (224s)
  step 2200  JSR  -47.4  loss 3527.4879  logE[BER] -3527.282  P_det_soft 0.2063  (226s)
  step 2225  JSR  -16.4  loss 6.5492  logE[BER] -5.577  P_det_soft 0.9720  (229s)
  step 2250  JSR  -26.4  loss 373.4991  logE[BER] -373.178  P_det_soft 0.3210  (232s)
  step 2275  JSR  -41.0  loss 3097.8710  logE[BER] -3097.697  P_det_soft 0.1737  (234s)
  step 2300  JSR  -22.9  loss 9.3526  logE[BER] -8.797  P_det_soft 0.5552  (237s)
  step 2325  JSR  -32.0  loss 1643.3400  logE[BER] -1643.107  P_det_soft 0.2331  (239s)
  step 2350  JSR  -18.9  loss 7.2931  logE[BER] -6.446  P_det_soft 0.8469  (242s)
  step 2375  JSR  -32.0  loss 1670.0099  logE[BER] -1669.777  P_det_soft 0.2330  (244s)
  step 2400  JSR  -18.4  loss 6.9656  logE[BER] -6.121  P_det_soft 0.8451  (247s)
  step 2425  JSR  -22.7  loss 8.1796  logE[BER] -7.627  P_det_soft 0.5523  (249s)
  step 2450  JSR  -16.9  loss 6.9213  logE[BER] -5.980  P_det_soft 0.9413  (252s)
  step 2475  JSR  -19.3  loss 7.1530  logE[BER] -6.372  P_det_soft 0.7807  (255s)
  step 2500  JSR  -25.0  loss 122.1571  logE[BER] -121.752  P_det_soft 0.4046  (257s)
  step 2525  JSR  -34.1  loss 2079.3465  logE[BER] -2079.165  P_det_soft 0.1816  (260s)
  step 2550  JSR  -41.1  loss 3094.1970  logE[BER] -3093.972  P_det_soft 0.2249  (262s)
  step 2575  JSR  -41.4  loss 3073.5858  logE[BER] -3073.406  P_det_soft 0.1801  (265s)
  step 2600  JSR  -42.8  loss 3189.4872  logE[BER] -3189.320  P_det_soft 0.1672  (267s)
  step 2625  JSR  -21.1  loss 7.7669  logE[BER] -7.077  P_det_soft 0.6904  (270s)
  step 2650  JSR  -40.9  loss 3008.2099  logE[BER] -3007.988  P_det_soft 0.2221  (272s)
  step 2675  JSR  -44.9  loss 3355.5850  logE[BER] -3355.380  P_det_soft 0.2048  (275s)
  step 2700  JSR  -35.3  loss 2285.8345  logE[BER] -2285.674  P_det_soft 0.1604  (278s)
  step 2725  JSR  -22.4  loss 8.0195  logE[BER] -7.467  P_det_soft 0.5525  (280s)
  step 2750  JSR  -20.6  loss 7.0597  logE[BER] -6.478  P_det_soft 0.5813  (283s)
  step 2775  JSR  -25.8  loss 280.6905  logE[BER] -280.401  P_det_soft 0.2899  (285s)
  step 2800  JSR  -28.6  loss 783.3955  logE[BER] -783.225  P_det_soft 0.1703  (288s)
  step 2825  JSR  -18.5  loss 6.8011  logE[BER] -5.975  P_det_soft 0.8258  (290s)
  step 2850  JSR  -20.0  loss 6.8863  logE[BER] -6.241  P_det_soft 0.6453  (293s)
  step 2875  JSR  -23.2  loss 8.6837  logE[BER] -8.284  P_det_soft 0.3995  (296s)
  step 2900  JSR  -25.7  loss 219.8897  logE[BER] -219.644  P_det_soft 0.2455  (298s)
  step 2925  JSR  -16.2  loss 6.4246  logE[BER] -5.537  P_det_soft 0.8874  (301s)
  step 2950  JSR  -16.6  loss 6.5755  logE[BER] -5.656  P_det_soft 0.9194  (303s)
  step 2975  JSR  -37.3  loss 2518.1844  logE[BER] -2517.993  P_det_soft 0.1913  (306s)
  step 3000  JSR  -19.3  loss 6.8835  logE[BER] -6.200  P_det_soft 0.6838  (308s)
  step 3025  JSR  -45.9  loss 3452.4179  logE[BER] -3452.279  P_det_soft 0.1392  (311s)
  step 3050  JSR  -23.5  loss 8.6240  logE[BER] -8.186  P_det_soft 0.4376  (313s)
  step 3075  JSR  -26.3  loss 305.3645  logE[BER] -305.118  P_det_soft 0.2470  (316s)
  step 3100  JSR  -43.7  loss 3263.1251  logE[BER] -3262.946  P_det_soft 0.1792  (319s)
  step 3125  JSR  -16.7  loss 6.6554  logE[BER] -5.777  P_det_soft 0.8782  (321s)
  step 3150  JSR  -39.4  loss 2891.5025  logE[BER] -2891.355  P_det_soft 0.1473  (324s)
  step 3175  JSR  -41.5  loss 3045.8905  logE[BER] -3045.766  P_det_soft 0.1248  (326s)
  step 3200  JSR  -22.8  loss 7.5631  logE[BER] -7.202  P_det_soft 0.3610  (329s)
  step 3225  JSR  -18.4  loss 6.5433  logE[BER] -5.833  P_det_soft 0.7104  (331s)
  step 3250  JSR  -18.4  loss 6.6394  logE[BER] -5.965  P_det_soft 0.6747  (334s)
  step 3275  JSR  -38.9  loss 2780.0985  logE[BER] -2779.943  P_det_soft 0.1553  (336s)
  step 3300  JSR  -47.3  loss 3499.6779  logE[BER] -3499.507  P_det_soft 0.1711  (339s)
  step 3325  JSR  -28.3  loss 822.9161  logE[BER] -822.645  P_det_soft 0.2711  (342s)
  step 3350  JSR  -36.0  loss 2310.7180  logE[BER] -2310.531  P_det_soft 0.1866  (344s)
  step 3375  JSR  -46.7  loss 3468.7907  logE[BER] -3468.599  P_det_soft 0.1913  (347s)
  step 3400  JSR  -26.0  loss 421.7497  logE[BER] -421.482  P_det_soft 0.2677  (349s)
  step 3425  JSR  -26.5  loss 327.1101  logE[BER] -326.831  P_det_soft 0.2787  (352s)
  step 3450  JSR  -40.3  loss 2949.3272  logE[BER] -2949.158  P_det_soft 0.1696  (354s)
  step 3475  JSR  -44.4  loss 3314.9166  logE[BER] -3314.779  P_det_soft 0.1377  (357s)
  step 3500  JSR  -33.0  loss 1778.7320  logE[BER] -1778.541  P_det_soft 0.1911  (360s)
  step 3525  JSR  -39.5  loss 2854.1820  logE[BER] -2854.053  P_det_soft 0.1291  (362s)
  step 3550  JSR  -31.0  loss 1397.5774  logE[BER] -1397.392  P_det_soft 0.1857  (365s)
  step 3575  JSR  -41.4  loss 3038.4542  logE[BER] -3038.210  P_det_soft 0.2440  (367s)
  step 3600  JSR  -19.0  loss 6.5937  logE[BER] -5.965  P_det_soft 0.6282  (370s)
  step 3625  JSR  -46.9  loss 3489.5167  logE[BER] -3489.332  P_det_soft 0.1849  (372s)
  step 3650  JSR  -20.3  loss 6.9677  logE[BER] -6.451  P_det_soft 0.5163  (375s)
  step 3675  JSR  -29.6  loss 986.6166  logE[BER] -986.469  P_det_soft 0.1479  (377s)
  step 3700  JSR  -22.2  loss 7.6466  logE[BER] -7.205  P_det_soft 0.4418  (380s)
  step 3725  JSR  -26.5  loss 324.0510  logE[BER] -323.772  P_det_soft 0.2790  (383s)
  step 3750  JSR  -25.9  loss 249.8690  logE[BER] -249.588  P_det_soft 0.2808  (385s)
  step 3775  JSR  -28.8  loss 882.2409  logE[BER] -882.054  P_det_soft 0.1869  (388s)
  step 3800  JSR  -21.0  loss 7.6363  logE[BER] -7.084  P_det_soft 0.5518  (390s)
  step 3825  JSR  -46.5  loss 3482.9133  logE[BER] -3482.759  P_det_soft 0.1541  (393s)
  step 3850  JSR  -40.5  loss 2935.6181  logE[BER] -2935.472  P_det_soft 0.1465  (395s)
  step 3875  JSR  -44.4  loss 3345.1019  logE[BER] -3344.950  P_det_soft 0.1516  (398s)
  step 3900  JSR  -16.5  loss 6.5448  logE[BER] -5.677  P_det_soft 0.8674  (400s)
  step 3925  JSR  -41.1  loss 2995.5431  logE[BER] -2995.359  P_det_soft 0.1844  (403s)
  step 3950  JSR  -39.7  loss 2859.3381  logE[BER] -2859.188  P_det_soft 0.1499  (406s)
  step 3975  JSR  -25.5  loss 274.8055  logE[BER] -274.537  P_det_soft 0.2686  (408s)
  step 3999  JSR  -39.1  loss 2775.8051  logE[BER] -2775.592  P_det_soft 0.2128  (411s)
wrote task13_G.pt, task13.json  (tag spec_cnn_b1)
