node: tikgpu06.ee.ethz.ch | gpu: NVIDIA GeForce RTX 3090
task 0 = {'target': None, 'beta': 0.0}  (tag eff, 128 frames/step, JSR band (-32.0, 0.0))
  step    0  JSR  -15.3  loss 1383.9158  logE[BER] -1383.916  P_det_soft 0.0000  (0s)
  step   25  JSR   -6.6  loss 5.2391  logE[BER] -5.239  P_det_soft 0.0000  (1s)
  step   50  JSR  -25.4  loss 1061.0233  logE[BER] -1061.023  P_det_soft 0.0000  (1s)
  step   75  JSR   -2.0  loss 3.0194  logE[BER] -3.019  P_det_soft 0.0000  (2s)
  step  100  JSR  -12.0  loss 5.8598  logE[BER] -5.860  P_det_soft 0.0000  (2s)
  step  125  JSR  -12.1  loss 5.8171  logE[BER] -5.817  P_det_soft 0.0000  (3s)
  step  150  JSR  -13.9  loss 5.8993  logE[BER] -5.899  P_det_soft 0.0000  (3s)
  step  175  JSR  -12.4  loss 5.9269  logE[BER] -5.927  P_det_soft 0.0000  (4s)
  step  200  JSR  -20.8  loss 9.3271  logE[BER] -9.327  P_det_soft 0.0000  (4s)
  step  225  JSR  -18.2  loss 7.1231  logE[BER] -7.123  P_det_soft 0.0000  (4s)
  step  250  JSR   -8.9  loss 5.5270  logE[BER] -5.527  P_det_soft 0.0000  (5s)
  step  275  JSR  -13.6  loss 5.9152  logE[BER] -5.915  P_det_soft 0.0000  (5s)
  step  300  JSR   -1.4  loss 3.0278  logE[BER] -3.028  P_det_soft 0.0000  (6s)
  step  325  JSR  -19.5  loss 7.7539  logE[BER] -7.754  P_det_soft 0.0000  (6s)
  step  350  JSR   -4.8  loss 4.2912  logE[BER] -4.291  P_det_soft 0.0000  (6s)
  step  375  JSR   -8.2  loss 5.3063  logE[BER] -5.306  P_det_soft 0.0000  (7s)
  step  400  JSR  -29.6  loss 1541.0800  logE[BER] -1541.080  P_det_soft 0.0000  (7s)
  step  425  JSR  -18.1  loss 6.9761  logE[BER] -6.976  P_det_soft 0.0000  (8s)
  step  450  JSR  -25.3  loss 318.2694  logE[BER] -318.269  P_det_soft 0.0000  (8s)
  step  475  JSR  -24.0  loss 80.9000  logE[BER] -80.900  P_det_soft 0.0000  (8s)
  step  500  JSR  -22.0  loss 12.7236  logE[BER] -12.724  P_det_soft 0.0000  (9s)
  step  525  JSR  -25.8  loss 488.4358  logE[BER] -488.436  P_det_soft 0.0000  (9s)
  step  550  JSR   -5.9  loss 4.8834  logE[BER] -4.883  P_det_soft 0.0000  (10s)
  step  575  JSR  -21.2  loss 8.3570  logE[BER] -8.357  P_det_soft 0.0000  (10s)
  step  600  JSR  -26.2  loss 530.3650  logE[BER] -530.365  P_det_soft 0.0000  (10s)
  step  625  JSR   -1.2  loss 3.0924  logE[BER] -3.092  P_det_soft 0.0000  (11s)
  step  650  JSR  -19.3  loss 7.1716  logE[BER] -7.172  P_det_soft 0.0000  (11s)
  step  675  JSR   -1.6  loss 3.2270  logE[BER] -3.227  P_det_soft 0.0000  (12s)
  step  700  JSR   -5.3  loss 4.6523  logE[BER] -4.652  P_det_soft 0.0000  (12s)
  step  725  JSR  -11.7  loss 5.6094  logE[BER] -5.609  P_det_soft 0.0000  (12s)
  step  750  JSR  -20.0  loss 7.6173  logE[BER] -7.617  P_det_soft 0.0000  (13s)
  step  775  JSR  -17.5  loss 6.6359  logE[BER] -6.636  P_det_soft 0.0000  (13s)
  step  800  JSR  -32.0  loss 1785.4430  logE[BER] -1785.443  P_det_soft 0.0000  (14s)
  step  825  JSR   -0.7  loss 3.0230  logE[BER] -3.023  P_det_soft 0.0000  (14s)
  step  850  JSR  -13.5  loss 5.9328  logE[BER] -5.933  P_det_soft 0.0000  (14s)
  step  875  JSR   -8.5  loss 5.4865  logE[BER] -5.486  P_det_soft 0.0000  (15s)
  step  900  JSR   -5.2  loss 4.6788  logE[BER] -4.679  P_det_soft 0.0000  (15s)
  step  925  JSR  -27.3  loss 803.7487  logE[BER] -803.749  P_det_soft 0.0000  (16s)
  step  950  JSR  -17.5  loss 6.3384  logE[BER] -6.338  P_det_soft 0.0000  (16s)
  step  975  JSR  -20.8  loss 7.5307  logE[BER] -7.531  P_det_soft 0.0000  (17s)
  step 1000  JSR   -1.9  loss 3.6828  logE[BER] -3.683  P_det_soft 0.0000  (17s)
  step 1025  JSR  -21.4  loss 8.7823  logE[BER] -8.782  P_det_soft 0.0000  (17s)
  step 1050  JSR  -26.3  loss 511.9480  logE[BER] -511.948  P_det_soft 0.0000  (18s)
  step 1075  JSR  -21.7  loss 8.2920  logE[BER] -8.292  P_det_soft 0.0000  (18s)
  step 1100  JSR  -21.9  loss 8.7987  logE[BER] -8.799  P_det_soft 0.0000  (19s)
  step 1125  JSR  -15.5  loss 5.9146  logE[BER] -5.915  P_det_soft 0.0000  (19s)
  step 1150  JSR  -21.1  loss 7.7522  logE[BER] -7.752  P_det_soft 0.0000  (19s)
  step 1175  JSR  -13.6  loss 5.6534  logE[BER] -5.653  P_det_soft 0.0000  (20s)
  step 1200  JSR  -26.5  loss 506.1716  logE[BER] -506.172  P_det_soft 0.0000  (20s)
  step 1225  JSR  -10.5  loss 5.4412  logE[BER] -5.441  P_det_soft 0.0000  (21s)
  step 1250  JSR   -0.0  loss 2.9665  logE[BER] -2.967  P_det_soft 0.0000  (21s)
  step 1275  JSR   -1.5  loss 3.5931  logE[BER] -3.593  P_det_soft 0.0000  (21s)
  step 1300  JSR  -11.1  loss 5.5333  logE[BER] -5.533  P_det_soft 0.0000  (22s)
  step 1325  JSR  -29.9  loss 1285.4661  logE[BER] -1285.466  P_det_soft 0.0000  (22s)
  step 1350  JSR  -14.4  loss 5.7912  logE[BER] -5.791  P_det_soft 0.0000  (23s)
  step 1375  JSR   -4.0  loss 4.5445  logE[BER] -4.544  P_det_soft 0.0000  (23s)
  step 1400  JSR  -19.6  loss 6.8756  logE[BER] -6.876  P_det_soft 0.0000  (24s)
  step 1425  JSR  -22.1  loss 9.0496  logE[BER] -9.050  P_det_soft 0.0000  (24s)
  step 1450  JSR   -8.4  loss 5.2897  logE[BER] -5.290  P_det_soft 0.0000  (24s)
  step 1475  JSR  -30.6  loss 1360.3712  logE[BER] -1360.371  P_det_soft 0.0000  (25s)
  step 1500  JSR  -27.8  loss 754.9042  logE[BER] -754.904  P_det_soft 0.0000  (25s)
  step 1525  JSR  -13.5  loss 5.7225  logE[BER] -5.723  P_det_soft 0.0000  (26s)
  step 1550  JSR  -26.3  loss 533.3361  logE[BER] -533.336  P_det_soft 0.0000  (26s)
  step 1575  JSR   -3.5  loss 4.3300  logE[BER] -4.330  P_det_soft 0.0000  (27s)
  step 1600  JSR  -16.1  loss 6.1146  logE[BER] -6.115  P_det_soft 0.0000  (27s)
  step 1625  JSR  -22.8  loss 10.2572  logE[BER] -10.257  P_det_soft 0.0000  (27s)
  step 1650  JSR   -0.8  loss 3.4939  logE[BER] -3.494  P_det_soft 0.0000  (28s)
  step 1675  JSR  -31.1  loss 1598.3491  logE[BER] -1598.349  P_det_soft 0.0000  (28s)
  step 1700  JSR  -11.3  loss 5.4381  logE[BER] -5.438  P_det_soft 0.0000  (29s)
  step 1725  JSR  -11.6  loss 5.4286  logE[BER] -5.429  P_det_soft 0.0000  (29s)
  step 1750  JSR  -17.1  loss 6.1638  logE[BER] -6.164  P_det_soft 0.0000  (30s)
  step 1775  JSR   -7.1  loss 5.1300  logE[BER] -5.130  P_det_soft 0.0000  (30s)
  step 1800  JSR  -14.9  loss 5.7913  logE[BER] -5.791  P_det_soft 0.0000  (31s)
  step 1825  JSR   -8.0  loss 5.1754  logE[BER] -5.175  P_det_soft 0.0000  (31s)
  step 1850  JSR   -9.3  loss 5.3749  logE[BER] -5.375  P_det_soft 0.0000  (32s)
  step 1875  JSR  -13.3  loss 5.6600  logE[BER] -5.660  P_det_soft 0.0000  (32s)
  step 1900  JSR   -1.0  loss 3.5340  logE[BER] -3.534  P_det_soft 0.0000  (32s)
  step 1925  JSR  -24.2  loss 92.0099  logE[BER] -92.010  P_det_soft 0.0000  (33s)
  step 1950  JSR   -4.9  loss 4.7465  logE[BER] -4.747  P_det_soft 0.0000  (33s)
  step 1975  JSR  -17.7  loss 6.2180  logE[BER] -6.218  P_det_soft 0.0000  (34s)
  step 2000  JSR  -15.6  loss 5.9898  logE[BER] -5.990  P_det_soft 0.0000  (34s)
  step 2025  JSR  -31.0  loss 1485.3592  logE[BER] -1485.359  P_det_soft 0.0000  (35s)
  step 2050  JSR   -8.7  loss 5.3087  logE[BER] -5.309  P_det_soft 0.0000  (35s)
  step 2075  JSR  -20.6  loss 7.1951  logE[BER] -7.195  P_det_soft 0.0000  (36s)
  step 2100  JSR  -21.6  loss 8.0938  logE[BER] -8.094  P_det_soft 0.0000  (36s)
  step 2125  JSR  -30.8  loss 1395.5991  logE[BER] -1395.599  P_det_soft 0.0000  (37s)
  step 2150  JSR  -27.0  loss 585.3476  logE[BER] -585.348  P_det_soft 0.0000  (37s)
  step 2175  JSR  -16.4  loss 5.8844  logE[BER] -5.884  P_det_soft 0.0000  (38s)
  step 2200  JSR   -1.5  loss 3.7703  logE[BER] -3.770  P_det_soft 0.0000  (38s)
  step 2225  JSR   -1.3  loss 3.6457  logE[BER] -3.646  P_det_soft 0.0000  (39s)
  step 2250  JSR   -8.1  loss 5.1766  logE[BER] -5.177  P_det_soft 0.0000  (39s)
  step 2275  JSR   -4.7  loss 4.6446  logE[BER] -4.645  P_det_soft 0.0000  (40s)
  step 2300  JSR   -4.4  loss 4.6810  logE[BER] -4.681  P_det_soft 0.0000  (40s)
  step 2325  JSR  -26.2  loss 401.5706  logE[BER] -401.571  P_det_soft 0.0000  (41s)
  step 2350  JSR   -2.0  loss 3.9725  logE[BER] -3.973  P_det_soft 0.0000  (41s)
  step 2375  JSR  -14.1  loss 5.8155  logE[BER] -5.816  P_det_soft 0.0000  (42s)
  step 2400  JSR  -24.6  loss 138.9167  logE[BER] -138.917  P_det_soft 0.0000  (42s)
  step 2425  JSR  -30.1  loss 1256.4200  logE[BER] -1256.420  P_det_soft 0.0000  (43s)
  step 2450  JSR   -5.8  loss 4.9264  logE[BER] -4.926  P_det_soft 0.0000  (43s)
  step 2475  JSR   -1.8  loss 3.8271  logE[BER] -3.827  P_det_soft 0.0000  (44s)
  step 2500  JSR  -23.7  loss 37.4028  logE[BER] -37.403  P_det_soft 0.0000  (44s)
  step 2525  JSR   -1.2  loss 3.7978  logE[BER] -3.798  P_det_soft 0.0000  (45s)
  step 2550  JSR   -7.6  loss 5.1972  logE[BER] -5.197  P_det_soft 0.0000  (45s)
  step 2575  JSR  -22.5  loss 8.8844  logE[BER] -8.884  P_det_soft 0.0000  (46s)
  step 2600  JSR  -31.6  loss 1616.0612  logE[BER] -1616.061  P_det_soft 0.0000  (46s)
  step 2625  JSR  -30.7  loss 1312.5152  logE[BER] -1312.515  P_det_soft 0.0000  (47s)
  step 2650  JSR  -26.8  loss 570.3452  logE[BER] -570.345  P_det_soft 0.0000  (47s)
  step 2675  JSR  -32.0  loss 1700.8434  logE[BER] -1700.843  P_det_soft 0.0000  (48s)
  step 2700  JSR  -28.6  loss 900.4214  logE[BER] -900.421  P_det_soft 0.0000  (48s)
  step 2725  JSR  -16.3  loss 6.0231  logE[BER] -6.023  P_det_soft 0.0000  (49s)
  step 2750  JSR   -8.1  loss 5.2138  logE[BER] -5.214  P_det_soft 0.0000  (49s)
  step 2775  JSR   -8.1  loss 5.2122  logE[BER] -5.212  P_det_soft 0.0000  (50s)
  step 2800  JSR  -28.4  loss 871.3292  logE[BER] -871.329  P_det_soft 0.0000  (51s)
  step 2825  JSR   -0.6  loss 3.4157  logE[BER] -3.416  P_det_soft 0.0000  (51s)
  step 2850  JSR  -28.1  loss 787.7101  logE[BER] -787.710  P_det_soft 0.0000  (52s)
  step 2875  JSR  -17.2  loss 6.0312  logE[BER] -6.031  P_det_soft 0.0000  (52s)
  step 2900  JSR  -29.5  loss 1285.2574  logE[BER] -1285.257  P_det_soft 0.0000  (53s)
  step 2925  JSR  -17.8  loss 6.3148  logE[BER] -6.315  P_det_soft 0.0000  (53s)
  step 2950  JSR   -6.6  loss 5.1404  logE[BER] -5.140  P_det_soft 0.0000  (54s)
  step 2975  JSR  -10.4  loss 5.3933  logE[BER] -5.393  P_det_soft 0.0000  (54s)
  step 3000  JSR  -14.5  loss 5.7535  logE[BER] -5.753  P_det_soft 0.0000  (55s)
  step 3025  JSR  -25.1  loss 155.3464  logE[BER] -155.346  P_det_soft 0.0000  (55s)
  step 3050  JSR   -5.5  loss 4.7773  logE[BER] -4.777  P_det_soft 0.0000  (56s)
  step 3075  JSR   -6.9  loss 5.2546  logE[BER] -5.255  P_det_soft 0.0000  (57s)
  step 3100  JSR  -27.7  loss 730.0580  logE[BER] -730.058  P_det_soft 0.0000  (57s)
  step 3125  JSR  -15.1  loss 5.9812  logE[BER] -5.981  P_det_soft 0.0000  (58s)
  step 3150  JSR  -28.9  loss 1046.7670  logE[BER] -1046.767  P_det_soft 0.0000  (58s)
  step 3175  JSR   -6.7  loss 5.1623  logE[BER] -5.162  P_det_soft 0.0000  (59s)
  step 3200  JSR  -18.5  loss 6.1096  logE[BER] -6.110  P_det_soft 0.0000  (59s)
  step 3225  JSR  -10.6  loss 5.5042  logE[BER] -5.504  P_det_soft 0.0000  (60s)
  step 3250  JSR  -13.3  loss 5.6306  logE[BER] -5.631  P_det_soft 0.0000  (60s)
  step 3275  JSR  -31.9  loss 1715.5402  logE[BER] -1715.540  P_det_soft 0.0000  (61s)
  step 3300  JSR  -16.1  loss 6.0425  logE[BER] -6.042  P_det_soft 0.0000  (61s)
  step 3325  JSR  -25.1  loss 197.9588  logE[BER] -197.959  P_det_soft 0.0000  (62s)
  step 3350  JSR   -9.6  loss 5.3187  logE[BER] -5.319  P_det_soft 0.0000  (63s)
  step 3375  JSR   -5.7  loss 4.9409  logE[BER] -4.941  P_det_soft 0.0000  (63s)
  step 3400  JSR  -31.0  loss 1459.8531  logE[BER] -1459.853  P_det_soft 0.0000  (64s)
  step 3425  JSR   -2.6  loss 4.2421  logE[BER] -4.242  P_det_soft 0.0000  (64s)
  step 3450  JSR  -12.6  loss 5.7192  logE[BER] -5.719  P_det_soft 0.0000  (65s)
  step 3475  JSR  -19.7  loss 6.7586  logE[BER] -6.759  P_det_soft 0.0000  (65s)
  step 3500  JSR  -13.3  loss 5.6805  logE[BER] -5.681  P_det_soft 0.0000  (66s)
  step 3525  JSR  -29.6  loss 1161.1605  logE[BER] -1161.161  P_det_soft 0.0000  (66s)
  step 3550  JSR  -20.6  loss 7.2477  logE[BER] -7.248  P_det_soft 0.0000  (67s)
  step 3575  JSR  -16.1  loss 5.9334  logE[BER] -5.933  P_det_soft 0.0000  (68s)
  step 3600  JSR   -1.3  loss 3.6805  logE[BER] -3.680  P_det_soft 0.0000  (68s)
  step 3625  JSR  -25.9  loss 338.9650  logE[BER] -338.965  P_det_soft 0.0000  (69s)
  step 3650  JSR  -14.8  loss 5.6133  logE[BER] -5.613  P_det_soft 0.0000  (69s)
  step 3675  JSR  -26.6  loss 487.8626  logE[BER] -487.863  P_det_soft 0.0000  (70s)
  step 3700  JSR  -23.5  loss 29.3236  logE[BER] -29.324  P_det_soft 0.0000  (70s)
  step 3725  JSR  -22.7  loss 9.5821  logE[BER] -9.582  P_det_soft 0.0000  (71s)
  step 3750  JSR   -6.3  loss 5.0305  logE[BER] -5.030  P_det_soft 0.0000  (71s)
  step 3775  JSR  -22.9  loss 10.2253  logE[BER] -10.225  P_det_soft 0.0000  (72s)
  step 3800  JSR  -28.1  loss 756.6303  logE[BER] -756.630  P_det_soft 0.0000  (73s)
  step 3825  JSR  -12.2  loss 5.4365  logE[BER] -5.437  P_det_soft 0.0000  (73s)
  step 3850  JSR  -26.2  loss 309.9789  logE[BER] -309.979  P_det_soft 0.0000  (74s)
  step 3875  JSR   -9.0  loss 5.2831  logE[BER] -5.283  P_det_soft 0.0000  (74s)
  step 3900  JSR  -21.7  loss 7.6785  logE[BER] -7.679  P_det_soft 0.0000  (75s)
  step 3925  JSR  -13.7  loss 5.6247  logE[BER] -5.625  P_det_soft 0.0000  (76s)
  step 3950  JSR   -5.4  loss 4.8011  logE[BER] -4.801  P_det_soft 0.0000  (76s)
  step 3975  JSR   -4.4  loss 4.6641  logE[BER] -4.664  P_det_soft 0.0000  (77s)
  step 3999  JSR  -15.4  loss 5.8487  logE[BER] -5.849  P_det_soft 0.0000  (77s)
wrote task0_G.pt, task0.json  (tag eff)
