node: tikgpu05.ee.ethz.ch | gpu: NVIDIA TITAN RTX
task 14 = {'target': 'spec_cnn', 'beta': 10.0}  (tag spec_cnn_b10, 32 frames/step, JSR band (-48.0, 10.0))
  target spec_cnn: threshold -3.17573, clean-frame std 0.940603 (soft_pdet width)
  step    0  JSR   -6.3  loss 712.3326  logE[BER] -702.334  P_det_soft 0.9999  (1s)
  step   25  JSR  -10.3  loss 16.9847  logE[BER] -6.986  P_det_soft 0.9998  (3s)
  step   50  JSR   +0.9  loss 14.1713  logE[BER] -4.172  P_det_soft 1.0000  (5s)
  step   75  JSR  -44.5  loss 3845.2283  logE[BER] -3843.460  P_det_soft 0.1769  (7s)
  step  100  JSR  -27.8  loss 2678.8988  logE[BER] -2671.867  P_det_soft 0.7031  (10s)
  step  125  JSR  -40.4  loss 3609.7507  logE[BER] -3607.748  P_det_soft 0.2003  (12s)
  step  150  JSR  -41.3  loss 3750.8242  logE[BER] -3748.629  P_det_soft 0.2195  (14s)
  step  175  JSR   -2.4  loss 15.1079  logE[BER] -5.109  P_det_soft 0.9999  (17s)
  step  200  JSR  -32.6  loss 3074.9673  logE[BER] -3071.752  P_det_soft 0.3215  (19s)
  step  225  JSR  -33.8  loss 3383.0394  logE[BER] -3380.233  P_det_soft 0.2807  (21s)
  step  250  JSR   -9.2  loss 17.4755  logE[BER] -7.626  P_det_soft 0.9849  (24s)
  step  275  JSR   -0.9  loss 14.9607  logE[BER] -4.971  P_det_soft 0.9989  (26s)
  step  300  JSR  -43.9  loss 3856.6015  logE[BER] -3854.944  P_det_soft 0.1657  (29s)
  step  325  JSR  -43.0  loss 3676.9354  logE[BER] -3673.931  P_det_soft 0.3004  (31s)
  step  350  JSR   -2.0  loss 15.0478  logE[BER] -5.097  P_det_soft 0.9951  (33s)
  step  375  JSR  -23.2  loss 1416.8645  logE[BER] -1412.310  P_det_soft 0.4554  (36s)
  step  400  JSR   -8.0  loss 16.2433  logE[BER] -6.347  P_det_soft 0.9896  (38s)
  step  425  JSR  -44.8  loss 3757.0692  logE[BER] -3755.177  P_det_soft 0.1892  (40s)
  step  450  JSR   +6.7  loss 13.9877  logE[BER] -3.991  P_det_soft 0.9997  (43s)
  step  475  JSR  -12.7  loss 125.0282  logE[BER] -115.643  P_det_soft 0.9385  (45s)
  step  500  JSR  -36.5  loss 3487.2733  logE[BER] -3484.687  P_det_soft 0.2586  (47s)
  step  525  JSR  -23.9  loss 1517.3649  logE[BER] -1512.186  P_det_soft 0.5179  (50s)
  step  550  JSR   -2.4  loss 15.1480  logE[BER] -5.174  P_det_soft 0.9974  (52s)
  step  575  JSR   -0.2  loss 15.1673  logE[BER] -5.205  P_det_soft 0.9962  (55s)
  step  600  JSR   -4.6  loss 15.5655  logE[BER] -5.716  P_det_soft 0.9850  (57s)
  step  625  JSR   +8.3  loss 13.5982  logE[BER] -3.601  P_det_soft 0.9997  (59s)
  step  650  JSR  -13.3  loss 15.9167  logE[BER] -7.844  P_det_soft 0.8072  (62s)
  step  675  JSR   -4.6  loss 15.7334  logE[BER] -5.853  P_det_soft 0.9881  (64s)
  step  700  JSR  -28.9  loss 2446.8260  logE[BER] -2444.059  P_det_soft 0.2767  (66s)
  step  725  JSR   -1.4  loss 15.3381  logE[BER] -5.352  P_det_soft 0.9986  (69s)
  step  750  JSR  -11.8  loss 17.4210  logE[BER] -8.255  P_det_soft 0.9166  (71s)
  step  775  JSR   +9.6  loss 13.6933  logE[BER] -3.696  P_det_soft 0.9998  (73s)
  step  800  JSR  -45.5  loss 3780.2767  logE[BER] -3778.550  P_det_soft 0.1727  (76s)
  step  825  JSR   +8.6  loss 14.1817  logE[BER] -4.185  P_det_soft 0.9997  (78s)
  step  850  JSR  -25.4  loss 2576.7097  logE[BER] -2571.789  P_det_soft 0.4921  (81s)
  step  875  JSR  -19.2  loss 867.9196  logE[BER] -862.049  P_det_soft 0.5871  (83s)
  step  900  JSR  -36.1  loss 3399.3117  logE[BER] -3396.720  P_det_soft 0.2591  (85s)
  step  925  JSR  -25.6  loss 2191.9246  logE[BER] -2187.411  P_det_soft 0.4514  (88s)
  step  950  JSR  -15.8  loss 184.8250  logE[BER] -177.474  P_det_soft 0.7351  (90s)
  step  975  JSR  -41.0  loss 3697.8932  logE[BER] -3695.553  P_det_soft 0.2341  (92s)
  step 1000  JSR  -22.9  loss 1505.3932  logE[BER] -1500.661  P_det_soft 0.4732  (95s)
  step 1025  JSR   -6.7  loss 16.5477  logE[BER] -6.606  P_det_soft 0.9942  (97s)
  step 1050  JSR  -40.5  loss 3594.0969  logE[BER] -3592.203  P_det_soft 0.1894  (99s)
  step 1075  JSR  -23.2  loss 1402.2113  logE[BER] -1397.528  P_det_soft 0.4683  (102s)
  step 1100  JSR  -47.6  loss 3851.2174  logE[BER] -3849.053  P_det_soft 0.2164  (104s)
  step 1125  JSR   -2.7  loss 15.4182  logE[BER] -5.452  P_det_soft 0.9967  (107s)
  step 1150  JSR   +0.2  loss 15.0341  logE[BER] -5.060  P_det_soft 0.9974  (109s)
  step 1175  JSR  -25.8  loss 2094.2936  logE[BER] -2090.010  P_det_soft 0.4284  (111s)
  step 1200  JSR   -0.3  loss 15.0824  logE[BER] -5.118  P_det_soft 0.9964  (114s)
  step 1225  JSR   +2.9  loss 14.8993  logE[BER] -4.908  P_det_soft 0.9992  (116s)
  step 1250  JSR   +2.4  loss 14.5616  logE[BER] -4.575  P_det_soft 0.9986  (118s)
  step 1275  JSR  -20.6  loss 1725.1300  logE[BER] -1719.453  P_det_soft 0.5677  (121s)
  step 1300  JSR   -5.1  loss 15.7433  logE[BER] -5.855  P_det_soft 0.9888  (123s)
  step 1325  JSR  -16.1  loss 33.3861  logE[BER] -25.290  P_det_soft 0.8097  (126s)
  step 1350  JSR  -36.2  loss 3406.7503  logE[BER] -3402.867  P_det_soft 0.3884  (128s)
  step 1375  JSR  -26.5  loss 2114.9449  logE[BER] -2111.617  P_det_soft 0.3328  (130s)
  step 1400  JSR  -19.1  loss 604.1834  logE[BER] -598.040  P_det_soft 0.6143  (133s)
  step 1425  JSR  -41.1  loss 3581.4247  logE[BER] -3578.956  P_det_soft 0.2469  (135s)
  step 1450  JSR  -31.2  loss 2781.8266  logE[BER] -2778.989  P_det_soft 0.2837  (137s)
  step 1475  JSR  -26.3  loss 2520.4609  logE[BER] -2516.900  P_det_soft 0.3560  (140s)
  step 1500  JSR  -45.4  loss 3780.8475  logE[BER] -3779.104  P_det_soft 0.1744  (142s)
  step 1525  JSR  -19.3  loss 909.0878  logE[BER] -901.518  P_det_soft 0.7570  (144s)
  step 1550  JSR  -45.2  loss 3816.1910  logE[BER] -3814.349  P_det_soft 0.1842  (147s)
  step 1575  JSR  -33.9  loss 3156.3120  logE[BER] -3152.886  P_det_soft 0.3426  (149s)
  step 1600  JSR  -23.2  loss 1570.3703  logE[BER] -1566.324  P_det_soft 0.4046  (152s)
  step 1625  JSR  -11.2  loss 17.2533  logE[BER] -7.912  P_det_soft 0.9341  (154s)
  step 1650  JSR  -33.9  loss 3187.9852  logE[BER] -3184.695  P_det_soft 0.3290  (156s)
  step 1675  JSR   +3.9  loss 14.6362  logE[BER] -4.639  P_det_soft 0.9997  (159s)
  step 1700  JSR  -22.7  loss 1774.6853  logE[BER] -1769.619  P_det_soft 0.5066  (161s)
  step 1725  JSR  -29.3  loss 2518.7587  logE[BER] -2514.695  P_det_soft 0.4064  (163s)
  step 1750  JSR  -35.4  loss 3424.7011  logE[BER] -3422.226  P_det_soft 0.2475  (166s)
  step 1775  JSR  -31.0  loss 2750.3370  logE[BER] -2747.059  P_det_soft 0.3278  (168s)
  step 1800  JSR  -30.9  loss 2803.6314  logE[BER] -2800.084  P_det_soft 0.3548  (171s)
  step 1825  JSR  -41.8  loss 3635.4457  logE[BER] -3633.078  P_det_soft 0.2368  (173s)
  step 1850  JSR  -10.1  loss 16.6673  logE[BER] -6.817  P_det_soft 0.9850  (175s)
  step 1875  JSR  -26.1  loss 1961.4206  logE[BER] -1958.106  P_det_soft 0.3315  (178s)
  step 1900  JSR   +9.9  loss 13.9645  logE[BER] -3.967  P_det_soft 0.9998  (180s)
  step 1925  JSR  -34.4  loss 3138.3130  logE[BER] -3135.033  P_det_soft 0.3280  (182s)
  step 1950  JSR   -6.6  loss 16.0632  logE[BER] -6.206  P_det_soft 0.9858  (185s)
  step 1975  JSR   -3.0  loss 15.5786  logE[BER] -5.623  P_det_soft 0.9956  (187s)
  step 2000  JSR  -10.4  loss 15.7647  logE[BER] -6.708  P_det_soft 0.9056  (189s)
  step 2025  JSR  -21.1  loss 862.5666  logE[BER] -856.684  P_det_soft 0.5883  (192s)
  step 2050  JSR  -18.6  loss 498.0804  logE[BER] -491.295  P_det_soft 0.6785  (194s)
  step 2075  JSR   -2.7  loss 15.6403  logE[BER] -5.664  P_det_soft 0.9977  (197s)
  step 2100  JSR  -11.3  loss 16.0803  logE[BER] -6.931  P_det_soft 0.9149  (199s)
  step 2125  JSR   +1.3  loss 14.7846  logE[BER] -4.792  P_det_soft 0.9993  (201s)
  step 2150  JSR  -32.3  loss 2831.1155  logE[BER] -2827.589  P_det_soft 0.3527  (204s)
  step 2175  JSR  -32.0  loss 2648.9865  logE[BER] -2645.746  P_det_soft 0.3241  (206s)
  step 2200  JSR  -24.7  loss 1962.3527  logE[BER] -1958.055  P_det_soft 0.4298  (208s)
  step 2225  JSR  -18.3  loss 425.4117  logE[BER] -417.634  P_det_soft 0.7778  (211s)
  step 2250  JSR  -45.1  loss 3707.1832  logE[BER] -3705.750  P_det_soft 0.1433  (213s)
  step 2275  JSR   -7.6  loss 16.4763  logE[BER] -6.708  P_det_soft 0.9768  (216s)
  step 2300  JSR  -32.1  loss 2955.1976  logE[BER] -2952.181  P_det_soft 0.3016  (218s)
  step 2325  JSR  -34.3  loss 3343.7348  logE[BER] -3340.574  P_det_soft 0.3161  (220s)
  step 2350  JSR   +1.1  loss 15.1080  logE[BER] -5.111  P_det_soft 0.9997  (223s)
  step 2375  JSR   +8.4  loss 13.9832  logE[BER] -3.984  P_det_soft 0.9999  (225s)
  step 2400  JSR  -11.7  loss 17.0027  logE[BER] -7.219  P_det_soft 0.9784  (227s)
  step 2425  JSR   -2.4  loss 15.4767  logE[BER] -5.484  P_det_soft 0.9993  (230s)
  step 2450  JSR  -14.0  loss 17.3521  logE[BER] -7.625  P_det_soft 0.9727  (232s)
  step 2475  JSR  -41.2  loss 3585.9683  logE[BER] -3583.938  P_det_soft 0.2030  (235s)
  step 2500  JSR  -13.1  loss 16.8488  logE[BER] -7.402  P_det_soft 0.9447  (237s)
  step 2525  JSR  -38.1  loss 3429.5552  logE[BER] -3426.565  P_det_soft 0.2991  (239s)
  step 2550  JSR   -1.2  loss 15.1579  logE[BER] -5.161  P_det_soft 0.9997  (242s)
  step 2575  JSR   +9.9  loss 13.6524  logE[BER] -3.654  P_det_soft 0.9999  (244s)
  step 2600  JSR   -4.9  loss 15.4829  logE[BER] -5.488  P_det_soft 0.9995  (246s)
  step 2625  JSR  -33.4  loss 2802.9291  logE[BER] -2799.804  P_det_soft 0.3125  (249s)
  step 2650  JSR  -29.1  loss 2153.2892  logE[BER] -2150.006  P_det_soft 0.3283  (251s)
  step 2675  JSR  -40.0  loss 3436.9276  logE[BER] -3435.004  P_det_soft 0.1924  (254s)
  step 2700  JSR   -2.5  loss 14.9230  logE[BER] -4.924  P_det_soft 0.9999  (256s)
  step 2725  JSR  -30.1  loss 1920.6925  logE[BER] -1916.785  P_det_soft 0.3908  (258s)
  step 2750  JSR  -37.8  loss 3083.9086  logE[BER] -3082.246  P_det_soft 0.1662  (261s)
  step 2775  JSR   +0.8  loss 14.5301  logE[BER] -4.531  P_det_soft 1.0000  (263s)
  step 2800  JSR  -18.1  loss 16.4698  logE[BER] -6.522  P_det_soft 0.9948  (265s)
  step 2825  JSR  -28.9  loss 1143.6168  logE[BER] -1140.110  P_det_soft 0.3507  (268s)
  step 2850  JSR  -46.8  loss 3581.2187  logE[BER] -3579.758  P_det_soft 0.1461  (270s)
  step 2875  JSR   -5.3  loss 14.8787  logE[BER] -4.880  P_det_soft 0.9999  (272s)
  step 2900  JSR  -22.6  loss 21.7238  logE[BER] -13.472  P_det_soft 0.8252  (275s)
  step 2925  JSR  -15.9  loss 16.0101  logE[BER] -6.066  P_det_soft 0.9944  (277s)
  step 2950  JSR   -1.2  loss 14.6135  logE[BER] -4.614  P_det_soft 0.9999  (280s)
  step 2975  JSR   -7.2  loss 15.1173  logE[BER] -5.119  P_det_soft 0.9998  (282s)
  step 3000  JSR   -4.0  loss 14.9363  logE[BER] -4.937  P_det_soft 0.9999  (284s)
  step 3025  JSR  -41.5  loss 3142.4607  logE[BER] -3140.653  P_det_soft 0.1808  (287s)
  step 3050  JSR  -37.5  loss 2678.8115  logE[BER] -2677.130  P_det_soft 0.1682  (289s)
  step 3075  JSR  -16.9  loss 15.5351  logE[BER] -5.835  P_det_soft 0.9700  (291s)
  step 3100  JSR  -24.5  loss 205.4309  logE[BER] -201.655  P_det_soft 0.3775  (294s)
  step 3125  JSR  -47.6  loss 3557.6752  logE[BER] -3555.682  P_det_soft 0.1993  (296s)
  step 3150  JSR   +1.5  loss 14.4546  logE[BER] -4.455  P_det_soft 0.9999  (299s)
  step 3175  JSR   +0.7  loss 14.6947  logE[BER] -4.695  P_det_soft 0.9999  (301s)
  step 3200  JSR  -44.4  loss 3355.6360  logE[BER] -3354.069  P_det_soft 0.1567  (303s)
  step 3225  JSR  -36.3  loss 2509.9505  logE[BER] -2508.478  P_det_soft 0.1472  (306s)
  step 3250  JSR  -46.0  loss 3466.4515  logE[BER] -3465.171  P_det_soft 0.1281  (308s)
  step 3275  JSR  -22.4  loss 12.8937  logE[BER] -7.702  P_det_soft 0.5192  (310s)
  step 3300  JSR   -6.5  loss 15.2017  logE[BER] -5.204  P_det_soft 0.9997  (313s)
  step 3325  JSR  -47.0  loss 3496.4180  logE[BER] -3494.011  P_det_soft 0.2407  (315s)
  step 3350  JSR  -34.0  loss 2109.9324  logE[BER] -2108.130  P_det_soft 0.1802  (317s)
  step 3375  JSR   -2.9  loss 14.6009  logE[BER] -4.602  P_det_soft 0.9999  (320s)
  step 3400  JSR   -4.9  loss 14.9347  logE[BER] -4.936  P_det_soft 0.9999  (322s)
  step 3425  JSR  -27.8  loss 674.4097  logE[BER] -671.904  P_det_soft 0.2506  (325s)
  step 3450  JSR  -41.3  loss 3076.1448  logE[BER] -3074.722  P_det_soft 0.1422  (327s)
  step 3475  JSR   +4.5  loss 14.3938  logE[BER] -4.394  P_det_soft 1.0000  (329s)
  step 3500  JSR  -41.6  loss 3078.7142  logE[BER] -3076.867  P_det_soft 0.1847  (332s)
  step 3525  JSR   +6.8  loss 14.0200  logE[BER] -4.020  P_det_soft 1.0000  (334s)
  step 3550  JSR   +4.4  loss 14.1545  logE[BER] -4.155  P_det_soft 1.0000  (336s)
  step 3575  JSR  -37.9  loss 2637.2744  logE[BER] -2635.410  P_det_soft 0.1864  (339s)
  step 3600  JSR  -30.3  loss 1258.3701  logE[BER] -1256.422  P_det_soft 0.1948  (341s)
  step 3625  JSR   +7.4  loss 14.0942  logE[BER] -4.095  P_det_soft 1.0000  (344s)
  step 3650  JSR  -35.1  loss 2202.0975  logE[BER] -2200.558  P_det_soft 0.1539  (346s)
  step 3675  JSR  -41.8  loss 3124.7040  logE[BER] -3122.855  P_det_soft 0.1849  (348s)
  step 3700  JSR  -28.0  loss 646.1658  logE[BER] -643.734  P_det_soft 0.2431  (351s)
  step 3725  JSR  -28.5  loss 958.0100  logE[BER] -956.374  P_det_soft 0.1636  (353s)
  step 3750  JSR  -23.4  loss 12.6028  logE[BER] -9.429  P_det_soft 0.3174  (355s)
  step 3775  JSR  -31.5  loss 1474.1834  logE[BER] -1472.181  P_det_soft 0.2003  (358s)
  step 3800  JSR   +5.8  loss 14.2681  logE[BER] -4.269  P_det_soft 0.9999  (360s)
  step 3825  JSR   +3.9  loss 14.3513  logE[BER] -4.352  P_det_soft 0.9999  (363s)
  step 3850  JSR  -18.9  loss 12.9982  logE[BER] -6.303  P_det_soft 0.6695  (365s)
  step 3875  JSR   -6.8  loss 14.9482  logE[BER] -4.952  P_det_soft 0.9996  (367s)
  step 3900  JSR  -17.4  loss 14.1460  logE[BER] -5.809  P_det_soft 0.8337  (370s)
  step 3925  JSR   +0.1  loss 14.2586  logE[BER] -4.259  P_det_soft 0.9999  (372s)
  step 3950  JSR   -2.9  loss 14.8050  logE[BER] -4.806  P_det_soft 0.9999  (374s)
  step 3975  JSR   +3.4  loss 14.3548  logE[BER] -4.355  P_det_soft 0.9999  (377s)
  step 3999  JSR  -21.6  loss 11.0375  logE[BER] -6.775  P_det_soft 0.4263  (379s)
wrote task14_G.pt, task14.json  (tag spec_cnn_b10)
