node: tikgpu05.ee.ethz.ch | gpu: Tesla V100-PCIE-32GB
task 2 = {'target': 'power_one_sided', 'beta': 10.0}  (tag power_one_sided_b10, 128 frames/step, JSR band (-32.0, 0.0))
  target power_one_sided: threshold 0.100354, clean-frame std 0.000143709 (soft_pdet width)
  step    0  JSR   -6.6  loss 368.4308  logE[BER] -358.431  P_det_soft 1.0000  (1s)
  step   25  JSR  -29.7  loss 2819.7552  logE[BER] -2816.033  P_det_soft 0.3722  (1s)
  step   50  JSR  -13.9  loss 17.1189  logE[BER] -7.119  P_det_soft 1.0000  (2s)
  step   75  JSR   -5.8  loss 15.8054  logE[BER] -5.805  P_det_soft 1.0000  (2s)
  step  100  JSR  -11.9  loss 16.4223  logE[BER] -6.422  P_det_soft 1.0000  (3s)
  step  125  JSR  -21.2  loss 1123.8851  logE[BER] -1115.055  P_det_soft 0.8830  (4s)
  step  150  JSR   -0.3  loss 14.8476  logE[BER] -4.848  P_det_soft 1.0000  (4s)
  step  175  JSR   -5.9  loss 15.8744  logE[BER] -5.874  P_det_soft 1.0000  (5s)
  step  200  JSR  -10.0  loss 15.9928  logE[BER] -5.993  P_det_soft 1.0000  (5s)
  step  225  JSR   -1.8  loss 15.2224  logE[BER] -5.222  P_det_soft 1.0000  (6s)
  step  250  JSR  -24.1  loss 1670.2168  logE[BER] -1663.092  P_det_soft 0.7124  (7s)
  step  275  JSR  -23.0  loss 1410.1265  logE[BER] -1402.253  P_det_soft 0.7873  (7s)
  step  300  JSR  -11.5  loss 16.9394  logE[BER] -6.939  P_det_soft 1.0000  (8s)
  step  325  JSR   -2.5  loss 15.4550  logE[BER] -5.455  P_det_soft 1.0000  (8s)
  step  350  JSR  -30.0  loss 2534.1746  logE[BER] -2530.736  P_det_soft 0.3438  (9s)
  step  375  JSR  -17.3  loss 164.2584  logE[BER] -154.273  P_det_soft 0.9986  (9s)
  step  400  JSR  -28.6  loss 2216.0047  logE[BER] -2211.748  P_det_soft 0.4256  (10s)
  step  425  JSR  -14.8  loss 19.1841  logE[BER] -9.184  P_det_soft 1.0000  (11s)
  step  450  JSR  -18.8  loss 474.0711  logE[BER] -464.119  P_det_soft 0.9952  (11s)
  step  475  JSR  -19.7  loss 771.5487  logE[BER] -761.927  P_det_soft 0.9622  (12s)
  step  500  JSR  -10.7  loss 16.3741  logE[BER] -6.374  P_det_soft 1.0000  (12s)
  step  525  JSR  -10.3  loss 16.2719  logE[BER] -6.272  P_det_soft 1.0000  (13s)
  step  550  JSR   -3.3  loss 15.6926  logE[BER] -5.693  P_det_soft 1.0000  (14s)
  step  575  JSR  -31.0  loss 2692.2452  logE[BER] -2688.672  P_det_soft 0.3573  (14s)
  step  600  JSR   -3.4  loss 15.8279  logE[BER] -5.828  P_det_soft 1.0000  (15s)
  step  625  JSR  -18.9  loss 245.7495  logE[BER] -235.857  P_det_soft 0.9892  (15s)
  step  650  JSR  -20.9  loss 737.4501  logE[BER] -728.328  P_det_soft 0.9122  (16s)
  step  675  JSR   -3.4  loss 15.6902  logE[BER] -5.690  P_det_soft 1.0000  (16s)
  step  700  JSR  -20.7  loss 695.0480  logE[BER] -685.856  P_det_soft 0.9192  (17s)
  step  725  JSR  -11.5  loss 17.0252  logE[BER] -7.025  P_det_soft 1.0000  (18s)
  step  750  JSR  -13.6  loss 17.9142  logE[BER] -7.914  P_det_soft 1.0000  (18s)
  step  775  JSR  -18.9  loss 225.5445  logE[BER] -215.933  P_det_soft 0.9611  (19s)
  step  800  JSR  -26.4  loss 1707.3363  logE[BER] -1701.647  P_det_soft 0.5689  (19s)
  step  825  JSR  -15.1  loss 19.1101  logE[BER] -9.115  P_det_soft 0.9996  (20s)
  step  850  JSR  -16.6  loss 19.8786  logE[BER] -9.950  P_det_soft 0.9928  (20s)
  step  875  JSR  -29.7  loss 2412.6322  logE[BER] -2408.711  P_det_soft 0.3921  (21s)
  step  900  JSR   -1.5  loss 15.2348  logE[BER] -5.235  P_det_soft 1.0000  (22s)
  step  925  JSR  -28.8  loss 2095.9567  logE[BER] -2091.627  P_det_soft 0.4330  (22s)
  step  950  JSR  -25.1  loss 1483.2254  logE[BER] -1477.068  P_det_soft 0.6158  (23s)
  step  975  JSR   -2.0  loss 15.3677  logE[BER] -5.368  P_det_soft 1.0000  (23s)
  step 1000  JSR  -18.3  loss 90.2807  logE[BER] -80.360  P_det_soft 0.9921  (24s)
  step 1025  JSR  -26.6  loss 2062.0534  logE[BER] -2056.782  P_det_soft 0.5271  (25s)
  step 1050  JSR   -9.0  loss 16.1471  logE[BER] -6.147  P_det_soft 1.0000  (25s)
  step 1075  JSR  -14.2  loss 17.8039  logE[BER] -7.804  P_det_soft 1.0000  (26s)
  step 1100  JSR   -4.1  loss 15.9252  logE[BER] -5.925  P_det_soft 1.0000  (26s)
  step 1125  JSR  -17.6  loss 20.2845  logE[BER] -10.397  P_det_soft 0.9887  (27s)
  step 1150  JSR  -29.5  loss 2318.0911  logE[BER] -2314.215  P_det_soft 0.3876  (27s)
  step 1175  JSR  -12.0  loss 16.5044  logE[BER] -6.504  P_det_soft 1.0000  (28s)
  step 1200  JSR   -2.9  loss 15.4415  logE[BER] -5.442  P_det_soft 1.0000  (29s)
  step 1225  JSR  -31.1  loss 2694.2733  logE[BER] -2690.565  P_det_soft 0.3708  (29s)
  step 1250  JSR   -2.3  loss 15.4033  logE[BER] -5.403  P_det_soft 1.0000  (30s)
  step 1275  JSR   -5.2  loss 16.0005  logE[BER] -6.001  P_det_soft 1.0000  (30s)
  step 1300  JSR   -6.2  loss 16.0191  logE[BER] -6.019  P_det_soft 1.0000  (31s)
  step 1325  JSR  -11.9  loss 16.5972  logE[BER] -6.597  P_det_soft 1.0000  (31s)
  step 1350  JSR  -31.8  loss 2677.9038  logE[BER] -2674.743  P_det_soft 0.3161  (32s)
  step 1375  JSR  -12.7  loss 17.4137  logE[BER] -7.414  P_det_soft 1.0000  (33s)
  step 1400  JSR  -13.5  loss 17.3371  logE[BER] -7.337  P_det_soft 1.0000  (33s)
  step 1425  JSR  -31.3  loss 2448.8488  logE[BER] -2445.352  P_det_soft 0.3497  (34s)
  step 1450  JSR  -22.2  loss 580.7229  logE[BER] -572.595  P_det_soft 0.8128  (34s)
  step 1475  JSR   -6.8  loss 15.8121  logE[BER] -5.812  P_det_soft 1.0000  (35s)
  step 1500  JSR  -20.5  loss 261.3258  logE[BER] -252.245  P_det_soft 0.9080  (36s)
  step 1525  JSR  -17.0  loss 18.5418  logE[BER] -8.644  P_det_soft 0.9898  (36s)
  step 1550  JSR   -1.7  loss 15.1502  logE[BER] -5.150  P_det_soft 1.0000  (37s)
  step 1575  JSR  -27.4  loss 1909.6460  logE[BER] -1904.478  P_det_soft 0.5168  (37s)
  step 1600  JSR   -3.3  loss 15.7134  logE[BER] -5.713  P_det_soft 1.0000  (38s)
  step 1625  JSR  -30.3  loss 2500.3950  logE[BER] -2496.863  P_det_soft 0.3532  (38s)
  step 1650  JSR  -23.0  loss 720.4666  logE[BER] -712.627  P_det_soft 0.7839  (39s)
  step 1675  JSR  -29.0  loss 2332.0716  logE[BER] -2327.944  P_det_soft 0.4128  (40s)
  step 1700  JSR  -17.2  loss 25.2281  logE[BER] -15.235  P_det_soft 0.9993  (40s)
  step 1725  JSR  -12.8  loss 16.8290  logE[BER] -6.829  P_det_soft 1.0000  (41s)
  step 1750  JSR  -22.7  loss 633.4397  logE[BER] -625.687  P_det_soft 0.7753  (41s)
  step 1775  JSR  -22.9  loss 698.8143  logE[BER] -691.197  P_det_soft 0.7618  (42s)
  step 1800  JSR  -12.9  loss 16.6103  logE[BER] -6.610  P_det_soft 1.0000  (42s)
  step 1825  JSR   -8.7  loss 16.0196  logE[BER] -6.020  P_det_soft 1.0000  (43s)
  step 1850  JSR   -1.0  loss 15.0450  logE[BER] -5.045  P_det_soft 1.0000  (44s)
  step 1875  JSR  -29.3  loss 2185.2269  logE[BER] -2181.075  P_det_soft 0.4152  (44s)
  step 1900  JSR   -6.0  loss 15.9174  logE[BER] -5.917  P_det_soft 1.0000  (45s)
  step 1925  JSR  -19.3  loss 25.6669  logE[BER] -16.004  P_det_soft 0.9663  (45s)
  step 1950  JSR  -19.9  loss 262.6770  logE[BER] -253.377  P_det_soft 0.9300  (46s)
  step 1975  JSR   -0.5  loss 14.9397  logE[BER] -4.940  P_det_soft 1.0000  (46s)
  step 2000  JSR  -17.7  loss 20.2680  logE[BER] -10.386  P_det_soft 0.9882  (47s)
  step 2025  JSR  -10.0  loss 16.0100  logE[BER] -6.010  P_det_soft 1.0000  (48s)
  step 2050  JSR  -16.2  loss 18.3789  logE[BER] -8.386  P_det_soft 0.9993  (48s)
  step 2075  JSR   -9.1  loss 16.0732  logE[BER] -6.073  P_det_soft 1.0000  (49s)
  step 2100  JSR  -29.5  loss 1989.8126  logE[BER] -1985.670  P_det_soft 0.4143  (49s)
  step 2125  JSR   -6.7  loss 15.8787  logE[BER] -5.879  P_det_soft 1.0000  (50s)
  step 2150  JSR  -30.9  loss 2124.1036  logE[BER] -2120.512  P_det_soft 0.3591  (51s)
  step 2175  JSR  -12.8  loss 16.9670  logE[BER] -6.967  P_det_soft 1.0000  (51s)
  step 2200  JSR  -31.6  loss 2444.7167  logE[BER] -2441.624  P_det_soft 0.3093  (52s)
  step 2225  JSR   -1.7  loss 15.3579  logE[BER] -5.358  P_det_soft 1.0000  (52s)
  step 2250  JSR  -21.8  loss 339.8631  logE[BER] -331.362  P_det_soft 0.8501  (53s)
  step 2275  JSR  -10.1  loss 16.0701  logE[BER] -6.070  P_det_soft 1.0000  (53s)
  step 2300  JSR   -8.6  loss 16.0917  logE[BER] -6.092  P_det_soft 1.0000  (54s)
  step 2325  JSR  -14.2  loss 17.2024  logE[BER] -7.202  P_det_soft 1.0000  (55s)
  step 2350  JSR  -16.6  loss 18.4467  logE[BER] -8.487  P_det_soft 0.9960  (55s)
  step 2375  JSR  -18.3  loss 19.6392  logE[BER] -9.704  P_det_soft 0.9936  (56s)
  step 2400  JSR  -18.8  loss 52.9606  logE[BER] -43.241  P_det_soft 0.9720  (56s)
  step 2425  JSR  -21.2  loss 43.7109  logE[BER] -34.849  P_det_soft 0.8862  (57s)
  step 2450  JSR  -11.7  loss 16.3277  logE[BER] -6.328  P_det_soft 1.0000  (57s)
  step 2475  JSR  -25.1  loss 771.6428  logE[BER] -765.999  P_det_soft 0.5644  (58s)
  step 2500  JSR   -6.3  loss 15.8874  logE[BER] -5.887  P_det_soft 1.0000  (59s)
  step 2525  JSR  -18.9  loss 19.4837  logE[BER] -9.704  P_det_soft 0.9780  (59s)
  step 2550  JSR  -31.9  loss 2561.8654  logE[BER] -2558.707  P_det_soft 0.3158  (60s)
  step 2575  JSR   -0.7  loss 14.8231  logE[BER] -4.823  P_det_soft 1.0000  (60s)
  step 2600  JSR  -20.0  loss 20.4489  logE[BER] -11.113  P_det_soft 0.9336  (61s)
  step 2625  JSR   -1.9  loss 15.3026  logE[BER] -5.303  P_det_soft 1.0000  (62s)
  step 2650  JSR  -23.6  loss 768.3786  logE[BER] -760.817  P_det_soft 0.7561  (62s)
  step 2675  JSR  -21.6  loss 122.8792  logE[BER] -114.320  P_det_soft 0.8559  (63s)
  step 2700  JSR   -1.2  loss 15.1925  logE[BER] -5.193  P_det_soft 1.0000  (63s)
  step 2725  JSR  -12.1  loss 16.5563  logE[BER] -6.556  P_det_soft 1.0000  (64s)
  step 2750  JSR  -17.6  loss 18.0810  logE[BER] -8.217  P_det_soft 0.9864  (64s)
  step 2775  JSR  -31.3  loss 2059.5038  logE[BER] -2055.761  P_det_soft 0.3742  (65s)
  step 2800  JSR  -23.1  loss 265.0240  logE[BER] -258.068  P_det_soft 0.6956  (66s)
  step 2825  JSR  -22.1  loss 402.3340  logE[BER] -394.680  P_det_soft 0.7654  (66s)
  step 2850  JSR  -25.3  loss 1162.9092  logE[BER] -1157.128  P_det_soft 0.5781  (67s)
  step 2875  JSR  -15.8  loss 17.6189  logE[BER] -7.619  P_det_soft 0.9999  (67s)
  step 2900  JSR   -9.9  loss 16.0973  logE[BER] -6.097  P_det_soft 1.0000  (68s)
  step 2925  JSR  -25.7  loss 453.3887  logE[BER] -447.541  P_det_soft 0.5848  (68s)
  step 2950  JSR  -23.4  loss 216.2979  logE[BER] -208.967  P_det_soft 0.7331  (69s)
  step 2975  JSR  -29.3  loss 1564.8399  logE[BER] -1560.764  P_det_soft 0.4076  (70s)
  step 3000  JSR   -8.8  loss 15.8325  logE[BER] -5.832  P_det_soft 1.0000  (70s)
  step 3025  JSR  -18.2  loss 17.6754  logE[BER] -8.093  P_det_soft 0.9583  (71s)
  step 3050  JSR   -0.0  loss 15.1144  logE[BER] -5.114  P_det_soft 1.0000  (71s)
  step 3075  JSR  -26.3  loss 1181.9355  logE[BER] -1176.308  P_det_soft 0.5627  (72s)
  step 3100  JSR  -18.1  loss 18.1364  logE[BER] -8.305  P_det_soft 0.9831  (72s)
  step 3125  JSR  -27.7  loss 1276.4421  logE[BER] -1271.691  P_det_soft 0.4751  (73s)
  step 3150  JSR  -31.8  loss 2101.8502  logE[BER] -2098.294  P_det_soft 0.3556  (74s)
  step 3175  JSR  -20.0  loss 19.7384  logE[BER] -10.421  P_det_soft 0.9317  (74s)
  step 3200  JSR  -30.0  loss 1737.7911  logE[BER] -1734.014  P_det_soft 0.3777  (75s)
  step 3225  JSR  -14.7  loss 16.6555  logE[BER] -6.656  P_det_soft 1.0000  (75s)
  step 3250  JSR  -19.6  loss 19.6835  logE[BER] -10.335  P_det_soft 0.9348  (76s)
  step 3275  JSR  -10.3  loss 16.0151  logE[BER] -6.015  P_det_soft 1.0000  (77s)
  step 3300  JSR  -16.7  loss 17.3651  logE[BER] -7.379  P_det_soft 0.9986  (77s)
  step 3325  JSR  -17.3  loss 18.1148  logE[BER] -8.188  P_det_soft 0.9927  (78s)
  step 3350  JSR   -3.8  loss 15.7294  logE[BER] -5.729  P_det_soft 1.0000  (78s)
  step 3375  JSR   -5.6  loss 15.7722  logE[BER] -5.772  P_det_soft 1.0000  (79s)
  step 3400  JSR  -20.8  loss 19.6625  logE[BER] -10.577  P_det_soft 0.9085  (79s)
  step 3425  JSR  -21.1  loss 18.7187  logE[BER] -10.397  P_det_soft 0.8322  (80s)
  step 3450  JSR   -7.1  loss 15.8087  logE[BER] -5.809  P_det_soft 1.0000  (81s)
  step 3475  JSR   -6.2  loss 15.8637  logE[BER] -5.864  P_det_soft 1.0000  (81s)
  step 3500  JSR   -9.9  loss 15.8435  logE[BER] -5.843  P_det_soft 1.0000  (82s)
  step 3525  JSR  -18.7  loss 17.1737  logE[BER] -7.759  P_det_soft 0.9415  (82s)
  step 3550  JSR  -23.8  loss 91.3923  logE[BER] -84.786  P_det_soft 0.6606  (83s)
  step 3575  JSR  -31.0  loss 1678.3063  logE[BER] -1675.003  P_det_soft 0.3304  (83s)
  step 3600  JSR  -13.9  loss 16.4868  logE[BER] -6.487  P_det_soft 1.0000  (84s)
  step 3625  JSR   -5.7  loss 15.7062  logE[BER] -5.706  P_det_soft 1.0000  (85s)
  step 3650  JSR  -15.8  loss 16.8063  logE[BER] -6.809  P_det_soft 0.9998  (85s)
  step 3675  JSR  -31.8  loss 1949.1918  logE[BER] -1946.275  P_det_soft 0.2917  (86s)
  step 3700  JSR  -16.2  loss 16.4713  logE[BER] -6.631  P_det_soft 0.9840  (86s)
  step 3725  JSR   -4.3  loss 15.7630  logE[BER] -5.763  P_det_soft 1.0000  (87s)
  step 3750  JSR   -6.9  loss 15.7766  logE[BER] -5.777  P_det_soft 1.0000  (87s)
  step 3775  JSR  -30.5  loss 1790.5229  logE[BER] -1786.666  P_det_soft 0.3857  (88s)
  step 3800  JSR   -4.0  loss 15.6473  logE[BER] -5.647  P_det_soft 1.0000  (89s)
  step 3825  JSR  -14.9  loss 16.6253  logE[BER] -6.625  P_det_soft 1.0000  (89s)
  step 3850  JSR   -7.5  loss 15.7530  logE[BER] -5.753  P_det_soft 1.0000  (90s)
  step 3875  JSR  -16.5  loss 16.7842  logE[BER] -6.877  P_det_soft 0.9907  (90s)
  step 3900  JSR  -13.7  loss 16.2115  logE[BER] -6.211  P_det_soft 1.0000  (91s)
  step 3925  JSR   -9.2  loss 15.8187  logE[BER] -5.819  P_det_soft 1.0000  (92s)
  step 3950  JSR  -11.1  loss 16.1410  logE[BER] -6.141  P_det_soft 1.0000  (92s)
  step 3975  JSR  -18.3  loss 17.8125  logE[BER] -8.211  P_det_soft 0.9601  (93s)
  step 3999  JSR  -22.9  loss 24.8965  logE[BER] -17.926  P_det_soft 0.6971  (93s)
wrote task2_G.pt, task2.json  (tag power_one_sided_b10)
