node: artongpu01.ee.ethz.ch | gpu: NVIDIA GeForce RTX 2080 Ti
task 5 = {'target': 'power_two_sided', 'beta': 1.0}  (tag power_two_sided_b1, 128 frames/step, JSR band (-32.0, 0.0))
  target power_two_sided: threshold 0.000274786, clean-frame std 8.57379e-05 (soft_pdet width)
  step    0  JSR  -17.6  loss 2705.8696  logE[BER] -2704.873  P_det_soft 0.9961  (1s)
  step   25  JSR  -17.5  loss 315.4861  logE[BER] -314.501  P_det_soft 0.9852  (2s)
  step   50  JSR  -20.1  loss 1280.4222  logE[BER] -1279.466  P_det_soft 0.9557  (2s)
  step   75  JSR   -6.7  loss 7.4269  logE[BER] -6.427  P_det_soft 1.0000  (3s)
  step  100  JSR  -15.3  loss 82.7857  logE[BER] -81.786  P_det_soft 1.0000  (4s)
  step  125  JSR  -15.7  loss 563.5736  logE[BER] -562.574  P_det_soft 1.0000  (4s)
  step  150  JSR  -22.7  loss 1438.8689  logE[BER] -1438.095  P_det_soft 0.7739  (5s)
  step  175  JSR  -28.2  loss 2756.5402  logE[BER] -2756.148  P_det_soft 0.3924  (6s)
  step  200  JSR  -28.2  loss 2398.5684  logE[BER] -2398.132  P_det_soft 0.4367  (6s)
  step  225  JSR  -20.8  loss 1197.2377  logE[BER] -1196.321  P_det_soft 0.9165  (7s)
  step  250  JSR   -8.2  loss 7.1259  logE[BER] -6.126  P_det_soft 1.0000  (7s)
  step  275  JSR  -10.5  loss 7.9976  logE[BER] -6.998  P_det_soft 1.0000  (8s)
  step  300  JSR   -6.2  loss 6.7412  logE[BER] -5.741  P_det_soft 1.0000  (9s)
  step  325  JSR   -5.8  loss 7.1000  logE[BER] -6.100  P_det_soft 1.0000  (9s)
  step  350  JSR   -1.2  loss 5.5801  logE[BER] -4.580  P_det_soft 1.0000  (10s)
  step  375  JSR  -23.9  loss 1489.4824  logE[BER] -1488.735  P_det_soft 0.7479  (11s)
  step  400  JSR  -12.2  loss 8.4878  logE[BER] -7.488  P_det_soft 1.0000  (11s)
  step  425  JSR  -20.8  loss 872.4767  logE[BER] -871.546  P_det_soft 0.9309  (12s)
  step  450  JSR  -12.4  loss 8.4344  logE[BER] -7.434  P_det_soft 1.0000  (12s)
  step  475  JSR  -20.0  loss 857.3077  logE[BER] -856.357  P_det_soft 0.9505  (13s)
  step  500  JSR  -26.0  loss 1944.5698  logE[BER] -1944.001  P_det_soft 0.5688  (14s)
  step  525  JSR   -9.5  loss 7.3075  logE[BER] -6.307  P_det_soft 1.0000  (14s)
  step  550  JSR   -1.3  loss 5.7069  logE[BER] -4.707  P_det_soft 1.0000  (15s)
  step  575  JSR  -10.4  loss 7.6144  logE[BER] -6.614  P_det_soft 1.0000  (16s)
  step  600  JSR  -18.5  loss 206.6520  logE[BER] -205.666  P_det_soft 0.9860  (16s)
  step  625  JSR  -17.3  loss 115.6676  logE[BER] -114.669  P_det_soft 0.9988  (17s)
  step  650  JSR   -2.8  loss 5.9705  logE[BER] -4.970  P_det_soft 1.0000  (17s)
  step  675  JSR  -30.8  loss 2371.5213  logE[BER] -2371.225  P_det_soft 0.2965  (18s)
  step  700  JSR   -1.1  loss 5.8760  logE[BER] -4.876  P_det_soft 1.0000  (19s)
  step  725  JSR  -22.1  loss 1283.3301  logE[BER] -1282.491  P_det_soft 0.8389  (19s)
  step  750  JSR  -31.3  loss 2645.0128  logE[BER] -2644.722  P_det_soft 0.2909  (20s)
  step  775  JSR  -17.5  loss 252.6323  logE[BER] -251.636  P_det_soft 0.9961  (21s)
  step  800  JSR  -17.9  loss 111.2440  logE[BER] -110.247  P_det_soft 0.9972  (21s)
  step  825  JSR   -2.5  loss 5.8048  logE[BER] -4.805  P_det_soft 1.0000  (22s)
  step  850  JSR  -22.4  loss 1135.6374  logE[BER] -1134.822  P_det_soft 0.8153  (23s)
  step  875  JSR  -16.9  loss 153.4841  logE[BER] -152.484  P_det_soft 1.0000  (23s)
  step  900  JSR  -17.6  loss 104.7615  logE[BER] -103.764  P_det_soft 0.9973  (24s)
  step  925  JSR   -8.8  loss 7.2381  logE[BER] -6.238  P_det_soft 1.0000  (24s)
  step  950  JSR  -20.4  loss 593.0943  logE[BER] -592.149  P_det_soft 0.9450  (25s)
  step  975  JSR  -16.3  loss 10.7063  logE[BER] -9.706  P_det_soft 1.0000  (26s)
  step 1000  JSR  -20.1  loss 764.7655  logE[BER] -763.790  P_det_soft 0.9760  (26s)
  step 1025  JSR  -16.7  loss 23.6301  logE[BER] -22.630  P_det_soft 0.9999  (27s)
  step 1050  JSR  -28.5  loss 2314.9021  logE[BER] -2314.456  P_det_soft 0.4458  (28s)
  step 1075  JSR  -27.3  loss 2090.4882  logE[BER] -2090.005  P_det_soft 0.4833  (28s)
  step 1100  JSR  -13.6  loss 8.6830  logE[BER] -7.683  P_det_soft 1.0000  (29s)
  step 1125  JSR  -21.1  loss 1201.2349  logE[BER] -1200.303  P_det_soft 0.9322  (30s)
  step 1150  JSR   -5.7  loss 6.6593  logE[BER] -5.659  P_det_soft 1.0000  (30s)
  step 1175  JSR  -15.7  loss 10.0130  logE[BER] -9.013  P_det_soft 1.0000  (31s)
  step 1200  JSR  -29.7  loss 2418.1620  logE[BER] -2417.791  P_det_soft 0.3706  (32s)
  step 1225  JSR  -14.6  loss 9.6068  logE[BER] -8.607  P_det_soft 1.0000  (32s)
  step 1250  JSR  -27.8  loss 2260.7002  logE[BER] -2260.270  P_det_soft 0.4306  (33s)
  step 1275  JSR  -24.8  loss 1087.0530  logE[BER] -1086.367  P_det_soft 0.6860  (34s)
  step 1300  JSR  -28.6  loss 2150.0635  logE[BER] -2149.642  P_det_soft 0.4212  (34s)
  step 1325  JSR   -2.7  loss 5.9865  logE[BER] -4.986  P_det_soft 1.0000  (35s)
  step 1350  JSR  -27.6  loss 1900.8945  logE[BER] -1900.397  P_det_soft 0.4974  (36s)
  step 1375  JSR  -29.4  loss 2468.8209  logE[BER] -2468.458  P_det_soft 0.3633  (36s)
  step 1400  JSR  -26.8  loss 1739.1507  logE[BER] -1738.614  P_det_soft 0.5368  (37s)
  step 1425  JSR  -19.5  loss 236.6172  logE[BER] -235.676  P_det_soft 0.9414  (38s)
  step 1450  JSR   -8.1  loss 6.9539  logE[BER] -5.954  P_det_soft 1.0000  (38s)
  step 1475  JSR   -9.5  loss 7.2204  logE[BER] -6.220  P_det_soft 1.0000  (39s)
  step 1500  JSR   -0.6  loss 5.7101  logE[BER] -4.710  P_det_soft 1.0000  (40s)
  step 1525  JSR  -26.2  loss 1649.9102  logE[BER] -1649.306  P_det_soft 0.6047  (40s)
  step 1550  JSR  -23.2  loss 1049.4128  logE[BER] -1048.603  P_det_soft 0.8094  (41s)
  step 1575  JSR  -12.8  loss 8.0217  logE[BER] -7.022  P_det_soft 1.0000  (42s)
  step 1600  JSR  -22.7  loss 1027.8560  logE[BER] -1027.003  P_det_soft 0.8528  (42s)
  step 1625  JSR   -9.9  loss 6.9983  logE[BER] -5.998  P_det_soft 1.0000  (43s)
  step 1650  JSR   -6.7  loss 6.6236  logE[BER] -5.624  P_det_soft 1.0000  (44s)
  step 1675  JSR   -0.1  loss 5.5943  logE[BER] -4.594  P_det_soft 1.0000  (44s)
  step 1700  JSR   -2.8  loss 6.1259  logE[BER] -5.126  P_det_soft 1.0000  (45s)
  step 1725  JSR  -10.9  loss 7.3086  logE[BER] -6.309  P_det_soft 1.0000  (46s)
  step 1750  JSR  -24.2  loss 1109.1624  logE[BER] -1108.455  P_det_soft 0.7073  (46s)
  step 1775  JSR   -1.7  loss 5.7717  logE[BER] -4.772  P_det_soft 1.0000  (47s)
  step 1800  JSR   -4.0  loss 6.2571  logE[BER] -5.257  P_det_soft 1.0000  (48s)
  step 1825  JSR  -24.4  loss 1148.6586  logE[BER] -1147.922  P_det_soft 0.7365  (48s)
  step 1850  JSR  -26.4  loss 1521.9246  logE[BER] -1521.330  P_det_soft 0.5949  (49s)
  step 1875  JSR  -13.1  loss 8.3133  logE[BER] -7.313  P_det_soft 1.0000  (50s)
  step 1900  JSR  -29.4  loss 2294.3479  logE[BER] -2293.935  P_det_soft 0.4128  (50s)
  step 1925  JSR   -7.2  loss 6.6887  logE[BER] -5.689  P_det_soft 1.0000  (51s)
  step 1950  JSR  -25.1  loss 947.6236  logE[BER] -946.981  P_det_soft 0.6422  (52s)
  step 1975  JSR  -24.8  loss 1159.2789  logE[BER] -1158.563  P_det_soft 0.7160  (53s)
  step 2000  JSR  -10.0  loss 7.0434  logE[BER] -6.043  P_det_soft 1.0000  (53s)
  step 2025  JSR   -3.7  loss 6.0187  logE[BER] -5.019  P_det_soft 1.0000  (54s)
  step 2050  JSR  -11.1  loss 7.6472  logE[BER] -6.647  P_det_soft 1.0000  (55s)
  step 2075  JSR  -29.2  loss 2077.2289  logE[BER] -2076.885  P_det_soft 0.3439  (55s)
  step 2100  JSR   -2.6  loss 5.9243  logE[BER] -4.924  P_det_soft 1.0000  (56s)
  step 2125  JSR  -15.1  loss 8.5979  logE[BER] -7.598  P_det_soft 1.0000  (57s)
  step 2150  JSR   -4.9  loss 6.2737  logE[BER] -5.274  P_det_soft 1.0000  (57s)
  step 2175  JSR  -25.1  loss 890.5992  logE[BER] -889.931  P_det_soft 0.6683  (58s)
  step 2200  JSR  -28.6  loss 1860.8400  logE[BER] -1860.394  P_det_soft 0.4457  (59s)
  step 2225  JSR  -27.3  loss 1657.4592  logE[BER] -1656.957  P_det_soft 0.5021  (59s)
  step 2250  JSR  -21.4  loss 541.7626  logE[BER] -540.877  P_det_soft 0.8854  (60s)
  step 2275  JSR  -17.7  loss 10.6908  logE[BER] -9.704  P_det_soft 0.9867  (61s)
  step 2300  JSR   -9.3  loss 6.8428  logE[BER] -5.843  P_det_soft 1.0000  (61s)
  step 2325  JSR  -15.1  loss 8.5566  logE[BER] -7.557  P_det_soft 1.0000  (62s)
  step 2350  JSR   -7.0  loss 6.8498  logE[BER] -5.850  P_det_soft 1.0000  (63s)
  step 2375  JSR  -31.2  loss 2447.1409  logE[BER] -2446.787  P_det_soft 0.3542  (63s)
  step 2400  JSR  -32.0  loss 2225.3122  logE[BER] -2225.031  P_det_soft 0.2813  (64s)
  step 2425  JSR   -7.5  loss 6.6354  logE[BER] -5.635  P_det_soft 1.0000  (65s)
  step 2450  JSR   -4.6  loss 6.2950  logE[BER] -5.295  P_det_soft 1.0000  (65s)
  step 2475  JSR  -12.9  loss 7.7595  logE[BER] -6.760  P_det_soft 1.0000  (66s)
  step 2500  JSR   -5.6  loss 6.2926  logE[BER] -5.293  P_det_soft 1.0000  (67s)
  step 2525  JSR  -16.9  loss 8.7723  logE[BER] -7.773  P_det_soft 0.9991  (67s)
  step 2550  JSR   -5.1  loss 6.2739  logE[BER] -5.274  P_det_soft 1.0000  (68s)
  step 2575  JSR  -10.3  loss 6.8970  logE[BER] -5.897  P_det_soft 1.0000  (69s)
  step 2600  JSR   -1.1  loss 5.8383  logE[BER] -4.838  P_det_soft 1.0000  (69s)
  step 2625  JSR  -29.9  loss 1700.0576  logE[BER] -1699.623  P_det_soft 0.4346  (70s)
  step 2650  JSR   -5.9  loss 6.3879  logE[BER] -5.388  P_det_soft 1.0000  (71s)
  step 2675  JSR   -1.6  loss 5.8049  logE[BER] -4.805  P_det_soft 1.0000  (71s)
  step 2700  JSR  -14.2  loss 8.1601  logE[BER] -7.160  P_det_soft 1.0000  (72s)
  step 2725  JSR  -25.5  loss 901.2347  logE[BER] -900.655  P_det_soft 0.5801  (73s)
  step 2750  JSR  -24.1  loss 670.4616  logE[BER] -669.762  P_det_soft 0.6997  (73s)
  step 2775  JSR  -17.2  loss 9.2321  logE[BER] -8.267  P_det_soft 0.9654  (74s)
  step 2800  JSR   -0.4  loss 5.5529  logE[BER] -4.553  P_det_soft 1.0000  (75s)
  step 2825  JSR  -10.0  loss 6.8022  logE[BER] -5.802  P_det_soft 1.0000  (76s)
  step 2850  JSR   -5.1  loss 6.3599  logE[BER] -5.360  P_det_soft 1.0000  (76s)
  step 2875  JSR   -2.2  loss 5.8969  logE[BER] -4.897  P_det_soft 1.0000  (77s)
  step 2900  JSR  -18.3  loss 9.4819  logE[BER] -8.504  P_det_soft 0.9779  (78s)
  step 2925  JSR  -11.3  loss 7.0411  logE[BER] -6.041  P_det_soft 1.0000  (78s)
  step 2950  JSR  -18.5  loss 9.9672  logE[BER] -9.011  P_det_soft 0.9563  (79s)
  step 2975  JSR  -27.8  loss 1592.9123  logE[BER] -1592.462  P_det_soft 0.4500  (80s)
  step 3000  JSR  -30.6  loss 1524.3752  logE[BER] -1523.992  P_det_soft 0.3835  (80s)
  step 3025  JSR  -21.2  loss 20.6507  logE[BER] -19.766  P_det_soft 0.8844  (81s)
  step 3050  JSR   -3.2  loss 5.9112  logE[BER] -4.911  P_det_soft 1.0000  (82s)
  step 3075  JSR  -28.5  loss 1308.6556  logE[BER] -1308.192  P_det_soft 0.4640  (82s)
  step 3100  JSR   -7.3  loss 6.5603  logE[BER] -5.560  P_det_soft 1.0000  (83s)
  step 3125  JSR   -7.5  loss 6.4373  logE[BER] -5.437  P_det_soft 1.0000  (84s)
  step 3150  JSR  -30.4  loss 1833.3277  logE[BER] -1832.930  P_det_soft 0.3981  (84s)
  step 3175  JSR   -3.3  loss 5.9268  logE[BER] -4.927  P_det_soft 1.0000  (85s)
  step 3200  JSR   -4.1  loss 6.0262  logE[BER] -5.026  P_det_soft 1.0000  (86s)
  step 3225  JSR  -11.2  loss 6.8589  logE[BER] -5.859  P_det_soft 1.0000  (86s)
  step 3250  JSR  -24.0  loss 223.8614  logE[BER] -223.125  P_det_soft 0.7359  (87s)
  step 3275  JSR  -30.5  loss 1867.9748  logE[BER] -1867.553  P_det_soft 0.4213  (88s)
  step 3300  JSR   -1.4  loss 5.6853  logE[BER] -4.685  P_det_soft 1.0000  (88s)
  step 3325  JSR   -5.6  loss 6.2307  logE[BER] -5.231  P_det_soft 1.0000  (89s)
  step 3350  JSR  -12.5  loss 7.1722  logE[BER] -6.172  P_det_soft 1.0000  (90s)
  step 3375  JSR  -23.9  loss 224.6787  logE[BER] -223.920  P_det_soft 0.7588  (90s)
  step 3400  JSR   -2.1  loss 5.8253  logE[BER] -4.825  P_det_soft 1.0000  (91s)
  step 3425  JSR   -7.3  loss 6.4738  logE[BER] -5.474  P_det_soft 1.0000  (92s)
  step 3450  JSR   -1.7  loss 5.8130  logE[BER] -4.813  P_det_soft 1.0000  (92s)
  step 3475  JSR   -1.3  loss 5.6996  logE[BER] -4.700  P_det_soft 1.0000  (93s)
  step 3500  JSR   -4.9  loss 6.1935  logE[BER] -5.194  P_det_soft 1.0000  (94s)
  step 3525  JSR  -26.7  loss 829.3081  logE[BER] -828.712  P_det_soft 0.5959  (94s)
  step 3550  JSR  -21.6  loss 19.4028  logE[BER] -18.602  P_det_soft 0.8005  (95s)
  step 3575  JSR   -0.7  loss 5.6485  logE[BER] -4.649  P_det_soft 1.0000  (96s)
  step 3600  JSR   -4.4  loss 5.9746  logE[BER] -4.975  P_det_soft 1.0000  (96s)
  step 3625  JSR  -13.3  loss 7.0482  logE[BER] -6.048  P_det_soft 1.0000  (97s)
  step 3650  JSR  -21.4  loss 13.6616  logE[BER] -12.836  P_det_soft 0.8251  (98s)
  step 3675  JSR  -25.6  loss 502.6703  logE[BER] -502.041  P_det_soft 0.6295  (98s)
  step 3700  JSR  -13.9  loss 6.8975  logE[BER] -5.897  P_det_soft 1.0000  (99s)
  step 3725  JSR   -0.4  loss 5.4604  logE[BER] -4.460  P_det_soft 1.0000  (100s)
  step 3750  JSR  -10.1  loss 6.6078  logE[BER] -5.608  P_det_soft 1.0000  (100s)
  step 3775  JSR  -20.9  loss 9.4483  logE[BER] -8.588  P_det_soft 0.8599  (101s)
  step 3800  JSR  -19.6  loss 8.4207  logE[BER] -7.551  P_det_soft 0.8699  (102s)
  step 3825  JSR  -27.7  loss 854.7111  logE[BER] -854.123  P_det_soft 0.5884  (102s)
  step 3850  JSR  -10.8  loss 6.4697  logE[BER] -5.470  P_det_soft 1.0000  (103s)
  step 3875  JSR   -8.6  loss 6.4835  logE[BER] -5.483  P_det_soft 1.0000  (104s)
  step 3900  JSR   -9.6  loss 6.5386  logE[BER] -5.539  P_det_soft 1.0000  (104s)
  step 3925  JSR  -22.8  loss 14.5161  logE[BER] -13.733  P_det_soft 0.7833  (105s)
  step 3950  JSR   -7.5  loss 6.2041  logE[BER] -5.204  P_det_soft 1.0000  (106s)
  step 3975  JSR   -4.8  loss 6.0370  logE[BER] -5.037  P_det_soft 1.0000  (107s)
  step 3999  JSR  -20.1  loss 8.7179  logE[BER] -7.878  P_det_soft 0.8398  (107s)
wrote task5_G.pt, task5.json  (tag power_two_sided_b1)
