node: tikgpu06.ee.ethz.ch | gpu: NVIDIA GeForce RTX 3090
task 18 = {'target': 'spec_cnn', 'beta': 100000.0}  (tag spec_cnn_b100000, 32 frames/step, JSR band (-48.0, -16.0))
  target spec_cnn: threshold -3.17573, clean-frame std 0.949107 (soft_pdet width)
  step    0  JSR  -23.4  loss 92594.4339  logE[BER] -2890.460  P_det_soft 0.8970  (1s)
  step   25  JSR  -19.9  loss 98085.4508  logE[BER] -2393.686  P_det_soft 0.9569  (3s)
  step   50  JSR  -47.7  loss 21415.0739  logE[BER] -3923.744  P_det_soft 0.1749  (4s)
  step   75  JSR  -47.9  loss 21204.7114  logE[BER] -3926.530  P_det_soft 0.1728  (6s)
  step  100  JSR  -39.6  loss 19365.8122  logE[BER] -3812.048  P_det_soft 0.1555  (8s)
  step  125  JSR  -38.6  loss 26629.5981  logE[BER] -3790.247  P_det_soft 0.2284  (9s)
  step  150  JSR  -23.0  loss 42957.2796  logE[BER] -2631.852  P_det_soft 0.4033  (11s)
  step  175  JSR  -45.5  loss 19164.0044  logE[BER] -3898.573  P_det_soft 0.1527  (13s)
  step  200  JSR  -22.2  loss 55990.0735  logE[BER] -2654.592  P_det_soft 0.5334  (14s)
  step  225  JSR  -16.0  loss 95663.2135  logE[BER] -1558.881  P_det_soft 0.9410  (16s)
  step  250  JSR  -26.7  loss 28347.9215  logE[BER] -3200.800  P_det_soft 0.2515  (18s)
  step  275  JSR  -41.9  loss 19654.2723  logE[BER] -3850.874  P_det_soft 0.1580  (20s)
  step  300  JSR  -29.6  loss 27367.0149  logE[BER] -3428.026  P_det_soft 0.2394  (21s)
  step  325  JSR  -43.0  loss 17883.8122  logE[BER] -3878.763  P_det_soft 0.1401  (23s)
  step  350  JSR  -22.2  loss 41557.8412  logE[BER] -2659.516  P_det_soft 0.3890  (25s)
  step  375  JSR  -30.6  loss 28520.5303  logE[BER] -3495.187  P_det_soft 0.2503  (27s)
  step  400  JSR  -45.0  loss 20688.1534  logE[BER] -3907.918  P_det_soft 0.1678  (29s)
  step  425  JSR  -33.0  loss 22193.5888  logE[BER] -3580.413  P_det_soft 0.1861  (31s)
  step  450  JSR  -22.8  loss 36163.6343  logE[BER] -2736.292  P_det_soft 0.3343  (33s)
  step  475  JSR  -38.3  loss 21349.2407  logE[BER] -3784.041  P_det_soft 0.1757  (35s)
  step  500  JSR  -36.6  loss 20849.7672  logE[BER] -3728.446  P_det_soft 0.1712  (37s)
  step  525  JSR  -31.8  loss 19888.6597  logE[BER] -3540.544  P_det_soft 0.1635  (39s)
  step  550  JSR  -23.6  loss 23742.5660  logE[BER] -2778.416  P_det_soft 0.2096  (41s)
  step  575  JSR  -37.7  loss 20129.4594  logE[BER] -3750.363  P_det_soft 0.1638  (43s)
  step  600  JSR  -36.1  loss 26458.7653  logE[BER] -3696.941  P_det_soft 0.2276  (46s)
  step  625  JSR  -20.8  loss 35879.2674  logE[BER] -2569.259  P_det_soft 0.3331  (49s)
  step  650  JSR  -46.0  loss 19330.8906  logE[BER] -3921.397  P_det_soft 0.1541  (51s)
  step  675  JSR  -41.3  loss 21140.1120  logE[BER] -3861.300  P_det_soft 0.1728  (54s)
  step  700  JSR  -23.5  loss 28694.7955  logE[BER] -2852.194  P_det_soft 0.2584  (57s)
  step  725  JSR  -37.6  loss 19150.9090  logE[BER] -3754.442  P_det_soft 0.1540  (60s)
  step  750  JSR  -19.7  loss 42091.4575  logE[BER] -2431.827  P_det_soft 0.3966  (63s)
  step  775  JSR  -41.9  loss 21750.4243  logE[BER] -3865.765  P_det_soft 0.1788  (66s)
  step  800  JSR  -35.1  loss 20623.6215  logE[BER] -3699.028  P_det_soft 0.1692  (70s)
  step  825  JSR  -38.1  loss 23163.7871  logE[BER] -3780.242  P_det_soft 0.1938  (74s)
  step  850  JSR  -38.5  loss 20078.0329  logE[BER] -3802.872  P_det_soft 0.1628  (78s)
  step  875  JSR  -35.6  loss 22329.6117  logE[BER] -3718.775  P_det_soft 0.1861  (82s)
  step  900  JSR  -43.8  loss 19644.1897  logE[BER] -3890.409  P_det_soft 0.1575  (86s)
  step  925  JSR  -47.4  loss 20935.3617  logE[BER] -3927.678  P_det_soft 0.1701  (91s)
  step  950  JSR  -23.9  loss 24341.6659  logE[BER] -2954.574  P_det_soft 0.2139  (97s)
  step  975  JSR  -30.7  loss 22094.2597  logE[BER] -3526.231  P_det_soft 0.1857  (102s)
  step 1000  JSR  -17.8  loss 45404.2659  logE[BER] -2162.792  P_det_soft 0.4324  (108s)
  step 1025  JSR  -23.5  loss 18663.8652  logE[BER] -2896.751  P_det_soft 0.1577  (115s)
  step 1050  JSR  -28.6  loss 17254.2714  logE[BER] -3385.569  P_det_soft 0.1387  (121s)
  step 1075  JSR  -39.2  loss 18788.6434  logE[BER] -3803.778  P_det_soft 0.1498  (128s)
  step 1100  JSR  -46.7  loss 20984.3290  logE[BER] -3917.570  P_det_soft 0.1707  (134s)
  step 1125  JSR  -43.8  loss 18631.7681  logE[BER] -3900.679  P_det_soft 0.1473  (141s)
  step 1150  JSR  -25.3  loss 16954.8064  logE[BER] -3033.804  P_det_soft 0.1392  (148s)
  step 1175  JSR  -32.3  loss 20762.8447  logE[BER] -3536.796  P_det_soft 0.1723  (155s)
  step 1200  JSR  -44.3  loss 22536.2821  logE[BER] -3905.218  P_det_soft 0.1863  (163s)
  step 1225  JSR  -35.9  loss 20656.1912  logE[BER] -3735.861  P_det_soft 0.1692  (172s)
  step 1250  JSR  -18.8  loss 29768.4737  logE[BER] -2113.137  P_det_soft 0.2766  (181s)
  step 1275  JSR  -37.4  loss 23755.9991  logE[BER] -3766.274  P_det_soft 0.1999  (192s)
  step 1300  JSR  -20.3  loss 23949.8207  logE[BER] -2468.263  P_det_soft 0.2148  (204s)
  step 1325  JSR  -23.1  loss 14551.2290  logE[BER] -2858.409  P_det_soft 0.1169  (217s)
  step 1350  JSR  -41.9  loss 17778.4391  logE[BER] -3856.098  P_det_soft 0.1392  (230s)
  step 1375  JSR  -17.1  loss 45939.3699  logE[BER] -1866.595  P_det_soft 0.4407  (243s)
  step 1400  JSR  -40.0  loss 22412.5962  logE[BER] -3833.038  P_det_soft 0.1858  (256s)
  step 1425  JSR  -26.2  loss 16177.2793  logE[BER] -3192.027  P_det_soft 0.1299  (269s)
  step 1450  JSR  -42.0  loss 22584.8487  logE[BER] -3860.944  P_det_soft 0.1872  (282s)
  step 1475  JSR  -37.1  loss 21463.0819  logE[BER] -3771.768  P_det_soft 0.1769  (296s)
  step 1500  JSR  -16.4  loss 52145.1055  logE[BER] -1726.467  P_det_soft 0.5042  (311s)
  step 1525  JSR  -20.8  loss 20848.4370  logE[BER] -2587.924  P_det_soft 0.1826  (325s)
  step 1550  JSR  -21.6  loss 19975.5122  logE[BER] -2623.995  P_det_soft 0.1735  (340s)
  step 1575  JSR  -20.9  loss 19254.0514  logE[BER] -2625.820  P_det_soft 0.1663  (355s)
  step 1600  JSR  -17.6  loss 34389.6031  logE[BER] -2106.453  P_det_soft 0.3228  (370s)
  step 1625  JSR  -28.2  loss 20643.6390  logE[BER] -3332.778  P_det_soft 0.1731  (385s)
  step 1650  JSR  -46.9  loss 15130.5318  logE[BER] -3920.788  P_det_soft 0.1121  (399s)
  step 1675  JSR  -21.9  loss 15204.8574  logE[BER] -2747.474  P_det_soft 0.1246  (412s)
  step 1700  JSR  -37.8  loss 20507.7400  logE[BER] -3744.970  P_det_soft 0.1676  (425s)
  step 1725  JSR  -34.7  loss 16018.2878  logE[BER] -3700.972  P_det_soft 0.1232  (438s)
  step 1750  JSR  -24.8  loss 12773.1015  logE[BER] -3102.094  P_det_soft 0.0967  (451s)
  step 1775  JSR  -21.3  loss 11961.5453  logE[BER] -2614.003  P_det_soft 0.0935  (464s)
  step 1800  JSR  -37.6  loss 23389.3276  logE[BER] -3774.158  P_det_soft 0.1962  (477s)
  step 1825  JSR  -21.0  loss 14195.9648  logE[BER] -2523.167  P_det_soft 0.1167  (490s)
  step 1850  JSR  -20.8  loss 14259.4308  logE[BER] -2608.305  P_det_soft 0.1165  (502s)
  step 1875  JSR  -45.3  loss 18777.4555  logE[BER] -3910.151  P_det_soft 0.1487  (513s)
  step 1900  JSR  -17.7  loss 30532.7866  logE[BER] -1964.890  P_det_soft 0.2857  (524s)
  step 1925  JSR  -39.8  loss 22951.4934  logE[BER] -3828.247  P_det_soft 0.1912  (534s)
  step 1950  JSR  -16.2  loss 39178.3198  logE[BER] -1563.150  P_det_soft 0.3762  (544s)
  step 1975  JSR  -25.8  loss 15083.1994  logE[BER] -3194.266  P_det_soft 0.1189  (554s)
  step 2000  JSR  -32.1  loss 21183.5882  logE[BER] -3584.363  P_det_soft 0.1760  (563s)
  step 2025  JSR  -35.2  loss 17002.2944  logE[BER] -3718.167  P_det_soft 0.1328  (572s)
  step 2050  JSR  -16.9  loss 37445.5193  logE[BER] -1922.802  P_det_soft 0.3552  (581s)
  step 2075  JSR  -17.0  loss 40419.6842  logE[BER] -1956.084  P_det_soft 0.3846  (590s)
  step 2100  JSR  -30.0  loss 13746.9840  logE[BER] -3476.374  P_det_soft 0.1027  (598s)
  step 2125  JSR  -42.0  loss 25702.8144  logE[BER] -3870.861  P_det_soft 0.2183  (607s)
  step 2150  JSR  -27.0  loss 12709.0392  logE[BER] -3248.988  P_det_soft 0.0946  (615s)
  step 2175  JSR  -26.9  loss 13149.8979  logE[BER] -3211.214  P_det_soft 0.0994  (623s)
  step 2200  JSR  -42.8  loss 19130.4339  logE[BER] -3883.846  P_det_soft 0.1525  (631s)
  step 2225  JSR  -22.0  loss 13673.4010  logE[BER] -2749.798  P_det_soft 0.1092  (639s)
  step 2250  JSR  -33.7  loss 17213.0170  logE[BER] -3659.378  P_det_soft 0.1355  (647s)
  step 2275  JSR  -27.4  loss 19075.9015  logE[BER] -3265.468  P_det_soft 0.1581  (655s)
  step 2300  JSR  -44.3  loss 21950.3395  logE[BER] -3903.013  P_det_soft 0.1805  (663s)
  step 2325  JSR  -25.7  loss 16216.9897  logE[BER] -3168.269  P_det_soft 0.1305  (671s)
  step 2350  JSR  -16.5  loss 34465.0635  logE[BER] -1742.271  P_det_soft 0.3272  (678s)
  step 2375  JSR  -35.8  loss 16514.5533  logE[BER] -3730.999  P_det_soft 0.1278  (686s)
  step 2400  JSR  -41.4  loss 19273.6531  logE[BER] -3867.950  P_det_soft 0.1541  (693s)
  step 2425  JSR  -37.4  loss 29468.1654  logE[BER] -3772.448  P_det_soft 0.2570  (701s)
  step 2450  JSR  -36.6  loss 21053.6017  logE[BER] -3743.521  P_det_soft 0.1731  (708s)
  step 2475  JSR  -24.0  loss 11665.1304  logE[BER] -2970.730  P_det_soft 0.0869  (715s)
  step 2500  JSR  -34.7  loss 23799.3252  logE[BER] -3674.591  P_det_soft 0.2012  (722s)
  step 2525  JSR  -45.0  loss 17983.0014  logE[BER] -3908.555  P_det_soft 0.1407  (730s)
  step 2550  JSR  -26.0  loss 11583.3279  logE[BER] -3205.336  P_det_soft 0.0838  (737s)
  step 2575  JSR  -22.9  loss 13013.2908  logE[BER] -2854.201  P_det_soft 0.1016  (744s)
  step 2600  JSR  -24.0  loss 13175.1176  logE[BER] -2992.005  P_det_soft 0.1018  (752s)
  step 2625  JSR  -25.4  loss 10208.5551  logE[BER] -3150.253  P_det_soft 0.0706  (759s)
  step 2650  JSR  -30.5  loss 16701.0783  logE[BER] -3493.471  P_det_soft 0.1321  (766s)
  step 2675  JSR  -32.3  loss 18193.6567  logE[BER] -3613.298  P_det_soft 0.1458  (773s)
  step 2700  JSR  -23.8  loss 11153.2094  logE[BER] -2941.617  P_det_soft 0.0821  (780s)
  step 2725  JSR  -21.5  loss 13006.8828  logE[BER] -2726.748  P_det_soft 0.1028  (788s)
  step 2750  JSR  -45.6  loss 15171.6501  logE[BER] -3916.937  P_det_soft 0.1125  (795s)
  step 2775  JSR  -35.7  loss 22727.3591  logE[BER] -3700.552  P_det_soft 0.1903  (802s)
  step 2800  JSR  -31.5  loss 16033.8206  logE[BER] -3547.346  P_det_soft 0.1249  (809s)
  step 2825  JSR  -34.6  loss 22160.8578  logE[BER] -3672.184  P_det_soft 0.1849  (816s)
  step 2850  JSR  -44.7  loss 18125.2275  logE[BER] -3908.332  P_det_soft 0.1422  (823s)
  step 2875  JSR  -41.2  loss 20647.5920  logE[BER] -3859.035  P_det_soft 0.1679  (830s)
  step 2900  JSR  -44.1  loss 18711.4244  logE[BER] -3887.024  P_det_soft 0.1482  (838s)
  step 2925  JSR  -47.6  loss 20649.1885  logE[BER] -3937.524  P_det_soft 0.1671  (845s)
  step 2950  JSR  -17.0  loss 19834.4936  logE[BER] -1784.948  P_det_soft 0.1805  (852s)
  step 2975  JSR  -38.4  loss 19482.8432  logE[BER] -3809.535  P_det_soft 0.1567  (859s)
  step 3000  JSR  -18.2  loss 20098.3917  logE[BER] -2192.452  P_det_soft 0.1791  (866s)
  step 3025  JSR  -16.8  loss 23385.6088  logE[BER] -1916.618  P_det_soft 0.2147  (873s)
  step 3050  JSR  -29.7  loss 19032.5574  logE[BER] -3434.604  P_det_soft 0.1560  (880s)
  step 3075  JSR  -34.3  loss 21519.1873  logE[BER] -3686.735  P_det_soft 0.1783  (887s)
  step 3100  JSR  -37.4  loss 18977.8994  logE[BER] -3776.810  P_det_soft 0.1520  (895s)
  step 3125  JSR  -34.2  loss 18226.0743  logE[BER] -3672.713  P_det_soft 0.1455  (902s)
  step 3150  JSR  -30.3  loss 17263.7403  logE[BER] -3486.540  P_det_soft 0.1378  (909s)
  step 3175  JSR  -25.4  loss 11883.0002  logE[BER] -3099.664  P_det_soft 0.0878  (916s)
  step 3200  JSR  -28.9  loss 12562.9035  logE[BER] -3420.414  P_det_soft 0.0914  (923s)
  step 3225  JSR  -40.5  loss 23066.8213  logE[BER] -3848.831  P_det_soft 0.1922  (930s)
  step 3250  JSR  -47.5  loss 22301.2195  logE[BER] -3933.092  P_det_soft 0.1837  (937s)
  step 3275  JSR  -46.3  loss 21058.8485  logE[BER] -3919.245  P_det_soft 0.1714  (944s)
  step 3300  JSR  -27.7  loss 11700.9516  logE[BER] -3302.349  P_det_soft 0.0840  (951s)
  step 3325  JSR  -41.2  loss 20501.9032  logE[BER] -3848.486  P_det_soft 0.1665  (958s)
  step 3350  JSR  -32.8  loss 16564.0346  logE[BER] -3578.683  P_det_soft 0.1299  (965s)
  step 3375  JSR  -47.9  loss 21640.1726  logE[BER] -3924.588  P_det_soft 0.1772  (972s)
  step 3400  JSR  -17.8  loss 20497.7920  logE[BER] -1995.082  P_det_soft 0.1850  (979s)
  step 3425  JSR  -21.2  loss 11048.7671  logE[BER] -2612.439  P_det_soft 0.0844  (986s)
  step 3450  JSR  -44.8  loss 22318.4061  logE[BER] -3900.344  P_det_soft 0.1842  (993s)
  step 3475  JSR  -18.8  loss 14715.0753  logE[BER] -2237.115  P_det_soft 0.1248  (1000s)
  step 3500  JSR  -24.5  loss 11766.8882  logE[BER] -3025.700  P_det_soft 0.0874  (1007s)
  step 3525  JSR  -31.4  loss 17208.5355  logE[BER] -3538.108  P_det_soft 0.1367  (1014s)
  step 3550  JSR  -20.8  loss 11919.0175  logE[BER] -2512.554  P_det_soft 0.0941  (1021s)
  step 3575  JSR  -22.6  loss 8297.6042  logE[BER] -2794.050  P_det_soft 0.0550  (1028s)
  step 3600  JSR  -42.7  loss 17812.0806  logE[BER] -3881.973  P_det_soft 0.1393  (1035s)
  step 3625  JSR  -31.2  loss 17216.5486  logE[BER] -3522.008  P_det_soft 0.1369  (1042s)
  step 3650  JSR  -29.1  loss 14551.9296  logE[BER] -3419.936  P_det_soft 0.1113  (1049s)
  step 3675  JSR  -44.8  loss 20574.0545  logE[BER] -3915.092  P_det_soft 0.1666  (1056s)
  step 3700  JSR  -22.0  loss 8915.7226  logE[BER] -2738.531  P_det_soft 0.0618  (1063s)
  step 3725  JSR  -16.6  loss 23025.2811  logE[BER] -1705.372  P_det_soft 0.2132  (1070s)
  step 3750  JSR  -25.0  loss 9816.7015  logE[BER] -3104.456  P_det_soft 0.0671  (1077s)
  step 3775  JSR  -24.2  loss 11443.2444  logE[BER] -2997.071  P_det_soft 0.0845  (1084s)
  step 3800  JSR  -40.8  loss 20295.2076  logE[BER] -3842.917  P_det_soft 0.1645  (1091s)
  step 3825  JSR  -26.8  loss 11256.5226  logE[BER] -3297.345  P_det_soft 0.0796  (1098s)
  step 3850  JSR  -17.9  loss 16394.3862  logE[BER] -2050.868  P_det_soft 0.1434  (1105s)
  step 3875  JSR  -35.4  loss 20063.7837  logE[BER] -3713.081  P_det_soft 0.1635  (1112s)
  step 3900  JSR  -30.3  loss 14844.6610  logE[BER] -3448.085  P_det_soft 0.1140  (1119s)
  step 3925  JSR  -24.1  loss 10731.7364  logE[BER] -2981.401  P_det_soft 0.0775  (1126s)
  step 3950  JSR  -25.5  loss 11387.2869  logE[BER] -3125.648  P_det_soft 0.0826  (1133s)
  step 3975  JSR  -23.6  loss 8369.8987  logE[BER] -2902.596  P_det_soft 0.0547  (1140s)
  step 3999  JSR  -18.4  loss 15890.5700  logE[BER] -2186.536  P_det_soft 0.1370  (1147s)
wrote task18_G.pt, task18.json  (tag spec_cnn_b100000)
