node: tikgpu04.ee.ethz.ch | gpu: NVIDIA TITAN RTX
task 4 = {'target': 'power_one_sided', 'beta': 1000.0}  (tag power_one_sided_b1000)
  step    0  JSR   -5.3  loss 1005.2072  logE[BER] -5.207  P_det_soft 1.0000  (1s)
  step   25  JSR  -19.4  loss 1707.3360  logE[BER] -883.862  P_det_soft 0.8235  (2s)
  step   50  JSR  -15.4  loss 959.2132  logE[BER] -7.464  P_det_soft 0.9517  (2s)
  step   75  JSR  -28.2  loss 1683.6894  logE[BER] -1175.026  P_det_soft 0.5087  (3s)
  step  100  JSR  -31.9  loss 2494.9128  logE[BER] -2127.135  P_det_soft 0.3678  (3s)
  step  125  JSR   -0.2  loss 1002.3982  logE[BER] -2.398  P_det_soft 1.0000  (4s)
  step  150  JSR   -0.6  loss 1002.6370  logE[BER] -2.637  P_det_soft 1.0000  (4s)
  step  175  JSR  -20.4  loss 761.5112  logE[BER] -9.161  P_det_soft 0.7524  (5s)
  step  200  JSR   -8.4  loss 1005.3739  logE[BER] -5.374  P_det_soft 1.0000  (5s)
  step  225  JSR  -29.4  loss 1939.7950  logE[BER] -1487.557  P_det_soft 0.4522  (6s)
  step  250  JSR  -20.1  loss 813.5279  logE[BER] -8.644  P_det_soft 0.8049  (6s)
  step  275  JSR  -16.7  loss 971.6249  logE[BER] -6.922  P_det_soft 0.9647  (7s)
  step  300  JSR  -16.5  loss 948.8791  logE[BER] -6.565  P_det_soft 0.9423  (8s)
  step  325  JSR   -0.2  loss 1002.4784  logE[BER] -2.478  P_det_soft 1.0000  (8s)
  step  350  JSR   -7.7  loss 1005.2533  logE[BER] -5.253  P_det_soft 1.0000  (9s)
  step  375  JSR   -7.3  loss 1005.0779  logE[BER] -5.078  P_det_soft 1.0000  (9s)
  step  399  JSR  -21.0  loss 875.8965  logE[BER] -9.727  P_det_soft 0.8662  (10s)
wrote task4_G.pt, task4.json  (tag power_one_sided_b1000)
