node: tikgpu07.ee.ethz.ch | gpu: NVIDIA GeForce RTX 3090
task 14 = {'target': 'spec_cnn', 'beta': 10.0}  (tag spec_cnn_b10, 32 frames/step, JSR band (-48.0, -16.0))
  target spec_cnn: threshold -3.17573, clean-frame std 0.949107 (soft_pdet width)
  step    0  JSR  -29.2  loss 3309.8170  logE[BER] -3303.980  P_det_soft 0.5837  (1s)
  step   25  JSR  -31.6  loss 2699.2731  logE[BER] -2696.383  P_det_soft 0.2890  (3s)
  step   50  JSR  -19.3  loss 17.4941  logE[BER] -8.318  P_det_soft 0.9176  (4s)
  step   75  JSR  -31.9  loss 2253.7839  logE[BER] -2250.824  P_det_soft 0.2960  (6s)
  step  100  JSR  -28.4  loss 1629.8257  logE[BER] -1625.086  P_det_soft 0.4739  (8s)
  step  125  JSR  -45.7  loss 3516.4107  logE[BER] -3514.265  P_det_soft 0.2145  (9s)
  step  150  JSR  -43.2  loss 3434.7706  logE[BER] -3432.961  P_det_soft 0.1809  (11s)
  step  175  JSR  -28.0  loss 1135.2851  logE[BER] -1130.251  P_det_soft 0.5034  (13s)
  step  200  JSR  -18.9  loss 15.7222  logE[BER] -6.794  P_det_soft 0.8928  (14s)
  step  225  JSR  -22.6  loss 18.7553  logE[BER] -11.024  P_det_soft 0.7731  (16s)
  step  250  JSR  -31.7  loss 1810.9040  logE[BER] -1807.786  P_det_soft 0.3118  (18s)
  step  275  JSR  -36.5  loss 2717.0999  logE[BER] -2715.114  P_det_soft 0.1986  (19s)
  step  300  JSR  -29.8  loss 1352.2910  logE[BER] -1348.920  P_det_soft 0.3371  (21s)
  step  325  JSR  -45.2  loss 3452.4930  logE[BER] -3450.939  P_det_soft 0.1554  (23s)
  step  350  JSR  -27.2  loss 840.8493  logE[BER] -836.684  P_det_soft 0.4165  (24s)
  step  375  JSR  -34.6  loss 2369.1032  logE[BER] -2366.555  P_det_soft 0.2548  (26s)
  step  400  JSR  -18.5  loss 14.6821  logE[BER] -6.407  P_det_soft 0.8275  (28s)
  step  425  JSR  -45.1  loss 3471.1262  logE[BER] -3469.551  P_det_soft 0.1575  (30s)
  step  450  JSR  -37.6  loss 2665.9139  logE[BER] -2664.351  P_det_soft 0.1563  (31s)
  step  475  JSR  -34.5  loss 2294.1333  logE[BER] -2291.560  P_det_soft 0.2574  (33s)
  step  500  JSR  -46.7  loss 3563.8569  logE[BER] -3561.999  P_det_soft 0.1858  (35s)
  step  525  JSR  -17.3  loss 15.4588  logE[BER] -6.015  P_det_soft 0.9444  (36s)
  step  550  JSR  -35.6  loss 2458.2941  logE[BER] -2456.170  P_det_soft 0.2125  (38s)
  step  575  JSR  -45.4  loss 3476.0965  logE[BER] -3474.446  P_det_soft 0.1650  (40s)
  step  600  JSR  -23.2  loss 111.4393  logE[BER] -105.963  P_det_soft 0.5476  (42s)
  step  625  JSR  -20.6  loss 14.1268  logE[BER] -6.705  P_det_soft 0.7422  (43s)
  step  650  JSR  -19.7  loss 16.2009  logE[BER] -7.154  P_det_soft 0.9047  (45s)
  step  675  JSR  -34.3  loss 2250.9694  logE[BER] -2248.938  P_det_soft 0.2031  (47s)
  step  700  JSR  -34.2  loss 2186.4138  logE[BER] -2184.741  P_det_soft 0.1673  (49s)
  step  725  JSR  -23.4  loss 102.3157  logE[BER] -97.898  P_det_soft 0.4417  (51s)
  step  750  JSR  -19.4  loss 15.1457  logE[BER] -6.881  P_det_soft 0.8265  (53s)
  step  775  JSR  -32.1  loss 1826.5860  logE[BER] -1824.554  P_det_soft 0.2032  (54s)
  step  800  JSR  -41.8  loss 3198.3912  logE[BER] -3197.064  P_det_soft 0.1327  (56s)
  step  825  JSR  -35.2  loss 2340.3088  logE[BER] -2338.089  P_det_soft 0.2220  (58s)
  step  850  JSR  -38.0  loss 2775.7168  logE[BER] -2774.474  P_det_soft 0.1243  (60s)
  step  875  JSR  -22.2  loss 15.0788  logE[BER] -8.318  P_det_soft 0.6761  (62s)
  step  900  JSR  -27.0  loss 630.9779  logE[BER] -627.535  P_det_soft 0.3443  (64s)
  step  925  JSR  -26.7  loss 476.7219  logE[BER] -472.678  P_det_soft 0.4044  (66s)
  step  950  JSR  -16.5  loss 15.5982  logE[BER] -6.240  P_det_soft 0.9358  (68s)
  step  975  JSR  -29.8  loss 1261.1229  logE[BER] -1259.480  P_det_soft 0.1643  (70s)
  step 1000  JSR  -32.3  loss 1912.1884  logE[BER] -1909.550  P_det_soft 0.2638  (72s)
  step 1025  JSR  -44.1  loss 3388.8187  logE[BER] -3387.169  P_det_soft 0.1650  (74s)
  step 1050  JSR  -46.6  loss 3522.2094  logE[BER] -3520.783  P_det_soft 0.1426  (76s)
  step 1075  JSR  -21.5  loss 15.5367  logE[BER] -8.173  P_det_soft 0.7363  (78s)
  step 1100  JSR  -44.3  loss 3384.7812  logE[BER] -3382.861  P_det_soft 0.1921  (80s)
  step 1125  JSR  -37.9  loss 2801.4391  logE[BER] -2799.251  P_det_soft 0.2189  (82s)
  step 1150  JSR  -30.2  loss 1247.9586  logE[BER] -1244.612  P_det_soft 0.3347  (84s)
  step 1175  JSR  -42.8  loss 3241.8360  logE[BER] -3240.374  P_det_soft 0.1462  (86s)
  step 1200  JSR  -40.9  loss 3096.2580  logE[BER] -3094.780  P_det_soft 0.1478  (89s)
  step 1225  JSR  -32.9  loss 1860.7992  logE[BER] -1858.337  P_det_soft 0.2462  (91s)
  step 1250  JSR  -25.6  loss 355.3685  logE[BER] -351.494  P_det_soft 0.3874  (93s)
  step 1275  JSR  -26.4  loss 545.0021  logE[BER] -541.700  P_det_soft 0.3302  (95s)
  step 1300  JSR  -37.4  loss 2692.9775  logE[BER] -2691.385  P_det_soft 0.1593  (98s)
  step 1325  JSR  -19.0  loss 15.0309  logE[BER] -6.707  P_det_soft 0.8324  (100s)
  step 1350  JSR  -46.9  loss 3537.0310  logE[BER] -3534.949  P_det_soft 0.2082  (102s)
  step 1375  JSR  -39.8  loss 3017.9031  logE[BER] -3015.808  P_det_soft 0.2095  (105s)
  step 1400  JSR  -18.5  loss 15.7559  logE[BER] -6.703  P_det_soft 0.9053  (107s)
  step 1425  JSR  -38.0  loss 2782.2012  logE[BER] -2780.371  P_det_soft 0.1830  (109s)
  step 1450  JSR  -29.3  loss 1152.4034  logE[BER] -1150.049  P_det_soft 0.2355  (112s)
  step 1475  JSR  -43.2  loss 3256.4435  logE[BER] -3254.096  P_det_soft 0.2347  (114s)
  step 1500  JSR  -24.8  loss 246.3746  logE[BER] -241.506  P_det_soft 0.4868  (116s)
  step 1525  JSR  -29.1  loss 1070.9352  logE[BER] -1068.070  P_det_soft 0.2866  (119s)
  step 1550  JSR  -40.6  loss 3084.1544  logE[BER] -3081.573  P_det_soft 0.2582  (121s)
  step 1575  JSR  -31.9  loss 1704.0048  logE[BER] -1701.409  P_det_soft 0.2595  (124s)
  step 1600  JSR  -34.0  loss 2152.9467  logE[BER] -2151.103  P_det_soft 0.1844  (126s)
  step 1625  JSR  -38.9  loss 2817.3674  logE[BER] -2815.667  P_det_soft 0.1701  (129s)
  step 1650  JSR  -18.2  loss 15.1913  logE[BER] -5.969  P_det_soft 0.9222  (131s)
  step 1675  JSR  -41.5  loss 3156.4650  logE[BER] -3154.723  P_det_soft 0.1742  (134s)
  step 1700  JSR  -42.7  loss 3245.5640  logE[BER] -3244.014  P_det_soft 0.1550  (136s)
  step 1725  JSR  -30.0  loss 1394.4467  logE[BER] -1392.023  P_det_soft 0.2424  (139s)
  step 1750  JSR  -41.0  loss 3114.4574  logE[BER] -3112.537  P_det_soft 0.1920  (141s)
  step 1775  JSR  -35.6  loss 2556.4040  logE[BER] -2554.482  P_det_soft 0.1922  (144s)
  step 1800  JSR  -35.1  loss 2455.7323  logE[BER] -2453.847  P_det_soft 0.1885  (146s)
  step 1825  JSR  -35.0  loss 2245.2018  logE[BER] -2242.705  P_det_soft 0.2497  (149s)
  step 1850  JSR  -18.5  loss 13.7097  logE[BER] -6.189  P_det_soft 0.7520  (151s)
  step 1875  JSR  -19.5  loss 14.9124  logE[BER] -6.833  P_det_soft 0.8080  (154s)
  step 1900  JSR  -29.1  loss 891.2214  logE[BER] -888.286  P_det_soft 0.2935  (156s)
  step 1925  JSR  -20.2  loss 15.1489  logE[BER] -6.794  P_det_soft 0.8355  (159s)
  step 1950  JSR  -31.8  loss 1673.5979  logE[BER] -1670.933  P_det_soft 0.2665  (161s)
  step 1975  JSR  -35.0  loss 2276.2280  logE[BER] -2274.207  P_det_soft 0.2021  (164s)
  step 2000  JSR  -34.1  loss 2117.2818  logE[BER] -2115.554  P_det_soft 0.1728  (167s)
  step 2025  JSR  -23.4  loss 50.8639  logE[BER] -44.901  P_det_soft 0.5963  (169s)
  step 2050  JSR  -41.7  loss 3122.4303  logE[BER] -3120.483  P_det_soft 0.1948  (172s)
  step 2075  JSR  -42.5  loss 3276.8652  logE[BER] -3275.371  P_det_soft 0.1494  (175s)
  step 2100  JSR  -25.8  loss 327.0624  logE[BER] -322.261  P_det_soft 0.4802  (177s)
  step 2125  JSR  -45.1  loss 3419.1384  logE[BER] -3417.360  P_det_soft 0.1779  (180s)
  step 2150  JSR  -22.3  loss 14.6442  logE[BER] -8.439  P_det_soft 0.6205  (183s)
  step 2175  JSR  -44.0  loss 3293.6041  logE[BER] -3292.424  P_det_soft 0.1181  (185s)
  step 2200  JSR  -26.9  loss 608.5424  logE[BER] -605.152  P_det_soft 0.3390  (188s)
  step 2225  JSR  -34.8  loss 2251.6688  logE[BER] -2249.180  P_det_soft 0.2489  (191s)
  step 2250  JSR  -40.7  loss 3009.1574  logE[BER] -3007.642  P_det_soft 0.1516  (193s)
  step 2275  JSR  -26.5  loss 348.7411  logE[BER] -344.547  P_det_soft 0.4194  (196s)
  step 2300  JSR  -35.7  loss 2479.4590  logE[BER] -2477.595  P_det_soft 0.1864  (199s)
  step 2325  JSR  -30.5  loss 1366.8961  logE[BER] -1364.047  P_det_soft 0.2849  (201s)
  step 2350  JSR  -20.5  loss 14.8006  logE[BER] -7.334  P_det_soft 0.7466  (204s)
  step 2375  JSR  -43.2  loss 3254.6436  logE[BER] -3252.937  P_det_soft 0.1706  (207s)
  step 2400  JSR  -18.2  loss 15.0762  logE[BER] -6.496  P_det_soft 0.8580  (209s)
  step 2425  JSR  -46.2  loss 3442.6519  logE[BER] -3441.093  P_det_soft 0.1559  (212s)
  step 2450  JSR  -34.2  loss 2133.4442  logE[BER] -2131.032  P_det_soft 0.2412  (215s)
  step 2475  JSR  -24.0  loss 90.1467  logE[BER] -86.199  P_det_soft 0.3947  (217s)
  step 2500  JSR  -45.0  loss 3407.0341  logE[BER] -3405.213  P_det_soft 0.1821  (220s)
  step 2525  JSR  -40.9  loss 3102.8778  logE[BER] -3100.861  P_det_soft 0.2017  (223s)
  step 2550  JSR  -23.3  loss 14.5351  logE[BER] -9.301  P_det_soft 0.5234  (225s)
  step 2575  JSR  -17.7  loss 14.3694  logE[BER] -6.032  P_det_soft 0.8338  (228s)
  step 2600  JSR  -36.8  loss 2504.0337  logE[BER] -2501.494  P_det_soft 0.2539  (231s)
  step 2625  JSR  -43.6  loss 3288.8953  logE[BER] -3287.364  P_det_soft 0.1531  (233s)
  step 2650  JSR  -34.4  loss 2242.4909  logE[BER] -2240.061  P_det_soft 0.2430  (236s)
  step 2675  JSR  -19.4  loss 14.9392  logE[BER] -6.340  P_det_soft 0.8599  (239s)
  step 2700  JSR  -26.7  loss 400.1183  logE[BER] -396.860  P_det_soft 0.3258  (241s)
  step 2725  JSR  -31.8  loss 1642.9833  logE[BER] -1640.915  P_det_soft 0.2069  (244s)
  step 2750  JSR  -17.1  loss 15.3206  logE[BER] -6.066  P_det_soft 0.9254  (247s)
  step 2775  JSR  -29.3  loss 1120.3381  logE[BER] -1117.832  P_det_soft 0.2506  (249s)
  step 2800  JSR  -37.1  loss 2610.9373  logE[BER] -2609.330  P_det_soft 0.1608  (252s)
  step 2825  JSR  -27.8  loss 841.4196  logE[BER] -837.297  P_det_soft 0.4123  (255s)
  step 2850  JSR  -23.8  loss 73.2490  logE[BER] -67.610  P_det_soft 0.5639  (257s)
  step 2875  JSR  -29.5  loss 1010.1116  logE[BER] -1007.461  P_det_soft 0.2650  (260s)
  step 2900  JSR  -17.8  loss 15.0389  logE[BER] -5.877  P_det_soft 0.9162  (263s)
  step 2925  JSR  -33.1  loss 1867.6181  logE[BER] -1865.026  P_det_soft 0.2592  (265s)
  step 2950  JSR  -21.5  loss 14.4405  logE[BER] -7.147  P_det_soft 0.7293  (268s)
  step 2975  JSR  -28.3  loss 718.6418  logE[BER] -715.830  P_det_soft 0.2812  (271s)
  step 3000  JSR  -43.8  loss 3316.4035  logE[BER] -3315.090  P_det_soft 0.1313  (273s)
  step 3025  JSR  -34.6  loss 2108.8409  logE[BER] -2106.665  P_det_soft 0.2176  (276s)
  step 3050  JSR  -26.5  loss 430.0450  logE[BER] -426.789  P_det_soft 0.3256  (279s)
  step 3075  JSR  -17.9  loss 15.1506  logE[BER] -5.886  P_det_soft 0.9265  (282s)
  step 3100  JSR  -36.3  loss 2447.6054  logE[BER] -2445.945  P_det_soft 0.1661  (284s)
  step 3125  JSR  -34.0  loss 2070.6053  logE[BER] -2068.745  P_det_soft 0.1860  (287s)
  step 3150  JSR  -24.6  loss 114.9541  logE[BER] -111.545  P_det_soft 0.3409  (290s)
  step 3175  JSR  -21.8  loss 14.1745  logE[BER] -7.822  P_det_soft 0.6352  (292s)
  step 3200  JSR  -17.6  loss 14.8266  logE[BER] -6.238  P_det_soft 0.8588  (295s)
  step 3225  JSR  -41.6  loss 3127.4181  logE[BER] -3125.798  P_det_soft 0.1620  (298s)
  step 3250  JSR  -19.5  loss 14.6217  logE[BER] -6.639  P_det_soft 0.7983  (300s)
  step 3275  JSR  -19.4  loss 13.1566  logE[BER] -6.175  P_det_soft 0.6981  (303s)
  step 3300  JSR  -17.9  loss 15.9023  logE[BER] -6.529  P_det_soft 0.9373  (306s)
  step 3325  JSR  -44.5  loss 3395.8135  logE[BER] -3394.087  P_det_soft 0.1727  (308s)
  step 3350  JSR  -25.8  loss 238.9363  logE[BER] -235.280  P_det_soft 0.3656  (311s)
  step 3375  JSR  -26.4  loss 518.9128  logE[BER] -514.983  P_det_soft 0.3930  (314s)
  step 3400  JSR  -35.3  loss 2259.3240  logE[BER] -2257.447  P_det_soft 0.1877  (316s)
  step 3425  JSR  -33.7  loss 2125.6715  logE[BER] -2123.980  P_det_soft 0.1691  (319s)
  step 3450  JSR  -17.8  loss 15.0816  logE[BER] -6.383  P_det_soft 0.8699  (322s)
  step 3475  JSR  -42.7  loss 3205.8109  logE[BER] -3203.872  P_det_soft 0.1939  (324s)
  step 3500  JSR  -39.4  loss 2953.0935  logE[BER] -2951.152  P_det_soft 0.1942  (327s)
  step 3525  JSR  -43.0  loss 3229.5135  logE[BER] -3228.358  P_det_soft 0.1156  (330s)
  step 3550  JSR  -46.6  loss 3484.8043  logE[BER] -3483.315  P_det_soft 0.1489  (332s)
  step 3575  JSR  -32.8  loss 1815.4799  logE[BER] -1813.830  P_det_soft 0.1649  (335s)
  step 3600  JSR  -21.9  loss 13.7133  logE[BER] -7.635  P_det_soft 0.6078  (337s)
  step 3625  JSR  -17.9  loss 14.3977  logE[BER] -6.234  P_det_soft 0.8164  (340s)
  step 3650  JSR  -33.1  loss 1954.3076  logE[BER] -1951.891  P_det_soft 0.2416  (342s)
  step 3675  JSR  -16.8  loss 15.0369  logE[BER] -5.875  P_det_soft 0.9162  (345s)
  step 3700  JSR  -24.4  loss 169.2922  logE[BER] -165.000  P_det_soft 0.4293  (347s)
  step 3725  JSR  -45.4  loss 3433.8943  logE[BER] -3432.461  P_det_soft 0.1433  (350s)
  step 3750  JSR  -28.2  loss 897.2849  logE[BER] -893.752  P_det_soft 0.3533  (352s)
  step 3775  JSR  -39.5  loss 2846.8597  logE[BER] -2845.315  P_det_soft 0.1545  (355s)
  step 3800  JSR  -17.1  loss 15.1539  logE[BER] -6.121  P_det_soft 0.9033  (357s)
  step 3825  JSR  -38.7  loss 2848.6908  logE[BER] -2847.185  P_det_soft 0.1506  (360s)
  step 3850  JSR  -31.8  loss 1681.1247  logE[BER] -1679.501  P_det_soft 0.1623  (362s)
  step 3875  JSR  -35.6  loss 2332.4969  logE[BER] -2330.517  P_det_soft 0.1980  (365s)
  step 3900  JSR  -46.8  loss 3528.7649  logE[BER] -3527.239  P_det_soft 0.1526  (367s)
  step 3925  JSR  -24.6  loss 104.8586  logE[BER] -100.680  P_det_soft 0.4178  (370s)
  step 3950  JSR  -27.0  loss 562.8590  logE[BER] -560.172  P_det_soft 0.2687  (372s)
  step 3975  JSR  -38.9  loss 2862.8545  logE[BER] -2860.687  P_det_soft 0.2167  (375s)
  step 3999  JSR  -17.8  loss 13.8767  logE[BER] -5.832  P_det_soft 0.8045  (377s)
wrote task14_G.pt, task14.json  (tag spec_cnn_b10)
