node: tikgpu04.ee.ethz.ch | gpu: NVIDIA TITAN RTX
task 6 = {'target': 'power_two_sided', 'beta': 10.0}  (tag power_two_sided_b10)
  step    0  JSR  -31.6  loss 3456.1063  logE[BER] -3451.269  P_det_soft 0.4837  (1s)
  step   25  JSR  -30.4  loss 3042.3933  logE[BER] -3037.199  P_det_soft 0.5194  (1s)
  step   50  JSR  -23.0  loss 497.3665  logE[BER] -488.948  P_det_soft 0.8419  (2s)
  step   75  JSR  -10.3  loss 15.6944  logE[BER] -5.694  P_det_soft 1.0000  (3s)
  step  100  JSR  -22.4  loss 40.9237  logE[BER] -32.520  P_det_soft 0.8404  (3s)
  step  125  JSR  -19.4  loss 17.5096  logE[BER] -8.328  P_det_soft 0.9182  (4s)
  step  150  JSR   -9.4  loss 15.5913  logE[BER] -5.591  P_det_soft 1.0000  (4s)
  step  175  JSR  -27.2  loss 1003.3740  logE[BER] -996.166  P_det_soft 0.7208  (5s)
  step  200  JSR   -8.6  loss 15.3868  logE[BER] -5.387  P_det_soft 1.0000  (5s)
  step  225  JSR  -21.7  loss 19.1581  logE[BER] -11.032  P_det_soft 0.8126  (6s)
  step  250  JSR  -25.2  loss 448.8033  logE[BER] -441.872  P_det_soft 0.6931  (6s)
  step  275  JSR  -31.7  loss 1849.2941  logE[BER] -1844.913  P_det_soft 0.4381  (7s)
  step  300  JSR   -7.0  loss 15.1446  logE[BER] -5.145  P_det_soft 1.0000  (7s)
  step  325  JSR   -5.6  loss 14.6748  logE[BER] -4.675  P_det_soft 1.0000  (8s)
  step  350  JSR  -18.8  loss 16.8007  logE[BER] -7.104  P_det_soft 0.9696  (9s)
  step  375  JSR  -15.1  loss 16.1005  logE[BER] -6.159  P_det_soft 0.9941  (9s)
  step  399  JSR  -21.1  loss 17.3991  logE[BER] -8.489  P_det_soft 0.8910  (10s)
wrote task6_G.pt, task6.json  (tag power_two_sided_b10)
