node: tikgpu04.ee.ethz.ch | gpu: NVIDIA TITAN RTX
task 4 = {'target': 'power_one_sided', 'beta': 1000.0}  (tag power_one_sided_b1000, 128 frames/step, JSR band (-32.0, 0.0))
  target power_one_sided: threshold 0.100354, clean-frame std 0.000139964 (soft_pdet width)
  step    0  JSR   -5.3  loss 1005.2072  logE[BER] -5.207  P_det_soft 1.0000  (1s)
  step   25  JSR  -19.4  loss 1707.3376  logE[BER] -883.864  P_det_soft 0.8235  (2s)
  step   50  JSR  -15.4  loss 959.1982  logE[BER] -7.464  P_det_soft 0.9517  (2s)
  step   75  JSR  -28.2  loss 1683.4779  logE[BER] -1174.895  P_det_soft 0.5086  (3s)
  step  100  JSR  -31.9  loss 2495.5147  logE[BER] -2127.895  P_det_soft 0.3676  (3s)
  step  125  JSR   -0.2  loss 1002.3982  logE[BER] -2.398  P_det_soft 1.0000  (4s)
  step  150  JSR   -0.6  loss 1002.6369  logE[BER] -2.637  P_det_soft 1.0000  (4s)
  step  175  JSR  -20.4  loss 761.8071  logE[BER] -9.154  P_det_soft 0.7527  (5s)
  step  200  JSR   -8.4  loss 1005.3711  logE[BER] -5.371  P_det_soft 1.0000  (5s)
  step  225  JSR  -29.4  loss 1964.5251  logE[BER] -1513.791  P_det_soft 0.4507  (6s)
  step  250  JSR  -20.1  loss 816.4081  logE[BER] -8.638  P_det_soft 0.8078  (6s)
  step  275  JSR  -16.7  loss 967.1910  logE[BER] -6.931  P_det_soft 0.9603  (7s)
  step  300  JSR  -16.5  loss 948.5647  logE[BER] -6.562  P_det_soft 0.9420  (7s)
  step  325  JSR   -0.2  loss 1002.5072  logE[BER] -2.507  P_det_soft 1.0000  (8s)
  step  350  JSR   -7.7  loss 1005.2701  logE[BER] -5.270  P_det_soft 1.0000  (9s)
  step  375  JSR   -7.3  loss 1005.0577  logE[BER] -5.058  P_det_soft 1.0000  (9s)
  step  400  JSR  -23.1  loss 816.8146  logE[BER] -53.585  P_det_soft 0.7632  (10s)
  step  425  JSR  -25.8  loss 1123.8102  logE[BER] -501.093  P_det_soft 0.6227  (10s)
  step  450  JSR  -12.6  loss 1005.9303  logE[BER] -5.936  P_det_soft 1.0000  (11s)
  step  475  JSR  -21.6  loss 804.0438  logE[BER] -9.446  P_det_soft 0.7946  (11s)
  step  500  JSR  -17.8  loss 905.0688  logE[BER] -7.040  P_det_soft 0.8980  (12s)
  step  525  JSR   -5.2  loss 1004.1156  logE[BER] -4.116  P_det_soft 1.0000  (12s)
  step  550  JSR   -3.1  loss 1003.3499  logE[BER] -3.350  P_det_soft 1.0000  (13s)
  step  575  JSR  -18.9  loss 900.2065  logE[BER] -7.965  P_det_soft 0.8922  (13s)
  step  600  JSR  -13.5  loss 997.9824  logE[BER] -5.796  P_det_soft 0.9922  (14s)
  step  625  JSR   -8.7  loss 1005.3369  logE[BER] -5.337  P_det_soft 1.0000  (14s)
  step  650  JSR   -2.1  loss 1002.8760  logE[BER] -2.876  P_det_soft 1.0000  (15s)
  step  675  JSR   -1.8  loss 1002.8156  logE[BER] -2.816  P_det_soft 1.0000  (15s)
  step  700  JSR  -26.7  loss 1167.4002  logE[BER] -648.766  P_det_soft 0.5186  (16s)
  step  725  JSR  -21.8  loss 797.0807  logE[BER] -25.023  P_det_soft 0.7721  (16s)
  step  750  JSR   -3.4  loss 1003.4138  logE[BER] -3.414  P_det_soft 1.0000  (17s)
  step  775  JSR   -5.1  loss 1004.1498  logE[BER] -4.150  P_det_soft 1.0000  (17s)
  step  800  JSR  -29.3  loss 1576.7397  logE[BER] -1149.553  P_det_soft 0.4272  (18s)
  step  825  JSR  -31.4  loss 2116.8287  logE[BER] -1725.679  P_det_soft 0.3911  (19s)
  step  850  JSR  -30.5  loss 1938.7007  logE[BER] -1553.180  P_det_soft 0.3855  (19s)
  step  875  JSR  -26.0  loss 1035.0726  logE[BER] -466.065  P_det_soft 0.5690  (20s)
  step  900  JSR   -1.1  loss 1002.6559  logE[BER] -2.656  P_det_soft 1.0000  (20s)
  step  925  JSR  -20.9  loss 779.7263  logE[BER] -8.833  P_det_soft 0.7709  (21s)
  step  950  JSR   -9.2  loss 1005.4543  logE[BER] -5.454  P_det_soft 1.0000  (21s)
  step  975  JSR  -10.6  loss 1005.7262  logE[BER] -5.726  P_det_soft 1.0000  (22s)
  step 1000  JSR   -8.5  loss 1005.4043  logE[BER] -5.404  P_det_soft 1.0000  (22s)
  step 1025  JSR  -10.8  loss 997.8845  logE[BER] -5.689  P_det_soft 0.9922  (23s)
  step 1050  JSR  -18.6  loss 942.3549  logE[BER] -7.256  P_det_soft 0.9351  (23s)
  step 1075  JSR   -3.5  loss 1003.6594  logE[BER] -3.659  P_det_soft 1.0000  (24s)
  step 1100  JSR  -12.8  loss 1005.1590  logE[BER] -5.977  P_det_soft 0.9992  (24s)
  step 1125  JSR  -16.2  loss 944.2776  logE[BER] -6.672  P_det_soft 0.9376  (25s)
  step 1150  JSR  -15.0  loss 997.0622  logE[BER] -6.305  P_det_soft 0.9908  (25s)
  step 1175  JSR   -7.6  loss 1005.1257  logE[BER] -5.126  P_det_soft 1.0000  (26s)
  step 1200  JSR  -18.1  loss 921.0586  logE[BER] -6.391  P_det_soft 0.9147  (26s)
  step 1225  JSR  -17.0  loss 948.4371  logE[BER] -6.651  P_det_soft 0.9418  (27s)
  step 1250  JSR   -1.0  loss 1002.6825  logE[BER] -2.682  P_det_soft 1.0000  (28s)
  step 1275  JSR   -9.0  loss 1005.4290  logE[BER] -5.429  P_det_soft 1.0000  (28s)
  step 1300  JSR  -11.1  loss 1005.5540  logE[BER] -5.554  P_det_soft 1.0000  (29s)
  step 1325  JSR  -10.0  loss 1005.5718  logE[BER] -5.572  P_det_soft 1.0000  (29s)
  step 1350  JSR  -23.7  loss 754.0178  logE[BER] -63.183  P_det_soft 0.6908  (30s)
  step 1375  JSR  -23.6  loss 692.2806  logE[BER] -35.807  P_det_soft 0.6565  (30s)
  step 1400  JSR  -25.0  loss 1039.3647  logE[BER] -417.339  P_det_soft 0.6220  (31s)
  step 1425  JSR  -13.4  loss 1004.9144  logE[BER] -5.970  P_det_soft 0.9989  (31s)
  step 1450  JSR   -7.5  loss 1005.0831  logE[BER] -5.083  P_det_soft 1.0000  (32s)
  step 1475  JSR  -21.5  loss 769.5919  logE[BER] -9.753  P_det_soft 0.7598  (32s)
  step 1500  JSR  -32.0  loss 2209.7493  logE[BER] -1810.365  P_det_soft 0.3994  (33s)
  step 1525  JSR   -2.8  loss 1003.1971  logE[BER] -3.197  P_det_soft 1.0000  (33s)
  step 1550  JSR  -28.0  loss 1443.3305  logE[BER] -971.554  P_det_soft 0.4718  (34s)
  step 1575  JSR  -18.8  loss 881.2247  logE[BER] -7.205  P_det_soft 0.8740  (34s)
  step 1600  JSR   -0.0  loss 1002.4470  logE[BER] -2.447  P_det_soft 1.0000  (35s)
  step 1625  JSR   -1.9  loss 1002.9056  logE[BER] -2.906  P_det_soft 1.0000  (35s)
  step 1650  JSR  -19.0  loss 859.9700  logE[BER] -7.590  P_det_soft 0.8524  (36s)
  step 1675  JSR   -0.9  loss 1002.7443  logE[BER] -2.744  P_det_soft 1.0000  (37s)
  step 1700  JSR   -5.7  loss 1004.5229  logE[BER] -4.523  P_det_soft 1.0000  (37s)
  step 1725  JSR  -31.6  loss 2128.3300  logE[BER] -1752.861  P_det_soft 0.3755  (38s)
  step 1750  JSR  -15.7  loss 997.5733  logE[BER] -6.332  P_det_soft 0.9912  (38s)
  step 1775  JSR  -24.7  loss 898.5653  logE[BER] -311.691  P_det_soft 0.5869  (39s)
  step 1800  JSR  -31.5  loss 1976.4705  logE[BER] -1603.279  P_det_soft 0.3732  (39s)
  step 1825  JSR  -18.9  loss 845.4423  logE[BER] -7.606  P_det_soft 0.8378  (40s)
  step 1850  JSR   -0.3  loss 1002.5085  logE[BER] -2.508  P_det_soft 1.0000  (40s)
  step 1875  JSR   -3.2  loss 1003.3510  logE[BER] -3.351  P_det_soft 1.0000  (41s)
  step 1900  JSR  -30.8  loss 1964.2629  logE[BER] -1558.809  P_det_soft 0.4055  (41s)
  step 1925  JSR  -30.9  loss 1851.4884  logE[BER] -1465.342  P_det_soft 0.3861  (42s)
  step 1950  JSR  -11.4  loss 1005.7288  logE[BER] -5.729  P_det_soft 1.0000  (42s)
  step 1975  JSR  -31.3  loss 2143.0858  logE[BER] -1701.320  P_det_soft 0.4418  (43s)
  step 2000  JSR   -4.7  loss 1003.9667  logE[BER] -3.967  P_det_soft 1.0000  (43s)
  step 2025  JSR   -3.7  loss 1003.4138  logE[BER] -3.414  P_det_soft 1.0000  (44s)
  step 2050  JSR  -15.3  loss 983.9088  logE[BER] -6.348  P_det_soft 0.9776  (44s)
  step 2075  JSR  -18.4  loss 874.6759  logE[BER] -6.921  P_det_soft 0.8678  (45s)
  step 2100  JSR  -28.3  loss 1352.7083  logE[BER] -895.929  P_det_soft 0.4568  (46s)
  step 2125  JSR   -0.1  loss 1002.4646  logE[BER] -2.465  P_det_soft 1.0000  (46s)
  step 2150  JSR  -28.7  loss 1459.5612  logE[BER] -1011.086  P_det_soft 0.4485  (47s)
  step 2175  JSR  -22.8  loss 749.2567  logE[BER] -25.435  P_det_soft 0.7238  (47s)
  step 2200  JSR  -15.7  loss 983.7468  logE[BER] -6.413  P_det_soft 0.9773  (48s)
  step 2225  JSR   -2.3  loss 1003.0114  logE[BER] -3.011  P_det_soft 1.0000  (48s)
  step 2250  JSR  -12.2  loss 1005.9905  logE[BER] -5.991  P_det_soft 1.0000  (49s)
  step 2275  JSR  -27.5  loss 1519.1047  logE[BER] -934.322  P_det_soft 0.5848  (49s)
  step 2300  JSR  -17.6  loss 938.0664  logE[BER] -6.759  P_det_soft 0.9313  (50s)
  step 2325  JSR  -28.5  loss 1487.8031  logE[BER] -1032.472  P_det_soft 0.4553  (50s)
  step 2350  JSR   -6.8  loss 1004.8489  logE[BER] -4.849  P_det_soft 1.0000  (51s)
  step 2375  JSR  -18.7  loss 902.4833  logE[BER] -7.079  P_det_soft 0.8954  (51s)
  step 2400  JSR  -20.0  loss 852.5388  logE[BER] -7.911  P_det_soft 0.8446  (52s)
  step 2425  JSR  -21.0  loss 815.3159  logE[BER] -8.634  P_det_soft 0.8067  (52s)
  step 2450  JSR  -27.9  loss 1259.3582  logE[BER] -789.181  P_det_soft 0.4702  (53s)
  step 2475  JSR   -3.9  loss 1003.5974  logE[BER] -3.597  P_det_soft 1.0000  (54s)
  step 2500  JSR  -15.8  loss 960.3822  logE[BER] -6.325  P_det_soft 0.9541  (54s)
  step 2525  JSR  -17.2  loss 981.6890  logE[BER] -6.711  P_det_soft 0.9750  (55s)
  step 2550  JSR  -25.6  loss 1065.2403  logE[BER] -484.238  P_det_soft 0.5810  (55s)
  step 2575  JSR  -29.1  loss 1510.1239  logE[BER] -1072.868  P_det_soft 0.4373  (56s)
  step 2600  JSR  -29.7  loss 1676.9254  logE[BER] -1300.260  P_det_soft 0.3767  (56s)
  step 2625  JSR   -4.5  loss 1003.7905  logE[BER] -3.791  P_det_soft 1.0000  (57s)
  step 2650  JSR  -13.9  loss 1003.7109  logE[BER] -6.132  P_det_soft 0.9976  (57s)
  step 2675  JSR  -25.3  loss 1014.2049  logE[BER] -452.093  P_det_soft 0.5621  (58s)
  step 2700  JSR  -11.6  loss 1005.8487  logE[BER] -5.849  P_det_soft 1.0000  (58s)
  step 2725  JSR  -20.4  loss 837.4890  logE[BER] -8.451  P_det_soft 0.8290  (59s)
  step 2750  JSR   -9.5  loss 1005.5144  logE[BER] -5.514  P_det_soft 1.0000  (59s)
  step 2775  JSR  -23.1  loss 766.7748  logE[BER] -23.658  P_det_soft 0.7431  (60s)
  step 2800  JSR  -12.0  loss 1005.8903  logE[BER] -5.892  P_det_soft 1.0000  (60s)
  step 2825  JSR   -2.1  loss 1002.9134  logE[BER] -2.913  P_det_soft 1.0000  (61s)
  step 2850  JSR  -28.7  loss 1568.1826  logE[BER] -1146.689  P_det_soft 0.4215  (62s)
  step 2875  JSR  -13.5  loss 982.3970  logE[BER] -5.978  P_det_soft 0.9764  (62s)
  step 2900  JSR  -24.8  loss 881.9501  logE[BER] -301.555  P_det_soft 0.5804  (63s)
  step 2925  JSR  -14.3  loss 1006.0390  logE[BER] -6.079  P_det_soft 1.0000  (63s)
  step 2950  JSR  -17.5  loss 936.9100  logE[BER] -6.793  P_det_soft 0.9301  (64s)
  step 2975  JSR  -29.9  loss 1750.2586  logE[BER] -1347.159  P_det_soft 0.4031  (64s)
  step 3000  JSR  -29.0  loss 1516.9826  logE[BER] -1072.134  P_det_soft 0.4448  (65s)
  step 3025  JSR   -9.5  loss 1005.3719  logE[BER] -5.372  P_det_soft 1.0000  (65s)
  step 3050  JSR   -6.2  loss 1004.6684  logE[BER] -4.668  P_det_soft 1.0000  (66s)
  step 3075  JSR   -7.0  loss 1004.8612  logE[BER] -4.861  P_det_soft 1.0000  (66s)
  step 3100  JSR  -28.9  loss 1603.1689  logE[BER] -1120.699  P_det_soft 0.4825  (67s)
  step 3125  JSR   -4.9  loss 1003.8931  logE[BER] -3.893  P_det_soft 1.0000  (67s)
  step 3150  JSR   -1.3  loss 1002.7722  logE[BER] -2.772  P_det_soft 1.0000  (68s)
  step 3175  JSR  -28.5  loss 1490.5066  logE[BER] -1072.870  P_det_soft 0.4176  (68s)
  step 3200  JSR  -16.7  loss 953.1585  logE[BER] -6.780  P_det_soft 0.9464  (69s)
  step 3225  JSR  -30.9  loss 1829.2991  logE[BER] -1432.691  P_det_soft 0.3966  (70s)
  step 3250  JSR   -1.4  loss 1002.7840  logE[BER] -2.784  P_det_soft 1.0000  (70s)
  step 3275  JSR   -9.2  loss 1005.4196  logE[BER] -5.420  P_det_soft 1.0000  (71s)
  step 3300  JSR  -31.6  loss 2053.3874  logE[BER] -1712.437  P_det_soft 0.3410  (71s)
  step 3325  JSR   -2.0  loss 1003.1002  logE[BER] -3.100  P_det_soft 1.0000  (72s)
  step 3350  JSR   -9.5  loss 1005.4791  logE[BER] -5.479  P_det_soft 1.0000  (72s)
  step 3375  JSR  -14.5  loss 990.6386  logE[BER] -6.139  P_det_soft 0.9845  (73s)
  step 3400  JSR  -11.1  loss 1005.7142  logE[BER] -5.714  P_det_soft 1.0000  (73s)
  step 3425  JSR  -31.0  loss 1948.2874  logE[BER] -1524.017  P_det_soft 0.4243  (74s)
  step 3450  JSR  -12.3  loss 997.9311  logE[BER] -5.744  P_det_soft 0.9922  (74s)
  step 3475  JSR   -0.6  loss 1002.5749  logE[BER] -2.575  P_det_soft 1.0000  (75s)
  step 3500  JSR  -10.7  loss 1005.6224  logE[BER] -5.622  P_det_soft 1.0000  (75s)
  step 3525  JSR  -31.1  loss 2346.2603  logE[BER] -1850.050  P_det_soft 0.4962  (76s)
  step 3550  JSR  -23.9  loss 820.4325  logE[BER] -121.162  P_det_soft 0.6993  (77s)
  step 3575  JSR  -10.4  loss 1005.5528  logE[BER] -5.553  P_det_soft 1.0000  (77s)
  step 3600  JSR  -10.4  loss 1005.6938  logE[BER] -5.694  P_det_soft 1.0000  (78s)
  step 3625  JSR   -9.6  loss 1005.4913  logE[BER] -5.491  P_det_soft 1.0000  (78s)
  step 3650  JSR  -21.9  loss 702.7879  logE[BER] -21.008  P_det_soft 0.6818  (79s)
  step 3675  JSR  -27.8  loss 1290.3610  logE[BER] -796.736  P_det_soft 0.4936  (79s)
  step 3700  JSR  -10.3  loss 1005.5342  logE[BER] -5.534  P_det_soft 1.0000  (80s)
  step 3725  JSR  -20.9  loss 800.8333  logE[BER] -9.139  P_det_soft 0.7917  (80s)
  step 3750  JSR  -22.0  loss 725.8637  logE[BER] -9.702  P_det_soft 0.7162  (81s)
  step 3775  JSR  -20.3  loss 858.1220  logE[BER] -7.939  P_det_soft 0.8502  (81s)
  step 3800  JSR   -0.2  loss 1002.5437  logE[BER] -2.544  P_det_soft 1.0000  (82s)
  step 3825  JSR   -3.2  loss 1003.2487  logE[BER] -3.249  P_det_soft 1.0000  (83s)
  step 3850  JSR  -24.8  loss 753.4554  logE[BER] -151.401  P_det_soft 0.6021  (83s)
  step 3875  JSR   -0.3  loss 1002.4564  logE[BER] -2.456  P_det_soft 1.0000  (84s)
  step 3900  JSR   -6.3  loss 1004.5056  logE[BER] -4.506  P_det_soft 1.0000  (84s)
  step 3925  JSR  -14.8  loss 1000.8261  logE[BER] -6.084  P_det_soft 0.9947  (85s)
  step 3950  JSR  -16.2  loss 933.9977  logE[BER] -6.690  P_det_soft 0.9273  (85s)
  step 3975  JSR  -18.4  loss 913.4852  logE[BER] -7.019  P_det_soft 0.9065  (86s)
  step 3999  JSR  -24.3  loss 753.2680  logE[BER] -64.998  P_det_soft 0.6883  (86s)
wrote task4_G.pt, task4.json  (tag power_one_sided_b1000)
