node: artongpu01.ee.ethz.ch | gpu: NVIDIA GeForce RTX 2080 Ti
task 7 = {'target': 'power_two_sided', 'beta': 100.0}  (tag power_two_sided_b100, 128 frames/step, JSR band (-32.0, 0.0))
  target power_two_sided: threshold 0.000274786, clean-frame std 8.57379e-05 (soft_pdet width)
  step    0  JSR  -20.6  loss 3145.3390  logE[BER] -3048.224  P_det_soft 0.9711  (1s)
  step   25  JSR   -9.7  loss 106.4571  logE[BER] -6.457  P_det_soft 1.0000  (2s)
  step   50  JSR  -22.7  loss 1863.1952  logE[BER] -1779.748  P_det_soft 0.8345  (3s)
  step   75  JSR  -24.1  loss 1875.2947  logE[BER] -1799.546  P_det_soft 0.7575  (3s)
  step  100  JSR  -20.2  loss 1468.4953  logE[BER] -1373.888  P_det_soft 0.9461  (4s)
  step  125  JSR  -24.5  loss 1955.2270  logE[BER] -1876.485  P_det_soft 0.7874  (4s)
  step  150  JSR   -3.4  loss 105.1265  logE[BER] -5.126  P_det_soft 1.0000  (5s)
  step  175  JSR   -2.3  loss 104.8350  logE[BER] -4.835  P_det_soft 1.0000  (6s)
  step  200  JSR   -6.0  loss 105.7877  logE[BER] -5.788  P_det_soft 1.0000  (6s)
  step  225  JSR  -30.4  loss 2937.6966  logE[BER] -2905.110  P_det_soft 0.3259  (7s)
  step  250  JSR   -5.5  loss 105.5340  logE[BER] -5.534  P_det_soft 1.0000  (8s)
  step  275  JSR   -6.1  loss 105.7082  logE[BER] -5.708  P_det_soft 1.0000  (8s)
  step  300  JSR   -9.1  loss 106.3305  logE[BER] -6.330  P_det_soft 1.0000  (9s)
  step  325  JSR  -26.2  loss 2202.4538  logE[BER] -2142.591  P_det_soft 0.5986  (9s)
  step  350  JSR  -26.3  loss 1989.4489  logE[BER] -1932.923  P_det_soft 0.5653  (10s)
  step  375  JSR  -22.9  loss 1564.7292  logE[BER] -1483.034  P_det_soft 0.8169  (11s)
  step  400  JSR  -14.2  loss 108.8104  logE[BER] -8.810  P_det_soft 1.0000  (11s)
  step  425  JSR  -28.1  loss 2275.0288  logE[BER] -2224.286  P_det_soft 0.5074  (12s)
  step  450  JSR  -23.3  loss 1645.9938  logE[BER] -1567.324  P_det_soft 0.7867  (13s)
  step  475  JSR   -7.1  loss 105.8559  logE[BER] -5.856  P_det_soft 1.0000  (13s)
  step  500  JSR  -31.3  loss 2688.8742  logE[BER] -2656.067  P_det_soft 0.3281  (14s)
  step  525  JSR  -11.8  loss 107.6463  logE[BER] -7.646  P_det_soft 1.0000  (14s)
  step  550  JSR  -23.3  loss 1513.7693  logE[BER] -1434.119  P_det_soft 0.7965  (15s)
  step  575  JSR  -16.1  loss 144.1944  logE[BER] -44.195  P_det_soft 1.0000  (16s)
  step  600  JSR  -14.9  loss 110.3674  logE[BER] -10.367  P_det_soft 1.0000  (16s)
  step  625  JSR  -28.0  loss 2382.5446  logE[BER] -2339.132  P_det_soft 0.4341  (17s)
  step  650  JSR   -8.1  loss 106.2659  logE[BER] -6.266  P_det_soft 1.0000  (18s)
  step  675  JSR  -28.0  loss 2199.9044  logE[BER] -2155.898  P_det_soft 0.4401  (18s)
  step  700  JSR   -5.0  loss 105.4782  logE[BER] -5.478  P_det_soft 1.0000  (19s)
  step  725  JSR  -11.1  loss 106.4533  logE[BER] -6.453  P_det_soft 1.0000  (20s)
  step  750  JSR  -11.2  loss 106.9504  logE[BER] -6.950  P_det_soft 1.0000  (20s)
  step  775  JSR  -30.2  loss 2403.8447  logE[BER] -2367.781  P_det_soft 0.3606  (21s)
  step  800  JSR  -31.3  loss 2713.9470  logE[BER] -2681.030  P_det_soft 0.3292  (21s)
  step  825  JSR  -30.0  loss 2738.0882  logE[BER] -2697.460  P_det_soft 0.4063  (22s)
  step  850  JSR  -29.3  loss 2228.2862  logE[BER] -2188.339  P_det_soft 0.3995  (23s)
  step  875  JSR  -29.0  loss 2440.7333  logE[BER] -2397.486  P_det_soft 0.4325  (24s)
  step  900  JSR  -23.8  loss 1403.1714  logE[BER] -1326.292  P_det_soft 0.7688  (24s)
  step  925  JSR  -31.8  loss 2842.1831  logE[BER] -2805.779  P_det_soft 0.3640  (25s)
  step  950  JSR  -28.3  loss 2145.4940  logE[BER] -2093.567  P_det_soft 0.5193  (25s)
  step  975  JSR  -18.9  loss 193.8736  logE[BER] -96.538  P_det_soft 0.9734  (26s)
  step 1000  JSR  -25.2  loss 1794.1801  logE[BER] -1726.873  P_det_soft 0.6731  (27s)
  step 1025  JSR  -29.5  loss 2412.8749  logE[BER] -2371.523  P_det_soft 0.4135  (28s)
  step 1050  JSR   -8.8  loss 106.2950  logE[BER] -6.295  P_det_soft 1.0000  (28s)
  step 1075  JSR  -25.1  loss 1653.0250  logE[BER] -1586.924  P_det_soft 0.6610  (29s)
  step 1100  JSR  -14.2  loss 108.1510  logE[BER] -8.151  P_det_soft 1.0000  (30s)
  step 1125  JSR   -9.2  loss 106.2000  logE[BER] -6.200  P_det_soft 1.0000  (30s)
  step 1150  JSR  -11.0  loss 106.5430  logE[BER] -6.543  P_det_soft 1.0000  (31s)
  step 1175  JSR   -5.2  loss 105.5772  logE[BER] -5.577  P_det_soft 1.0000  (32s)
  step 1200  JSR  -31.5  loss 2724.8504  logE[BER] -2688.780  P_det_soft 0.3607  (32s)
  step 1225  JSR   -5.9  loss 105.7943  logE[BER] -5.794  P_det_soft 1.0000  (33s)
  step 1250  JSR  -26.8  loss 1786.0610  logE[BER] -1730.595  P_det_soft 0.5547  (34s)
  step 1275  JSR   -3.1  loss 105.0934  logE[BER] -5.093  P_det_soft 1.0000  (34s)
  step 1300  JSR   -3.8  loss 105.1820  logE[BER] -5.182  P_det_soft 1.0000  (35s)
  step 1325  JSR  -13.7  loss 107.7084  logE[BER] -7.708  P_det_soft 1.0000  (36s)
  step 1350  JSR  -16.8  loss 110.3742  logE[BER] -10.397  P_det_soft 0.9998  (36s)
  step 1375  JSR   -3.3  loss 105.0112  logE[BER] -5.011  P_det_soft 1.0000  (37s)
  step 1400  JSR   -8.1  loss 105.8478  logE[BER] -5.848  P_det_soft 1.0000  (38s)
  step 1425  JSR  -22.0  loss 893.6860  logE[BER] -806.276  P_det_soft 0.8741  (38s)
  step 1450  JSR   -9.9  loss 106.3896  logE[BER] -6.390  P_det_soft 1.0000  (39s)
  step 1475  JSR  -22.3  loss 923.8115  logE[BER] -836.265  P_det_soft 0.8755  (40s)
  step 1500  JSR   -9.1  loss 105.8813  logE[BER] -5.881  P_det_soft 1.0000  (40s)
  step 1525  JSR  -13.3  loss 107.9990  logE[BER] -7.999  P_det_soft 1.0000  (41s)
  step 1550  JSR   -9.9  loss 106.3236  logE[BER] -6.324  P_det_soft 1.0000  (42s)
  step 1575  JSR  -27.1  loss 1862.6851  logE[BER] -1808.310  P_det_soft 0.5438  (42s)
  step 1600  JSR   -2.7  loss 104.8864  logE[BER] -4.886  P_det_soft 1.0000  (43s)
  step 1625  JSR  -12.6  loss 107.1727  logE[BER] -7.173  P_det_soft 1.0000  (44s)
  step 1650  JSR  -20.6  loss 344.1809  logE[BER] -252.952  P_det_soft 0.9123  (44s)
  step 1675  JSR  -31.7  loss 2532.7881  logE[BER] -2500.486  P_det_soft 0.3230  (45s)
  step 1700  JSR   -1.2  loss 104.5082  logE[BER] -4.508  P_det_soft 1.0000  (46s)
  step 1725  JSR  -28.2  loss 2004.7587  logE[BER] -1955.761  P_det_soft 0.4900  (46s)
  step 1750  JSR   -9.5  loss 106.1263  logE[BER] -6.126  P_det_soft 1.0000  (47s)
  step 1775  JSR  -29.9  loss 2443.9799  logE[BER] -2402.584  P_det_soft 0.4140  (48s)
  step 1800  JSR  -15.1  loss 108.6347  logE[BER] -8.643  P_det_soft 0.9999  (48s)
  step 1825  JSR  -19.9  loss 296.0693  logE[BER] -200.601  P_det_soft 0.9547  (49s)
  step 1850  JSR   -6.4  loss 105.6550  logE[BER] -5.655  P_det_soft 1.0000  (50s)
  step 1875  JSR  -19.6  loss 109.4724  logE[BER] -15.205  P_det_soft 0.9427  (50s)
  step 1900  JSR  -21.8  loss 861.7261  logE[BER] -774.008  P_det_soft 0.8772  (51s)
  step 1925  JSR  -24.7  loss 1316.6147  logE[BER] -1244.448  P_det_soft 0.7217  (52s)
  step 1950  JSR  -31.5  loss 2313.2112  logE[BER] -2275.827  P_det_soft 0.3738  (52s)
  step 1975  JSR   -5.7  loss 105.3285  logE[BER] -5.329  P_det_soft 1.0000  (53s)
  step 2000  JSR   -3.2  loss 104.8961  logE[BER] -4.896  P_det_soft 1.0000  (54s)
  step 2025  JSR  -29.9  loss 2386.8612  logE[BER] -2344.680  P_det_soft 0.4218  (55s)
  step 2050  JSR  -31.3  loss 2291.5000  logE[BER] -2255.907  P_det_soft 0.3559  (55s)
  step 2075  JSR  -15.2  loss 108.0627  logE[BER] -8.063  P_det_soft 1.0000  (56s)
  step 2100  JSR   -6.4  loss 105.5342  logE[BER] -5.534  P_det_soft 1.0000  (57s)
  step 2125  JSR   -9.6  loss 106.2535  logE[BER] -6.254  P_det_soft 1.0000  (57s)
  step 2150  JSR   -1.7  loss 104.8440  logE[BER] -4.844  P_det_soft 1.0000  (58s)
  step 2175  JSR  -16.6  loss 108.2152  logE[BER] -8.341  P_det_soft 0.9987  (59s)
  step 2200  JSR   -4.5  loss 105.1403  logE[BER] -5.140  P_det_soft 1.0000  (59s)
  step 2225  JSR  -15.8  loss 108.4920  logE[BER] -8.571  P_det_soft 0.9992  (60s)
  step 2250  JSR  -28.5  loss 1649.9630  logE[BER] -1599.558  P_det_soft 0.5040  (61s)
  step 2275  JSR  -31.2  loss 2233.9111  logE[BER] -2197.323  P_det_soft 0.3659  (61s)
  step 2300  JSR   -4.4  loss 104.9158  logE[BER] -4.916  P_det_soft 1.0000  (62s)
  step 2325  JSR  -26.4  loss 1527.7275  logE[BER] -1469.038  P_det_soft 0.5869  (63s)
  step 2350  JSR  -26.4  loss 1328.6529  logE[BER] -1266.675  P_det_soft 0.6198  (63s)
  step 2375  JSR   -2.0  loss 104.5320  logE[BER] -4.532  P_det_soft 1.0000  (64s)
  step 2400  JSR   -9.7  loss 105.9484  logE[BER] -5.948  P_det_soft 1.0000  (65s)
  step 2425  JSR   -0.0  loss 103.9648  logE[BER] -3.965  P_det_soft 1.0000  (65s)
  step 2450  JSR   -4.3  loss 105.2504  logE[BER] -5.250  P_det_soft 1.0000  (66s)
  step 2475  JSR   -1.1  loss 104.3593  logE[BER] -4.359  P_det_soft 1.0000  (67s)
  step 2500  JSR   -4.5  loss 105.1482  logE[BER] -5.148  P_det_soft 1.0000  (67s)
  step 2525  JSR   -0.1  loss 103.9026  logE[BER] -3.903  P_det_soft 1.0000  (68s)
  step 2550  JSR  -14.5  loss 107.3156  logE[BER] -7.324  P_det_soft 0.9999  (69s)
  step 2575  JSR  -14.9  loss 107.6446  logE[BER] -7.645  P_det_soft 1.0000  (69s)
  step 2600  JSR  -30.6  loss 2152.2805  logE[BER] -2115.460  P_det_soft 0.3682  (70s)
  step 2625  JSR  -23.6  loss 470.4933  logE[BER] -392.224  P_det_soft 0.7827  (71s)
  step 2650  JSR   -7.5  loss 105.6588  logE[BER] -5.659  P_det_soft 1.0000  (71s)
  step 2675  JSR  -24.3  loss 1108.7669  logE[BER] -1033.100  P_det_soft 0.7567  (72s)
  step 2700  JSR  -20.0  loss 120.5106  logE[BER] -27.060  P_det_soft 0.9345  (73s)
  step 2725  JSR  -31.8  loss 2090.8342  logE[BER] -2057.007  P_det_soft 0.3383  (74s)
  step 2750  JSR   -8.7  loss 105.7624  logE[BER] -5.762  P_det_soft 1.0000  (74s)
  step 2775  JSR  -31.2  loss 2224.5957  logE[BER] -2190.068  P_det_soft 0.3453  (75s)
  step 2800  JSR   -3.8  loss 105.0379  logE[BER] -5.038  P_det_soft 1.0000  (76s)
  step 2825  JSR  -17.9  loss 107.4966  logE[BER] -9.707  P_det_soft 0.9779  (76s)
  step 2850  JSR   -6.8  loss 105.5764  logE[BER] -5.576  P_det_soft 1.0000  (77s)
  step 2875  JSR  -18.8  loss 107.8418  logE[BER] -10.397  P_det_soft 0.9744  (78s)
  step 2900  JSR  -29.6  loss 1967.1827  logE[BER] -1920.975  P_det_soft 0.4621  (78s)
  step 2925  JSR   -0.3  loss 104.1043  logE[BER] -4.104  P_det_soft 1.0000  (79s)
  step 2950  JSR  -18.5  loss 105.6722  logE[BER] -9.074  P_det_soft 0.9660  (80s)
  step 2975  JSR  -22.1  loss 644.1268  logE[BER] -561.199  P_det_soft 0.8293  (80s)
  step 3000  JSR   -8.5  loss 105.6766  logE[BER] -5.677  P_det_soft 1.0000  (81s)
  step 3025  JSR  -13.5  loss 106.6884  logE[BER] -6.688  P_det_soft 1.0000  (82s)
  step 3050  JSR  -29.8  loss 2103.4510  logE[BER] -2059.681  P_det_soft 0.4377  (82s)
  step 3075  JSR  -19.8  loss 121.6402  logE[BER] -28.417  P_det_soft 0.9322  (83s)
  step 3100  JSR  -12.2  loss 106.5324  logE[BER] -6.532  P_det_soft 1.0000  (84s)
  step 3125  JSR   -3.8  loss 105.0606  logE[BER] -5.061  P_det_soft 1.0000  (84s)
  step 3150  JSR   -7.0  loss 105.5072  logE[BER] -5.507  P_det_soft 1.0000  (85s)
  step 3175  JSR  -21.8  loss 505.4661  logE[BER] -415.603  P_det_soft 0.8986  (86s)
  step 3200  JSR  -26.1  loss 1227.5833  logE[BER] -1163.764  P_det_soft 0.6382  (86s)
  step 3225  JSR   -5.3  loss 105.2610  logE[BER] -5.261  P_det_soft 1.0000  (87s)
  step 3250  JSR  -31.5  loss 1956.5570  logE[BER] -1921.082  P_det_soft 0.3548  (88s)
  step 3275  JSR  -26.2  loss 958.2584  logE[BER] -892.986  P_det_soft 0.6527  (88s)
  step 3300  JSR  -27.6  loss 1673.2158  logE[BER] -1613.533  P_det_soft 0.5968  (89s)
  step 3325  JSR  -18.5  loss 108.8154  logE[BER] -9.537  P_det_soft 0.9928  (90s)
  step 3350  JSR  -11.8  loss 106.3659  logE[BER] -6.366  P_det_soft 1.0000  (91s)
  step 3375  JSR   -4.7  loss 105.2682  logE[BER] -5.268  P_det_soft 1.0000  (91s)
  step 3400  JSR  -14.7  loss 107.0698  logE[BER] -7.071  P_det_soft 1.0000  (92s)
  step 3425  JSR  -20.4  loss 162.3475  logE[BER] -69.432  P_det_soft 0.9292  (93s)
  step 3450  JSR  -22.5  loss 217.0845  logE[BER] -131.334  P_det_soft 0.8575  (93s)
  step 3475  JSR  -23.5  loss 421.1704  logE[BER] -345.349  P_det_soft 0.7582  (94s)
  step 3500  JSR  -12.2  loss 106.0395  logE[BER] -6.040  P_det_soft 1.0000  (95s)
  step 3525  JSR  -15.1  loss 106.7852  logE[BER] -6.785  P_det_soft 1.0000  (95s)
  step 3550  JSR  -17.3  loss 105.4739  logE[BER] -7.765  P_det_soft 0.9771  (96s)
  step 3575  JSR   -1.5  loss 104.5134  logE[BER] -4.513  P_det_soft 1.0000  (97s)
  step 3600  JSR   -7.0  loss 105.3229  logE[BER] -5.323  P_det_soft 1.0000  (97s)
  step 3625  JSR   -9.9  loss 105.7485  logE[BER] -5.748  P_det_soft 1.0000  (98s)
  step 3650  JSR  -27.9  loss 1305.5587  logE[BER] -1253.510  P_det_soft 0.5205  (99s)
  step 3675  JSR  -28.9  loss 1570.2119  logE[BER] -1526.652  P_det_soft 0.4356  (99s)
  step 3700  JSR   -7.4  loss 105.4341  logE[BER] -5.434  P_det_soft 1.0000  (100s)
  step 3725  JSR  -25.4  loss 892.7609  logE[BER] -827.737  P_det_soft 0.6502  (101s)
  step 3750  JSR   -8.1  loss 105.4781  logE[BER] -5.478  P_det_soft 1.0000  (101s)
  step 3775  JSR  -26.0  loss 967.9070  logE[BER] -906.154  P_det_soft 0.6175  (102s)
  step 3800  JSR  -22.8  loss 218.3527  logE[BER] -135.357  P_det_soft 0.8300  (103s)
  step 3825  JSR  -10.5  loss 105.7969  logE[BER] -5.797  P_det_soft 1.0000  (103s)
  step 3850  JSR  -29.1  loss 1908.0874  logE[BER] -1858.769  P_det_soft 0.4932  (104s)
  step 3875  JSR  -21.9  loss 239.7489  logE[BER] -152.250  P_det_soft 0.8750  (105s)
  step 3900  JSR  -21.7  loss 184.8205  logE[BER] -95.558  P_det_soft 0.8926  (105s)
  step 3925  JSR  -29.7  loss 1756.5521  logE[BER] -1709.913  P_det_soft 0.4664  (106s)
  step 3950  JSR  -23.1  loss 455.0668  logE[BER] -376.153  P_det_soft 0.7891  (107s)
  step 3975  JSR  -10.9  loss 106.0678  logE[BER] -6.068  P_det_soft 1.0000  (107s)
  step 3999  JSR   -3.1  loss 104.7454  logE[BER] -4.745  P_det_soft 1.0000  (108s)
wrote task7_G.pt, task7.json  (tag power_two_sided_b100)
