node: tikgpu04.ee.ethz.ch | gpu: NVIDIA TITAN RTX
task 8 = {'target': 'power_two_sided', 'beta': 1000.0}  (tag power_two_sided_b1000)
  step    0  JSR   -4.4  loss 1003.9486  logE[BER] -3.949  P_det_soft 1.0000  (1s)
  step   25  JSR  -10.6  loss 1003.0402  logE[BER] -8.476  P_det_soft 0.9946  (1s)
  step   50  JSR  -22.2  loss 1189.3219  logE[BER] -335.727  P_det_soft 0.8536  (2s)
  step   75  JSR  -20.5  loss 924.6610  logE[BER] -12.033  P_det_soft 0.9126  (3s)
  step  100  JSR  -30.2  loss 2285.9987  logE[BER] -1852.199  P_det_soft 0.4338  (3s)
  step  125  JSR  -23.6  loss 1177.3654  logE[BER] -415.038  P_det_soft 0.7623  (4s)
  step  150  JSR  -30.6  loss 2168.4675  logE[BER] -1662.600  P_det_soft 0.5059  (4s)
  step  175  JSR  -18.7  loss 947.7101  logE[BER] -7.781  P_det_soft 0.9399  (5s)
  step  200  JSR  -27.0  loss 1524.9186  logE[BER] -901.442  P_det_soft 0.6235  (5s)
  step  225  JSR   -3.0  loss 1003.3768  logE[BER] -3.377  P_det_soft 1.0000  (6s)
  step  250  JSR  -16.3  loss 991.0492  logE[BER] -6.748  P_det_soft 0.9843  (6s)
  step  275  JSR  -28.5  loss 1940.7878  logE[BER] -1343.783  P_det_soft 0.5970  (7s)
  step  300  JSR   -3.4  loss 1003.6084  logE[BER] -3.608  P_det_soft 1.0000  (8s)
  step  325  JSR  -26.5  loss 1362.9272  logE[BER] -681.880  P_det_soft 0.6810  (8s)
  step  350  JSR  -23.0  loss 867.2210  logE[BER] -75.426  P_det_soft 0.7918  (9s)
  step  375  JSR  -12.8  loss 1005.8698  logE[BER] -5.870  P_det_soft 1.0000  (9s)
  step  399  JSR  -13.6  loss 1000.9699  logE[BER] -6.045  P_det_soft 0.9949  (10s)
wrote task8_G.pt, task8.json  (tag power_two_sided_b1000)
