node: tikgpu07.ee.ethz.ch | gpu: NVIDIA GeForce RTX 3090
task 19 = {'target': 'spec_cnn', 'beta': 1000000.0}  (tag spec_cnn_b1e+06, 32 frames/step, JSR band (-48.0, -16.0))
  target spec_cnn: threshold -3.17573, clean-frame std 0.949107 (soft_pdet width)
  step    0  JSR  -39.8  loss 234891.6815  logE[BER] -3820.371  P_det_soft 0.2311  (1s)
  step   25  JSR  -38.0  loss 216875.6320  logE[BER] -3784.926  P_det_soft 0.2131  (3s)
  step   50  JSR  -45.2  loss 153228.1163  logE[BER] -3902.313  P_det_soft 0.1493  (4s)
  step   75  JSR  -43.3  loss 168637.6099  logE[BER] -3873.622  P_det_soft 0.1648  (6s)
  step  100  JSR  -23.0  loss 404141.7427  logE[BER] -2715.943  P_det_soft 0.4014  (7s)
  step  125  JSR  -20.8  loss 592426.0573  logE[BER] -2534.516  P_det_soft 0.5899  (9s)
  step  150  JSR  -26.6  loss 293523.8174  logE[BER] -3177.472  P_det_soft 0.2903  (11s)
  step  175  JSR  -31.1  loss 221238.5310  logE[BER] -3552.288  P_det_soft 0.2177  (12s)
  step  200  JSR  -35.0  loss 214449.4832  logE[BER] -3701.256  P_det_soft 0.2107  (14s)
  step  225  JSR  -34.5  loss 243632.3899  logE[BER] -3677.989  P_det_soft 0.2400  (15s)
  step  250  JSR  -21.1  loss 473089.0691  logE[BER] -2545.986  P_det_soft 0.4705  (17s)
  step  275  JSR  -22.2  loss 366995.8488  logE[BER] -2681.400  P_det_soft 0.3643  (19s)
  step  300  JSR  -42.7  loss 181314.7063  logE[BER] -3879.749  P_det_soft 0.1774  (20s)
  step  325  JSR  -34.8  loss 169246.4311  logE[BER] -3677.059  P_det_soft 0.1656  (22s)
  step  350  JSR  -36.5  loss 157829.5060  logE[BER] -3754.730  P_det_soft 0.1541  (23s)
  step  375  JSR  -28.5  loss 203808.0533  logE[BER] -3364.684  P_det_soft 0.2004  (25s)
  step  400  JSR  -44.2  loss 190520.7782  logE[BER] -3891.897  P_det_soft 0.1866  (27s)
  step  425  JSR  -21.9  loss 289655.3024  logE[BER] -2693.861  P_det_soft 0.2870  (28s)
  step  450  JSR  -26.3  loss 185259.1819  logE[BER] -3171.935  P_det_soft 0.1821  (30s)
  step  475  JSR  -44.8  loss 187971.9431  logE[BER] -3904.460  P_det_soft 0.1841  (31s)
  step  500  JSR  -33.4  loss 211194.6260  logE[BER] -3637.948  P_det_soft 0.2076  (33s)
  step  525  JSR  -25.8  loss 215020.9327  logE[BER] -3156.743  P_det_soft 0.2119  (35s)
  step  550  JSR  -33.7  loss 183603.9272  logE[BER] -3655.743  P_det_soft 0.1799  (36s)
  step  575  JSR  -28.0  loss 165802.0941  logE[BER] -3284.959  P_det_soft 0.1625  (38s)
  step  600  JSR  -33.7  loss 214917.6251  logE[BER] -3636.145  P_det_soft 0.2113  (40s)
  step  625  JSR  -38.6  loss 159077.9505  logE[BER] -3802.949  P_det_soft 0.1553  (41s)
  step  650  JSR  -40.2  loss 168302.4729  logE[BER] -3835.834  P_det_soft 0.1645  (43s)
  step  675  JSR  -33.7  loss 175863.9064  logE[BER] -3664.111  P_det_soft 0.1722  (44s)
  step  700  JSR  -24.5  loss 164054.0039  logE[BER] -3006.441  P_det_soft 0.1610  (46s)
  step  725  JSR  -22.1  loss 211694.9801  logE[BER] -2745.727  P_det_soft 0.2089  (48s)
  step  750  JSR  -26.6  loss 170240.0284  logE[BER] -3210.123  P_det_soft 0.1670  (49s)
  step  775  JSR  -42.6  loss 202017.4236  logE[BER] -3885.629  P_det_soft 0.1981  (51s)
  step  800  JSR  -44.2  loss 154190.6868  logE[BER] -3897.481  P_det_soft 0.1503  (52s)
  step  825  JSR  -22.4  loss 201173.7820  logE[BER] -2774.922  P_det_soft 0.1984  (54s)
  step  850  JSR  -47.5  loss 161900.4634  logE[BER] -3932.897  P_det_soft 0.1580  (56s)
  step  875  JSR  -24.3  loss 167425.4644  logE[BER] -3068.431  P_det_soft 0.1644  (57s)
  step  900  JSR  -37.6  loss 168424.7850  logE[BER] -3774.013  P_det_soft 0.1647  (59s)
  step  925  JSR  -45.6  loss 255427.4294  logE[BER] -3914.226  P_det_soft 0.2515  (60s)
  step  950  JSR  -30.9  loss 142640.7707  logE[BER] -3531.225  P_det_soft 0.1391  (62s)
  step  975  JSR  -44.8  loss 136883.6772  logE[BER] -3906.216  P_det_soft 0.1330  (64s)
  step 1000  JSR  -45.8  loss 150264.1965  logE[BER] -3921.432  P_det_soft 0.1463  (65s)
  step 1025  JSR  -28.4  loss 205616.6132  logE[BER] -3428.576  P_det_soft 0.2022  (67s)
  step 1050  JSR  -22.3  loss 133105.9717  logE[BER] -2882.620  P_det_soft 0.1302  (68s)
  step 1075  JSR  -39.5  loss 149778.6867  logE[BER] -3830.999  P_det_soft 0.1459  (70s)
  step 1100  JSR  -43.4  loss 191086.0541  logE[BER] -3900.533  P_det_soft 0.1872  (72s)
  step 1125  JSR  -43.2  loss 146726.6509  logE[BER] -3891.626  P_det_soft 0.1428  (73s)
  step 1150  JSR  -26.6  loss 135665.6687  logE[BER] -3248.460  P_det_soft 0.1324  (75s)
  step 1175  JSR  -18.8  loss 355644.3107  logE[BER] -2301.859  P_det_soft 0.3533  (77s)
  step 1200  JSR  -16.4  loss 436685.8213  logE[BER] -1820.657  P_det_soft 0.4349  (78s)
  step 1225  JSR  -25.3  loss 139218.1764  logE[BER] -3175.670  P_det_soft 0.1360  (80s)
  step 1250  JSR  -30.3  loss 184130.0657  logE[BER] -3517.354  P_det_soft 0.1806  (81s)
  step 1275  JSR  -34.8  loss 157972.3989  logE[BER] -3681.264  P_det_soft 0.1543  (83s)
  step 1300  JSR  -30.0  loss 156394.8926  logE[BER] -3450.600  P_det_soft 0.1529  (85s)
  step 1325  JSR  -47.1  loss 157235.7039  logE[BER] -3927.429  P_det_soft 0.1533  (86s)
  step 1350  JSR  -46.4  loss 237439.7295  logE[BER] -3921.369  P_det_soft 0.2335  (88s)
  step 1375  JSR  -38.9  loss 179338.5356  logE[BER] -3816.053  P_det_soft 0.1755  (89s)
  step 1400  JSR  -16.3  loss 497215.7243  logE[BER] -1807.857  P_det_soft 0.4954  (91s)
  step 1425  JSR  -35.1  loss 181712.4579  logE[BER] -3705.593  P_det_soft 0.1780  (93s)
  step 1450  JSR  -32.4  loss 206571.4770  logE[BER] -3624.515  P_det_soft 0.2029  (94s)
  step 1475  JSR  -47.2  loss 190555.4795  logE[BER] -3932.645  P_det_soft 0.1866  (96s)
  step 1500  JSR  -26.6  loss 124715.2285  logE[BER] -3252.279  P_det_soft 0.1215  (98s)
  step 1525  JSR  -47.6  loss 136612.2281  logE[BER] -3933.839  P_det_soft 0.1327  (99s)
  step 1550  JSR  -37.1  loss 162197.6466  logE[BER] -3783.170  P_det_soft 0.1584  (101s)
  step 1575  JSR  -36.0  loss 206568.6240  logE[BER] -3744.583  P_det_soft 0.2028  (102s)
  step 1600  JSR  -33.2  loss 154851.9065  logE[BER] -3640.187  P_det_soft 0.1512  (104s)
  step 1625  JSR  -41.6  loss 220721.4728  logE[BER] -3867.657  P_det_soft 0.2169  (106s)
  step 1650  JSR  -30.5  loss 153741.4254  logE[BER] -3523.466  P_det_soft 0.1502  (107s)
  step 1675  JSR  -43.1  loss 180432.5733  logE[BER] -3877.206  P_det_soft 0.1766  (109s)
  step 1700  JSR  -34.7  loss 171010.0408  logE[BER] -3693.870  P_det_soft 0.1673  (110s)
  step 1725  JSR  -28.8  loss 127854.1573  logE[BER] -3421.669  P_det_soft 0.1244  (112s)
  step 1750  JSR  -34.5  loss 185379.6913  logE[BER] -3705.386  P_det_soft 0.1817  (114s)
  step 1775  JSR  -41.5  loss 202744.8664  logE[BER] -3871.681  P_det_soft 0.1989  (115s)
  step 1800  JSR  -39.5  loss 159680.6810  logE[BER] -3831.657  P_det_soft 0.1558  (117s)
  step 1825  JSR  -27.4  loss 99139.7369  logE[BER] -3288.588  P_det_soft 0.0959  (119s)
  step 1850  JSR  -40.7  loss 192488.2495  logE[BER] -3863.744  P_det_soft 0.1886  (120s)
  step 1875  JSR  -46.7  loss 166147.8852  logE[BER] -3928.509  P_det_soft 0.1622  (122s)
  step 1900  JSR  -24.1  loss 88486.7280  logE[BER] -3025.402  P_det_soft 0.0855  (123s)
  step 1925  JSR  -46.7  loss 183227.7288  logE[BER] -3922.315  P_det_soft 0.1793  (125s)
  step 1950  JSR  -46.9  loss 162734.8829  logE[BER] -3933.795  P_det_soft 0.1588  (127s)
  step 1975  JSR  -24.1  loss 97327.6944  logE[BER] -2974.004  P_det_soft 0.0944  (128s)
  step 2000  JSR  -33.8  loss 148835.7857  logE[BER] -3661.594  P_det_soft 0.1452  (130s)
  step 2025  JSR  -17.0  loss 269299.8495  logE[BER] -1953.396  P_det_soft 0.2673  (131s)
  step 2050  JSR  -20.8  loss 92255.5660  logE[BER] -2519.732  P_det_soft 0.0897  (133s)
  step 2075  JSR  -39.7  loss 175168.5402  logE[BER] -3821.567  P_det_soft 0.1713  (135s)
  step 2100  JSR  -43.5  loss 170776.7431  logE[BER] -3897.900  P_det_soft 0.1669  (136s)
  step 2125  JSR  -41.7  loss 182283.6200  logE[BER] -3873.008  P_det_soft 0.1784  (138s)
  step 2150  JSR  -19.6  loss 157882.0800  logE[BER] -2398.221  P_det_soft 0.1555  (140s)
  step 2175  JSR  -30.1  loss 152054.9473  logE[BER] -3477.948  P_det_soft 0.1486  (141s)
  step 2200  JSR  -23.1  loss 114531.5575  logE[BER] -2914.360  P_det_soft 0.1116  (143s)
  step 2225  JSR  -36.8  loss 141639.7001  logE[BER] -3761.645  P_det_soft 0.1379  (144s)
  step 2250  JSR  -46.4  loss 191924.7799  logE[BER] -3921.158  P_det_soft 0.1880  (146s)
  step 2275  JSR  -38.4  loss 156443.5533  logE[BER] -3795.965  P_det_soft 0.1526  (148s)
  step 2300  JSR  -39.5  loss 195723.3930  logE[BER] -3823.020  P_det_soft 0.1919  (149s)
  step 2325  JSR  -30.9  loss 133011.2664  logE[BER] -3532.314  P_det_soft 0.1295  (151s)
  step 2350  JSR  -37.5  loss 147803.5443  logE[BER] -3798.642  P_det_soft 0.1440  (153s)
  step 2375  JSR  -45.1  loss 213165.1494  logE[BER] -3916.336  P_det_soft 0.2092  (154s)
  step 2400  JSR  -26.5  loss 107570.8038  logE[BER] -3269.925  P_det_soft 0.1043  (156s)
  step 2425  JSR  -44.3  loss 197849.5208  logE[BER] -3903.344  P_det_soft 0.1939  (157s)
  step 2450  JSR  -24.2  loss 80844.7460  logE[BER] -3060.502  P_det_soft 0.0778  (159s)
  step 2475  JSR  -22.2  loss 67241.3591  logE[BER] -2793.338  P_det_soft 0.0644  (161s)
  step 2500  JSR  -26.5  loss 99048.9514  logE[BER] -3262.927  P_det_soft 0.0958  (162s)
  step 2525  JSR  -32.3  loss 104810.6988  logE[BER] -3617.634  P_det_soft 0.1012  (164s)
  step 2550  JSR  -32.9  loss 154948.3417  logE[BER] -3632.370  P_det_soft 0.1513  (165s)
  step 2575  JSR  -43.2  loss 163603.2881  logE[BER] -3885.148  P_det_soft 0.1597  (167s)
  step 2600  JSR  -27.5  loss 98206.5755  logE[BER] -3355.189  P_det_soft 0.0949  (169s)
  step 2625  JSR  -38.4  loss 183795.6269  logE[BER] -3808.763  P_det_soft 0.1800  (170s)
  step 2650  JSR  -44.9  loss 161091.5157  logE[BER] -3912.162  P_det_soft 0.1572  (172s)
  step 2675  JSR  -38.6  loss 147362.2624  logE[BER] -3822.198  P_det_soft 0.1435  (174s)
  step 2700  JSR  -20.0  loss 111826.7916  logE[BER] -2480.209  P_det_soft 0.1093  (175s)
  step 2725  JSR  -29.5  loss 132912.6976  logE[BER] -3470.561  P_det_soft 0.1294  (177s)
  step 2750  JSR  -21.7  loss 98650.6084  logE[BER] -2784.089  P_det_soft 0.0959  (178s)
  step 2775  JSR  -42.1  loss 239637.8203  logE[BER] -3870.017  P_det_soft 0.2358  (180s)
  step 2800  JSR  -17.8  loss 141374.3434  logE[BER] -2112.374  P_det_soft 0.1393  (182s)
  step 2825  JSR  -29.4  loss 109456.9953  logE[BER] -3460.277  P_det_soft 0.1060  (183s)
  step 2850  JSR  -22.7  loss 70900.5968  logE[BER] -2846.032  P_det_soft 0.0681  (185s)
  step 2875  JSR  -28.4  loss 119990.6638  logE[BER] -3393.689  P_det_soft 0.1166  (187s)
  step 2900  JSR  -35.2  loss 135506.0554  logE[BER] -3716.241  P_det_soft 0.1318  (188s)
  step 2925  JSR  -17.3  loss 167882.7572  logE[BER] -2035.259  P_det_soft 0.1658  (190s)
  step 2950  JSR  -24.7  loss 90301.5385  logE[BER] -3131.724  P_det_soft 0.0872  (191s)
  step 2975  JSR  -30.0  loss 126798.9427  logE[BER] -3513.675  P_det_soft 0.1233  (193s)
  step 3000  JSR  -23.4  loss 73203.2190  logE[BER] -2966.107  P_det_soft 0.0702  (195s)
  step 3025  JSR  -21.5  loss 90751.6248  logE[BER] -2754.391  P_det_soft 0.0880  (196s)
  step 3050  JSR  -29.1  loss 111943.1586  logE[BER] -3469.769  P_det_soft 0.1085  (198s)
  step 3075  JSR  -40.8  loss 154195.7365  logE[BER] -3851.435  P_det_soft 0.1503  (200s)
  step 3100  JSR  -25.8  loss 87649.9147  logE[BER] -3223.071  P_det_soft 0.0844  (201s)
  step 3125  JSR  -35.5  loss 205426.4742  logE[BER] -3734.928  P_det_soft 0.2017  (203s)
  step 3150  JSR  -41.5  loss 162211.3333  logE[BER] -3880.000  P_det_soft 0.1583  (204s)
  step 3175  JSR  -34.6  loss 134913.5693  logE[BER] -3710.519  P_det_soft 0.1312  (206s)
  step 3200  JSR  -30.1  loss 127601.3912  logE[BER] -3496.775  P_det_soft 0.1241  (208s)
  step 3225  JSR  -31.8  loss 102614.8418  logE[BER] -3606.110  P_det_soft 0.0990  (209s)
  step 3250  JSR  -28.2  loss 119974.7211  logE[BER] -3428.214  P_det_soft 0.1165  (211s)
  step 3275  JSR  -38.0  loss 173003.1877  logE[BER] -3818.991  P_det_soft 0.1692  (213s)
  step 3300  JSR  -40.6  loss 188644.7031  logE[BER] -3861.368  P_det_soft 0.1848  (214s)
  step 3325  JSR  -30.4  loss 109308.0448  logE[BER] -3503.134  P_det_soft 0.1058  (216s)
  step 3350  JSR  -27.6  loss 94058.4265  logE[BER] -3363.595  P_det_soft 0.0907  (217s)
  step 3375  JSR  -28.2  loss 91676.9934  logE[BER] -3404.640  P_det_soft 0.0883  (219s)
  step 3400  JSR  -36.8  loss 183045.5157  logE[BER] -3771.610  P_det_soft 0.1793  (221s)
  step 3425  JSR  -44.0  loss 159988.0987  logE[BER] -3910.258  P_det_soft 0.1561  (222s)
  step 3450  JSR  -26.7  loss 77471.2256  logE[BER] -3304.409  P_det_soft 0.0742  (224s)
  step 3475  JSR  -38.5  loss 212571.3160  logE[BER] -3814.237  P_det_soft 0.2088  (226s)
  step 3500  JSR  -19.8  loss 77997.6395  logE[BER] -2417.439  P_det_soft 0.0756  (227s)
  step 3525  JSR  -43.0  loss 151668.0736  logE[BER] -3888.541  P_det_soft 0.1478  (229s)
  step 3550  JSR  -18.8  loss 115273.0196  logE[BER] -2319.312  P_det_soft 0.1130  (230s)
  step 3575  JSR  -37.6  loss 167531.3504  logE[BER] -3802.704  P_det_soft 0.1637  (232s)
  step 3600  JSR  -44.1  loss 185573.5619  logE[BER] -3904.431  P_det_soft 0.1817  (234s)
  step 3625  JSR  -23.7  loss 70711.5208  logE[BER] -2971.322  P_det_soft 0.0677  (235s)
  step 3650  JSR  -25.3  loss 74035.6901  logE[BER] -3145.311  P_det_soft 0.0709  (237s)
  step 3675  JSR  -40.1  loss 180287.6174  logE[BER] -3845.819  P_det_soft 0.1764  (239s)
  step 3700  JSR  -45.7  loss 162341.0803  logE[BER] -3918.232  P_det_soft 0.1584  (240s)
  step 3725  JSR  -25.1  loss 62831.2106  logE[BER] -3111.369  P_det_soft 0.0597  (242s)
  step 3750  JSR  -20.4  loss 83348.2330  logE[BER] -2562.848  P_det_soft 0.0808  (243s)
  step 3775  JSR  -44.8  loss 177472.8756  logE[BER] -3913.311  P_det_soft 0.1736  (245s)
  step 3800  JSR  -37.5  loss 166363.4678  logE[BER] -3774.701  P_det_soft 0.1626  (247s)
  step 3825  JSR  -25.3  loss 79026.1991  logE[BER] -3124.347  P_det_soft 0.0759  (248s)
  step 3850  JSR  -30.3  loss 86052.0140  logE[BER] -3494.258  P_det_soft 0.0826  (250s)
  step 3875  JSR  -26.7  loss 90137.0694  logE[BER] -3273.721  P_det_soft 0.0869  (252s)
  step 3900  JSR  -26.9  loss 70900.4201  logE[BER] -3280.660  P_det_soft 0.0676  (253s)
  step 3925  JSR  -46.4  loss 156010.3323  logE[BER] -3935.004  P_det_soft 0.1521  (255s)
  step 3950  JSR  -22.0  loss 59269.0150  logE[BER] -2756.672  P_det_soft 0.0565  (256s)
  step 3975  JSR  -22.0  loss 58231.2892  logE[BER] -2882.054  P_det_soft 0.0553  (258s)
  step 3999  JSR  -44.1  loss 227996.8827  logE[BER] -3911.525  P_det_soft 0.2241  (260s)
wrote task19_G.pt, task19.json  (tag spec_cnn_b1e+06)
