node: tikgpu09.ee.ethz.ch | gpu: NVIDIA GeForce RTX 3090
task 12 = {'target': 'kurtosis', 'beta': 1000.0}  (tag kurtosis_b1000, 128 frames/step, JSR band (-32.0, 0.0))
  target kurtosis: threshold 0.0508405, clean-frame std 0.0153742 (soft_pdet width)
  step    0  JSR  -24.5  loss 3125.6271  logE[BER] -2972.899  P_det_soft 0.1527  (3s)
  step   25  JSR  -26.3  loss 2435.6650  logE[BER] -2260.862  P_det_soft 0.1748  (4s)
  step   50  JSR  -31.4  loss 2126.7420  logE[BER] -1976.656  P_det_soft 0.1501  (4s)
  step   75  JSR  -15.3  loss 315.1665  logE[BER] -6.215  P_det_soft 0.3090  (5s)
  step  100  JSR  -24.0  loss 582.1586  logE[BER] -410.619  P_det_soft 0.1715  (5s)
  step  125  JSR  -25.2  loss 809.2724  logE[BER] -668.976  P_det_soft 0.1403  (6s)
  step  150  JSR  -17.0  loss 188.8929  logE[BER] -7.194  P_det_soft 0.1817  (6s)
  step  175  JSR   -1.1  loss 1002.8011  logE[BER] -2.801  P_det_soft 1.0000  (7s)
  step  200  JSR   -9.0  loss 804.8965  logE[BER] -5.448  P_det_soft 0.7994  (7s)
  step  225  JSR  -30.0  loss 1647.4176  logE[BER] -1484.719  P_det_soft 0.1627  (8s)
  step  250  JSR  -28.3  loss 1424.4106  logE[BER] -1284.134  P_det_soft 0.1403  (8s)
  step  275  JSR  -10.0  loss 757.0463  logE[BER] -5.461  P_det_soft 0.7516  (8s)
  step  300  JSR  -13.9  loss 334.6607  logE[BER] -6.216  P_det_soft 0.3284  (9s)
  step  325  JSR  -20.4  loss 166.9723  logE[BER] -20.393  P_det_soft 0.1466  (9s)
  step  350  JSR   -7.1  loss 875.0702  logE[BER] -4.407  P_det_soft 0.8707  (10s)
  step  375  JSR  -14.7  loss 315.8131  logE[BER] -6.548  P_det_soft 0.3093  (10s)
  step  400  JSR  -16.5  loss 242.5420  logE[BER] -6.962  P_det_soft 0.2356  (11s)
  step  425  JSR   -5.1  loss 999.1827  logE[BER] -4.030  P_det_soft 0.9952  (11s)
  step  450  JSR  -14.3  loss 262.1045  logE[BER] -6.635  P_det_soft 0.2555  (12s)
  step  475  JSR  -15.9  loss 252.5268  logE[BER] -6.774  P_det_soft 0.2458  (12s)
  step  500  JSR  -30.2  loss 2148.6700  logE[BER] -1968.712  P_det_soft 0.1800  (13s)
  step  525  JSR  -29.1  loss 1442.1793  logE[BER] -1280.847  P_det_soft 0.1613  (13s)
  step  550  JSR  -29.8  loss 1897.5715  logE[BER] -1729.208  P_det_soft 0.1684  (13s)
  step  575  JSR   -6.3  loss 963.2891  logE[BER] -4.209  P_det_soft 0.9591  (14s)
  step  600  JSR   -8.4  loss 857.2667  logE[BER] -4.768  P_det_soft 0.8525  (14s)
  step  625  JSR   -2.5  loss 1003.0831  logE[BER] -3.117  P_det_soft 1.0000  (15s)
  step  650  JSR  -16.4  loss 249.3993  logE[BER] -6.713  P_det_soft 0.2427  (15s)
  step  675  JSR   -2.4  loss 1002.6688  logE[BER] -3.133  P_det_soft 0.9995  (16s)
  step  700  JSR  -23.7  loss 407.4751  logE[BER] -237.490  P_det_soft 0.1700  (16s)
  step  725  JSR  -27.0  loss 1077.1590  logE[BER] -913.688  P_det_soft 0.1635  (16s)
  step  750  JSR  -11.5  loss 490.9047  logE[BER] -5.947  P_det_soft 0.4850  (17s)
  step  775  JSR   -2.2  loss 1001.5180  logE[BER] -3.040  P_det_soft 0.9985  (17s)
  step  800  JSR   -6.1  loss 933.8649  logE[BER] -4.004  P_det_soft 0.9299  (18s)
  step  825  JSR  -28.1  loss 1372.2955  logE[BER] -1230.925  P_det_soft 0.1414  (18s)
  step  850  JSR  -27.5  loss 1351.1889  logE[BER] -1205.621  P_det_soft 0.1456  (19s)
  step  875  JSR   -3.1  loss 1003.1461  logE[BER] -3.219  P_det_soft 0.9999  (19s)
  step  900  JSR  -26.9  loss 1088.1189  logE[BER] -911.806  P_det_soft 0.1763  (20s)
  step  925  JSR  -29.5  loss 1609.9496  logE[BER] -1453.227  P_det_soft 0.1567  (20s)
  step  950  JSR  -32.0  loss 2076.1742  logE[BER] -1896.060  P_det_soft 0.1801  (20s)
  step  975  JSR  -11.1  loss 637.8965  logE[BER] -5.805  P_det_soft 0.6321  (21s)
  step 1000  JSR   -0.8  loss 1002.6950  logE[BER] -2.717  P_det_soft 1.0000  (21s)
  step 1025  JSR   -5.0  loss 950.5619  logE[BER] -3.521  P_det_soft 0.9470  (22s)
  step 1050  JSR  -28.4  loss 1781.3890  logE[BER] -1616.423  P_det_soft 0.1650  (22s)
  step 1075  JSR  -22.7  loss 347.0994  logE[BER] -191.439  P_det_soft 0.1557  (23s)
  step 1100  JSR   -8.9  loss 615.6502  logE[BER] -5.011  P_det_soft 0.6106  (23s)
  step 1125  JSR  -21.3  loss 171.2707  logE[BER] -10.390  P_det_soft 0.1609  (24s)
  step 1150  JSR  -23.5  loss 402.7076  logE[BER] -221.327  P_det_soft 0.1814  (24s)
  step 1175  JSR  -19.7  loss 181.2513  logE[BER] -8.100  P_det_soft 0.1732  (24s)
  step 1200  JSR   -5.3  loss 895.4665  logE[BER] -3.562  P_det_soft 0.8919  (25s)
  step 1225  JSR  -30.0  loss 1836.4837  logE[BER] -1665.224  P_det_soft 0.1713  (25s)
  step 1250  JSR   -8.9  loss 750.7878  logE[BER] -4.974  P_det_soft 0.7458  (26s)
  step 1275  JSR  -22.6  loss 210.1232  logE[BER] -39.663  P_det_soft 0.1705  (26s)
  step 1300  JSR  -30.7  loss 1813.6178  logE[BER] -1650.980  P_det_soft 0.1626  (27s)
  step 1325  JSR  -15.1  loss 289.6791  logE[BER] -6.906  P_det_soft 0.2828  (27s)
  step 1350  JSR  -13.0  loss 367.7426  logE[BER] -6.180  P_det_soft 0.3616  (28s)
  step 1375  JSR  -12.3  loss 380.9689  logE[BER] -6.008  P_det_soft 0.3750  (28s)
  step 1400  JSR  -20.5  loss 197.4387  logE[BER] -9.369  P_det_soft 0.1881  (28s)
  step 1425  JSR   -6.8  loss 870.7854  logE[BER] -4.139  P_det_soft 0.8666  (29s)
  step 1450  JSR   -0.2  loss 1001.2131  logE[BER] -2.601  P_det_soft 0.9986  (29s)
  step 1475  JSR  -29.7  loss 1555.0698  logE[BER] -1387.304  P_det_soft 0.1678  (30s)
  step 1500  JSR   -0.5  loss 1002.7347  logE[BER] -2.779  P_det_soft 1.0000  (30s)
  step 1525  JSR  -22.9  loss 374.6494  logE[BER] -199.873  P_det_soft 0.1748  (31s)
  step 1550  JSR  -24.6  loss 525.7197  logE[BER] -364.329  P_det_soft 0.1614  (31s)
  step 1575  JSR  -31.8  loss 2107.0011  logE[BER] -1949.144  P_det_soft 0.1579  (32s)
  step 1600  JSR  -15.8  loss 179.0437  logE[BER] -8.263  P_det_soft 0.1708  (32s)
  step 1625  JSR  -27.6  loss 1442.4537  logE[BER] -1262.713  P_det_soft 0.1797  (32s)
  step 1650  JSR   -1.5  loss 1001.0196  logE[BER] -2.965  P_det_soft 0.9981  (33s)
  step 1675  JSR  -31.4  loss 2086.0624  logE[BER] -1926.768  P_det_soft 0.1593  (33s)
  step 1700  JSR  -21.7  loss 177.7545  logE[BER] -17.078  P_det_soft 0.1607  (34s)
  step 1725  JSR   -9.4  loss 612.7973  logE[BER] -5.101  P_det_soft 0.6077  (34s)
  step 1750  JSR  -22.4  loss 423.4888  logE[BER] -249.128  P_det_soft 0.1744  (35s)
  step 1775  JSR  -25.2  loss 505.5492  logE[BER] -329.870  P_det_soft 0.1757  (35s)
  step 1800  JSR   -5.1  loss 912.2394  logE[BER] -3.547  P_det_soft 0.9087  (36s)
  step 1825  JSR  -10.2  loss 611.6344  logE[BER] -5.467  P_det_soft 0.6062  (36s)
  step 1850  JSR  -26.5  loss 983.4142  logE[BER] -823.755  P_det_soft 0.1597  (36s)
  step 1875  JSR   -9.4  loss 536.7147  logE[BER] -4.941  P_det_soft 0.5318  (37s)
  step 1900  JSR   -9.1  loss 622.3843  logE[BER] -4.948  P_det_soft 0.6174  (37s)
  step 1925  JSR  -10.3  loss 408.2922  logE[BER] -5.489  P_det_soft 0.4028  (38s)
  step 1950  JSR   -4.3  loss 867.0965  logE[BER] -3.258  P_det_soft 0.8638  (38s)
  step 1975  JSR   -0.1  loss 1002.2332  logE[BER] -2.602  P_det_soft 0.9996  (39s)
  step 2000  JSR  -32.0  loss 2616.0730  logE[BER] -2461.063  P_det_soft 0.1550  (39s)
  step 2025  JSR  -18.7  loss 202.3155  logE[BER] -8.759  P_det_soft 0.1936  (39s)
  step 2050  JSR   -6.8  loss 775.1222  logE[BER] -4.026  P_det_soft 0.7711  (40s)
  step 2075  JSR  -12.6  loss 315.0401  logE[BER] -6.087  P_det_soft 0.3090  (40s)
  step 2100  JSR   -9.5  loss 589.6896  logE[BER] -5.216  P_det_soft 0.5845  (41s)
  step 2125  JSR  -15.0  loss 265.4946  logE[BER] -6.758  P_det_soft 0.2587  (41s)
  step 2150  JSR   -8.6  loss 626.5100  logE[BER] -4.915  P_det_soft 0.6216  (42s)
  step 2175  JSR  -23.3  loss 530.0492  logE[BER] -354.947  P_det_soft 0.1751  (42s)
  step 2200  JSR   -2.6  loss 991.7769  logE[BER] -3.031  P_det_soft 0.9887  (43s)
  step 2225  JSR  -23.9  loss 653.6021  logE[BER] -494.061  P_det_soft 0.1595  (43s)
  step 2250  JSR   -9.3  loss 601.5916  logE[BER] -4.965  P_det_soft 0.5966  (43s)
  step 2275  JSR  -15.9  loss 257.3425  logE[BER] -6.888  P_det_soft 0.2505  (44s)
  step 2300  JSR  -22.1  loss 170.8762  logE[BER] -11.166  P_det_soft 0.1597  (44s)
  step 2325  JSR  -21.8  loss 166.5569  logE[BER] -15.109  P_det_soft 0.1514  (45s)
  step 2350  JSR  -30.2  loss 1750.2558  logE[BER] -1563.524  P_det_soft 0.1867  (45s)
  step 2375  JSR  -27.4  loss 1002.0075  logE[BER] -820.978  P_det_soft 0.1810  (46s)
  step 2400  JSR   -1.4  loss 1001.2034  logE[BER] -2.887  P_det_soft 0.9983  (46s)
  step 2425  JSR   -9.0  loss 675.6658  logE[BER] -5.011  P_det_soft 0.6707  (47s)
  step 2450  JSR  -14.0  loss 266.4196  logE[BER] -6.451  P_det_soft 0.2600  (47s)
  step 2475  JSR  -27.8  loss 1058.1980  logE[BER] -851.232  P_det_soft 0.2070  (47s)
  step 2500  JSR  -23.0  loss 310.4792  logE[BER] -144.658  P_det_soft 0.1658  (48s)
  step 2525  JSR  -27.3  loss 1040.3144  logE[BER] -861.582  P_det_soft 0.1787  (48s)
  step 2550  JSR  -27.8  loss 1433.3580  logE[BER] -1272.623  P_det_soft 0.1607  (49s)
  step 2575  JSR   -9.9  loss 493.1476  logE[BER] -5.202  P_det_soft 0.4879  (49s)
  step 2600  JSR  -11.4  loss 363.1838  logE[BER] -5.842  P_det_soft 0.3573  (50s)
  step 2625  JSR  -22.8  loss 291.0202  logE[BER] -134.513  P_det_soft 0.1565  (50s)
  step 2650  JSR   -5.4  loss 922.0246  logE[BER] -3.773  P_det_soft 0.9183  (51s)
  step 2675  JSR  -32.0  loss 2420.1501  logE[BER] -2232.518  P_det_soft 0.1876  (51s)
  step 2700  JSR  -22.0  loss 172.7191  logE[BER] -23.432  P_det_soft 0.1493  (51s)
  step 2725  JSR   -1.0  loss 996.1080  logE[BER] -2.854  P_det_soft 0.9933  (52s)
  step 2750  JSR  -12.8  loss 365.4843  logE[BER] -6.083  P_det_soft 0.3594  (52s)
  step 2775  JSR  -15.5  loss 291.6195  logE[BER] -6.634  P_det_soft 0.2850  (53s)
  step 2800  JSR  -27.0  loss 849.0220  logE[BER] -693.497  P_det_soft 0.1555  (53s)
  step 2825  JSR  -25.1  loss 730.8899  logE[BER] -552.644  P_det_soft 0.1782  (54s)
  step 2850  JSR   -4.0  loss 925.8585  logE[BER] -3.263  P_det_soft 0.9226  (54s)
  step 2875  JSR  -13.7  loss 327.8561  logE[BER] -6.710  P_det_soft 0.3211  (55s)
  step 2900  JSR  -29.8  loss 1750.5581  logE[BER] -1570.135  P_det_soft 0.1804  (55s)
  step 2925  JSR  -21.2  loss 178.4208  logE[BER] -9.382  P_det_soft 0.1690  (55s)
  step 2950  JSR  -19.7  loss 179.5289  logE[BER] -8.469  P_det_soft 0.1711  (56s)
  step 2975  JSR  -23.0  loss 195.9087  logE[BER] -44.572  P_det_soft 0.1513  (56s)
  step 3000  JSR   -8.2  loss 592.5216  logE[BER] -4.673  P_det_soft 0.5878  (57s)
  step 3025  JSR   -9.3  loss 398.5458  logE[BER] -5.219  P_det_soft 0.3933  (57s)
  step 3050  JSR  -21.5  loss 256.7044  logE[BER] -92.060  P_det_soft 0.1646  (58s)
  step 3075  JSR  -21.4  loss 281.9933  logE[BER] -124.453  P_det_soft 0.1575  (58s)
  step 3100  JSR  -14.6  loss 210.7144  logE[BER] -7.102  P_det_soft 0.2036  (59s)
  step 3125  JSR  -17.8  loss 216.8833  logE[BER] -8.357  P_det_soft 0.2085  (59s)
  step 3150  JSR  -12.9  loss 369.8990  logE[BER] -6.573  P_det_soft 0.3633  (59s)
  step 3175  JSR  -23.4  loss 475.5955  logE[BER] -335.673  P_det_soft 0.1399  (60s)
  step 3200  JSR   -2.6  loss 982.6429  logE[BER] -2.985  P_det_soft 0.9797  (60s)
  step 3225  JSR   -1.9  loss 985.4891  logE[BER] -2.921  P_det_soft 0.9826  (61s)
  step 3250  JSR  -27.4  loss 975.8142  logE[BER] -835.416  P_det_soft 0.1404  (61s)
  step 3275  JSR  -27.8  loss 1263.9031  logE[BER] -1110.271  P_det_soft 0.1536  (62s)
  step 3300  JSR  -17.9  loss 187.0722  logE[BER] -7.740  P_det_soft 0.1793  (62s)
  step 3325  JSR  -21.5  loss 198.2083  logE[BER] -27.754  P_det_soft 0.1705  (63s)
  step 3350  JSR  -14.0  loss 310.3961  logE[BER] -6.590  P_det_soft 0.3038  (63s)
  step 3375  JSR  -16.2  loss 179.5747  logE[BER] -8.041  P_det_soft 0.1715  (63s)
  step 3400  JSR  -13.4  loss 275.4476  logE[BER] -6.559  P_det_soft 0.2689  (64s)
  step 3425  JSR  -17.6  loss 182.6464  logE[BER] -8.617  P_det_soft 0.1740  (64s)
  step 3450  JSR  -15.8  loss 229.3585  logE[BER] -6.816  P_det_soft 0.2225  (65s)
  step 3475  JSR  -24.5  loss 382.3745  logE[BER] -232.563  P_det_soft 0.1498  (65s)
  step 3500  JSR   -7.4  loss 716.0360  logE[BER] -4.301  P_det_soft 0.7117  (66s)
  step 3525  JSR  -29.8  loss 1454.3679  logE[BER] -1284.749  P_det_soft 0.1696  (66s)
  step 3550  JSR  -21.8  loss 170.8246  logE[BER] -10.063  P_det_soft 0.1608  (67s)
  step 3575  JSR  -10.1  loss 561.3258  logE[BER] -5.399  P_det_soft 0.5559  (67s)
  step 3600  JSR  -16.5  loss 248.4630  logE[BER] -7.171  P_det_soft 0.2413  (67s)
  step 3625  JSR   -5.1  loss 836.6004  logE[BER] -3.546  P_det_soft 0.8331  (68s)
  step 3650  JSR   -0.2  loss 995.0344  logE[BER] -2.644  P_det_soft 0.9924  (68s)
  step 3675  JSR  -18.0  loss 191.7576  logE[BER] -8.343  P_det_soft 0.1834  (69s)
  step 3700  JSR  -20.0  loss 174.7351  logE[BER] -8.807  P_det_soft 0.1659  (69s)
  step 3725  JSR  -28.7  loss 1704.6920  logE[BER] -1528.879  P_det_soft 0.1758  (70s)
  step 3750  JSR  -27.7  loss 1337.8014  logE[BER] -1183.407  P_det_soft 0.1544  (70s)
  step 3775  JSR  -16.6  loss 203.4655  logE[BER] -7.137  P_det_soft 0.1963  (71s)
  step 3800  JSR  -25.5  loss 674.1164  logE[BER] -502.812  P_det_soft 0.1713  (71s)
  step 3825  JSR   -9.2  loss 538.9012  logE[BER] -5.075  P_det_soft 0.5338  (71s)
  step 3850  JSR  -25.8  loss 846.4892  logE[BER] -690.270  P_det_soft 0.1562  (72s)
  step 3875  JSR  -31.7  loss 2151.9296  logE[BER] -1989.363  P_det_soft 0.1626  (72s)
  step 3900  JSR  -23.2  loss 366.1288  logE[BER] -188.714  P_det_soft 0.1774  (73s)
  step 3925  JSR   -6.5  loss 829.6340  logE[BER] -3.998  P_det_soft 0.8256  (73s)
  step 3950  JSR  -12.6  loss 298.6243  logE[BER] -6.291  P_det_soft 0.2923  (74s)
  step 3975  JSR  -22.1  loss 222.0825  logE[BER] -76.391  P_det_soft 0.1457  (74s)
  step 3999  JSR  -31.4  loss 2121.5127  logE[BER] -1955.580  P_det_soft 0.1659  (75s)
wrote task12_G.pt, task12.json  (tag kurtosis_b1000)
