node: artongpu01.ee.ethz.ch | gpu: NVIDIA GeForce RTX 2080 Ti
task 16 = {'target': 'spec_cnn', 'beta': 1000.0}  (tag spec_cnn_b1000, 32 frames/step, JSR band (-48.0, -16.0))
  target spec_cnn: threshold -3.17573, clean-frame std 0.982227 (soft_pdet width)
  learned power: cap +0.0 dB, start -40.0 dB, gain lr 0.01, damage per
  step    0  JSR  -38.2  loss 4127.5930  logE[PER] -3906.686  P_det_soft 0.2209  (1s)
  step   25  JSR  -32.2  loss 3899.8893  logE[PER] -3578.509  P_det_soft 0.3214  (3s)
  step   50  JSR  -30.6  loss 3838.3358  logE[PER] -3522.910  P_det_soft 0.3154  (6s)
  step   75  JSR  -29.5  loss 3842.9989  logE[PER] -3477.590  P_det_soft 0.3654  (8s)
  step  100  JSR  -29.3  loss 3782.0665  logE[PER] -3446.847  P_det_soft 0.3352  (11s)
  step  125  JSR  -29.3  loss 3860.1877  logE[PER] -3489.817  P_det_soft 0.3704  (13s)
  step  150  JSR  -29.2  loss 3803.7186  logE[PER] -3489.020  P_det_soft 0.3147  (16s)
  step  175  JSR  -29.2  loss 3799.4634  logE[PER] -3456.423  P_det_soft 0.3430  (18s)
  step  200  JSR  -28.8  loss 3699.8979  logE[PER] -3420.157  P_det_soft 0.2797  (21s)
  step  225  JSR  -28.4  loss 3745.4182  logE[PER] -3384.572  P_det_soft 0.3608  (23s)
  step  250  JSR  -28.5  loss 3739.8910  logE[PER] -3430.562  P_det_soft 0.3093  (26s)
  step  275  JSR  -28.5  loss 3697.8544  logE[PER] -3382.374  P_det_soft 0.3155  (28s)
  step  300  JSR  -28.0  loss 3663.0311  logE[PER] -3370.950  P_det_soft 0.2921  (31s)
  step  325  JSR  -28.1  loss 3691.0555  logE[PER] -3384.760  P_det_soft 0.3063  (33s)
  step  350  JSR  -28.1  loss 3753.2903  logE[PER] -3371.834  P_det_soft 0.3815  (36s)
  step  375  JSR  -28.0  loss 3714.2107  logE[PER] -3389.841  P_det_soft 0.3244  (38s)
  step  400  JSR  -27.8  loss 3692.3545  logE[PER] -3364.576  P_det_soft 0.3278  (41s)
  step  425  JSR  -27.5  loss 3696.1392  logE[PER] -3338.995  P_det_soft 0.3571  (44s)
  step  450  JSR  -27.8  loss 3706.5169  logE[PER] -3345.604  P_det_soft 0.3609  (46s)
  step  475  JSR  -27.4  loss 3674.6224  logE[PER] -3335.437  P_det_soft 0.3392  (49s)
  step  500  JSR  -27.0  loss 3694.0178  logE[PER] -3312.645  P_det_soft 0.3814  (51s)
  step  525  JSR  -26.9  loss 3703.3044  logE[PER] -3319.422  P_det_soft 0.3839  (54s)
  step  550  JSR  -27.0  loss 3677.2938  logE[PER] -3291.253  P_det_soft 0.3860  (56s)
  step  575  JSR  -27.1  loss 3733.5787  logE[PER] -3324.824  P_det_soft 0.4088  (59s)
  step  600  JSR  -27.2  loss 3684.3947  logE[PER] -3306.063  P_det_soft 0.3783  (62s)
  step  625  JSR  -27.0  loss 3680.2656  logE[PER] -3315.219  P_det_soft 0.3650  (64s)
  step  650  JSR  -27.0  loss 3568.0711  logE[PER] -3297.470  P_det_soft 0.2706  (67s)
  step  675  JSR  -26.7  loss 3668.4871  logE[PER] -3328.490  P_det_soft 0.3400  (69s)
  step  700  JSR  -26.6  loss 3654.1599  logE[PER] -3275.366  P_det_soft 0.3788  (72s)
  step  725  JSR  -26.8  loss 3654.4443  logE[PER] -3298.159  P_det_soft 0.3563  (75s)
  step  750  JSR  -26.7  loss 3658.9804  logE[PER] -3285.326  P_det_soft 0.3737  (77s)
  step  775  JSR  -26.5  loss 3623.7395  logE[PER] -3258.065  P_det_soft 0.3657  (80s)
  step  800  JSR  -26.9  loss 3633.6123  logE[PER] -3310.257  P_det_soft 0.3234  (82s)
  step  825  JSR  -26.9  loss 3679.9923  logE[PER] -3299.514  P_det_soft 0.3805  (85s)
  step  850  JSR  -26.7  loss 3642.0977  logE[PER] -3295.488  P_det_soft 0.3466  (88s)
  step  875  JSR  -26.8  loss 3675.6567  logE[PER] -3289.986  P_det_soft 0.3857  (90s)
  step  900  JSR  -27.2  loss 3655.1599  logE[PER] -3323.852  P_det_soft 0.3313  (93s)
  step  925  JSR  -27.1  loss 3730.2435  logE[PER] -3326.083  P_det_soft 0.4042  (95s)
  step  950  JSR  -26.5  loss 3704.6032  logE[PER] -3289.143  P_det_soft 0.4155  (98s)
  step  975  JSR  -27.3  loss 3633.2203  logE[PER] -3322.204  P_det_soft 0.3110  (101s)
  step 1000  JSR  -26.8  loss 3672.6983  logE[PER] -3274.680  P_det_soft 0.3980  (103s)
  step 1025  JSR  -26.6  loss 3646.0789  logE[PER] -3278.961  P_det_soft 0.3671  (106s)
  step 1050  JSR  -26.7  loss 3728.1078  logE[PER] -3276.578  P_det_soft 0.4515  (108s)
  step 1075  JSR  -26.5  loss 3637.5228  logE[PER] -3260.009  P_det_soft 0.3775  (111s)
  step 1100  JSR  -26.8  loss 3687.1811  logE[PER] -3306.281  P_det_soft 0.3809  (114s)
  step 1125  JSR  -26.8  loss 3689.2690  logE[PER] -3302.047  P_det_soft 0.3872  (116s)
  step 1150  JSR  -26.5  loss 3601.8840  logE[PER] -3281.234  P_det_soft 0.3207  (119s)
  step 1175  JSR  -27.0  loss 3713.6007  logE[PER] -3366.617  P_det_soft 0.3470  (122s)
  step 1200  JSR  -26.6  loss 3659.5737  logE[PER] -3280.552  P_det_soft 0.3790  (124s)
  step 1225  JSR  -26.8  loss 3703.6116  logE[PER] -3302.286  P_det_soft 0.4013  (127s)
  step 1250  JSR  -26.6  loss 3629.9905  logE[PER] -3293.045  P_det_soft 0.3369  (129s)
  step 1275  JSR  -26.4  loss 3656.3084  logE[PER] -3287.931  P_det_soft 0.3684  (132s)
  step 1300  JSR  -26.5  loss 3657.1985  logE[PER] -3276.130  P_det_soft 0.3811  (135s)
  step 1325  JSR  -26.6  loss 3625.2623  logE[PER] -3280.856  P_det_soft 0.3444  (137s)
  step 1350  JSR  -26.3  loss 3618.4878  logE[PER] -3264.898  P_det_soft 0.3536  (140s)
  step 1375  JSR  -26.3  loss 3619.9252  logE[PER] -3220.279  P_det_soft 0.3996  (142s)
  step 1400  JSR  -26.2  loss 3677.9427  logE[PER] -3250.096  P_det_soft 0.4278  (145s)
  step 1425  JSR  -26.5  loss 3651.3753  logE[PER] -3274.160  P_det_soft 0.3772  (148s)
  step 1450  JSR  -26.2  loss 3612.3757  logE[PER] -3239.593  P_det_soft 0.3728  (150s)
  step 1475  JSR  -26.2  loss 3637.3987  logE[PER] -3281.393  P_det_soft 0.3560  (153s)
  step 1500  JSR  -26.6  loss 3555.2987  logE[PER] -3254.271  P_det_soft 0.3010  (155s)
  step 1525  JSR  -26.4  loss 3602.7865  logE[PER] -3243.888  P_det_soft 0.3589  (158s)
  step 1550  JSR  -26.9  loss 3578.6763  logE[PER] -3281.785  P_det_soft 0.2969  (161s)
  step 1575  JSR  -26.6  loss 3601.0432  logE[PER] -3264.121  P_det_soft 0.3369  (163s)
  step 1600  JSR  -26.5  loss 3677.7886  logE[PER] -3282.954  P_det_soft 0.3948  (166s)
  step 1625  JSR  -26.4  loss 3653.4346  logE[PER] -3269.334  P_det_soft 0.3841  (168s)
  step 1650  JSR  -26.8  loss 3717.5249  logE[PER] -3369.836  P_det_soft 0.3477  (171s)
  step 1675  JSR  -26.7  loss 3599.1133  logE[PER] -3262.344  P_det_soft 0.3368  (174s)
  step 1700  JSR  -26.9  loss 3675.7709  logE[PER] -3306.576  P_det_soft 0.3692  (176s)
  step 1725  JSR  -26.3  loss 3681.3082  logE[PER] -3252.582  P_det_soft 0.4287  (179s)
  step 1750  JSR  -26.9  loss 3688.3224  logE[PER] -3308.098  P_det_soft 0.3802  (181s)
  step 1775  JSR  -26.4  loss 3659.1853  logE[PER] -3264.511  P_det_soft 0.3947  (184s)
  step 1800  JSR  -26.8  loss 3797.0766  logE[PER] -3390.531  P_det_soft 0.4065  (187s)
  step 1825  JSR  -26.8  loss 3671.5351  logE[PER] -3311.484  P_det_soft 0.3601  (189s)
  step 1850  JSR  -26.8  loss 3709.4356  logE[PER] -3283.820  P_det_soft 0.4256  (192s)
  step 1875  JSR  -26.7  loss 3626.0043  logE[PER] -3285.072  P_det_soft 0.3409  (195s)
  step 1900  JSR  -26.5  loss 3611.0215  logE[PER] -3279.265  P_det_soft 0.3318  (197s)
  step 1925  JSR  -26.4  loss 3656.8373  logE[PER] -3261.284  P_det_soft 0.3956  (200s)
  step 1950  JSR  -26.6  loss 3639.2148  logE[PER] -3263.650  P_det_soft 0.3756  (202s)
  step 1975  JSR  -26.5  loss 3586.6169  logE[PER] -3265.242  P_det_soft 0.3214  (205s)
  step 2000  JSR  -26.4  loss 3650.1250  logE[PER] -3275.613  P_det_soft 0.3745  (208s)
  step 2025  JSR  -26.8  loss 3689.8299  logE[PER] -3319.076  P_det_soft 0.3708  (210s)
  step 2050  JSR  -26.4  loss 3641.6767  logE[PER] -3331.367  P_det_soft 0.3103  (213s)
  step 2075  JSR  -26.4  loss 3636.0314  logE[PER] -3272.870  P_det_soft 0.3632  (215s)
  step 2100  JSR  -26.6  loss 3638.7739  logE[PER] -3275.553  P_det_soft 0.3632  (218s)
  step 2125  JSR  -26.7  loss 3611.1056  logE[PER] -3270.896  P_det_soft 0.3402  (221s)
  step 2150  JSR  -26.3  loss 3598.5815  logE[PER] -3259.736  P_det_soft 0.3388  (223s)
  step 2175  JSR  -26.2  loss 3672.3828  logE[PER] -3236.450  P_det_soft 0.4359  (226s)
  step 2200  JSR  -26.2  loss 3674.4655  logE[PER] -3292.409  P_det_soft 0.3821  (228s)
  step 2225  JSR  -26.0  loss 3656.1722  logE[PER] -3235.047  P_det_soft 0.4211  (231s)
  step 2250  JSR  -26.1  loss 3639.3128  logE[PER] -3231.923  P_det_soft 0.4074  (234s)
  step 2275  JSR  -25.8  loss 3633.1529  logE[PER] -3200.601  P_det_soft 0.4326  (236s)
  step 2300  JSR  -25.8  loss 3621.5092  logE[PER] -3206.714  P_det_soft 0.4148  (239s)
  step 2325  JSR  -26.0  loss 3620.8038  logE[PER] -3239.765  P_det_soft 0.3810  (241s)
  step 2350  JSR  -26.4  loss 3657.2896  logE[PER] -3271.275  P_det_soft 0.3860  (244s)
  step 2375  JSR  -26.1  loss 3730.1059  logE[PER] -3282.355  P_det_soft 0.4478  (247s)
  step 2400  JSR  -26.0  loss 3648.2744  logE[PER] -3243.673  P_det_soft 0.4046  (249s)
  step 2425  JSR  -26.2  loss 3662.0355  logE[PER] -3247.547  P_det_soft 0.4145  (252s)
  step 2450  JSR  -26.7  loss 3657.2356  logE[PER] -3324.365  P_det_soft 0.3329  (254s)
  step 2475  JSR  -26.7  loss 3701.9993  logE[PER] -3346.372  P_det_soft 0.3556  (257s)
  step 2500  JSR  -26.5  loss 3667.4620  logE[PER] -3262.578  P_det_soft 0.4049  (260s)
  step 2525  JSR  -26.6  loss 3627.5201  logE[PER] -3285.959  P_det_soft 0.3416  (262s)
  step 2550  JSR  -27.1  loss 3662.7085  logE[PER] -3319.608  P_det_soft 0.3431  (265s)
  step 2575  JSR  -26.7  loss 3634.9459  logE[PER] -3294.833  P_det_soft 0.3401  (267s)
  step 2600  JSR  -26.8  loss 3716.2890  logE[PER] -3351.043  P_det_soft 0.3652  (270s)
  step 2625  JSR  -26.6  loss 3646.8882  logE[PER] -3284.974  P_det_soft 0.3619  (273s)
  step 2650  JSR  -26.6  loss 3730.8546  logE[PER] -3303.292  P_det_soft 0.4276  (275s)
  step 2675  JSR  -26.6  loss 3735.8272  logE[PER] -3279.283  P_det_soft 0.4565  (278s)
  step 2700  JSR  -26.7  loss 3623.3028  logE[PER] -3287.420  P_det_soft 0.3359  (281s)
  step 2725  JSR  -26.9  loss 3720.8623  logE[PER] -3313.330  P_det_soft 0.4075  (283s)
  step 2750  JSR  -26.9  loss 3657.5715  logE[PER] -3296.239  P_det_soft 0.3613  (286s)
  step 2775  JSR  -26.8  loss 3672.9482  logE[PER] -3312.743  P_det_soft 0.3602  (288s)
  step 2800  JSR  -26.4  loss 3634.7653  logE[PER] -3264.509  P_det_soft 0.3703  (291s)
  step 2825  JSR  -26.9  loss 3709.8714  logE[PER] -3309.583  P_det_soft 0.4003  (294s)
  step 2850  JSR  -26.8  loss 3652.6539  logE[PER] -3278.148  P_det_soft 0.3745  (296s)
  step 2875  JSR  -26.5  loss 3678.1272  logE[PER] -3287.792  P_det_soft 0.3903  (299s)
  step 2900  JSR  -25.9  loss 3666.4514  logE[PER] -3208.833  P_det_soft 0.4576  (301s)
  step 2925  JSR  -26.3  loss 3709.3179  logE[PER] -3307.919  P_det_soft 0.4014  (304s)
  step 2950  JSR  -26.5  loss 3650.3915  logE[PER] -3275.935  P_det_soft 0.3745  (307s)
  step 2975  JSR  -26.9  loss 3700.8422  logE[PER] -3293.451  P_det_soft 0.4074  (309s)
  step 3000  JSR  -26.8  loss 3649.4361  logE[PER] -3309.890  P_det_soft 0.3395  (312s)
  step 3025  JSR  -26.9  loss 3683.6942  logE[PER] -3310.957  P_det_soft 0.3727  (314s)
  step 3050  JSR  -26.8  loss 3654.0639  logE[PER] -3296.452  P_det_soft 0.3576  (317s)
  step 3075  JSR  -27.1  loss 3681.0868  logE[PER] -3306.875  P_det_soft 0.3742  (320s)
  step 3100  JSR  -26.9  loss 3739.0340  logE[PER] -3352.711  P_det_soft 0.3863  (322s)
  step 3125  JSR  -27.0  loss 3697.0072  logE[PER] -3304.365  P_det_soft 0.3926  (325s)
  step 3150  JSR  -26.8  loss 3608.3270  logE[PER] -3282.748  P_det_soft 0.3256  (327s)
  step 3175  JSR  -26.9  loss 3678.3922  logE[PER] -3297.908  P_det_soft 0.3805  (330s)
  step 3200  JSR  -26.6  loss 3687.4317  logE[PER] -3253.976  P_det_soft 0.4335  (333s)
  step 3225  JSR  -27.0  loss 3694.2133  logE[PER] -3298.576  P_det_soft 0.3956  (335s)
  step 3250  JSR  -27.0  loss 3710.6587  logE[PER] -3313.061  P_det_soft 0.3976  (338s)
  step 3275  JSR  -27.3  loss 3779.4294  logE[PER] -3364.018  P_det_soft 0.4154  (340s)
  step 3300  JSR  -27.0  loss 3643.6540  logE[PER] -3316.172  P_det_soft 0.3275  (343s)
  step 3325  JSR  -26.8  loss 3676.0008  logE[PER] -3302.897  P_det_soft 0.3731  (346s)
  step 3350  JSR  -26.6  loss 3633.6704  logE[PER] -3283.080  P_det_soft 0.3506  (348s)
  step 3375  JSR  -26.9  loss 3657.1813  logE[PER] -3307.044  P_det_soft 0.3501  (351s)
  step 3400  JSR  -27.0  loss 3670.5119  logE[PER] -3310.107  P_det_soft 0.3604  (353s)
  step 3425  JSR  -26.8  loss 3612.9854  logE[PER] -3297.315  P_det_soft 0.3157  (356s)
  step 3450  JSR  -26.7  loss 3624.7297  logE[PER] -3285.760  P_det_soft 0.3390  (359s)
  step 3475  JSR  -26.7  loss 3689.8984  logE[PER] -3276.054  P_det_soft 0.4138  (361s)
  step 3500  JSR  -26.5  loss 3675.3539  logE[PER] -3283.821  P_det_soft 0.3915  (364s)
  step 3525  JSR  -26.6  loss 3789.1986  logE[PER] -3380.571  P_det_soft 0.4086  (366s)
  step 3550  JSR  -26.3  loss 3704.4001  logE[PER] -3305.183  P_det_soft 0.3992  (369s)
  step 3575  JSR  -26.7  loss 3617.1585  logE[PER] -3278.136  P_det_soft 0.3390  (372s)
  step 3600  JSR  -26.4  loss 3649.9852  logE[PER] -3282.955  P_det_soft 0.3670  (374s)
  step 3625  JSR  -26.2  loss 3697.2642  logE[PER] -3263.765  P_det_soft 0.4335  (377s)
  step 3650  JSR  -26.3  loss 3675.2059  logE[PER] -3273.314  P_det_soft 0.4019  (379s)
  step 3675  JSR  -26.2  loss 3696.0155  logE[PER] -3278.703  P_det_soft 0.4173  (382s)
  step 3700  JSR  -26.2  loss 3666.1973  logE[PER] -3252.618  P_det_soft 0.4136  (385s)
  step 3725  JSR  -26.0  loss 3654.9478  logE[PER] -3222.021  P_det_soft 0.4329  (387s)
  step 3750  JSR  -26.3  loss 3649.1211  logE[PER] -3264.143  P_det_soft 0.3850  (390s)
  step 3775  JSR  -26.2  loss 3627.2068  logE[PER] -3233.258  P_det_soft 0.3939  (392s)
  step 3800  JSR  -26.5  loss 3631.7911  logE[PER] -3256.496  P_det_soft 0.3753  (395s)
  step 3825  JSR  -26.8  loss 3786.6720  logE[PER] -3356.781  P_det_soft 0.4299  (398s)
  step 3850  JSR  -26.3  loss 3672.1902  logE[PER] -3259.451  P_det_soft 0.4127  (400s)
  step 3875  JSR  -26.1  loss 3652.7727  logE[PER] -3243.860  P_det_soft 0.4089  (403s)
  step 3900  JSR  -26.3  loss 3660.0154  logE[PER] -3253.326  P_det_soft 0.4067  (405s)
  step 3925  JSR  -26.6  loss 3643.8436  logE[PER] -3281.342  P_det_soft 0.3625  (408s)
  step 3950  JSR  -26.3  loss 3704.4709  logE[PER] -3283.219  P_det_soft 0.4213  (411s)
  step 3975  JSR  -26.4  loss 3666.2033  logE[PER] -3304.452  P_det_soft 0.3618  (413s)
  step 3999  JSR  -26.1  loss 3646.7535  logE[PER] -3236.843  P_det_soft 0.4099  (416s)
wrote task16_G.pt, task16.json  (tag spec_cnn_b1000)
