node: tikgpu04.ee.ethz.ch | gpu: NVIDIA TITAN RTX
task 14 = {'target': 'spec_cnn', 'beta': 10.0}  (tag spec_cnn_b10, 32 frames/step, JSR band (-48.0, -16.0))
  target spec_cnn: threshold -3.17573, clean-frame std 0.940603 (soft_pdet width)
  step    0  JSR  -20.4  loss 3138.0034  logE[BER] -3128.023  P_det_soft 0.9980  (1s)
  step   25  JSR  -33.7  loss 3162.2776  logE[BER] -3160.188  P_det_soft 0.2090  (3s)
  step   50  JSR  -19.1  loss 529.3227  logE[BER] -519.350  P_det_soft 0.9973  (5s)
  step   75  JSR  -16.4  loss 59.4843  logE[BER] -49.491  P_det_soft 0.9993  (8s)
  step  100  JSR  -40.0  loss 3589.3950  logE[BER] -3587.394  P_det_soft 0.2001  (10s)
  step  125  JSR  -46.2  loss 3822.5846  logE[BER] -3820.930  P_det_soft 0.1655  (12s)
  step  150  JSR  -46.0  loss 3784.7023  logE[BER] -3782.949  P_det_soft 0.1754  (15s)
  step  175  JSR  -32.5  loss 3074.5747  logE[BER] -3070.400  P_det_soft 0.4175  (17s)
  step  200  JSR  -17.4  loss 318.8045  logE[BER] -308.820  P_det_soft 0.9985  (19s)
  step  225  JSR  -47.6  loss 3821.4855  logE[BER] -3819.621  P_det_soft 0.1865  (22s)
  step  250  JSR  -47.4  loss 3814.3106  logE[BER] -3811.827  P_det_soft 0.2484  (24s)
  step  275  JSR  -23.9  loss 1510.3767  logE[BER] -1500.917  P_det_soft 0.9460  (26s)
  step  300  JSR  -44.3  loss 3734.8528  logE[BER] -3732.719  P_det_soft 0.2134  (29s)
  step  325  JSR  -30.5  loss 2684.2789  logE[BER] -2680.058  P_det_soft 0.4221  (31s)
  step  350  JSR  -37.6  loss 3381.5402  logE[BER] -3379.741  P_det_soft 0.1799  (33s)
  step  375  JSR  -25.6  loss 1949.0896  logE[BER] -1940.424  P_det_soft 0.8666  (36s)
  step  400  JSR  -43.1  loss 3699.4934  logE[BER] -3697.473  P_det_soft 0.2021  (38s)
  step  425  JSR  -47.1  loss 3815.1995  logE[BER] -3813.646  P_det_soft 0.1554  (40s)
  step  450  JSR  -43.7  loss 3699.4975  logE[BER] -3697.707  P_det_soft 0.1791  (43s)
  step  475  JSR  -28.2  loss 2237.8899  logE[BER] -2231.173  P_det_soft 0.6717  (45s)
  step  500  JSR  -34.7  loss 3088.3498  logE[BER] -3085.156  P_det_soft 0.3194  (47s)
  step  525  JSR  -42.3  loss 3645.5560  logE[BER] -3643.549  P_det_soft 0.2007  (50s)
  step  550  JSR  -21.9  loss 809.8104  logE[BER] -799.961  P_det_soft 0.9850  (52s)
  step  575  JSR  -47.8  loss 3778.7178  logE[BER] -3776.970  P_det_soft 0.1748  (54s)
  step  600  JSR  -22.6  loss 685.0958  logE[BER] -675.236  P_det_soft 0.9860  (57s)
  step  625  JSR  -41.9  loss 3615.7294  logE[BER] -3613.699  P_det_soft 0.2031  (59s)
  step  650  JSR  -39.8  loss 3503.9145  logE[BER] -3501.993  P_det_soft 0.1921  (62s)
  step  675  JSR  -27.5  loss 2135.8056  logE[BER] -2129.056  P_det_soft 0.6750  (64s)
  step  700  JSR  -26.0  loss 1660.3472  logE[BER] -1651.827  P_det_soft 0.8520  (66s)
  step  725  JSR  -20.7  loss 489.2787  logE[BER] -479.360  P_det_soft 0.9919  (69s)
  step  750  JSR  -25.3  loss 1226.2483  logE[BER] -1217.843  P_det_soft 0.8405  (71s)
  step  775  JSR  -27.6  loss 1834.0626  logE[BER] -1827.522  P_det_soft 0.6540  (74s)
  step  800  JSR  -29.0  loss 2154.4866  logE[BER] -2148.747  P_det_soft 0.5739  (76s)
  step  825  JSR  -22.1  loss 563.7020  logE[BER] -553.943  P_det_soft 0.9759  (78s)
  step  850  JSR  -29.2  loss 2110.7103  logE[BER] -2105.923  P_det_soft 0.4788  (81s)
  step  875  JSR  -31.5  loss 2462.1306  logE[BER] -2457.982  P_det_soft 0.4148  (83s)
  step  900  JSR  -36.3  loss 3211.8111  logE[BER] -3210.111  P_det_soft 0.1700  (86s)
  step  925  JSR  -16.3  loss 17.2100  logE[BER] -7.220  P_det_soft 0.9990  (88s)
  step  950  JSR  -43.5  loss 3638.1854  logE[BER] -3636.289  P_det_soft 0.1897  (90s)
  step  975  JSR  -22.4  loss 419.3362  logE[BER] -409.564  P_det_soft 0.9772  (93s)
  step 1000  JSR  -44.0  loss 3605.9941  logE[BER] -3604.287  P_det_soft 0.1707  (95s)
  step 1025  JSR  -42.7  loss 3550.3072  logE[BER] -3548.867  P_det_soft 0.1440  (98s)
  step 1050  JSR  -35.5  loss 2935.1658  logE[BER] -2932.837  P_det_soft 0.2329  (100s)
  step 1075  JSR  -35.0  loss 3007.7991  logE[BER] -3005.455  P_det_soft 0.2344  (103s)
  step 1100  JSR  -46.8  loss 3707.3817  logE[BER] -3706.062  P_det_soft 0.1320  (105s)
  step 1125  JSR  -38.3  loss 3253.8876  logE[BER] -3251.772  P_det_soft 0.2116  (107s)
  step 1150  JSR  -26.9  loss 1287.2796  logE[BER] -1280.076  P_det_soft 0.7204  (110s)
  step 1175  JSR  -29.4  loss 1717.8208  logE[BER] -1713.064  P_det_soft 0.4757  (112s)
  step 1200  JSR  -25.8  loss 1421.7837  logE[BER] -1413.562  P_det_soft 0.8222  (115s)
  step 1225  JSR  -28.6  loss 1915.2771  logE[BER] -1910.002  P_det_soft 0.5275  (117s)
  step 1250  JSR  -24.6  loss 1129.1254  logE[BER] -1120.469  P_det_soft 0.8657  (120s)
  step 1275  JSR  -17.8  loss 18.2839  logE[BER] -8.305  P_det_soft 0.9979  (122s)
  step 1300  JSR  -39.4  loss 3343.2966  logE[BER] -3341.253  P_det_soft 0.2043  (125s)
  step 1325  JSR  -21.3  loss 86.5199  logE[BER] -76.723  P_det_soft 0.9797  (127s)
  step 1350  JSR  -25.9  loss 1092.7623  logE[BER] -1085.393  P_det_soft 0.7369  (129s)
  step 1375  JSR  -43.2  loss 3561.6667  logE[BER] -3559.980  P_det_soft 0.1687  (132s)
  step 1400  JSR  -19.0  loss 35.3676  logE[BER] -25.424  P_det_soft 0.9944  (134s)
  step 1425  JSR  -17.1  loss 17.0316  logE[BER] -7.074  P_det_soft 0.9957  (137s)
  step 1450  JSR  -19.8  loss 18.9316  logE[BER] -9.011  P_det_soft 0.9921  (139s)
  step 1475  JSR  -33.8  loss 2531.2324  logE[BER] -2528.718  P_det_soft 0.2514  (142s)
  step 1500  JSR  -25.3  loss 715.6957  logE[BER] -707.662  P_det_soft 0.8034  (144s)
  step 1525  JSR  -42.4  loss 3461.9620  logE[BER] -3460.004  P_det_soft 0.1958  (147s)
  step 1550  JSR  -17.3  loss 16.9128  logE[BER] -6.937  P_det_soft 0.9976  (149s)
  step 1575  JSR  -28.7  loss 1139.2431  logE[BER] -1135.553  P_det_soft 0.3690  (152s)
  step 1600  JSR  -34.3  loss 2392.1348  logE[BER] -2389.251  P_det_soft 0.2884  (154s)
  step 1625  JSR  -28.1  loss 1233.2362  logE[BER] -1228.456  P_det_soft 0.4780  (156s)
  step 1650  JSR  -29.0  loss 1790.8897  logE[BER] -1786.048  P_det_soft 0.4842  (159s)
  step 1675  JSR  -39.9  loss 3340.1034  logE[BER] -3338.316  P_det_soft 0.1787  (161s)
  step 1700  JSR  -43.1  loss 3382.0322  logE[BER] -3380.402  P_det_soft 0.1631  (164s)
  step 1725  JSR  -29.7  loss 1505.8570  logE[BER] -1502.307  P_det_soft 0.3550  (166s)
  step 1750  JSR  -24.0  loss 406.8268  logE[BER] -398.566  P_det_soft 0.8261  (169s)
  step 1775  JSR  -46.6  loss 3592.4098  logE[BER] -3590.639  P_det_soft 0.1770  (171s)
  step 1800  JSR  -45.1  loss 3583.0624  logE[BER] -3580.994  P_det_soft 0.2068  (174s)
  step 1825  JSR  -24.6  loss 604.1256  logE[BER] -595.587  P_det_soft 0.8538  (176s)
  step 1850  JSR  -22.9  loss 231.1066  logE[BER] -221.736  P_det_soft 0.9371  (179s)
  step 1875  JSR  -24.8  loss 912.0675  logE[BER] -904.611  P_det_soft 0.7457  (181s)
  step 1900  JSR  -29.5  loss 1949.8505  logE[BER] -1945.074  P_det_soft 0.4777  (184s)
  step 1925  JSR  -23.4  loss 320.4482  logE[BER] -311.264  P_det_soft 0.9184  (186s)
  step 1950  JSR  -22.5  loss 24.8683  logE[BER] -15.822  P_det_soft 0.9047  (189s)
  step 1975  JSR  -39.1  loss 3172.5549  logE[BER] -3170.446  P_det_soft 0.2108  (191s)
  step 2000  JSR  -40.9  loss 3190.7587  logE[BER] -3188.854  P_det_soft 0.1905  (194s)
  step 2025  JSR  -25.1  loss 311.1836  logE[BER] -304.327  P_det_soft 0.6857  (196s)
  step 2050  JSR  -33.5  loss 2438.9080  logE[BER] -2436.439  P_det_soft 0.2469  (198s)
  step 2075  JSR  -25.5  loss 482.9400  logE[BER] -476.682  P_det_soft 0.6258  (201s)
  step 2100  JSR  -42.4  loss 3285.7942  logE[BER] -3283.640  P_det_soft 0.2155  (203s)
  step 2125  JSR  -39.8  loss 3034.6377  logE[BER] -3032.441  P_det_soft 0.2196  (206s)
  step 2150  JSR  -20.1  loss 18.8844  logE[BER] -9.011  P_det_soft 0.9874  (208s)
  step 2175  JSR  -32.2  loss 1974.9515  logE[BER] -1972.280  P_det_soft 0.2672  (211s)
  step 2200  JSR  -31.4  loss 1932.5368  logE[BER] -1928.996  P_det_soft 0.3541  (213s)
  step 2225  JSR  -34.4  loss 2307.4009  logE[BER] -2305.271  P_det_soft 0.2130  (216s)
  step 2250  JSR  -18.5  loss 16.9659  logE[BER] -7.090  P_det_soft 0.9876  (218s)
  step 2275  JSR  -46.6  loss 3601.2552  logE[BER] -3599.519  P_det_soft 0.1737  (221s)
  step 2300  JSR  -42.8  loss 3339.3330  logE[BER] -3337.062  P_det_soft 0.2271  (223s)
  step 2325  JSR  -42.3  loss 3271.0403  logE[BER] -3269.203  P_det_soft 0.1837  (226s)
  step 2350  JSR  -38.3  loss 2853.3239  logE[BER] -2851.604  P_det_soft 0.1720  (228s)
  step 2375  JSR  -31.7  loss 1825.8755  logE[BER] -1822.755  P_det_soft 0.3121  (231s)
  step 2400  JSR  -23.5  loss 26.0046  logE[BER] -18.576  P_det_soft 0.7429  (233s)
  step 2425  JSR  -17.8  loss 16.4466  logE[BER] -6.560  P_det_soft 0.9886  (236s)
  step 2450  JSR  -16.5  loss 16.2944  logE[BER] -6.370  P_det_soft 0.9924  (238s)
  step 2475  JSR  -16.3  loss 15.9598  logE[BER] -6.066  P_det_soft 0.9893  (241s)
  step 2500  JSR  -17.3  loss 16.2355  logE[BER] -6.372  P_det_soft 0.9864  (243s)
  step 2525  JSR  -39.4  loss 2999.0280  logE[BER] -2996.589  P_det_soft 0.2439  (246s)
  step 2550  JSR  -35.9  loss 2351.7497  logE[BER] -2349.481  P_det_soft 0.2269  (248s)
  step 2575  JSR  -28.7  loss 990.3159  logE[BER] -986.432  P_det_soft 0.3883  (251s)
  step 2600  JSR  -42.0  loss 3255.7441  logE[BER] -3254.100  P_det_soft 0.1644  (253s)
  step 2625  JSR  -18.1  loss 16.0463  logE[BER] -6.512  P_det_soft 0.9534  (255s)
  step 2650  JSR  -47.5  loss 3559.0525  logE[BER] -3557.209  P_det_soft 0.1844  (258s)
  step 2675  JSR  -32.7  loss 2073.6723  logE[BER] -2071.100  P_det_soft 0.2572  (260s)
  step 2700  JSR  -45.8  loss 3479.5052  logE[BER] -3477.863  P_det_soft 0.1642  (263s)
  step 2725  JSR  -42.3  loss 3200.8710  logE[BER] -3199.191  P_det_soft 0.1680  (265s)
  step 2750  JSR  -28.0  loss 828.5407  logE[BER] -824.999  P_det_soft 0.3541  (268s)
  step 2775  JSR  -37.8  loss 2741.9965  logE[BER] -2740.536  P_det_soft 0.1460  (270s)
  step 2800  JSR  -36.9  loss 2576.1889  logE[BER] -2574.165  P_det_soft 0.2024  (273s)
  step 2825  JSR  -32.8  loss 2037.6150  logE[BER] -2035.715  P_det_soft 0.1900  (275s)
  step 2850  JSR  -40.0  loss 3033.7980  logE[BER] -3032.332  P_det_soft 0.1466  (278s)
  step 2875  JSR  -19.4  loss 15.4983  logE[BER] -6.635  P_det_soft 0.8863  (280s)
  step 2900  JSR  -37.1  loss 2676.0764  logE[BER] -2673.653  P_det_soft 0.2423  (283s)
  step 2925  JSR  -44.5  loss 3345.6092  logE[BER] -3343.794  P_det_soft 0.1815  (285s)
  step 2950  JSR  -16.7  loss 16.0162  logE[BER] -6.084  P_det_soft 0.9933  (288s)
  step 2975  JSR  -44.8  loss 3395.3472  logE[BER] -3393.711  P_det_soft 0.1637  (290s)
  step 3000  JSR  -21.2  loss 16.0149  logE[BER] -7.253  P_det_soft 0.8762  (293s)
  step 3025  JSR  -23.2  loss 16.6271  logE[BER] -8.837  P_det_soft 0.7790  (295s)
  step 3050  JSR  -27.5  loss 761.2438  logE[BER] -756.303  P_det_soft 0.4941  (298s)
  step 3075  JSR  -23.1  loss 20.5760  logE[BER] -13.267  P_det_soft 0.7309  (300s)
  step 3100  JSR  -34.9  loss 2225.3249  logE[BER] -2223.417  P_det_soft 0.1908  (303s)
  step 3125  JSR  -19.8  loss 15.8201  logE[BER] -6.648  P_det_soft 0.9172  (305s)
  step 3150  JSR  -41.0  loss 3059.9247  logE[BER] -3057.736  P_det_soft 0.2189  (308s)
  step 3175  JSR  -25.5  loss 207.7612  logE[BER] -202.982  P_det_soft 0.4779  (310s)
  step 3200  JSR  -42.0  loss 3161.6750  logE[BER] -3160.174  P_det_soft 0.1501  (313s)
  step 3225  JSR  -33.0  loss 1871.8445  logE[BER] -1869.476  P_det_soft 0.2369  (315s)
  step 3250  JSR  -17.1  loss 15.4740  logE[BER] -5.715  P_det_soft 0.9759  (317s)
  step 3275  JSR  -47.9  loss 3551.7181  logE[BER] -3550.227  P_det_soft 0.1491  (320s)
  step 3300  JSR  -44.0  loss 3344.3585  logE[BER] -3342.524  P_det_soft 0.1835  (322s)
  step 3325  JSR  -37.2  loss 2529.2034  logE[BER] -2527.330  P_det_soft 0.1874  (325s)
  step 3350  JSR  -33.2  loss 1921.2433  logE[BER] -1919.462  P_det_soft 0.1781  (327s)
  step 3375  JSR  -26.8  loss 450.4180  logE[BER] -446.139  P_det_soft 0.4279  (330s)
  step 3400  JSR  -25.9  loss 307.3673  logE[BER] -302.695  P_det_soft 0.4672  (332s)
  step 3425  JSR  -29.9  loss 1103.9760  logE[BER] -1100.676  P_det_soft 0.3300  (335s)
  step 3450  JSR  -27.9  loss 689.0806  logE[BER] -685.726  P_det_soft 0.3354  (337s)
  step 3475  JSR  -29.5  loss 1146.6347  logE[BER] -1143.645  P_det_soft 0.2989  (340s)
  step 3500  JSR  -29.2  loss 1002.4368  logE[BER] -999.929  P_det_soft 0.2508  (342s)
  step 3525  JSR  -16.3  loss 15.9344  logE[BER] -6.066  P_det_soft 0.9869  (345s)
  step 3550  JSR  -40.1  loss 2935.1148  logE[BER] -2933.399  P_det_soft 0.1716  (347s)
  step 3575  JSR  -26.3  loss 369.0590  logE[BER] -364.868  P_det_soft 0.4191  (350s)
  step 3600  JSR  -19.8  loss 15.2774  logE[BER] -6.247  P_det_soft 0.9030  (352s)
  step 3625  JSR  -34.4  loss 2082.8077  logE[BER] -2081.105  P_det_soft 0.1702  (355s)
  step 3650  JSR  -43.2  loss 3244.9106  logE[BER] -3243.541  P_det_soft 0.1370  (357s)
  step 3675  JSR  -24.6  loss 102.0024  logE[BER] -97.097  P_det_soft 0.4905  (360s)
  step 3700  JSR  -26.9  loss 401.3391  logE[BER] -396.834  P_det_soft 0.4505  (362s)
  step 3725  JSR  -33.3  loss 1969.7455  logE[BER] -1967.682  P_det_soft 0.2064  (365s)
  step 3750  JSR  -16.4  loss 15.7556  logE[BER] -6.073  P_det_soft 0.9683  (367s)
  step 3775  JSR  -38.2  loss 2707.8141  logE[BER] -2706.166  P_det_soft 0.1648  (370s)
  step 3800  JSR  -46.6  loss 3494.1786  logE[BER] -3492.297  P_det_soft 0.1881  (372s)
  step 3825  JSR  -44.1  loss 3337.8977  logE[BER] -3336.183  P_det_soft 0.1715  (375s)
  step 3850  JSR  -19.2  loss 14.8582  logE[BER] -6.015  P_det_soft 0.8843  (377s)
  step 3875  JSR  -29.6  loss 1060.8480  logE[BER] -1058.094  P_det_soft 0.2754  (380s)
  step 3900  JSR  -22.8  loss 12.2503  logE[BER] -7.463  P_det_soft 0.4788  (382s)
  step 3925  JSR  -41.7  loss 3135.3410  logE[BER] -3133.333  P_det_soft 0.2008  (385s)
  step 3950  JSR  -35.3  loss 2266.5900  logE[BER] -2264.448  P_det_soft 0.2142  (387s)
  step 3975  JSR  -32.8  loss 1788.1398  logE[BER] -1785.406  P_det_soft 0.2733  (390s)
  step 3999  JSR  -46.6  loss 3468.6418  logE[BER] -3466.681  P_det_soft 0.1961  (392s)
wrote task14_G.pt, task14.json  (tag spec_cnn_b10)
