node: tikgpu07.ee.ethz.ch | gpu: NVIDIA GeForce RTX 3090
task 14 = {'target': 'spec_cnn', 'beta': 10.0}  (tag spec_cnn_b10, 32 frames/step, JSR band (-48.0, -16.0))
  target spec_cnn: threshold -3.17573, clean-frame std 0.949107 (soft_pdet width)
  step    0  JSR  -20.4  loss 3142.9681  logE[BER] -3132.991  P_det_soft 0.9977  (1s)
  step   25  JSR  -33.7  loss 3197.2410  logE[BER] -3194.155  P_det_soft 0.3086  (3s)
  step   50  JSR  -19.1  loss 606.1318  logE[BER] -596.159  P_det_soft 0.9973  (4s)
  step   75  JSR  -16.4  loss 58.2625  logE[BER] -48.276  P_det_soft 0.9987  (6s)
  step  100  JSR  -40.0  loss 3613.5997  logE[BER] -3611.750  P_det_soft 0.1850  (8s)
  step  125  JSR  -46.2  loss 3833.7003  logE[BER] -3831.950  P_det_soft 0.1750  (9s)
  step  150  JSR  -46.0  loss 3801.1031  logE[BER] -3799.463  P_det_soft 0.1640  (11s)
  step  175  JSR  -32.5  loss 3114.3224  logE[BER] -3110.270  P_det_soft 0.4053  (12s)
  step  200  JSR  -17.4  loss 350.9833  logE[BER] -341.000  P_det_soft 0.9983  (14s)
  step  225  JSR  -47.6  loss 3819.5518  logE[BER] -3817.739  P_det_soft 0.1813  (16s)
  step  250  JSR  -47.4  loss 3826.7663  logE[BER] -3824.553  P_det_soft 0.2213  (17s)
  step  275  JSR  -23.9  loss 1279.2891  logE[BER] -1269.777  P_det_soft 0.9512  (19s)
  step  300  JSR  -44.3  loss 3748.8344  logE[BER] -3746.994  P_det_soft 0.1841  (20s)
  step  325  JSR  -30.5  loss 2853.1524  logE[BER] -2849.087  P_det_soft 0.4066  (22s)
  step  350  JSR  -37.6  loss 3398.4834  logE[BER] -3396.315  P_det_soft 0.2168  (24s)
  step  375  JSR  -25.6  loss 1712.8255  logE[BER] -1704.345  P_det_soft 0.8480  (25s)
  step  400  JSR  -43.1  loss 3624.7704  logE[BER] -3622.735  P_det_soft 0.2035  (27s)
  step  425  JSR  -47.1  loss 3803.1549  logE[BER] -3801.386  P_det_soft 0.1769  (28s)
  step  450  JSR  -43.7  loss 3641.1957  logE[BER] -3638.970  P_det_soft 0.2226  (30s)
  step  475  JSR  -28.2  loss 2164.8982  logE[BER] -2158.945  P_det_soft 0.5953  (31s)
  step  500  JSR  -34.7  loss 3048.3393  logE[BER] -3045.864  P_det_soft 0.2476  (33s)
  step  525  JSR  -42.3  loss 3538.9611  logE[BER] -3537.104  P_det_soft 0.1857  (35s)
  step  550  JSR  -21.9  loss 1042.7900  logE[BER] -1032.950  P_det_soft 0.9840  (36s)
  step  575  JSR  -47.8  loss 3791.5176  logE[BER] -3790.008  P_det_soft 0.1510  (38s)
  step  600  JSR  -22.6  loss 723.3526  logE[BER] -713.607  P_det_soft 0.9745  (39s)
  step  625  JSR  -41.9  loss 3538.0237  logE[BER] -3536.192  P_det_soft 0.1832  (41s)
  step  650  JSR  -39.8  loss 3382.8916  logE[BER] -3380.845  P_det_soft 0.2047  (43s)
  step  675  JSR  -27.5  loss 1574.6009  logE[BER] -1568.874  P_det_soft 0.5727  (44s)
  step  700  JSR  -26.0  loss 1754.5901  logE[BER] -1746.484  P_det_soft 0.8106  (46s)
  step  725  JSR  -20.7  loss 369.4672  logE[BER] -359.573  P_det_soft 0.9895  (47s)
  step  750  JSR  -25.3  loss 1202.9143  logE[BER] -1194.354  P_det_soft 0.8560  (49s)
  step  775  JSR  -27.6  loss 1812.8985  logE[BER] -1807.694  P_det_soft 0.5204  (51s)
  step  800  JSR  -29.0  loss 1961.6190  logE[BER] -1956.326  P_det_soft 0.5293  (52s)
  step  825  JSR  -22.1  loss 549.0200  logE[BER] -539.198  P_det_soft 0.9822  (54s)
  step  850  JSR  -29.2  loss 2082.6827  logE[BER] -2078.601  P_det_soft 0.4082  (56s)
  step  875  JSR  -31.5  loss 2301.5936  logE[BER] -2297.999  P_det_soft 0.3595  (57s)
  step  900  JSR  -36.3  loss 3111.5584  logE[BER] -3109.492  P_det_soft 0.2066  (59s)
  step  925  JSR  -16.3  loss 16.8080  logE[BER] -6.824  P_det_soft 0.9985  (60s)
  step  950  JSR  -43.5  loss 3573.4486  logE[BER] -3571.739  P_det_soft 0.1710  (62s)
  step  975  JSR  -22.4  loss 508.2305  logE[BER] -498.557  P_det_soft 0.9674  (64s)
  step 1000  JSR  -44.0  loss 3606.2968  logE[BER] -3604.371  P_det_soft 0.1926  (65s)
  step 1025  JSR  -42.7  loss 3447.6309  logE[BER] -3446.158  P_det_soft 0.1473  (67s)
  step 1050  JSR  -35.5  loss 2816.2190  logE[BER] -2814.111  P_det_soft 0.2108  (68s)
  step 1075  JSR  -35.0  loss 2952.2924  logE[BER] -2950.227  P_det_soft 0.2066  (70s)
  step 1100  JSR  -46.8  loss 3641.2395  logE[BER] -3639.785  P_det_soft 0.1454  (72s)
  step 1125  JSR  -38.3  loss 3011.3248  logE[BER] -3009.279  P_det_soft 0.2046  (73s)
  step 1150  JSR  -26.9  loss 1170.7872  logE[BER] -1165.114  P_det_soft 0.5674  (75s)
  step 1175  JSR  -29.4  loss 1566.2304  logE[BER] -1562.690  P_det_soft 0.3540  (76s)
  step 1200  JSR  -25.8  loss 744.0587  logE[BER] -738.262  P_det_soft 0.5797  (78s)
  step 1225  JSR  -28.6  loss 1487.4828  logE[BER] -1484.087  P_det_soft 0.3396  (80s)
  step 1250  JSR  -24.6  loss 600.6405  logE[BER] -592.531  P_det_soft 0.8110  (81s)
  step 1275  JSR  -17.8  loss 16.5119  logE[BER] -6.542  P_det_soft 0.9970  (83s)
  step 1300  JSR  -39.4  loss 3102.5748  logE[BER] -3100.593  P_det_soft 0.1982  (85s)
  step 1325  JSR  -21.3  loss 18.0793  logE[BER] -8.561  P_det_soft 0.9518  (86s)
  step 1350  JSR  -25.9  loss 514.5809  logE[BER] -509.965  P_det_soft 0.4616  (88s)
  step 1375  JSR  -43.2  loss 3358.1762  logE[BER] -3356.594  P_det_soft 0.1582  (89s)
  step 1400  JSR  -19.0  loss 16.5496  logE[BER] -6.739  P_det_soft 0.9810  (91s)
  step 1425  JSR  -17.1  loss 16.0628  logE[BER] -6.121  P_det_soft 0.9942  (93s)
  step 1450  JSR  -19.8  loss 16.7049  logE[BER] -7.127  P_det_soft 0.9578  (94s)
  step 1475  JSR  -33.8  loss 2276.1721  logE[BER] -2274.120  P_det_soft 0.2052  (96s)
  step 1500  JSR  -25.3  loss 365.8320  logE[BER] -360.812  P_det_soft 0.5020  (97s)
  step 1525  JSR  -42.4  loss 3244.7744  logE[BER] -3242.647  P_det_soft 0.2127  (99s)
  step 1550  JSR  -17.3  loss 15.7827  logE[BER] -5.928  P_det_soft 0.9854  (101s)
  step 1575  JSR  -28.7  loss 1084.5563  logE[BER] -1081.754  P_det_soft 0.2802  (102s)
  step 1600  JSR  -34.3  loss 2182.3357  logE[BER] -2179.901  P_det_soft 0.2434  (104s)
  step 1625  JSR  -28.1  loss 979.8883  logE[BER] -977.585  P_det_soft 0.2303  (106s)
  step 1650  JSR  -29.0  loss 993.1449  logE[BER] -990.617  P_det_soft 0.2528  (107s)
  step 1675  JSR  -39.9  loss 2997.7112  logE[BER] -2995.959  P_det_soft 0.1753  (109s)
  step 1700  JSR  -43.1  loss 3268.0394  logE[BER] -3266.258  P_det_soft 0.1782  (110s)
  step 1725  JSR  -29.7  loss 1173.4994  logE[BER] -1171.255  P_det_soft 0.2244  (112s)
  step 1750  JSR  -24.0  loss 90.5938  logE[BER] -86.008  P_det_soft 0.4586  (114s)
  step 1775  JSR  -46.6  loss 3506.1452  logE[BER] -3503.997  P_det_soft 0.2148  (115s)
  step 1800  JSR  -45.1  loss 3401.2365  logE[BER] -3399.556  P_det_soft 0.1680  (117s)
  step 1825  JSR  -24.6  loss 100.4492  logE[BER] -96.887  P_det_soft 0.3562  (118s)
  step 1850  JSR  -22.9  loss 13.3128  logE[BER] -8.318  P_det_soft 0.4995  (120s)
  step 1875  JSR  -24.8  loss 205.5885  logE[BER] -201.431  P_det_soft 0.4157  (122s)
  step 1900  JSR  -29.5  loss 1330.8179  logE[BER] -1328.281  P_det_soft 0.2537  (123s)
  step 1925  JSR  -23.4  loss 16.3346  logE[BER] -12.051  P_det_soft 0.4284  (125s)
  step 1950  JSR  -22.5  loss 12.7601  logE[BER] -7.220  P_det_soft 0.5540  (127s)
  step 1975  JSR  -39.1  loss 2814.6702  logE[BER] -2812.992  P_det_soft 0.1679  (128s)
  step 2000  JSR  -40.9  loss 3099.1299  logE[BER] -3097.792  P_det_soft 0.1337  (130s)
  step 2025  JSR  -25.1  loss 295.5815  logE[BER] -291.651  P_det_soft 0.3931  (131s)
  step 2050  JSR  -33.5  loss 1927.4430  logE[BER] -1925.924  P_det_soft 0.1519  (133s)
  step 2075  JSR  -25.5  loss 267.8417  logE[BER] -264.672  P_det_soft 0.3170  (135s)
  step 2100  JSR  -42.4  loss 3280.7525  logE[BER] -3279.136  P_det_soft 0.1617  (136s)
  step 2125  JSR  -39.8  loss 2898.6812  logE[BER] -2896.577  P_det_soft 0.2105  (138s)
  step 2150  JSR  -20.1  loss 13.0722  logE[BER] -6.384  P_det_soft 0.6689  (139s)
  step 2175  JSR  -32.2  loss 1676.2040  logE[BER] -1674.186  P_det_soft 0.2018  (141s)
  step 2200  JSR  -31.4  loss 1425.7816  logE[BER] -1423.283  P_det_soft 0.2499  (143s)
  step 2225  JSR  -34.4  loss 2185.9991  logE[BER] -2184.314  P_det_soft 0.1685  (144s)
  step 2250  JSR  -18.5  loss 14.7107  logE[BER] -6.067  P_det_soft 0.8644  (146s)
  step 2275  JSR  -46.6  loss 3498.6614  logE[BER] -3496.969  P_det_soft 0.1692  (148s)
  step 2300  JSR  -42.8  loss 3232.1632  logE[BER] -3229.943  P_det_soft 0.2221  (149s)
  step 2325  JSR  -42.3  loss 3149.8237  logE[BER] -3147.976  P_det_soft 0.1848  (151s)
  step 2350  JSR  -38.3  loss 2713.8913  logE[BER] -2712.477  P_det_soft 0.1414  (152s)
  step 2375  JSR  -31.7  loss 1551.8707  logE[BER] -1549.788  P_det_soft 0.2082  (154s)
  step 2400  JSR  -23.5  loss 15.5451  logE[BER] -10.475  P_det_soft 0.5070  (156s)
  step 2425  JSR  -17.8  loss 13.9568  logE[BER] -5.840  P_det_soft 0.8117  (157s)
  step 2450  JSR  -16.5  loss 15.2420  logE[BER] -5.817  P_det_soft 0.9425  (159s)
  step 2475  JSR  -16.3  loss 14.8969  logE[BER] -5.875  P_det_soft 0.9021  (161s)
  step 2500  JSR  -17.3  loss 14.9239  logE[BER] -6.234  P_det_soft 0.8690  (162s)
  step 2525  JSR  -39.4  loss 2914.1242  logE[BER] -2912.554  P_det_soft 0.1571  (164s)
  step 2550  JSR  -35.9  loss 2349.1639  logE[BER] -2347.335  P_det_soft 0.1828  (165s)
  step 2575  JSR  -28.7  loss 827.3550  logE[BER] -824.701  P_det_soft 0.2654  (167s)
  step 2600  JSR  -42.0  loss 3131.8046  logE[BER] -3130.340  P_det_soft 0.1464  (169s)
  step 2625  JSR  -18.1  loss 14.8530  logE[BER] -6.350  P_det_soft 0.8503  (170s)
  step 2650  JSR  -47.5  loss 3566.5780  logE[BER] -3565.036  P_det_soft 0.1542  (172s)
  step 2675  JSR  -32.7  loss 1706.7154  logE[BER] -1704.859  P_det_soft 0.1856  (173s)
  step 2700  JSR  -45.8  loss 3443.1831  logE[BER] -3441.534  P_det_soft 0.1649  (175s)
  step 2725  JSR  -42.3  loss 3149.7476  logE[BER] -3147.697  P_det_soft 0.2051  (177s)
  step 2750  JSR  -28.0  loss 645.7576  logE[BER] -643.612  P_det_soft 0.2145  (178s)
  step 2775  JSR  -37.8  loss 2635.3357  logE[BER] -2633.908  P_det_soft 0.1428  (180s)
  step 2800  JSR  -36.9  loss 2493.1232  logE[BER] -2491.527  P_det_soft 0.1596  (182s)
  step 2825  JSR  -32.8  loss 1739.7500  logE[BER] -1738.182  P_det_soft 0.1568  (183s)
  step 2850  JSR  -40.0  loss 2965.8830  logE[BER] -2964.325  P_det_soft 0.1558  (185s)
  step 2875  JSR  -19.4  loss 13.2062  logE[BER] -6.602  P_det_soft 0.6604  (186s)
  step 2900  JSR  -37.1  loss 2507.2402  logE[BER] -2504.982  P_det_soft 0.2258  (188s)
  step 2925  JSR  -44.5  loss 3329.5383  logE[BER] -3327.909  P_det_soft 0.1629  (190s)
  step 2950  JSR  -16.7  loss 14.9274  logE[BER] -6.087  P_det_soft 0.8841  (191s)
  step 2975  JSR  -44.8  loss 3351.6507  logE[BER] -3350.058  P_det_soft 0.1593  (193s)
  step 3000  JSR  -21.2  loss 12.0091  logE[BER] -6.845  P_det_soft 0.5164  (195s)
  step 3025  JSR  -23.2  loss 28.6112  logE[BER] -24.284  P_det_soft 0.4327  (196s)
  step 3050  JSR  -27.5  loss 567.8873  logE[BER] -565.245  P_det_soft 0.2643  (198s)
  step 3075  JSR  -23.1  loss 11.0543  logE[BER] -7.682  P_det_soft 0.3372  (199s)
  step 3100  JSR  -34.9  loss 2199.6917  logE[BER] -2198.126  P_det_soft 0.1566  (201s)
  step 3125  JSR  -19.8  loss 12.7094  logE[BER] -6.358  P_det_soft 0.6351  (203s)
  step 3150  JSR  -41.0  loss 3011.9627  logE[BER] -3010.109  P_det_soft 0.1854  (204s)
  step 3175  JSR  -25.5  loss 206.0261  logE[BER] -203.579  P_det_soft 0.2447  (206s)
  step 3200  JSR  -42.0  loss 3104.3013  logE[BER] -3102.644  P_det_soft 0.1657  (208s)
  step 3225  JSR  -33.0  loss 1844.8286  logE[BER] -1842.505  P_det_soft 0.2323  (209s)
  step 3250  JSR  -17.1  loss 14.4917  logE[BER] -6.177  P_det_soft 0.8314  (211s)
  step 3275  JSR  -47.9  loss 3544.4240  logE[BER] -3542.952  P_det_soft 0.1472  (212s)
  step 3300  JSR  -44.0  loss 3297.0873  logE[BER] -3295.163  P_det_soft 0.1924  (214s)
  step 3325  JSR  -37.2  loss 2585.6387  logE[BER] -2583.937  P_det_soft 0.1702  (216s)
  step 3350  JSR  -33.2  loss 1863.7828  logE[BER] -1861.873  P_det_soft 0.1910  (217s)
  step 3375  JSR  -26.8  loss 464.0115  logE[BER] -461.818  P_det_soft 0.2193  (219s)
  step 3400  JSR  -25.9  loss 231.1912  logE[BER] -227.678  P_det_soft 0.3513  (220s)
  step 3425  JSR  -29.9  loss 1110.8058  logE[BER] -1108.868  P_det_soft 0.1938  (222s)
  step 3450  JSR  -27.9  loss 626.5200  logE[BER] -624.466  P_det_soft 0.2054  (224s)
  step 3475  JSR  -29.5  loss 1174.1418  logE[BER] -1172.277  P_det_soft 0.1865  (225s)
  step 3500  JSR  -29.2  loss 985.1071  logE[BER] -983.536  P_det_soft 0.1571  (227s)
  step 3525  JSR  -16.3  loss 14.6372  logE[BER] -5.918  P_det_soft 0.8719  (229s)
  step 3550  JSR  -40.1  loss 2951.0474  logE[BER] -2949.642  P_det_soft 0.1405  (230s)
  step 3575  JSR  -26.3  loss 281.9047  logE[BER] -279.095  P_det_soft 0.2810  (232s)
  step 3600  JSR  -19.8  loss 12.5326  logE[BER] -6.239  P_det_soft 0.6294  (233s)
  step 3625  JSR  -34.4  loss 2071.6735  logE[BER] -2069.966  P_det_soft 0.1707  (235s)
  step 3650  JSR  -43.2  loss 3218.6917  logE[BER] -3217.326  P_det_soft 0.1366  (237s)
  step 3675  JSR  -24.6  loss 52.5190  logE[BER] -49.573  P_det_soft 0.2946  (238s)
  step 3700  JSR  -26.9  loss 400.6131  logE[BER] -398.053  P_det_soft 0.2560  (240s)
  step 3725  JSR  -33.3  loss 1896.9360  logE[BER] -1895.034  P_det_soft 0.1902  (242s)
  step 3750  JSR  -16.4  loss 14.4369  logE[BER] -5.693  P_det_soft 0.8744  (243s)
  step 3775  JSR  -38.2  loss 2684.9014  logE[BER] -2683.267  P_det_soft 0.1634  (245s)
  step 3800  JSR  -46.6  loss 3458.0601  logE[BER] -3456.028  P_det_soft 0.2032  (246s)
  step 3825  JSR  -44.1  loss 3311.7973  logE[BER] -3310.225  P_det_soft 0.1572  (248s)
  step 3850  JSR  -19.2  loss 12.8425  logE[BER] -6.613  P_det_soft 0.6229  (250s)
  step 3875  JSR  -29.6  loss 1045.1949  logE[BER] -1042.807  P_det_soft 0.2388  (251s)
  step 3900  JSR  -22.8  loss 10.4737  logE[BER] -7.818  P_det_soft 0.2656  (253s)
  step 3925  JSR  -41.7  loss 3090.4717  logE[BER] -3088.572  P_det_soft 0.1900  (255s)
  step 3950  JSR  -35.3  loss 2195.2296  logE[BER] -2193.007  P_det_soft 0.2222  (256s)
  step 3975  JSR  -32.8  loss 1803.2606  logE[BER] -1801.261  P_det_soft 0.1999  (258s)
  step 3999  JSR  -46.6  loss 3482.8966  logE[BER] -3480.990  P_det_soft 0.1907  (259s)
wrote task14_G.pt, task14.json  (tag spec_cnn_b10)
