node: artongpu01.ee.ethz.ch | gpu: NVIDIA GeForce RTX 2080 Ti
task 14 = {'target': 'spec_cnn', 'beta': 10.0}  (tag spec_cnn_b10, 32 frames/step, JSR band (-48.0, -16.0))
  target spec_cnn: threshold -3.15718, clean-frame std 1.06848 (soft_pdet width)
  step    0  JSR  -25.0  loss 3468.3575  logE[BER] -3458.654  P_det_soft 0.9704  (1s)
  step   25  JSR  -27.2  loss 2316.8111  logE[BER] -2309.505  P_det_soft 0.7306  (3s)
  step   50  JSR  -21.0  loss 1203.4559  logE[BER] -1193.514  P_det_soft 0.9942  (6s)
  step   75  JSR  -46.1  loss 3811.8802  logE[BER] -3810.463  P_det_soft 0.1417  (8s)
  step  100  JSR  -36.9  loss 3403.5698  logE[BER] -3401.524  P_det_soft 0.2046  (10s)
  step  125  JSR  -43.8  loss 3743.7692  logE[BER] -3742.166  P_det_soft 0.1603  (13s)
  step  150  JSR  -44.3  loss 3777.5700  logE[BER] -3775.646  P_det_soft 0.1924  (15s)
  step  175  JSR  -22.8  loss 1487.2925  logE[BER] -1477.386  P_det_soft 0.9906  (18s)
  step  200  JSR  -39.5  loss 3527.2239  logE[BER] -3525.628  P_det_soft 0.1596  (20s)
  step  225  JSR  -40.2  loss 3580.7207  logE[BER] -3578.754  P_det_soft 0.1967  (23s)
  step  250  JSR  -26.6  loss 2034.3319  logE[BER] -2025.704  P_det_soft 0.8628  (25s)
  step  275  JSR  -22.0  loss 1077.7196  logE[BER] -1067.863  P_det_soft 0.9857  (28s)
  step  300  JSR  -45.7  loss 3729.7905  logE[BER] -3728.671  P_det_soft 0.1120  (30s)
  step  325  JSR  -45.2  loss 3751.9280  logE[BER] -3750.033  P_det_soft 0.1895  (33s)
  step  350  JSR  -22.6  loss 1327.5506  logE[BER] -1317.778  P_det_soft 0.9773  (35s)
  step  375  JSR  -34.3  loss 3264.5886  logE[BER] -3262.287  P_det_soft 0.2302  (38s)
  step  400  JSR  -25.9  loss 1746.7273  logE[BER] -1738.330  P_det_soft 0.8397  (40s)
  step  425  JSR  -46.2  loss 3760.4625  logE[BER] -3758.758  P_det_soft 0.1704  (43s)
  step  450  JSR  -17.8  loss 26.7583  logE[BER] -16.774  P_det_soft 0.9984  (45s)
  step  475  JSR  -28.5  loss 2053.3653  logE[BER] -2047.548  P_det_soft 0.5818  (48s)
  step  500  JSR  -41.7  loss 3589.3901  logE[BER] -3587.549  P_det_soft 0.1841  (50s)
  step  525  JSR  -34.7  loss 3128.9789  logE[BER] -3125.974  P_det_soft 0.3005  (53s)
  step  550  JSR  -22.9  loss 855.0943  logE[BER] -845.366  P_det_soft 0.9729  (55s)
  step  575  JSR  -21.6  loss 858.2712  logE[BER] -848.358  P_det_soft 0.9913  (58s)
  step  600  JSR  -24.1  loss 1072.6729  logE[BER] -1063.480  P_det_soft 0.9193  (60s)
  step  625  JSR  -16.9  loss 17.1936  logE[BER] -7.211  P_det_soft 0.9983  (63s)
  step  650  JSR  -28.9  loss 2033.5693  logE[BER] -2026.840  P_det_soft 0.6730  (65s)
  step  675  JSR  -24.1  loss 905.7416  logE[BER] -896.589  P_det_soft 0.9153  (68s)
  step  700  JSR  -37.5  loss 3175.1963  logE[BER] -3172.991  P_det_soft 0.2205  (70s)
  step  725  JSR  -22.3  loss 583.1130  logE[BER] -573.418  P_det_soft 0.9695  (73s)
  step  750  JSR  -28.0  loss 1728.8721  logE[BER] -1721.552  P_det_soft 0.7320  (75s)
  step  775  JSR  -16.2  loss 17.2570  logE[BER] -7.269  P_det_soft 0.9988  (78s)
  step  800  JSR  -46.6  loss 3679.8711  logE[BER] -3678.056  P_det_soft 0.1815  (80s)
  step  825  JSR  -16.8  loss 17.1023  logE[BER] -7.125  P_det_soft 0.9977  (83s)
  step  850  JSR  -35.5  loss 2905.6574  logE[BER] -2902.618  P_det_soft 0.3039  (85s)
  step  875  JSR  -32.1  loss 2415.7696  logE[BER] -2412.353  P_det_soft 0.3416  (88s)
  step  900  JSR  -41.4  loss 3363.0883  logE[BER] -3361.453  P_det_soft 0.1635  (90s)
  step  925  JSR  -35.7  loss 2810.9398  logE[BER] -2809.000  P_det_soft 0.1940  (93s)
  step  950  JSR  -30.2  loss 2191.0727  logE[BER] -2187.596  P_det_soft 0.3477  (95s)
  step  975  JSR  -44.2  loss 3542.4323  logE[BER] -3540.894  P_det_soft 0.1538  (98s)
  step 1000  JSR  -34.2  loss 2574.4130  logE[BER] -2572.011  P_det_soft 0.2402  (100s)
  step 1025  JSR  -25.2  loss 922.1056  logE[BER] -913.836  P_det_soft 0.8270  (103s)
  step 1050  JSR  -43.8  loss 3513.0037  logE[BER] -3511.554  P_det_soft 0.1450  (105s)
  step 1075  JSR  -34.3  loss 2530.0081  logE[BER] -2527.723  P_det_soft 0.2285  (108s)
  step 1100  JSR  -47.8  loss 3701.1321  logE[BER] -3699.450  P_det_soft 0.1682  (110s)
  step 1125  JSR  -23.0  loss 256.5214  logE[BER] -247.150  P_det_soft 0.9372  (113s)
  step 1150  JSR  -21.4  loss 51.5878  logE[BER] -41.742  P_det_soft 0.9846  (115s)
  step 1175  JSR  -35.8  loss 2690.7280  logE[BER] -2688.251  P_det_soft 0.2477  (118s)
  step 1200  JSR  -21.7  loss 53.1247  logE[BER] -43.548  P_det_soft 0.9576  (120s)
  step 1225  JSR  -19.9  loss 16.8241  logE[BER] -6.952  P_det_soft 0.9872  (123s)
  step 1250  JSR  -20.2  loss 17.4818  logE[BER] -7.599  P_det_soft 0.9882  (125s)
  step 1275  JSR  -32.9  loss 2182.1794  logE[BER] -2179.670  P_det_soft 0.2509  (128s)
  step 1300  JSR  -24.3  loss 280.3642  logE[BER] -272.425  P_det_soft 0.7939  (131s)
  step 1325  JSR  -30.4  loss 1569.5509  logE[BER] -1567.100  P_det_soft 0.2451  (133s)
  step 1350  JSR  -41.5  loss 3174.8365  logE[BER] -3172.845  P_det_soft 0.1991  (136s)
  step 1375  JSR  -36.2  loss 2622.7073  logE[BER] -2621.127  P_det_soft 0.1581  (138s)
  step 1400  JSR  -32.1  loss 1834.1387  logE[BER] -1831.952  P_det_soft 0.2187  (141s)
  step 1425  JSR  -44.2  loss 3375.5745  logE[BER] -3374.173  P_det_soft 0.1401  (143s)
  step 1450  JSR  -38.7  loss 2958.6182  logE[BER] -2956.599  P_det_soft 0.2019  (146s)
  step 1475  JSR  -36.0  loss 2452.4853  logE[BER] -2450.391  P_det_soft 0.2094  (148s)
  step 1500  JSR  -46.5  loss 3518.0765  logE[BER] -3516.566  P_det_soft 0.1511  (151s)
  step 1525  JSR  -32.2  loss 1839.2599  logE[BER] -1836.643  P_det_soft 0.2617  (153s)
  step 1550  JSR  -46.5  loss 3505.7020  logE[BER] -3504.175  P_det_soft 0.1527  (156s)
  step 1575  JSR  -40.2  loss 3001.7338  logE[BER] -3000.343  P_det_soft 0.1391  (158s)
  step 1600  JSR  -34.3  loss 2169.7965  logE[BER] -2167.934  P_det_soft 0.1862  (161s)
  step 1625  JSR  -27.7  loss 704.2847  logE[BER] -700.226  P_det_soft 0.4058  (163s)
  step 1650  JSR  -40.2  loss 3133.1019  logE[BER] -3131.242  P_det_soft 0.1860  (166s)
  step 1675  JSR  -19.3  loss 16.0129  logE[BER] -6.701  P_det_soft 0.9312  (168s)
  step 1700  JSR  -34.1  loss 2081.6520  logE[BER] -2079.907  P_det_soft 0.1745  (171s)
  step 1725  JSR  -37.7  loss 2756.9290  logE[BER] -2754.821  P_det_soft 0.2108  (173s)
  step 1750  JSR  -41.1  loss 3034.1672  logE[BER] -3032.618  P_det_soft 0.1549  (176s)
  step 1775  JSR  -38.6  loss 2785.3048  logE[BER] -2782.778  P_det_soft 0.2526  (178s)
  step 1800  JSR  -38.6  loss 2747.0202  logE[BER] -2744.279  P_det_soft 0.2742  (181s)
  step 1825  JSR  -44.6  loss 3353.9379  logE[BER] -3351.638  P_det_soft 0.2299  (183s)
  step 1850  JSR  -27.1  loss 496.8895  logE[BER] -493.866  P_det_soft 0.3024  (186s)
  step 1875  JSR  -35.9  loss 2327.0619  logE[BER] -2325.508  P_det_soft 0.1554  (188s)
  step 1900  JSR  -16.1  loss 15.7272  logE[BER] -5.876  P_det_soft 0.9852  (191s)
  step 1925  JSR  -40.5  loss 2999.8523  logE[BER] -2998.098  P_det_soft 0.1755  (193s)
  step 1950  JSR  -25.2  loss 138.3729  logE[BER] -134.590  P_det_soft 0.3783  (196s)
  step 1975  JSR  -23.2  loss 12.6440  logE[BER] -8.344  P_det_soft 0.4300  (198s)
  step 2000  JSR  -27.3  loss 516.3966  logE[BER] -514.084  P_det_soft 0.2313  (201s)
  step 2025  JSR  -33.1  loss 1865.0405  logE[BER] -1863.189  P_det_soft 0.1852  (203s)
  step 2050  JSR  -31.8  loss 1709.7186  logE[BER] -1707.237  P_det_soft 0.2481  (206s)
  step 2075  JSR  -23.0  loss 13.6010  logE[BER] -9.209  P_det_soft 0.4392  (208s)
  step 2100  JSR  -27.7  loss 605.0868  logE[BER] -602.411  P_det_soft 0.2676  (211s)
  step 2125  JSR  -20.8  loss 13.2422  logE[BER] -6.746  P_det_soft 0.6496  (213s)
  step 2150  JSR  -39.3  loss 2809.0418  logE[BER] -2807.250  P_det_soft 0.1792  (216s)
  step 2175  JSR  -39.2  loss 2836.2535  logE[BER] -2834.658  P_det_soft 0.1596  (218s)
  step 2200  JSR  -35.2  loss 2168.8427  logE[BER] -2167.054  P_det_soft 0.1789  (221s)
  step 2225  JSR  -31.6  loss 1477.3274  logE[BER] -1475.134  P_det_soft 0.2194  (223s)
  step 2250  JSR  -46.4  loss 3453.4024  logE[BER] -3451.765  P_det_soft 0.1637  (226s)
  step 2275  JSR  -25.7  loss 277.5818  logE[BER] -274.103  P_det_soft 0.3479  (228s)
  step 2300  JSR  -39.2  loss 2826.6368  logE[BER] -2824.886  P_det_soft 0.1751  (231s)
  step 2325  JSR  -40.4  loss 2952.4680  logE[BER] -2950.438  P_det_soft 0.2030  (233s)
  step 2350  JSR  -20.9  loss 13.8095  logE[BER] -7.369  P_det_soft 0.6441  (236s)
  step 2375  JSR  -16.9  loss 14.9675  logE[BER] -5.833  P_det_soft 0.9135  (238s)
  step 2400  JSR  -28.0  loss 648.5751  logE[BER] -646.447  P_det_soft 0.2128  (241s)
  step 2425  JSR  -22.8  loss 10.5236  logE[BER] -7.401  P_det_soft 0.3122  (244s)
  step 2450  JSR  -29.3  loss 967.5744  logE[BER] -965.878  P_det_soft 0.1697  (246s)
  step 2475  JSR  -44.3  loss 3301.1006  logE[BER] -3299.158  P_det_soft 0.1942  (249s)
  step 2500  JSR  -28.8  loss 978.6426  logE[BER] -976.217  P_det_soft 0.2425  (251s)
  step 2525  JSR  -42.5  loss 3173.8896  logE[BER] -3172.060  P_det_soft 0.1830  (254s)
  step 2550  JSR  -22.2  loss 11.4984  logE[BER] -7.138  P_det_soft 0.4360  (256s)
  step 2575  JSR  -16.0  loss 14.5573  logE[BER] -5.679  P_det_soft 0.8879  (259s)
  step 2600  JSR  -24.2  loss 30.8312  logE[BER] -27.002  P_det_soft 0.3829  (261s)
  step 2625  JSR  -39.9  loss 2894.9529  logE[BER] -2893.251  P_det_soft 0.1702  (264s)
  step 2650  JSR  -37.6  loss 2542.0678  logE[BER] -2540.434  P_det_soft 0.1634  (266s)
  step 2675  JSR  -43.6  loss 3260.8890  logE[BER] -3259.479  P_det_soft 0.1410  (269s)
  step 2700  JSR  -22.9  loss 12.1671  logE[BER] -7.919  P_det_soft 0.4248  (271s)
  step 2725  JSR  -38.1  loss 2725.2934  logE[BER] -2723.869  P_det_soft 0.1425  (274s)
  step 2750  JSR  -42.4  loss 3178.4144  logE[BER] -3175.906  P_det_soft 0.2508  (276s)
  step 2775  JSR  -21.1  loss 12.1465  logE[BER] -6.815  P_det_soft 0.5332  (279s)
  step 2800  JSR  -31.5  loss 1552.5764  logE[BER] -1550.655  P_det_soft 0.1922  (281s)
  step 2825  JSR  -37.5  loss 2556.3995  logE[BER] -2554.506  P_det_soft 0.1893  (284s)
  step 2850  JSR  -47.3  loss 3533.7261  logE[BER] -3532.413  P_det_soft 0.1313  (286s)
  step 2875  JSR  -24.4  loss 78.8836  logE[BER] -76.513  P_det_soft 0.2370  (289s)
  step 2900  JSR  -34.0  loss 1943.0643  logE[BER] -1940.895  P_det_soft 0.2170  (291s)
  step 2925  JSR  -30.3  loss 1126.3298  logE[BER] -1124.268  P_det_soft 0.2062  (294s)
  step 2950  JSR  -22.2  loss 11.9562  logE[BER] -7.626  P_det_soft 0.4331  (296s)
  step 2975  JSR  -25.5  loss 181.2324  logE[BER] -179.159  P_det_soft 0.2074  (299s)
  step 3000  JSR  -23.7  loss 38.3615  logE[BER] -34.817  P_det_soft 0.3545  (301s)
  step 3025  JSR  -44.4  loss 3353.5363  logE[BER] -3351.956  P_det_soft 0.1580  (304s)
  step 3050  JSR  -42.2  loss 3109.9849  logE[BER] -3108.235  P_det_soft 0.1750  (306s)
  step 3075  JSR  -30.8  loss 1238.5179  logE[BER] -1236.571  P_det_soft 0.1947  (309s)
  step 3100  JSR  -35.0  loss 2164.5591  logE[BER] -2162.723  P_det_soft 0.1836  (311s)
  step 3125  JSR  -47.8  loss 3532.2476  logE[BER] -3530.384  P_det_soft 0.1863  (314s)
  step 3150  JSR  -20.7  loss 11.7565  logE[BER] -6.492  P_det_soft 0.5264  (316s)
  step 3175  JSR  -21.1  loss 11.0016  logE[BER] -6.643  P_det_soft 0.4359  (319s)
  step 3200  JSR  -46.0  loss 3423.1143  logE[BER] -3421.564  P_det_soft 0.1551  (321s)
  step 3225  JSR  -41.6  loss 3077.7101  logE[BER] -3076.278  P_det_soft 0.1432  (324s)
  step 3250  JSR  -46.9  loss 3477.5710  logE[BER] -3476.146  P_det_soft 0.1425  (326s)
  step 3275  JSR  -33.9  loss 2010.1741  logE[BER] -2008.168  P_det_soft 0.2006  (329s)
  step 3300  JSR  -25.1  loss 161.6459  logE[BER] -159.258  P_det_soft 0.2388  (331s)
  step 3325  JSR  -47.5  loss 3522.3114  logE[BER] -3519.966  P_det_soft 0.2345  (334s)
  step 3350  JSR  -40.3  loss 2921.9734  logE[BER] -2920.475  P_det_soft 0.1498  (337s)
  step 3375  JSR  -23.1  loss 11.3148  logE[BER] -7.625  P_det_soft 0.3690  (339s)
  step 3400  JSR  -24.2  loss 22.9447  logE[BER] -20.536  P_det_soft 0.2409  (342s)
  step 3425  JSR  -36.9  loss 2443.1920  logE[BER] -2441.621  P_det_soft 0.1571  (344s)
  step 3450  JSR  -44.3  loss 3306.8377  logE[BER] -3305.397  P_det_soft 0.1441  (347s)
  step 3475  JSR  -19.0  loss 12.4361  logE[BER] -6.238  P_det_soft 0.6198  (349s)
  step 3500  JSR  -44.4  loss 3323.5380  logE[BER] -3322.138  P_det_soft 0.1400  (352s)
  step 3525  JSR  -17.8  loss 12.9981  logE[BER] -5.793  P_det_soft 0.7205  (354s)
  step 3550  JSR  -19.1  loss 12.5221  logE[BER] -6.230  P_det_soft 0.6292  (357s)
  step 3575  JSR  -42.4  loss 3142.0150  logE[BER] -3140.038  P_det_soft 0.1977  (359s)
  step 3600  JSR  -38.2  loss 2683.6796  logE[BER] -2682.359  P_det_soft 0.1321  (362s)
  step 3625  JSR  -17.4  loss 12.9368  logE[BER] -5.990  P_det_soft 0.6946  (364s)
  step 3650  JSR  -40.9  loss 3001.9291  logE[BER] -3000.394  P_det_soft 0.1535  (367s)
  step 3675  JSR  -44.6  loss 3323.4171  logE[BER] -3321.664  P_det_soft 0.1753  (369s)
  step 3700  JSR  -37.0  loss 2488.3826  logE[BER] -2486.845  P_det_soft 0.1537  (372s)
  step 3725  JSR  -37.3  loss 2517.9180  logE[BER] -2516.160  P_det_soft 0.1758  (374s)
  step 3750  JSR  -34.4  loss 2013.0285  logE[BER] -2010.955  P_det_soft 0.2073  (377s)
  step 3775  JSR  -38.9  loss 2718.0256  logE[BER] -2716.237  P_det_soft 0.1789  (379s)
  step 3800  JSR  -18.3  loss 11.8356  logE[BER] -5.975  P_det_soft 0.5861  (382s)
  step 3825  JSR  -19.3  loss 11.0350  logE[BER] -6.368  P_det_soft 0.4667  (384s)
  step 3850  JSR  -31.9  loss 1535.3066  logE[BER] -1533.296  P_det_soft 0.2011  (387s)
  step 3875  JSR  -25.3  loss 103.3502  logE[BER] -100.534  P_det_soft 0.2816  (389s)
  step 3900  JSR  -31.1  loss 1331.0834  logE[BER] -1328.945  P_det_soft 0.2139  (392s)
  step 3925  JSR  -21.4  loss 10.6113  logE[BER] -6.708  P_det_soft 0.3903  (394s)
  step 3950  JSR  -23.1  loss 9.7559  logE[BER] -7.626  P_det_soft 0.2130  (397s)
  step 3975  JSR  -19.7  loss 10.8780  logE[BER] -6.383  P_det_soft 0.4495  (399s)
  step 3999  JSR  -33.4  loss 1793.1290  logE[BER] -1791.494  P_det_soft 0.1635  (402s)
wrote task14_G.pt, task14.json  (tag spec_cnn_b10)
