node: tikgpu04.ee.ethz.ch | gpu: NVIDIA TITAN RTX
task 0 = {'target': None, 'beta': 0.0}  (tag eff)
  step    0  JSR  -20.6  loss 2438.9291  logE[BER] -2438.929  P_det_soft 0.0000  (1s)
  step   25  JSR  -30.4  loss 2795.8468  logE[BER] -2795.847  P_det_soft 0.0000  (1s)
  step   50  JSR   -4.2  loss 3.8829  logE[BER] -3.883  P_det_soft 0.0000  (2s)
  step   75  JSR  -15.4  loss 6.3344  logE[BER] -6.334  P_det_soft 0.0000  (3s)
  step  100  JSR   -5.6  loss 4.5698  logE[BER] -4.570  P_det_soft 0.0000  (3s)
  step  125  JSR  -24.5  loss 351.7240  logE[BER] -351.724  P_det_soft 0.0000  (4s)
  step  150  JSR   -1.5  loss 3.0583  logE[BER] -3.058  P_det_soft 0.0000  (4s)
  step  175  JSR  -19.0  loss 7.4966  logE[BER] -7.497  P_det_soft 0.0000  (5s)
  step  200  JSR  -14.9  loss 6.4592  logE[BER] -6.459  P_det_soft 0.0000  (5s)
  step  225  JSR  -30.6  loss 1660.0855  logE[BER] -1660.086  P_det_soft 0.0000  (6s)
  step  250  JSR   -2.5  loss 3.2930  logE[BER] -3.293  P_det_soft 0.0000  (6s)
  step  275  JSR   -9.9  loss 5.6513  logE[BER] -5.651  P_det_soft 0.0000  (7s)
  step  300  JSR  -21.7  loss 11.8832  logE[BER] -11.883  P_det_soft 0.0000  (7s)
  step  325  JSR  -22.6  loss 12.9400  logE[BER] -12.940  P_det_soft 0.0000  (8s)
  step  350  JSR  -18.3  loss 6.9970  logE[BER] -6.997  P_det_soft 0.0000  (8s)
  step  375  JSR  -19.2  loss 7.2532  logE[BER] -7.253  P_det_soft 0.0000  (9s)
  step  399  JSR  -16.9  loss 6.4929  logE[BER] -6.493  P_det_soft 0.0000  (9s)
wrote task0_G.pt, task0.json  (tag eff)
