node: artongpu06.ee.ethz.ch | gpu: NVIDIA GeForce RTX 2080 Ti
task 15 = {'target': 'spec_cnn', 'beta': 100.0}  (tag spec_cnn_b100, 32 frames/step, JSR band (-48.0, -16.0))
  target spec_cnn: threshold -3.17573, clean-frame std 0.982227 (soft_pdet width)
  step    0  JSR  -32.2  loss 3605.7134  logE[BER] -3571.259  P_det_soft 0.3445  (1s)
  step   25  JSR  -44.5  loss 3862.3643  logE[BER] -3846.587  P_det_soft 0.1578  (3s)
  step   50  JSR  -29.7  loss 2103.3431  logE[BER] -2058.841  P_det_soft 0.4450  (6s)
  step   75  JSR  -22.0  loss 283.8501  logE[BER] -193.733  P_det_soft 0.9012  (8s)
  step  100  JSR  -42.9  loss 3483.0046  logE[BER] -3458.556  P_det_soft 0.2445  (11s)
  step  125  JSR  -40.1  loss 3241.0634  logE[BER] -3227.189  P_det_soft 0.1387  (13s)
  step  150  JSR  -45.1  loss 3565.1546  logE[BER] -3544.017  P_det_soft 0.2114  (16s)
  step  175  JSR  -42.4  loss 3396.4593  logE[BER] -3378.299  P_det_soft 0.1816  (19s)
  step  200  JSR  -41.1  loss 3254.5369  logE[BER] -3237.454  P_det_soft 0.1708  (22s)
  step  225  JSR  -28.3  loss 1099.3636  logE[BER] -1058.909  P_det_soft 0.4045  (24s)
  step  250  JSR  -42.9  loss 3310.0172  logE[BER] -3286.850  P_det_soft 0.2317  (27s)
  step  275  JSR  -47.0  loss 3585.0927  logE[BER] -3567.475  P_det_soft 0.1762  (30s)
  step  300  JSR  -33.3  loss 2250.9992  logE[BER] -2231.107  P_det_soft 0.1989  (33s)
  step  325  JSR  -34.7  loss 2460.5938  logE[BER] -2442.482  P_det_soft 0.1811  (36s)
  step  350  JSR  -20.0  loss 103.4370  logE[BER] -7.901  P_det_soft 0.9554  (38s)
  step  375  JSR  -26.5  loss 791.7986  logE[BER] -735.560  P_det_soft 0.5624  (41s)
  step  399  JSR  -29.7  loss 1702.9448  logE[BER] -1668.345  P_det_soft 0.3460  (44s)
wrote task15_G.pt, task15.json  (tag spec_cnn_b100)
