node: tikgpu05.ee.ethz.ch | gpu: NVIDIA TITAN RTX
task 7 = {'target': 'power_two_sided', 'beta': 100.0}  (tag power_two_sided_b100)
  step    0  JSR  -20.6  loss 2378.2314  logE[BER] -2292.861  P_det_soft 0.8537  (1s)
  step   25  JSR   -9.7  loss 106.9880  logE[BER] -6.988  P_det_soft 1.0000  (2s)
  step   50  JSR  -22.7  loss 565.6876  logE[BER] -486.226  P_det_soft 0.7946  (2s)
  step   75  JSR  -24.1  loss 415.6698  logE[BER] -341.327  P_det_soft 0.7434  (3s)
  step  100  JSR  -20.2  loss 103.0195  logE[BER] -10.296  P_det_soft 0.9272  (3s)
  step  125  JSR  -24.5  loss 471.0898  logE[BER] -391.150  P_det_soft 0.7994  (4s)
  step  150  JSR   -3.4  loss 103.4815  logE[BER] -3.481  P_det_soft 1.0000  (4s)
  step  175  JSR   -2.3  loss 103.1977  logE[BER] -3.198  P_det_soft 1.0000  (5s)
  step  200  JSR   -6.0  loss 104.6325  logE[BER] -4.633  P_det_soft 1.0000  (5s)
  step  225  JSR  -30.4  loss 1732.6719  logE[BER] -1679.069  P_det_soft 0.5360  (6s)
  step  250  JSR   -5.5  loss 104.5767  logE[BER] -4.577  P_det_soft 1.0000  (6s)
  step  275  JSR   -6.1  loss 104.8724  logE[BER] -4.872  P_det_soft 1.0000  (7s)
  step  300  JSR   -9.1  loss 105.4994  logE[BER] -5.499  P_det_soft 1.0000  (7s)
  step  325  JSR  -26.2  loss 722.1660  logE[BER] -656.933  P_det_soft 0.6523  (8s)
  step  350  JSR  -26.3  loss 738.7955  logE[BER] -668.545  P_det_soft 0.7025  (8s)
  step  375  JSR  -22.9  loss 152.9632  logE[BER] -72.214  P_det_soft 0.8075  (9s)
  step  399  JSR  -10.5  loss 105.6422  logE[BER] -5.642  P_det_soft 1.0000  (9s)
wrote task7_G.pt, task7.json  (tag power_two_sided_b100)
