/home/rrahman/BT/Tabula Rasa/cgan/train_gan.py:158: UserWarning: Converting a tensor with requires_grad=True to a scalar may lead to unexpected behavior.
Consider using tensor.detach() first. (Triggered internally at /pytorch/torch/csrc/autograd/generated/python_variable_methods.cpp:836.)
  f"logE[{mode['damage'].upper()}] {float(log_ber):.3f}  P_det_soft {float(soft):.4f}  "
/pytorch/aten/src/ATen/native/cuda/IndexKernel.cu:111: operator(): block: [39,0,0], thread: [0,0,0] Assertion `-sizes[i] <= index && index < sizes[i] && "index out of bounds"` failed.
/pytorch/aten/src/ATen/native/cuda/IndexKernel.cu:111: operator(): block: [39,0,0], thread: [1,0,0] Assertion `-sizes[i] <= index && index < sizes[i] && "index out of bounds"` failed.
/pytorch/aten/src/ATen/native/cuda/IndexKernel.cu:111: operator(): block: [39,0,0], thread: [2,0,0] Assertion `-sizes[i] <= index && index < sizes[i] && "index out of bounds"` failed.
/pytorch/aten/src/ATen/native/cuda/IndexKernel.cu:111: operator(): block: [39,0,0], thread: [3,0,0] Assertion `-sizes[i] <= index && index < sizes[i] && "index out of bounds"` failed.
/pytorch/aten/src/ATen/native/cuda/IndexKernel.cu:111: operator(): block: [39,0,0], thread: [4,0,0] Assertion `-sizes[i] <= index && index < sizes[i] && "index out of bounds"` failed.
/pytorch/aten/src/ATen/native/cuda/IndexKernel.cu:111: operator(): block: [39,0,0], thread: [5,0,0] Assertion `-sizes[i] <= index && index < sizes[i] && "index out of bounds"` failed.
/pytorch/aten/src/ATen/native/cuda/IndexKernel.cu:111: operator(): block: [39,0,0], thread: [6,0,0] Assertion `-sizes[i] <= index && index < sizes[i] && "index out of bounds"` failed.
/pytorch/aten/src/ATen/native/cuda/IndexKernel.cu:111: operator(): block: [39,0,0], thread: [7,0,0] Assertion `-sizes[i] <= index && index < sizes[i] && "index out of bounds"` failed.
/pytorch/aten/src/ATen/native/cuda/IndexKernel.cu:111: operator(): block: [39,0,0], thread: [8,0,0] Assertion `-sizes[i] <= index && index < sizes[i] && "index out of bounds"` failed.
/pytorch/aten/src/ATen/native/cuda/IndexKernel.cu:111: operator(): block: [39,0,0], thread: [9,0,0] Assertion `-sizes[i] <= index && index < sizes[i] && "index out of bounds"` failed.
/pytorch/aten/src/ATen/native/cuda/IndexKernel.cu:111: operator(): block: [39,0,0], thread: [10,0,0] Assertion `-sizes[i] <= index && index < sizes[i] && "index out of bounds"` failed.
/pytorch/aten/src/ATen/native/cuda/IndexKernel.cu:111: operator(): block: [39,0,0], thread: [11,0,0] Assertion `-sizes[i] <= index && index < sizes[i] && "index out of bounds"` failed.
/pytorch/aten/src/ATen/native/cuda/IndexKernel.cu:111: operator(): block: [39,0,0], thread: [12,0,0] Assertion `-sizes[i] <= index && index < sizes[i] && "index out of bounds"` failed.
/pytorch/aten/src/ATen/native/cuda/IndexKernel.cu:111: operator(): block: [39,0,0], thread: [13,0,0] Assertion `-sizes[i] <= index && index < sizes[i] && "index out of bounds"` failed.
/pytorch/aten/src/ATen/native/cuda/IndexKernel.cu:111: operator(): block: [39,0,0], thread: [14,0,0] Assertion `-sizes[i] <= index && index < sizes[i] && "index out of bounds"` failed.
/pytorch/aten/src/ATen/native/cuda/IndexKernel.cu:111: operator(): block: [39,0,0], thread: [15,0,0] Assertion `-sizes[i] <= index && index < sizes[i] && "index out of bounds"` failed.
/pytorch/aten/src/ATen/native/cuda/IndexKernel.cu:111: operator(): block: [39,0,0], thread: [16,0,0] Assertion `-sizes[i] <= index && index < sizes[i] && "index out of bounds"` failed.
/pytorch/aten/src/ATen/native/cuda/IndexKernel.cu:111: operator(): block: [39,0,0], thread: [17,0,0] Assertion `-sizes[i] <= index && index < sizes[i] && "index out of bounds"` failed.
/pytorch/aten/src/ATen/native/cuda/IndexKernel.cu:111: operator(): block: [39,0,0], thread: [18,0,0] Assertion `-sizes[i] <= index && index < sizes[i] && "index out of bounds"` failed.
/pytorch/aten/src/ATen/native/cuda/IndexKernel.cu:111: operator(): block: [39,0,0], thread: [19,0,0] Assertion `-sizes[i] <= index && index < sizes[i] && "index out of bounds"` failed.
/pytorch/aten/src/ATen/native/cuda/IndexKernel.cu:111: operator(): block: [39,0,0], thread: [20,0,0] Assertion `-sizes[i] <= index && index < sizes[i] && "index out of bounds"` failed.
/pytorch/aten/src/ATen/native/cuda/IndexKernel.cu:111: operator(): block: [39,0,0], thread: [21,0,0] Assertion `-sizes[i] <= index && index < sizes[i] && "index out of bounds"` failed.
/pytorch/aten/src/ATen/native/cuda/IndexKernel.cu:111: operator(): block: [39,0,0], thread: [22,0,0] Assertion `-sizes[i] <= index && index < sizes[i] && "index out of bounds"` failed.
/pytorch/aten/src/ATen/native/cuda/IndexKernel.cu:111: operator(): block: [39,0,0], thread: [23,0,0] Assertion `-sizes[i] <= index && index < sizes[i] && "index out of bounds"` failed.
/pytorch/aten/src/ATen/native/cuda/IndexKernel.cu:111: operator(): block: [39,0,0], thread: [24,0,0] Assertion `-sizes[i] <= index && index < sizes[i] && "index out of bounds"` failed.
/pytorch/aten/src/ATen/native/cuda/IndexKernel.cu:111: operator(): block: [39,0,0], thread: [25,0,0] Assertion `-sizes[i] <= index && index < sizes[i] && "index out of bounds"` failed.
/pytorch/aten/src/ATen/native/cuda/IndexKernel.cu:111: operator(): block: [39,0,0], thread: [26,0,0] Assertion `-sizes[i] <= index && index < sizes[i] && "index out of bounds"` failed.
/pytorch/aten/src/ATen/native/cuda/IndexKernel.cu:111: operator(): block: [39,0,0], thread: [27,0,0] Assertion `-sizes[i] <= index && index < sizes[i] && "index out of bounds"` failed.
/pytorch/aten/src/ATen/native/cuda/IndexKernel.cu:111: operator(): block: [39,0,0], thread: [28,0,0] Assertion `-sizes[i] <= index && index < sizes[i] && "index out of bounds"` failed.
/pytorch/aten/src/ATen/native/cuda/IndexKernel.cu:111: operator(): block: [39,0,0], thread: [29,0,0] Assertion `-sizes[i] <= index && index < sizes[i] && "index out of bounds"` failed.
/pytorch/aten/src/ATen/native/cuda/IndexKernel.cu:111: operator(): block: [39,0,0], thread: [30,0,0] Assertion `-sizes[i] <= index && index < sizes[i] && "index out of bounds"` failed.
/pytorch/aten/src/ATen/native/cuda/IndexKernel.cu:111: operator(): block: [39,0,0], thread: [31,0,0] Assertion `-sizes[i] <= index && index < sizes[i] && "index out of bounds"` failed.
/pytorch/aten/src/ATen/native/cuda/IndexKernel.cu:111: operator(): block: [11,0,0], thread: [32,0,0] Assertion `-sizes[i] <= index && index < sizes[i] && "index out of bounds"` failed.
/pytorch/aten/src/ATen/native/cuda/IndexKernel.cu:111: operator(): block: [11,0,0], thread: [33,0,0] Assertion `-sizes[i] <= index && index < sizes[i] && "index out of bounds"` failed.
/pytorch/aten/src/ATen/native/cuda/IndexKernel.cu:111: operator(): block: [11,0,0], thread: [34,0,0] Assertion `-sizes[i] <= index && index < sizes[i] && "index out of bounds"` failed.
/pytorch/aten/src/ATen/native/cuda/IndexKernel.cu:111: operator(): block: [11,0,0], thread: [35,0,0] Assertion `-sizes[i] <= index && index < sizes[i] && "index out of bounds"` failed.
/pytorch/aten/src/ATen/native/cuda/IndexKernel.cu:111: operator(): block: [11,0,0], thread: [36,0,0] Assertion `-sizes[i] <= index && index < sizes[i] && "index out of bounds"` failed.
/pytorch/aten/src/ATen/native/cuda/IndexKernel.cu:111: operator(): block: [11,0,0], thread: [37,0,0] Assertion `-sizes[i] <= index && index < sizes[i] && "index out of bounds"` failed.
/pytorch/aten/src/ATen/native/cuda/IndexKernel.cu:111: operator(): block: [11,0,0], thread: [38,0,0] Assertion `-sizes[i] <= index && index < sizes[i] && "index out of bounds"` failed.
/pytorch/aten/src/ATen/native/cuda/IndexKernel.cu:111: operator(): block: [11,0,0], thread: [39,0,0] Assertion `-sizes[i] <= index && index < sizes[i] && "index out of bounds"` failed.
/pytorch/aten/src/ATen/native/cuda/IndexKernel.cu:111: operator(): block: [11,0,0], thread: [40,0,0] Assertion `-sizes[i] <= index && index < sizes[i] && "index out of bounds"` failed.
/pytorch/aten/src/ATen/native/cuda/IndexKernel.cu:111: operator(): block: [11,0,0], thread: [41,0,0] Assertion `-sizes[i] <= index && index < sizes[i] && "index out of bounds"` failed.
/pytorch/aten/src/ATen/native/cuda/IndexKernel.cu:111: operator(): block: [11,0,0], thread: [42,0,0] Assertion `-sizes[i] <= index && index < sizes[i] && "index out of bounds"` failed.
/pytorch/aten/src/ATen/native/cuda/IndexKernel.cu:111: operator(): block: [11,0,0], thread: [43,0,0] Assertion `-sizes[i] <= index && index < sizes[i] && "index out of bounds"` failed.
/pytorch/aten/src/ATen/native/cuda/IndexKernel.cu:111: operator(): block: [11,0,0], thread: [44,0,0] Assertion `-sizes[i] <= index && index < sizes[i] && "index out of bounds"` failed.
/pytorch/aten/src/ATen/native/cuda/IndexKernel.cu:111: operator(): block: [11,0,0], thread: [45,0,0] Assertion `-sizes[i] <= index && index < sizes[i] && "index out of bounds"` failed.
/pytorch/aten/src/ATen/native/cuda/IndexKernel.cu:111: operator(): block: [11,0,0], thread: [46,0,0] Assertion `-sizes[i] <= index && index < sizes[i] && "index out of bounds"` failed.
/pytorch/aten/src/ATen/native/cuda/IndexKernel.cu:111: operator(): block: [11,0,0], thread: [47,0,0] Assertion `-sizes[i] <= index && index < sizes[i] && "index out of bounds"` failed.
/pytorch/aten/src/ATen/native/cuda/IndexKernel.cu:111: operator(): block: [11,0,0], thread: [48,0,0] Assertion `-sizes[i] <= index && index < sizes[i] && "index out of bounds"` failed.
/pytorch/aten/src/ATen/native/cuda/IndexKernel.cu:111: operator(): block: [11,0,0], thread: [49,0,0] Assertion `-sizes[i] <= index && index < sizes[i] && "index out of bounds"` failed.
/pytorch/aten/src/ATen/native/cuda/IndexKernel.cu:111: operator(): block: [11,0,0], thread: [50,0,0] Assertion `-sizes[i] <= index && index < sizes[i] && "index out of bounds"` failed.
/pytorch/aten/src/ATen/native/cuda/IndexKernel.cu:111: operator(): block: [11,0,0], thread: [51,0,0] Assertion `-sizes[i] <= index && index < sizes[i] && "index out of bounds"` failed.
/pytorch/aten/src/ATen/native/cuda/IndexKernel.cu:111: operator(): block: [11,0,0], thread: [52,0,0] Assertion `-sizes[i] <= index && index < sizes[i] && "index out of bounds"` failed.
/pytorch/aten/src/ATen/native/cuda/IndexKernel.cu:111: operator(): block: [11,0,0], thread: [53,0,0] Assertion `-sizes[i] <= index && index < sizes[i] && "index out of bounds"` failed.
/pytorch/aten/src/ATen/native/cuda/IndexKernel.cu:111: operator(): block: [11,0,0], thread: [54,0,0] Assertion `-sizes[i] <= index && index < sizes[i] && "index out of bounds"` failed.
/pytorch/aten/src/ATen/native/cuda/IndexKernel.cu:111: operator(): block: [11,0,0], thread: [55,0,0] Assertion `-sizes[i] <= index && index < sizes[i] && "index out of bounds"` failed.
/pytorch/aten/src/ATen/native/cuda/IndexKernel.cu:111: operator(): block: [11,0,0], thread: [56,0,0] Assertion `-sizes[i] <= index && index < sizes[i] && "index out of bounds"` failed.
/pytorch/aten/src/ATen/native/cuda/IndexKernel.cu:111: operator(): block: [11,0,0], thread: [57,0,0] Assertion `-sizes[i] <= index && index < sizes[i] && "index out of bounds"` failed.
/pytorch/aten/src/ATen/native/cuda/IndexKernel.cu:111: operator(): block: [11,0,0], thread: [58,0,0] Assertion `-sizes[i] <= index && index < sizes[i] && "index out of bounds"` failed.
/pytorch/aten/src/ATen/native/cuda/IndexKernel.cu:111: operator(): block: [11,0,0], thread: [59,0,0] Assertion `-sizes[i] <= index && index < sizes[i] && "index out of bounds"` failed.
/pytorch/aten/src/ATen/native/cuda/IndexKernel.cu:111: operator(): block: [11,0,0], thread: [60,0,0] Assertion `-sizes[i] <= index && index < sizes[i] && "index out of bounds"` failed.
/pytorch/aten/src/ATen/native/cuda/IndexKernel.cu:111: operator(): block: [11,0,0], thread: [61,0,0] Assertion `-sizes[i] <= index && index < sizes[i] && "index out of bounds"` failed.
/pytorch/aten/src/ATen/native/cuda/IndexKernel.cu:111: operator(): block: [11,0,0], thread: [62,0,0] Assertion `-sizes[i] <= index && index < sizes[i] && "index out of bounds"` failed.
/pytorch/aten/src/ATen/native/cuda/IndexKernel.cu:111: operator(): block: [11,0,0], thread: [63,0,0] Assertion `-sizes[i] <= index && index < sizes[i] && "index out of bounds"` failed.
/pytorch/aten/src/ATen/native/cuda/IndexKernel.cu:111: operator(): block: [39,0,0], thread: [96,0,0] Assertion `-sizes[i] <= index && index < sizes[i] && "index out of bounds"` failed.
/pytorch/aten/src/ATen/native/cuda/IndexKernel.cu:111: operator(): block: [39,0,0], thread: [97,0,0] Assertion `-sizes[i] <= index && index < sizes[i] && "index out of bounds"` failed.
/pytorch/aten/src/ATen/native/cuda/IndexKernel.cu:111: operator(): block: [39,0,0], thread: [98,0,0] Assertion `-sizes[i] <= index && index < sizes[i] && "index out of bounds"` failed.
/pytorch/aten/src/ATen/native/cuda/IndexKernel.cu:111: operator(): block: [39,0,0], thread: [99,0,0] Assertion `-sizes[i] <= index && index < sizes[i] && "index out of bounds"` failed.
/pytorch/aten/src/ATen/native/cuda/IndexKernel.cu:111: operator(): block: [39,0,0], thread: [100,0,0] Assertion `-sizes[i] <= index && index < sizes[i] && "index out of bounds"` failed.
/pytorch/aten/src/ATen/native/cuda/IndexKernel.cu:111: operator(): block: [39,0,0], thread: [101,0,0] Assertion `-sizes[i] <= index && index < sizes[i] && "index out of bounds"` failed.
/pytorch/aten/src/ATen/native/cuda/IndexKernel.cu:111: operator(): block: [39,0,0], thread: [102,0,0] Assertion `-sizes[i] <= index && index < sizes[i] && "index out of bounds"` failed.
/pytorch/aten/src/ATen/native/cuda/IndexKernel.cu:111: operator(): block: [39,0,0], thread: [103,0,0] Assertion `-sizes[i] <= index && index < sizes[i] && "index out of bounds"` failed.
/pytorch/aten/src/ATen/native/cuda/IndexKernel.cu:111: operator(): block: [39,0,0], thread: [104,0,0] Assertion `-sizes[i] <= index && index < sizes[i] && "index out of bounds"` failed.
/pytorch/aten/src/ATen/native/cuda/IndexKernel.cu:111: operator(): block: [39,0,0], thread: [105,0,0] Assertion `-sizes[i] <= index && index < sizes[i] && "index out of bounds"` failed.
/pytorch/aten/src/ATen/native/cuda/IndexKernel.cu:111: operator(): block: [39,0,0], thread: [106,0,0] Assertion `-sizes[i] <= index && index < sizes[i] && "index out of bounds"` failed.
/pytorch/aten/src/ATen/native/cuda/IndexKernel.cu:111: operator(): block: [39,0,0], thread: [107,0,0] Assertion `-sizes[i] <= index && index < sizes[i] && "index out of bounds"` failed.
/pytorch/aten/src/ATen/native/cuda/IndexKernel.cu:111: operator(): block: [39,0,0], thread: [108,0,0] Assertion `-sizes[i] <= index && index < sizes[i] && "index out of bounds"` failed.
/pytorch/aten/src/ATen/native/cuda/IndexKernel.cu:111: operator(): block: [39,0,0], thread: [109,0,0] Assertion `-sizes[i] <= index && index < sizes[i] && "index out of bounds"` failed.
/pytorch/aten/src/ATen/native/cuda/IndexKernel.cu:111: operator(): block: [39,0,0], thread: [110,0,0] Assertion `-sizes[i] <= index && index < sizes[i] && "index out of bounds"` failed.
/pytorch/aten/src/ATen/native/cuda/IndexKernel.cu:111: operator(): block: [39,0,0], thread: [111,0,0] Assertion `-sizes[i] <= index && index < sizes[i] && "index out of bounds"` failed.
/pytorch/aten/src/ATen/native/cuda/IndexKernel.cu:111: operator(): block: [39,0,0], thread: [112,0,0] Assertion `-sizes[i] <= index && index < sizes[i] && "index out of bounds"` failed.
/pytorch/aten/src/ATen/native/cuda/IndexKernel.cu:111: operator(): block: [39,0,0], thread: [113,0,0] Assertion `-sizes[i] <= index && index < sizes[i] && "index out of bounds"` failed.
/pytorch/aten/src/ATen/native/cuda/IndexKernel.cu:111: operator(): block: [39,0,0], thread: [114,0,0] Assertion `-sizes[i] <= index && index < sizes[i] && "index out of bounds"` failed.
/pytorch/aten/src/ATen/native/cuda/IndexKernel.cu:111: operator(): block: [39,0,0], thread: [115,0,0] Assertion `-sizes[i] <= index && index < sizes[i] && "index out of bounds"` failed.
/pytorch/aten/src/ATen/native/cuda/IndexKernel.cu:111: operator(): block: [39,0,0], thread: [116,0,0] Assertion `-sizes[i] <= index && index < sizes[i] && "index out of bounds"` failed.
/pytorch/aten/src/ATen/native/cuda/IndexKernel.cu:111: operator(): block: [39,0,0], thread: [117,0,0] Assertion `-sizes[i] <= index && index < sizes[i] && "index out of bounds"` failed.
/pytorch/aten/src/ATen/native/cuda/IndexKernel.cu:111: operator(): block: [39,0,0], thread: [118,0,0] Assertion `-sizes[i] <= index && index < sizes[i] && "index out of bounds"` failed.
/pytorch/aten/src/ATen/native/cuda/IndexKernel.cu:111: operator(): block: [39,0,0], thread: [119,0,0] Assertion `-sizes[i] <= index && index < sizes[i] && "index out of bounds"` failed.
/pytorch/aten/src/ATen/native/cuda/IndexKernel.cu:111: operator(): block: [39,0,0], thread: [120,0,0] Assertion `-sizes[i] <= index && index < sizes[i] && "index out of bounds"` failed.
/pytorch/aten/src/ATen/native/cuda/IndexKernel.cu:111: operator(): block: [39,0,0], thread: [121,0,0] Assertion `-sizes[i] <= index && index < sizes[i] && "index out of bounds"` failed.
/pytorch/aten/src/ATen/native/cuda/IndexKernel.cu:111: operator(): block: [39,0,0], thread: [122,0,0] Assertion `-sizes[i] <= index && index < sizes[i] && "index out of bounds"` failed.
/pytorch/aten/src/ATen/native/cuda/IndexKernel.cu:111: operator(): block: [39,0,0], thread: [123,0,0] Assertion `-sizes[i] <= index && index < sizes[i] && "index out of bounds"` failed.
/pytorch/aten/src/ATen/native/cuda/IndexKernel.cu:111: operator(): block: [39,0,0], thread: [124,0,0] Assertion `-sizes[i] <= index && index < sizes[i] && "index out of bounds"` failed.
/pytorch/aten/src/ATen/native/cuda/IndexKernel.cu:111: operator(): block: [39,0,0], thread: [125,0,0] Assertion `-sizes[i] <= index && index < sizes[i] && "index out of bounds"` failed.
/pytorch/aten/src/ATen/native/cuda/IndexKernel.cu:111: operator(): block: [39,0,0], thread: [126,0,0] Assertion `-sizes[i] <= index && index < sizes[i] && "index out of bounds"` failed.
/pytorch/aten/src/ATen/native/cuda/IndexKernel.cu:111: operator(): block: [39,0,0], thread: [127,0,0] Assertion `-sizes[i] <= index && index < sizes[i] && "index out of bounds"` failed.
/pytorch/aten/src/ATen/native/cuda/IndexKernel.cu:111: operator(): block: [11,0,0], thread: [96,0,0] Assertion `-sizes[i] <= index && index < sizes[i] && "index out of bounds"` failed.
/pytorch/aten/src/ATen/native/cuda/IndexKernel.cu:111: operator(): block: [11,0,0], thread: [97,0,0] Assertion `-sizes[i] <= index && index < sizes[i] && "index out of bounds"` failed.
/pytorch/aten/src/ATen/native/cuda/IndexKernel.cu:111: operator(): block: [11,0,0], thread: [98,0,0] Assertion `-sizes[i] <= index && index < sizes[i] && "index out of bounds"` failed.
/pytorch/aten/src/ATen/native/cuda/IndexKernel.cu:111: operator(): block: [11,0,0], thread: [99,0,0] Assertion `-sizes[i] <= index && index < sizes[i] && "index out of bounds"` failed.
/pytorch/aten/src/ATen/native/cuda/IndexKernel.cu:111: operator(): block: [11,0,0], thread: [100,0,0] Assertion `-sizes[i] <= index && index < sizes[i] && "index out of bounds"` failed.
/pytorch/aten/src/ATen/native/cuda/IndexKernel.cu:111: operator(): block: [11,0,0], thread: [101,0,0] Assertion `-sizes[i] <= index && index < sizes[i] && "index out of bounds"` failed.
/pytorch/aten/src/ATen/native/cuda/IndexKernel.cu:111: operator(): block: [11,0,0], thread: [102,0,0] Assertion `-sizes[i] <= index && index < sizes[i] && "index out of bounds"` failed.
/pytorch/aten/src/ATen/native/cuda/IndexKernel.cu:111: operator(): block: [11,0,0], thread: [103,0,0] Assertion `-sizes[i] <= index && index < sizes[i] && "index out of bounds"` failed.
/pytorch/aten/src/ATen/native/cuda/IndexKernel.cu:111: operator(): block: [11,0,0], thread: [104,0,0] Assertion `-sizes[i] <= index && index < sizes[i] && "index out of bounds"` failed.
/pytorch/aten/src/ATen/native/cuda/IndexKernel.cu:111: operator(): block: [11,0,0], thread: [105,0,0] Assertion `-sizes[i] <= index && index < sizes[i] && "index out of bounds"` failed.
/pytorch/aten/src/ATen/native/cuda/IndexKernel.cu:111: operator(): block: [11,0,0], thread: [106,0,0] Assertion `-sizes[i] <= index && index < sizes[i] && "index out of bounds"` failed.
/pytorch/aten/src/ATen/native/cuda/IndexKernel.cu:111: operator(): block: [11,0,0], thread: [107,0,0] Assertion `-sizes[i] <= index && index < sizes[i] && "index out of bounds"` failed.
/pytorch/aten/src/ATen/native/cuda/IndexKernel.cu:111: operator(): block: [11,0,0], thread: [108,0,0] Assertion `-sizes[i] <= index && index < sizes[i] && "index out of bounds"` failed.
/pytorch/aten/src/ATen/native/cuda/IndexKernel.cu:111: operator(): block: [11,0,0], thread: [109,0,0] Assertion `-sizes[i] <= index && index < sizes[i] && "index out of bounds"` failed.
/pytorch/aten/src/ATen/native/cuda/IndexKernel.cu:111: operator(): block: [11,0,0], thread: [110,0,0] Assertion `-sizes[i] <= index && index < sizes[i] && "index out of bounds"` failed.
/pytorch/aten/src/ATen/native/cuda/IndexKernel.cu:111: operator(): block: [11,0,0], thread: [111,0,0] Assertion `-sizes[i] <= index && index < sizes[i] && "index out of bounds"` failed.
/pytorch/aten/src/ATen/native/cuda/IndexKernel.cu:111: operator(): block: [11,0,0], thread: [112,0,0] Assertion `-sizes[i] <= index && index < sizes[i] && "index out of bounds"` failed.
/pytorch/aten/src/ATen/native/cuda/IndexKernel.cu:111: operator(): block: [11,0,0], thread: [113,0,0] Assertion `-sizes[i] <= index && index < sizes[i] && "index out of bounds"` failed.
/pytorch/aten/src/ATen/native/cuda/IndexKernel.cu:111: operator(): block: [11,0,0], thread: [114,0,0] Assertion `-sizes[i] <= index && index < sizes[i] && "index out of bounds"` failed.
/pytorch/aten/src/ATen/native/cuda/IndexKernel.cu:111: operator(): block: [11,0,0], thread: [115,0,0] Assertion `-sizes[i] <= index && index < sizes[i] && "index out of bounds"` failed.
/pytorch/aten/src/ATen/native/cuda/IndexKernel.cu:111: operator(): block: [11,0,0], thread: [116,0,0] Assertion `-sizes[i] <= index && index < sizes[i] && "index out of bounds"` failed.
/pytorch/aten/src/ATen/native/cuda/IndexKernel.cu:111: operator(): block: [11,0,0], thread: [117,0,0] Assertion `-sizes[i] <= index && index < sizes[i] && "index out of bounds"` failed.
/pytorch/aten/src/ATen/native/cuda/IndexKernel.cu:111: operator(): block: [11,0,0], thread: [118,0,0] Assertion `-sizes[i] <= index && index < sizes[i] && "index out of bounds"` failed.
/pytorch/aten/src/ATen/native/cuda/IndexKernel.cu:111: operator(): block: [11,0,0], thread: [119,0,0] Assertion `-sizes[i] <= index && index < sizes[i] && "index out of bounds"` failed.
/pytorch/aten/src/ATen/native/cuda/IndexKernel.cu:111: operator(): block: [11,0,0], thread: [120,0,0] Assertion `-sizes[i] <= index && index < sizes[i] && "index out of bounds"` failed.
/pytorch/aten/src/ATen/native/cuda/IndexKernel.cu:111: operator(): block: [11,0,0], thread: [121,0,0] Assertion `-sizes[i] <= index && index < sizes[i] && "index out of bounds"` failed.
/pytorch/aten/src/ATen/native/cuda/IndexKernel.cu:111: operator(): block: [11,0,0], thread: [122,0,0] Assertion `-sizes[i] <= index && index < sizes[i] && "index out of bounds"` failed.
/pytorch/aten/src/ATen/native/cuda/IndexKernel.cu:111: operator(): block: [11,0,0], thread: [123,0,0] Assertion `-sizes[i] <= index && index < sizes[i] && "index out of bounds"` failed.
/pytorch/aten/src/ATen/native/cuda/IndexKernel.cu:111: operator(): block: [11,0,0], thread: [124,0,0] Assertion `-sizes[i] <= index && index < sizes[i] && "index out of bounds"` failed.
/pytorch/aten/src/ATen/native/cuda/IndexKernel.cu:111: operator(): block: [11,0,0], thread: [125,0,0] Assertion `-sizes[i] <= index && index < sizes[i] && "index out of bounds"` failed.
/pytorch/aten/src/ATen/native/cuda/IndexKernel.cu:111: operator(): block: [11,0,0], thread: [126,0,0] Assertion `-sizes[i] <= index && index < sizes[i] && "index out of bounds"` failed.
/pytorch/aten/src/ATen/native/cuda/IndexKernel.cu:111: operator(): block: [11,0,0], thread: [127,0,0] Assertion `-sizes[i] <= index && index < sizes[i] && "index out of bounds"` failed.
/pytorch/aten/src/ATen/native/cuda/IndexKernel.cu:111: operator(): block: [11,0,0], thread: [0,0,0] Assertion `-sizes[i] <= index && index < sizes[i] && "index out of bounds"` failed.
/pytorch/aten/src/ATen/native/cuda/IndexKernel.cu:111: operator(): block: [11,0,0], thread: [1,0,0] Assertion `-sizes[i] <= index && index < sizes[i] && "index out of bounds"` failed.
/pytorch/aten/src/ATen/native/cuda/IndexKernel.cu:111: operator(): block: [11,0,0], thread: [2,0,0] Assertion `-sizes[i] <= index && index < sizes[i] && "index out of bounds"` failed.
/pytorch/aten/src/ATen/native/cuda/IndexKernel.cu:111: operator(): block: [11,0,0], thread: [3,0,0] Assertion `-sizes[i] <= index && index < sizes[i] && "index out of bounds"` failed.
/pytorch/aten/src/ATen/native/cuda/IndexKernel.cu:111: operator(): block: [11,0,0], thread: [4,0,0] Assertion `-sizes[i] <= index && index < sizes[i] && "index out of bounds"` failed.
/pytorch/aten/src/ATen/native/cuda/IndexKernel.cu:111: operator(): block: [11,0,0], thread: [5,0,0] Assertion `-sizes[i] <= index && index < sizes[i] && "index out of bounds"` failed.
/pytorch/aten/src/ATen/native/cuda/IndexKernel.cu:111: operator(): block: [11,0,0], thread: [6,0,0] Assertion `-sizes[i] <= index && index < sizes[i] && "index out of bounds"` failed.
/pytorch/aten/src/ATen/native/cuda/IndexKernel.cu:111: operator(): block: [11,0,0], thread: [7,0,0] Assertion `-sizes[i] <= index && index < sizes[i] && "index out of bounds"` failed.
/pytorch/aten/src/ATen/native/cuda/IndexKernel.cu:111: operator(): block: [11,0,0], thread: [8,0,0] Assertion `-sizes[i] <= index && index < sizes[i] && "index out of bounds"` failed.
/pytorch/aten/src/ATen/native/cuda/IndexKernel.cu:111: operator(): block: [11,0,0], thread: [9,0,0] Assertion `-sizes[i] <= index && index < sizes[i] && "index out of bounds"` failed.
/pytorch/aten/src/ATen/native/cuda/IndexKernel.cu:111: operator(): block: [11,0,0], thread: [10,0,0] Assertion `-sizes[i] <= index && index < sizes[i] && "index out of bounds"` failed.
/pytorch/aten/src/ATen/native/cuda/IndexKernel.cu:111: operator(): block: [11,0,0], thread: [11,0,0] Assertion `-sizes[i] <= index && index < sizes[i] && "index out of bounds"` failed.
/pytorch/aten/src/ATen/native/cuda/IndexKernel.cu:111: operator(): block: [11,0,0], thread: [12,0,0] Assertion `-sizes[i] <= index && index < sizes[i] && "index out of bounds"` failed.
/pytorch/aten/src/ATen/native/cuda/IndexKernel.cu:111: operator(): block: [11,0,0], thread: [13,0,0] Assertion `-sizes[i] <= index && index < sizes[i] && "index out of bounds"` failed.
/pytorch/aten/src/ATen/native/cuda/IndexKernel.cu:111: operator(): block: [11,0,0], thread: [14,0,0] Assertion `-sizes[i] <= index && index < sizes[i] && "index out of bounds"` failed.
/pytorch/aten/src/ATen/native/cuda/IndexKernel.cu:111: operator(): block: [11,0,0], thread: [15,0,0] Assertion `-sizes[i] <= index && index < sizes[i] && "index out of bounds"` failed.
/pytorch/aten/src/ATen/native/cuda/IndexKernel.cu:111: operator(): block: [11,0,0], thread: [16,0,0] Assertion `-sizes[i] <= index && index < sizes[i] && "index out of bounds"` failed.
/pytorch/aten/src/ATen/native/cuda/IndexKernel.cu:111: operator(): block: [11,0,0], thread: [17,0,0] Assertion `-sizes[i] <= index && index < sizes[i] && "index out of bounds"` failed.
/pytorch/aten/src/ATen/native/cuda/IndexKernel.cu:111: operator(): block: [11,0,0], thread: [18,0,0] Assertion `-sizes[i] <= index && index < sizes[i] && "index out of bounds"` failed.
/pytorch/aten/src/ATen/native/cuda/IndexKernel.cu:111: operator(): block: [11,0,0], thread: [19,0,0] Assertion `-sizes[i] <= index && index < sizes[i] && "index out of bounds"` failed.
/pytorch/aten/src/ATen/native/cuda/IndexKernel.cu:111: operator(): block: [11,0,0], thread: [20,0,0] Assertion `-sizes[i] <= index && index < sizes[i] && "index out of bounds"` failed.
/pytorch/aten/src/ATen/native/cuda/IndexKernel.cu:111: operator(): block: [11,0,0], thread: [21,0,0] Assertion `-sizes[i] <= index && index < sizes[i] && "index out of bounds"` failed.
/pytorch/aten/src/ATen/native/cuda/IndexKernel.cu:111: operator(): block: [11,0,0], thread: [22,0,0] Assertion `-sizes[i] <= index && index < sizes[i] && "index out of bounds"` failed.
/pytorch/aten/src/ATen/native/cuda/IndexKernel.cu:111: operator(): block: [11,0,0], thread: [23,0,0] Assertion `-sizes[i] <= index && index < sizes[i] && "index out of bounds"` failed.
/pytorch/aten/src/ATen/native/cuda/IndexKernel.cu:111: operator(): block: [11,0,0], thread: [24,0,0] Assertion `-sizes[i] <= index && index < sizes[i] && "index out of bounds"` failed.
/pytorch/aten/src/ATen/native/cuda/IndexKernel.cu:111: operator(): block: [11,0,0], thread: [25,0,0] Assertion `-sizes[i] <= index && index < sizes[i] && "index out of bounds"` failed.
/pytorch/aten/src/ATen/native/cuda/IndexKernel.cu:111: operator(): block: [11,0,0], thread: [26,0,0] Assertion `-sizes[i] <= index && index < sizes[i] && "index out of bounds"` failed.
/pytorch/aten/src/ATen/native/cuda/IndexKernel.cu:111: operator(): block: [11,0,0], thread: [27,0,0] Assertion `-sizes[i] <= index && index < sizes[i] && "index out of bounds"` failed.
/pytorch/aten/src/ATen/native/cuda/IndexKernel.cu:111: operator(): block: [11,0,0], thread: [28,0,0] Assertion `-sizes[i] <= index && index < sizes[i] && "index out of bounds"` failed.
/pytorch/aten/src/ATen/native/cuda/IndexKernel.cu:111: operator(): block: [11,0,0], thread: [29,0,0] Assertion `-sizes[i] <= index && index < sizes[i] && "index out of bounds"` failed.
/pytorch/aten/src/ATen/native/cuda/IndexKernel.cu:111: operator(): block: [11,0,0], thread: [30,0,0] Assertion `-sizes[i] <= index && index < sizes[i] && "index out of bounds"` failed.
/pytorch/aten/src/ATen/native/cuda/IndexKernel.cu:111: operator(): block: [11,0,0], thread: [31,0,0] Assertion `-sizes[i] <= index && index < sizes[i] && "index out of bounds"` failed.
/pytorch/aten/src/ATen/native/cuda/IndexKernel.cu:111: operator(): block: [11,0,0], thread: [64,0,0] Assertion `-sizes[i] <= index && index < sizes[i] && "index out of bounds"` failed.
/pytorch/aten/src/ATen/native/cuda/IndexKernel.cu:111: operator(): block: [11,0,0], thread: [65,0,0] Assertion `-sizes[i] <= index && index < sizes[i] && "index out of bounds"` failed.
/pytorch/aten/src/ATen/native/cuda/IndexKernel.cu:111: operator(): block: [11,0,0], thread: [66,0,0] Assertion `-sizes[i] <= index && index < sizes[i] && "index out of bounds"` failed.
/pytorch/aten/src/ATen/native/cuda/IndexKernel.cu:111: operator(): block: [11,0,0], thread: [67,0,0] Assertion `-sizes[i] <= index && index < sizes[i] && "index out of bounds"` failed.
/pytorch/aten/src/ATen/native/cuda/IndexKernel.cu:111: operator(): block: [11,0,0], thread: [68,0,0] Assertion `-sizes[i] <= index && index < sizes[i] && "index out of bounds"` failed.
/pytorch/aten/src/ATen/native/cuda/IndexKernel.cu:111: operator(): block: [11,0,0], thread: [69,0,0] Assertion `-sizes[i] <= index && index < sizes[i] && "index out of bounds"` failed.
/pytorch/aten/src/ATen/native/cuda/IndexKernel.cu:111: operator(): block: [11,0,0], thread: [70,0,0] Assertion `-sizes[i] <= index && index < sizes[i] && "index out of bounds"` failed.
/pytorch/aten/src/ATen/native/cuda/IndexKernel.cu:111: operator(): block: [11,0,0], thread: [71,0,0] Assertion `-sizes[i] <= index && index < sizes[i] && "index out of bounds"` failed.
/pytorch/aten/src/ATen/native/cuda/IndexKernel.cu:111: operator(): block: [11,0,0], thread: [72,0,0] Assertion `-sizes[i] <= index && index < sizes[i] && "index out of bounds"` failed.
/pytorch/aten/src/ATen/native/cuda/IndexKernel.cu:111: operator(): block: [11,0,0], thread: [73,0,0] Assertion `-sizes[i] <= index && index < sizes[i] && "index out of bounds"` failed.
/pytorch/aten/src/ATen/native/cuda/IndexKernel.cu:111: operator(): block: [11,0,0], thread: [74,0,0] Assertion `-sizes[i] <= index && index < sizes[i] && "index out of bounds"` failed.
/pytorch/aten/src/ATen/native/cuda/IndexKernel.cu:111: operator(): block: [11,0,0], thread: [75,0,0] Assertion `-sizes[i] <= index && index < sizes[i] && "index out of bounds"` failed.
/pytorch/aten/src/ATen/native/cuda/IndexKernel.cu:111: operator(): block: [11,0,0], thread: [76,0,0] Assertion `-sizes[i] <= index && index < sizes[i] && "index out of bounds"` failed.
/pytorch/aten/src/ATen/native/cuda/IndexKernel.cu:111: operator(): block: [11,0,0], thread: [77,0,0] Assertion `-sizes[i] <= index && index < sizes[i] && "index out of bounds"` failed.
/pytorch/aten/src/ATen/native/cuda/IndexKernel.cu:111: operator(): block: [11,0,0], thread: [78,0,0] Assertion `-sizes[i] <= index && index < sizes[i] && "index out of bounds"` failed.
/pytorch/aten/src/ATen/native/cuda/IndexKernel.cu:111: operator(): block: [11,0,0], thread: [79,0,0] Assertion `-sizes[i] <= index && index < sizes[i] && "index out of bounds"` failed.
/pytorch/aten/src/ATen/native/cuda/IndexKernel.cu:111: operator(): block: [11,0,0], thread: [80,0,0] Assertion `-sizes[i] <= index && index < sizes[i] && "index out of bounds"` failed.
/pytorch/aten/src/ATen/native/cuda/IndexKernel.cu:111: operator(): block: [11,0,0], thread: [81,0,0] Assertion `-sizes[i] <= index && index < sizes[i] && "index out of bounds"` failed.
/pytorch/aten/src/ATen/native/cuda/IndexKernel.cu:111: operator(): block: [11,0,0], thread: [82,0,0] Assertion `-sizes[i] <= index && index < sizes[i] && "index out of bounds"` failed.
/pytorch/aten/src/ATen/native/cuda/IndexKernel.cu:111: operator(): block: [11,0,0], thread: [83,0,0] Assertion `-sizes[i] <= index && index < sizes[i] && "index out of bounds"` failed.
/pytorch/aten/src/ATen/native/cuda/IndexKernel.cu:111: operator(): block: [11,0,0], thread: [84,0,0] Assertion `-sizes[i] <= index && index < sizes[i] && "index out of bounds"` failed.
/pytorch/aten/src/ATen/native/cuda/IndexKernel.cu:111: operator(): block: [11,0,0], thread: [85,0,0] Assertion `-sizes[i] <= index && index < sizes[i] && "index out of bounds"` failed.
/pytorch/aten/src/ATen/native/cuda/IndexKernel.cu:111: operator(): block: [11,0,0], thread: [86,0,0] Assertion `-sizes[i] <= index && index < sizes[i] && "index out of bounds"` failed.
/pytorch/aten/src/ATen/native/cuda/IndexKernel.cu:111: operator(): block: [11,0,0], thread: [87,0,0] Assertion `-sizes[i] <= index && index < sizes[i] && "index out of bounds"` failed.
/pytorch/aten/src/ATen/native/cuda/IndexKernel.cu:111: operator(): block: [11,0,0], thread: [88,0,0] Assertion `-sizes[i] <= index && index < sizes[i] && "index out of bounds"` failed.
/pytorch/aten/src/ATen/native/cuda/IndexKernel.cu:111: operator(): block: [11,0,0], thread: [89,0,0] Assertion `-sizes[i] <= index && index < sizes[i] && "index out of bounds"` failed.
/pytorch/aten/src/ATen/native/cuda/IndexKernel.cu:111: operator(): block: [11,0,0], thread: [90,0,0] Assertion `-sizes[i] <= index && index < sizes[i] && "index out of bounds"` failed.
/pytorch/aten/src/ATen/native/cuda/IndexKernel.cu:111: operator(): block: [11,0,0], thread: [91,0,0] Assertion `-sizes[i] <= index && index < sizes[i] && "index out of bounds"` failed.
/pytorch/aten/src/ATen/native/cuda/IndexKernel.cu:111: operator(): block: [11,0,0], thread: [92,0,0] Assertion `-sizes[i] <= index && index < sizes[i] && "index out of bounds"` failed.
/pytorch/aten/src/ATen/native/cuda/IndexKernel.cu:111: operator(): block: [11,0,0], thread: [93,0,0] Assertion `-sizes[i] <= index && index < sizes[i] && "index out of bounds"` failed.
/pytorch/aten/src/ATen/native/cuda/IndexKernel.cu:111: operator(): block: [11,0,0], thread: [94,0,0] Assertion `-sizes[i] <= index && index < sizes[i] && "index out of bounds"` failed.
/pytorch/aten/src/ATen/native/cuda/IndexKernel.cu:111: operator(): block: [11,0,0], thread: [95,0,0] Assertion `-sizes[i] <= index && index < sizes[i] && "index out of bounds"` failed.
Traceback (most recent call last):
  File "/home/rrahman/BT/Tabula Rasa/cgan/train_gan.py", line 257, in <module>
    main()
  File "/home/rrahman/BT/Tabula Rasa/cgan/train_gan.py", line 238, in main
    G, scale, hist, log_gain = run_task(L, dfd, task, args.gen0, steps, frames,
                               ^^^^^^^^^^^^^^^^^^^^^^^^^^^^^^^^^^^^^^^^^^^^^^^^
  File "/home/rrahman/BT/Tabula Rasa/cgan/train_gan.py", line 172, in run_task
    G, hist, log_gain = train(L, dfd, G, scale, task["target"], task["beta"], steps, frames, band, seed, mode)
                        ^^^^^^^^^^^^^^^^^^^^^^^^^^^^^^^^^^^^^^^^^^^^^^^^^^^^^^^^^^^^^^^^^^^^^^^^^^^^^^^^^^^^^^
  File "/home/rrahman/BT/Tabula Rasa/cgan/train_gan.py", line 147, in train
    s, _ = dfd.statistics(out["r"], out["z"], dets=[target], grad=True)
           ^^^^^^^^^^^^^^^^^^^^^^^^^^^^^^^^^^^^^^^^^^^^^^^^^^^^^^^^^^^^
  File "/home/rrahman/BT/Tabula Rasa/cgan/baselines.py", line 116, in statistics
    s["spec_cnn"] = raw["cnn"] = detectors.cnn_statistic(self.net, r, self.scale, grad=grad)
                                 ^^^^^^^^^^^^^^^^^^^^^^^^^^^^^^^^^^^^^^^^^^^^^^^^^^^^^^^^^^^
  File "/home/rrahman/BT/Tabula Rasa/cgan/detectors.py", line 223, in cnn_statistic
    logits = net(spectrogram_image(r, scale, grad=True))
                 ^^^^^^^^^^^^^^^^^^^^^^^^^^^^^^^^^^^^^^
  File "/home/rrahman/BT/Tabula Rasa/cgan/detectors.py", line 198, in spectrogram_image
    m = torch.tensor(IMAGENET_MEAN, device=r.device).reshape(1, 3, 1, 1)
        ^^^^^^^^^^^^^^^^^^^^^^^^^^^^^^^^^^^^^^^^^^^^
torch.AcceleratorError: CUDA error: device-side assert triggered
Search for `cudaErrorAssert' in https://docs.nvidia.com/cuda/cuda-runtime-api/group__CUDART__TYPES.html for more information.
CUDA kernel errors might be asynchronously reported at some other API call, so the stacktrace below might be incorrect.
For debugging consider passing CUDA_LAUNCH_BLOCKING=1
Compile with `TORCH_USE_CUDA_DSA` to enable device-side assertions.


Dr.Jit encountered an unrecoverable error and will now shut
down. Please re-run your program in debug mode to check for
out-of-bounds reads, writes, and other sources of undefined
behavior. You can do so by calling

   dr.set_flag(dr.JitFlag.Debug, True)

at the beginning of the program. If these additional checks
fail to pinpoint the problem, then you have likely found a
bug. We are happy to help investigate and fix the problem if
you can you create a self-contained reproducer and submit it
at https://github.com/mitsuba-renderer/drjit.

The error message of this specific failure is as follows:
>>> cuda_check(): API error 0710 (CUDA_ERROR_ASSERT): "device-side assert triggered" in /project/ext/drjit-core/src/cuda_core.cpp:433.
/scratch/slurm/spool/job2274911/slurm_script: line 19: 1020032 Aborted                 python -u train_gan.py "$@"
