node: tikgpu04.ee.ethz.ch | gpu: NVIDIA TITAN RTX
task 2 = {'target': 'power_one_sided', 'beta': 10.0}  (tag power_one_sided_b10, 128 frames/step, JSR band (-32.0, 0.0))
  target power_one_sided: threshold 0.100354, clean-frame std 0.000139964 (soft_pdet width)
  step    0  JSR   -6.6  loss 16.8853  logE[BER] -6.885  P_det_soft 1.0000  (1s)
  step   25  JSR  -29.7  loss 2739.4098  logE[BER] -2734.970  P_det_soft 0.4440  (2s)
  step   50  JSR  -13.9  loss 17.0331  logE[BER] -7.048  P_det_soft 0.9985  (2s)
  step   75  JSR   -5.8  loss 14.3789  logE[BER] -4.379  P_det_soft 1.0000  (3s)
  step  100  JSR  -11.9  loss 15.8651  logE[BER] -5.865  P_det_soft 1.0000  (3s)
  step  125  JSR  -21.2  loss 18.7624  logE[BER] -10.397  P_det_soft 0.8365  (4s)
  step  150  JSR   -0.3  loss 12.6242  logE[BER] -2.624  P_det_soft 1.0000  (4s)
  step  175  JSR   -5.9  loss 14.7206  logE[BER] -4.721  P_det_soft 1.0000  (5s)
  step  200  JSR  -10.0  loss 15.6363  logE[BER] -5.636  P_det_soft 1.0000  (5s)
  step  225  JSR   -1.8  loss 13.1345  logE[BER] -3.135  P_det_soft 1.0000  (6s)
  step  250  JSR  -24.1  loss 287.5256  logE[BER] -280.389  P_det_soft 0.7137  (6s)
  step  275  JSR  -23.0  loss 216.7267  logE[BER] -209.494  P_det_soft 0.7233  (7s)
  step  300  JSR  -11.5  loss 15.6667  logE[BER] -5.678  P_det_soft 0.9989  (7s)
  step  325  JSR   -2.5  loss 13.3908  logE[BER] -3.391  P_det_soft 1.0000  (8s)
  step  350  JSR  -30.0  loss 1478.7416  logE[BER] -1474.487  P_det_soft 0.4255  (8s)
  step  375  JSR  -17.3  loss 16.3744  logE[BER] -6.725  P_det_soft 0.9649  (9s)
  step  400  JSR  -28.6  loss 1147.1582  logE[BER] -1141.695  P_det_soft 0.5463  (9s)
  step  425  JSR  -14.8  loss 15.9255  logE[BER] -6.028  P_det_soft 0.9898  (10s)
  step  450  JSR  -18.8  loss 16.5453  logE[BER] -7.312  P_det_soft 0.9233  (10s)
  step  475  JSR  -19.7  loss 16.4828  logE[BER] -7.777  P_det_soft 0.8706  (11s)
  step  500  JSR  -10.7  loss 15.5219  logE[BER] -5.522  P_det_soft 1.0000  (11s)
  step  525  JSR  -10.3  loss 15.5311  logE[BER] -5.531  P_det_soft 1.0000  (12s)
  step  550  JSR   -3.3  loss 13.8177  logE[BER] -3.818  P_det_soft 1.0000  (12s)
  step  575  JSR  -31.0  loss 1692.5201  logE[BER] -1688.814  P_det_soft 0.3706  (13s)
  step  600  JSR   -3.4  loss 13.9713  logE[BER] -3.971  P_det_soft 1.0000  (14s)
  step  625  JSR  -18.9  loss 16.3408  logE[BER] -7.112  P_det_soft 0.9229  (14s)
  step  650  JSR  -20.9  loss 17.2471  logE[BER] -9.027  P_det_soft 0.8220  (15s)
  step  675  JSR   -3.4  loss 14.0275  logE[BER] -4.028  P_det_soft 1.0000  (15s)
  step  700  JSR  -20.7  loss 16.8402  logE[BER] -8.356  P_det_soft 0.8485  (16s)
  step  725  JSR  -11.5  loss 15.7723  logE[BER] -5.772  P_det_soft 1.0000  (16s)
  step  750  JSR  -13.6  loss 15.7837  logE[BER] -5.784  P_det_soft 0.9999  (17s)
  step  775  JSR  -18.9  loss 16.1372  logE[BER] -7.179  P_det_soft 0.8959  (17s)
  step  800  JSR  -26.4  loss 507.3934  logE[BER] -501.515  P_det_soft 0.5878  (18s)
  step  825  JSR  -15.1  loss 16.0518  logE[BER] -6.054  P_det_soft 0.9997  (18s)
  step  850  JSR  -16.6  loss 15.8917  logE[BER] -6.278  P_det_soft 0.9614  (19s)
  step  875  JSR  -29.7  loss 1308.8892  logE[BER] -1304.354  P_det_soft 0.4535  (19s)
  step  900  JSR   -1.5  loss 13.4235  logE[BER] -3.423  P_det_soft 1.0000  (20s)
  step  925  JSR  -28.8  loss 988.9976  logE[BER] -983.960  P_det_soft 0.5037  (20s)
  step  950  JSR  -25.1  loss 340.3803  logE[BER] -333.656  P_det_soft 0.6725  (21s)
  step  975  JSR   -2.0  loss 13.6118  logE[BER] -3.612  P_det_soft 1.0000  (21s)
  step 1000  JSR  -18.3  loss 16.0432  logE[BER] -6.732  P_det_soft 0.9311  (22s)
  step 1025  JSR  -26.6  loss 500.4559  logE[BER] -494.760  P_det_soft 0.5696  (22s)
  step 1050  JSR   -9.0  loss 15.2950  logE[BER] -5.295  P_det_soft 1.0000  (23s)
  step 1075  JSR  -14.2  loss 15.7474  logE[BER] -5.753  P_det_soft 0.9994  (23s)
  step 1100  JSR   -4.1  loss 14.3775  logE[BER] -4.377  P_det_soft 1.0000  (24s)
  step 1125  JSR  -17.6  loss 15.9498  logE[BER] -6.381  P_det_soft 0.9568  (24s)
  step 1150  JSR  -29.5  loss 1177.0753  logE[BER] -1172.411  P_det_soft 0.4664  (25s)
  step 1175  JSR  -12.0  loss 15.5607  logE[BER] -5.561  P_det_soft 1.0000  (26s)
  step 1200  JSR   -2.9  loss 14.0349  logE[BER] -4.035  P_det_soft 1.0000  (26s)
  step 1225  JSR  -31.1  loss 1514.6338  logE[BER] -1510.930  P_det_soft 0.3704  (27s)
  step 1250  JSR   -2.3  loss 13.8453  logE[BER] -3.845  P_det_soft 1.0000  (27s)
  step 1275  JSR   -5.2  loss 14.7296  logE[BER] -4.730  P_det_soft 1.0000  (28s)
  step 1300  JSR   -6.2  loss 14.9367  logE[BER] -4.937  P_det_soft 1.0000  (28s)
  step 1325  JSR  -11.9  loss 15.5470  logE[BER] -5.547  P_det_soft 1.0000  (29s)
  step 1350  JSR  -31.8  loss 1608.3223  logE[BER] -1604.588  P_det_soft 0.3735  (29s)
  step 1375  JSR  -12.7  loss 15.6316  logE[BER] -5.632  P_det_soft 1.0000  (30s)
  step 1400  JSR  -13.5  loss 15.6643  logE[BER] -5.743  P_det_soft 0.9922  (30s)
  step 1425  JSR  -31.3  loss 1586.9342  logE[BER] -1583.248  P_det_soft 0.3686  (31s)
  step 1450  JSR  -22.2  loss 16.8892  logE[BER] -8.966  P_det_soft 0.7923  (31s)
  step 1475  JSR   -6.8  loss 15.1022  logE[BER] -5.102  P_det_soft 1.0000  (32s)
  step 1500  JSR  -20.5  loss 16.2232  logE[BER] -7.553  P_det_soft 0.8670  (32s)
  step 1525  JSR  -17.0  loss 15.9481  logE[BER] -6.201  P_det_soft 0.9747  (33s)
  step 1550  JSR   -1.7  loss 13.6496  logE[BER] -3.650  P_det_soft 1.0000  (33s)
  step 1575  JSR  -27.4  loss 661.1551  logE[BER] -655.710  P_det_soft 0.5445  (34s)
  step 1600  JSR   -3.3  loss 14.1772  logE[BER] -4.177  P_det_soft 1.0000  (34s)
  step 1625  JSR  -30.3  loss 1383.0444  logE[BER] -1378.619  P_det_soft 0.4426  (35s)
  step 1650  JSR  -23.0  loss 18.1245  logE[BER] -10.783  P_det_soft 0.7342  (35s)
  step 1675  JSR  -29.0  loss 1024.6077  logE[BER] -1019.689  P_det_soft 0.4918  (36s)
  step 1700  JSR  -17.2  loss 15.9497  logE[BER] -6.208  P_det_soft 0.9742  (36s)
  step 1725  JSR  -12.8  loss 15.5944  logE[BER] -5.618  P_det_soft 0.9976  (37s)
  step 1750  JSR  -22.7  loss 17.5989  logE[BER] -9.755  P_det_soft 0.7844  (38s)
  step 1775  JSR  -22.9  loss 18.1448  logE[BER] -11.010  P_det_soft 0.7135  (38s)
  step 1800  JSR  -12.9  loss 15.6668  logE[BER] -5.667  P_det_soft 1.0000  (39s)
  step 1825  JSR   -8.7  loss 15.3379  logE[BER] -5.338  P_det_soft 1.0000  (39s)
  step 1850  JSR   -1.0  loss 13.4648  logE[BER] -3.465  P_det_soft 1.0000  (40s)
  step 1875  JSR  -29.3  loss 1194.9287  logE[BER] -1190.410  P_det_soft 0.4518  (40s)
  step 1900  JSR   -6.0  loss 14.9445  logE[BER] -4.944  P_det_soft 1.0000  (41s)
  step 1925  JSR  -19.3  loss 15.8174  logE[BER] -6.610  P_det_soft 0.9208  (41s)
  step 1950  JSR  -19.9  loss 16.0954  logE[BER] -7.079  P_det_soft 0.9017  (42s)
  step 1975  JSR   -0.5  loss 13.2901  logE[BER] -3.290  P_det_soft 1.0000  (42s)
  step 2000  JSR  -17.7  loss 16.1467  logE[BER] -6.412  P_det_soft 0.9735  (43s)
  step 2025  JSR  -10.0  loss 15.3080  logE[BER] -5.308  P_det_soft 1.0000  (43s)
  step 2050  JSR  -16.2  loss 15.6944  logE[BER] -5.865  P_det_soft 0.9829  (44s)
  step 2075  JSR   -9.1  loss 15.3137  logE[BER] -5.314  P_det_soft 1.0000  (44s)
  step 2100  JSR  -29.5  loss 1121.2605  logE[BER] -1116.665  P_det_soft 0.4596  (45s)
  step 2125  JSR   -6.7  loss 15.0845  logE[BER] -5.084  P_det_soft 1.0000  (45s)
  step 2150  JSR  -30.9  loss 1535.2725  logE[BER] -1531.266  P_det_soft 0.4006  (46s)
  step 2175  JSR  -12.8  loss 15.5200  logE[BER] -5.520  P_det_soft 1.0000  (46s)
  step 2200  JSR  -31.6  loss 1667.5694  logE[BER] -1663.277  P_det_soft 0.4293  (47s)
  step 2225  JSR   -1.7  loss 13.7949  logE[BER] -3.795  P_det_soft 1.0000  (48s)
  step 2250  JSR  -21.8  loss 16.2769  logE[BER] -8.124  P_det_soft 0.8153  (48s)
  step 2275  JSR  -10.1  loss 15.4271  logE[BER] -5.427  P_det_soft 1.0000  (49s)
  step 2300  JSR   -8.6  loss 15.3273  logE[BER] -5.327  P_det_soft 1.0000  (49s)
  step 2325  JSR  -14.2  loss 15.7627  logE[BER] -5.770  P_det_soft 0.9992  (50s)
  step 2350  JSR  -16.6  loss 16.0700  logE[BER] -6.215  P_det_soft 0.9855  (50s)
  step 2375  JSR  -18.3  loss 16.1388  logE[BER] -6.496  P_det_soft 0.9643  (51s)
  step 2400  JSR  -18.8  loss 15.7185  logE[BER] -6.415  P_det_soft 0.9303  (51s)
  step 2425  JSR  -21.2  loss 16.0982  logE[BER] -7.760  P_det_soft 0.8339  (52s)
  step 2450  JSR  -11.7  loss 15.4718  logE[BER] -5.472  P_det_soft 1.0000  (52s)
  step 2475  JSR  -25.1  loss 150.0748  logE[BER] -143.845  P_det_soft 0.6229  (53s)
  step 2500  JSR   -6.3  loss 14.9736  logE[BER] -4.974  P_det_soft 1.0000  (53s)
  step 2525  JSR  -18.9  loss 15.9186  logE[BER] -6.550  P_det_soft 0.9368  (54s)
  step 2550  JSR  -31.9  loss 1684.2877  logE[BER] -1680.891  P_det_soft 0.3397  (54s)
  step 2575  JSR   -0.7  loss 13.2926  logE[BER] -3.293  P_det_soft 1.0000  (55s)
  step 2600  JSR  -20.0  loss 15.8314  logE[BER] -6.823  P_det_soft 0.9009  (55s)
  step 2625  JSR   -1.9  loss 13.8446  logE[BER] -3.845  P_det_soft 1.0000  (56s)
  step 2650  JSR  -23.6  loss 28.1322  logE[BER] -20.690  P_det_soft 0.7442  (56s)
  step 2675  JSR  -21.6  loss 15.6345  logE[BER] -7.927  P_det_soft 0.7708  (57s)
  step 2700  JSR   -1.2  loss 13.6792  logE[BER] -3.679  P_det_soft 1.0000  (58s)
  step 2725  JSR  -12.1  loss 15.6807  logE[BER] -5.681  P_det_soft 1.0000  (58s)
  step 2750  JSR  -17.6  loss 15.9366  logE[BER] -6.156  P_det_soft 0.9781  (59s)
  step 2775  JSR  -31.3  loss 1568.7631  logE[BER] -1564.509  P_det_soft 0.4254  (59s)
  step 2800  JSR  -23.1  loss 17.8488  logE[BER] -11.024  P_det_soft 0.6824  (60s)
  step 2825  JSR  -22.1  loss 16.5090  logE[BER] -8.498  P_det_soft 0.8011  (60s)
  step 2850  JSR  -25.3  loss 201.4508  logE[BER] -195.164  P_det_soft 0.6287  (61s)
  step 2875  JSR  -15.8  loss 15.8070  logE[BER] -5.963  P_det_soft 0.9844  (61s)
  step 2900  JSR   -9.9  loss 15.4422  logE[BER] -5.442  P_det_soft 1.0000  (62s)
  step 2925  JSR  -25.7  loss 260.8082  logE[BER] -254.350  P_det_soft 0.6458  (62s)
  step 2950  JSR  -23.4  loss 48.3633  logE[BER] -41.215  P_det_soft 0.7149  (63s)
  step 2975  JSR  -29.3  loss 1076.5547  logE[BER] -1071.177  P_det_soft 0.5378  (63s)
  step 3000  JSR   -8.8  loss 15.3016  logE[BER] -5.302  P_det_soft 1.0000  (64s)
  step 3025  JSR  -18.2  loss 15.8671  logE[BER] -6.405  P_det_soft 0.9462  (64s)
  step 3050  JSR   -0.0  loss 13.2717  logE[BER] -3.272  P_det_soft 1.0000  (65s)
  step 3075  JSR  -26.3  loss 349.5387  logE[BER] -343.086  P_det_soft 0.6453  (65s)
  step 3100  JSR  -18.1  loss 16.0078  logE[BER] -6.292  P_det_soft 0.9715  (66s)
  step 3125  JSR  -27.7  loss 672.6666  logE[BER] -667.350  P_det_soft 0.5316  (66s)
  step 3150  JSR  -31.8  loss 1662.5809  logE[BER] -1658.262  P_det_soft 0.4319  (67s)
  step 3175  JSR  -20.0  loss 15.6818  logE[BER] -6.855  P_det_soft 0.8826  (68s)
  step 3200  JSR  -30.0  loss 1237.9861  logE[BER] -1233.219  P_det_soft 0.4767  (68s)
  step 3225  JSR  -14.7  loss 15.8989  logE[BER] -5.899  P_det_soft 1.0000  (69s)
  step 3250  JSR  -19.6  loss 15.8231  logE[BER] -6.703  P_det_soft 0.9121  (69s)
  step 3275  JSR  -10.3  loss 15.3414  logE[BER] -5.341  P_det_soft 1.0000  (70s)
  step 3300  JSR  -16.7  loss 15.8922  logE[BER] -5.979  P_det_soft 0.9914  (70s)
  step 3325  JSR  -17.3  loss 15.8455  logE[BER] -6.032  P_det_soft 0.9814  (71s)
  step 3350  JSR   -3.8  loss 14.5468  logE[BER] -4.547  P_det_soft 1.0000  (71s)
  step 3375  JSR   -5.6  loss 14.9318  logE[BER] -4.932  P_det_soft 1.0000  (72s)
  step 3400  JSR  -20.8  loss 15.6901  logE[BER] -7.372  P_det_soft 0.8318  (72s)
  step 3425  JSR  -21.1  loss 16.4947  logE[BER] -7.672  P_det_soft 0.8822  (73s)
  step 3450  JSR   -7.1  loss 15.1402  logE[BER] -5.140  P_det_soft 1.0000  (73s)
  step 3475  JSR   -6.2  loss 15.0188  logE[BER] -5.019  P_det_soft 1.0000  (74s)
  step 3500  JSR   -9.9  loss 15.4162  logE[BER] -5.416  P_det_soft 1.0000  (74s)
  step 3525  JSR  -18.7  loss 15.5671  logE[BER] -6.365  P_det_soft 0.9202  (75s)
  step 3550  JSR  -23.8  loss 46.5777  logE[BER] -39.159  P_det_soft 0.7418  (75s)
  step 3575  JSR  -31.0  loss 1430.7708  logE[BER] -1426.481  P_det_soft 0.4290  (76s)
  step 3600  JSR  -13.9  loss 15.8295  logE[BER] -5.830  P_det_soft 1.0000  (77s)
  step 3625  JSR   -5.7  loss 14.8638  logE[BER] -4.864  P_det_soft 1.0000  (77s)
  step 3650  JSR  -15.8  loss 15.8324  logE[BER] -5.897  P_det_soft 0.9935  (78s)
  step 3675  JSR  -31.8  loss 1659.2202  logE[BER] -1655.268  P_det_soft 0.3952  (78s)
  step 3700  JSR  -16.2  loss 15.8034  logE[BER] -5.891  P_det_soft 0.9912  (79s)
  step 3725  JSR   -4.3  loss 14.7669  logE[BER] -4.767  P_det_soft 1.0000  (79s)
  step 3750  JSR   -6.9  loss 15.1960  logE[BER] -5.196  P_det_soft 1.0000  (80s)
  step 3775  JSR  -30.5  loss 1328.2712  logE[BER] -1324.260  P_det_soft 0.4012  (80s)
  step 3800  JSR   -4.0  loss 14.4320  logE[BER] -4.432  P_det_soft 1.0000  (81s)
  step 3825  JSR  -14.9  loss 15.7732  logE[BER] -5.773  P_det_soft 1.0000  (81s)
  step 3850  JSR   -7.5  loss 15.1528  logE[BER] -5.153  P_det_soft 1.0000  (82s)
  step 3875  JSR  -16.5  loss 15.8088  logE[BER] -5.914  P_det_soft 0.9895  (82s)
  step 3900  JSR  -13.7  loss 15.7424  logE[BER] -5.742  P_det_soft 1.0000  (83s)
  step 3925  JSR   -9.2  loss 15.2260  logE[BER] -5.226  P_det_soft 1.0000  (83s)
  step 3950  JSR  -11.1  loss 15.3716  logE[BER] -5.372  P_det_soft 1.0000  (84s)
  step 3975  JSR  -18.3  loss 16.1398  logE[BER] -6.380  P_det_soft 0.9760  (84s)
  step 3999  JSR  -22.9  loss 17.7447  logE[BER] -9.736  P_det_soft 0.8009  (85s)
wrote task2_G.pt, task2.json  (tag power_one_sided_b10)
