node: tikgpu07.ee.ethz.ch | gpu: NVIDIA GeForce RTX 3090
task 14 = {'target': 'spec_cnn', 'beta': 10.0}  (tag spec_cnn_b10, 32 frames/step, JSR band (-48.0, -16.0))
  target spec_cnn: threshold -3.17573, clean-frame std 0.949107 (soft_pdet width)
  step    0  JSR  -29.2  loss 3692.7903  logE[BER] -3686.078  P_det_soft 0.6712  (1s)
  step   25  JSR  -31.6  loss 2958.8756  logE[BER] -2954.854  P_det_soft 0.4021  (3s)
  step   50  JSR  -19.3  loss 760.8817  logE[BER] -750.906  P_det_soft 0.9976  (4s)
  step   75  JSR  -31.9  loss 2968.8334  logE[BER] -2965.040  P_det_soft 0.3794  (6s)
  step  100  JSR  -28.4  loss 2668.8134  logE[BER] -2662.064  P_det_soft 0.6750  (7s)
  step  125  JSR  -45.7  loss 3764.4376  logE[BER] -3762.314  P_det_soft 0.2124  (9s)
  step  150  JSR  -43.2  loss 3724.0005  logE[BER] -3722.044  P_det_soft 0.1957  (11s)
  step  175  JSR  -28.0  loss 2303.5831  logE[BER] -2296.931  P_det_soft 0.6652  (12s)
  step  200  JSR  -18.9  loss 567.6296  logE[BER] -557.660  P_det_soft 0.9970  (14s)
  step  225  JSR  -22.6  loss 1575.9868  logE[BER] -1566.144  P_det_soft 0.9842  (16s)
  step  250  JSR  -31.7  loss 2869.8332  logE[BER] -2865.690  P_det_soft 0.4143  (17s)
  step  275  JSR  -36.5  loss 3320.8081  logE[BER] -3318.944  P_det_soft 0.1864  (19s)
  step  300  JSR  -29.8  loss 2444.2868  logE[BER] -2439.487  P_det_soft 0.4800  (21s)
  step  325  JSR  -45.2  loss 3707.1179  logE[BER] -3705.404  P_det_soft 0.1714  (22s)
  step  350  JSR  -27.2  loss 1990.4003  logE[BER] -1983.854  P_det_soft 0.6546  (24s)
  step  375  JSR  -34.6  loss 3138.1973  logE[BER] -3135.455  P_det_soft 0.2742  (26s)
  step  400  JSR  -18.5  loss 278.8374  logE[BER] -268.865  P_det_soft 0.9972  (27s)
  step  425  JSR  -45.1  loss 3727.0150  logE[BER] -3725.363  P_det_soft 0.1652  (29s)
  step  450  JSR  -37.6  loss 3298.5211  logE[BER] -3296.563  P_det_soft 0.1958  (31s)
  step  475  JSR  -34.5  loss 3020.4253  logE[BER] -3017.492  P_det_soft 0.2934  (32s)
  step  500  JSR  -46.7  loss 3755.5309  logE[BER] -3753.962  P_det_soft 0.1569  (34s)
  step  525  JSR  -17.3  loss 17.6964  logE[BER] -7.724  P_det_soft 0.9972  (36s)
  step  550  JSR  -35.6  loss 3135.3584  logE[BER] -3133.243  P_det_soft 0.2115  (37s)
  step  575  JSR  -45.4  loss 3688.7522  logE[BER] -3686.854  P_det_soft 0.1898  (39s)
  step  600  JSR  -23.2  loss 851.1215  logE[BER] -841.736  P_det_soft 0.9386  (41s)
  step  625  JSR  -20.6  loss 484.5074  logE[BER] -474.590  P_det_soft 0.9917  (43s)
  step  650  JSR  -19.7  loss 81.1913  logE[BER] -71.261  P_det_soft 0.9930  (44s)
  step  675  JSR  -34.3  loss 2991.8455  logE[BER] -2989.135  P_det_soft 0.2711  (46s)
  step  700  JSR  -34.2  loss 2909.9043  logE[BER] -2907.720  P_det_soft 0.2184  (48s)
  step  725  JSR  -23.4  loss 853.2947  logE[BER] -843.710  P_det_soft 0.9585  (50s)
  step  750  JSR  -19.4  loss 327.8061  logE[BER] -317.861  P_det_soft 0.9945  (51s)
  step  775  JSR  -32.1  loss 2778.0189  logE[BER] -2775.333  P_det_soft 0.2686  (53s)
  step  800  JSR  -41.8  loss 3433.0357  logE[BER] -3431.789  P_det_soft 0.1246  (55s)
  step  825  JSR  -35.2  loss 3038.7181  logE[BER] -3035.733  P_det_soft 0.2985  (57s)
  step  850  JSR  -38.0  loss 3138.4517  logE[BER] -3137.137  P_det_soft 0.1315  (59s)
  step  875  JSR  -22.2  loss 271.5166  logE[BER] -262.132  P_det_soft 0.9385  (60s)
  step  900  JSR  -27.0  loss 1819.5132  logE[BER] -1812.676  P_det_soft 0.6837  (62s)
  step  925  JSR  -26.7  loss 1800.1908  logE[BER] -1792.615  P_det_soft 0.7576  (64s)
  step  950  JSR  -16.5  loss 16.8297  logE[BER] -6.848  P_det_soft 0.9982  (66s)
  step  975  JSR  -29.8  loss 2210.6187  logE[BER] -2205.995  P_det_soft 0.4623  (68s)
  step 1000  JSR  -32.3  loss 2610.4614  logE[BER] -2608.048  P_det_soft 0.2414  (70s)
  step 1025  JSR  -44.1  loss 3579.5788  logE[BER] -3577.815  P_det_soft 0.1764  (72s)
  step 1050  JSR  -46.6  loss 3652.9857  logE[BER] -3651.470  P_det_soft 0.1516  (73s)
  step 1075  JSR  -21.5  loss 123.5456  logE[BER] -113.810  P_det_soft 0.9736  (75s)
  step 1100  JSR  -44.3  loss 3535.7317  logE[BER] -3533.793  P_det_soft 0.1938  (77s)
  step 1125  JSR  -37.9  loss 3143.0097  logE[BER] -3140.704  P_det_soft 0.2305  (79s)
  step 1150  JSR  -30.2  loss 1855.7570  logE[BER] -1851.340  P_det_soft 0.4417  (81s)
  step 1175  JSR  -42.8  loss 3400.7442  logE[BER] -3399.193  P_det_soft 0.1551  (83s)
  step 1200  JSR  -40.9  loss 3292.9889  logE[BER] -3291.410  P_det_soft 0.1579  (85s)
  step 1225  JSR  -32.9  loss 2324.4761  logE[BER] -2321.489  P_det_soft 0.2987  (87s)
  step 1250  JSR  -25.6  loss 706.3963  logE[BER] -700.311  P_det_soft 0.6085  (89s)
  step 1275  JSR  -26.4  loss 765.1141  logE[BER] -760.173  P_det_soft 0.4941  (91s)
  step 1300  JSR  -37.4  loss 2918.6490  logE[BER] -2916.541  P_det_soft 0.2109  (93s)
  step 1325  JSR  -19.0  loss 17.1361  logE[BER] -7.401  P_det_soft 0.9735  (95s)
  step 1350  JSR  -46.9  loss 3551.7790  logE[BER] -3550.016  P_det_soft 0.1763  (97s)
  step 1375  JSR  -39.8  loss 3110.9089  logE[BER] -3108.347  P_det_soft 0.2562  (99s)
  step 1400  JSR  -18.5  loss 16.4620  logE[BER] -6.610  P_det_soft 0.9852  (101s)
  step 1425  JSR  -38.0  loss 2842.3472  logE[BER] -2840.291  P_det_soft 0.2057  (103s)
  step 1450  JSR  -29.3  loss 1416.9288  logE[BER] -1413.663  P_det_soft 0.3266  (106s)
  step 1475  JSR  -43.2  loss 3330.1941  logE[BER] -3327.693  P_det_soft 0.2501  (108s)
  step 1500  JSR  -24.8  loss 251.8256  logE[BER] -245.487  P_det_soft 0.6339  (110s)
  step 1525  JSR  -29.1  loss 1066.0008  logE[BER] -1062.751  P_det_soft 0.3250  (112s)
  step 1550  JSR  -40.6  loss 3030.6209  logE[BER] -3028.287  P_det_soft 0.2334  (114s)
  step 1575  JSR  -31.9  loss 1741.7241  logE[BER] -1738.748  P_det_soft 0.2976  (116s)
  step 1600  JSR  -34.0  loss 2336.8590  logE[BER] -2334.412  P_det_soft 0.2447  (119s)
  step 1625  JSR  -38.9  loss 2867.4510  logE[BER] -2865.169  P_det_soft 0.2282  (121s)
  step 1650  JSR  -18.2  loss 16.0368  logE[BER] -6.351  P_det_soft 0.9685  (123s)
  step 1675  JSR  -41.5  loss 3167.0487  logE[BER] -3165.280  P_det_soft 0.1769  (125s)
  step 1700  JSR  -42.7  loss 3244.1726  logE[BER] -3242.288  P_det_soft 0.1884  (128s)
  step 1725  JSR  -30.0  loss 1198.5860  logE[BER] -1195.708  P_det_soft 0.2878  (130s)
  step 1750  JSR  -41.0  loss 3071.4194  logE[BER] -3069.297  P_det_soft 0.2123  (132s)
  step 1775  JSR  -35.6  loss 2336.8472  logE[BER] -2335.360  P_det_soft 0.1487  (135s)
  step 1800  JSR  -35.1  loss 2301.3131  logE[BER] -2299.053  P_det_soft 0.2261  (137s)
  step 1825  JSR  -35.0  loss 2275.0151  logE[BER] -2272.095  P_det_soft 0.2920  (139s)
  step 1850  JSR  -18.5  loss 14.9077  logE[BER] -6.303  P_det_soft 0.8605  (142s)
  step 1875  JSR  -19.5  loss 14.6297  logE[BER] -6.491  P_det_soft 0.8139  (144s)
  step 1900  JSR  -29.1  loss 1119.7697  logE[BER] -1116.346  P_det_soft 0.3423  (146s)
  step 1925  JSR  -20.2  loss 13.1042  logE[BER] -6.448  P_det_soft 0.6656  (149s)
  step 1950  JSR  -31.8  loss 1564.1591  logE[BER] -1561.210  P_det_soft 0.2949  (151s)
  step 1975  JSR  -35.0  loss 2358.9827  logE[BER] -2356.775  P_det_soft 0.2208  (153s)
  step 2000  JSR  -34.1  loss 2108.9157  logE[BER] -2107.007  P_det_soft 0.1909  (156s)
  step 2025  JSR  -23.4  loss 16.6024  logE[BER] -11.393  P_det_soft 0.5209  (158s)
  step 2050  JSR  -41.7  loss 3091.5611  logE[BER] -3089.409  P_det_soft 0.2152  (161s)
  step 2075  JSR  -42.5  loss 3210.3670  logE[BER] -3208.698  P_det_soft 0.1669  (163s)
  step 2100  JSR  -25.8  loss 244.9380  logE[BER] -241.324  P_det_soft 0.3614  (165s)
  step 2125  JSR  -45.1  loss 3390.5656  logE[BER] -3389.095  P_det_soft 0.1471  (168s)
  step 2150  JSR  -22.3  loss 11.9662  logE[BER] -7.333  P_det_soft 0.4633  (170s)
  step 2175  JSR  -44.0  loss 3295.9778  logE[BER] -3294.622  P_det_soft 0.1356  (173s)
  step 2200  JSR  -26.9  loss 399.7404  logE[BER] -396.921  P_det_soft 0.2820  (175s)
  step 2225  JSR  -34.8  loss 2192.8470  logE[BER] -2190.306  P_det_soft 0.2541  (178s)
  step 2250  JSR  -40.7  loss 2987.7955  logE[BER] -2986.509  P_det_soft 0.1286  (180s)
  step 2275  JSR  -26.5  loss 367.0192  logE[BER] -363.364  P_det_soft 0.3655  (183s)
  step 2300  JSR  -35.7  loss 2291.4045  logE[BER] -2288.952  P_det_soft 0.2452  (185s)
  step 2325  JSR  -30.5  loss 1209.6307  logE[BER] -1207.106  P_det_soft 0.2525  (187s)
  step 2350  JSR  -20.5  loss 13.2324  logE[BER] -7.034  P_det_soft 0.6198  (190s)
  step 2375  JSR  -43.2  loss 3252.1603  logE[BER] -3250.367  P_det_soft 0.1793  (192s)
  step 2400  JSR  -18.2  loss 14.0421  logE[BER] -6.121  P_det_soft 0.7922  (195s)
  step 2425  JSR  -46.2  loss 3455.2321  logE[BER] -3453.875  P_det_soft 0.1357  (197s)
  step 2450  JSR  -34.2  loss 2119.8778  logE[BER] -2117.732  P_det_soft 0.2146  (200s)
  step 2475  JSR  -24.0  loss 37.0689  logE[BER] -34.005  P_det_soft 0.3063  (202s)
  step 2500  JSR  -45.0  loss 3373.0146  logE[BER] -3371.493  P_det_soft 0.1522  (204s)
  step 2525  JSR  -40.9  loss 3004.1217  logE[BER] -3002.057  P_det_soft 0.2065  (207s)
  step 2550  JSR  -23.3  loss 12.3515  logE[BER] -8.212  P_det_soft 0.4139  (209s)
  step 2575  JSR  -17.7  loss 14.5817  logE[BER] -6.063  P_det_soft 0.8519  (212s)
  step 2600  JSR  -36.8  loss 2492.4478  logE[BER] -2489.937  P_det_soft 0.2511  (214s)
  step 2625  JSR  -43.6  loss 3270.9742  logE[BER] -3269.051  P_det_soft 0.1923  (217s)
  step 2650  JSR  -34.4  loss 2055.4410  logE[BER] -2052.830  P_det_soft 0.2611  (219s)
  step 2675  JSR  -19.4  loss 12.4674  logE[BER] -6.500  P_det_soft 0.5967  (222s)
  step 2700  JSR  -26.7  loss 406.1207  logE[BER] -402.965  P_det_soft 0.3155  (224s)
  step 2725  JSR  -31.8  loss 1478.1443  logE[BER] -1474.867  P_det_soft 0.3278  (226s)
  step 2750  JSR  -17.1  loss 15.0235  logE[BER] -6.066  P_det_soft 0.8957  (229s)
  step 2775  JSR  -29.3  loss 977.8054  logE[BER] -975.769  P_det_soft 0.2036  (231s)
  step 2800  JSR  -37.1  loss 2566.7181  logE[BER] -2565.034  P_det_soft 0.1684  (234s)
  step 2825  JSR  -27.8  loss 597.3416  logE[BER] -594.095  P_det_soft 0.3247  (236s)
  step 2850  JSR  -23.8  loss 17.6735  logE[BER] -12.725  P_det_soft 0.4949  (239s)
  step 2875  JSR  -29.5  loss 1005.8386  logE[BER] -1003.109  P_det_soft 0.2730  (241s)
  step 2900  JSR  -17.8  loss 13.8192  logE[BER] -5.777  P_det_soft 0.8042  (243s)
  step 2925  JSR  -33.1  loss 1822.6915  logE[BER] -1820.656  P_det_soft 0.2035  (246s)
  step 2950  JSR  -21.5  loss 11.9609  logE[BER] -6.406  P_det_soft 0.5555  (248s)
  step 2975  JSR  -28.3  loss 693.5981  logE[BER] -690.917  P_det_soft 0.2681  (251s)
  step 3000  JSR  -43.8  loss 3283.1336  logE[BER] -3281.852  P_det_soft 0.1282  (253s)
  step 3025  JSR  -34.6  loss 2211.1203  logE[BER] -2208.784  P_det_soft 0.2336  (256s)
  step 3050  JSR  -26.5  loss 331.4784  logE[BER] -328.728  P_det_soft 0.2750  (258s)
  step 3075  JSR  -17.9  loss 13.6614  logE[BER] -6.178  P_det_soft 0.7484  (260s)
  step 3100  JSR  -36.3  loss 2487.3339  logE[BER] -2485.695  P_det_soft 0.1639  (263s)
  step 3125  JSR  -34.0  loss 1996.0168  logE[BER] -1993.834  P_det_soft 0.2183  (265s)
  step 3150  JSR  -24.6  loss 40.2317  logE[BER] -37.566  P_det_soft 0.2666  (268s)
  step 3175  JSR  -21.8  loss 10.6000  logE[BER] -6.931  P_det_soft 0.3669  (270s)
  step 3200  JSR  -17.6  loss 12.8509  logE[BER] -5.920  P_det_soft 0.6931  (273s)
  step 3225  JSR  -41.6  loss 3063.7095  logE[BER] -3062.157  P_det_soft 0.1553  (275s)
  step 3250  JSR  -19.5  loss 12.1263  logE[BER] -6.306  P_det_soft 0.5820  (278s)
  step 3275  JSR  -19.4  loss 13.0790  logE[BER] -6.301  P_det_soft 0.6778  (280s)
  step 3300  JSR  -17.9  loss 13.1837  logE[BER] -5.835  P_det_soft 0.7348  (282s)
  step 3325  JSR  -44.5  loss 3347.3318  logE[BER] -3345.871  P_det_soft 0.1461  (285s)
  step 3350  JSR  -25.8  loss 266.7585  logE[BER] -263.448  P_det_soft 0.3310  (287s)
  step 3375  JSR  -26.4  loss 287.8727  logE[BER] -284.625  P_det_soft 0.3248  (290s)
  step 3400  JSR  -35.3  loss 2179.8528  logE[BER] -2177.207  P_det_soft 0.2646  (292s)
  step 3425  JSR  -33.7  loss 2013.5673  logE[BER] -2011.225  P_det_soft 0.2342  (295s)
  step 3450  JSR  -17.8  loss 13.7606  logE[BER] -6.386  P_det_soft 0.7375  (297s)
  step 3475  JSR  -42.7  loss 3195.5264  logE[BER] -3193.330  P_det_soft 0.2197  (299s)
  step 3500  JSR  -39.4  loss 2857.3145  logE[BER] -2855.344  P_det_soft 0.1970  (302s)
  step 3525  JSR  -43.0  loss 3206.4438  logE[BER] -3204.887  P_det_soft 0.1557  (304s)
  step 3550  JSR  -46.6  loss 3471.8075  logE[BER] -3470.455  P_det_soft 0.1353  (307s)
  step 3575  JSR  -32.8  loss 1718.3806  logE[BER] -1716.188  P_det_soft 0.2192  (309s)
  step 3600  JSR  -21.9  loss 12.2808  logE[BER] -6.903  P_det_soft 0.5378  (312s)
  step 3625  JSR  -17.9  loss 13.9342  logE[BER] -5.888  P_det_soft 0.8046  (314s)
  step 3650  JSR  -33.1  loss 1766.3551  logE[BER] -1763.648  P_det_soft 0.2707  (316s)
  step 3675  JSR  -16.8  loss 13.5375  logE[BER] -6.100  P_det_soft 0.7437  (319s)
  step 3700  JSR  -24.4  loss 69.5679  logE[BER] -67.398  P_det_soft 0.2169  (321s)
  step 3725  JSR  -45.4  loss 3384.8456  logE[BER] -3383.135  P_det_soft 0.1711  (324s)
  step 3750  JSR  -28.2  loss 891.6419  logE[BER] -888.767  P_det_soft 0.2875  (326s)
  step 3775  JSR  -39.5  loss 3018.3855  logE[BER] -3016.766  P_det_soft 0.1620  (329s)
  step 3800  JSR  -17.1  loss 13.8964  logE[BER] -5.953  P_det_soft 0.7943  (331s)
  step 3825  JSR  -38.7  loss 2692.1370  logE[BER] -2690.343  P_det_soft 0.1794  (333s)
  step 3850  JSR  -31.8  loss 1538.7779  logE[BER] -1536.399  P_det_soft 0.2379  (336s)
  step 3875  JSR  -35.6  loss 2218.0510  logE[BER] -2215.278  P_det_soft 0.2773  (338s)
  step 3900  JSR  -46.8  loss 3472.1228  logE[BER] -3470.596  P_det_soft 0.1527  (341s)
  step 3925  JSR  -24.6  loss 75.3733  logE[BER] -71.639  P_det_soft 0.3734  (343s)
  step 3950  JSR  -27.0  loss 417.4947  logE[BER] -415.086  P_det_soft 0.2409  (345s)
  step 3975  JSR  -38.9  loss 2801.2470  logE[BER] -2798.820  P_det_soft 0.2427  (348s)
  step 3999  JSR  -17.8  loss 12.6656  logE[BER] -5.864  P_det_soft 0.6802  (350s)
wrote task14_G.pt, task14.json  (tag spec_cnn_b10)
