node: tikgpu04.ee.ethz.ch | gpu: NVIDIA TITAN RTX
task 17 = {'target': 'spec_cnn', 'beta': 10000.0}  (tag spec_cnn_b10000, 32 frames/step, JSR band (-48.0, -16.0))
  target spec_cnn: threshold -3.17573, clean-frame std 0.940603 (soft_pdet width)
  step    0  JSR  -18.1  loss 11801.5401  logE[BER] -1879.942  P_det_soft 0.9922  (1s)
  step   25  JSR  -45.2  loss 5844.7264  logE[BER] -3874.186  P_det_soft 0.1971  (3s)
  step   50  JSR  -17.9  loss 10435.1748  logE[BER] -1825.630  P_det_soft 0.8610  (5s)
  step   75  JSR  -38.7  loss 5314.8679  logE[BER] -3670.561  P_det_soft 0.1644  (7s)
  step  100  JSR  -24.5  loss 6391.1548  logE[BER] -2788.248  P_det_soft 0.3603  (10s)
  step  125  JSR  -28.0  loss 6069.8242  logE[BER] -3151.030  P_det_soft 0.2919  (12s)
  step  150  JSR  -44.5  loss 5632.8391  logE[BER] -3859.784  P_det_soft 0.1773  (14s)
  step  175  JSR  -24.8  loss 6045.0682  logE[BER] -2839.810  P_det_soft 0.3205  (17s)
  step  200  JSR  -26.0  loss 6215.6188  logE[BER] -3052.756  P_det_soft 0.3163  (19s)
  step  225  JSR  -40.1  loss 5050.9534  logE[BER] -3778.559  P_det_soft 0.1272  (21s)
  step  250  JSR  -23.9  loss 5680.5608  logE[BER] -2749.283  P_det_soft 0.2931  (24s)
  step  275  JSR  -28.4  loss 5491.7261  logE[BER] -3198.833  P_det_soft 0.2293  (26s)
  step  300  JSR  -24.5  loss 5607.5133  logE[BER] -2627.120  P_det_soft 0.2980  (28s)
  step  325  JSR  -41.9  loss 5800.9364  logE[BER] -3807.877  P_det_soft 0.1993  (30s)
  step  350  JSR  -33.1  loss 6138.6371  logE[BER] -3478.470  P_det_soft 0.2660  (33s)
  step  375  JSR  -36.9  loss 4997.0242  logE[BER] -3647.688  P_det_soft 0.1349  (35s)
  step  399  JSR  -34.0  loss 5673.5803  logE[BER] -3432.805  P_det_soft 0.2241  (37s)
wrote task17_G.pt, task17.json  (tag spec_cnn_b10000)
