node: tikgpu04.ee.ethz.ch | gpu: NVIDIA TITAN RTX
task 13 = {'target': 'spec_cnn', 'beta': 1.0}  (tag spec_cnn_b1, 32 frames/step, JSR band (-48.0, -16.0))
  target spec_cnn: threshold -3.17573, clean-frame std 0.940603 (soft_pdet width)
  step    0  JSR  -35.6  loss 3851.9959  logE[BER] -3851.701  P_det_soft 0.2944  (1s)
  step   25  JSR  -17.2  loss 421.9160  logE[BER] -420.917  P_det_soft 0.9990  (3s)
  step   50  JSR  -25.8  loss 2368.2950  logE[BER] -2367.358  P_det_soft 0.9370  (5s)
  step   75  JSR  -32.4  loss 3040.6345  logE[BER] -3040.194  P_det_soft 0.4407  (8s)
  step  100  JSR  -21.8  loss 1346.4543  logE[BER] -1345.458  P_det_soft 0.9962  (10s)
  step  125  JSR  -34.6  loss 3235.1952  logE[BER] -3234.800  P_det_soft 0.3955  (13s)
  step  150  JSR  -26.3  loss 2138.1913  logE[BER] -2137.292  P_det_soft 0.8996  (15s)
  step  175  JSR  -42.2  loss 3666.5389  logE[BER] -3666.360  P_det_soft 0.1791  (17s)
  step  200  JSR  -35.3  loss 3154.1671  logE[BER] -3153.878  P_det_soft 0.2886  (20s)
  step  225  JSR  -27.1  loss 2034.3397  logE[BER] -2033.512  P_det_soft 0.8273  (22s)
  step  250  JSR  -16.4  loss 42.8700  logE[BER] -41.871  P_det_soft 0.9993  (24s)
  step  275  JSR  -27.9  loss 2219.2115  logE[BER] -2218.391  P_det_soft 0.8209  (27s)
  step  300  JSR  -30.3  loss 2554.2882  logE[BER] -2553.761  P_det_soft 0.5276  (29s)
  step  325  JSR  -36.9  loss 3339.7066  logE[BER] -3339.449  P_det_soft 0.2578  (31s)
  step  350  JSR  -29.2  loss 2061.8758  logE[BER] -2061.242  P_det_soft 0.6340  (34s)
  step  375  JSR  -26.7  loss 1782.0910  logE[BER] -1781.257  P_det_soft 0.8340  (36s)
  step  400  JSR  -39.8  loss 3537.7361  logE[BER] -3537.532  P_det_soft 0.2041  (38s)
  step  425  JSR  -47.0  loss 3699.7985  logE[BER] -3699.562  P_det_soft 0.2362  (41s)
  step  450  JSR  -16.3  loss 8.7824  logE[BER] -7.784  P_det_soft 0.9988  (43s)
  step  475  JSR  -28.1  loss 2119.3848  logE[BER] -2118.669  P_det_soft 0.7158  (46s)
  step  500  JSR  -40.3  loss 3519.9935  logE[BER] -3519.759  P_det_soft 0.2346  (48s)
  step  525  JSR  -45.0  loss 3718.2211  logE[BER] -3718.047  P_det_soft 0.1741  (50s)
  step  550  JSR  -28.6  loss 2341.3740  logE[BER] -2340.594  P_det_soft 0.7800  (53s)
  step  575  JSR  -20.3  loss 507.6910  logE[BER] -506.699  P_det_soft 0.9918  (55s)
  step  600  JSR  -28.1  loss 1979.9589  logE[BER] -1979.214  P_det_soft 0.7453  (57s)
  step  625  JSR  -35.3  loss 3037.5783  logE[BER] -3037.272  P_det_soft 0.3063  (60s)
  step  650  JSR  -22.7  loss 1221.5440  logE[BER] -1220.562  P_det_soft 0.9818  (62s)
  step  675  JSR  -36.5  loss 3280.1499  logE[BER] -3279.889  P_det_soft 0.2609  (65s)
  step  700  JSR  -43.3  loss 3668.8585  logE[BER] -3668.707  P_det_soft 0.1515  (67s)
  step  725  JSR  -39.0  loss 3324.4220  logE[BER] -3324.223  P_det_soft 0.1986  (69s)
  step  750  JSR  -16.9  loss 10.0083  logE[BER] -9.010  P_det_soft 0.9987  (72s)
  step  775  JSR  -24.5  loss 1236.0513  logE[BER] -1235.109  P_det_soft 0.9422  (74s)
  step  800  JSR  -39.7  loss 3445.2375  logE[BER] -3445.033  P_det_soft 0.2050  (76s)
  step  825  JSR  -45.5  loss 3685.7191  logE[BER] -3685.590  P_det_soft 0.1295  (79s)
  step  850  JSR  -30.8  loss 2556.5989  logE[BER] -2556.050  P_det_soft 0.5494  (81s)
  step  875  JSR  -47.1  loss 3791.7922  logE[BER] -3791.668  P_det_soft 0.1240  (83s)
  step  900  JSR  -20.8  loss 258.5801  logE[BER] -257.601  P_det_soft 0.9789  (86s)
  step  925  JSR  -45.3  loss 3697.6565  logE[BER] -3697.441  P_det_soft 0.2151  (88s)
  step  950  JSR  -40.3  loss 3485.5069  logE[BER] -3485.275  P_det_soft 0.2315  (91s)
  step  975  JSR  -34.7  loss 2929.4012  logE[BER] -2929.098  P_det_soft 0.3032  (93s)
  step 1000  JSR  -38.3  loss 3285.2350  logE[BER] -3284.977  P_det_soft 0.2583  (95s)
  step 1025  JSR  -34.7  loss 3225.2266  logE[BER] -3224.825  P_det_soft 0.4017  (98s)
  step 1050  JSR  -19.6  loss 806.6254  logE[BER] -805.629  P_det_soft 0.9969  (100s)
  step 1075  JSR  -35.3  loss 2866.9871  logE[BER] -2866.604  P_det_soft 0.3827  (102s)
  step 1100  JSR  -30.8  loss 2438.1691  logE[BER] -2437.589  P_det_soft 0.5801  (105s)
  step 1125  JSR  -32.1  loss 2570.9600  logE[BER] -2570.560  P_det_soft 0.4001  (107s)
  step 1150  JSR  -29.3  loss 2191.5202  logE[BER] -2190.969  P_det_soft 0.5508  (109s)
  step 1175  JSR  -30.1  loss 2443.1519  logE[BER] -2442.503  P_det_soft 0.6485  (112s)
  step 1200  JSR  -22.9  loss 818.7514  logE[BER] -817.766  P_det_soft 0.9854  (114s)
  step 1225  JSR  -26.4  loss 1589.2982  logE[BER] -1588.451  P_det_soft 0.8473  (117s)
  step 1250  JSR  -42.0  loss 3494.1950  logE[BER] -3494.009  P_det_soft 0.1857  (119s)
  step 1275  JSR  -22.3  loss 363.8036  logE[BER] -362.823  P_det_soft 0.9807  (121s)
  step 1300  JSR  -41.7  loss 3458.0056  logE[BER] -3457.770  P_det_soft 0.2355  (124s)
  step 1325  JSR  -22.7  loss 793.0691  logE[BER] -792.092  P_det_soft 0.9768  (126s)
  step 1350  JSR  -26.2  loss 1109.3546  logE[BER] -1108.520  P_det_soft 0.8347  (128s)
  step 1375  JSR  -32.5  loss 2754.3587  logE[BER] -2753.945  P_det_soft 0.4133  (131s)
  step 1400  JSR  -27.4  loss 1837.5121  logE[BER] -1836.646  P_det_soft 0.8666  (133s)
  step 1425  JSR  -21.9  loss 295.9242  logE[BER] -294.937  P_det_soft 0.9869  (136s)
  step 1450  JSR  -43.7  loss 3534.8572  logE[BER] -3534.680  P_det_soft 0.1768  (138s)
  step 1475  JSR  -16.6  loss 8.6696  logE[BER] -7.671  P_det_soft 0.9989  (140s)
  step 1500  JSR  -46.1  loss 3600.6932  logE[BER] -3600.540  P_det_soft 0.1528  (143s)
  step 1525  JSR  -21.4  loss 33.9386  logE[BER] -32.958  P_det_soft 0.9802  (145s)
  step 1550  JSR  -25.3  loss 488.9164  logE[BER] -488.046  P_det_soft 0.8709  (148s)
  step 1575  JSR  -17.1  loss 7.7956  logE[BER] -6.797  P_det_soft 0.9985  (150s)
  step 1600  JSR  -44.0  loss 3587.4933  logE[BER] -3587.289  P_det_soft 0.2038  (152s)
  step 1625  JSR  -36.7  loss 3055.3995  logE[BER] -3055.135  P_det_soft 0.2649  (155s)
  step 1650  JSR  -24.0  loss 295.3238  logE[BER] -294.399  P_det_soft 0.9243  (157s)
  step 1675  JSR  -18.9  loss 9.3148  logE[BER] -8.318  P_det_soft 0.9971  (160s)
  step 1700  JSR  -30.4  loss 1765.6468  logE[BER] -1765.061  P_det_soft 0.5854  (162s)
  step 1725  JSR  -44.3  loss 3554.9574  logE[BER] -3554.826  P_det_soft 0.1318  (164s)
  step 1750  JSR  -25.4  loss 655.8637  logE[BER] -655.002  P_det_soft 0.8613  (167s)
  step 1775  JSR  -29.3  loss 2056.8903  logE[BER] -2056.243  P_det_soft 0.6470  (169s)
  step 1800  JSR  -25.1  loss 685.1632  logE[BER] -684.269  P_det_soft 0.8938  (172s)
  step 1825  JSR  -25.6  loss 899.5890  logE[BER] -898.788  P_det_soft 0.8009  (174s)
  step 1850  JSR  -26.4  loss 750.3704  logE[BER] -749.554  P_det_soft 0.8160  (176s)
  step 1875  JSR  -44.0  loss 3464.8349  logE[BER] -3464.644  P_det_soft 0.1911  (179s)
  step 1900  JSR  -37.0  loss 2844.0723  logE[BER] -2843.791  P_det_soft 0.2815  (181s)
  step 1925  JSR  -46.3  loss 3581.4220  logE[BER] -3581.229  P_det_soft 0.1931  (183s)
  step 1950  JSR  -47.3  loss 3609.2915  logE[BER] -3609.074  P_det_soft 0.2176  (186s)
  step 1975  JSR  -29.0  loss 1384.2467  logE[BER] -1383.639  P_det_soft 0.6077  (188s)
  step 2000  JSR  -29.2  loss 1301.4101  logE[BER] -1300.965  P_det_soft 0.4447  (191s)
  step 2025  JSR  -47.0  loss 3559.0502  logE[BER] -3558.851  P_det_soft 0.1993  (193s)
  step 2050  JSR  -38.3  loss 2854.1463  logE[BER] -2853.891  P_det_soft 0.2554  (195s)
  step 2075  JSR  -33.4  loss 2119.9288  logE[BER] -2119.588  P_det_soft 0.3408  (198s)
  step 2100  JSR  -34.3  loss 2201.1350  logE[BER] -2200.762  P_det_soft 0.3726  (200s)
  step 2125  JSR  -21.4  loss 8.0075  logE[BER] -7.048  P_det_soft 0.9590  (203s)
  step 2150  JSR  -21.9  loss 8.4925  logE[BER] -7.612  P_det_soft 0.8808  (205s)
  step 2175  JSR  -20.6  loss 7.1553  logE[BER] -6.225  P_det_soft 0.9301  (207s)
  step 2200  JSR  -20.8  loss 7.2462  logE[BER] -6.303  P_det_soft 0.9433  (210s)
  step 2225  JSR  -22.2  loss 8.3676  logE[BER] -7.531  P_det_soft 0.8362  (212s)
  step 2250  JSR  -28.8  loss 1042.2964  logE[BER] -1041.897  P_det_soft 0.3992  (215s)
  step 2275  JSR  -24.3  loss 90.5068  logE[BER] -89.780  P_det_soft 0.7267  (217s)
  step 2300  JSR  -46.2  loss 3464.6977  logE[BER] -3464.479  P_det_soft 0.2186  (219s)
  step 2325  JSR  -19.3  loss 6.9702  logE[BER] -6.019  P_det_soft 0.9512  (222s)
  step 2350  JSR  -39.7  loss 2891.9515  logE[BER] -2891.636  P_det_soft 0.3153  (224s)
  step 2375  JSR  -18.0  loss 7.1520  logE[BER] -6.178  P_det_soft 0.9743  (227s)
  step 2400  JSR  -21.1  loss 7.1627  logE[BER] -6.337  P_det_soft 0.8253  (229s)
  step 2425  JSR  -47.0  loss 3515.1644  logE[BER] -3514.981  P_det_soft 0.1838  (231s)
  step 2450  JSR  -42.1  loss 3148.9382  logE[BER] -3148.622  P_det_soft 0.3167  (234s)
  step 2475  JSR  -44.1  loss 3304.8484  logE[BER] -3304.611  P_det_soft 0.2377  (236s)
  step 2500  JSR  -40.5  loss 2962.4986  logE[BER] -2962.252  P_det_soft 0.2462  (239s)
  step 2525  JSR  -18.0  loss 6.9523  logE[BER] -6.015  P_det_soft 0.9371  (241s)
  step 2550  JSR  -39.9  loss 2900.8487  logE[BER] -2900.491  P_det_soft 0.3579  (243s)
  step 2575  JSR  -36.5  loss 2414.7542  logE[BER] -2414.465  P_det_soft 0.2895  (246s)
  step 2600  JSR  -45.5  loss 3407.8275  logE[BER] -3407.564  P_det_soft 0.2636  (248s)
  step 2625  JSR  -32.0  loss 1570.0644  logE[BER] -1569.780  P_det_soft 0.2843  (250s)
  step 2650  JSR  -21.8  loss 6.7538  logE[BER] -6.102  P_det_soft 0.6518  (253s)
  step 2675  JSR  -41.3  loss 3041.2751  logE[BER] -3041.074  P_det_soft 0.2007  (255s)
  step 2700  JSR  -25.9  loss 293.7923  logE[BER] -293.302  P_det_soft 0.4907  (258s)
  step 2725  JSR  -44.4  loss 3313.5373  logE[BER] -3313.203  P_det_soft 0.3340  (260s)
  step 2750  JSR  -23.9  loss 16.1688  logE[BER] -15.674  P_det_soft 0.4949  (262s)
  step 2775  JSR  -33.9  loss 1965.6118  logE[BER] -1965.329  P_det_soft 0.2832  (265s)
  step 2800  JSR  -43.1  loss 3227.9590  logE[BER] -3227.744  P_det_soft 0.2152  (267s)
  step 2825  JSR  -22.3  loss 6.8406  logE[BER] -6.238  P_det_soft 0.6022  (270s)
  step 2850  JSR  -33.0  loss 1777.7569  logE[BER] -1777.506  P_det_soft 0.2514  (272s)
  step 2875  JSR  -26.0  loss 249.0183  logE[BER] -248.515  P_det_soft 0.5029  (274s)
  step 2900  JSR  -35.6  loss 2268.6655  logE[BER] -2268.306  P_det_soft 0.3599  (277s)
  step 2925  JSR  -39.2  loss 2794.4130  logE[BER] -2794.140  P_det_soft 0.2732  (279s)
  step 2950  JSR  -21.7  loss 7.5476  logE[BER] -6.957  P_det_soft 0.5911  (282s)
  step 2975  JSR  -30.4  loss 1158.8717  logE[BER] -1158.607  P_det_soft 0.2645  (284s)
  step 3000  JSR  -36.3  loss 2396.0491  logE[BER] -2395.688  P_det_soft 0.3609  (286s)
  step 3025  JSR  -36.9  loss 2492.8696  logE[BER] -2492.538  P_det_soft 0.3313  (289s)
  step 3050  JSR  -24.5  loss 41.4173  logE[BER] -40.950  P_det_soft 0.4677  (291s)
  step 3075  JSR  -25.0  loss 122.4039  logE[BER] -121.902  P_det_soft 0.5019  (294s)
  step 3100  JSR  -17.6  loss 6.6905  logE[BER] -5.792  P_det_soft 0.8984  (296s)
  step 3125  JSR  -38.3  loss 2675.6261  logE[BER] -2675.279  P_det_soft 0.3474  (298s)
  step 3150  JSR  -40.1  loss 2906.0303  logE[BER] -2905.749  P_det_soft 0.2817  (301s)
  step 3175  JSR  -16.1  loss 6.9800  logE[BER] -6.015  P_det_soft 0.9648  (303s)
  step 3200  JSR  -18.4  loss 6.8624  logE[BER] -6.066  P_det_soft 0.7959  (306s)
  step 3225  JSR  -20.2  loss 6.6514  logE[BER] -5.904  P_det_soft 0.7473  (308s)
  step 3250  JSR  -20.4  loss 7.2846  logE[BER] -6.617  P_det_soft 0.6675  (310s)
  step 3275  JSR  -37.7  loss 2585.1045  logE[BER] -2584.698  P_det_soft 0.4067  (313s)
  step 3300  JSR  -47.7  loss 3520.2525  logE[BER] -3520.014  P_det_soft 0.2386  (315s)
  step 3325  JSR  -32.5  loss 1641.0883  logE[BER] -1640.761  P_det_soft 0.3272  (317s)
  step 3350  JSR  -28.7  loss 772.4410  logE[BER] -772.063  P_det_soft 0.3777  (320s)
  step 3375  JSR  -39.2  loss 2789.8871  logE[BER] -2789.604  P_det_soft 0.2829  (322s)
  step 3400  JSR  -31.7  loss 1453.1332  logE[BER] -1452.775  P_det_soft 0.3580  (325s)
  step 3425  JSR  -23.1  loss 7.4185  logE[BER] -6.863  P_det_soft 0.5553  (327s)
  step 3450  JSR  -27.7  loss 551.7408  logE[BER] -551.289  P_det_soft 0.4518  (329s)
  step 3475  JSR  -35.2  loss 2160.7348  logE[BER] -2160.449  P_det_soft 0.2857  (332s)
  step 3500  JSR  -44.2  loss 3292.3657  logE[BER] -3292.138  P_det_soft 0.2274  (334s)
  step 3525  JSR  -18.8  loss 6.7931  logE[BER] -6.014  P_det_soft 0.7788  (337s)
  step 3550  JSR  -41.5  loss 3051.2606  logE[BER] -3051.047  P_det_soft 0.2138  (339s)
  step 3575  JSR  -45.4  loss 3383.5327  logE[BER] -3383.344  P_det_soft 0.1884  (341s)
  step 3600  JSR  -36.3  loss 2357.8302  logE[BER] -2357.540  P_det_soft 0.2901  (344s)
  step 3625  JSR  -38.4  loss 2677.5955  logE[BER] -2677.304  P_det_soft 0.2914  (346s)
  step 3650  JSR  -44.4  loss 3302.9797  logE[BER] -3302.650  P_det_soft 0.3301  (349s)
  step 3675  JSR  -36.5  loss 2379.6453  logE[BER] -2379.247  P_det_soft 0.3986  (351s)
  step 3700  JSR  -47.1  loss 3483.0145  logE[BER] -3482.795  P_det_soft 0.2197  (353s)
  step 3725  JSR  -24.6  loss 44.7582  logE[BER] -44.267  P_det_soft 0.4911  (356s)
  step 3750  JSR  -21.3  loss 6.5154  logE[BER] -5.966  P_det_soft 0.5490  (358s)
  step 3775  JSR  -42.8  loss 3180.0020  logE[BER] -3179.690  P_det_soft 0.3118  (361s)
  step 3800  JSR  -45.1  loss 3360.4732  logE[BER] -3360.248  P_det_soft 0.2247  (363s)
  step 3825  JSR  -34.6  loss 2071.7183  logE[BER] -2071.363  P_det_soft 0.3549  (365s)
  step 3850  JSR  -25.4  loss 112.5652  logE[BER] -112.200  P_det_soft 0.3653  (368s)
  step 3875  JSR  -31.4  loss 1387.3660  logE[BER] -1386.975  P_det_soft 0.3914  (370s)
  step 3900  JSR  -45.3  loss 3371.4125  logE[BER] -3371.195  P_det_soft 0.2178  (373s)
  step 3925  JSR  -44.5  loss 3295.7905  logE[BER] -3295.457  P_det_soft 0.3337  (375s)
  step 3950  JSR  -47.2  loss 3491.0486  logE[BER] -3490.845  P_det_soft 0.2034  (377s)
  step 3975  JSR  -39.5  loss 2806.2438  logE[BER] -2805.903  P_det_soft 0.3412  (380s)
  step 3999  JSR  -22.2  loss 7.3294  logE[BER] -6.896  P_det_soft 0.4330  (382s)
wrote task13_G.pt, task13.json  (tag spec_cnn_b1)
