node: tikgpu04.ee.ethz.ch | gpu: NVIDIA TITAN RTX
task 5 = {'target': 'power_two_sided', 'beta': 1.0}  (tag power_two_sided_b1, 128 frames/step, JSR band (-32.0, 0.0))
  target power_two_sided: threshold 0.000274786, clean-frame std 8.44455e-05 (soft_pdet width)
  step    0  JSR  -17.6  loss 1777.1911  logE[BER] -1776.241  P_det_soft 0.9500  (1s)
  step   25  JSR  -17.5  loss 375.4087  logE[BER] -374.439  P_det_soft 0.9692  (1s)
  step   50  JSR  -20.1  loss 227.3210  logE[BER] -226.394  P_det_soft 0.9270  (2s)
  step   75  JSR   -6.7  loss 5.5565  logE[BER] -4.557  P_det_soft 1.0000  (3s)
  step  100  JSR  -15.3  loss 7.2328  logE[BER] -6.237  P_det_soft 0.9957  (3s)
  step  125  JSR  -15.7  loss 7.4604  logE[BER] -6.467  P_det_soft 0.9935  (4s)
  step  150  JSR  -22.7  loss 129.8402  logE[BER] -128.954  P_det_soft 0.8861  (4s)
  step  175  JSR  -28.2  loss 1203.4196  logE[BER] -1202.778  P_det_soft 0.6415  (5s)
  step  200  JSR  -28.2  loss 1195.8347  logE[BER] -1195.244  P_det_soft 0.5903  (5s)
  step  225  JSR  -20.8  loss 9.5940  logE[BER] -8.745  P_det_soft 0.8495  (6s)
  step  250  JSR   -8.2  loss 6.4320  logE[BER] -5.432  P_det_soft 1.0000  (6s)
  step  275  JSR  -10.5  loss 6.6052  logE[BER] -5.605  P_det_soft 1.0000  (7s)
  step  300  JSR   -6.2  loss 5.6989  logE[BER] -4.699  P_det_soft 1.0000  (7s)
  step  325  JSR   -5.8  loss 5.7703  logE[BER] -4.770  P_det_soft 1.0000  (8s)
  step  350  JSR   -1.2  loss 3.9329  logE[BER] -2.933  P_det_soft 1.0000  (8s)
  step  375  JSR  -23.9  loss 228.4451  logE[BER] -227.594  P_det_soft 0.8510  (9s)
  step  400  JSR  -12.2  loss 6.8328  logE[BER] -5.833  P_det_soft 1.0000  (9s)
  step  425  JSR  -20.8  loss 10.5447  logE[BER] -9.693  P_det_soft 0.8517  (10s)
  step  450  JSR  -12.4  loss 6.7289  logE[BER] -5.729  P_det_soft 1.0000  (11s)
  step  475  JSR  -20.0  loss 8.9253  logE[BER] -8.006  P_det_soft 0.9188  (11s)
  step  500  JSR  -26.0  loss 519.9564  logE[BER] -519.188  P_det_soft 0.7685  (12s)
  step  525  JSR   -9.5  loss 6.3718  logE[BER] -5.372  P_det_soft 1.0000  (12s)
  step  550  JSR   -1.3  loss 4.1171  logE[BER] -3.117  P_det_soft 1.0000  (13s)
  step  575  JSR  -10.4  loss 6.6373  logE[BER] -5.637  P_det_soft 1.0000  (13s)
  step  600  JSR  -18.5  loss 7.7819  logE[BER] -6.833  P_det_soft 0.9489  (14s)
  step  625  JSR  -17.3  loss 7.6921  logE[BER] -6.705  P_det_soft 0.9867  (14s)
  step  650  JSR   -2.8  loss 4.5580  logE[BER] -3.558  P_det_soft 1.0000  (15s)
  step  675  JSR  -30.8  loss 1537.5440  logE[BER] -1537.015  P_det_soft 0.5289  (15s)
  step  700  JSR   -1.1  loss 4.1714  logE[BER] -3.171  P_det_soft 1.0000  (16s)
  step  725  JSR  -22.1  loss 10.9367  logE[BER] -10.073  P_det_soft 0.8632  (16s)
  step  750  JSR  -31.3  loss 1559.5682  logE[BER] -1559.072  P_det_soft 0.4963  (17s)
  step  775  JSR  -17.5  loss 7.4780  logE[BER] -6.499  P_det_soft 0.9793  (17s)
  step  800  JSR  -17.9  loss 7.6011  logE[BER] -6.610  P_det_soft 0.9909  (18s)
  step  825  JSR   -2.5  loss 4.5315  logE[BER] -3.531  P_det_soft 1.0000  (18s)
  step  850  JSR  -22.4  loss 11.0122  logE[BER] -10.146  P_det_soft 0.8663  (19s)
  step  875  JSR  -16.9  loss 7.1074  logE[BER] -6.119  P_det_soft 0.9884  (20s)
  step  900  JSR  -17.6  loss 7.4159  logE[BER] -6.439  P_det_soft 0.9769  (20s)
  step  925  JSR   -8.8  loss 6.3122  logE[BER] -5.312  P_det_soft 1.0000  (21s)
  step  950  JSR  -20.4  loss 8.2266  logE[BER] -7.334  P_det_soft 0.8925  (21s)
  step  975  JSR  -16.3  loss 7.0018  logE[BER] -6.018  P_det_soft 0.9836  (22s)
  step 1000  JSR  -20.1  loss 8.3704  logE[BER] -7.458  P_det_soft 0.9123  (22s)
  step 1025  JSR  -16.7  loss 7.2833  logE[BER] -6.284  P_det_soft 0.9995  (23s)
  step 1050  JSR  -28.5  loss 962.3505  logE[BER] -961.764  P_det_soft 0.5865  (23s)
  step 1075  JSR  -27.3  loss 555.3841  logE[BER] -554.774  P_det_soft 0.6100  (24s)
  step 1100  JSR  -13.6  loss 6.7252  logE[BER] -5.725  P_det_soft 1.0000  (24s)
  step 1125  JSR  -21.1  loss 8.7940  logE[BER] -7.908  P_det_soft 0.8865  (25s)
  step 1150  JSR   -5.7  loss 5.8147  logE[BER] -4.815  P_det_soft 1.0000  (25s)
  step 1175  JSR  -15.7  loss 7.1245  logE[BER] -6.125  P_det_soft 0.9999  (26s)
  step 1200  JSR  -29.7  loss 1242.8066  logE[BER] -1242.237  P_det_soft 0.5700  (27s)
  step 1225  JSR  -14.6  loss 6.8537  logE[BER] -5.854  P_det_soft 1.0000  (27s)
  step 1250  JSR  -27.8  loss 1018.3896  logE[BER] -1017.743  P_det_soft 0.6464  (28s)
  step 1275  JSR  -24.8  loss 233.1887  logE[BER] -232.401  P_det_soft 0.7874  (28s)
  step 1300  JSR  -28.6  loss 890.5644  logE[BER] -889.957  P_det_soft 0.6069  (29s)
  step 1325  JSR   -2.7  loss 5.0819  logE[BER] -4.082  P_det_soft 1.0000  (29s)
  step 1350  JSR  -27.6  loss 746.9868  logE[BER] -746.356  P_det_soft 0.6308  (30s)
  step 1375  JSR  -29.4  loss 1160.6249  logE[BER] -1160.048  P_det_soft 0.5774  (30s)
  step 1400  JSR  -26.8  loss 535.1256  logE[BER] -534.429  P_det_soft 0.6964  (31s)
  step 1425  JSR  -19.5  loss 7.7882  logE[BER] -6.828  P_det_soft 0.9598  (31s)
  step 1450  JSR   -8.1  loss 6.1992  logE[BER] -5.199  P_det_soft 1.0000  (32s)
  step 1475  JSR   -9.5  loss 6.4244  logE[BER] -5.424  P_det_soft 1.0000  (32s)
  step 1500  JSR   -0.6  loss 4.4006  logE[BER] -3.401  P_det_soft 1.0000  (33s)
  step 1525  JSR  -26.2  loss 394.4311  logE[BER] -393.724  P_det_soft 0.7070  (33s)
  step 1550  JSR  -23.2  loss 11.4458  logE[BER] -10.682  P_det_soft 0.7641  (34s)
  step 1575  JSR  -12.8  loss 6.6392  logE[BER] -5.639  P_det_soft 1.0000  (35s)
  step 1600  JSR  -22.7  loss 10.5973  logE[BER] -9.793  P_det_soft 0.8038  (35s)
  step 1625  JSR   -9.9  loss 6.4138  logE[BER] -5.414  P_det_soft 1.0000  (36s)
  step 1650  JSR   -6.7  loss 6.0868  logE[BER] -5.087  P_det_soft 1.0000  (36s)
  step 1675  JSR   -0.1  loss 4.2389  logE[BER] -3.239  P_det_soft 1.0000  (37s)
  step 1700  JSR   -2.8  loss 5.0862  logE[BER] -4.086  P_det_soft 1.0000  (37s)
  step 1725  JSR  -10.9  loss 6.5294  logE[BER] -5.529  P_det_soft 1.0000  (38s)
  step 1750  JSR  -24.2  loss 64.7612  logE[BER] -63.966  P_det_soft 0.7955  (38s)
  step 1775  JSR   -1.7  loss 4.6866  logE[BER] -3.687  P_det_soft 1.0000  (39s)
  step 1800  JSR   -4.0  loss 5.4681  logE[BER] -4.468  P_det_soft 1.0000  (39s)
  step 1825  JSR  -24.4  loss 209.8495  logE[BER] -209.061  P_det_soft 0.7882  (40s)
  step 1850  JSR  -26.4  loss 467.8866  logE[BER] -467.170  P_det_soft 0.7164  (40s)
  step 1875  JSR  -13.1  loss 6.5856  logE[BER] -5.586  P_det_soft 1.0000  (41s)
  step 1900  JSR  -29.4  loss 1042.2536  logE[BER] -1041.690  P_det_soft 0.5640  (41s)
  step 1925  JSR   -7.2  loss 6.0879  logE[BER] -5.088  P_det_soft 1.0000  (42s)
  step 1950  JSR  -25.1  loss 192.8994  logE[BER] -192.186  P_det_soft 0.7138  (43s)
  step 1975  JSR  -24.8  loss 172.0809  logE[BER] -171.351  P_det_soft 0.7301  (43s)
  step 2000  JSR  -10.0  loss 6.3157  logE[BER] -5.316  P_det_soft 1.0000  (44s)
  step 2025  JSR   -3.7  loss 5.4132  logE[BER] -4.413  P_det_soft 1.0000  (44s)
  step 2050  JSR  -11.1  loss 6.4267  logE[BER] -5.427  P_det_soft 1.0000  (45s)
  step 2075  JSR  -29.2  loss 1084.4540  logE[BER] -1083.838  P_det_soft 0.6164  (45s)
  step 2100  JSR   -2.6  loss 5.1802  logE[BER] -4.180  P_det_soft 1.0000  (46s)
  step 2125  JSR  -15.1  loss 6.7901  logE[BER] -5.791  P_det_soft 0.9993  (46s)
  step 2150  JSR   -4.9  loss 5.7517  logE[BER] -4.752  P_det_soft 1.0000  (47s)
  step 2175  JSR  -25.1  loss 181.5056  logE[BER] -180.700  P_det_soft 0.8061  (47s)
  step 2200  JSR  -28.6  loss 811.1699  logE[BER] -810.530  P_det_soft 0.6403  (48s)
  step 2225  JSR  -27.3  loss 604.4112  logE[BER] -603.669  P_det_soft 0.7422  (48s)
  step 2250  JSR  -21.4  loss 9.0464  logE[BER] -8.161  P_det_soft 0.8853  (49s)
  step 2275  JSR  -17.7  loss 7.1569  logE[BER] -6.181  P_det_soft 0.9754  (50s)
  step 2300  JSR   -9.3  loss 6.3009  logE[BER] -5.301  P_det_soft 1.0000  (50s)
  step 2325  JSR  -15.1  loss 6.8593  logE[BER] -5.859  P_det_soft 0.9999  (51s)
  step 2350  JSR   -7.0  loss 6.0260  logE[BER] -5.026  P_det_soft 1.0000  (51s)
  step 2375  JSR  -31.2  loss 1495.9048  logE[BER] -1495.391  P_det_soft 0.5142  (52s)
  step 2400  JSR  -32.0  loss 1664.2345  logE[BER] -1663.717  P_det_soft 0.5175  (52s)
  step 2425  JSR   -7.5  loss 6.3253  logE[BER] -5.325  P_det_soft 1.0000  (53s)
  step 2450  JSR   -4.6  loss 5.6669  logE[BER] -4.667  P_det_soft 1.0000  (53s)
  step 2475  JSR  -12.9  loss 6.6801  logE[BER] -5.680  P_det_soft 1.0000  (54s)
  step 2500  JSR   -5.6  loss 5.8952  logE[BER] -4.895  P_det_soft 1.0000  (54s)
  step 2525  JSR  -16.9  loss 6.8576  logE[BER] -5.871  P_det_soft 0.9869  (55s)
  step 2550  JSR   -5.1  loss 5.8171  logE[BER] -4.817  P_det_soft 1.0000  (55s)
  step 2575  JSR  -10.3  loss 6.3269  logE[BER] -5.327  P_det_soft 1.0000  (56s)
  step 2600  JSR   -1.1  loss 4.6082  logE[BER] -3.608  P_det_soft 1.0000  (57s)
  step 2625  JSR  -29.9  loss 1278.6624  logE[BER] -1278.056  P_det_soft 0.6061  (57s)
  step 2650  JSR   -5.9  loss 5.8958  logE[BER] -4.896  P_det_soft 1.0000  (58s)
  step 2675  JSR   -1.6  loss 4.7697  logE[BER] -3.770  P_det_soft 1.0000  (58s)
  step 2700  JSR  -14.2  loss 6.6450  logE[BER] -5.645  P_det_soft 1.0000  (59s)
  step 2725  JSR  -25.5  loss 361.2482  logE[BER] -360.508  P_det_soft 0.7398  (59s)
  step 2750  JSR  -24.1  loss 40.2329  logE[BER] -39.424  P_det_soft 0.8085  (60s)
  step 2775  JSR  -17.2  loss 7.1855  logE[BER] -6.187  P_det_soft 0.9984  (60s)
  step 2800  JSR   -0.4  loss 4.3419  logE[BER] -3.342  P_det_soft 1.0000  (61s)
  step 2825  JSR  -10.0  loss 6.2969  logE[BER] -5.297  P_det_soft 1.0000  (61s)
  step 2850  JSR   -5.1  loss 5.7403  logE[BER] -4.740  P_det_soft 1.0000  (62s)
  step 2875  JSR   -2.2  loss 4.9148  logE[BER] -3.915  P_det_soft 1.0000  (62s)
  step 2900  JSR  -18.3  loss 7.1571  logE[BER] -6.210  P_det_soft 0.9474  (63s)
  step 2925  JSR  -11.3  loss 6.5185  logE[BER] -5.518  P_det_soft 1.0000  (64s)
  step 2950  JSR  -18.5  loss 7.5341  logE[BER] -6.579  P_det_soft 0.9551  (64s)
  step 2975  JSR  -27.8  loss 777.3272  logE[BER] -776.638  P_det_soft 0.6889  (65s)
  step 3000  JSR  -30.6  loss 1305.6369  logE[BER] -1305.086  P_det_soft 0.5505  (65s)
  step 3025  JSR  -21.2  loss 8.1563  logE[BER] -7.304  P_det_soft 0.8523  (66s)
  step 3050  JSR   -3.2  loss 5.2834  logE[BER] -4.283  P_det_soft 1.0000  (66s)
  step 3075  JSR  -28.5  loss 912.3114  logE[BER] -911.744  P_det_soft 0.5676  (67s)
  step 3100  JSR   -7.3  loss 6.1178  logE[BER] -5.118  P_det_soft 1.0000  (67s)
  step 3125  JSR   -7.5  loss 6.1490  logE[BER] -5.149  P_det_soft 1.0000  (68s)
  step 3150  JSR  -30.4  loss 1289.6232  logE[BER] -1289.061  P_det_soft 0.5626  (68s)
  step 3175  JSR   -3.3  loss 5.3268  logE[BER] -4.327  P_det_soft 1.0000  (69s)
  step 3200  JSR   -4.1  loss 5.5450  logE[BER] -4.545  P_det_soft 1.0000  (69s)
  step 3225  JSR  -11.2  loss 6.3811  logE[BER] -5.381  P_det_soft 1.0000  (70s)
  step 3250  JSR  -24.0  loss 55.1108  logE[BER] -54.347  P_det_soft 0.7638  (71s)
  step 3275  JSR  -30.5  loss 1474.1916  logE[BER] -1473.600  P_det_soft 0.5912  (71s)
  step 3300  JSR   -1.4  loss 4.6786  logE[BER] -3.679  P_det_soft 1.0000  (72s)
  step 3325  JSR   -5.6  loss 5.9636  logE[BER] -4.964  P_det_soft 1.0000  (72s)
  step 3350  JSR  -12.5  loss 6.5764  logE[BER] -5.576  P_det_soft 1.0000  (73s)
  step 3375  JSR  -23.9  loss 60.3503  logE[BER] -59.538  P_det_soft 0.8128  (73s)
  step 3400  JSR   -2.1  loss 5.1197  logE[BER] -4.120  P_det_soft 1.0000  (74s)
  step 3425  JSR   -7.3  loss 6.2766  logE[BER] -5.277  P_det_soft 1.0000  (74s)
  step 3450  JSR   -1.7  loss 5.0384  logE[BER] -4.038  P_det_soft 1.0000  (75s)
  step 3475  JSR   -1.3  loss 4.7762  logE[BER] -3.776  P_det_soft 1.0000  (75s)
  step 3500  JSR   -4.9  loss 5.7840  logE[BER] -4.784  P_det_soft 1.0000  (76s)
  step 3525  JSR  -26.7  loss 412.9680  logE[BER] -412.311  P_det_soft 0.6573  (76s)
  step 3550  JSR  -21.6  loss 8.0025  logE[BER] -7.178  P_det_soft 0.8246  (77s)
  step 3575  JSR   -0.7  loss 4.6348  logE[BER] -3.635  P_det_soft 1.0000  (78s)
  step 3600  JSR   -4.4  loss 5.7891  logE[BER] -4.789  P_det_soft 1.0000  (78s)
  step 3625  JSR  -13.3  loss 6.7039  logE[BER] -5.704  P_det_soft 0.9999  (79s)
  step 3650  JSR  -21.4  loss 8.4315  logE[BER] -7.588  P_det_soft 0.8434  (79s)
  step 3675  JSR  -25.6  loss 302.6063  logE[BER] -301.973  P_det_soft 0.6337  (80s)
  step 3700  JSR  -13.9  loss 6.7700  logE[BER] -5.770  P_det_soft 1.0000  (80s)
  step 3725  JSR   -0.4  loss 4.4789  logE[BER] -3.479  P_det_soft 1.0000  (81s)
  step 3750  JSR  -10.1  loss 6.4597  logE[BER] -5.460  P_det_soft 1.0000  (81s)
  step 3775  JSR  -20.9  loss 7.9211  logE[BER] -7.023  P_det_soft 0.8977  (82s)
  step 3800  JSR  -19.6  loss 7.7350  logE[BER] -6.809  P_det_soft 0.9261  (82s)
  step 3825  JSR  -27.7  loss 737.8636  logE[BER] -737.218  P_det_soft 0.6461  (83s)
  step 3850  JSR  -10.8  loss 6.4564  logE[BER] -5.456  P_det_soft 1.0000  (84s)
  step 3875  JSR   -8.6  loss 6.3527  logE[BER] -5.353  P_det_soft 1.0000  (84s)
  step 3900  JSR   -9.6  loss 6.3287  logE[BER] -5.329  P_det_soft 1.0000  (85s)
  step 3925  JSR  -22.8  loss 10.4140  logE[BER] -9.588  P_det_soft 0.8263  (85s)
  step 3950  JSR   -7.5  loss 6.2115  logE[BER] -5.211  P_det_soft 1.0000  (86s)
  step 3975  JSR   -4.8  loss 5.7588  logE[BER] -4.759  P_det_soft 1.0000  (86s)
  step 3999  JSR  -20.1  loss 7.6109  logE[BER] -6.704  P_det_soft 0.9073  (87s)
wrote task5_G.pt, task5.json  (tag power_two_sided_b1)
