node: tikgpu04.ee.ethz.ch | gpu: NVIDIA TITAN RTX
task 2 = {'target': 'power_one_sided', 'beta': 10.0}  (tag power_one_sided_b10)
  step    0  JSR   -6.6  loss 16.8853  logE[BER] -6.885  P_det_soft 1.0000  (1s)
  step   25  JSR  -29.7  loss 2739.4047  logE[BER] -2734.965  P_det_soft 0.4440  (2s)
  step   50  JSR  -13.9  loss 17.0331  logE[BER] -7.048  P_det_soft 0.9985  (2s)
  step   75  JSR   -5.8  loss 14.3793  logE[BER] -4.379  P_det_soft 1.0000  (3s)
  step  100  JSR  -11.9  loss 15.8653  logE[BER] -5.865  P_det_soft 1.0000  (3s)
  step  125  JSR  -21.2  loss 18.7650  logE[BER] -10.397  P_det_soft 0.8368  (4s)
  step  150  JSR   -0.3  loss 12.6254  logE[BER] -2.625  P_det_soft 1.0000  (4s)
  step  175  JSR   -5.9  loss 14.7214  logE[BER] -4.721  P_det_soft 1.0000  (5s)
  step  200  JSR  -10.0  loss 15.6333  logE[BER] -5.633  P_det_soft 1.0000  (5s)
  step  225  JSR   -1.8  loss 13.1368  logE[BER] -3.137  P_det_soft 1.0000  (6s)
  step  250  JSR  -24.1  loss 286.3751  logE[BER] -279.234  P_det_soft 0.7142  (6s)
  step  275  JSR  -23.0  loss 216.9500  logE[BER] -209.716  P_det_soft 0.7234  (7s)
  step  300  JSR  -11.5  loss 15.6667  logE[BER] -5.679  P_det_soft 0.9988  (8s)
  step  325  JSR   -2.5  loss 13.3918  logE[BER] -3.392  P_det_soft 1.0000  (8s)
  step  350  JSR  -30.0  loss 1468.2068  logE[BER] -1463.924  P_det_soft 0.4282  (9s)
  step  375  JSR  -17.3  loss 16.2105  logE[BER] -6.683  P_det_soft 0.9527  (9s)
  step  399  JSR  -29.9  loss 1662.4865  logE[BER] -1657.912  P_det_soft 0.4575  (10s)
wrote task2_G.pt, task2.json  (tag power_one_sided_b10)
