node: artongpu01.ee.ethz.ch | gpu: NVIDIA GeForce RTX 2080 Ti
task 13 = {'target': 'spec_cnn', 'beta': 1.0}  (tag spec_cnn_b1, 32 frames/step, JSR band (-39.0, -7.0))
  target spec_cnn: threshold -1.4318, clean-frame std 1.26212 (soft_pdet width)
  step    0  JSR   -7.4  loss 32.1827  logE[BER] -31.191  P_det_soft 0.9921  (1s)
  step   25  JSR  -19.6  loss 31.1113  logE[BER] -30.649  P_det_soft 0.4618  (3s)
  step   50  JSR  -21.3  loss 43.7140  logE[BER] -43.323  P_det_soft 0.3909  (6s)
  step   75  JSR  -34.3  loss 114.1027  logE[BER] -113.922  P_det_soft 0.1802  (9s)
  step  100  JSR  -35.4  loss 115.2629  logE[BER] -115.113  P_det_soft 0.1504  (11s)
  step  125  JSR  -37.9  loss 124.6666  logE[BER] -124.486  P_det_soft 0.1802  (14s)
  step  150  JSR  -16.2  loss 9.4236  logE[BER] -8.561  P_det_soft 0.8628  (16s)
  step  175  JSR  -25.0  loss 66.1254  logE[BER] -65.939  P_det_soft 0.1865  (19s)
  step  200  JSR  -14.8  loss 8.6133  logE[BER] -7.688  P_det_soft 0.9249  (22s)
  step  225  JSR  -13.1  loss 7.7037  logE[BER] -6.728  P_det_soft 0.9760  (24s)
  step  250  JSR  -12.9  loss 7.7478  logE[BER] -6.772  P_det_soft 0.9757  (27s)
  step  275  JSR  -35.8  loss 112.7666  logE[BER] -112.599  P_det_soft 0.1673  (29s)
  step  300  JSR   -8.5  loss 6.8411  logE[BER] -5.847  P_det_soft 0.9945  (32s)
  step  325  JSR  -30.0  loss 95.2411  logE[BER] -95.041  P_det_soft 0.2004  (35s)
  step  350  JSR  -37.9  loss 114.0815  logE[BER] -113.919  P_det_soft 0.1626  (37s)
  step  375  JSR  -35.7  loss 111.7488  logE[BER] -111.579  P_det_soft 0.1699  (40s)
  step  400  JSR  -10.4  loss 7.2310  logE[BER] -6.236  P_det_soft 0.9947  (43s)
  step  425  JSR  -37.3  loss 116.7663  logE[BER] -116.595  P_det_soft 0.1717  (45s)
  step  450  JSR   -9.6  loss 6.9177  logE[BER] -5.923  P_det_soft 0.9950  (48s)
  step  475  JSR  -24.8  loss 66.2259  logE[BER] -65.953  P_det_soft 0.2730  (50s)
  step  500  JSR  -33.1  loss 102.0448  logE[BER] -101.929  P_det_soft 0.1160  (53s)
  step  525  JSR  -28.4  loss 76.2181  logE[BER] -76.054  P_det_soft 0.1643  (56s)
  step  550  JSR  -28.2  loss 74.0606  logE[BER] -73.815  P_det_soft 0.2452  (58s)
  step  575  JSR  -38.8  loss 118.0931  logE[BER] -117.943  P_det_soft 0.1499  (61s)
  step  600  JSR   -7.9  loss 6.0844  logE[BER] -5.089  P_det_soft 0.9953  (64s)
  step  625  JSR  -25.6  loss 61.5655  logE[BER] -61.356  P_det_soft 0.2097  (66s)
  step  650  JSR  -11.6  loss 7.1166  logE[BER] -6.132  P_det_soft 0.9844  (69s)
  step  675  JSR  -30.4  loss 88.8569  logE[BER] -88.574  P_det_soft 0.2828  (72s)
  step  700  JSR  -21.6  loss 17.4569  logE[BER] -17.118  P_det_soft 0.3390  (74s)
  step  725  JSR  -38.7  loss 117.1695  logE[BER] -116.962  P_det_soft 0.2070  (77s)
  step  750  JSR   -8.2  loss 6.5516  logE[BER] -5.557  P_det_soft 0.9946  (79s)
  step  775  JSR  -12.9  loss 7.1796  logE[BER] -6.204  P_det_soft 0.9756  (82s)
  step  800  JSR  -25.7  loss 56.3950  logE[BER] -56.169  P_det_soft 0.2263  (85s)
  step  825  JSR  -24.0  loss 31.2060  logE[BER] -30.918  P_det_soft 0.2879  (87s)
  step  850  JSR  -32.9  loss 94.2286  logE[BER] -94.080  P_det_soft 0.1489  (90s)
  step  875  JSR  -23.9  loss 37.0544  logE[BER] -36.734  P_det_soft 0.3199  (93s)
  step  900  JSR  -34.6  loss 106.1619  logE[BER] -106.010  P_det_soft 0.1515  (95s)
  step  925  JSR  -21.9  loss 20.8294  logE[BER] -20.534  P_det_soft 0.2953  (98s)
  step  950  JSR  -14.3  loss 6.8281  logE[BER] -5.914  P_det_soft 0.9139  (101s)
  step  975  JSR  -38.7  loss 110.2786  logE[BER] -110.164  P_det_soft 0.1150  (103s)
  step 1000  JSR  -22.9  loss 17.6745  logE[BER] -17.411  P_det_soft 0.2630  (106s)
  step 1025  JSR  -32.9  loss 91.0982  logE[BER] -90.911  P_det_soft 0.1875  (109s)
  step 1050  JSR  -14.6  loss 6.9174  logE[BER] -6.078  P_det_soft 0.8397  (111s)
  step 1075  JSR  -12.7  loss 6.7548  logE[BER] -5.793  P_det_soft 0.9621  (114s)
  step 1100  JSR  -10.8  loss 6.4389  logE[BER] -5.446  P_det_soft 0.9930  (116s)
  step 1125  JSR  -10.9  loss 6.8108  logE[BER] -5.816  P_det_soft 0.9949  (119s)
  step 1150  JSR  -33.1  loss 86.5676  logE[BER] -86.408  P_det_soft 0.1600  (122s)
  step 1175  JSR  -20.8  loss 9.9193  logE[BER] -9.635  P_det_soft 0.2843  (124s)
  step 1200  JSR  -20.4  loss 9.5641  logE[BER] -9.242  P_det_soft 0.3226  (127s)
  step 1225  JSR  -30.1  loss 67.1192  logE[BER] -66.978  P_det_soft 0.1414  (130s)
  step 1250  JSR  -33.4  loss 86.6955  logE[BER] -86.524  P_det_soft 0.1713  (132s)
  step 1275  JSR  -14.3  loss 6.5581  logE[BER] -5.796  P_det_soft 0.7618  (135s)
  step 1300  JSR  -21.0  loss 13.3296  logE[BER] -13.041  P_det_soft 0.2891  (138s)
  step 1325  JSR  -27.1  loss 41.3804  logE[BER] -41.178  P_det_soft 0.2028  (140s)
  step 1350  JSR  -15.4  loss 6.5838  logE[BER] -5.814  P_det_soft 0.7703  (143s)
  step 1375  JSR  -12.0  loss 6.6517  logE[BER] -5.715  P_det_soft 0.9366  (146s)
  step 1400  JSR  -23.1  loss 16.3596  logE[BER] -16.104  P_det_soft 0.2560  (148s)
  step 1425  JSR  -20.8  loss 7.8261  logE[BER] -7.522  P_det_soft 0.3045  (151s)
  step 1450  JSR  -13.1  loss 6.4906  logE[BER] -5.697  P_det_soft 0.7934  (153s)
  step 1475  JSR  -31.3  loss 67.4288  logE[BER] -67.296  P_det_soft 0.1325  (156s)
  step 1500  JSR  -18.3  loss 7.1015  logE[BER] -6.769  P_det_soft 0.3322  (159s)
  step 1525  JSR  -19.2  loss 6.8863  logE[BER] -6.524  P_det_soft 0.3626  (161s)
  step 1550  JSR  -17.0  loss 6.8105  logE[BER] -6.278  P_det_soft 0.5329  (164s)
  step 1575  JSR  -21.5  loss 7.9029  logE[BER] -7.684  P_det_soft 0.2191  (167s)
  step 1600  JSR  -30.3  loss 55.2730  logE[BER] -55.103  P_det_soft 0.1699  (169s)
  step 1625  JSR  -30.4  loss 55.8702  logE[BER] -55.714  P_det_soft 0.1559  (172s)
  step 1650  JSR   -7.3  loss 6.1328  logE[BER] -5.136  P_det_soft 0.9967  (174s)
  step 1675  JSR  -21.4  loss 7.6402  logE[BER] -7.405  P_det_soft 0.2348  (177s)
  step 1700  JSR  -12.5  loss 6.2998  logE[BER] -5.426  P_det_soft 0.8740  (180s)
  step 1725  JSR   -7.2  loss 6.2627  logE[BER] -5.266  P_det_soft 0.9966  (182s)
  step 1750  JSR   -9.6  loss 6.6210  logE[BER] -5.641  P_det_soft 0.9796  (185s)
  step 1775  JSR  -25.7  loss 22.5882  logE[BER] -22.386  P_det_soft 0.2017  (188s)
  step 1800  JSR  -32.7  loss 70.5098  logE[BER] -70.285  P_det_soft 0.2247  (190s)
  step 1825  JSR  -18.9  loss 6.4936  logE[BER] -6.201  P_det_soft 0.2929  (193s)
  step 1850  JSR  -29.4  loss 45.6273  logE[BER] -45.468  P_det_soft 0.1595  (196s)
  step 1875  JSR  -23.1  loss 10.5431  logE[BER] -10.329  P_det_soft 0.2146  (198s)
  step 1900  JSR  -26.7  loss 26.4945  logE[BER] -26.350  P_det_soft 0.1450  (201s)
  step 1925  JSR   -9.0  loss 6.2462  logE[BER] -5.280  P_det_soft 0.9666  (203s)
  step 1950  JSR  -28.2  loss 37.4790  logE[BER] -37.330  P_det_soft 0.1490  (206s)
  step 1975  JSR  -32.4  loss 66.5362  logE[BER] -66.323  P_det_soft 0.2130  (209s)
  step 2000  JSR  -12.4  loss 6.1954  logE[BER] -5.440  P_det_soft 0.7549  (211s)
  step 2025  JSR   -7.3  loss 6.0289  logE[BER] -5.033  P_det_soft 0.9962  (214s)
  step 2050  JSR  -38.6  loss 100.3942  logE[BER] -100.211  P_det_soft 0.1828  (217s)
  step 2075  JSR  -29.5  loss 43.5932  logE[BER] -43.418  P_det_soft 0.1754  (219s)
  step 2100  JSR  -23.2  loss 8.8676  logE[BER] -8.706  P_det_soft 0.1614  (222s)
  step 2125  JSR  -23.1  loss 9.2006  logE[BER] -9.000  P_det_soft 0.2006  (225s)
  step 2150  JSR  -30.9  loss 54.7856  logE[BER] -54.626  P_det_soft 0.1594  (227s)
  step 2175  JSR  -25.7  loss 20.5772  logE[BER] -20.395  P_det_soft 0.1817  (230s)
  step 2200  JSR  -38.4  loss 97.1627  logE[BER] -97.013  P_det_soft 0.1498  (232s)
  step 2225  JSR   -7.4  loss 6.1713  logE[BER] -5.176  P_det_soft 0.9956  (235s)
  step 2250  JSR  -17.4  loss 5.9945  logE[BER] -5.681  P_det_soft 0.3132  (238s)
  step 2275  JSR  -32.0  loss 62.3019  logE[BER] -62.136  P_det_soft 0.1657  (240s)
  step 2300  JSR  -13.9  loss 6.0882  logE[BER] -5.599  P_det_soft 0.4894  (243s)
  step 2325  JSR  -23.0  loss 9.4699  logE[BER] -9.274  P_det_soft 0.1954  (246s)
  step 2350  JSR   -9.9  loss 6.3956  logE[BER] -5.476  P_det_soft 0.9200  (248s)
  step 2375  JSR  -23.0  loss 8.9373  logE[BER] -8.762  P_det_soft 0.1755  (251s)
  step 2400  JSR   -9.4  loss 6.2802  logE[BER] -5.347  P_det_soft 0.9336  (254s)
  step 2425  JSR  -13.7  loss 6.1559  logE[BER] -5.509  P_det_soft 0.6466  (256s)
  step 2450  JSR   -7.9  loss 6.1248  logE[BER] -5.136  P_det_soft 0.9891  (259s)
  step 2475  JSR  -10.3  loss 6.1089  logE[BER] -5.226  P_det_soft 0.8834  (262s)
  step 2500  JSR  -16.0  loss 6.1337  logE[BER] -5.717  P_det_soft 0.4168  (264s)
  step 2525  JSR  -25.1  loss 15.2181  logE[BER] -15.046  P_det_soft 0.1717  (267s)
  step 2550  JSR  -32.1  loss 62.3916  logE[BER] -62.242  P_det_soft 0.1494  (269s)
  step 2575  JSR  -32.4  loss 64.7575  logE[BER] -64.540  P_det_soft 0.2175  (272s)
  step 2600  JSR  -33.8  loss 74.0439  logE[BER] -73.887  P_det_soft 0.1565  (275s)
  step 2625  JSR  -12.1  loss 6.3155  logE[BER] -5.604  P_det_soft 0.7114  (277s)
  step 2650  JSR  -31.9  loss 61.0282  logE[BER] -60.816  P_det_soft 0.2120  (280s)
  step 2675  JSR  -35.9  loss 87.7760  logE[BER] -87.594  P_det_soft 0.1819  (283s)
  step 2700  JSR  -26.3  loss 21.2063  logE[BER] -21.090  P_det_soft 0.1165  (285s)
  step 2725  JSR  -13.4  loss 6.3634  logE[BER] -5.749  P_det_soft 0.6144  (288s)
  step 2750  JSR  -11.6  loss 6.1335  logE[BER] -5.412  P_det_soft 0.7213  (291s)
  step 2775  JSR  -16.8  loss 6.2061  logE[BER] -5.905  P_det_soft 0.3015  (293s)
  step 2800  JSR  -19.6  loss 6.3728  logE[BER] -6.084  P_det_soft 0.2885  (296s)
  step 2825  JSR   -9.5  loss 6.1917  logE[BER] -5.280  P_det_soft 0.9114  (299s)
  step 2850  JSR  -11.0  loss 6.4625  logE[BER] -5.582  P_det_soft 0.8810  (301s)
  step 2875  JSR  -14.2  loss 5.9944  logE[BER] -5.507  P_det_soft 0.4869  (304s)
  step 2900  JSR  -16.7  loss 5.8696  logE[BER] -5.633  P_det_soft 0.2370  (306s)
  step 2925  JSR   -7.2  loss 6.0183  logE[BER] -5.039  P_det_soft 0.9790  (309s)
  step 2950  JSR   -7.6  loss 6.0158  logE[BER] -5.030  P_det_soft 0.9854  (312s)
  step 2975  JSR  -28.3  loss 37.8452  logE[BER] -37.674  P_det_soft 0.1713  (314s)
  step 3000  JSR  -10.3  loss 5.9959  logE[BER] -5.185  P_det_soft 0.8104  (317s)
  step 3025  JSR  -36.9  loss 91.5146  logE[BER] -91.349  P_det_soft 0.1661  (320s)
  step 3050  JSR  -14.5  loss 6.2479  logE[BER] -5.796  P_det_soft 0.4515  (322s)
  step 3075  JSR  -17.3  loss 6.3892  logE[BER] -6.113  P_det_soft 0.2760  (325s)
  step 3100  JSR  -34.7  loss 77.5592  logE[BER] -77.421  P_det_soft 0.1380  (327s)
  step 3125  JSR   -7.7  loss 5.9579  logE[BER] -4.982  P_det_soft 0.9755  (330s)
  step 3150  JSR  -30.4  loss 55.9959  logE[BER] -55.852  P_det_soft 0.1438  (333s)
  step 3175  JSR  -32.5  loss 67.6865  logE[BER] -67.559  P_det_soft 0.1278  (335s)
  step 3200  JSR  -13.8  loss 5.9576  logE[BER] -5.408  P_det_soft 0.5494  (338s)
  step 3225  JSR   -9.4  loss 6.0789  logE[BER] -5.156  P_det_soft 0.9230  (341s)
  step 3250  JSR   -9.4  loss 6.0558  logE[BER] -5.208  P_det_soft 0.8482  (343s)
  step 3275  JSR  -29.9  loss 45.7075  logE[BER] -45.473  P_det_soft 0.2342  (346s)
  step 3300  JSR  -38.3  loss 98.3041  logE[BER] -98.168  P_det_soft 0.1356  (348s)
  step 3325  JSR  -19.3  loss 6.1708  logE[BER] -5.950  P_det_soft 0.2209  (351s)
  step 3350  JSR  -27.0  loss 24.1568  logE[BER] -23.974  P_det_soft 0.1830  (354s)
  step 3375  JSR  -37.7  loss 93.1976  logE[BER] -93.028  P_det_soft 0.1694  (356s)
  step 3400  JSR  -17.0  loss 6.1480  logE[BER] -5.836  P_det_soft 0.3116  (359s)
  step 3425  JSR  -17.5  loss 6.1745  logE[BER] -5.876  P_det_soft 0.2982  (361s)
  step 3450  JSR  -31.3  loss 64.2753  logE[BER] -64.131  P_det_soft 0.1444  (364s)
  step 3475  JSR  -35.4  loss 82.1030  logE[BER] -81.930  P_det_soft 0.1728  (367s)
  step 3500  JSR  -24.0  loss 10.5414  logE[BER] -10.386  P_det_soft 0.1557  (369s)
  step 3525  JSR  -30.5  loss 51.8029  logE[BER] -51.636  P_det_soft 0.1668  (372s)
  step 3550  JSR  -22.0  loss 7.5268  logE[BER] -7.360  P_det_soft 0.1673  (375s)
  step 3575  JSR  -32.4  loss 63.6781  logE[BER] -63.500  P_det_soft 0.1782  (377s)
  step 3600  JSR  -10.0  loss 6.1066  logE[BER] -5.273  P_det_soft 0.8340  (380s)
  step 3625  JSR  -37.9  loss 96.5557  logE[BER] -96.381  P_det_soft 0.1745  (382s)
  step 3650  JSR  -11.3  loss 6.0727  logE[BER] -5.358  P_det_soft 0.7143  (385s)
  step 3675  JSR  -20.6  loss 6.6516  logE[BER] -6.399  P_det_soft 0.2523  (388s)
  step 3700  JSR  -13.2  loss 5.9469  logE[BER] -5.482  P_det_soft 0.4652  (390s)
  step 3725  JSR  -17.5  loss 6.2367  logE[BER] -5.905  P_det_soft 0.3315  (393s)
  step 3750  JSR  -16.9  loss 6.4803  logE[BER] -6.196  P_det_soft 0.2840  (395s)
  step 3775  JSR  -19.8  loss 6.8363  logE[BER] -6.607  P_det_soft 0.2295  (398s)
  step 3800  JSR  -12.0  loss 6.4185  logE[BER] -5.716  P_det_soft 0.7023  (401s)
  step 3825  JSR  -37.5  loss 94.2540  logE[BER] -94.096  P_det_soft 0.1576  (403s)
  step 3850  JSR  -31.5  loss 58.8887  logE[BER] -58.711  P_det_soft 0.1778  (406s)
  step 3875  JSR  -35.4  loss 81.9839  logE[BER] -81.788  P_det_soft 0.1961  (409s)
  step 3900  JSR   -7.5  loss 6.1114  logE[BER] -5.135  P_det_soft 0.9759  (411s)
  step 3925  JSR  -32.1  loss 63.1954  logE[BER] -63.045  P_det_soft 0.1506  (414s)
  step 3950  JSR  -30.7  loss 51.5019  logE[BER] -51.350  P_det_soft 0.1514  (416s)
  step 3975  JSR  -16.5  loss 6.3894  logE[BER] -6.060  P_det_soft 0.3290  (419s)
  step 3999  JSR  -30.1  loss 46.9633  logE[BER] -46.818  P_det_soft 0.1454  (422s)
wrote task13_G.pt, task13.json  (tag spec_cnn_b1)
