node: artongpu01.ee.ethz.ch | gpu: NVIDIA GeForce RTX 2080 Ti
task 6 = {'target': 'power_two_sided', 'beta': 10.0}  (tag power_two_sided_b10, 128 frames/step, JSR band (-32.0, 0.0))
  target power_two_sided: threshold 0.000274786, clean-frame std 8.57379e-05 (soft_pdet width)
  step    0  JSR  -31.6  loss 3718.4741  logE[BER] -3715.947  P_det_soft 0.2527  (1s)
  step   25  JSR  -30.4  loss 2820.6804  logE[BER] -2817.608  P_det_soft 0.3072  (2s)
  step   50  JSR  -23.0  loss 1834.6645  logE[BER] -1826.436  P_det_soft 0.8228  (2s)
  step   75  JSR  -10.3  loss 16.8271  logE[BER] -6.827  P_det_soft 1.0000  (3s)
  step  100  JSR  -22.4  loss 1363.5132  logE[BER] -1355.127  P_det_soft 0.8387  (4s)
  step  125  JSR  -19.4  loss 464.8219  logE[BER] -455.092  P_det_soft 0.9730  (4s)
  step  150  JSR   -9.4  loss 16.0172  logE[BER] -6.017  P_det_soft 1.0000  (5s)
  step  175  JSR  -27.2  loss 2480.9302  logE[BER] -2475.858  P_det_soft 0.5073  (5s)
  step  200  JSR   -8.6  loss 16.2258  logE[BER] -6.226  P_det_soft 1.0000  (6s)
  step  225  JSR  -21.7  loss 1329.6702  logE[BER] -1320.533  P_det_soft 0.9137  (7s)
  step  250  JSR  -25.2  loss 1813.2396  logE[BER] -1806.656  P_det_soft 0.6584  (7s)
  step  275  JSR  -31.7  loss 2886.4262  logE[BER] -2883.610  P_det_soft 0.2816  (8s)
  step  300  JSR   -7.0  loss 15.8053  logE[BER] -5.805  P_det_soft 1.0000  (8s)
  step  325  JSR   -5.6  loss 15.5271  logE[BER] -5.527  P_det_soft 1.0000  (9s)
  step  350  JSR  -18.8  loss 556.5580  logE[BER] -546.616  P_det_soft 0.9942  (10s)
  step  375  JSR  -15.1  loss 20.0149  logE[BER] -10.015  P_det_soft 1.0000  (10s)
  step  400  JSR  -16.1  loss 20.4355  logE[BER] -10.436  P_det_soft 1.0000  (11s)
  step  425  JSR  -31.7  loss 2846.6127  logE[BER] -2843.285  P_det_soft 0.3327  (12s)
  step  450  JSR  -20.4  loss 671.2627  logE[BER] -661.553  P_det_soft 0.9710  (12s)
  step  475  JSR  -19.2  loss 571.4360  logE[BER] -561.539  P_det_soft 0.9897  (13s)
  step  500  JSR  -21.8  loss 1253.1514  logE[BER] -1244.126  P_det_soft 0.9026  (13s)
  step  525  JSR  -31.1  loss 2811.7578  logE[BER] -2808.366  P_det_soft 0.3392  (14s)
  step  550  JSR  -21.7  loss 645.5940  logE[BER] -636.303  P_det_soft 0.9291  (15s)
  step  575  JSR  -22.2  loss 804.7150  logE[BER] -796.016  P_det_soft 0.8699  (15s)
  step  600  JSR  -28.0  loss 2029.5822  logE[BER] -2024.629  P_det_soft 0.4954  (16s)
  step  625  JSR  -21.2  loss 844.0386  logE[BER] -834.524  P_det_soft 0.9515  (17s)
  step  650  JSR  -14.2  loss 18.4622  logE[BER] -8.462  P_det_soft 1.0000  (17s)
  step  675  JSR  -30.7  loss 2397.5166  logE[BER] -2393.988  P_det_soft 0.3529  (18s)
  step  700  JSR   -9.1  loss 16.1524  logE[BER] -6.152  P_det_soft 1.0000  (18s)
  step  725  JSR   -7.1  loss 15.6323  logE[BER] -5.632  P_det_soft 1.0000  (19s)
  step  750  JSR  -12.5  loss 17.4889  logE[BER] -7.489  P_det_soft 1.0000  (20s)
  step  775  JSR  -31.4  loss 2514.2140  logE[BER] -2510.915  P_det_soft 0.3299  (20s)
  step  800  JSR  -25.5  loss 1723.5844  logE[BER] -1717.037  P_det_soft 0.6547  (21s)
  step  825  JSR  -13.7  loss 17.9003  logE[BER] -7.900  P_det_soft 1.0000  (21s)
  step  850  JSR   -0.8  loss 14.4154  logE[BER] -4.415  P_det_soft 1.0000  (22s)
  step  875  JSR  -17.7  loss 446.7703  logE[BER] -436.822  P_det_soft 0.9948  (23s)
  step  900  JSR  -23.4  loss 782.7353  logE[BER] -774.822  P_det_soft 0.7914  (23s)
  step  925  JSR  -22.6  loss 1126.9650  logE[BER] -1118.224  P_det_soft 0.8741  (24s)
  step  950  JSR   -2.5  loss 14.9906  logE[BER] -4.991  P_det_soft 1.0000  (25s)
  step  975  JSR  -12.6  loss 16.9504  logE[BER] -6.950  P_det_soft 1.0000  (25s)
  step 1000  JSR  -10.2  loss 16.1985  logE[BER] -6.199  P_det_soft 1.0000  (26s)
  step 1025  JSR   -8.9  loss 16.1314  logE[BER] -6.131  P_det_soft 1.0000  (26s)
  step 1050  JSR  -16.3  loss 19.7346  logE[BER] -9.735  P_det_soft 1.0000  (27s)
  step 1075  JSR  -17.4  loss 19.7009  logE[BER] -9.704  P_det_soft 0.9997  (28s)
  step 1100  JSR  -13.5  loss 17.2113  logE[BER] -7.211  P_det_soft 1.0000  (28s)
  step 1125  JSR  -24.7  loss 1122.7834  logE[BER] -1115.089  P_det_soft 0.7694  (29s)
  step 1150  JSR   -4.5  loss 15.2860  logE[BER] -5.286  P_det_soft 1.0000  (30s)
  step 1175  JSR  -10.1  loss 16.2642  logE[BER] -6.264  P_det_soft 1.0000  (30s)
  step 1200  JSR  -11.7  loss 16.3493  logE[BER] -6.349  P_det_soft 1.0000  (31s)
  step 1225  JSR  -10.4  loss 16.5132  logE[BER] -6.513  P_det_soft 1.0000  (31s)
  step 1250  JSR   -6.3  loss 15.4285  logE[BER] -5.428  P_det_soft 1.0000  (32s)
  step 1275  JSR  -25.9  loss 1318.1417  logE[BER] -1311.925  P_det_soft 0.6217  (33s)
  step 1300  JSR   -8.8  loss 16.0235  logE[BER] -6.024  P_det_soft 1.0000  (33s)
  step 1325  JSR  -27.1  loss 1575.8946  logE[BER] -1570.443  P_det_soft 0.5452  (34s)
  step 1350  JSR  -29.6  loss 2458.7645  logE[BER] -2454.835  P_det_soft 0.3930  (35s)
  step 1375  JSR  -26.1  loss 2038.5271  logE[BER] -2032.606  P_det_soft 0.5922  (35s)
  step 1400  JSR  -20.5  loss 302.8875  logE[BER] -293.367  P_det_soft 0.9520  (36s)
  step 1425  JSR  -18.4  loss 68.4673  logE[BER] -58.586  P_det_soft 0.9881  (36s)
  step 1450  JSR  -30.8  loss 2486.4197  logE[BER] -2483.195  P_det_soft 0.3224  (37s)
  step 1475  JSR   -8.3  loss 15.8242  logE[BER] -5.824  P_det_soft 1.0000  (38s)
  step 1500  JSR  -29.0  loss 2189.7271  logE[BER] -2185.935  P_det_soft 0.3793  (38s)
  step 1525  JSR   -0.1  loss 14.5173  logE[BER] -4.517  P_det_soft 1.0000  (39s)
  step 1550  JSR  -24.0  loss 1067.5541  logE[BER] -1059.512  P_det_soft 0.8043  (40s)
  step 1575  JSR  -10.5  loss 16.4231  logE[BER] -6.423  P_det_soft 1.0000  (40s)
  step 1600  JSR   -7.7  loss 15.8124  logE[BER] -5.812  P_det_soft 1.0000  (41s)
  step 1625  JSR   -4.2  loss 15.2462  logE[BER] -5.246  P_det_soft 1.0000  (41s)
  step 1650  JSR  -20.3  loss 402.4401  logE[BER] -392.706  P_det_soft 0.9734  (42s)
  step 1675  JSR  -17.7  loss 23.4642  logE[BER] -13.466  P_det_soft 0.9998  (43s)
  step 1700  JSR   -0.6  loss 14.5965  logE[BER] -4.597  P_det_soft 1.0000  (43s)
  step 1725  JSR  -30.2  loss 2186.3436  logE[BER] -2182.932  P_det_soft 0.3411  (44s)
  step 1750  JSR  -31.4  loss 2342.4782  logE[BER] -2339.348  P_det_soft 0.3130  (45s)
  step 1775  JSR   -2.3  loss 14.7215  logE[BER] -4.722  P_det_soft 1.0000  (45s)
  step 1800  JSR  -31.1  loss 2483.2317  logE[BER] -2479.789  P_det_soft 0.3443  (46s)
  step 1825  JSR  -22.4  loss 681.0576  logE[BER] -672.035  P_det_soft 0.9023  (46s)
  step 1850  JSR   -5.5  loss 15.3666  logE[BER] -5.367  P_det_soft 1.0000  (47s)
  step 1875  JSR  -20.1  loss 20.2329  logE[BER] -10.407  P_det_soft 0.9826  (48s)
  step 1900  JSR   -9.7  loss 16.1327  logE[BER] -6.133  P_det_soft 1.0000  (48s)
  step 1925  JSR  -18.7  loss 37.0048  logE[BER] -27.162  P_det_soft 0.9842  (49s)
  step 1950  JSR   -3.9  loss 15.0598  logE[BER] -5.060  P_det_soft 1.0000  (50s)
  step 1975  JSR   -3.8  loss 15.1589  logE[BER] -5.159  P_det_soft 1.0000  (50s)
  step 2000  JSR  -31.0  loss 2318.3264  logE[BER] -2315.215  P_det_soft 0.3112  (51s)
  step 2025  JSR  -24.8  loss 1253.9857  logE[BER] -1247.316  P_det_soft 0.6670  (51s)
  step 2050  JSR  -28.7  loss 1942.4070  logE[BER] -1938.167  P_det_soft 0.4240  (52s)
  step 2075  JSR   -1.2  loss 14.8873  logE[BER] -4.887  P_det_soft 1.0000  (53s)
  step 2100  JSR  -15.7  loss 17.7947  logE[BER] -7.800  P_det_soft 0.9995  (53s)
  step 2125  JSR  -26.3  loss 1032.8363  logE[BER] -1026.895  P_det_soft 0.5942  (54s)
  step 2150  JSR  -23.9  loss 1114.7673  logE[BER] -1107.054  P_det_soft 0.7713  (55s)
  step 2175  JSR  -18.9  loss 47.6457  logE[BER] -37.789  P_det_soft 0.9857  (55s)
  step 2200  JSR  -15.8  loss 18.2563  logE[BER] -8.256  P_det_soft 1.0000  (56s)
  step 2225  JSR   -9.0  loss 15.9257  logE[BER] -5.926  P_det_soft 1.0000  (56s)
  step 2250  JSR  -25.5  loss 1171.2083  logE[BER] -1164.223  P_det_soft 0.6985  (57s)
  step 2275  JSR   -4.9  loss 15.2759  logE[BER] -5.276  P_det_soft 1.0000  (58s)
  step 2300  JSR   -0.8  loss 14.7114  logE[BER] -4.711  P_det_soft 1.0000  (58s)
  step 2325  JSR  -17.9  loss 18.9916  logE[BER] -9.016  P_det_soft 0.9975  (59s)
  step 2350  JSR  -31.7  loss 2422.5777  logE[BER] -2419.675  P_det_soft 0.2903  (60s)
  step 2375  JSR   -2.1  loss 14.7907  logE[BER] -4.791  P_det_soft 1.0000  (60s)
  step 2400  JSR  -30.9  loss 2230.6211  logE[BER] -2226.923  P_det_soft 0.3698  (61s)
  step 2425  JSR  -27.9  loss 1582.9959  logE[BER] -1577.951  P_det_soft 0.5045  (61s)
  step 2450  JSR   -1.0  loss 14.6514  logE[BER] -4.651  P_det_soft 1.0000  (62s)
  step 2475  JSR  -20.9  loss 240.3733  logE[BER] -230.984  P_det_soft 0.9389  (63s)
  step 2500  JSR   -6.1  loss 15.4009  logE[BER] -5.401  P_det_soft 1.0000  (63s)
  step 2525  JSR  -10.3  loss 16.2427  logE[BER] -6.243  P_det_soft 1.0000  (64s)
  step 2550  JSR   -6.0  loss 15.3808  logE[BER] -5.381  P_det_soft 1.0000  (65s)
  step 2575  JSR  -11.0  loss 16.1305  logE[BER] -6.130  P_det_soft 1.0000  (65s)
  step 2600  JSR   -4.8  loss 15.2349  logE[BER] -5.235  P_det_soft 1.0000  (66s)
  step 2625  JSR  -10.4  loss 16.1932  logE[BER] -6.193  P_det_soft 1.0000  (67s)
  step 2650  JSR  -19.8  loss 33.6710  logE[BER] -23.759  P_det_soft 0.9912  (67s)
  step 2675  JSR  -29.0  loss 1908.3859  logE[BER] -1903.771  P_det_soft 0.4615  (68s)
  step 2700  JSR  -31.8  loss 2341.1668  logE[BER] -2337.788  P_det_soft 0.3379  (68s)
  step 2725  JSR   -4.3  loss 15.0941  logE[BER] -5.094  P_det_soft 1.0000  (69s)
  step 2750  JSR  -19.4  loss 82.8815  logE[BER] -73.159  P_det_soft 0.9723  (70s)
  step 2775  JSR  -25.9  loss 1035.2378  logE[BER] -1029.007  P_det_soft 0.6230  (70s)
  step 2800  JSR  -27.3  loss 1549.8602  logE[BER] -1543.609  P_det_soft 0.6252  (71s)
  step 2825  JSR   -8.6  loss 15.8208  logE[BER] -5.821  P_det_soft 1.0000  (72s)
  step 2850  JSR  -17.8  loss 20.0994  logE[BER] -10.233  P_det_soft 0.9866  (72s)
  step 2875  JSR  -13.3  loss 16.4929  logE[BER] -6.493  P_det_soft 1.0000  (73s)
  step 2900  JSR  -31.6  loss 2222.5012  logE[BER] -2219.045  P_det_soft 0.3456  (74s)
  step 2925  JSR  -28.3  loss 1784.2122  logE[BER] -1779.075  P_det_soft 0.5137  (74s)
  step 2950  JSR  -21.1  loss 196.3751  logE[BER] -187.311  P_det_soft 0.9064  (75s)
  step 2975  JSR  -14.6  loss 16.7611  logE[BER] -6.761  P_det_soft 1.0000  (75s)
  step 3000  JSR   -7.3  loss 15.3738  logE[BER] -5.374  P_det_soft 1.0000  (76s)
  step 3025  JSR  -25.3  loss 795.0803  logE[BER] -788.834  P_det_soft 0.6247  (77s)
  step 3050  JSR  -25.5  loss 1048.8920  logE[BER] -1042.322  P_det_soft 0.6570  (77s)
  step 3075  JSR  -22.7  loss 560.3752  logE[BER] -552.097  P_det_soft 0.8278  (78s)
  step 3100  JSR  -28.6  loss 1613.2009  logE[BER] -1608.486  P_det_soft 0.4715  (79s)
  step 3125  JSR   -3.9  loss 15.0894  logE[BER] -5.089  P_det_soft 1.0000  (79s)
  step 3150  JSR  -31.1  loss 1995.4592  logE[BER] -1991.696  P_det_soft 0.3763  (80s)
  step 3175  JSR  -18.9  loss 19.2517  logE[BER] -9.447  P_det_soft 0.9805  (80s)
  step 3200  JSR  -15.2  loss 17.0316  logE[BER] -7.032  P_det_soft 1.0000  (81s)
  step 3225  JSR   -6.0  loss 15.2140  logE[BER] -5.214  P_det_soft 1.0000  (82s)
  step 3250  JSR  -26.9  loss 992.3884  logE[BER] -986.713  P_det_soft 0.5675  (82s)
  step 3275  JSR   -5.1  loss 15.2342  logE[BER] -5.234  P_det_soft 1.0000  (83s)
  step 3300  JSR  -27.7  loss 1308.6126  logE[BER] -1302.864  P_det_soft 0.5749  (84s)
  step 3325  JSR   -3.6  loss 15.0126  logE[BER] -5.013  P_det_soft 1.0000  (84s)
  step 3350  JSR   -7.8  loss 15.5891  logE[BER] -5.589  P_det_soft 1.0000  (85s)
  step 3375  JSR   -2.2  loss 14.8239  logE[BER] -4.824  P_det_soft 1.0000  (86s)
  step 3400  JSR   -9.5  loss 15.6950  logE[BER] -5.695  P_det_soft 1.0000  (86s)
  step 3425  JSR   -8.3  loss 15.5735  logE[BER] -5.574  P_det_soft 1.0000  (87s)
  step 3450  JSR  -13.0  loss 16.2579  logE[BER] -6.258  P_det_soft 1.0000  (87s)
  step 3475  JSR   -7.5  loss 15.6555  logE[BER] -5.656  P_det_soft 1.0000  (88s)
  step 3500  JSR  -26.3  loss 859.0699  logE[BER] -852.652  P_det_soft 0.6418  (89s)
  step 3525  JSR  -16.8  loss 16.9954  logE[BER] -6.997  P_det_soft 0.9998  (89s)
  step 3550  JSR  -27.8  loss 1448.3511  logE[BER] -1442.766  P_det_soft 0.5585  (90s)
  step 3575  JSR  -30.4  loss 1821.6902  logE[BER] -1817.731  P_det_soft 0.3959  (91s)
  step 3600  JSR  -14.7  loss 16.6963  logE[BER] -6.696  P_det_soft 1.0000  (91s)
  step 3625  JSR  -22.4  loss 161.5432  logE[BER] -152.808  P_det_soft 0.8735  (92s)
  step 3650  JSR  -15.7  loss 16.6364  logE[BER] -6.636  P_det_soft 1.0000  (93s)
  step 3675  JSR  -20.2  loss 19.1900  logE[BER] -9.489  P_det_soft 0.9701  (93s)
  step 3700  JSR   -0.5  loss 14.6021  logE[BER] -4.602  P_det_soft 1.0000  (94s)
  step 3725  JSR   -1.6  loss 14.7187  logE[BER] -4.719  P_det_soft 1.0000  (94s)
  step 3750  JSR  -14.8  loss 16.2310  logE[BER] -6.231  P_det_soft 1.0000  (95s)
  step 3775  JSR  -12.9  loss 16.0528  logE[BER] -6.053  P_det_soft 1.0000  (96s)
  step 3800  JSR   -9.3  loss 15.6988  logE[BER] -5.699  P_det_soft 1.0000  (96s)
  step 3825  JSR  -26.5  loss 998.6397  logE[BER] -992.381  P_det_soft 0.6258  (97s)
  step 3850  JSR   -5.9  loss 15.1944  logE[BER] -5.194  P_det_soft 1.0000  (98s)
  step 3875  JSR   -2.1  loss 14.7839  logE[BER] -4.784  P_det_soft 1.0000  (98s)
  step 3900  JSR  -11.8  loss 15.7800  logE[BER] -5.780  P_det_soft 1.0000  (99s)
  step 3925  JSR   -0.9  loss 14.6398  logE[BER] -4.640  P_det_soft 1.0000  (99s)
  step 3950  JSR   -2.4  loss 14.8775  logE[BER] -4.877  P_det_soft 1.0000  (100s)
  step 3975  JSR  -29.1  loss 1492.7964  logE[BER] -1487.472  P_det_soft 0.5325  (101s)
  step 3999  JSR  -23.5  loss 104.7203  logE[BER] -96.447  P_det_soft 0.8273  (101s)
wrote task6_G.pt, task6.json  (tag power_two_sided_b10)
