node: tikgpu04.ee.ethz.ch | gpu: NVIDIA TITAN RTX
task 14 = {'target': 'spec_cnn', 'beta': 10.0}  (tag spec_cnn_b10, 32 frames/step, JSR band (-48.0, -16.0))
  target spec_cnn: threshold -3.17573, clean-frame std 0.940603 (soft_pdet width)
  step    0  JSR  -25.0  loss 3497.1512  logE[BER] -3487.493  P_det_soft 0.9658  (1s)
  step   25  JSR  -27.2  loss 2434.4498  logE[BER] -2427.638  P_det_soft 0.6811  (3s)
  step   50  JSR  -21.0  loss 1215.5942  logE[BER] -1205.645  P_det_soft 0.9949  (6s)
  step   75  JSR  -46.1  loss 3818.8617  logE[BER] -3817.125  P_det_soft 0.1737  (8s)
  step  100  JSR  -36.9  loss 3432.2023  logE[BER] -3429.162  P_det_soft 0.3040  (10s)
  step  125  JSR  -43.8  loss 3734.5888  logE[BER] -3732.665  P_det_soft 0.1924  (12s)
  step  150  JSR  -44.3  loss 3797.0789  logE[BER] -3795.436  P_det_soft 0.1643  (15s)
  step  175  JSR  -22.8  loss 1398.2704  logE[BER] -1388.428  P_det_soft 0.9843  (17s)
  step  200  JSR  -39.5  loss 3528.5203  logE[BER] -3526.668  P_det_soft 0.1852  (19s)
  step  225  JSR  -40.2  loss 3576.2816  logE[BER] -3574.013  P_det_soft 0.2268  (21s)
  step  250  JSR  -26.6  loss 1947.2607  logE[BER] -1940.093  P_det_soft 0.7168  (24s)
  step  275  JSR  -22.0  loss 1201.9606  logE[BER] -1192.112  P_det_soft 0.9849  (26s)
  step  300  JSR  -45.7  loss 3781.4876  logE[BER] -3779.977  P_det_soft 0.1510  (28s)
  step  325  JSR  -45.2  loss 3752.4178  logE[BER] -3750.243  P_det_soft 0.2174  (31s)
  step  350  JSR  -22.6  loss 1440.2998  logE[BER] -1430.521  P_det_soft 0.9779  (33s)
  step  375  JSR  -34.3  loss 3170.5710  logE[BER] -3168.720  P_det_soft 0.1852  (35s)
  step  400  JSR  -25.9  loss 1616.4097  logE[BER] -1608.735  P_det_soft 0.7674  (37s)
  step  425  JSR  -46.2  loss 3725.2663  logE[BER] -3723.606  P_det_soft 0.1660  (40s)
  step  450  JSR  -17.8  loss 62.0693  logE[BER] -52.092  P_det_soft 0.9977  (42s)
  step  475  JSR  -28.5  loss 2179.2544  logE[BER] -2172.592  P_det_soft 0.6662  (44s)
  step  500  JSR  -41.7  loss 3536.7009  logE[BER] -3535.272  P_det_soft 0.1429  (47s)
  step  525  JSR  -34.7  loss 3086.1999  logE[BER] -3083.839  P_det_soft 0.2361  (49s)
  step  550  JSR  -22.9  loss 845.1634  logE[BER] -835.699  P_det_soft 0.9465  (51s)
  step  575  JSR  -21.6  loss 437.4237  logE[BER] -427.591  P_det_soft 0.9833  (53s)
  step  600  JSR  -24.1  loss 1117.1851  logE[BER] -1108.210  P_det_soft 0.8975  (56s)
  step  625  JSR  -16.9  loss 17.6102  logE[BER] -7.624  P_det_soft 0.9986  (58s)
  step  650  JSR  -28.9  loss 2113.3661  logE[BER] -2109.146  P_det_soft 0.4220  (60s)
  step  675  JSR  -24.1  loss 899.2949  logE[BER] -890.926  P_det_soft 0.8369  (63s)
  step  700  JSR  -37.5  loss 3058.0217  logE[BER] -3056.149  P_det_soft 0.1873  (65s)
  step  725  JSR  -22.3  loss 690.4526  logE[BER] -680.714  P_det_soft 0.9738  (67s)
  step  750  JSR  -28.0  loss 1851.1050  logE[BER] -1845.682  P_det_soft 0.5423  (70s)
  step  775  JSR  -16.2  loss 17.6099  logE[BER] -7.625  P_det_soft 0.9985  (72s)
  step  800  JSR  -46.6  loss 3705.2940  logE[BER] -3703.862  P_det_soft 0.1432  (74s)
  step  825  JSR  -16.8  loss 16.9201  logE[BER] -6.938  P_det_soft 0.9982  (76s)
  step  850  JSR  -35.5  loss 2939.9851  logE[BER] -2937.790  P_det_soft 0.2195  (79s)
  step  875  JSR  -32.1  loss 2298.4346  logE[BER] -2295.549  P_det_soft 0.2886  (81s)
  step  900  JSR  -41.4  loss 3464.3635  logE[BER] -3462.972  P_det_soft 0.1391  (83s)
  step  925  JSR  -35.7  loss 2782.1284  logE[BER] -2779.945  P_det_soft 0.2184  (86s)
  step  950  JSR  -30.2  loss 2238.3643  logE[BER] -2234.461  P_det_soft 0.3903  (88s)
  step  975  JSR  -44.2  loss 3545.0007  logE[BER] -3543.366  P_det_soft 0.1635  (90s)
  step 1000  JSR  -34.2  loss 2719.7959  logE[BER] -2717.447  P_det_soft 0.2349  (92s)
  step 1025  JSR  -25.2  loss 1007.6442  logE[BER] -999.810  P_det_soft 0.7834  (95s)
  step 1050  JSR  -43.8  loss 3500.5623  logE[BER] -3499.091  P_det_soft 0.1472  (97s)
  step 1075  JSR  -34.3  loss 2771.5662  logE[BER] -2769.346  P_det_soft 0.2220  (99s)
  step 1100  JSR  -47.8  loss 3730.5485  logE[BER] -3728.820  P_det_soft 0.1728  (102s)
  step 1125  JSR  -23.0  loss 302.9654  logE[BER] -294.630  P_det_soft 0.8335  (104s)
  step 1150  JSR  -21.4  loss 75.0981  logE[BER] -65.514  P_det_soft 0.9584  (106s)
  step 1175  JSR  -35.8  loss 2693.4960  logE[BER] -2691.731  P_det_soft 0.1765  (108s)
  step 1200  JSR  -21.7  loss 59.6373  logE[BER] -50.520  P_det_soft 0.9118  (111s)
  step 1225  JSR  -19.9  loss 18.1495  logE[BER] -8.318  P_det_soft 0.9832  (113s)
  step 1250  JSR  -20.2  loss 16.9518  logE[BER] -7.089  P_det_soft 0.9863  (115s)
  step 1275  JSR  -32.9  loss 2212.7085  logE[BER] -2210.186  P_det_soft 0.2522  (118s)
  step 1300  JSR  -24.3  loss 477.9720  logE[BER] -470.006  P_det_soft 0.7966  (120s)
  step 1325  JSR  -30.4  loss 1525.9233  logE[BER] -1524.114  P_det_soft 0.1810  (122s)
  step 1350  JSR  -41.5  loss 3233.5376  logE[BER] -3231.116  P_det_soft 0.2421  (125s)
  step 1375  JSR  -36.2  loss 2660.2660  logE[BER] -2658.502  P_det_soft 0.1764  (127s)
  step 1400  JSR  -32.1  loss 1855.6026  logE[BER] -1853.952  P_det_soft 0.1650  (129s)
  step 1425  JSR  -44.2  loss 3395.0844  logE[BER] -3393.186  P_det_soft 0.1898  (131s)
  step 1450  JSR  -38.7  loss 2900.0068  logE[BER] -2898.284  P_det_soft 0.1723  (134s)
  step 1475  JSR  -36.0  loss 2498.0522  logE[BER] -2496.053  P_det_soft 0.2000  (136s)
  step 1500  JSR  -46.5  loss 3515.5846  logE[BER] -3514.167  P_det_soft 0.1418  (138s)
  step 1525  JSR  -32.2  loss 1889.8560  logE[BER] -1887.693  P_det_soft 0.2162  (141s)
  step 1550  JSR  -46.5  loss 3516.7115  logE[BER] -3515.032  P_det_soft 0.1679  (143s)
  step 1575  JSR  -40.2  loss 2979.3453  logE[BER] -2977.784  P_det_soft 0.1562  (145s)
  step 1600  JSR  -34.3  loss 2202.4967  logE[BER] -2201.141  P_det_soft 0.1355  (148s)
  step 1625  JSR  -27.7  loss 961.3588  logE[BER] -958.389  P_det_soft 0.2970  (150s)
  step 1650  JSR  -40.2  loss 2960.9558  logE[BER] -2958.927  P_det_soft 0.2029  (152s)
  step 1675  JSR  -19.3  loss 15.2842  logE[BER] -6.359  P_det_soft 0.8925  (155s)
  step 1700  JSR  -34.1  loss 2106.6971  logE[BER] -2105.353  P_det_soft 0.1345  (157s)
  step 1725  JSR  -37.7  loss 2677.5172  logE[BER] -2675.299  P_det_soft 0.2218  (159s)
  step 1750  JSR  -41.1  loss 3042.6188  logE[BER] -3041.040  P_det_soft 0.1578  (161s)
  step 1775  JSR  -38.6  loss 2808.2819  logE[BER] -2806.049  P_det_soft 0.2233  (164s)
  step 1800  JSR  -38.6  loss 2869.4883  logE[BER] -2867.720  P_det_soft 0.1768  (166s)
  step 1825  JSR  -44.6  loss 3355.4872  logE[BER] -3353.269  P_det_soft 0.2218  (168s)
  step 1850  JSR  -27.1  loss 511.7423  logE[BER] -509.056  P_det_soft 0.2686  (171s)
  step 1875  JSR  -35.9  loss 2394.7495  logE[BER] -2393.188  P_det_soft 0.1561  (173s)
  step 1900  JSR  -16.1  loss 15.4938  logE[BER] -5.753  P_det_soft 0.9741  (175s)
  step 1925  JSR  -40.5  loss 3006.3901  logE[BER] -3004.590  P_det_soft 0.1800  (178s)
  step 1950  JSR  -25.2  loss 153.2454  logE[BER] -150.370  P_det_soft 0.2875  (180s)
  step 1975  JSR  -23.2  loss 12.4213  logE[BER] -8.805  P_det_soft 0.3617  (182s)
  step 2000  JSR  -27.3  loss 533.6522  logE[BER] -531.251  P_det_soft 0.2402  (185s)
  step 2025  JSR  -33.1  loss 1969.0006  logE[BER] -1967.367  P_det_soft 0.1634  (187s)
  step 2050  JSR  -31.8  loss 1519.7546  logE[BER] -1517.742  P_det_soft 0.2013  (189s)
  step 2075  JSR  -23.0  loss 12.5230  logE[BER] -8.888  P_det_soft 0.3635  (192s)
  step 2100  JSR  -27.7  loss 639.2349  logE[BER] -636.864  P_det_soft 0.2371  (194s)
  step 2125  JSR  -20.8  loss 11.8619  logE[BER] -6.403  P_det_soft 0.5459  (196s)
  step 2150  JSR  -39.3  loss 2872.3309  logE[BER] -2870.484  P_det_soft 0.1847  (199s)
  step 2175  JSR  -39.2  loss 2819.0245  logE[BER] -2817.557  P_det_soft 0.1468  (201s)
  step 2200  JSR  -35.2  loss 2228.2683  logE[BER] -2227.061  P_det_soft 0.1208  (203s)
  step 2225  JSR  -31.6  loss 1566.4861  logE[BER] -1564.259  P_det_soft 0.2227  (205s)
  step 2250  JSR  -46.4  loss 3468.9329  logE[BER] -3467.347  P_det_soft 0.1586  (208s)
  step 2275  JSR  -25.7  loss 239.6359  logE[BER] -236.696  P_det_soft 0.2940  (210s)
  step 2300  JSR  -39.2  loss 2822.6462  logE[BER] -2820.790  P_det_soft 0.1857  (212s)
  step 2325  JSR  -40.4  loss 3032.5412  logE[BER] -3030.548  P_det_soft 0.1993  (215s)
  step 2350  JSR  -20.9  loss 11.4003  logE[BER] -6.592  P_det_soft 0.4809  (217s)
  step 2375  JSR  -16.9  loss 14.4551  logE[BER] -5.938  P_det_soft 0.8518  (219s)
  step 2400  JSR  -28.0  loss 670.0245  logE[BER] -668.022  P_det_soft 0.2002  (222s)
  step 2425  JSR  -22.8  loss 10.5787  logE[BER] -7.769  P_det_soft 0.2810  (224s)
  step 2450  JSR  -29.3  loss 897.1825  logE[BER] -895.592  P_det_soft 0.1591  (226s)
  step 2475  JSR  -44.3  loss 3336.6229  logE[BER] -3335.040  P_det_soft 0.1583  (229s)
  step 2500  JSR  -28.8  loss 853.5531  logE[BER] -850.930  P_det_soft 0.2623  (231s)
  step 2525  JSR  -42.5  loss 3182.6235  logE[BER] -3180.574  P_det_soft 0.2049  (233s)
  step 2550  JSR  -22.2  loss 11.1022  logE[BER] -7.344  P_det_soft 0.3758  (236s)
  step 2575  JSR  -16.0  loss 14.1951  logE[BER] -5.485  P_det_soft 0.8711  (238s)
  step 2600  JSR  -24.2  loss 32.6623  logE[BER] -29.620  P_det_soft 0.3042  (240s)
  step 2625  JSR  -39.9  loss 2876.1579  logE[BER] -2874.377  P_det_soft 0.1781  (243s)
  step 2650  JSR  -37.6  loss 2582.2436  logE[BER] -2580.910  P_det_soft 0.1334  (245s)
  step 2675  JSR  -43.6  loss 3317.7863  logE[BER] -3316.051  P_det_soft 0.1735  (247s)
  step 2700  JSR  -22.9  loss 11.8468  logE[BER] -9.006  P_det_soft 0.2841  (250s)
  step 2725  JSR  -38.1  loss 2641.7582  logE[BER] -2639.862  P_det_soft 0.1896  (252s)
  step 2750  JSR  -42.4  loss 3130.9152  logE[BER] -3129.217  P_det_soft 0.1698  (254s)
  step 2775  JSR  -21.1  loss 10.9480  logE[BER] -6.699  P_det_soft 0.4249  (257s)
  step 2800  JSR  -31.5  loss 1499.6929  logE[BER] -1497.886  P_det_soft 0.1807  (259s)
  step 2825  JSR  -37.5  loss 2528.4974  logE[BER] -2526.741  P_det_soft 0.1756  (261s)
  step 2850  JSR  -47.3  loss 3534.1780  logE[BER] -3532.921  P_det_soft 0.1257  (264s)
  step 2875  JSR  -24.4  loss 50.8075  logE[BER] -48.569  P_det_soft 0.2238  (266s)
  step 2900  JSR  -34.0  loss 1908.9883  logE[BER] -1906.507  P_det_soft 0.2482  (268s)
  step 2925  JSR  -30.3  loss 1291.2382  logE[BER] -1289.574  P_det_soft 0.1665  (271s)
  step 2950  JSR  -22.2  loss 10.2251  logE[BER] -6.827  P_det_soft 0.3398  (273s)
  step 2975  JSR  -25.5  loss 157.8087  logE[BER] -156.300  P_det_soft 0.1509  (275s)
  step 3000  JSR  -23.7  loss 12.4210  logE[BER] -9.563  P_det_soft 0.2857  (278s)
  step 3025  JSR  -44.4  loss 3315.8677  logE[BER] -3314.173  P_det_soft 0.1694  (280s)
  step 3050  JSR  -42.2  loss 3121.9785  logE[BER] -3119.892  P_det_soft 0.2087  (282s)
  step 3075  JSR  -30.8  loss 1322.5520  logE[BER] -1320.272  P_det_soft 0.2280  (285s)
  step 3100  JSR  -35.0  loss 2265.8628  logE[BER] -2264.542  P_det_soft 0.1321  (287s)
  step 3125  JSR  -47.8  loss 3544.0492  logE[BER] -3541.872  P_det_soft 0.2177  (289s)
  step 3150  JSR  -20.7  loss 10.8105  logE[BER] -6.708  P_det_soft 0.4102  (291s)
  step 3175  JSR  -21.1  loss 10.0481  logE[BER] -6.576  P_det_soft 0.3472  (294s)
  step 3200  JSR  -46.0  loss 3436.1428  logE[BER] -3434.256  P_det_soft 0.1886  (296s)
  step 3225  JSR  -41.6  loss 3090.3416  logE[BER] -3088.690  P_det_soft 0.1652  (298s)
  step 3250  JSR  -46.9  loss 3498.7926  logE[BER] -3497.499  P_det_soft 0.1293  (301s)
  step 3275  JSR  -33.9  loss 1965.8222  logE[BER] -1964.105  P_det_soft 0.1718  (303s)
  step 3300  JSR  -25.1  loss 101.8896  logE[BER] -100.055  P_det_soft 0.1835  (305s)
  step 3325  JSR  -47.5  loss 3498.8599  logE[BER] -3496.410  P_det_soft 0.2450  (308s)
  step 3350  JSR  -40.3  loss 2916.8431  logE[BER] -2914.944  P_det_soft 0.1899  (310s)
  step 3375  JSR  -23.1  loss 11.3470  logE[BER] -8.044  P_det_soft 0.3303  (312s)
  step 3400  JSR  -24.2  loss 22.2904  logE[BER] -20.085  P_det_soft 0.2205  (315s)
  step 3425  JSR  -36.9  loss 2483.7278  logE[BER] -2481.771  P_det_soft 0.1956  (317s)
  step 3450  JSR  -44.3  loss 3288.8865  logE[BER] -3287.355  P_det_soft 0.1531  (319s)
  step 3475  JSR  -19.0  loss 10.1310  logE[BER] -5.914  P_det_soft 0.4217  (322s)
  step 3500  JSR  -44.4  loss 3312.7130  logE[BER] -3310.693  P_det_soft 0.2020  (324s)
  step 3525  JSR  -17.8  loss 11.3474  logE[BER] -5.707  P_det_soft 0.5641  (326s)
  step 3550  JSR  -19.1  loss 10.2595  logE[BER] -6.026  P_det_soft 0.4234  (329s)
  step 3575  JSR  -42.4  loss 3148.1364  logE[BER] -3146.233  P_det_soft 0.1903  (331s)
  step 3600  JSR  -38.2  loss 2647.6323  logE[BER] -2646.100  P_det_soft 0.1532  (333s)
  step 3625  JSR  -17.4  loss 11.5306  logE[BER] -5.924  P_det_soft 0.5607  (336s)
  step 3650  JSR  -40.9  loss 2990.4006  logE[BER] -2988.883  P_det_soft 0.1518  (338s)
  step 3675  JSR  -44.6  loss 3364.2431  logE[BER] -3362.296  P_det_soft 0.1947  (340s)
  step 3700  JSR  -37.0  loss 2472.1900  logE[BER] -2470.689  P_det_soft 0.1501  (343s)
  step 3725  JSR  -37.3  loss 2647.3542  logE[BER] -2645.770  P_det_soft 0.1585  (345s)
  step 3750  JSR  -34.4  loss 2046.4439  logE[BER] -2044.540  P_det_soft 0.1904  (347s)
  step 3775  JSR  -38.9  loss 2898.4308  logE[BER] -2896.552  P_det_soft 0.1879  (350s)
  step 3800  JSR  -18.3  loss 11.0713  logE[BER] -6.344  P_det_soft 0.4728  (352s)
  step 3825  JSR  -19.3  loss 10.5587  logE[BER] -6.474  P_det_soft 0.4084  (354s)
  step 3850  JSR  -31.9  loss 1530.5234  logE[BER] -1528.668  P_det_soft 0.1855  (357s)
  step 3875  JSR  -25.3  loss 163.6826  logE[BER] -161.032  P_det_soft 0.2651  (359s)
  step 3900  JSR  -31.1  loss 1312.0761  logE[BER] -1309.894  P_det_soft 0.2182  (361s)
  step 3925  JSR  -21.4  loss 9.2579  logE[BER] -6.467  P_det_soft 0.2791  (364s)
  step 3950  JSR  -23.1  loss 11.2305  logE[BER] -9.120  P_det_soft 0.2110  (366s)
  step 3975  JSR  -19.7  loss 9.7175  logE[BER] -6.080  P_det_soft 0.3638  (368s)
  step 3999  JSR  -33.4  loss 1812.2771  logE[BER] -1810.086  P_det_soft 0.2191  (371s)
wrote task14_G.pt, task14.json  (tag spec_cnn_b10)
