node: artongpu01.ee.ethz.ch | gpu: NVIDIA GeForce RTX 2080 Ti
task 15 = {'target': 'spec_cnn', 'beta': 100.0}  (tag spec_cnn_b100, 32 frames/step, JSR band (-48.0, -16.0))
  target spec_cnn: threshold -3.17573, clean-frame std 0.982227 (soft_pdet width)
  step    0  JSR  -32.2  loss 3791.4230  logE[BER] -3748.889  P_det_soft 0.4253  (1s)
  step   25  JSR  -44.5  loss 3813.4839  logE[BER] -3795.904  P_det_soft 0.1758  (3s)
  step   50  JSR  -29.7  loss 2883.4806  logE[BER] -2819.988  P_det_soft 0.6349  (6s)
  step   75  JSR  -22.0  loss 1910.0510  logE[BER] -1810.602  P_det_soft 0.9945  (8s)
  step  100  JSR  -42.9  loss 3789.6958  logE[BER] -3768.514  P_det_soft 0.2118  (11s)
  step  125  JSR  -40.1  loss 3657.5454  logE[BER] -3640.920  P_det_soft 0.1662  (13s)
  step  150  JSR  -45.1  loss 3847.5450  logE[BER] -3830.115  P_det_soft 0.1743  (16s)
  step  175  JSR  -42.4  loss 3787.6271  logE[BER] -3769.418  P_det_soft 0.1821  (18s)
  step  200  JSR  -41.1  loss 3653.4006  logE[BER] -3631.572  P_det_soft 0.2183  (21s)
  step  225  JSR  -28.3  loss 2742.4250  logE[BER] -2677.692  P_det_soft 0.6473  (23s)
  step  250  JSR  -42.9  loss 3764.2188  logE[BER] -3740.728  P_det_soft 0.2349  (26s)
  step  275  JSR  -47.0  loss 3861.4216  logE[BER] -3841.850  P_det_soft 0.1957  (28s)
  step  300  JSR  -33.3  loss 3193.4760  logE[BER] -3164.034  P_det_soft 0.2944  (31s)
  step  325  JSR  -34.7  loss 3345.3752  logE[BER] -3319.784  P_det_soft 0.2559  (33s)
  step  350  JSR  -20.0  loss 837.7567  logE[BER] -738.275  P_det_soft 0.9948  (36s)
  step  375  JSR  -26.5  loss 2286.3710  logE[BER] -2210.850  P_det_soft 0.7552  (38s)
  step  400  JSR  -21.5  loss 1390.2762  logE[BER] -1291.210  P_det_soft 0.9907  (41s)
  step  425  JSR  -36.4  loss 3375.7937  logE[BER] -3347.783  P_det_soft 0.2801  (43s)
  step  450  JSR  -24.0  loss 2004.7137  logE[BER] -1909.284  P_det_soft 0.9543  (46s)
  step  475  JSR  -28.2  loss 2360.4467  logE[BER] -2291.200  P_det_soft 0.6925  (48s)
  step  500  JSR  -29.6  loss 2648.3700  logE[BER] -2600.030  P_det_soft 0.4834  (51s)
  step  525  JSR  -42.2  loss 3649.7266  logE[BER] -3630.554  P_det_soft 0.1917  (53s)
  step  550  JSR  -37.1  loss 3372.1782  logE[BER] -3343.996  P_det_soft 0.2818  (56s)
  step  575  JSR  -47.0  loss 3820.9426  logE[BER] -3805.173  P_det_soft 0.1577  (58s)
  step  600  JSR  -21.8  loss 896.2359  logE[BER] -797.135  P_det_soft 0.9910  (61s)
  step  625  JSR  -38.9  loss 3484.6097  logE[BER] -3460.383  P_det_soft 0.2423  (63s)
  step  650  JSR  -30.6  loss 2401.2405  logE[BER] -2356.615  P_det_soft 0.4463  (66s)
  step  675  JSR  -37.3  loss 3333.3705  logE[BER] -3310.345  P_det_soft 0.2303  (68s)
  step  700  JSR  -34.2  loss 3225.3536  logE[BER] -3194.632  P_det_soft 0.3072  (71s)
  step  725  JSR  -43.8  loss 3659.3879  logE[BER] -3637.236  P_det_soft 0.2215  (73s)
  step  750  JSR  -37.6  loss 3479.7850  logE[BER] -3460.779  P_det_soft 0.1901  (76s)
  step  775  JSR  -44.1  loss 3668.5463  logE[BER] -3653.452  P_det_soft 0.1509  (78s)
  step  800  JSR  -41.8  loss 3572.6764  logE[BER] -3552.547  P_det_soft 0.2013  (81s)
  step  825  JSR  -25.5  loss 1877.2926  logE[BER] -1792.462  P_det_soft 0.8483  (83s)
  step  850  JSR  -28.0  loss 2122.0223  logE[BER] -2059.421  P_det_soft 0.6260  (86s)
  step  875  JSR  -30.0  loss 2582.2414  logE[BER] -2534.911  P_det_soft 0.4733  (89s)
  step  900  JSR  -28.8  loss 2336.7169  logE[BER] -2284.367  P_det_soft 0.5235  (91s)
  step  925  JSR  -28.0  loss 2336.4724  logE[BER] -2278.969  P_det_soft 0.5750  (94s)
  step  950  JSR  -17.8  loss 178.1798  logE[BER] -78.430  P_det_soft 0.9975  (96s)
  step  975  JSR  -31.9  loss 2546.6486  logE[BER] -2520.534  P_det_soft 0.2611  (99s)
  step 1000  JSR  -20.1  loss 217.9099  logE[BER] -118.725  P_det_soft 0.9918  (101s)
  step 1025  JSR  -33.6  loss 2823.4539  logE[BER] -2796.612  P_det_soft 0.2684  (104s)
  step 1050  JSR  -19.2  loss 221.7671  logE[BER] -122.165  P_det_soft 0.9960  (106s)
  step 1075  JSR  -47.7  loss 3765.5725  logE[BER] -3746.507  P_det_soft 0.1907  (109s)
  step 1100  JSR  -24.0  loss 845.0185  logE[BER] -753.209  P_det_soft 0.9181  (111s)
  step 1125  JSR  -19.2  loss 148.6402  logE[BER] -49.185  P_det_soft 0.9946  (114s)
  step 1150  JSR  -44.7  loss 3625.4939  logE[BER] -3602.699  P_det_soft 0.2279  (116s)
  step 1175  JSR  -30.5  loss 2196.6887  logE[BER] -2166.025  P_det_soft 0.3066  (119s)
  step 1200  JSR  -25.4  loss 1546.4588  logE[BER] -1463.129  P_det_soft 0.8333  (121s)
  step 1225  JSR  -32.4  loss 2608.3608  logE[BER] -2579.058  P_det_soft 0.2930  (124s)
  step 1250  JSR  -18.1  loss 189.3324  logE[BER] -89.659  P_det_soft 0.9967  (126s)
  step 1275  JSR  -37.4  loss 3283.3495  logE[BER] -3263.453  P_det_soft 0.1990  (129s)
  step 1300  JSR  -24.9  loss 1164.5619  logE[BER] -1082.679  P_det_soft 0.8188  (131s)
  step 1325  JSR  -24.5  loss 1128.6894  logE[BER] -1042.727  P_det_soft 0.8596  (134s)
  step 1350  JSR  -38.1  loss 3336.2073  logE[BER] -3317.626  P_det_soft 0.1858  (136s)
  step 1375  JSR  -21.5  loss 269.0185  logE[BER] -170.976  P_det_soft 0.9804  (139s)
  step 1400  JSR  -29.1  loss 1869.4738  logE[BER] -1826.173  P_det_soft 0.4330  (141s)
  step 1425  JSR  -27.2  loss 1375.1904  logE[BER] -1317.070  P_det_soft 0.5812  (144s)
  step 1450  JSR  -18.0  loss 109.5747  logE[BER] -10.167  P_det_soft 0.9941  (146s)
  step 1475  JSR  -24.6  loss 810.3438  logE[BER] -726.990  P_det_soft 0.8335  (149s)
  step 1500  JSR  -37.6  loss 3059.2745  logE[BER] -3043.834  P_det_soft 0.1544  (151s)
  step 1525  JSR  -30.4  loss 1991.6410  logE[BER] -1967.344  P_det_soft 0.2430  (154s)
  step 1550  JSR  -39.3  loss 3192.0747  logE[BER] -3167.485  P_det_soft 0.2459  (156s)
  step 1575  JSR  -31.7  loss 2107.4575  logE[BER] -2081.461  P_det_soft 0.2600  (159s)
  step 1600  JSR  -18.9  loss 106.3078  logE[BER] -7.005  P_det_soft 0.9930  (161s)
  step 1625  JSR  -39.3  loss 3087.9802  logE[BER] -3067.373  P_det_soft 0.2061  (164s)
  step 1650  JSR  -32.7  loss 2370.1203  logE[BER] -2352.282  P_det_soft 0.1784  (166s)
  step 1675  JSR  -19.8  loss 105.1971  logE[BER] -7.064  P_det_soft 0.9813  (169s)
  step 1700  JSR  -42.4  loss 3312.8764  logE[BER] -3294.548  P_det_soft 0.1833  (172s)
  step 1725  JSR  -37.2  loss 2753.6483  logE[BER] -2735.149  P_det_soft 0.1850  (174s)
  step 1750  JSR  -20.8  loss 102.7066  logE[BER] -7.141  P_det_soft 0.9557  (177s)
  step 1775  JSR  -41.5  loss 3262.6020  logE[BER] -3247.927  P_det_soft 0.1467  (179s)
  step 1800  JSR  -37.9  loss 2898.3496  logE[BER] -2876.080  P_det_soft 0.2227  (182s)
  step 1825  JSR  -28.1  loss 1040.3168  logE[BER] -1008.260  P_det_soft 0.3206  (184s)
  step 1850  JSR  -37.5  loss 2818.7181  logE[BER] -2795.396  P_det_soft 0.2332  (187s)
  step 1875  JSR  -32.9  loss 1949.5919  logE[BER] -1925.185  P_det_soft 0.2441  (189s)
  step 1900  JSR  -19.2  loss 102.0623  logE[BER] -6.846  P_det_soft 0.9522  (192s)
  step 1925  JSR  -37.7  loss 2831.3647  logE[BER] -2812.459  P_det_soft 0.1891  (194s)
  step 1950  JSR  -32.7  loss 1868.7202  logE[BER] -1850.591  P_det_soft 0.1813  (197s)
  step 1975  JSR  -37.6  loss 2818.4248  logE[BER] -2800.688  P_det_soft 0.1774  (199s)
  step 2000  JSR  -29.4  loss 1145.1622  logE[BER] -1115.355  P_det_soft 0.2981  (202s)
  step 2025  JSR  -17.1  loss 104.8610  logE[BER] -6.054  P_det_soft 0.9881  (204s)
  step 2050  JSR  -44.2  loss 3403.1062  logE[BER] -3380.400  P_det_soft 0.2271  (207s)
  step 2075  JSR  -18.8  loss 103.0783  logE[BER] -6.298  P_det_soft 0.9678  (209s)
  step 2100  JSR  -36.1  loss 2512.6143  logE[BER] -2493.750  P_det_soft 0.1886  (212s)
  step 2125  JSR  -27.0  loss 541.2162  logE[BER] -511.905  P_det_soft 0.2931  (214s)
  step 2150  JSR  -37.6  loss 2791.5412  logE[BER] -2769.586  P_det_soft 0.2195  (217s)
  step 2175  JSR  -36.3  loss 2511.8688  logE[BER] -2491.460  P_det_soft 0.2041  (219s)
  step 2200  JSR  -39.4  loss 2926.2704  logE[BER] -2905.983  P_det_soft 0.2029  (222s)
  step 2225  JSR  -17.2  loss 103.9048  logE[BER] -5.858  P_det_soft 0.9805  (224s)
  step 2250  JSR  -44.2  loss 3366.4410  logE[BER] -3351.246  P_det_soft 0.1519  (227s)
  step 2275  JSR  -22.8  loss 86.4227  logE[BER] -28.685  P_det_soft 0.5774  (229s)
  step 2300  JSR  -31.0  loss 1592.5585  logE[BER] -1568.690  P_det_soft 0.2387  (232s)
  step 2325  JSR  -39.0  loss 2875.9129  logE[BER] -2859.723  P_det_soft 0.1619  (234s)
  step 2350  JSR  -39.3  loss 2884.3429  logE[BER] -2864.425  P_det_soft 0.1992  (237s)
  step 2375  JSR  -27.8  loss 770.0695  logE[BER] -741.643  P_det_soft 0.2843  (239s)
  step 2400  JSR  -23.8  loss 101.8355  logE[BER] -46.225  P_det_soft 0.5561  (242s)
  step 2425  JSR  -18.2  loss 102.2066  logE[BER] -6.066  P_det_soft 0.9614  (244s)
  step 2450  JSR  -25.7  loss 439.4893  logE[BER] -383.046  P_det_soft 0.5644  (247s)
  step 2475  JSR  -40.5  loss 3069.1482  logE[BER] -3049.643  P_det_soft 0.1950  (249s)
  step 2500  JSR  -43.3  loss 3327.2047  logE[BER] -3307.527  P_det_soft 0.1968  (252s)
  step 2525  JSR  -28.6  loss 1080.1341  logE[BER] -1052.046  P_det_soft 0.2809  (255s)
  step 2550  JSR  -36.1  loss 2443.0104  logE[BER] -2427.513  P_det_soft 0.1550  (257s)
  step 2575  JSR  -43.4  loss 3306.8949  logE[BER] -3285.261  P_det_soft 0.2163  (260s)
  step 2600  JSR  -45.3  loss 3514.7186  logE[BER] -3494.747  P_det_soft 0.1997  (262s)
  step 2625  JSR  -35.4  loss 2415.5874  logE[BER] -2393.129  P_det_soft 0.2246  (265s)
  step 2650  JSR  -37.4  loss 2658.2770  logE[BER] -2638.080  P_det_soft 0.2020  (267s)
  step 2675  JSR  -33.5  loss 2041.4976  logE[BER] -2021.959  P_det_soft 0.1954  (270s)
  step 2700  JSR  -28.3  loss 865.2318  logE[BER] -835.351  P_det_soft 0.2988  (272s)
  step 2725  JSR  -46.5  loss 3502.2493  logE[BER] -3483.218  P_det_soft 0.1903  (275s)
  step 2750  JSR  -33.6  loss 1983.0425  logE[BER] -1958.961  P_det_soft 0.2408  (277s)
  step 2775  JSR  -43.9  loss 3326.8236  logE[BER] -3309.468  P_det_soft 0.1736  (280s)
  step 2800  JSR  -38.7  loss 2802.7869  logE[BER] -2783.388  P_det_soft 0.1940  (282s)
  step 2825  JSR  -37.2  loss 2668.5299  logE[BER] -2652.397  P_det_soft 0.1613  (285s)
  step 2850  JSR  -16.5  loss 103.7097  logE[BER] -5.753  P_det_soft 0.9796  (287s)
  step 2875  JSR  -28.7  loss 965.1842  logE[BER] -943.263  P_det_soft 0.2192  (290s)
  step 2900  JSR  -35.1  loss 2364.1496  logE[BER] -2344.606  P_det_soft 0.1954  (292s)
  step 2925  JSR  -37.2  loss 2622.3341  logE[BER] -2604.832  P_det_soft 0.1750  (295s)
  step 2950  JSR  -40.4  loss 2999.8921  logE[BER] -2985.119  P_det_soft 0.1477  (297s)
  step 2975  JSR  -35.9  loss 2428.0417  logE[BER] -2412.104  P_det_soft 0.1594  (300s)
  step 3000  JSR  -35.8  loss 2401.9154  logE[BER] -2385.796  P_det_soft 0.1612  (302s)
  step 3025  JSR  -47.6  loss 3566.0940  logE[BER] -3552.126  P_det_soft 0.1397  (305s)
  step 3050  JSR  -27.2  loss 857.7449  logE[BER] -836.004  P_det_soft 0.2174  (307s)
  step 3075  JSR  -27.3  loss 654.9479  logE[BER] -626.166  P_det_soft 0.2878  (310s)
  step 3100  JSR  -47.6  loss 3569.5500  logE[BER] -3554.383  P_det_soft 0.1517  (312s)
  step 3125  JSR  -19.5  loss 97.8255  logE[BER] -6.591  P_det_soft 0.9123  (315s)
  step 3150  JSR  -30.2  loss 1203.1671  logE[BER] -1182.357  P_det_soft 0.2081  (317s)
  step 3175  JSR  -28.7  loss 938.4518  logE[BER] -906.679  P_det_soft 0.3177  (320s)
  step 3200  JSR  -24.1  loss 97.0840  logE[BER] -49.752  P_det_soft 0.4733  (322s)
  step 3225  JSR  -21.2  loss 86.6222  logE[BER] -8.009  P_det_soft 0.7861  (325s)
  step 3250  JSR  -42.7  loss 3236.8574  logE[BER] -3217.013  P_det_soft 0.1984  (327s)
  step 3275  JSR  -23.4  loss 108.4538  logE[BER] -43.929  P_det_soft 0.6452  (330s)
  step 3300  JSR  -31.4  loss 1611.6583  logE[BER] -1585.028  P_det_soft 0.2663  (333s)
  step 3325  JSR  -44.7  loss 3414.9688  logE[BER] -3397.811  P_det_soft 0.1716  (335s)
  step 3350  JSR  -16.0  loss 104.5129  logE[BER] -6.066  P_det_soft 0.9845  (338s)
  step 3375  JSR  -39.6  loss 2927.7332  logE[BER] -2909.575  P_det_soft 0.1816  (340s)
  step 3400  JSR  -41.9  loss 3214.6214  logE[BER] -3196.371  P_det_soft 0.1825  (343s)
  step 3425  JSR  -45.9  loss 3464.7203  logE[BER] -3448.061  P_det_soft 0.1666  (345s)
  step 3450  JSR  -40.0  loss 2944.7519  logE[BER] -2927.222  P_det_soft 0.1753  (348s)
  step 3475  JSR  -43.9  loss 3338.5928  logE[BER] -3321.250  P_det_soft 0.1734  (350s)
  step 3500  JSR  -25.4  loss 407.8758  logE[BER] -360.186  P_det_soft 0.4769  (353s)
  step 3525  JSR  -31.1  loss 1527.4125  logE[BER] -1506.432  P_det_soft 0.2098  (355s)
  step 3550  JSR  -45.9  loss 3493.3585  logE[BER] -3474.513  P_det_soft 0.1885  (358s)
  step 3575  JSR  -28.8  loss 964.7033  logE[BER] -938.260  P_det_soft 0.2644  (360s)
  step 3600  JSR  -35.9  loss 2601.5078  logE[BER] -2585.335  P_det_soft 0.1617  (363s)
  step 3625  JSR  -44.3  loss 3329.6107  logE[BER] -3310.068  P_det_soft 0.1954  (365s)
  step 3650  JSR  -23.4  loss 72.6394  logE[BER] -26.981  P_det_soft 0.4566  (368s)
  step 3675  JSR  -47.0  loss 3544.7189  logE[BER] -3523.613  P_det_soft 0.2111  (370s)
  step 3700  JSR  -32.1  loss 1717.8892  logE[BER] -1695.966  P_det_soft 0.2192  (373s)
  step 3725  JSR  -41.3  loss 3107.6606  logE[BER] -3086.146  P_det_soft 0.2151  (375s)
  step 3750  JSR  -22.9  loss 67.4690  logE[BER] -8.502  P_det_soft 0.5897  (378s)
  step 3775  JSR  -41.8  loss 3135.0185  logE[BER] -3120.487  P_det_soft 0.1453  (380s)
  step 3800  JSR  -33.9  loss 2062.3687  logE[BER] -2039.627  P_det_soft 0.2274  (383s)
  step 3825  JSR  -33.6  loss 2065.1841  logE[BER] -2049.383  P_det_soft 0.1580  (385s)
  step 3850  JSR  -28.7  loss 1078.5757  logE[BER] -1051.249  P_det_soft 0.2733  (388s)
  step 3875  JSR  -35.0  loss 2241.2231  logE[BER] -2221.144  P_det_soft 0.2008  (390s)
  step 3900  JSR  -46.7  loss 3509.4943  logE[BER] -3492.162  P_det_soft 0.1733  (393s)
  step 3925  JSR  -35.2  loss 2269.3928  logE[BER] -2250.020  P_det_soft 0.1937  (395s)
  step 3950  JSR  -18.4  loss 98.0380  logE[BER] -6.446  P_det_soft 0.9159  (398s)
  step 3975  JSR  -36.0  loss 2431.2914  logE[BER] -2413.809  P_det_soft 0.1748  (400s)
  step 3999  JSR  -30.9  loss 1334.1341  logE[BER] -1312.535  P_det_soft 0.2160  (403s)
wrote task15_G.pt, task15.json  (tag spec_cnn_b100)
