node: tikgpu09.ee.ethz.ch | gpu: NVIDIA GeForce RTX 3090
task 4 = {'target': 'power_one_sided', 'beta': 1000.0}  (tag power_one_sided_b1000, 128 frames/step, JSR band (-32.0, 0.0))
  target power_one_sided: threshold 0.100354, clean-frame std 0.000141768 (soft_pdet width)
  learned power: cap +0.0 dB, start -40.0 dB, gain lr 0.01, damage per
  step    0  JSR  -38.5  loss 4139.2806  logE[PER] -3890.698  P_det_soft 0.2486  (1s)
  step   25  JSR  -32.5  loss 3800.7391  logE[PER] -3470.973  P_det_soft 0.3298  (1s)
  step   50  JSR  -29.5  loss 3722.6660  logE[PER] -3313.598  P_det_soft 0.4091  (1s)
  step   75  JSR  -26.7  loss 3629.1710  logE[PER] -3078.696  P_det_soft 0.5505  (2s)
  step  100  JSR  -23.1  loss 3415.6602  logE[PER] -2706.795  P_det_soft 0.7089  (2s)
  step  125  JSR  -18.6  loss 2856.9379  logE[PER] -2010.941  P_det_soft 0.8460  (3s)
  step  150  JSR  -13.7  loss 2026.9337  logE[PER] -1049.334  P_det_soft 0.9776  (3s)
  step  175  JSR   -9.7  loss 1182.3836  logE[PER] -182.384  P_det_soft 1.0000  (4s)
  step  200  JSR   +nan  loss nan  logE[PER] nan  P_det_soft nan  (4s)
  step  225  JSR   +nan  loss nan  logE[PER] nan  P_det_soft nan  (5s)
  step  250  JSR   +nan  loss nan  logE[PER] nan  P_det_soft nan  (5s)
  step  275  JSR   +nan  loss nan  logE[PER] nan  P_det_soft nan  (6s)
  step  300  JSR   +nan  loss nan  logE[PER] nan  P_det_soft nan  (6s)
  step  325  JSR   +nan  loss nan  logE[PER] nan  P_det_soft nan  (7s)
  step  350  JSR   +nan  loss nan  logE[PER] nan  P_det_soft nan  (7s)
  step  375  JSR   +nan  loss nan  logE[PER] nan  P_det_soft nan  (7s)
  step  400  JSR   +nan  loss nan  logE[PER] nan  P_det_soft nan  (8s)
  step  425  JSR   +nan  loss nan  logE[PER] nan  P_det_soft nan  (8s)
  step  450  JSR   +nan  loss nan  logE[PER] nan  P_det_soft nan  (9s)
  step  475  JSR   +nan  loss nan  logE[PER] nan  P_det_soft nan  (9s)
  step  500  JSR   +nan  loss nan  logE[PER] nan  P_det_soft nan  (10s)
  step  525  JSR   +nan  loss nan  logE[PER] nan  P_det_soft nan  (10s)
  step  550  JSR   +nan  loss nan  logE[PER] nan  P_det_soft nan  (11s)
  step  575  JSR   +nan  loss nan  logE[PER] nan  P_det_soft nan  (11s)
  step  600  JSR   +nan  loss nan  logE[PER] nan  P_det_soft nan  (12s)
  step  625  JSR   +nan  loss nan  logE[PER] nan  P_det_soft nan  (12s)
  step  650  JSR   +nan  loss nan  logE[PER] nan  P_det_soft nan  (13s)
  step  675  JSR   +nan  loss nan  logE[PER] nan  P_det_soft nan  (13s)
  step  700  JSR   +nan  loss nan  logE[PER] nan  P_det_soft nan  (13s)
  step  725  JSR   +nan  loss nan  logE[PER] nan  P_det_soft nan  (14s)
  step  750  JSR   +nan  loss nan  logE[PER] nan  P_det_soft nan  (14s)
  step  775  JSR   +nan  loss nan  logE[PER] nan  P_det_soft nan  (15s)
  step  800  JSR   +nan  loss nan  logE[PER] nan  P_det_soft nan  (15s)
  step  825  JSR   +nan  loss nan  logE[PER] nan  P_det_soft nan  (16s)
  step  850  JSR   +nan  loss nan  logE[PER] nan  P_det_soft nan  (16s)
  step  875  JSR   +nan  loss nan  logE[PER] nan  P_det_soft nan  (17s)
  step  900  JSR   +nan  loss nan  logE[PER] nan  P_det_soft nan  (17s)
  step  925  JSR   +nan  loss nan  logE[PER] nan  P_det_soft nan  (18s)
  step  950  JSR   +nan  loss nan  logE[PER] nan  P_det_soft nan  (18s)
  step  975  JSR   +nan  loss nan  logE[PER] nan  P_det_soft nan  (19s)
  step 1000  JSR   +nan  loss nan  logE[PER] nan  P_det_soft nan  (19s)
  step 1025  JSR   +nan  loss nan  logE[PER] nan  P_det_soft nan  (19s)
  step 1050  JSR   +nan  loss nan  logE[PER] nan  P_det_soft nan  (20s)
  step 1075  JSR   +nan  loss nan  logE[PER] nan  P_det_soft nan  (20s)
  step 1100  JSR   +nan  loss nan  logE[PER] nan  P_det_soft nan  (21s)
  step 1125  JSR   +nan  loss nan  logE[PER] nan  P_det_soft nan  (21s)
  step 1150  JSR   +nan  loss nan  logE[PER] nan  P_det_soft nan  (22s)
  step 1175  JSR   +nan  loss nan  logE[PER] nan  P_det_soft nan  (22s)
  step 1200  JSR   +nan  loss nan  logE[PER] nan  P_det_soft nan  (23s)
  step 1225  JSR   +nan  loss nan  logE[PER] nan  P_det_soft nan  (23s)
  step 1250  JSR   +nan  loss nan  logE[PER] nan  P_det_soft nan  (24s)
  step 1275  JSR   +nan  loss nan  logE[PER] nan  P_det_soft nan  (24s)
  step 1300  JSR   +nan  loss nan  logE[PER] nan  P_det_soft nan  (25s)
  step 1325  JSR   +nan  loss nan  logE[PER] nan  P_det_soft nan  (25s)
  step 1350  JSR   +nan  loss nan  logE[PER] nan  P_det_soft nan  (25s)
  step 1375  JSR   +nan  loss nan  logE[PER] nan  P_det_soft nan  (26s)
  step 1400  JSR   +nan  loss nan  logE[PER] nan  P_det_soft nan  (26s)
  step 1425  JSR   +nan  loss nan  logE[PER] nan  P_det_soft nan  (27s)
  step 1450  JSR   +nan  loss nan  logE[PER] nan  P_det_soft nan  (27s)
  step 1475  JSR   +nan  loss nan  logE[PER] nan  P_det_soft nan  (28s)
  step 1500  JSR   +nan  loss nan  logE[PER] nan  P_det_soft nan  (28s)
  step 1525  JSR   +nan  loss nan  logE[PER] nan  P_det_soft nan  (29s)
  step 1550  JSR   +nan  loss nan  logE[PER] nan  P_det_soft nan  (29s)
  step 1575  JSR   +nan  loss nan  logE[PER] nan  P_det_soft nan  (30s)
  step 1600  JSR   +nan  loss nan  logE[PER] nan  P_det_soft nan  (30s)
  step 1625  JSR   +nan  loss nan  logE[PER] nan  P_det_soft nan  (31s)
  step 1650  JSR   +nan  loss nan  logE[PER] nan  P_det_soft nan  (31s)
  step 1675  JSR   +nan  loss nan  logE[PER] nan  P_det_soft nan  (32s)
  step 1700  JSR   +nan  loss nan  logE[PER] nan  P_det_soft nan  (32s)
  step 1725  JSR   +nan  loss nan  logE[PER] nan  P_det_soft nan  (32s)
  step 1750  JSR   +nan  loss nan  logE[PER] nan  P_det_soft nan  (33s)
  step 1775  JSR   +nan  loss nan  logE[PER] nan  P_det_soft nan  (33s)
  step 1800  JSR   +nan  loss nan  logE[PER] nan  P_det_soft nan  (34s)
  step 1825  JSR   +nan  loss nan  logE[PER] nan  P_det_soft nan  (34s)
  step 1850  JSR   +nan  loss nan  logE[PER] nan  P_det_soft nan  (35s)
  step 1875  JSR   +nan  loss nan  logE[PER] nan  P_det_soft nan  (35s)
  step 1900  JSR   +nan  loss nan  logE[PER] nan  P_det_soft nan  (36s)
  step 1925  JSR   +nan  loss nan  logE[PER] nan  P_det_soft nan  (36s)
  step 1950  JSR   +nan  loss nan  logE[PER] nan  P_det_soft nan  (37s)
  step 1975  JSR   +nan  loss nan  logE[PER] nan  P_det_soft nan  (37s)
  step 2000  JSR   +nan  loss nan  logE[PER] nan  P_det_soft nan  (38s)
  step 2025  JSR   +nan  loss nan  logE[PER] nan  P_det_soft nan  (38s)
  step 2050  JSR   +nan  loss nan  logE[PER] nan  P_det_soft nan  (38s)
  step 2075  JSR   +nan  loss nan  logE[PER] nan  P_det_soft nan  (39s)
  step 2100  JSR   +nan  loss nan  logE[PER] nan  P_det_soft nan  (39s)
  step 2125  JSR   +nan  loss nan  logE[PER] nan  P_det_soft nan  (40s)
  step 2150  JSR   +nan  loss nan  logE[PER] nan  P_det_soft nan  (40s)
  step 2175  JSR   +nan  loss nan  logE[PER] nan  P_det_soft nan  (41s)
  step 2200  JSR   +nan  loss nan  logE[PER] nan  P_det_soft nan  (41s)
  step 2225  JSR   +nan  loss nan  logE[PER] nan  P_det_soft nan  (42s)
  step 2250  JSR   +nan  loss nan  logE[PER] nan  P_det_soft nan  (42s)
  step 2275  JSR   +nan  loss nan  logE[PER] nan  P_det_soft nan  (43s)
  step 2300  JSR   +nan  loss nan  logE[PER] nan  P_det_soft nan  (43s)
  step 2325  JSR   +nan  loss nan  logE[PER] nan  P_det_soft nan  (44s)
  step 2350  JSR   +nan  loss nan  logE[PER] nan  P_det_soft nan  (44s)
  step 2375  JSR   +nan  loss nan  logE[PER] nan  P_det_soft nan  (45s)
  step 2400  JSR   +nan  loss nan  logE[PER] nan  P_det_soft nan  (45s)
  step 2425  JSR   +nan  loss nan  logE[PER] nan  P_det_soft nan  (45s)
  step 2450  JSR   +nan  loss nan  logE[PER] nan  P_det_soft nan  (46s)
  step 2475  JSR   +nan  loss nan  logE[PER] nan  P_det_soft nan  (46s)
  step 2500  JSR   +nan  loss nan  logE[PER] nan  P_det_soft nan  (47s)
  step 2525  JSR   +nan  loss nan  logE[PER] nan  P_det_soft nan  (47s)
  step 2550  JSR   +nan  loss nan  logE[PER] nan  P_det_soft nan  (48s)
  step 2575  JSR   +nan  loss nan  logE[PER] nan  P_det_soft nan  (48s)
  step 2600  JSR   +nan  loss nan  logE[PER] nan  P_det_soft nan  (49s)
  step 2625  JSR   +nan  loss nan  logE[PER] nan  P_det_soft nan  (49s)
  step 2650  JSR   +nan  loss nan  logE[PER] nan  P_det_soft nan  (50s)
  step 2675  JSR   +nan  loss nan  logE[PER] nan  P_det_soft nan  (50s)
  step 2700  JSR   +nan  loss nan  logE[PER] nan  P_det_soft nan  (51s)
  step 2725  JSR   +nan  loss nan  logE[PER] nan  P_det_soft nan  (51s)
  step 2750  JSR   +nan  loss nan  logE[PER] nan  P_det_soft nan  (52s)
  step 2775  JSR   +nan  loss nan  logE[PER] nan  P_det_soft nan  (52s)
  step 2800  JSR   +nan  loss nan  logE[PER] nan  P_det_soft nan  (52s)
  step 2825  JSR   +nan  loss nan  logE[PER] nan  P_det_soft nan  (53s)
  step 2850  JSR   +nan  loss nan  logE[PER] nan  P_det_soft nan  (53s)
  step 2875  JSR   +nan  loss nan  logE[PER] nan  P_det_soft nan  (54s)
  step 2900  JSR   +nan  loss nan  logE[PER] nan  P_det_soft nan  (54s)
  step 2925  JSR   +nan  loss nan  logE[PER] nan  P_det_soft nan  (55s)
  step 2950  JSR   +nan  loss nan  logE[PER] nan  P_det_soft nan  (55s)
  step 2975  JSR   +nan  loss nan  logE[PER] nan  P_det_soft nan  (56s)
  step 3000  JSR   +nan  loss nan  logE[PER] nan  P_det_soft nan  (56s)
  step 3025  JSR   +nan  loss nan  logE[PER] nan  P_det_soft nan  (57s)
  step 3050  JSR   +nan  loss nan  logE[PER] nan  P_det_soft nan  (57s)
  step 3075  JSR   +nan  loss nan  logE[PER] nan  P_det_soft nan  (58s)
  step 3100  JSR   +nan  loss nan  logE[PER] nan  P_det_soft nan  (58s)
  step 3125  JSR   +nan  loss nan  logE[PER] nan  P_det_soft nan  (59s)
  step 3150  JSR   +nan  loss nan  logE[PER] nan  P_det_soft nan  (59s)
  step 3175  JSR   +nan  loss nan  logE[PER] nan  P_det_soft nan  (59s)
  step 3200  JSR   +nan  loss nan  logE[PER] nan  P_det_soft nan  (60s)
  step 3225  JSR   +nan  loss nan  logE[PER] nan  P_det_soft nan  (60s)
  step 3250  JSR   +nan  loss nan  logE[PER] nan  P_det_soft nan  (61s)
  step 3275  JSR   +nan  loss nan  logE[PER] nan  P_det_soft nan  (61s)
  step 3300  JSR   +nan  loss nan  logE[PER] nan  P_det_soft nan  (62s)
  step 3325  JSR   +nan  loss nan  logE[PER] nan  P_det_soft nan  (62s)
  step 3350  JSR   +nan  loss nan  logE[PER] nan  P_det_soft nan  (63s)
  step 3375  JSR   +nan  loss nan  logE[PER] nan  P_det_soft nan  (63s)
  step 3400  JSR   +nan  loss nan  logE[PER] nan  P_det_soft nan  (64s)
  step 3425  JSR   +nan  loss nan  logE[PER] nan  P_det_soft nan  (64s)
  step 3450  JSR   +nan  loss nan  logE[PER] nan  P_det_soft nan  (65s)
  step 3475  JSR   +nan  loss nan  logE[PER] nan  P_det_soft nan  (65s)
  step 3500  JSR   +nan  loss nan  logE[PER] nan  P_det_soft nan  (65s)
  step 3525  JSR   +nan  loss nan  logE[PER] nan  P_det_soft nan  (66s)
  step 3550  JSR   +nan  loss nan  logE[PER] nan  P_det_soft nan  (66s)
  step 3575  JSR   +nan  loss nan  logE[PER] nan  P_det_soft nan  (67s)
  step 3600  JSR   +nan  loss nan  logE[PER] nan  P_det_soft nan  (67s)
  step 3625  JSR   +nan  loss nan  logE[PER] nan  P_det_soft nan  (68s)
  step 3650  JSR   +nan  loss nan  logE[PER] nan  P_det_soft nan  (68s)
  step 3675  JSR   +nan  loss nan  logE[PER] nan  P_det_soft nan  (69s)
  step 3700  JSR   +nan  loss nan  logE[PER] nan  P_det_soft nan  (69s)
  step 3725  JSR   +nan  loss nan  logE[PER] nan  P_det_soft nan  (70s)
  step 3750  JSR   +nan  loss nan  logE[PER] nan  P_det_soft nan  (70s)
  step 3775  JSR   +nan  loss nan  logE[PER] nan  P_det_soft nan  (71s)
  step 3800  JSR   +nan  loss nan  logE[PER] nan  P_det_soft nan  (71s)
  step 3825  JSR   +nan  loss nan  logE[PER] nan  P_det_soft nan  (72s)
  step 3850  JSR   +nan  loss nan  logE[PER] nan  P_det_soft nan  (72s)
  step 3875  JSR   +nan  loss nan  logE[PER] nan  P_det_soft nan  (72s)
  step 3900  JSR   +nan  loss nan  logE[PER] nan  P_det_soft nan  (73s)
  step 3925  JSR   +nan  loss nan  logE[PER] nan  P_det_soft nan  (73s)
  step 3950  JSR   +nan  loss nan  logE[PER] nan  P_det_soft nan  (74s)
  step 3975  JSR   +nan  loss nan  logE[PER] nan  P_det_soft nan  (74s)
  step 3999  JSR   +nan  loss nan  logE[PER] nan  P_det_soft nan  (75s)
wrote task4_G.pt, task4.json  (tag power_one_sided_b1000)
