node: artongpu01.ee.ethz.ch | gpu: NVIDIA GeForce RTX 2080 Ti
task 14 = {'target': 'spec_cnn', 'beta': 10.0}  (tag spec_cnn_b10, 32 frames/step, JSR band (-48.0, -16.0))
  target spec_cnn: threshold -3.17573, clean-frame std 0.982227 (soft_pdet width)
  step    0  JSR  -29.2  loss 3691.1939  logE[BER] -3684.205  P_det_soft 0.6989  (1s)
  step   25  JSR  -31.6  loss 2921.4175  logE[BER] -2917.630  P_det_soft 0.3788  (4s)
  step   50  JSR  -19.3  loss 792.6151  logE[BER] -782.649  P_det_soft 0.9966  (6s)
  step   75  JSR  -31.9  loss 2966.4097  logE[BER] -2963.378  P_det_soft 0.3032  (9s)
  step  100  JSR  -28.4  loss 2775.7750  logE[BER] -2768.830  P_det_soft 0.6945  (11s)
  step  125  JSR  -45.7  loss 3765.4108  logE[BER] -3763.368  P_det_soft 0.2043  (14s)
  step  150  JSR  -43.2  loss 3714.2810  logE[BER] -3712.404  P_det_soft 0.1877  (16s)
  step  175  JSR  -28.0  loss 2337.1313  logE[BER] -2330.912  P_det_soft 0.6220  (19s)
  step  200  JSR  -18.9  loss 339.6011  logE[BER] -329.634  P_det_soft 0.9967  (21s)
  step  225  JSR  -22.6  loss 1185.9483  logE[BER] -1176.154  P_det_soft 0.9794  (24s)
  step  250  JSR  -31.7  loss 2715.2490  logE[BER] -2712.237  P_det_soft 0.3012  (27s)
  step  275  JSR  -36.5  loss 3228.6183  logE[BER] -3226.416  P_det_soft 0.2202  (29s)
  step  300  JSR  -29.8  loss 2555.0061  logE[BER] -2550.801  P_det_soft 0.4205  (32s)
  step  325  JSR  -45.2  loss 3719.7368  logE[BER] -3718.038  P_det_soft 0.1699  (34s)
  step  350  JSR  -27.2  loss 2051.3877  logE[BER] -2044.395  P_det_soft 0.6993  (37s)
  step  375  JSR  -34.6  loss 3275.0543  logE[BER] -3272.400  P_det_soft 0.2654  (39s)
  step  400  JSR  -18.5  loss 160.1047  logE[BER] -150.134  P_det_soft 0.9971  (42s)
  step  425  JSR  -45.1  loss 3723.0775  logE[BER] -3721.290  P_det_soft 0.1788  (44s)
  step  450  JSR  -37.6  loss 3403.7664  logE[BER] -3401.561  P_det_soft 0.2205  (47s)
  step  475  JSR  -34.5  loss 3136.3551  logE[BER] -3133.506  P_det_soft 0.2849  (49s)
  step  500  JSR  -46.7  loss 3772.6181  logE[BER] -3770.714  P_det_soft 0.1904  (52s)
  step  525  JSR  -17.3  loss 122.5517  logE[BER] -112.573  P_det_soft 0.9978  (55s)
  step  550  JSR  -35.6  loss 3168.2731  logE[BER] -3165.942  P_det_soft 0.2331  (57s)
  step  575  JSR  -45.4  loss 3752.9323  logE[BER] -3750.945  P_det_soft 0.1987  (60s)
  step  600  JSR  -23.2  loss 1246.9152  logE[BER] -1237.205  P_det_soft 0.9710  (62s)
  step  625  JSR  -20.6  loss 755.7800  logE[BER] -745.843  P_det_soft 0.9937  (65s)
  step  650  JSR  -19.7  loss 134.0298  logE[BER] -124.076  P_det_soft 0.9954  (67s)
  step  675  JSR  -34.3  loss 2963.5511  logE[BER] -2960.552  P_det_soft 0.2999  (70s)
  step  700  JSR  -34.2  loss 2953.5298  logE[BER] -2951.279  P_det_soft 0.2250  (73s)
  step  725  JSR  -23.4  loss 1308.6775  logE[BER] -1299.314  P_det_soft 0.9363  (75s)
  step  750  JSR  -19.4  loss 421.2302  logE[BER] -411.368  P_det_soft 0.9862  (78s)
  step  775  JSR  -32.1  loss 2957.7374  logE[BER] -2954.425  P_det_soft 0.3313  (80s)
  step  800  JSR  -41.8  loss 3504.8247  logE[BER] -3503.295  P_det_soft 0.1529  (83s)
  step  825  JSR  -35.2  loss 3089.8340  logE[BER] -3086.972  P_det_soft 0.2862  (86s)
  step  850  JSR  -38.0  loss 3251.6677  logE[BER] -3249.775  P_det_soft 0.1892  (88s)
  step  875  JSR  -22.2  loss 491.6483  logE[BER] -481.893  P_det_soft 0.9755  (91s)
  step  900  JSR  -27.0  loss 2050.6965  logE[BER] -2043.838  P_det_soft 0.6858  (93s)
  step  925  JSR  -26.7  loss 2082.9846  logE[BER] -2075.398  P_det_soft 0.7587  (96s)
  step  950  JSR  -16.5  loss 17.6485  logE[BER] -7.664  P_det_soft 0.9984  (99s)
  step  975  JSR  -29.8  loss 2054.5076  logE[BER] -2050.248  P_det_soft 0.4260  (101s)
  step 1000  JSR  -32.3  loss 2603.7768  logE[BER] -2600.538  P_det_soft 0.3239  (104s)
  step 1025  JSR  -44.1  loss 3685.2428  logE[BER] -3683.225  P_det_soft 0.2018  (107s)
  step 1050  JSR  -46.6  loss 3717.8260  logE[BER] -3716.163  P_det_soft 0.1664  (109s)
  step 1075  JSR  -21.5  loss 831.3334  logE[BER] -821.607  P_det_soft 0.9727  (112s)
  step 1100  JSR  -44.3  loss 3608.1797  logE[BER] -3606.197  P_det_soft 0.1982  (114s)
  step 1125  JSR  -37.9  loss 3280.0022  logE[BER] -3278.032  P_det_soft 0.1970  (117s)
  step 1150  JSR  -30.2  loss 1940.7283  logE[BER] -1936.393  P_det_soft 0.4335  (120s)
  step 1175  JSR  -42.8  loss 3571.9464  logE[BER] -3569.852  P_det_soft 0.2094  (122s)
  step 1200  JSR  -40.9  loss 3353.0449  logE[BER] -3351.446  P_det_soft 0.1599  (125s)
  step 1225  JSR  -32.9  loss 2797.3149  logE[BER] -2794.182  P_det_soft 0.3133  (128s)
  step 1250  JSR  -25.6  loss 1001.0887  logE[BER] -992.608  P_det_soft 0.8481  (130s)
  step 1275  JSR  -26.4  loss 1277.1515  logE[BER] -1269.603  P_det_soft 0.7548  (133s)
  step 1300  JSR  -37.4  loss 3130.7657  logE[BER] -3128.616  P_det_soft 0.2150  (136s)
  step 1325  JSR  -19.0  loss 293.8007  logE[BER] -283.856  P_det_soft 0.9945  (138s)
  step 1350  JSR  -46.9  loss 3691.6144  logE[BER] -3689.847  P_det_soft 0.1767  (141s)
  step 1375  JSR  -39.8  loss 3430.9270  logE[BER] -3428.493  P_det_soft 0.2434  (144s)
  step 1400  JSR  -18.5  loss 19.1075  logE[BER] -9.153  P_det_soft 0.9954  (146s)
  step 1425  JSR  -38.0  loss 3241.9833  logE[BER] -3239.980  P_det_soft 0.2004  (149s)
  step 1450  JSR  -29.3  loss 1962.2473  logE[BER] -1958.099  P_det_soft 0.4148  (151s)
  step 1475  JSR  -43.2  loss 3394.1044  logE[BER] -3392.214  P_det_soft 0.1891  (154s)
  step 1500  JSR  -24.8  loss 1066.2189  logE[BER] -1057.826  P_det_soft 0.8393  (157s)
  step 1525  JSR  -29.1  loss 1809.3308  logE[BER] -1805.098  P_det_soft 0.4233  (159s)
  step 1550  JSR  -40.6  loss 3309.0344  logE[BER] -3306.528  P_det_soft 0.2506  (162s)
  step 1575  JSR  -31.9  loss 2397.0045  logE[BER] -2393.292  P_det_soft 0.3713  (165s)
  step 1600  JSR  -34.0  loss 2631.2400  logE[BER] -2627.971  P_det_soft 0.3269  (167s)
  step 1625  JSR  -38.9  loss 3071.2995  logE[BER] -3069.227  P_det_soft 0.2072  (170s)
  step 1650  JSR  -18.2  loss 17.8874  logE[BER] -7.914  P_det_soft 0.9973  (173s)
  step 1675  JSR  -41.5  loss 3295.1825  logE[BER] -3293.096  P_det_soft 0.2087  (175s)
  step 1700  JSR  -42.7  loss 3344.2585  logE[BER] -3341.812  P_det_soft 0.2447  (178s)
  step 1725  JSR  -30.0  loss 2244.2320  logE[BER] -2240.067  P_det_soft 0.4165  (181s)
  step 1750  JSR  -41.0  loss 3313.1567  logE[BER] -3310.819  P_det_soft 0.2338  (183s)
  step 1775  JSR  -35.6  loss 2905.7075  logE[BER] -2904.092  P_det_soft 0.1616  (186s)
  step 1800  JSR  -35.1  loss 2767.6255  logE[BER] -2765.254  P_det_soft 0.2372  (188s)
  step 1825  JSR  -35.0  loss 2492.0979  logE[BER] -2488.635  P_det_soft 0.3463  (191s)
  step 1850  JSR  -18.5  loss 17.3516  logE[BER] -7.432  P_det_soft 0.9920  (194s)
  step 1875  JSR  -19.5  loss 17.9265  logE[BER] -8.045  P_det_soft 0.9882  (196s)
  step 1900  JSR  -29.1  loss 1368.6277  logE[BER] -1363.383  P_det_soft 0.5245  (199s)
  step 1925  JSR  -20.2  loss 22.3896  logE[BER] -12.658  P_det_soft 0.9732  (202s)
  step 1950  JSR  -31.8  loss 2107.7734  logE[BER] -2104.188  P_det_soft 0.3585  (204s)
  step 1975  JSR  -35.0  loss 2467.1336  logE[BER] -2464.570  P_det_soft 0.2563  (207s)
  step 2000  JSR  -34.1  loss 2331.0464  logE[BER] -2329.536  P_det_soft 0.1510  (210s)
  step 2025  JSR  -23.4  loss 265.1964  logE[BER] -256.153  P_det_soft 0.9044  (212s)
  step 2050  JSR  -41.7  loss 3380.8733  logE[BER] -3378.494  P_det_soft 0.2379  (215s)
  step 2075  JSR  -42.5  loss 3340.3193  logE[BER] -3338.459  P_det_soft 0.1860  (218s)
  step 2100  JSR  -25.8  loss 727.8521  logE[BER] -720.452  P_det_soft 0.7400  (220s)
  step 2125  JSR  -45.1  loss 3462.4575  logE[BER] -3460.917  P_det_soft 0.1541  (223s)
  step 2150  JSR  -22.3  loss 34.4601  logE[BER] -25.242  P_det_soft 0.9218  (225s)
  step 2175  JSR  -44.0  loss 3442.3845  logE[BER] -3440.750  P_det_soft 0.1635  (228s)
  step 2200  JSR  -26.9  loss 1265.3038  logE[BER] -1259.047  P_det_soft 0.6257  (231s)
  step 2225  JSR  -34.8  loss 2511.6625  logE[BER] -2509.381  P_det_soft 0.2282  (233s)
  step 2250  JSR  -40.7  loss 3112.4750  logE[BER] -3110.790  P_det_soft 0.1685  (236s)
  step 2275  JSR  -26.5  loss 520.8286  logE[BER] -514.383  P_det_soft 0.6446  (239s)
  step 2300  JSR  -35.7  loss 2615.5710  logE[BER] -2613.767  P_det_soft 0.1804  (241s)
  step 2325  JSR  -30.5  loss 1673.2819  logE[BER] -1669.873  P_det_soft 0.3409  (244s)
  step 2350  JSR  -20.5  loss 17.3743  logE[BER] -7.636  P_det_soft 0.9738  (247s)
  step 2375  JSR  -43.2  loss 3347.9896  logE[BER] -3346.144  P_det_soft 0.1845  (249s)
  step 2400  JSR  -18.2  loss 16.6264  logE[BER] -6.838  P_det_soft 0.9788  (252s)
  step 2425  JSR  -46.2  loss 3499.7442  logE[BER] -3498.160  P_det_soft 0.1584  (255s)
  step 2450  JSR  -34.2  loss 2268.1946  logE[BER] -2265.464  P_det_soft 0.2730  (257s)
  step 2475  JSR  -24.0  loss 332.1957  logE[BER] -324.987  P_det_soft 0.7209  (260s)
  step 2500  JSR  -45.0  loss 3421.2285  logE[BER] -3419.293  P_det_soft 0.1936  (262s)
  step 2525  JSR  -40.9  loss 3093.7029  logE[BER] -3091.713  P_det_soft 0.1990  (265s)
  step 2550  JSR  -23.3  loss 131.5505  logE[BER] -123.424  P_det_soft 0.8127  (268s)
  step 2575  JSR  -17.7  loss 16.1942  logE[BER] -6.351  P_det_soft 0.9843  (270s)
  step 2600  JSR  -36.8  loss 2567.2049  logE[BER] -2564.602  P_det_soft 0.2602  (273s)
  step 2625  JSR  -43.6  loss 3394.5979  logE[BER] -3392.870  P_det_soft 0.1728  (276s)
  step 2650  JSR  -34.4  loss 2291.9375  logE[BER] -2289.369  P_det_soft 0.2568  (278s)
  step 2675  JSR  -19.4  loss 16.0154  logE[BER] -6.455  P_det_soft 0.9561  (281s)
  step 2700  JSR  -26.7  loss 642.8172  logE[BER] -637.507  P_det_soft 0.5311  (284s)
  step 2725  JSR  -31.8  loss 1920.2790  logE[BER] -1917.860  P_det_soft 0.2419  (286s)
  step 2750  JSR  -17.1  loss 16.2717  logE[BER] -6.317  P_det_soft 0.9955  (289s)
  step 2775  JSR  -29.3  loss 1081.3587  logE[BER] -1078.266  P_det_soft 0.3093  (291s)
  step 2800  JSR  -37.1  loss 2608.0459  logE[BER] -2606.186  P_det_soft 0.1860  (294s)
  step 2825  JSR  -27.8  loss 915.6813  logE[BER] -910.832  P_det_soft 0.4849  (297s)
  step 2850  JSR  -23.8  loss 25.7386  logE[BER] -18.497  P_det_soft 0.7242  (299s)
  step 2875  JSR  -29.5  loss 1234.5205  logE[BER] -1231.098  P_det_soft 0.3423  (302s)
  step 2900  JSR  -17.8  loss 16.2646  logE[BER] -6.417  P_det_soft 0.9848  (305s)
  step 2925  JSR  -33.1  loss 1828.2755  logE[BER] -1826.024  P_det_soft 0.2251  (307s)
  step 2950  JSR  -21.5  loss 15.7622  logE[BER] -6.992  P_det_soft 0.8770  (310s)
  step 2975  JSR  -28.3  loss 861.7681  logE[BER] -858.130  P_det_soft 0.3639  (313s)
  step 3000  JSR  -43.8  loss 3337.0625  logE[BER] -3335.539  P_det_soft 0.1523  (315s)
  step 3025  JSR  -34.6  loss 2253.3947  logE[BER] -2250.939  P_det_soft 0.2456  (318s)
  step 3050  JSR  -26.5  loss 502.3231  logE[BER] -498.111  P_det_soft 0.4212  (321s)
  step 3075  JSR  -17.9  loss 16.0097  logE[BER] -6.193  P_det_soft 0.9817  (323s)
  step 3100  JSR  -36.3  loss 2499.6692  logE[BER] -2497.786  P_det_soft 0.1883  (326s)
  step 3125  JSR  -34.0  loss 2021.4731  logE[BER] -2018.821  P_det_soft 0.2652  (328s)
  step 3150  JSR  -24.6  loss 154.9969  logE[BER] -149.381  P_det_soft 0.5616  (331s)
  step 3175  JSR  -21.8  loss 15.0025  logE[BER] -7.065  P_det_soft 0.7937  (334s)
  step 3200  JSR  -17.6  loss 15.5466  logE[BER] -6.157  P_det_soft 0.9389  (336s)
  step 3225  JSR  -41.6  loss 3091.4294  logE[BER] -3089.985  P_det_soft 0.1444  (339s)
  step 3250  JSR  -19.5  loss 15.5493  logE[BER] -6.316  P_det_soft 0.9234  (342s)
  step 3275  JSR  -19.4  loss 15.2328  logE[BER] -6.487  P_det_soft 0.8746  (344s)
  step 3300  JSR  -17.9  loss 15.6391  logE[BER] -5.920  P_det_soft 0.9719  (347s)
  step 3325  JSR  -44.5  loss 3369.3387  logE[BER] -3367.335  P_det_soft 0.2004  (349s)
  step 3350  JSR  -25.8  loss 354.6610  logE[BER] -349.519  P_det_soft 0.5142  (352s)
  step 3375  JSR  -26.4  loss 376.1282  logE[BER] -371.507  P_det_soft 0.4621  (355s)
  step 3400  JSR  -35.3  loss 2233.0861  logE[BER] -2230.646  P_det_soft 0.2440  (357s)
  step 3425  JSR  -33.7  loss 2055.7692  logE[BER] -2053.657  P_det_soft 0.2112  (360s)
  step 3450  JSR  -17.8  loss 15.1797  logE[BER] -5.715  P_det_soft 0.9465  (363s)
  step 3475  JSR  -42.7  loss 3206.2749  logE[BER] -3204.470  P_det_soft 0.1805  (365s)
  step 3500  JSR  -39.4  loss 2854.7008  logE[BER] -2852.990  P_det_soft 0.1711  (368s)
  step 3525  JSR  -43.0  loss 3212.4855  logE[BER] -3211.111  P_det_soft 0.1374  (371s)
  step 3550  JSR  -46.6  loss 3481.1595  logE[BER] -3479.875  P_det_soft 0.1285  (373s)
  step 3575  JSR  -32.8  loss 1745.0964  logE[BER] -1742.640  P_det_soft 0.2456  (376s)
  step 3600  JSR  -21.9  loss 14.7848  logE[BER] -6.890  P_det_soft 0.7895  (378s)
  step 3625  JSR  -17.9  loss 16.0071  logE[BER] -6.301  P_det_soft 0.9706  (381s)
  step 3650  JSR  -33.1  loss 1839.7050  logE[BER] -1837.481  P_det_soft 0.2224  (384s)
  step 3675  JSR  -16.8  loss 15.6066  logE[BER] -5.875  P_det_soft 0.9731  (386s)
  step 3700  JSR  -24.4  loss 65.4047  logE[BER] -60.751  P_det_soft 0.4654  (389s)
  step 3725  JSR  -45.4  loss 3392.8493  logE[BER] -3391.189  P_det_soft 0.1661  (392s)
  step 3750  JSR  -28.2  loss 703.2928  logE[BER] -700.270  P_det_soft 0.3022  (394s)
  step 3775  JSR  -39.5  loss 2857.6340  logE[BER] -2855.914  P_det_soft 0.1720  (397s)
  step 3800  JSR  -17.1  loss 15.6311  logE[BER] -6.121  P_det_soft 0.9511  (400s)
  step 3825  JSR  -38.7  loss 2754.1127  logE[BER] -2752.445  P_det_soft 0.1668  (402s)
  step 3850  JSR  -31.8  loss 1549.9216  logE[BER] -1548.111  P_det_soft 0.1810  (405s)
  step 3875  JSR  -35.6  loss 2300.3719  logE[BER] -2298.039  P_det_soft 0.2333  (407s)
  step 3900  JSR  -46.8  loss 3495.9140  logE[BER] -3494.299  P_det_soft 0.1615  (410s)
  step 3925  JSR  -24.6  loss 92.0254  logE[BER] -86.512  P_det_soft 0.5514  (413s)
  step 3950  JSR  -27.0  loss 424.7268  logE[BER] -422.122  P_det_soft 0.2605  (415s)
  step 3975  JSR  -38.9  loss 2796.9245  logE[BER] -2794.416  P_det_soft 0.2508  (418s)
  step 3999  JSR  -17.8  loss 14.8604  logE[BER] -5.911  P_det_soft 0.8950  (420s)
wrote task14_G.pt, task14.json  (tag spec_cnn_b10)
