node: tikgpu07.ee.ethz.ch | gpu: NVIDIA GeForce RTX 3090
task 14 = {'target': 'spec_cnn', 'beta': 10.0}  (tag spec_cnn_b10, 32 frames/step, JSR band (-48.0, -16.0))
  target spec_cnn: threshold -3.17573, clean-frame std 0.949107 (soft_pdet width)
  step    0  JSR  -20.4  loss 2508.3405  logE[BER] -2498.465  P_det_soft 0.9875  (1s)
  step   25  JSR  -33.7  loss 3327.1772  logE[BER] -3324.430  P_det_soft 0.2747  (3s)
  step   50  JSR  -19.1  loss 17.9332  logE[BER] -8.625  P_det_soft 0.9308  (4s)
  step   75  JSR  -16.4  loss 16.4679  logE[BER] -6.727  P_det_soft 0.9741  (6s)
  step  100  JSR  -40.0  loss 3210.3821  logE[BER] -3208.861  P_det_soft 0.1521  (7s)
  step  125  JSR  -46.2  loss 3569.4109  logE[BER] -3567.991  P_det_soft 0.1420  (9s)
  step  150  JSR  -46.0  loss 3592.5675  logE[BER] -3591.030  P_det_soft 0.1537  (11s)
  step  175  JSR  -32.5  loss 2076.6973  logE[BER] -2073.226  P_det_soft 0.3471  (12s)
  step  200  JSR  -17.4  loss 17.1058  logE[BER] -7.401  P_det_soft 0.9704  (14s)
  step  225  JSR  -47.6  loss 3622.2879  logE[BER] -3620.784  P_det_soft 0.1504  (15s)
  step  250  JSR  -47.4  loss 3603.1852  logE[BER] -3600.878  P_det_soft 0.2307  (17s)
  step  275  JSR  -23.9  loss 302.6367  logE[BER] -296.059  P_det_soft 0.6578  (19s)
  step  300  JSR  -44.3  loss 3400.5392  logE[BER] -3399.055  P_det_soft 0.1484  (20s)
  step  325  JSR  -30.5  loss 1749.7223  logE[BER] -1746.901  P_det_soft 0.2821  (22s)
  step  350  JSR  -37.6  loss 2696.0541  logE[BER] -2694.179  P_det_soft 0.1875  (24s)
  step  375  JSR  -25.6  loss 612.6511  logE[BER] -606.313  P_det_soft 0.6338  (25s)
  step  400  JSR  -43.1  loss 3353.5749  logE[BER] -3351.245  P_det_soft 0.2329  (27s)
  step  425  JSR  -47.1  loss 3605.7542  logE[BER] -3604.011  P_det_soft 0.1743  (28s)
  step  450  JSR  -43.7  loss 3385.1536  logE[BER] -3383.441  P_det_soft 0.1712  (30s)
  step  475  JSR  -28.2  loss 1055.9431  logE[BER] -1051.247  P_det_soft 0.4696  (32s)
  step  500  JSR  -34.7  loss 2318.0482  logE[BER] -2315.501  P_det_soft 0.2548  (33s)
  step  525  JSR  -42.3  loss 3301.8461  logE[BER] -3300.037  P_det_soft 0.1809  (35s)
  step  550  JSR  -21.9  loss 49.1210  logE[BER] -41.486  P_det_soft 0.7635  (36s)
  step  575  JSR  -47.8  loss 3590.7712  logE[BER] -3589.196  P_det_soft 0.1575  (38s)
  step  600  JSR  -22.6  loss 28.6397  logE[BER] -21.499  P_det_soft 0.7140  (40s)
  step  625  JSR  -41.9  loss 3227.1571  logE[BER] -3225.314  P_det_soft 0.1843  (41s)
  step  650  JSR  -39.8  loss 3000.8181  logE[BER] -2998.919  P_det_soft 0.1899  (43s)
  step  675  JSR  -27.5  loss 808.9559  logE[BER] -805.604  P_det_soft 0.3352  (45s)
  step  700  JSR  -26.0  loss 552.9264  logE[BER] -547.681  P_det_soft 0.5246  (46s)
  step  725  JSR  -20.7  loss 16.0508  logE[BER] -7.267  P_det_soft 0.8783  (48s)
  step  750  JSR  -25.3  loss 476.1576  logE[BER] -470.224  P_det_soft 0.5934  (49s)
  step  775  JSR  -27.6  loss 728.8293  logE[BER] -726.075  P_det_soft 0.2754  (51s)
  step  800  JSR  -29.0  loss 1108.9081  logE[BER] -1105.391  P_det_soft 0.3517  (53s)
  step  825  JSR  -22.1  loss 16.2857  logE[BER] -9.011  P_det_soft 0.7275  (54s)
  step  850  JSR  -29.2  loss 1250.0540  logE[BER] -1246.504  P_det_soft 0.3550  (56s)
  step  875  JSR  -31.5  loss 1568.3544  logE[BER] -1565.653  P_det_soft 0.2702  (58s)
  step  900  JSR  -36.3  loss 2537.5061  logE[BER] -2535.615  P_det_soft 0.1892  (59s)
  step  925  JSR  -16.3  loss 16.0949  logE[BER] -6.298  P_det_soft 0.9797  (61s)
  step  950  JSR  -43.5  loss 3328.0452  logE[BER] -3326.404  P_det_soft 0.1641  (62s)
  step  975  JSR  -22.4  loss 16.6701  logE[BER] -9.011  P_det_soft 0.7659  (64s)
  step 1000  JSR  -44.0  loss 3415.2699  logE[BER] -3413.764  P_det_soft 0.1506  (66s)
  step 1025  JSR  -42.7  loss 3312.7468  logE[BER] -3311.284  P_det_soft 0.1463  (67s)
  step 1050  JSR  -35.5  loss 2327.2812  logE[BER] -2325.149  P_det_soft 0.2132  (69s)
  step 1075  JSR  -35.0  loss 2416.4669  logE[BER] -2414.648  P_det_soft 0.1819  (70s)
  step 1100  JSR  -46.8  loss 3543.3086  logE[BER] -3542.006  P_det_soft 0.1303  (72s)
  step 1125  JSR  -38.3  loss 2819.9800  logE[BER] -2818.188  P_det_soft 0.1792  (74s)
  step 1150  JSR  -26.9  loss 561.8861  logE[BER] -557.787  P_det_soft 0.4099  (75s)
  step 1175  JSR  -29.4  loss 1009.8137  logE[BER] -1006.631  P_det_soft 0.3183  (77s)
  step 1200  JSR  -25.8  loss 503.7033  logE[BER] -499.421  P_det_soft 0.4282  (79s)
  step 1225  JSR  -28.6  loss 1063.5508  logE[BER] -1060.022  P_det_soft 0.3529  (80s)
  step 1250  JSR  -24.6  loss 169.0130  logE[BER] -163.434  P_det_soft 0.5579  (82s)
  step 1275  JSR  -17.8  loss 15.7111  logE[BER] -6.021  P_det_soft 0.9691  (83s)
  step 1300  JSR  -39.4  loss 2886.7666  logE[BER] -2884.602  P_det_soft 0.2165  (85s)
  step 1325  JSR  -21.3  loss 15.2264  logE[BER] -8.256  P_det_soft 0.6970  (87s)
  step 1350  JSR  -25.9  loss 603.6994  logE[BER] -600.825  P_det_soft 0.2874  (88s)
  step 1375  JSR  -43.2  loss 3332.2239  logE[BER] -3330.599  P_det_soft 0.1625  (90s)
  step 1400  JSR  -19.0  loss 15.1941  logE[BER] -6.529  P_det_soft 0.8665  (92s)
  step 1425  JSR  -17.1  loss 15.6680  logE[BER] -6.345  P_det_soft 0.9323  (93s)
  step 1450  JSR  -19.8  loss 15.3132  logE[BER] -6.765  P_det_soft 0.8548  (95s)
  step 1475  JSR  -33.8  loss 2070.0732  logE[BER] -2068.076  P_det_soft 0.1997  (96s)
  step 1500  JSR  -25.3  loss 229.5612  logE[BER] -224.677  P_det_soft 0.4884  (98s)
  step 1525  JSR  -42.4  loss 3272.8320  logE[BER] -3270.563  P_det_soft 0.2269  (100s)
  step 1550  JSR  -17.3  loss 15.3658  logE[BER] -5.968  P_det_soft 0.9398  (101s)
  step 1575  JSR  -28.7  loss 1075.7154  logE[BER] -1072.142  P_det_soft 0.3573  (103s)
  step 1600  JSR  -34.3  loss 2209.7053  logE[BER] -2207.475  P_det_soft 0.2231  (105s)
  step 1625  JSR  -28.1  loss 780.1075  logE[BER] -777.047  P_det_soft 0.3060  (106s)
  step 1650  JSR  -29.0  loss 1087.3974  logE[BER] -1084.447  P_det_soft 0.2950  (108s)
  step 1675  JSR  -39.9  loss 2978.0225  logE[BER] -2976.299  P_det_soft 0.1724  (110s)
  step 1700  JSR  -43.1  loss 3295.8215  logE[BER] -3293.757  P_det_soft 0.2065  (111s)
  step 1725  JSR  -29.7  loss 1196.0568  logE[BER] -1193.632  P_det_soft 0.2424  (113s)
  step 1750  JSR  -24.0  loss 228.8279  logE[BER] -223.458  P_det_soft 0.5370  (114s)
  step 1775  JSR  -46.6  loss 3489.4474  logE[BER] -3487.933  P_det_soft 0.1515  (116s)
  step 1800  JSR  -45.1  loss 3469.5369  logE[BER] -3467.666  P_det_soft 0.1871  (118s)
  step 1825  JSR  -24.6  loss 143.9971  logE[BER] -138.946  P_det_soft 0.5051  (119s)
  step 1850  JSR  -22.9  loss 14.3652  logE[BER] -9.337  P_det_soft 0.5028  (121s)
  step 1875  JSR  -24.8  loss 368.0372  logE[BER] -363.431  P_det_soft 0.4606  (123s)
  step 1900  JSR  -29.5  loss 1501.9919  logE[BER] -1498.948  P_det_soft 0.3044  (124s)
  step 1925  JSR  -23.4  loss 19.1208  logE[BER] -12.541  P_det_soft 0.6580  (126s)
  step 1950  JSR  -22.5  loss 15.1616  logE[BER] -8.321  P_det_soft 0.6840  (128s)
  step 1975  JSR  -39.1  loss 2845.2978  logE[BER] -2843.337  P_det_soft 0.1961  (129s)
  step 2000  JSR  -40.9  loss 3055.8779  logE[BER] -3054.042  P_det_soft 0.1836  (131s)
  step 2025  JSR  -25.1  loss 200.7953  logE[BER] -196.204  P_det_soft 0.4591  (132s)
  step 2050  JSR  -33.5  loss 2092.1707  logE[BER] -2090.011  P_det_soft 0.2160  (134s)
  step 2075  JSR  -25.5  loss 297.6872  logE[BER] -292.770  P_det_soft 0.4918  (136s)
  step 2100  JSR  -42.4  loss 3264.9416  logE[BER] -3263.107  P_det_soft 0.1835  (137s)
  step 2125  JSR  -39.8  loss 2898.2815  logE[BER] -2896.199  P_det_soft 0.2083  (139s)
  step 2150  JSR  -20.1  loss 14.9788  logE[BER] -6.495  P_det_soft 0.8484  (141s)
  step 2175  JSR  -32.2  loss 1731.9107  logE[BER] -1729.414  P_det_soft 0.2496  (142s)
  step 2200  JSR  -31.4  loss 1572.0757  logE[BER] -1569.131  P_det_soft 0.2945  (144s)
  step 2225  JSR  -34.4  loss 2163.6918  logE[BER] -2161.747  P_det_soft 0.1945  (146s)
  step 2250  JSR  -18.5  loss 15.3566  logE[BER] -6.154  P_det_soft 0.9202  (147s)
  step 2275  JSR  -46.6  loss 3532.9826  logE[BER] -3531.400  P_det_soft 0.1583  (149s)
  step 2300  JSR  -42.8  loss 3280.5964  logE[BER] -3278.369  P_det_soft 0.2228  (151s)
  step 2325  JSR  -42.3  loss 3199.5897  logE[BER] -3197.780  P_det_soft 0.1810  (152s)
  step 2350  JSR  -38.3  loss 2789.8020  logE[BER] -2788.288  P_det_soft 0.1514  (154s)
  step 2375  JSR  -31.7  loss 1647.1414  logE[BER] -1644.899  P_det_soft 0.2242  (155s)
  step 2400  JSR  -23.5  loss 45.3077  logE[BER] -39.635  P_det_soft 0.5673  (157s)
  step 2425  JSR  -17.8  loss 14.5176  logE[BER] -5.919  P_det_soft 0.8598  (159s)
  step 2450  JSR  -16.5  loss 15.1238  logE[BER] -5.716  P_det_soft 0.9408  (160s)
  step 2475  JSR  -16.3  loss 15.1819  logE[BER] -5.942  P_det_soft 0.9240  (162s)
  step 2500  JSR  -17.3  loss 15.3073  logE[BER] -5.998  P_det_soft 0.9310  (164s)
  step 2525  JSR  -39.4  loss 2958.2616  logE[BER] -2956.330  P_det_soft 0.1931  (165s)
  step 2550  JSR  -35.9  loss 2424.6968  logE[BER] -2422.508  P_det_soft 0.2189  (167s)
  step 2575  JSR  -28.7  loss 892.6381  logE[BER] -889.100  P_det_soft 0.3538  (169s)
  step 2600  JSR  -42.0  loss 3141.0560  logE[BER] -3139.648  P_det_soft 0.1408  (170s)
  step 2625  JSR  -18.1  loss 14.8213  logE[BER] -6.077  P_det_soft 0.8744  (172s)
  step 2650  JSR  -47.5  loss 3562.6335  logE[BER] -3561.216  P_det_soft 0.1417  (174s)
  step 2675  JSR  -32.7  loss 2084.6472  logE[BER] -2082.269  P_det_soft 0.2379  (175s)
  step 2700  JSR  -45.8  loss 3473.8919  logE[BER] -3472.238  P_det_soft 0.1654  (177s)
  step 2725  JSR  -42.3  loss 3173.4877  logE[BER] -3171.907  P_det_soft 0.1580  (178s)
  step 2750  JSR  -28.0  loss 1062.2111  logE[BER] -1059.357  P_det_soft 0.2854  (180s)
  step 2775  JSR  -37.8  loss 2643.4574  logE[BER] -2641.744  P_det_soft 0.1713  (182s)
  step 2800  JSR  -36.9  loss 2586.4089  logE[BER] -2584.624  P_det_soft 0.1785  (183s)
  step 2825  JSR  -32.8  loss 1818.0205  logE[BER] -1816.351  P_det_soft 0.1670  (185s)
  step 2850  JSR  -40.0  loss 2955.3380  logE[BER] -2953.997  P_det_soft 0.1341  (187s)
  step 2875  JSR  -19.4  loss 14.3389  logE[BER] -6.510  P_det_soft 0.7828  (188s)
  step 2900  JSR  -37.1  loss 2596.8844  logE[BER] -2594.897  P_det_soft 0.1987  (190s)
  step 2925  JSR  -44.5  loss 3342.1076  logE[BER] -3340.497  P_det_soft 0.1610  (192s)
  step 2950  JSR  -16.7  loss 15.5359  logE[BER] -5.771  P_det_soft 0.9765  (193s)
  step 2975  JSR  -44.8  loss 3368.5790  logE[BER] -3367.009  P_det_soft 0.1570  (195s)
  step 3000  JSR  -21.2  loss 14.1805  logE[BER] -7.909  P_det_soft 0.6271  (197s)
  step 3025  JSR  -23.2  loss 19.5193  logE[BER] -12.897  P_det_soft 0.6622  (198s)
  step 3050  JSR  -27.5  loss 770.0864  logE[BER] -766.638  P_det_soft 0.3449  (200s)
  step 3075  JSR  -23.1  loss 15.8356  logE[BER] -10.265  P_det_soft 0.5570  (202s)
  step 3100  JSR  -34.9  loss 2241.0293  logE[BER] -2239.633  P_det_soft 0.1396  (203s)
  step 3125  JSR  -19.8  loss 14.4494  logE[BER] -6.452  P_det_soft 0.7998  (205s)
  step 3150  JSR  -41.0  loss 3189.6010  logE[BER] -3187.762  P_det_soft 0.1839  (206s)
  step 3175  JSR  -25.5  loss 265.4086  logE[BER] -261.033  P_det_soft 0.4376  (208s)
  step 3200  JSR  -42.0  loss 3198.1392  logE[BER] -3196.346  P_det_soft 0.1793  (210s)
  step 3225  JSR  -33.0  loss 2001.3266  logE[BER] -1999.233  P_det_soft 0.2094  (211s)
  step 3250  JSR  -17.1  loss 15.4136  logE[BER] -6.370  P_det_soft 0.9044  (213s)
  step 3275  JSR  -47.9  loss 3565.3079  logE[BER] -3563.812  P_det_soft 0.1496  (215s)
  step 3300  JSR  -44.0  loss 3361.6462  logE[BER] -3359.904  P_det_soft 0.1743  (216s)
  step 3325  JSR  -37.2  loss 2568.8757  logE[BER] -2566.530  P_det_soft 0.2346  (218s)
  step 3350  JSR  -33.2  loss 1938.3396  logE[BER] -1936.166  P_det_soft 0.2174  (220s)
  step 3375  JSR  -26.8  loss 492.4289  logE[BER] -488.670  P_det_soft 0.3758  (221s)
  step 3400  JSR  -25.9  loss 270.6316  logE[BER] -265.925  P_det_soft 0.4706  (223s)
  step 3425  JSR  -29.9  loss 1276.4425  logE[BER] -1273.356  P_det_soft 0.3086  (225s)
  step 3450  JSR  -27.9  loss 766.1756  logE[BER] -763.463  P_det_soft 0.2713  (226s)
  step 3475  JSR  -29.5  loss 1443.4775  logE[BER] -1440.137  P_det_soft 0.3341  (228s)
  step 3500  JSR  -29.2  loss 1157.4850  logE[BER] -1155.326  P_det_soft 0.2159  (230s)
  step 3525  JSR  -16.3  loss 15.4646  logE[BER] -6.004  P_det_soft 0.9461  (231s)
  step 3550  JSR  -40.1  loss 2992.1243  logE[BER] -2990.357  P_det_soft 0.1767  (233s)
  step 3575  JSR  -26.3  loss 465.3602  logE[BER] -460.902  P_det_soft 0.4458  (234s)
  step 3600  JSR  -19.8  loss 13.2310  logE[BER] -6.526  P_det_soft 0.6705  (236s)
  step 3625  JSR  -34.4  loss 2076.4717  logE[BER] -2074.325  P_det_soft 0.2147  (238s)
  step 3650  JSR  -43.2  loss 3293.3859  logE[BER] -3291.952  P_det_soft 0.1434  (239s)
  step 3675  JSR  -24.6  loss 98.6080  logE[BER] -93.481  P_det_soft 0.5127  (241s)
  step 3700  JSR  -26.9  loss 542.2167  logE[BER] -538.866  P_det_soft 0.3351  (243s)
  step 3725  JSR  -33.3  loss 1843.1449  logE[BER] -1841.041  P_det_soft 0.2104  (244s)
  step 3750  JSR  -16.4  loss 15.2948  logE[BER] -5.831  P_det_soft 0.9463  (246s)
  step 3775  JSR  -38.2  loss 2768.8988  logE[BER] -2767.161  P_det_soft 0.1738  (248s)
  step 3800  JSR  -46.6  loss 3507.2659  logE[BER] -3505.339  P_det_soft 0.1927  (249s)
  step 3825  JSR  -44.1  loss 3321.6722  logE[BER] -3320.009  P_det_soft 0.1664  (251s)
  step 3850  JSR  -19.2  loss 14.3670  logE[BER] -6.306  P_det_soft 0.8061  (253s)
  step 3875  JSR  -29.6  loss 1073.5276  logE[BER] -1071.068  P_det_soft 0.2460  (254s)
  step 3900  JSR  -22.8  loss 28.1370  logE[BER] -22.587  P_det_soft 0.5550  (256s)
  step 3925  JSR  -41.7  loss 3204.5703  logE[BER] -3202.458  P_det_soft 0.2112  (257s)
  step 3950  JSR  -35.3  loss 2399.2771  logE[BER] -2396.936  P_det_soft 0.2341  (259s)
  step 3975  JSR  -32.8  loss 1930.3125  logE[BER] -1927.904  P_det_soft 0.2409  (261s)
  step 3999  JSR  -46.6  loss 3505.6683  logE[BER] -3503.850  P_det_soft 0.1819  (262s)
wrote task14_G.pt, task14.json  (tag spec_cnn_b10)
