node: tikgpu07.ee.ethz.ch | gpu: NVIDIA GeForce RTX 3090
task 0 = {'target': None, 'beta': 0.0}  (tag eff, 128 frames/step, JSR band (-32.0, 0.0))
  step    0  JSR   -8.6  loss 890.4285  logE[BER] -890.428  P_det_soft 0.0000  (3s)
  step   25  JSR   -3.1  loss 5.0034  logE[BER] -5.003  P_det_soft 0.0000  (4s)
  step   50  JSR  -24.3  loss 1822.4837  logE[BER] -1822.484  P_det_soft 0.0000  (4s)
  step   75  JSR  -31.7  loss 3126.3764  logE[BER] -3126.376  P_det_soft 0.0000  (5s)
  step  100  JSR  -30.3  loss 3160.6273  logE[BER] -3160.627  P_det_soft 0.0000  (5s)
  step  125  JSR  -28.1  loss 2393.3985  logE[BER] -2393.398  P_det_soft 0.0000  (6s)
  step  150  JSR  -30.4  loss 3070.2453  logE[BER] -3070.245  P_det_soft 0.0000  (6s)
  step  175  JSR   -1.8  loss 4.7636  logE[BER] -4.764  P_det_soft 0.0000  (6s)
  step  200  JSR  -12.3  loss 7.1415  logE[BER] -7.141  P_det_soft 0.0000  (7s)
  step  225  JSR   -3.4  loss 4.8647  logE[BER] -4.865  P_det_soft 0.0000  (7s)
  step  250  JSR   -8.2  loss 6.1587  logE[BER] -6.159  P_det_soft 0.0000  (8s)
  step  275  JSR  -21.6  loss 1549.2180  logE[BER] -1549.218  P_det_soft 0.0000  (8s)
  step  300  JSR  -20.0  loss 799.9665  logE[BER] -799.966  P_det_soft 0.0000  (8s)
  step  325  JSR  -11.2  loss 7.1182  logE[BER] -7.118  P_det_soft 0.0000  (9s)
  step  350  JSR  -20.9  loss 853.0352  logE[BER] -853.035  P_det_soft 0.0000  (9s)
  step  375  JSR  -21.4  loss 917.7335  logE[BER] -917.733  P_det_soft 0.0000  (10s)
  step  400  JSR  -21.6  loss 1225.9101  logE[BER] -1225.910  P_det_soft 0.0000  (10s)
  step  425  JSR   -9.0  loss 6.1358  logE[BER] -6.136  P_det_soft 0.0000  (11s)
  step  450  JSR   -0.7  loss 4.7181  logE[BER] -4.718  P_det_soft 0.0000  (11s)
  step  475  JSR  -23.6  loss 1552.2951  logE[BER] -1552.295  P_det_soft 0.0000  (11s)
  step  500  JSR  -15.9  loss 57.8793  logE[BER] -57.879  P_det_soft 0.0000  (12s)
  step  525  JSR  -17.7  loss 86.2083  logE[BER] -86.208  P_det_soft 0.0000  (12s)
  step  550  JSR   -8.3  loss 6.0483  logE[BER] -6.048  P_det_soft 0.0000  (13s)
  step  575  JSR  -12.0  loss 7.0704  logE[BER] -7.070  P_det_soft 0.0000  (13s)
  step  600  JSR   -7.2  loss 5.8794  logE[BER] -5.879  P_det_soft 0.0000  (13s)
  step  625  JSR   -5.9  loss 5.5573  logE[BER] -5.557  P_det_soft 0.0000  (14s)
  step  650  JSR  -31.1  loss 2840.5664  logE[BER] -2840.566  P_det_soft 0.0000  (14s)
  step  675  JSR  -21.9  loss 912.6640  logE[BER] -912.664  P_det_soft 0.0000  (15s)
  step  700  JSR  -11.0  loss 6.8944  logE[BER] -6.894  P_det_soft 0.0000  (15s)
  step  725  JSR   -9.7  loss 6.1767  logE[BER] -6.177  P_det_soft 0.0000  (15s)
  step  750  JSR  -11.3  loss 7.2515  logE[BER] -7.252  P_det_soft 0.0000  (16s)
  step  775  JSR  -21.8  loss 861.9993  logE[BER] -861.999  P_det_soft 0.0000  (16s)
  step  800  JSR  -30.5  loss 2676.5819  logE[BER] -2676.582  P_det_soft 0.0000  (17s)
  step  825  JSR  -22.3  loss 900.2008  logE[BER] -900.201  P_det_soft 0.0000  (17s)
  step  850  JSR  -29.0  loss 2488.0291  logE[BER] -2488.029  P_det_soft 0.0000  (18s)
  step  875  JSR  -28.7  loss 2242.9869  logE[BER] -2242.987  P_det_soft 0.0000  (18s)
  step  900  JSR  -19.8  loss 623.5966  logE[BER] -623.597  P_det_soft 0.0000  (18s)
  step  925  JSR  -25.6  loss 1845.3125  logE[BER] -1845.312  P_det_soft 0.0000  (19s)
  step  950  JSR  -28.6  loss 2452.1402  logE[BER] -2452.140  P_det_soft 0.0000  (19s)
  step  975  JSR  -21.1  loss 602.5571  logE[BER] -602.557  P_det_soft 0.0000  (20s)
  step 1000  JSR  -14.4  loss 9.0034  logE[BER] -9.003  P_det_soft 0.0000  (20s)
  step 1025  JSR  -10.1  loss 6.7247  logE[BER] -6.725  P_det_soft 0.0000  (20s)
  step 1050  JSR  -31.2  loss 2629.0446  logE[BER] -2629.045  P_det_soft 0.0000  (21s)
  step 1075  JSR  -10.4  loss 6.4258  logE[BER] -6.426  P_det_soft 0.0000  (21s)
  step 1100  JSR  -26.2  loss 1760.8834  logE[BER] -1760.883  P_det_soft 0.0000  (22s)
  step 1125  JSR  -17.1  loss 10.3972  logE[BER] -10.397  P_det_soft 0.0000  (22s)
  step 1150  JSR  -28.7  loss 1902.4874  logE[BER] -1902.487  P_det_soft 0.0000  (23s)
  step 1175  JSR   -7.4  loss 6.0552  logE[BER] -6.055  P_det_soft 0.0000  (23s)
  step 1200  JSR  -26.1  loss 1723.5093  logE[BER] -1723.509  P_det_soft 0.0000  (23s)
  step 1225  JSR  -24.1  loss 1016.3533  logE[BER] -1016.353  P_det_soft 0.0000  (24s)
  step 1250  JSR  -30.5  loss 2502.1371  logE[BER] -2502.137  P_det_soft 0.0000  (24s)
  step 1275  JSR  -14.8  loss 8.5431  logE[BER] -8.543  P_det_soft 0.0000  (25s)
  step 1300  JSR   -2.2  loss 4.8761  logE[BER] -4.876  P_det_soft 0.0000  (25s)
  step 1325  JSR  -30.9  loss 2809.6493  logE[BER] -2809.649  P_det_soft 0.0000  (25s)
  step 1350  JSR  -15.8  loss 10.3972  logE[BER] -10.397  P_det_soft 0.0000  (26s)
  step 1375  JSR  -31.9  loss 2655.7891  logE[BER] -2655.789  P_det_soft 0.0000  (26s)
  step 1400  JSR  -21.8  loss 671.0932  logE[BER] -671.093  P_det_soft 0.0000  (27s)
  step 1425  JSR  -11.9  loss 7.1374  logE[BER] -7.137  P_det_soft 0.0000  (27s)
  step 1450  JSR  -27.3  loss 2074.3455  logE[BER] -2074.346  P_det_soft 0.0000  (28s)
  step 1475  JSR   -7.9  loss 6.1174  logE[BER] -6.117  P_det_soft 0.0000  (28s)
  step 1500  JSR  -30.1  loss 2646.7576  logE[BER] -2646.758  P_det_soft 0.0000  (28s)
  step 1525  JSR  -20.8  loss 295.1740  logE[BER] -295.174  P_det_soft 0.0000  (29s)
  step 1550  JSR  -22.6  loss 756.7102  logE[BER] -756.710  P_det_soft 0.0000  (29s)
  step 1575  JSR  -29.7  loss 2161.6896  logE[BER] -2161.690  P_det_soft 0.0000  (30s)
  step 1600  JSR  -18.0  loss 10.3972  logE[BER] -10.397  P_det_soft 0.0000  (30s)
  step 1625  JSR   -7.7  loss 5.7549  logE[BER] -5.755  P_det_soft 0.0000  (30s)
  step 1650  JSR  -28.0  loss 1614.7764  logE[BER] -1614.776  P_det_soft 0.0000  (31s)
  step 1675  JSR  -17.9  loss 18.0304  logE[BER] -18.030  P_det_soft 0.0000  (31s)
  step 1700  JSR  -11.0  loss 6.3627  logE[BER] -6.363  P_det_soft 0.0000  (32s)
  step 1725  JSR  -23.7  loss 1076.0818  logE[BER] -1076.082  P_det_soft 0.0000  (32s)
  step 1750  JSR   -7.3  loss 5.8917  logE[BER] -5.892  P_det_soft 0.0000  (33s)
  step 1775  JSR   -9.6  loss 6.0984  logE[BER] -6.098  P_det_soft 0.0000  (33s)
  step 1800  JSR  -16.7  loss 10.3972  logE[BER] -10.397  P_det_soft 0.0000  (33s)
  step 1825  JSR  -28.4  loss 1945.1606  logE[BER] -1945.161  P_det_soft 0.0000  (34s)
  step 1850  JSR  -25.5  loss 1060.7906  logE[BER] -1060.791  P_det_soft 0.0000  (34s)
  step 1875  JSR  -29.2  loss 1970.6545  logE[BER] -1970.654  P_det_soft 0.0000  (35s)
  step 1900  JSR  -12.2  loss 6.8507  logE[BER] -6.851  P_det_soft 0.0000  (35s)
  step 1925  JSR   -7.4  loss 5.8053  logE[BER] -5.805  P_det_soft 0.0000  (36s)
  step 1950  JSR  -10.1  loss 6.1994  logE[BER] -6.199  P_det_soft 0.0000  (36s)
  step 1975  JSR  -26.4  loss 1612.4629  logE[BER] -1612.463  P_det_soft 0.0000  (36s)
  step 2000  JSR  -10.4  loss 6.4637  logE[BER] -6.464  P_det_soft 0.0000  (37s)
  step 2025  JSR  -18.3  loss 10.3972  logE[BER] -10.397  P_det_soft 0.0000  (37s)
  step 2050  JSR  -23.9  loss 1183.4997  logE[BER] -1183.500  P_det_soft 0.0000  (38s)
  step 2075  JSR  -25.8  loss 1127.3513  logE[BER] -1127.351  P_det_soft 0.0000  (38s)
  step 2100  JSR  -15.4  loss 8.5416  logE[BER] -8.542  P_det_soft 0.0000  (38s)
  step 2125  JSR  -23.1  loss 612.3656  logE[BER] -612.366  P_det_soft 0.0000  (39s)
  step 2150  JSR  -21.6  loss 100.5314  logE[BER] -100.531  P_det_soft 0.0000  (39s)
  step 2175  JSR  -22.2  loss 657.6371  logE[BER] -657.637  P_det_soft 0.0000  (40s)
  step 2200  JSR  -15.4  loss 8.4514  logE[BER] -8.451  P_det_soft 0.0000  (40s)
  step 2225  JSR  -17.7  loss 11.6685  logE[BER] -11.669  P_det_soft 0.0000  (41s)
  step 2250  JSR  -12.0  loss 7.2105  logE[BER] -7.211  P_det_soft 0.0000  (41s)
  step 2275  JSR   -2.1  loss 4.9157  logE[BER] -4.916  P_det_soft 0.0000  (41s)
  step 2300  JSR   -8.5  loss 5.9109  logE[BER] -5.911  P_det_soft 0.0000  (42s)
  step 2325  JSR  -15.6  loss 8.0621  logE[BER] -8.062  P_det_soft 0.0000  (42s)
  step 2350  JSR  -14.4  loss 7.6124  logE[BER] -7.612  P_det_soft 0.0000  (43s)
  step 2375  JSR  -28.1  loss 2004.7408  logE[BER] -2004.741  P_det_soft 0.0000  (43s)
  step 2400  JSR  -19.9  loss 10.1536  logE[BER] -10.154  P_det_soft 0.0000  (44s)
  step 2425  JSR  -22.6  loss 468.8032  logE[BER] -468.803  P_det_soft 0.0000  (44s)
  step 2450  JSR  -29.4  loss 1761.0846  logE[BER] -1761.085  P_det_soft 0.0000  (44s)
  step 2475  JSR  -27.6  loss 1640.3265  logE[BER] -1640.327  P_det_soft 0.0000  (45s)
  step 2500  JSR   -0.0  loss 4.4444  logE[BER] -4.444  P_det_soft 0.0000  (45s)
  step 2525  JSR  -30.7  loss 2186.5502  logE[BER] -2186.550  P_det_soft 0.0000  (46s)
  step 2550  JSR   -9.0  loss 5.7925  logE[BER] -5.793  P_det_soft 0.0000  (46s)
  step 2575  JSR  -29.3  loss 1370.5609  logE[BER] -1370.561  P_det_soft 0.0000  (47s)
  step 2600  JSR  -21.9  loss 360.2720  logE[BER] -360.272  P_det_soft 0.0000  (47s)
  step 2625  JSR  -31.3  loss 2346.7049  logE[BER] -2346.705  P_det_soft 0.0000  (47s)
  step 2650  JSR   -9.1  loss 5.9032  logE[BER] -5.903  P_det_soft 0.0000  (48s)
  step 2675  JSR  -23.3  loss 181.0443  logE[BER] -181.044  P_det_soft 0.0000  (48s)
  step 2700  JSR  -15.1  loss 7.0222  logE[BER] -7.022  P_det_soft 0.0000  (49s)
  step 2725  JSR  -26.2  loss 1033.9527  logE[BER] -1033.953  P_det_soft 0.0000  (49s)
  step 2750  JSR  -20.3  loss 10.5264  logE[BER] -10.526  P_det_soft 0.0000  (50s)
  step 2775  JSR   -8.9  loss 5.8240  logE[BER] -5.824  P_det_soft 0.0000  (50s)
  step 2800  JSR  -26.9  loss 1252.8167  logE[BER] -1252.817  P_det_soft 0.0000  (50s)
  step 2825  JSR  -24.3  loss 477.6998  logE[BER] -477.700  P_det_soft 0.0000  (51s)
  step 2850  JSR   -1.3  loss 4.8062  logE[BER] -4.806  P_det_soft 0.0000  (51s)
  step 2875  JSR  -22.3  loss 375.2880  logE[BER] -375.288  P_det_soft 0.0000  (52s)
  step 2900  JSR   -4.6  loss 5.4254  logE[BER] -5.425  P_det_soft 0.0000  (52s)
  step 2925  JSR   -2.2  loss 5.0184  logE[BER] -5.018  P_det_soft 0.0000  (53s)
  step 2950  JSR   -7.6  loss 5.7295  logE[BER] -5.729  P_det_soft 0.0000  (53s)
  step 2975  JSR  -12.1  loss 6.5718  logE[BER] -6.572  P_det_soft 0.0000  (53s)
  step 3000  JSR   -8.9  loss 6.0176  logE[BER] -6.018  P_det_soft 0.0000  (54s)
  step 3025  JSR  -14.1  loss 6.6646  logE[BER] -6.665  P_det_soft 0.0000  (54s)
  step 3050  JSR  -21.8  loss 11.0147  logE[BER] -11.015  P_det_soft 0.0000  (55s)
  step 3075  JSR  -25.7  loss 994.2274  logE[BER] -994.227  P_det_soft 0.0000  (55s)
  step 3100  JSR  -28.8  loss 1263.7914  logE[BER] -1263.791  P_det_soft 0.0000  (56s)
  step 3125  JSR   -9.0  loss 5.7515  logE[BER] -5.751  P_det_soft 0.0000  (56s)
  step 3150  JSR   -6.8  loss 5.6040  logE[BER] -5.604  P_det_soft 0.0000  (56s)
  step 3175  JSR  -12.5  loss 6.3334  logE[BER] -6.333  P_det_soft 0.0000  (57s)
  step 3200  JSR  -30.9  loss 1766.2674  logE[BER] -1766.267  P_det_soft 0.0000  (57s)
  step 3225  JSR   -7.9  loss 5.5932  logE[BER] -5.593  P_det_soft 0.0000  (58s)
  step 3250  JSR  -16.3  loss 7.2276  logE[BER] -7.228  P_det_soft 0.0000  (58s)
  step 3275  JSR   -1.6  loss 4.6642  logE[BER] -4.664  P_det_soft 0.0000  (59s)
  step 3300  JSR  -10.6  loss 5.9320  logE[BER] -5.932  P_det_soft 0.0000  (59s)
  step 3325  JSR  -11.3  loss 5.8515  logE[BER] -5.851  P_det_soft 0.0000  (59s)
  step 3350  JSR   -6.3  loss 5.3934  logE[BER] -5.393  P_det_soft 0.0000  (60s)
  step 3375  JSR  -14.7  loss 6.7316  logE[BER] -6.732  P_det_soft 0.0000  (60s)
  step 3400  JSR  -20.4  loss 9.7468  logE[BER] -9.747  P_det_soft 0.0000  (61s)
  step 3425  JSR  -30.2  loss 2029.7321  logE[BER] -2029.732  P_det_soft 0.0000  (61s)
  step 3450  JSR  -23.1  loss 359.6279  logE[BER] -359.628  P_det_soft 0.0000  (62s)
  step 3475  JSR   -5.6  loss 5.3262  logE[BER] -5.326  P_det_soft 0.0000  (62s)
  step 3500  JSR  -28.0  loss 1729.1656  logE[BER] -1729.166  P_det_soft 0.0000  (62s)
  step 3525  JSR   -3.8  loss 5.1227  logE[BER] -5.123  P_det_soft 0.0000  (63s)
  step 3550  JSR  -23.3  loss 144.5445  logE[BER] -144.545  P_det_soft 0.0000  (63s)
  step 3575  JSR  -28.0  loss 1397.4922  logE[BER] -1397.492  P_det_soft 0.0000  (64s)
  step 3600  JSR   -9.8  loss 5.8654  logE[BER] -5.865  P_det_soft 0.0000  (64s)
  step 3625  JSR   -8.6  loss 5.6505  logE[BER] -5.651  P_det_soft 0.0000  (65s)
  step 3650  JSR  -25.6  loss 675.8454  logE[BER] -675.845  P_det_soft 0.0000  (65s)
  step 3675  JSR  -11.8  loss 6.1057  logE[BER] -6.106  P_det_soft 0.0000  (65s)
  step 3700  JSR   -0.0  loss 4.3617  logE[BER] -4.362  P_det_soft 0.0000  (66s)
  step 3725  JSR   -9.6  loss 5.7878  logE[BER] -5.788  P_det_soft 0.0000  (66s)
  step 3750  JSR  -29.0  loss 1372.2489  logE[BER] -1372.249  P_det_soft 0.0000  (67s)
  step 3775  JSR  -18.4  loss 7.9645  logE[BER] -7.964  P_det_soft 0.0000  (67s)
  step 3800  JSR  -26.4  loss 937.3752  logE[BER] -937.375  P_det_soft 0.0000  (68s)
  step 3825  JSR  -19.8  loss 12.2248  logE[BER] -12.225  P_det_soft 0.0000  (68s)
  step 3850  JSR  -23.0  loss 406.2963  logE[BER] -406.296  P_det_soft 0.0000  (68s)
  step 3875  JSR   -4.6  loss 5.1996  logE[BER] -5.200  P_det_soft 0.0000  (69s)
  step 3900  JSR  -16.9  loss 7.3731  logE[BER] -7.373  P_det_soft 0.0000  (69s)
  step 3925  JSR  -21.5  loss 11.4154  logE[BER] -11.415  P_det_soft 0.0000  (70s)
  step 3950  JSR   -4.3  loss 5.1059  logE[BER] -5.106  P_det_soft 0.0000  (70s)
  step 3975  JSR  -17.4  loss 7.4442  logE[BER] -7.444  P_det_soft 0.0000  (70s)
  step 3999  JSR  -28.5  loss 1439.7362  logE[BER] -1439.736  P_det_soft 0.0000  (71s)
wrote task0_G.pt, task0.json  (tag eff)
