node: artongpu01.ee.ethz.ch | gpu: NVIDIA GeForce RTX 2080 Ti
task 18 = {'target': 'spec_cnn', 'beta': 100000.0}  (tag spec_cnn_b100000, 32 frames/step, JSR band (-48.0, -16.0))
  target spec_cnn: threshold -3.17573, clean-frame std 0.982227 (soft_pdet width)
  step    0  JSR  -23.4  loss 102370.7448  logE[BER] -3320.509  P_det_soft 0.9905  (1s)
  step   25  JSR  -19.9  loss 102645.2235  logE[BER] -3061.554  P_det_soft 0.9958  (3s)
  step   50  JSR  -47.7  loss 23728.0769  logE[BER] -3972.623  P_det_soft 0.1976  (6s)
  step   75  JSR  -47.9  loss 20002.8647  logE[BER] -3974.480  P_det_soft 0.1603  (8s)
  step  100  JSR  -39.6  loss 22631.5445  logE[BER] -3927.574  P_det_soft 0.1870  (11s)
  step  125  JSR  -38.6  loss 24495.5338  logE[BER] -3921.918  P_det_soft 0.2057  (13s)
  step  150  JSR  -23.0  loss 99571.8726  logE[BER] -3430.107  P_det_soft 0.9614  (16s)
  step  175  JSR  -45.5  loss 15913.7211  logE[BER] -3961.834  P_det_soft 0.1195  (18s)
  step  200  JSR  -22.2  loss 101132.0150  logE[BER] -3390.682  P_det_soft 0.9774  (21s)
  step  225  JSR  -16.0  loss 102567.8797  logE[BER] -2827.356  P_det_soft 0.9974  (23s)
  step  250  JSR  -26.7  loss 69289.3399  logE[BER] -3603.007  P_det_soft 0.6569  (26s)
  step  275  JSR  -41.9  loss 27420.7592  logE[BER] -3931.710  P_det_soft 0.2349  (28s)
  step  300  JSR  -29.6  loss 47331.0364  logE[BER] -3710.580  P_det_soft 0.4362  (31s)
  step  325  JSR  -43.0  loss 17650.0524  logE[BER] -3942.873  P_det_soft 0.1371  (33s)
  step  350  JSR  -22.2  loss 99716.7394  logE[BER] -3331.679  P_det_soft 0.9639  (36s)
  step  375  JSR  -30.6  loss 34973.1919  logE[BER] -3744.933  P_det_soft 0.3123  (38s)
  step  400  JSR  -45.0  loss 18590.2143  logE[BER] -3954.289  P_det_soft 0.1464  (41s)
  step  425  JSR  -33.0  loss 27393.7243  logE[BER] -3805.550  P_det_soft 0.2359  (43s)
  step  450  JSR  -22.8  loss 96719.3022  logE[BER] -3407.220  P_det_soft 0.9331  (46s)
  step  475  JSR  -38.3  loss 29082.3943  logE[BER] -3899.595  P_det_soft 0.2518  (48s)
  step  500  JSR  -36.6  loss 24133.3947  logE[BER] -3871.991  P_det_soft 0.2026  (51s)
  step  525  JSR  -31.8  loss 27647.4287  logE[BER] -3748.820  P_det_soft 0.2390  (53s)
  step  550  JSR  -23.6  loss 91036.4708  logE[BER] -3405.515  P_det_soft 0.8763  (56s)
  step  575  JSR  -37.7  loss 22575.1601  logE[BER] -3881.954  P_det_soft 0.1869  (58s)
  step  600  JSR  -36.1  loss 26518.1649  logE[BER] -3857.686  P_det_soft 0.2266  (61s)
  step  625  JSR  -20.8  loss 99946.6842  logE[BER] -3182.836  P_det_soft 0.9676  (63s)
  step  650  JSR  -46.0  loss 22931.4535  logE[BER] -3956.373  P_det_soft 0.1898  (66s)
  step  675  JSR  -41.3  loss 19534.3540  logE[BER] -3926.628  P_det_soft 0.1561  (68s)
  step  700  JSR  -23.5  loss 90157.9494  logE[BER] -3368.567  P_det_soft 0.8679  (71s)
  step  725  JSR  -37.6  loss 22359.8534  logE[BER] -3877.372  P_det_soft 0.1848  (73s)
  step  750  JSR  -19.7  loss 101234.8532  logE[BER] -3021.345  P_det_soft 0.9821  (76s)
  step  775  JSR  -41.9  loss 22202.2942  logE[BER] -3931.183  P_det_soft 0.1827  (79s)
  step  800  JSR  -35.1  loss 24184.7494  logE[BER] -3827.869  P_det_soft 0.2036  (81s)
  step  825  JSR  -38.1  loss 22095.6060  logE[BER] -3886.980  P_det_soft 0.1821  (84s)
  step  850  JSR  -38.5  loss 20823.6077  logE[BER] -3891.481  P_det_soft 0.1693  (86s)
  step  875  JSR  -35.6  loss 22452.7243  logE[BER] -3852.111  P_det_soft 0.1860  (89s)
  step  900  JSR  -43.8  loss 19185.5276  logE[BER] -3940.289  P_det_soft 0.1525  (91s)
  step  925  JSR  -47.4  loss 23626.2126  logE[BER] -3966.955  P_det_soft 0.1966  (94s)
  step  950  JSR  -23.9  loss 86490.4693  logE[BER] -3386.563  P_det_soft 0.8310  (96s)
  step  975  JSR  -30.7  loss 26488.2671  logE[BER] -3684.648  P_det_soft 0.2280  (99s)
  step 1000  JSR  -17.8  loss 101411.8487  logE[BER] -2696.406  P_det_soft 0.9872  (101s)
  step 1025  JSR  -23.5  loss 84446.7928  logE[BER] -3316.510  P_det_soft 0.8113  (104s)
  step 1050  JSR  -28.6  loss 37943.3100  logE[BER] -3592.908  P_det_soft 0.3435  (106s)
  step 1075  JSR  -39.2  loss 22208.7642  logE[BER] -3881.622  P_det_soft 0.1833  (109s)
  step 1100  JSR  -46.7  loss 19686.1111  logE[BER] -3955.457  P_det_soft 0.1573  (111s)
  step 1125  JSR  -43.8  loss 18853.3812  logE[BER] -3939.602  P_det_soft 0.1491  (114s)
  step 1150  JSR  -25.3  loss 71400.0945  logE[BER] -3418.065  P_det_soft 0.6798  (116s)
  step 1175  JSR  -32.3  loss 23626.2550  logE[BER] -3723.110  P_det_soft 0.1990  (119s)
  step 1200  JSR  -44.3  loss 25219.7083  logE[BER] -3942.152  P_det_soft 0.2128  (121s)
  step 1225  JSR  -35.9  loss 21980.7527  logE[BER] -3842.332  P_det_soft 0.1814  (124s)
  step 1250  JSR  -18.8  loss 101552.8561  logE[BER] -2858.822  P_det_soft 0.9869  (126s)
  step 1275  JSR  -37.4  loss 26600.8529  logE[BER] -3870.518  P_det_soft 0.2273  (129s)
  step 1300  JSR  -20.3  loss 99052.0347  logE[BER] -3033.129  P_det_soft 0.9602  (131s)
  step 1325  JSR  -23.1  loss 91470.3904  logE[BER] -3314.533  P_det_soft 0.8816  (134s)
  step 1350  JSR  -41.9  loss 20121.1488  logE[BER] -3925.819  P_det_soft 0.1620  (136s)
  step 1375  JSR  -17.1  loss 101945.6011  logE[BER] -2538.743  P_det_soft 0.9941  (139s)
  step 1400  JSR  -40.0  loss 24882.3030  logE[BER] -3896.818  P_det_soft 0.2099  (141s)
  step 1425  JSR  -26.2  loss 56103.1683  logE[BER] -3566.550  P_det_soft 0.5254  (144s)
  step 1450  JSR  -42.0  loss 18994.2994  logE[BER] -3923.930  P_det_soft 0.1507  (146s)
  step 1475  JSR  -37.1  loss 29300.7574  logE[BER] -3854.870  P_det_soft 0.2545  (149s)
  step 1500  JSR  -16.4  loss 101905.8332  logE[BER] -2579.900  P_det_soft 0.9933  (151s)
  step 1525  JSR  -20.8  loss 99365.7758  logE[BER] -3076.816  P_det_soft 0.9629  (154s)
  step 1550  JSR  -21.6  loss 95452.9814  logE[BER] -3141.057  P_det_soft 0.9231  (157s)
  step 1575  JSR  -20.9  loss 98376.9237  logE[BER] -3122.802  P_det_soft 0.9525  (159s)
  step 1600  JSR  -17.6  loss 101547.0284  logE[BER] -2712.216  P_det_soft 0.9883  (162s)
  step 1625  JSR  -28.2  loss 37698.2836  logE[BER] -3606.838  P_det_soft 0.3409  (164s)
  step 1650  JSR  -46.9  loss 17228.8343  logE[BER] -3962.045  P_det_soft 0.1327  (167s)
  step 1675  JSR  -21.9  loss 95081.0122  logE[BER] -3205.824  P_det_soft 0.9188  (169s)
  step 1700  JSR  -37.8  loss 25067.8632  logE[BER] -3875.321  P_det_soft 0.2119  (172s)
  step 1725  JSR  -34.7  loss 19769.1283  logE[BER] -3834.333  P_det_soft 0.1593  (174s)
  step 1750  JSR  -24.8  loss 68138.1464  logE[BER] -3409.996  P_det_soft 0.6473  (177s)
  step 1775  JSR  -21.3  loss 94004.3315  logE[BER] -3174.779  P_det_soft 0.9083  (179s)
  step 1800  JSR  -37.6  loss 22417.4351  logE[BER] -3868.319  P_det_soft 0.1855  (182s)
  step 1825  JSR  -21.0  loss 96075.6664  logE[BER] -3096.778  P_det_soft 0.9298  (184s)
  step 1850  JSR  -20.8  loss 97294.9830  logE[BER] -3083.220  P_det_soft 0.9421  (187s)
  step 1875  JSR  -45.3  loss 19988.3522  logE[BER] -3949.525  P_det_soft 0.1604  (189s)
  step 1900  JSR  -17.7  loss 101593.2061  logE[BER] -2737.367  P_det_soft 0.9886  (192s)
  step 1925  JSR  -39.8  loss 23113.6382  logE[BER] -3903.547  P_det_soft 0.1921  (194s)
  step 1950  JSR  -16.2  loss 101925.2830  logE[BER] -2517.859  P_det_soft 0.9941  (197s)
  step 1975  JSR  -25.8  loss 55377.2550  logE[BER] -3472.079  P_det_soft 0.5191  (199s)
  step 2000  JSR  -32.1  loss 18187.2196  logE[BER] -3767.406  P_det_soft 0.1442  (202s)
  step 2025  JSR  -35.2  loss 18597.0865  logE[BER] -3845.987  P_det_soft 0.1475  (204s)
  step 2050  JSR  -16.9  loss 101849.7771  logE[BER] -2762.249  P_det_soft 0.9909  (207s)
  step 2075  JSR  -17.0  loss 101667.0514  logE[BER] -2757.996  P_det_soft 0.9891  (209s)
  step 2100  JSR  -30.0  loss 29205.1729  logE[BER] -3712.510  P_det_soft 0.2549  (212s)
  step 2125  JSR  -42.0  loss 26040.8857  logE[BER] -3930.857  P_det_soft 0.2211  (214s)
  step 2150  JSR  -27.0  loss 38748.6303  logE[BER] -3574.911  P_det_soft 0.3517  (217s)
  step 2175  JSR  -26.9  loss 37379.5553  logE[BER] -3575.242  P_det_soft 0.3380  (219s)
  step 2200  JSR  -42.8  loss 18886.5845  logE[BER] -3937.460  P_det_soft 0.1495  (222s)
  step 2225  JSR  -22.0  loss 90624.7842  logE[BER] -3264.712  P_det_soft 0.8736  (224s)
  step 2250  JSR  -33.7  loss 21587.5092  logE[BER] -3804.867  P_det_soft 0.1778  (227s)
  step 2275  JSR  -27.4  loss 41014.6817  logE[BER] -3613.088  P_det_soft 0.3740  (229s)
  step 2300  JSR  -44.3  loss 23563.0311  logE[BER] -3938.615  P_det_soft 0.1962  (232s)
  step 2325  JSR  -25.7  loss 58532.0185  logE[BER] -3525.059  P_det_soft 0.5501  (234s)
  step 2350  JSR  -16.5  loss 101917.5009  logE[BER] -2703.110  P_det_soft 0.9921  (237s)
  step 2375  JSR  -35.8  loss 21403.5401  logE[BER] -3841.013  P_det_soft 0.1756  (240s)
  step 2400  JSR  -41.4  loss 18923.0869  logE[BER] -3922.735  P_det_soft 0.1500  (242s)
  step 2425  JSR  -37.4  loss 24673.6814  logE[BER] -3874.294  P_det_soft 0.2080  (245s)
  step 2450  JSR  -36.6  loss 20695.2125  logE[BER] -3868.996  P_det_soft 0.1683  (247s)
  step 2475  JSR  -24.0  loss 71358.9263  logE[BER] -3416.459  P_det_soft 0.6794  (250s)
  step 2500  JSR  -34.7  loss 26701.8394  logE[BER] -3834.548  P_det_soft 0.2287  (252s)
  step 2525  JSR  -45.0  loss 18303.2626  logE[BER] -3951.188  P_det_soft 0.1435  (255s)
  step 2550  JSR  -26.0  loss 51849.8022  logE[BER] -3556.042  P_det_soft 0.4829  (257s)
  step 2575  JSR  -22.9  loss 83114.5414  logE[BER] -3331.409  P_det_soft 0.7978  (260s)
  step 2600  JSR  -24.0  loss 73350.9004  logE[BER] -3418.129  P_det_soft 0.6993  (262s)
  step 2625  JSR  -25.4  loss 57892.5307  logE[BER] -3499.390  P_det_soft 0.5439  (265s)
  step 2650  JSR  -30.5  loss 25007.9701  logE[BER] -3729.162  P_det_soft 0.2128  (267s)
  step 2675  JSR  -32.3  loss 22157.5008  logE[BER] -3778.537  P_det_soft 0.1838  (270s)
  step 2700  JSR  -23.8  loss 74447.0386  logE[BER] -3405.694  P_det_soft 0.7104  (272s)
  step 2725  JSR  -21.5  loss 92316.9842  logE[BER] -3218.647  P_det_soft 0.8910  (275s)
  step 2750  JSR  -45.6  loss 20698.8933  logE[BER] -3954.451  P_det_soft 0.1674  (277s)
  step 2775  JSR  -35.7  loss 20669.2513  logE[BER] -3854.731  P_det_soft 0.1681  (280s)
  step 2800  JSR  -31.5  loss 24073.3282  logE[BER] -3748.177  P_det_soft 0.2033  (282s)
  step 2825  JSR  -34.6  loss 27277.8604  logE[BER] -3827.260  P_det_soft 0.2345  (285s)
  step 2850  JSR  -44.7  loss 23887.3006  logE[BER] -3945.961  P_det_soft 0.1994  (287s)
  step 2875  JSR  -41.2  loss 21292.7094  logE[BER] -3918.934  P_det_soft 0.1737  (290s)
  step 2900  JSR  -44.1  loss 19404.7069  logE[BER] -3942.981  P_det_soft 0.1546  (292s)
  step 2925  JSR  -47.6  loss 24482.9942  logE[BER] -3960.715  P_det_soft 0.2052  (295s)
  step 2950  JSR  -17.0  loss 101611.4048  logE[BER] -2768.268  P_det_soft 0.9884  (297s)
  step 2975  JSR  -38.4  loss 22033.4632  logE[BER] -3885.062  P_det_soft 0.1815  (300s)
  step 3000  JSR  -18.2  loss 101171.9397  logE[BER] -2892.848  P_det_soft 0.9828  (302s)
  step 3025  JSR  -16.8  loss 101806.3869  logE[BER] -2808.713  P_det_soft 0.9900  (305s)
  step 3050  JSR  -29.7  loss 27788.7637  logE[BER] -3708.960  P_det_soft 0.2408  (308s)
  step 3075  JSR  -34.3  loss 21820.7500  logE[BER] -3816.774  P_det_soft 0.1800  (310s)
  step 3100  JSR  -37.4  loss 19442.5339  logE[BER] -3894.919  P_det_soft 0.1555  (313s)
  step 3125  JSR  -34.2  loss 24687.1932  logE[BER] -3820.447  P_det_soft 0.2087  (315s)
  step 3150  JSR  -30.3  loss 26478.3742  logE[BER] -3705.645  P_det_soft 0.2277  (318s)
  step 3175  JSR  -25.4  loss 57822.1999  logE[BER] -3519.146  P_det_soft 0.5430  (320s)
  step 3200  JSR  -28.9  loss 30442.5506  logE[BER] -3684.355  P_det_soft 0.2676  (323s)
  step 3225  JSR  -40.5  loss 23273.6566  logE[BER] -3917.381  P_det_soft 0.1936  (325s)
  step 3250  JSR  -47.5  loss 21983.1131  logE[BER] -3959.006  P_det_soft 0.1802  (328s)
  step 3275  JSR  -46.3  loss 22982.4078  logE[BER] -3954.773  P_det_soft 0.1903  (330s)
  step 3300  JSR  -27.7  loss 36610.3426  logE[BER] -3627.023  P_det_soft 0.3298  (333s)
  step 3325  JSR  -41.2  loss 23145.4899  logE[BER] -3925.707  P_det_soft 0.1922  (335s)
  step 3350  JSR  -32.8  loss 25311.7581  logE[BER] -3784.363  P_det_soft 0.2153  (338s)
  step 3375  JSR  -47.9  loss 20513.3717  logE[BER] -3965.390  P_det_soft 0.1655  (340s)
  step 3400  JSR  -17.8  loss 101348.6716  logE[BER] -2861.723  P_det_soft 0.9849  (343s)
  step 3425  JSR  -21.2  loss 94143.3627  logE[BER] -3192.335  P_det_soft 0.9095  (345s)
  step 3450  JSR  -44.8  loss 22390.4881  logE[BER] -3950.049  P_det_soft 0.1844  (348s)
  step 3475  JSR  -18.8  loss 100099.8625  logE[BER] -2943.883  P_det_soft 0.9716  (350s)
  step 3500  JSR  -24.5  loss 64865.6185  logE[BER] -3443.581  P_det_soft 0.6142  (353s)
  step 3525  JSR  -31.4  loss 23084.1937  logE[BER] -3744.935  P_det_soft 0.1934  (355s)
  step 3550  JSR  -20.8  loss 96313.1705  logE[BER] -3171.571  P_det_soft 0.9314  (358s)
  step 3575  JSR  -22.6  loss 83948.3244  logE[BER] -3289.035  P_det_soft 0.8066  (360s)
  step 3600  JSR  -42.7  loss 19507.1705  logE[BER] -3932.497  P_det_soft 0.1557  (363s)
  step 3625  JSR  -31.2  loss 25502.2815  logE[BER] -3743.668  P_det_soft 0.2176  (365s)
  step 3650  JSR  -29.1  loss 34858.7523  logE[BER] -3664.905  P_det_soft 0.3119  (368s)
  step 3675  JSR  -44.8  loss 24511.4552  logE[BER] -3950.378  P_det_soft 0.2056  (370s)
  step 3700  JSR  -22.0  loss 87174.3821  logE[BER] -3165.395  P_det_soft 0.8401  (373s)
  step 3725  JSR  -16.6  loss 101737.5157  logE[BER] -2587.590  P_det_soft 0.9915  (375s)
  step 3750  JSR  -25.0  loss 59492.7513  logE[BER] -3423.893  P_det_soft 0.5607  (378s)
  step 3775  JSR  -24.2  loss 69822.5067  logE[BER] -3353.548  P_det_soft 0.6647  (381s)
  step 3800  JSR  -40.8  loss 19321.0356  logE[BER] -3913.973  P_det_soft 0.1541  (383s)
  step 3825  JSR  -26.8  loss 39510.9289  logE[BER] -3525.186  P_det_soft 0.3599  (386s)
  step 3850  JSR  -17.9  loss 101175.7515  logE[BER] -2754.178  P_det_soft 0.9842  (388s)
  step 3875  JSR  -35.4  loss 25420.4392  logE[BER] -3820.600  P_det_soft 0.2160  (391s)
  step 3900  JSR  -30.3  loss 24335.4807  logE[BER] -3680.137  P_det_soft 0.2066  (393s)
  step 3925  JSR  -24.1  loss 67698.8367  logE[BER] -3353.762  P_det_soft 0.6435  (396s)
  step 3950  JSR  -25.5  loss 55909.0236  logE[BER] -3491.204  P_det_soft 0.5242  (398s)
  step 3975  JSR  -23.6  loss 75963.0110  logE[BER] -3326.690  P_det_soft 0.7264  (401s)
  step 3999  JSR  -18.4  loss 100708.6830  logE[BER] -2810.831  P_det_soft 0.9790  (403s)
wrote task18_G.pt, task18.json  (tag spec_cnn_b100000)
