node: tikgpu04.ee.ethz.ch | gpu: NVIDIA TITAN RTX
task 0 = {'target': None, 'beta': 0.0}  (tag eff, 128 frames/step, JSR band (-32.0, 0.0))
  step    0  JSR  -20.6  loss 2438.9291  logE[BER] -2438.929  P_det_soft 0.0000  (1s)
  step   25  JSR  -30.4  loss 2795.8468  logE[BER] -2795.847  P_det_soft 0.0000  (2s)
  step   50  JSR   -4.2  loss 3.8829  logE[BER] -3.883  P_det_soft 0.0000  (2s)
  step   75  JSR  -15.4  loss 6.3344  logE[BER] -6.334  P_det_soft 0.0000  (3s)
  step  100  JSR   -5.6  loss 4.5698  logE[BER] -4.570  P_det_soft 0.0000  (3s)
  step  125  JSR  -24.5  loss 351.7397  logE[BER] -351.740  P_det_soft 0.0000  (4s)
  step  150  JSR   -1.5  loss 3.0582  logE[BER] -3.058  P_det_soft 0.0000  (4s)
  step  175  JSR  -19.0  loss 7.4975  logE[BER] -7.498  P_det_soft 0.0000  (5s)
  step  200  JSR  -14.9  loss 6.4598  logE[BER] -6.460  P_det_soft 0.0000  (5s)
  step  225  JSR  -30.6  loss 1660.7232  logE[BER] -1660.723  P_det_soft 0.0000  (6s)
  step  250  JSR   -2.5  loss 3.2925  logE[BER] -3.292  P_det_soft 0.0000  (6s)
  step  275  JSR   -9.9  loss 5.6515  logE[BER] -5.651  P_det_soft 0.0000  (7s)
  step  300  JSR  -21.7  loss 11.8314  logE[BER] -11.831  P_det_soft 0.0000  (7s)
  step  325  JSR  -22.6  loss 12.9500  logE[BER] -12.950  P_det_soft 0.0000  (8s)
  step  350  JSR  -18.3  loss 6.9953  logE[BER] -6.995  P_det_soft 0.0000  (8s)
  step  375  JSR  -19.2  loss 7.2533  logE[BER] -7.253  P_det_soft 0.0000  (9s)
  step  400  JSR  -29.0  loss 1284.9700  logE[BER] -1284.970  P_det_soft 0.0000  (9s)
  step  425  JSR  -20.5  loss 7.9508  logE[BER] -7.951  P_det_soft 0.0000  (10s)
  step  450  JSR   -8.9  loss 5.2111  logE[BER] -5.211  P_det_soft 0.0000  (10s)
  step  475  JSR  -27.8  loss 893.1276  logE[BER] -893.128  P_det_soft 0.0000  (11s)
  step  500  JSR  -19.0  loss 7.2386  logE[BER] -7.239  P_det_soft 0.0000  (11s)
  step  525  JSR  -21.3  loss 9.0095  logE[BER] -9.010  P_det_soft 0.0000  (12s)
  step  550  JSR   -1.6  loss 3.3765  logE[BER] -3.377  P_det_soft 0.0000  (13s)
  step  575  JSR  -22.9  loss 24.1951  logE[BER] -24.195  P_det_soft 0.0000  (13s)
  step  600  JSR  -22.2  loss 10.7826  logE[BER] -10.783  P_det_soft 0.0000  (14s)
  step  625  JSR  -28.3  loss 1133.2926  logE[BER] -1133.293  P_det_soft 0.0000  (14s)
  step  650  JSR  -13.0  loss 5.8110  logE[BER] -5.811  P_det_soft 0.0000  (15s)
  step  675  JSR  -10.0  loss 5.4235  logE[BER] -5.423  P_det_soft 0.0000  (15s)
  step  700  JSR  -14.0  loss 5.9977  logE[BER] -5.998  P_det_soft 0.0000  (16s)
  step  725  JSR   -6.7  loss 4.9502  logE[BER] -4.950  P_det_soft 0.0000  (16s)
  step  750  JSR   -9.1  loss 5.4332  logE[BER] -5.433  P_det_soft 0.0000  (17s)
  step  775  JSR  -12.7  loss 5.6631  logE[BER] -5.663  P_det_soft 0.0000  (17s)
  step  800  JSR  -26.9  loss 749.5322  logE[BER] -749.532  P_det_soft 0.0000  (18s)
  step  825  JSR  -30.8  loss 1598.2242  logE[BER] -1598.224  P_det_soft 0.0000  (18s)
  step  850  JSR  -28.3  loss 914.0627  logE[BER] -914.063  P_det_soft 0.0000  (19s)
  step  875  JSR  -25.1  loss 194.0492  logE[BER] -194.049  P_det_soft 0.0000  (19s)
  step  900  JSR  -30.5  loss 1398.8674  logE[BER] -1398.867  P_det_soft 0.0000  (20s)
  step  925  JSR   -2.8  loss 3.8801  logE[BER] -3.880  P_det_soft 0.0000  (20s)
  step  950  JSR   -8.2  loss 5.2850  logE[BER] -5.285  P_det_soft 0.0000  (21s)
  step  975  JSR  -11.8  loss 5.7330  logE[BER] -5.733  P_det_soft 0.0000  (21s)
  step 1000  JSR   -0.2  loss 3.1347  logE[BER] -3.135  P_det_soft 0.0000  (22s)
  step 1025  JSR  -24.4  loss 165.8654  logE[BER] -165.865  P_det_soft 0.0000  (23s)
  step 1050  JSR  -14.6  loss 5.9468  logE[BER] -5.947  P_det_soft 0.0000  (23s)
  step 1075  JSR  -29.0  loss 1136.2053  logE[BER] -1136.205  P_det_soft 0.0000  (24s)
  step 1100  JSR  -16.3  loss 6.0537  logE[BER] -6.054  P_det_soft 0.0000  (24s)
  step 1125  JSR   -0.8  loss 3.2871  logE[BER] -3.287  P_det_soft 0.0000  (25s)
  step 1150  JSR   -3.6  loss 4.3578  logE[BER] -4.358  P_det_soft 0.0000  (25s)
  step 1175  JSR  -23.7  loss 18.9476  logE[BER] -18.948  P_det_soft 0.0000  (26s)
  step 1200  JSR  -24.5  loss 152.2519  logE[BER] -152.252  P_det_soft 0.0000  (26s)
  step 1225  JSR   -5.2  loss 4.7393  logE[BER] -4.739  P_det_soft 0.0000  (27s)
  step 1250  JSR   -4.6  loss 4.6753  logE[BER] -4.675  P_det_soft 0.0000  (27s)
  step 1275  JSR   -5.8  loss 4.9754  logE[BER] -4.975  P_det_soft 0.0000  (28s)
  step 1300  JSR   -0.8  loss 3.2298  logE[BER] -3.230  P_det_soft 0.0000  (28s)
  step 1325  JSR   -2.6  loss 3.9218  logE[BER] -3.922  P_det_soft 0.0000  (29s)
  step 1350  JSR   -8.1  loss 5.2194  logE[BER] -5.219  P_det_soft 0.0000  (29s)
  step 1375  JSR   -0.8  loss 3.3291  logE[BER] -3.329  P_det_soft 0.0000  (30s)
  step 1400  JSR  -13.3  loss 5.5930  logE[BER] -5.593  P_det_soft 0.0000  (30s)
  step 1425  JSR   -1.9  loss 3.6916  logE[BER] -3.692  P_det_soft 0.0000  (31s)
  step 1450  JSR  -23.2  loss 10.8377  logE[BER] -10.838  P_det_soft 0.0000  (32s)
  step 1475  JSR  -16.2  loss 6.0421  logE[BER] -6.042  P_det_soft 0.0000  (32s)
  step 1500  JSR   -8.5  loss 5.3495  logE[BER] -5.350  P_det_soft 0.0000  (33s)
  step 1525  JSR  -18.5  loss 6.4459  logE[BER] -6.446  P_det_soft 0.0000  (33s)
  step 1550  JSR  -30.1  loss 1220.0069  logE[BER] -1220.007  P_det_soft 0.0000  (34s)
  step 1575  JSR  -11.2  loss 5.5138  logE[BER] -5.514  P_det_soft 0.0000  (34s)
  step 1600  JSR   -8.5  loss 5.3322  logE[BER] -5.332  P_det_soft 0.0000  (35s)
  step 1625  JSR  -22.0  loss 8.6527  logE[BER] -8.653  P_det_soft 0.0000  (35s)
  step 1650  JSR  -30.1  loss 1213.2951  logE[BER] -1213.295  P_det_soft 0.0000  (36s)
  step 1675  JSR  -10.0  loss 5.5104  logE[BER] -5.510  P_det_soft 0.0000  (36s)
  step 1700  JSR  -31.9  loss 1767.5980  logE[BER] -1767.598  P_det_soft 0.0000  (37s)
  step 1725  JSR   -8.0  loss 5.2763  logE[BER] -5.276  P_det_soft 0.0000  (37s)
  step 1750  JSR  -14.4  loss 5.8112  logE[BER] -5.811  P_det_soft 0.0000  (38s)
  step 1775  JSR   -2.8  loss 3.9697  logE[BER] -3.970  P_det_soft 0.0000  (38s)
  step 1800  JSR   -4.9  loss 4.7119  logE[BER] -4.712  P_det_soft 0.0000  (39s)
  step 1825  JSR  -24.9  loss 223.3547  logE[BER] -223.355  P_det_soft 0.0000  (39s)
  step 1850  JSR  -15.1  loss 5.8765  logE[BER] -5.877  P_det_soft 0.0000  (40s)
  step 1875  JSR   -5.5  loss 4.7870  logE[BER] -4.787  P_det_soft 0.0000  (41s)
  step 1900  JSR  -21.5  loss 7.8946  logE[BER] -7.895  P_det_soft 0.0000  (41s)
  step 1925  JSR  -15.2  loss 5.7641  logE[BER] -5.764  P_det_soft 0.0000  (42s)
  step 1950  JSR  -16.2  loss 6.0174  logE[BER] -6.017  P_det_soft 0.0000  (42s)
  step 1975  JSR  -10.8  loss 5.5254  logE[BER] -5.525  P_det_soft 0.0000  (43s)
  step 2000  JSR   -6.3  loss 5.0567  logE[BER] -5.057  P_det_soft 0.0000  (43s)
  step 2025  JSR   -1.8  loss 3.8429  logE[BER] -3.843  P_det_soft 0.0000  (44s)
  step 2050  JSR  -30.1  loss 1255.9268  logE[BER] -1255.927  P_det_soft 0.0000  (44s)
  step 2075  JSR  -28.1  loss 890.6472  logE[BER] -890.647  P_det_soft 0.0000  (45s)
  step 2100  JSR   -8.3  loss 5.4283  logE[BER] -5.428  P_det_soft 0.0000  (45s)
  step 2125  JSR  -17.6  loss 6.1754  logE[BER] -6.175  P_det_soft 0.0000  (46s)
  step 2150  JSR   -3.6  loss 4.4403  logE[BER] -4.440  P_det_soft 0.0000  (46s)
  step 2175  JSR  -29.3  loss 1089.0981  logE[BER] -1089.098  P_det_soft 0.0000  (47s)
  step 2200  JSR  -16.9  loss 6.0488  logE[BER] -6.049  P_det_soft 0.0000  (47s)
  step 2225  JSR   -3.0  loss 4.2039  logE[BER] -4.204  P_det_soft 0.0000  (48s)
  step 2250  JSR   -1.6  loss 3.7426  logE[BER] -3.743  P_det_soft 0.0000  (49s)
  step 2275  JSR  -30.9  loss 1534.2148  logE[BER] -1534.215  P_det_soft 0.0000  (49s)
  step 2300  JSR  -15.8  loss 6.0869  logE[BER] -6.087  P_det_soft 0.0000  (50s)
  step 2325  JSR  -17.4  loss 6.1368  logE[BER] -6.137  P_det_soft 0.0000  (50s)
  step 2350  JSR   -4.6  loss 4.6268  logE[BER] -4.627  P_det_soft 0.0000  (51s)
  step 2375  JSR   -1.1  loss 3.5860  logE[BER] -3.586  P_det_soft 0.0000  (51s)
  step 2400  JSR  -19.7  loss 6.6427  logE[BER] -6.643  P_det_soft 0.0000  (52s)
  step 2425  JSR   -2.9  loss 4.1336  logE[BER] -4.134  P_det_soft 0.0000  (52s)
  step 2450  JSR  -26.1  loss 388.3016  logE[BER] -388.302  P_det_soft 0.0000  (53s)
  step 2475  JSR   -3.1  loss 4.1929  logE[BER] -4.193  P_det_soft 0.0000  (53s)
  step 2500  JSR  -15.7  loss 5.9804  logE[BER] -5.980  P_det_soft 0.0000  (54s)
  step 2525  JSR  -15.1  loss 5.8574  logE[BER] -5.857  P_det_soft 0.0000  (54s)
  step 2550  JSR  -18.3  loss 6.2664  logE[BER] -6.266  P_det_soft 0.0000  (55s)
  step 2575  JSR  -28.4  loss 998.9017  logE[BER] -998.902  P_det_soft 0.0000  (55s)
  step 2600  JSR   -7.2  loss 5.1999  logE[BER] -5.200  P_det_soft 0.0000  (56s)
  step 2625  JSR  -13.6  loss 5.6960  logE[BER] -5.696  P_det_soft 0.0000  (56s)
  step 2650  JSR   -1.4  loss 3.7218  logE[BER] -3.722  P_det_soft 0.0000  (57s)
  step 2675  JSR  -19.5  loss 6.9846  logE[BER] -6.985  P_det_soft 0.0000  (58s)
  step 2700  JSR   -3.8  loss 4.4845  logE[BER] -4.484  P_det_soft 0.0000  (58s)
  step 2725  JSR   -6.6  loss 5.1719  logE[BER] -5.172  P_det_soft 0.0000  (59s)
  step 2750  JSR  -30.1  loss 1316.8353  logE[BER] -1316.835  P_det_soft 0.0000  (59s)
  step 2775  JSR  -18.5  loss 6.4414  logE[BER] -6.441  P_det_soft 0.0000  (60s)
  step 2800  JSR   -3.0  loss 4.2853  logE[BER] -4.285  P_det_soft 0.0000  (60s)
  step 2825  JSR  -26.6  loss 467.6850  logE[BER] -467.685  P_det_soft 0.0000  (61s)
  step 2850  JSR  -21.8  loss 7.8615  logE[BER] -7.861  P_det_soft 0.0000  (61s)
  step 2875  JSR   -0.7  loss 3.4884  logE[BER] -3.488  P_det_soft 0.0000  (62s)
  step 2900  JSR   -7.1  loss 5.1339  logE[BER] -5.134  P_det_soft 0.0000  (62s)
  step 2925  JSR  -22.4  loss 9.1366  logE[BER] -9.137  P_det_soft 0.0000  (63s)
  step 2950  JSR   -5.1  loss 4.8061  logE[BER] -4.806  P_det_soft 0.0000  (63s)
  step 2975  JSR  -10.8  loss 5.4428  logE[BER] -5.443  P_det_soft 0.0000  (64s)
  step 3000  JSR  -28.1  loss 786.2772  logE[BER] -786.277  P_det_soft 0.0000  (64s)
  step 3025  JSR  -14.2  loss 5.6620  logE[BER] -5.662  P_det_soft 0.0000  (65s)
  step 3050  JSR   -4.9  loss 4.8311  logE[BER] -4.831  P_det_soft 0.0000  (66s)
  step 3075  JSR  -28.2  loss 819.5820  logE[BER] -819.582  P_det_soft 0.0000  (66s)
  step 3100  JSR   -6.5  loss 4.9539  logE[BER] -4.954  P_det_soft 0.0000  (67s)
  step 3125  JSR  -28.9  loss 972.7165  logE[BER] -972.716  P_det_soft 0.0000  (67s)
  step 3150  JSR   -8.6  loss 5.2087  logE[BER] -5.209  P_det_soft 0.0000  (68s)
  step 3175  JSR  -12.2  loss 5.5531  logE[BER] -5.553  P_det_soft 0.0000  (68s)
  step 3200  JSR  -12.8  loss 5.5800  logE[BER] -5.580  P_det_soft 0.0000  (69s)
  step 3225  JSR   -8.3  loss 5.2689  logE[BER] -5.269  P_det_soft 0.0000  (69s)
  step 3250  JSR   -2.5  loss 4.1858  logE[BER] -4.186  P_det_soft 0.0000  (70s)
  step 3275  JSR  -28.7  loss 1048.0615  logE[BER] -1048.061  P_det_soft 0.0000  (70s)
  step 3300  JSR  -19.7  loss 6.6603  logE[BER] -6.660  P_det_soft 0.0000  (71s)
  step 3325  JSR  -10.8  loss 5.4391  logE[BER] -5.439  P_det_soft 0.0000  (71s)
  step 3350  JSR  -14.3  loss 5.7720  logE[BER] -5.772  P_det_soft 0.0000  (72s)
  step 3375  JSR  -21.6  loss 7.9051  logE[BER] -7.905  P_det_soft 0.0000  (72s)
  step 3400  JSR  -14.7  loss 5.7010  logE[BER] -5.701  P_det_soft 0.0000  (73s)
  step 3425  JSR   -7.5  loss 5.2797  logE[BER] -5.280  P_det_soft 0.0000  (74s)
  step 3450  JSR  -21.4  loss 7.8349  logE[BER] -7.835  P_det_soft 0.0000  (74s)
  step 3475  JSR  -11.7  loss 5.4240  logE[BER] -5.424  P_det_soft 0.0000  (75s)
  step 3500  JSR   -6.6  loss 5.1689  logE[BER] -5.169  P_det_soft 0.0000  (75s)
  step 3525  JSR   -1.6  loss 3.8316  logE[BER] -3.832  P_det_soft 0.0000  (76s)
  step 3550  JSR  -29.7  loss 1291.4528  logE[BER] -1291.453  P_det_soft 0.0000  (76s)
  step 3575  JSR  -13.7  loss 5.5709  logE[BER] -5.571  P_det_soft 0.0000  (77s)
  step 3600  JSR  -30.4  loss 1231.5263  logE[BER] -1231.526  P_det_soft 0.0000  (77s)
  step 3625  JSR  -18.2  loss 6.4576  logE[BER] -6.458  P_det_soft 0.0000  (78s)
  step 3650  JSR  -28.8  loss 947.8098  logE[BER] -947.810  P_det_soft 0.0000  (78s)
  step 3675  JSR   -1.0  loss 3.6750  logE[BER] -3.675  P_det_soft 0.0000  (79s)
  step 3700  JSR  -18.4  loss 6.3097  logE[BER] -6.310  P_det_soft 0.0000  (79s)
  step 3725  JSR  -15.5  loss 5.8886  logE[BER] -5.889  P_det_soft 0.0000  (80s)
  step 3750  JSR  -31.6  loss 1567.7598  logE[BER] -1567.760  P_det_soft 0.0000  (81s)
  step 3775  JSR  -28.1  loss 799.0377  logE[BER] -799.038  P_det_soft 0.0000  (81s)
  step 3800  JSR  -29.6  loss 1089.6834  logE[BER] -1089.683  P_det_soft 0.0000  (82s)
  step 3825  JSR  -27.5  loss 640.8492  logE[BER] -640.849  P_det_soft 0.0000  (82s)
  step 3850  JSR  -19.9  loss 6.6634  logE[BER] -6.663  P_det_soft 0.0000  (83s)
  step 3875  JSR  -26.2  loss 362.9775  logE[BER] -362.977  P_det_soft 0.0000  (83s)
  step 3900  JSR  -13.3  loss 5.5450  logE[BER] -5.545  P_det_soft 0.0000  (84s)
  step 3925  JSR  -19.8  loss 6.7492  logE[BER] -6.749  P_det_soft 0.0000  (84s)
  step 3950  JSR  -20.4  loss 7.0889  logE[BER] -7.089  P_det_soft 0.0000  (85s)
  step 3975  JSR  -16.2  loss 5.9203  logE[BER] -5.920  P_det_soft 0.0000  (85s)
  step 3999  JSR  -10.0  loss 5.3041  logE[BER] -5.304  P_det_soft 0.0000  (86s)
wrote task0_G.pt, task0.json  (tag eff)
