node: tikgpu04.ee.ethz.ch | gpu: NVIDIA TITAN RTX
task 16 = {'target': 'spec_cnn', 'beta': 1000.0}  (tag spec_cnn_b1000, 32 frames/step, JSR band (-48.0, -16.0))
  target spec_cnn: threshold -3.17573, clean-frame std 0.940603 (soft_pdet width)
  step    0  JSR  -38.4  loss 3992.0056  logE[BER] -3789.287  P_det_soft 0.2027  (1s)
  step   25  JSR  -23.2  loss 3496.3853  logE[BER] -2724.735  P_det_soft 0.7717  (3s)
  step   50  JSR  -31.1  loss 3657.3018  logE[BER] -3306.572  P_det_soft 0.3507  (5s)
  step   75  JSR  -46.7  loss 4034.4454  logE[BER] -3851.141  P_det_soft 0.1833  (7s)
  step  100  JSR  -17.8  loss 1010.0910  logE[BER] -30.148  P_det_soft 0.9799  (10s)
  step  125  JSR  -30.1  loss 2712.0969  logE[BER] -2446.730  P_det_soft 0.2654  (12s)
  step  150  JSR  -26.3  loss 1922.5384  logE[BER] -1369.155  P_det_soft 0.5534  (14s)
  step  175  JSR  -28.1  loss 2117.0971  logE[BER] -1666.784  P_det_soft 0.4503  (17s)
  step  200  JSR  -23.1  loss 1268.4431  logE[BER] -418.576  P_det_soft 0.8499  (19s)
  step  225  JSR  -44.4  loss 3749.5340  logE[BER] -3569.994  P_det_soft 0.1795  (21s)
  step  250  JSR  -38.0  loss 3206.3546  logE[BER] -3045.119  P_det_soft 0.1612  (23s)
  step  275  JSR  -18.7  loss 998.1866  logE[BER] -7.584  P_det_soft 0.9906  (26s)
  step  300  JSR  -41.4  loss 3565.9069  logE[BER] -3424.319  P_det_soft 0.1416  (28s)
  step  325  JSR  -31.6  loss 2206.8192  logE[BER] -2004.567  P_det_soft 0.2023  (30s)
  step  350  JSR  -27.3  loss 1924.9746  logE[BER] -1483.381  P_det_soft 0.4416  (33s)
  step  375  JSR  -22.7  loss 1043.9711  logE[BER] -210.153  P_det_soft 0.8338  (35s)
  step  399  JSR  -43.3  loss 3608.7755  logE[BER] -3426.690  P_det_soft 0.1821  (37s)
wrote task16_G.pt, task16.json  (tag spec_cnn_b1000)
