node: artongpu01.ee.ethz.ch | gpu: NVIDIA GeForce RTX 2080 Ti
task 8 = {'target': 'power_two_sided', 'beta': 1000.0}  (tag power_two_sided_b1000, 128 frames/step, JSR band (-32.0, 0.0))
  target power_two_sided: threshold 0.000274786, clean-frame std 8.57379e-05 (soft_pdet width)
  step    0  JSR   -4.4  loss 1106.0311  logE[BER] -106.031  P_det_soft 1.0000  (1s)
  step   25  JSR  -10.6  loss 1007.4186  logE[BER] -7.419  P_det_soft 1.0000  (2s)
  step   50  JSR  -22.2  loss 2725.1686  logE[BER] -1894.287  P_det_soft 0.8309  (3s)
  step   75  JSR  -20.5  loss 2343.4032  logE[BER] -1435.080  P_det_soft 0.9083  (3s)
  step  100  JSR  -30.2  loss 3374.0577  logE[BER] -2914.037  P_det_soft 0.4600  (4s)
  step  125  JSR  -23.6  loss 2928.5011  logE[BER] -2182.725  P_det_soft 0.7458  (5s)
  step  150  JSR  -30.6  loss 3452.3440  logE[BER] -3014.933  P_det_soft 0.4374  (5s)
  step  175  JSR  -18.7  loss 1806.1186  logE[BER] -873.120  P_det_soft 0.9330  (6s)
  step  200  JSR  -27.0  loss 3186.0260  logE[BER] -2625.275  P_det_soft 0.5608  (6s)
  step  225  JSR   -3.0  loss 1003.4438  logE[BER] -3.444  P_det_soft 1.0000  (7s)
  step  250  JSR  -16.3  loss 1201.5699  logE[BER] -221.712  P_det_soft 0.9799  (8s)
  step  275  JSR  -28.5  loss 3335.7590  logE[BER] -2818.748  P_det_soft 0.5170  (8s)
  step  300  JSR   -3.4  loss 1003.7095  logE[BER] -3.710  P_det_soft 1.0000  (9s)
  step  325  JSR  -26.5  loss 2718.8157  logE[BER] -2099.683  P_det_soft 0.6191  (10s)
  step  350  JSR  -23.0  loss 2075.2755  logE[BER] -1342.296  P_det_soft 0.7330  (10s)
  step  375  JSR  -12.8  loss 1010.4165  logE[BER] -10.417  P_det_soft 1.0000  (11s)
  step  400  JSR   -3.2  loss 1003.3520  logE[BER] -3.352  P_det_soft 1.0000  (11s)
  step  425  JSR  -15.6  loss 1198.1438  logE[BER] -216.538  P_det_soft 0.9816  (12s)
  step  450  JSR   -9.4  loss 1007.1703  logE[BER] -7.170  P_det_soft 1.0000  (13s)
  step  475  JSR   -4.4  loss 1004.1785  logE[BER] -4.178  P_det_soft 1.0000  (13s)
  step  500  JSR  -26.9  loss 3208.5655  logE[BER] -2500.550  P_det_soft 0.7080  (14s)
  step  525  JSR   -6.0  loss 1005.5720  logE[BER] -5.572  P_det_soft 1.0000  (15s)
  step  550  JSR  -20.0  loss 1628.9267  logE[BER] -711.451  P_det_soft 0.9175  (15s)
  step  575  JSR  -10.5  loss 1008.0459  logE[BER] -8.046  P_det_soft 1.0000  (16s)
  step  600  JSR   -8.5  loss 1006.8986  logE[BER] -6.899  P_det_soft 1.0000  (16s)
  step  625  JSR  -22.0  loss 2211.7795  logE[BER] -1397.900  P_det_soft 0.8139  (17s)
  step  650  JSR   -8.9  loss 1007.7546  logE[BER] -7.755  P_det_soft 1.0000  (18s)
  step  675  JSR  -22.9  loss 2328.1187  logE[BER] -1530.664  P_det_soft 0.7975  (18s)
  step  700  JSR  -22.4  loss 2242.3566  logE[BER] -1445.135  P_det_soft 0.7972  (19s)
  step  725  JSR   -5.0  loss 1004.6955  logE[BER] -4.695  P_det_soft 1.0000  (20s)
  step  750  JSR   -2.9  loss 1003.1403  logE[BER] -3.140  P_det_soft 1.0000  (20s)
  step  775  JSR   -5.2  loss 1004.7556  logE[BER] -4.756  P_det_soft 1.0000  (21s)
  step  800  JSR   -5.4  loss 1005.1288  logE[BER] -5.129  P_det_soft 1.0000  (22s)
  step  825  JSR  -22.5  loss 2744.1204  logE[BER] -1908.974  P_det_soft 0.8351  (22s)
  step  850  JSR  -24.2  loss 2869.3133  logE[BER] -2115.480  P_det_soft 0.7538  (23s)
  step  875  JSR  -28.6  loss 3108.2700  logE[BER] -2529.406  P_det_soft 0.5789  (23s)
  step  900  JSR  -26.0  loss 2787.4195  logE[BER] -2138.105  P_det_soft 0.6493  (24s)
  step  925  JSR  -20.1  loss 1573.3931  logE[BER] -678.268  P_det_soft 0.8951  (25s)
  step  950  JSR  -20.3  loss 2037.7606  logE[BER] -1170.294  P_det_soft 0.8675  (25s)
  step  975  JSR   -9.6  loss 1007.2341  logE[BER] -7.234  P_det_soft 1.0000  (26s)
  step 1000  JSR  -26.7  loss 2732.9441  logE[BER] -2139.076  P_det_soft 0.5939  (27s)
  step 1025  JSR   -6.8  loss 1006.0431  logE[BER] -6.043  P_det_soft 1.0000  (27s)
  step 1050  JSR   -2.9  loss 1003.2649  logE[BER] -3.265  P_det_soft 1.0000  (28s)
  step 1075  JSR  -14.5  loss 996.4020  logE[BER] -9.696  P_det_soft 0.9867  (28s)
  step 1100  JSR  -27.9  loss 3047.0063  logE[BER] -2410.819  P_det_soft 0.6362  (29s)
  step 1125  JSR  -18.3  loss 1413.9346  logE[BER] -457.754  P_det_soft 0.9562  (30s)
  step 1150  JSR  -30.3  loss 3109.4256  logE[BER] -2710.711  P_det_soft 0.3987  (30s)
  step 1175  JSR  -29.8  loss 2856.6502  logE[BER] -2374.968  P_det_soft 0.4817  (31s)
  step 1200  JSR  -23.7  loss 2558.3586  logE[BER] -1826.290  P_det_soft 0.7321  (32s)
  step 1225  JSR  -12.0  loss 1008.3178  logE[BER] -8.318  P_det_soft 1.0000  (32s)
  step 1250  JSR  -24.2  loss 1923.7082  logE[BER] -1248.953  P_det_soft 0.6748  (33s)
  step 1275  JSR  -19.0  loss 1280.3673  logE[BER] -328.838  P_det_soft 0.9515  (33s)
  step 1300  JSR  -30.6  loss 3205.9780  logE[BER] -2750.944  P_det_soft 0.4550  (34s)
  step 1325  JSR  -27.9  loss 2672.2519  logE[BER] -2071.173  P_det_soft 0.6011  (35s)
  step 1350  JSR  -24.7  loss 2575.2047  logE[BER] -1820.473  P_det_soft 0.7547  (35s)
  step 1375  JSR  -16.8  loss 979.8937  logE[BER] -10.397  P_det_soft 0.9695  (36s)
  step 1400  JSR   -2.3  loss 1003.2017  logE[BER] -3.202  P_det_soft 1.0000  (37s)
  step 1425  JSR  -12.8  loss 1008.6483  logE[BER] -8.648  P_det_soft 1.0000  (37s)
  step 1450  JSR  -14.3  loss 1121.1646  logE[BER] -129.986  P_det_soft 0.9912  (38s)
  step 1475  JSR  -21.3  loss 1765.4224  logE[BER] -886.959  P_det_soft 0.8785  (38s)
  step 1500  JSR  -11.7  loss 1007.6033  logE[BER] -7.944  P_det_soft 0.9997  (39s)
  step 1525  JSR   -2.7  loss 1003.1631  logE[BER] -3.163  P_det_soft 1.0000  (40s)
  step 1550  JSR  -21.1  loss 1283.6535  logE[BER] -442.051  P_det_soft 0.8416  (40s)
  step 1575  JSR  -20.9  loss 1679.4779  logE[BER] -843.162  P_det_soft 0.8363  (41s)
  step 1600  JSR  -30.1  loss 3043.6243  logE[BER] -2563.920  P_det_soft 0.4797  (41s)
  step 1625  JSR  -27.9  loss 2187.5463  logE[BER] -1603.103  P_det_soft 0.5844  (42s)
  step 1650  JSR  -31.4  loss 3320.9897  logE[BER] -2864.679  P_det_soft 0.4563  (43s)
  step 1675  JSR  -18.6  loss 983.5565  logE[BER] -97.919  P_det_soft 0.8856  (43s)
  step 1700  JSR  -23.0  loss 1535.2970  logE[BER] -763.863  P_det_soft 0.7714  (44s)
  step 1725  JSR  -31.0  loss 2769.3150  logE[BER] -2329.815  P_det_soft 0.4395  (45s)
  step 1750  JSR  -29.8  loss 2776.4791  logE[BER] -2318.558  P_det_soft 0.4579  (45s)
  step 1775  JSR  -28.6  loss 2893.5749  logE[BER] -2333.800  P_det_soft 0.5598  (46s)
  step 1800  JSR   -7.5  loss 1006.3471  logE[BER] -6.347  P_det_soft 1.0000  (46s)
  step 1825  JSR  -25.6  loss 2343.5264  logE[BER] -1733.022  P_det_soft 0.6105  (47s)
  step 1850  JSR  -31.6  loss 2986.7584  logE[BER] -2564.429  P_det_soft 0.4223  (48s)
  step 1875  JSR  -16.5  loss 980.2077  logE[BER] -10.397  P_det_soft 0.9698  (48s)
  step 1900  JSR  -30.3  loss 3026.4074  logE[BER] -2544.176  P_det_soft 0.4822  (49s)
  step 1925  JSR  -22.7  loss 1707.4267  logE[BER] -894.007  P_det_soft 0.8134  (50s)
  step 1950  JSR  -22.8  loss 1632.2821  logE[BER] -777.542  P_det_soft 0.8547  (50s)
  step 1975  JSR  -15.1  loss 1008.6735  logE[BER] -8.875  P_det_soft 0.9998  (51s)
  step 2000  JSR  -27.4  loss 2561.9455  logE[BER] -1943.575  P_det_soft 0.6184  (51s)
  step 2025  JSR  -10.4  loss 1006.9740  logE[BER] -6.974  P_det_soft 1.0000  (52s)
  step 2050  JSR  -25.3  loss 2034.8281  logE[BER] -1308.439  P_det_soft 0.7264  (53s)
  step 2075  JSR  -25.7  loss 2394.8497  logE[BER] -1767.265  P_det_soft 0.6276  (53s)
  step 2100  JSR  -13.8  loss 1008.7876  logE[BER] -8.788  P_det_soft 1.0000  (54s)
  step 2125  JSR  -30.2  loss 3005.1413  logE[BER] -2555.050  P_det_soft 0.4501  (55s)
  step 2150  JSR  -24.8  loss 2177.5192  logE[BER] -1478.448  P_det_soft 0.6991  (55s)
  step 2175  JSR  -20.9  loss 1340.0036  logE[BER] -495.733  P_det_soft 0.8443  (56s)
  step 2200  JSR  -22.3  loss 1486.7727  logE[BER] -637.146  P_det_soft 0.8496  (56s)
  step 2225  JSR   -8.0  loss 1006.1478  logE[BER] -6.148  P_det_soft 1.0000  (57s)
  step 2250  JSR  -26.3  loss 2026.3384  logE[BER] -1364.848  P_det_soft 0.6615  (58s)
  step 2275  JSR   -3.1  loss 1003.1959  logE[BER] -3.196  P_det_soft 1.0000  (58s)
  step 2300  JSR  -10.0  loss 1006.8918  logE[BER] -6.892  P_det_soft 1.0000  (59s)
  step 2325  JSR   -7.9  loss 1006.1484  logE[BER] -6.148  P_det_soft 1.0000  (60s)
  step 2350  JSR   -6.1  loss 1005.4352  logE[BER] -5.435  P_det_soft 1.0000  (60s)
  step 2375  JSR  -13.0  loss 1002.8190  logE[BER] -8.356  P_det_soft 0.9945  (61s)
  step 2400  JSR  -19.1  loss 1030.7842  logE[BER] -96.842  P_det_soft 0.9339  (61s)
  step 2425  JSR   -7.9  loss 1006.1768  logE[BER] -6.177  P_det_soft 1.0000  (62s)
  step 2450  JSR  -14.0  loss 1008.1547  logE[BER] -8.214  P_det_soft 0.9999  (63s)
  step 2475  JSR  -15.7  loss 1001.0375  logE[BER] -10.121  P_det_soft 0.9909  (63s)
  step 2500  JSR  -25.9  loss 2414.1011  logE[BER] -1703.365  P_det_soft 0.7107  (64s)
  step 2525  JSR  -30.0  loss 2611.0392  logE[BER] -2112.149  P_det_soft 0.4989  (65s)
  step 2550  JSR  -24.3  loss 1880.1764  logE[BER] -1143.529  P_det_soft 0.7366  (65s)
  step 2575  JSR   -4.4  loss 1004.0250  logE[BER] -4.025  P_det_soft 1.0000  (66s)
  step 2600  JSR   -2.8  loss 1003.1337  logE[BER] -3.134  P_det_soft 1.0000  (66s)
  step 2625  JSR   -5.4  loss 1004.5928  logE[BER] -4.593  P_det_soft 1.0000  (67s)
  step 2650  JSR  -26.9  loss 2638.4479  logE[BER] -1974.003  P_det_soft 0.6644  (68s)
  step 2675  JSR  -16.9  loss 990.9390  logE[BER] -9.704  P_det_soft 0.9812  (68s)
  step 2700  JSR  -31.2  loss 3153.7166  logE[BER] -2739.842  P_det_soft 0.4139  (69s)
  step 2725  JSR   -7.8  loss 1006.0341  logE[BER] -6.034  P_det_soft 1.0000  (69s)
  step 2750  JSR  -14.8  loss 992.9537  logE[BER] -8.928  P_det_soft 0.9840  (70s)
  step 2775  JSR   -6.3  loss 1005.3988  logE[BER] -5.399  P_det_soft 1.0000  (71s)
  step 2800  JSR  -30.9  loss 2768.5834  logE[BER] -2288.657  P_det_soft 0.4799  (71s)
  step 2825  JSR   -5.6  loss 1004.8354  logE[BER] -4.835  P_det_soft 1.0000  (72s)
  step 2850  JSR  -30.2  loss 2787.9694  logE[BER] -2294.538  P_det_soft 0.4934  (73s)
  step 2875  JSR  -15.4  loss 973.7393  logE[BER] -10.397  P_det_soft 0.9633  (73s)
  step 2900  JSR  -21.5  loss 1336.0371  logE[BER] -532.136  P_det_soft 0.8039  (74s)
  step 2925  JSR   -9.9  loss 1006.8851  logE[BER] -6.885  P_det_soft 1.0000  (74s)
  step 2950  JSR   -9.5  loss 1006.2913  logE[BER] -6.291  P_det_soft 1.0000  (75s)
  step 2975  JSR  -30.5  loss 2763.0679  logE[BER] -2301.281  P_det_soft 0.4618  (76s)
  step 3000  JSR  -11.9  loss 1007.3348  logE[BER] -7.335  P_det_soft 1.0000  (76s)
  step 3025  JSR  -17.8  loss 991.5836  logE[BER] -9.704  P_det_soft 0.9819  (77s)
  step 3050  JSR  -26.5  loss 1945.2514  logE[BER] -1270.055  P_det_soft 0.6752  (78s)
  step 3075  JSR   -3.8  loss 1003.5532  logE[BER] -3.553  P_det_soft 1.0000  (78s)
  step 3100  JSR  -11.2  loss 1004.7223  logE[BER] -6.927  P_det_soft 0.9978  (79s)
  step 3125  JSR  -29.2  loss 2730.4792  logE[BER] -2171.334  P_det_soft 0.5591  (79s)
  step 3150  JSR  -30.5  loss 2574.4853  logE[BER] -2115.013  P_det_soft 0.4595  (80s)
  step 3175  JSR   -1.3  loss 1002.5067  logE[BER] -2.507  P_det_soft 1.0000  (81s)
  step 3200  JSR  -14.6  loss 988.2405  logE[BER] -8.317  P_det_soft 0.9799  (81s)
  step 3225  JSR   -1.0  loss 1002.3655  logE[BER] -2.366  P_det_soft 1.0000  (82s)
  step 3250  JSR  -15.2  loss 988.2500  logE[BER] -8.094  P_det_soft 0.9802  (83s)
  step 3275  JSR  -11.8  loss 1007.4876  logE[BER] -7.488  P_det_soft 1.0000  (83s)
  step 3300  JSR   -8.3  loss 1005.9554  logE[BER] -5.955  P_det_soft 1.0000  (84s)
  step 3325  JSR   -0.2  loss 1002.1949  logE[BER] -2.195  P_det_soft 1.0000  (84s)
  step 3350  JSR   -3.5  loss 1003.3919  logE[BER] -3.392  P_det_soft 1.0000  (85s)
  step 3375  JSR  -14.7  loss 991.0357  logE[BER] -8.174  P_det_soft 0.9829  (86s)
  step 3400  JSR  -25.5  loss 1683.9466  logE[BER] -981.712  P_det_soft 0.7022  (86s)
  step 3425  JSR  -28.8  loss 2131.7755  logE[BER] -1629.959  P_det_soft 0.5018  (87s)
  step 3450  JSR   -2.0  loss 1002.7254  logE[BER] -2.725  P_det_soft 1.0000  (87s)
  step 3475  JSR  -10.7  loss 1006.3981  logE[BER] -6.507  P_det_soft 0.9999  (88s)
  step 3500  JSR  -24.0  loss 1434.8085  logE[BER] -670.403  P_det_soft 0.7644  (89s)
  step 3525  JSR   -6.7  loss 1005.2363  logE[BER] -5.236  P_det_soft 1.0000  (89s)
  step 3550  JSR  -16.1  loss 968.8468  logE[BER] -8.891  P_det_soft 0.9600  (90s)
  step 3575  JSR  -24.2  loss 1678.5398  logE[BER] -946.789  P_det_soft 0.7318  (91s)
  step 3600  JSR  -24.7  loss 1623.6166  logE[BER] -907.896  P_det_soft 0.7157  (91s)
  step 3625  JSR  -12.9  loss 986.3953  logE[BER] -7.500  P_det_soft 0.9789  (92s)
  step 3650  JSR   -6.3  loss 1005.0101  logE[BER] -5.010  P_det_soft 1.0000  (92s)
  step 3675  JSR  -17.1  loss 991.6055  logE[BER] -9.011  P_det_soft 0.9826  (93s)
  step 3700  JSR  -10.5  loss 1006.5640  logE[BER] -6.564  P_det_soft 1.0000  (94s)
  step 3725  JSR  -10.6  loss 1006.6071  logE[BER] -6.607  P_det_soft 1.0000  (94s)
  step 3750  JSR   -0.5  loss 1002.2584  logE[BER] -2.258  P_det_soft 1.0000  (95s)
  step 3775  JSR  -11.9  loss 1002.8452  logE[BER] -7.262  P_det_soft 0.9956  (96s)
  step 3800  JSR  -19.8  loss 914.5861  logE[BER] -10.397  P_det_soft 0.9042  (96s)
  step 3825  JSR  -10.5  loss 1006.5256  logE[BER] -6.526  P_det_soft 1.0000  (97s)
  step 3850  JSR  -14.0  loss 1007.5967  logE[BER] -7.597  P_det_soft 1.0000  (97s)
  step 3875  JSR  -11.0  loss 1006.8946  logE[BER] -6.895  P_det_soft 1.0000  (98s)
  step 3900  JSR   -5.4  loss 1004.3986  logE[BER] -4.399  P_det_soft 1.0000  (99s)
  step 3925  JSR  -18.2  loss 928.3238  logE[BER] -10.116  P_det_soft 0.9182  (99s)
  step 3950  JSR   -9.1  loss 1006.2379  logE[BER] -6.238  P_det_soft 1.0000  (100s)
  step 3975  JSR  -18.1  loss 953.7118  logE[BER] -10.397  P_det_soft 0.9433  (101s)
  step 3999  JSR  -12.4  loss 1007.0548  logE[BER] -7.551  P_det_soft 0.9995  (101s)
wrote task8_G.pt, task8.json  (tag power_two_sided_b1000)
