node: tikgpu04.ee.ethz.ch | gpu: NVIDIA TITAN RTX
task 0 = {'target': None, 'beta': 0.0}  (tag eff, 128 frames/step, JSR band (-32.0, 0.0))
  step    0  JSR  -20.6  loss 3095.6083  logE[BER] -3095.608  P_det_soft 0.0000  (1s)
  step   25  JSR  -30.4  loss 2970.1123  logE[BER] -2970.112  P_det_soft 0.0000  (1s)
  step   50  JSR   -4.2  loss 5.5647  logE[BER] -5.565  P_det_soft 0.0000  (2s)
  step   75  JSR  -15.4  loss 113.4154  logE[BER] -113.415  P_det_soft 0.0000  (3s)
  step  100  JSR   -5.6  loss 5.5594  logE[BER] -5.559  P_det_soft 0.0000  (3s)
  step  125  JSR  -24.5  loss 1935.8173  logE[BER] -1935.817  P_det_soft 0.0000  (4s)
  step  150  JSR   -1.5  loss 4.8488  logE[BER] -4.849  P_det_soft 0.0000  (4s)
  step  175  JSR  -19.0  loss 650.0283  logE[BER] -650.028  P_det_soft 0.0000  (5s)
  step  200  JSR  -14.9  loss 10.3986  logE[BER] -10.399  P_det_soft 0.0000  (5s)
  step  225  JSR  -30.6  loss 2862.3305  logE[BER] -2862.331  P_det_soft 0.0000  (6s)
  step  250  JSR   -2.5  loss 4.9342  logE[BER] -4.934  P_det_soft 0.0000  (6s)
  step  275  JSR   -9.9  loss 6.8102  logE[BER] -6.810  P_det_soft 0.0000  (7s)
  step  300  JSR  -21.7  loss 1015.5616  logE[BER] -1015.562  P_det_soft 0.0000  (7s)
  step  325  JSR  -22.6  loss 1617.1286  logE[BER] -1617.129  P_det_soft 0.0000  (8s)
  step  350  JSR  -18.3  loss 602.4959  logE[BER] -602.496  P_det_soft 0.0000  (8s)
  step  375  JSR  -19.2  loss 282.6069  logE[BER] -282.607  P_det_soft 0.0000  (9s)
  step  399  JSR  -16.9  loss 345.5206  logE[BER] -345.521  P_det_soft 0.0000  (9s)
wrote task0_G.pt, task0.json  (tag eff)
