node: tikgpu05.ee.ethz.ch | gpu: NVIDIA TITAN RTX
task 7 = {'target': 'power_two_sided', 'beta': 100.0}  (tag power_two_sided_b100, 128 frames/step, JSR band (-32.0, 0.0))
  target power_two_sided: threshold 0.000274786, clean-frame std 8.44455e-05 (soft_pdet width)
  step    0  JSR  -20.6  loss 2378.2314  logE[BER] -2292.861  P_det_soft 0.8537  (1s)
  step   25  JSR   -9.7  loss 106.9880  logE[BER] -6.988  P_det_soft 1.0000  (2s)
  step   50  JSR  -22.7  loss 565.6876  logE[BER] -486.226  P_det_soft 0.7946  (2s)
  step   75  JSR  -24.1  loss 415.6702  logE[BER] -341.327  P_det_soft 0.7434  (3s)
  step  100  JSR  -20.2  loss 103.0195  logE[BER] -10.296  P_det_soft 0.9272  (3s)
  step  125  JSR  -24.5  loss 471.0903  logE[BER] -391.150  P_det_soft 0.7994  (4s)
  step  150  JSR   -3.4  loss 103.4815  logE[BER] -3.481  P_det_soft 1.0000  (4s)
  step  175  JSR   -2.3  loss 103.1976  logE[BER] -3.198  P_det_soft 1.0000  (5s)
  step  200  JSR   -6.0  loss 104.6326  logE[BER] -4.633  P_det_soft 1.0000  (5s)
  step  225  JSR  -30.4  loss 1732.8467  logE[BER] -1679.242  P_det_soft 0.5360  (6s)
  step  250  JSR   -5.5  loss 104.5767  logE[BER] -4.577  P_det_soft 1.0000  (6s)
  step  275  JSR   -6.1  loss 104.8733  logE[BER] -4.873  P_det_soft 1.0000  (7s)
  step  300  JSR   -9.1  loss 105.4986  logE[BER] -5.499  P_det_soft 1.0000  (7s)
  step  325  JSR  -26.2  loss 724.1655  logE[BER] -658.957  P_det_soft 0.6521  (8s)
  step  350  JSR  -26.3  loss 739.6073  logE[BER] -669.297  P_det_soft 0.7031  (8s)
  step  375  JSR  -22.9  loss 152.4190  logE[BER] -71.687  P_det_soft 0.8073  (9s)
  step  400  JSR  -14.2  loss 105.1826  logE[BER] -5.927  P_det_soft 0.9926  (9s)
  step  425  JSR  -28.1  loss 1336.5945  logE[BER] -1273.825  P_det_soft 0.6277  (10s)
  step  450  JSR  -23.3  loss 152.8301  logE[BER] -75.369  P_det_soft 0.7746  (10s)
  step  475  JSR   -7.1  loss 105.0790  logE[BER] -5.079  P_det_soft 1.0000  (11s)
  step  500  JSR  -31.3  loss 1767.4071  logE[BER] -1717.122  P_det_soft 0.5029  (11s)
  step  525  JSR  -11.8  loss 105.6958  logE[BER] -5.696  P_det_soft 1.0000  (12s)
  step  550  JSR  -23.3  loss 179.5133  logE[BER] -103.184  P_det_soft 0.7633  (12s)
  step  575  JSR  -16.1  loss 106.3231  logE[BER] -6.339  P_det_soft 0.9998  (13s)
  step  600  JSR  -14.9  loss 105.9975  logE[BER] -6.021  P_det_soft 0.9998  (13s)
  step  625  JSR  -28.0  loss 1009.4126  logE[BER] -945.724  P_det_soft 0.6369  (14s)
  step  650  JSR   -8.1  loss 105.3822  logE[BER] -5.382  P_det_soft 1.0000  (15s)
  step  675  JSR  -28.0  loss 998.9740  logE[BER] -933.008  P_det_soft 0.6597  (15s)
  step  700  JSR   -5.0  loss 104.6584  logE[BER] -4.658  P_det_soft 1.0000  (16s)
  step  725  JSR  -11.1  loss 105.4432  logE[BER] -5.443  P_det_soft 1.0000  (16s)
  step  750  JSR  -11.2  loss 105.5530  logE[BER] -5.553  P_det_soft 1.0000  (17s)
  step  775  JSR  -30.2  loss 1661.0467  logE[BER] -1609.516  P_det_soft 0.5153  (17s)
  step  800  JSR  -31.3  loss 1655.6124  logE[BER] -1605.789  P_det_soft 0.4982  (18s)
  step  825  JSR  -30.0  loss 1471.4376  logE[BER] -1417.001  P_det_soft 0.5444  (18s)
  step  850  JSR  -29.3  loss 1103.5302  logE[BER] -1041.648  P_det_soft 0.6188  (19s)
  step  875  JSR  -29.0  loss 1197.8950  logE[BER] -1141.026  P_det_soft 0.5687  (19s)
  step  900  JSR  -23.8  loss 145.7768  logE[BER] -65.216  P_det_soft 0.8056  (20s)
  step  925  JSR  -31.8  loss 1940.9331  logE[BER] -1895.966  P_det_soft 0.4497  (20s)
  step  950  JSR  -28.3  loss 954.4790  logE[BER] -888.802  P_det_soft 0.6568  (21s)
  step  975  JSR  -18.9  loss 101.8204  logE[BER] -7.017  P_det_soft 0.9480  (21s)
  step 1000  JSR  -25.2  loss 366.4084  logE[BER] -293.544  P_det_soft 0.7286  (22s)
  step 1025  JSR  -29.5  loss 1416.5833  logE[BER] -1358.506  P_det_soft 0.5808  (22s)
  step 1050  JSR   -8.8  loss 105.4235  logE[BER] -5.424  P_det_soft 1.0000  (23s)
  step 1075  JSR  -25.1  loss 278.5304  logE[BER] -204.978  P_det_soft 0.7355  (23s)
  step 1100  JSR  -14.2  loss 105.8640  logE[BER] -5.864  P_det_soft 1.0000  (24s)
  step 1125  JSR   -9.2  loss 105.3482  logE[BER] -5.348  P_det_soft 1.0000  (24s)
  step 1150  JSR  -11.0  loss 105.4832  logE[BER] -5.483  P_det_soft 1.0000  (25s)
  step 1175  JSR   -5.2  loss 104.7156  logE[BER] -4.716  P_det_soft 1.0000  (25s)
  step 1200  JSR  -31.5  loss 1689.6421  logE[BER] -1645.834  P_det_soft 0.4381  (26s)
  step 1225  JSR   -5.9  loss 104.9801  logE[BER] -4.980  P_det_soft 1.0000  (27s)
  step 1250  JSR  -26.8  loss 607.9153  logE[BER] -541.362  P_det_soft 0.6655  (27s)
  step 1275  JSR   -3.1  loss 104.1164  logE[BER] -4.116  P_det_soft 1.0000  (28s)
  step 1300  JSR   -3.8  loss 104.3213  logE[BER] -4.321  P_det_soft 1.0000  (28s)
  step 1325  JSR  -13.7  loss 105.8328  logE[BER] -5.833  P_det_soft 1.0000  (29s)
  step 1350  JSR  -16.8  loss 105.7936  logE[BER] -6.325  P_det_soft 0.9947  (29s)
  step 1375  JSR   -3.3  loss 104.2501  logE[BER] -4.250  P_det_soft 1.0000  (30s)
  step 1400  JSR   -8.1  loss 105.2506  logE[BER] -5.251  P_det_soft 1.0000  (30s)
  step 1425  JSR  -22.0  loss 92.8361  logE[BER] -8.622  P_det_soft 0.8421  (31s)
  step 1450  JSR   -9.9  loss 105.5068  logE[BER] -5.507  P_det_soft 1.0000  (31s)
  step 1475  JSR  -22.3  loss 96.2265  logE[BER] -11.607  P_det_soft 0.8462  (32s)
  step 1500  JSR   -9.1  loss 105.3837  logE[BER] -5.384  P_det_soft 1.0000  (32s)
  step 1525  JSR  -13.3  loss 105.7367  logE[BER] -5.737  P_det_soft 1.0000  (33s)
  step 1550  JSR   -9.9  loss 105.3221  logE[BER] -5.322  P_det_soft 1.0000  (33s)
  step 1575  JSR  -27.1  loss 792.3923  logE[BER] -722.598  P_det_soft 0.6979  (34s)
  step 1600  JSR   -2.7  loss 104.0753  logE[BER] -4.075  P_det_soft 1.0000  (34s)
  step 1625  JSR  -12.6  loss 105.5012  logE[BER] -5.501  P_det_soft 1.0000  (35s)
  step 1650  JSR  -20.6  loss 104.0095  logE[BER] -7.321  P_det_soft 0.9669  (35s)
  step 1675  JSR  -31.7  loss 1670.1648  logE[BER] -1625.631  P_det_soft 0.4453  (36s)
  step 1700  JSR   -1.2  loss 103.6036  logE[BER] -3.604  P_det_soft 1.0000  (36s)
  step 1725  JSR  -28.2  loss 990.4574  logE[BER] -925.219  P_det_soft 0.6524  (37s)
  step 1750  JSR   -9.5  loss 105.4389  logE[BER] -5.439  P_det_soft 1.0000  (37s)
  step 1775  JSR  -29.9  loss 1316.9833  logE[BER] -1259.514  P_det_soft 0.5747  (38s)
  step 1800  JSR  -15.1  loss 105.0837  logE[BER] -5.838  P_det_soft 0.9925  (39s)
  step 1825  JSR  -19.9  loss 98.1528  logE[BER] -6.771  P_det_soft 0.9138  (39s)
  step 1850  JSR   -6.4  loss 104.9857  logE[BER] -4.986  P_det_soft 1.0000  (40s)
  step 1875  JSR  -19.6  loss 99.0921  logE[BER] -6.694  P_det_soft 0.9240  (40s)
  step 1900  JSR  -21.8  loss 94.8790  logE[BER] -8.102  P_det_soft 0.8678  (41s)
  step 1925  JSR  -24.7  loss 228.1938  logE[BER] -149.097  P_det_soft 0.7910  (41s)
  step 1950  JSR  -31.5  loss 1630.9233  logE[BER] -1579.018  P_det_soft 0.5190  (42s)
  step 1975  JSR   -5.7  loss 104.8697  logE[BER] -4.870  P_det_soft 1.0000  (42s)
  step 2000  JSR   -3.2  loss 104.2417  logE[BER] -4.242  P_det_soft 1.0000  (43s)
  step 2025  JSR  -29.9  loss 1212.0745  logE[BER] -1154.454  P_det_soft 0.5762  (43s)
  step 2050  JSR  -31.3  loss 1589.3278  logE[BER] -1539.918  P_det_soft 0.4941  (44s)
  step 2075  JSR  -15.2  loss 105.1543  logE[BER] -5.846  P_det_soft 0.9931  (44s)
  step 2100  JSR   -6.4  loss 104.9945  logE[BER] -4.994  P_det_soft 1.0000  (45s)
  step 2125  JSR   -9.6  loss 105.4135  logE[BER] -5.414  P_det_soft 1.0000  (45s)
  step 2150  JSR   -1.7  loss 103.7785  logE[BER] -3.778  P_det_soft 1.0000  (46s)
  step 2175  JSR  -16.6  loss 104.0930  logE[BER] -6.075  P_det_soft 0.9802  (46s)
  step 2200  JSR   -4.5  loss 104.6511  logE[BER] -4.651  P_det_soft 1.0000  (47s)
  step 2225  JSR  -15.8  loss 104.6962  logE[BER] -5.879  P_det_soft 0.9882  (47s)
  step 2250  JSR  -28.5  loss 919.9083  logE[BER] -856.549  P_det_soft 0.6336  (48s)
  step 2275  JSR  -31.2  loss 1587.6796  logE[BER] -1538.214  P_det_soft 0.4947  (48s)
  step 2300  JSR   -4.4  loss 104.5896  logE[BER] -4.590  P_det_soft 1.0000  (49s)
  step 2325  JSR  -26.4  loss 482.5057  logE[BER] -414.797  P_det_soft 0.6771  (50s)
  step 2350  JSR  -26.4  loss 525.7513  logE[BER] -455.055  P_det_soft 0.7070  (50s)
  step 2375  JSR   -2.0  loss 103.8860  logE[BER] -3.886  P_det_soft 1.0000  (51s)
  step 2400  JSR   -9.7  loss 105.3433  logE[BER] -5.343  P_det_soft 1.0000  (51s)
  step 2425  JSR   -0.0  loss 103.1535  logE[BER] -3.154  P_det_soft 1.0000  (52s)
  step 2450  JSR   -4.3  loss 104.5640  logE[BER] -4.564  P_det_soft 1.0000  (52s)
  step 2475  JSR   -1.1  loss 103.5943  logE[BER] -3.594  P_det_soft 1.0000  (53s)
  step 2500  JSR   -4.5  loss 104.6268  logE[BER] -4.627  P_det_soft 1.0000  (53s)
  step 2525  JSR   -0.1  loss 103.3481  logE[BER] -3.348  P_det_soft 1.0000  (54s)
  step 2550  JSR  -14.5  loss 105.7189  logE[BER] -5.719  P_det_soft 1.0000  (54s)
  step 2575  JSR  -14.9  loss 105.7451  logE[BER] -5.811  P_det_soft 0.9993  (55s)
  step 2600  JSR  -30.6  loss 1386.8633  logE[BER] -1335.666  P_det_soft 0.5120  (55s)
  step 2625  JSR  -23.6  loss 126.3025  logE[BER] -44.405  P_det_soft 0.8190  (56s)
  step 2650  JSR   -7.5  loss 105.3009  logE[BER] -5.301  P_det_soft 1.0000  (56s)
  step 2675  JSR  -24.3  loss 183.3519  logE[BER] -100.811  P_det_soft 0.8254  (57s)
  step 2700  JSR  -20.0  loss 103.0168  logE[BER] -7.357  P_det_soft 0.9566  (57s)
  step 2725  JSR  -31.8  loss 1679.9568  logE[BER] -1626.030  P_det_soft 0.5393  (58s)
  step 2750  JSR   -8.7  loss 105.2741  logE[BER] -5.274  P_det_soft 1.0000  (58s)
  step 2775  JSR  -31.2  loss 1564.1989  logE[BER] -1516.034  P_det_soft 0.4817  (59s)
  step 2800  JSR   -3.8  loss 104.4334  logE[BER] -4.433  P_det_soft 1.0000  (59s)
  step 2825  JSR  -17.9  loss 104.4066  logE[BER] -6.307  P_det_soft 0.9810  (60s)
  step 2850  JSR   -6.8  loss 105.0143  logE[BER] -5.014  P_det_soft 1.0000  (61s)
  step 2875  JSR  -18.8  loss 102.2819  logE[BER] -6.641  P_det_soft 0.9564  (61s)
  step 2900  JSR  -29.6  loss 1243.7876  logE[BER] -1187.625  P_det_soft 0.5616  (62s)
  step 2925  JSR   -0.3  loss 103.3774  logE[BER] -3.377  P_det_soft 1.0000  (62s)
  step 2950  JSR  -18.5  loss 100.1873  logE[BER] -6.256  P_det_soft 0.9393  (63s)
  step 2975  JSR  -22.1  loss 95.1819  logE[BER] -8.998  P_det_soft 0.8618  (63s)
  step 3000  JSR   -8.5  loss 105.3642  logE[BER] -5.364  P_det_soft 1.0000  (64s)
  step 3025  JSR  -13.5  loss 105.7079  logE[BER] -5.708  P_det_soft 1.0000  (64s)
  step 3050  JSR  -29.8  loss 1260.9820  logE[BER] -1205.112  P_det_soft 0.5587  (65s)
  step 3075  JSR  -19.8  loss 96.8360  logE[BER] -6.990  P_det_soft 0.8985  (65s)
  step 3100  JSR  -12.2  loss 105.6227  logE[BER] -5.623  P_det_soft 1.0000  (66s)
  step 3125  JSR   -3.8  loss 104.5679  logE[BER] -4.568  P_det_soft 1.0000  (66s)
  step 3150  JSR   -7.0  loss 105.0138  logE[BER] -5.014  P_det_soft 1.0000  (67s)
  step 3175  JSR  -21.8  loss 87.9059  logE[BER] -7.793  P_det_soft 0.8011  (67s)
  step 3200  JSR  -26.1  loss 458.5433  logE[BER] -381.974  P_det_soft 0.7657  (68s)
  step 3225  JSR   -5.3  loss 104.9385  logE[BER] -4.938  P_det_soft 1.0000  (68s)
  step 3250  JSR  -31.5  loss 1602.5878  logE[BER] -1561.587  P_det_soft 0.4100  (69s)
  step 3275  JSR  -26.2  loss 412.0455  logE[BER] -340.385  P_det_soft 0.7166  (69s)
  step 3300  JSR  -27.6  loss 817.0062  logE[BER] -749.060  P_det_soft 0.6795  (70s)
  step 3325  JSR  -18.5  loss 104.3193  logE[BER] -6.359  P_det_soft 0.9796  (71s)
  step 3350  JSR  -11.8  loss 105.5154  logE[BER] -5.515  P_det_soft 1.0000  (71s)
  step 3375  JSR   -4.7  loss 104.7575  logE[BER] -4.757  P_det_soft 1.0000  (72s)
  step 3400  JSR  -14.7  loss 105.1642  logE[BER] -5.782  P_det_soft 0.9938  (72s)
  step 3425  JSR  -20.4  loss 102.3154  logE[BER] -7.511  P_det_soft 0.9480  (73s)
  step 3450  JSR  -22.5  loss 91.3550  logE[BER] -8.793  P_det_soft 0.8256  (73s)
  step 3475  JSR  -23.5  loss 91.8124  logE[BER] -14.879  P_det_soft 0.7693  (74s)
  step 3500  JSR  -12.2  loss 105.5921  logE[BER] -5.592  P_det_soft 1.0000  (74s)
  step 3525  JSR  -15.1  loss 105.7323  logE[BER] -5.732  P_det_soft 1.0000  (75s)
  step 3550  JSR  -17.3  loss 105.1288  logE[BER] -6.034  P_det_soft 0.9910  (75s)
  step 3575  JSR   -1.5  loss 103.6736  logE[BER] -3.674  P_det_soft 1.0000  (76s)
  step 3600  JSR   -7.0  loss 105.1467  logE[BER] -5.147  P_det_soft 1.0000  (76s)
  step 3625  JSR   -9.9  loss 105.4569  logE[BER] -5.457  P_det_soft 1.0000  (77s)
  step 3650  JSR  -27.9  loss 727.6390  logE[BER] -664.741  P_det_soft 0.6290  (77s)
  step 3675  JSR  -28.9  loss 1000.9226  logE[BER] -944.363  P_det_soft 0.5656  (78s)
  step 3700  JSR   -7.4  loss 105.1453  logE[BER] -5.145  P_det_soft 1.0000  (78s)
  step 3725  JSR  -25.4  loss 312.5311  logE[BER] -240.814  P_det_soft 0.7172  (79s)
  step 3750  JSR   -8.1  loss 105.1732  logE[BER] -5.173  P_det_soft 1.0000  (80s)
  step 3775  JSR  -26.0  loss 490.6770  logE[BER] -417.561  P_det_soft 0.7312  (80s)
  step 3800  JSR  -22.8  loss 99.6682  logE[BER] -15.615  P_det_soft 0.8405  (81s)
  step 3825  JSR  -10.5  loss 105.5062  logE[BER] -5.506  P_det_soft 1.0000  (81s)
  step 3850  JSR  -29.1  loss 952.8054  logE[BER] -894.797  P_det_soft 0.5801  (82s)
  step 3875  JSR  -21.9  loss 92.0797  logE[BER] -8.080  P_det_soft 0.8400  (82s)
  step 3900  JSR  -21.7  loss 95.9443  logE[BER] -8.221  P_det_soft 0.8772  (83s)
  step 3925  JSR  -29.7  loss 1216.2431  logE[BER] -1159.402  P_det_soft 0.5684  (83s)
  step 3950  JSR  -23.1  loss 90.5817  logE[BER] -10.145  P_det_soft 0.8044  (84s)
  step 3975  JSR  -10.9  loss 105.4437  logE[BER] -5.444  P_det_soft 1.0000  (84s)
  step 3999  JSR   -3.1  loss 104.3521  logE[BER] -4.352  P_det_soft 1.0000  (85s)
wrote task7_G.pt, task7.json  (tag power_two_sided_b100)
