node: tikgpu09.ee.ethz.ch | gpu: NVIDIA GeForce RTX 3090
task 14 = {'target': 'spec_cnn', 'beta': 10.0}  (tag spec_cnn_b10, 32 frames/step, JSR band (-48.0, -16.0))
  target spec_cnn: threshold -3.17573, clean-frame std 0.949107 (soft_pdet width)
  step    0  JSR  -25.0  loss 3087.2516  logE[BER] -3078.438  P_det_soft 0.8814  (1s)
  step   25  JSR  -27.2  loss 2355.8050  logE[BER] -2350.989  P_det_soft 0.4816  (3s)
  step   50  JSR  -21.0  loss 140.3799  logE[BER] -131.609  P_det_soft 0.8771  (4s)
  step   75  JSR  -46.1  loss 3593.2900  logE[BER] -3591.575  P_det_soft 0.1715  (6s)
  step  100  JSR  -36.9  loss 2758.9957  logE[BER] -2756.088  P_det_soft 0.2908  (8s)
  step  125  JSR  -43.8  loss 3513.2297  logE[BER] -3511.746  P_det_soft 0.1484  (9s)
  step  150  JSR  -44.3  loss 3491.1969  logE[BER] -3489.297  P_det_soft 0.1899  (11s)
  step  175  JSR  -22.8  loss 103.2680  logE[BER] -95.371  P_det_soft 0.7897  (13s)
  step  200  JSR  -39.5  loss 3086.5151  logE[BER] -3084.985  P_det_soft 0.1531  (14s)
  step  225  JSR  -40.2  loss 3170.8479  logE[BER] -3169.327  P_det_soft 0.1521  (16s)
  step  250  JSR  -26.6  loss 722.0722  logE[BER] -717.117  P_det_soft 0.4955  (18s)
  step  275  JSR  -22.0  loss 43.0897  logE[BER] -34.981  P_det_soft 0.8108  (19s)
  step  300  JSR  -45.7  loss 3548.5576  logE[BER] -3547.348  P_det_soft 0.1210  (21s)
  step  325  JSR  -45.2  loss 3550.7545  logE[BER] -3548.518  P_det_soft 0.2236  (22s)
  step  350  JSR  -22.6  loss 77.9591  logE[BER] -71.346  P_det_soft 0.6613  (24s)
  step  375  JSR  -34.3  loss 2310.5634  logE[BER] -2308.177  P_det_soft 0.2387  (26s)
  step  400  JSR  -25.9  loss 455.3112  logE[BER] -450.287  P_det_soft 0.5024  (27s)
  step  425  JSR  -46.2  loss 3543.2227  logE[BER] -3541.560  P_det_soft 0.1662  (29s)
  step  450  JSR  -17.8  loss 15.7049  logE[BER] -6.454  P_det_soft 0.9251  (31s)
  step  475  JSR  -28.5  loss 1077.1503  logE[BER] -1073.441  P_det_soft 0.3709  (33s)
  step  500  JSR  -41.7  loss 3235.9688  logE[BER] -3234.413  P_det_soft 0.1556  (34s)
  step  525  JSR  -34.7  loss 2337.0341  logE[BER] -2334.937  P_det_soft 0.2097  (36s)
  step  550  JSR  -22.9  loss 84.1064  logE[BER] -77.541  P_det_soft 0.6565  (38s)
  step  575  JSR  -21.6  loss 15.4468  logE[BER] -8.084  P_det_soft 0.7363  (39s)
  step  600  JSR  -24.1  loss 181.6504  logE[BER] -176.653  P_det_soft 0.4998  (41s)
  step  625  JSR  -16.9  loss 15.6332  logE[BER] -6.127  P_det_soft 0.9506  (43s)
  step  650  JSR  -28.9  loss 1360.8513  logE[BER] -1358.268  P_det_soft 0.2584  (45s)
  step  675  JSR  -24.1  loss 107.6222  logE[BER] -102.781  P_det_soft 0.4841  (46s)
  step  700  JSR  -37.5  loss 2680.5332  logE[BER] -2678.795  P_det_soft 0.1738  (48s)
  step  725  JSR  -22.3  loss 46.3636  logE[BER] -40.110  P_det_soft 0.6254  (50s)
  step  750  JSR  -28.0  loss 987.4132  logE[BER] -984.564  P_det_soft 0.2850  (51s)
  step  775  JSR  -16.2  loss 15.4992  logE[BER] -5.883  P_det_soft 0.9616  (53s)
  step  800  JSR  -46.6  loss 3546.8966  logE[BER] -3545.224  P_det_soft 0.1673  (55s)
  step  825  JSR  -16.8  loss 15.9826  logE[BER] -6.469  P_det_soft 0.9513  (57s)
  step  850  JSR  -35.5  loss 2435.9925  logE[BER] -2433.721  P_det_soft 0.2271  (58s)
  step  875  JSR  -32.1  loss 1926.5783  logE[BER] -1924.790  P_det_soft 0.1788  (60s)
  step  900  JSR  -41.4  loss 3229.4108  logE[BER] -3227.896  P_det_soft 0.1514  (62s)
  step  925  JSR  -35.7  loss 2422.6949  logE[BER] -2421.323  P_det_soft 0.1372  (64s)
  step  950  JSR  -30.2  loss 1530.8872  logE[BER] -1528.576  P_det_soft 0.2311  (65s)
  step  975  JSR  -44.2  loss 3424.5883  logE[BER] -3423.097  P_det_soft 0.1491  (67s)
  step 1000  JSR  -34.2  loss 2135.3036  logE[BER] -2133.419  P_det_soft 0.1885  (69s)
  step 1025  JSR  -25.2  loss 230.1529  logE[BER] -225.491  P_det_soft 0.4662  (71s)
  step 1050  JSR  -43.8  loss 3447.1763  logE[BER] -3445.651  P_det_soft 0.1525  (73s)
  step 1075  JSR  -34.3  loss 2195.6619  logE[BER] -2193.633  P_det_soft 0.2029  (74s)
  step 1100  JSR  -47.8  loss 3611.9483  logE[BER] -3610.064  P_det_soft 0.1884  (76s)
  step 1125  JSR  -23.0  loss 35.0063  logE[BER] -29.387  P_det_soft 0.5620  (78s)
  step 1150  JSR  -21.4  loss 14.2806  logE[BER] -7.222  P_det_soft 0.7059  (80s)
  step 1175  JSR  -35.8  loss 2366.6949  logE[BER] -2364.405  P_det_soft 0.2290  (82s)
  step 1200  JSR  -21.7  loss 15.3215  logE[BER] -8.231  P_det_soft 0.7090  (84s)
  step 1225  JSR  -19.9  loss 14.6959  logE[BER] -6.526  P_det_soft 0.8170  (85s)
  step 1250  JSR  -20.2  loss 14.9039  logE[BER] -6.822  P_det_soft 0.8082  (87s)
  step 1275  JSR  -32.9  loss 1859.5077  logE[BER] -1857.044  P_det_soft 0.2464  (89s)
  step 1300  JSR  -24.3  loss 167.2539  logE[BER] -161.603  P_det_soft 0.5651  (91s)
  step 1325  JSR  -30.4  loss 1199.0297  logE[BER] -1196.719  P_det_soft 0.2311  (93s)
  step 1350  JSR  -41.5  loss 3080.7681  logE[BER] -3078.422  P_det_soft 0.2346  (95s)
  step 1375  JSR  -36.2  loss 2617.7277  logE[BER] -2615.912  P_det_soft 0.1815  (96s)
  step 1400  JSR  -32.1  loss 1882.8341  logE[BER] -1880.454  P_det_soft 0.2380  (98s)
  step 1425  JSR  -44.2  loss 3373.7629  logE[BER] -3372.079  P_det_soft 0.1684  (100s)
  step 1450  JSR  -38.7  loss 2932.8878  logE[BER] -2931.079  P_det_soft 0.1809  (102s)
  step 1475  JSR  -36.0  loss 2447.1668  logE[BER] -2445.549  P_det_soft 0.1618  (104s)
  step 1500  JSR  -46.5  loss 3536.9426  logE[BER] -3535.701  P_det_soft 0.1241  (106s)
  step 1525  JSR  -32.2  loss 1678.9225  logE[BER] -1676.766  P_det_soft 0.2157  (108s)
  step 1550  JSR  -46.5  loss 3508.5503  logE[BER] -3506.905  P_det_soft 0.1646  (109s)
  step 1575  JSR  -40.2  loss 3044.9345  logE[BER] -3043.119  P_det_soft 0.1816  (111s)
  step 1600  JSR  -34.3  loss 2205.7539  logE[BER] -2204.130  P_det_soft 0.1623  (113s)
  step 1625  JSR  -27.7  loss 838.6413  logE[BER] -834.958  P_det_soft 0.3684  (115s)
  step 1650  JSR  -40.2  loss 3011.3856  logE[BER] -3009.282  P_det_soft 0.2104  (117s)
  step 1675  JSR  -19.3  loss 14.8167  logE[BER] -6.685  P_det_soft 0.8132  (119s)
  step 1700  JSR  -34.1  loss 2041.6317  logE[BER] -2039.223  P_det_soft 0.2408  (121s)
  step 1725  JSR  -37.7  loss 2816.3121  logE[BER] -2813.858  P_det_soft 0.2454  (123s)
  step 1750  JSR  -41.1  loss 3083.2696  logE[BER] -3081.742  P_det_soft 0.1527  (125s)
  step 1775  JSR  -38.6  loss 2826.3334  logE[BER] -2823.596  P_det_soft 0.2737  (127s)
  step 1800  JSR  -38.6  loss 2764.4284  logE[BER] -2762.705  P_det_soft 0.1724  (128s)
  step 1825  JSR  -44.6  loss 3415.3874  logE[BER] -3413.368  P_det_soft 0.2020  (130s)
  step 1850  JSR  -27.1  loss 646.9172  logE[BER] -643.637  P_det_soft 0.3280  (132s)
  step 1875  JSR  -35.9  loss 2448.2215  logE[BER] -2446.348  P_det_soft 0.1873  (134s)
  step 1900  JSR  -16.1  loss 15.2742  logE[BER] -5.789  P_det_soft 0.9485  (136s)
  step 1925  JSR  -40.5  loss 3037.8797  logE[BER] -3036.075  P_det_soft 0.1805  (138s)
  step 1950  JSR  -25.2  loss 276.5459  logE[BER] -272.416  P_det_soft 0.4130  (140s)
  step 1975  JSR  -23.2  loss 39.8568  logE[BER] -33.800  P_det_soft 0.6057  (142s)
  step 2000  JSR  -27.3  loss 960.1603  logE[BER] -956.839  P_det_soft 0.3322  (144s)
  step 2025  JSR  -33.1  loss 1953.5064  logE[BER] -1951.920  P_det_soft 0.1586  (146s)
  step 2050  JSR  -31.8  loss 1617.9879  logE[BER] -1615.372  P_det_soft 0.2615  (148s)
  step 2075  JSR  -23.0  loss 15.6037  logE[BER] -9.385  P_det_soft 0.6219  (150s)
  step 2100  JSR  -27.7  loss 883.5716  logE[BER] -880.350  P_det_soft 0.3221  (152s)
  step 2125  JSR  -20.8  loss 14.4005  logE[BER] -7.386  P_det_soft 0.7015  (154s)
  step 2150  JSR  -39.3  loss 3055.4975  logE[BER] -3054.012  P_det_soft 0.1486  (156s)
  step 2175  JSR  -39.2  loss 2840.2987  logE[BER] -2838.316  P_det_soft 0.1982  (158s)
  step 2200  JSR  -35.2  loss 2420.8784  logE[BER] -2419.341  P_det_soft 0.1537  (160s)
  step 2225  JSR  -31.6  loss 1634.2221  logE[BER] -1632.045  P_det_soft 0.2177  (162s)
  step 2250  JSR  -46.4  loss 3520.4835  logE[BER] -3518.924  P_det_soft 0.1560  (164s)
  step 2275  JSR  -25.7  loss 369.4908  logE[BER] -365.559  P_det_soft 0.3932  (166s)
  step 2300  JSR  -39.2  loss 2929.2872  logE[BER] -2927.373  P_det_soft 0.1914  (168s)
  step 2325  JSR  -40.4  loss 3009.2132  logE[BER] -3007.131  P_det_soft 0.2082  (170s)
  step 2350  JSR  -20.9  loss 13.9277  logE[BER] -7.222  P_det_soft 0.6705  (172s)
  step 2375  JSR  -16.9  loss 15.2890  logE[BER] -5.920  P_det_soft 0.9369  (174s)
  step 2400  JSR  -28.0  loss 804.0125  logE[BER] -801.237  P_det_soft 0.2775  (176s)
  step 2425  JSR  -22.8  loss 14.9045  logE[BER] -9.058  P_det_soft 0.5846  (178s)
  step 2450  JSR  -29.3  loss 1028.5312  logE[BER] -1026.025  P_det_soft 0.2506  (179s)
  step 2475  JSR  -44.3  loss 3354.9509  logE[BER] -3353.102  P_det_soft 0.1849  (181s)
  step 2500  JSR  -28.8  loss 1002.7278  logE[BER] -999.986  P_det_soft 0.2742  (183s)
  step 2525  JSR  -42.5  loss 3207.1135  logE[BER] -3205.226  P_det_soft 0.1887  (185s)
  step 2550  JSR  -22.2  loss 39.5963  logE[BER] -32.903  P_det_soft 0.6693  (187s)
  step 2575  JSR  -16.0  loss 15.2045  logE[BER] -5.920  P_det_soft 0.9285  (189s)
  step 2600  JSR  -24.2  loss 125.8634  logE[BER] -121.577  P_det_soft 0.4287  (191s)
  step 2625  JSR  -39.9  loss 2986.3746  logE[BER] -2984.288  P_det_soft 0.2087  (193s)
  step 2650  JSR  -37.6  loss 2715.9254  logE[BER] -2714.437  P_det_soft 0.1488  (195s)
  step 2675  JSR  -43.6  loss 3306.3227  logE[BER] -3304.565  P_det_soft 0.1757  (197s)
  step 2700  JSR  -22.9  loss 17.5578  logE[BER] -12.205  P_det_soft 0.5353  (199s)
  step 2725  JSR  -38.1  loss 2795.8666  logE[BER] -2793.776  P_det_soft 0.2091  (201s)
  step 2750  JSR  -42.4  loss 3223.9773  logE[BER] -3222.103  P_det_soft 0.1874  (203s)
  step 2775  JSR  -21.1  loss 13.8280  logE[BER] -7.324  P_det_soft 0.6504  (205s)
  step 2800  JSR  -31.5  loss 1560.7268  logE[BER] -1558.427  P_det_soft 0.2300  (207s)
  step 2825  JSR  -37.5  loss 2654.6792  logE[BER] -2652.716  P_det_soft 0.1963  (209s)
  step 2850  JSR  -47.3  loss 3549.3304  logE[BER] -3547.806  P_det_soft 0.1524  (211s)
  step 2875  JSR  -24.4  loss 112.8598  logE[BER] -108.220  P_det_soft 0.4640  (213s)
  step 2900  JSR  -34.0  loss 2100.0469  logE[BER] -2097.410  P_det_soft 0.2637  (215s)
  step 2925  JSR  -30.3  loss 1430.7949  logE[BER] -1428.977  P_det_soft 0.1818  (217s)
  step 2950  JSR  -22.2  loss 15.0658  logE[BER] -8.772  P_det_soft 0.6293  (219s)
  step 2975  JSR  -25.5  loss 284.2258  logE[BER] -280.898  P_det_soft 0.3328  (221s)
  step 3000  JSR  -23.7  loss 39.3569  logE[BER] -34.906  P_det_soft 0.4451  (223s)
  step 3025  JSR  -44.4  loss 3354.9362  logE[BER] -3353.504  P_det_soft 0.1433  (225s)
  step 3050  JSR  -42.2  loss 3205.5095  logE[BER] -3203.569  P_det_soft 0.1940  (227s)
  step 3075  JSR  -30.8  loss 1499.0890  logE[BER] -1497.031  P_det_soft 0.2058  (229s)
  step 3100  JSR  -35.0  loss 2197.2357  logE[BER] -2195.612  P_det_soft 0.1623  (231s)
  step 3125  JSR  -47.8  loss 3549.5463  logE[BER] -3547.672  P_det_soft 0.1874  (233s)
  step 3150  JSR  -20.7  loss 14.4807  logE[BER] -7.125  P_det_soft 0.7356  (235s)
  step 3175  JSR  -21.1  loss 14.3126  logE[BER] -6.883  P_det_soft 0.7430  (237s)
  step 3200  JSR  -46.0  loss 3479.7796  logE[BER] -3477.877  P_det_soft 0.1903  (239s)
  step 3225  JSR  -41.6  loss 3180.9906  logE[BER] -3179.261  P_det_soft 0.1730  (241s)
  step 3250  JSR  -46.9  loss 3503.2234  logE[BER] -3502.008  P_det_soft 0.1215  (243s)
  step 3275  JSR  -33.9  loss 2086.3597  logE[BER] -2084.555  P_det_soft 0.1804  (245s)
  step 3300  JSR  -25.1  loss 208.7242  logE[BER] -204.653  P_det_soft 0.4071  (247s)
  step 3325  JSR  -47.5  loss 3522.5206  logE[BER] -3519.930  P_det_soft 0.2590  (249s)
  step 3350  JSR  -40.3  loss 3029.6221  logE[BER] -3027.631  P_det_soft 0.1991  (251s)
  step 3375  JSR  -23.1  loss 91.9695  logE[BER] -86.605  P_det_soft 0.5364  (253s)
  step 3400  JSR  -24.2  loss 76.5545  logE[BER] -73.325  P_det_soft 0.3230  (255s)
  step 3425  JSR  -36.9  loss 2538.7314  logE[BER] -2537.068  P_det_soft 0.1663  (257s)
  step 3450  JSR  -44.3  loss 3367.9949  logE[BER] -3366.558  P_det_soft 0.1437  (259s)
  step 3475  JSR  -19.0  loss 14.1641  logE[BER] -6.112  P_det_soft 0.8052  (261s)
  step 3500  JSR  -44.4  loss 3351.6239  logE[BER] -3349.751  P_det_soft 0.1873  (263s)
  step 3525  JSR  -17.8  loss 14.7538  logE[BER] -6.069  P_det_soft 0.8685  (265s)
  step 3550  JSR  -19.1  loss 14.0800  logE[BER] -6.371  P_det_soft 0.7709  (267s)
  step 3575  JSR  -42.4  loss 3226.8143  logE[BER] -3224.737  P_det_soft 0.2077  (269s)
  step 3600  JSR  -38.2  loss 2731.4644  logE[BER] -2729.932  P_det_soft 0.1532  (271s)
  step 3625  JSR  -17.4  loss 14.8134  logE[BER] -5.988  P_det_soft 0.8826  (274s)
  step 3650  JSR  -40.9  loss 3103.8792  logE[BER] -3102.494  P_det_soft 0.1386  (276s)
  step 3675  JSR  -44.6  loss 3383.5280  logE[BER] -3381.667  P_det_soft 0.1861  (278s)
  step 3700  JSR  -37.0  loss 2638.7231  logE[BER] -2637.054  P_det_soft 0.1669  (280s)
  step 3725  JSR  -37.3  loss 2659.3410  logE[BER] -2657.743  P_det_soft 0.1598  (282s)
  step 3750  JSR  -34.4  loss 2125.9643  logE[BER] -2123.439  P_det_soft 0.2526  (284s)
  step 3775  JSR  -38.9  loss 2834.8153  logE[BER] -2832.721  P_det_soft 0.2095  (286s)
  step 3800  JSR  -18.3  loss 14.4489  logE[BER] -6.015  P_det_soft 0.8434  (288s)
  step 3825  JSR  -19.3  loss 13.3759  logE[BER] -6.613  P_det_soft 0.6763  (290s)
  step 3850  JSR  -31.9  loss 1720.0163  logE[BER] -1718.255  P_det_soft 0.1761  (292s)
  step 3875  JSR  -25.3  loss 234.5962  logE[BER] -231.568  P_det_soft 0.3028  (294s)
  step 3900  JSR  -31.1  loss 1469.6369  logE[BER] -1467.265  P_det_soft 0.2372  (296s)
  step 3925  JSR  -21.4  loss 13.3493  logE[BER] -7.417  P_det_soft 0.5932  (298s)
  step 3950  JSR  -23.1  loss 14.1278  logE[BER] -8.957  P_det_soft 0.5171  (300s)
  step 3975  JSR  -19.7  loss 13.5435  logE[BER] -6.446  P_det_soft 0.7098  (302s)
  step 3999  JSR  -33.4  loss 1900.5590  logE[BER] -1898.226  P_det_soft 0.2333  (303s)
wrote task14_G.pt, task14.json  (tag spec_cnn_b10)
