node: tikgpu07.ee.ethz.ch | gpu: NVIDIA GeForce RTX 3090
device cuda:0 | adv nsgan | n_critic 1 | peak scale 0.4022
it      1  G  15.648  D   1.945  adv 12.289 feat 0.205 stft 2.890 iq 0.264  (23s)
it     50  G   9.354  D   0.249  adv 4.826 feat 0.497 stft 3.631 iq 0.400  (27s)
it    100  G   9.548  D   0.157  adv 5.068 feat 0.485 stft 3.595 iq 0.399  (30s)
it    150  G   9.779  D   0.127  adv 5.356 feat 0.484 stft 3.543 iq 0.397  (33s)
it    200  G  10.235  D   0.080  adv 5.860 feat 0.478 stft 3.520 iq 0.376  (37s)
it    250  G   8.415  D   0.295  adv 4.288 feat 0.430 stft 3.353 iq 0.345  (40s)
it    300  G   8.826  D   0.163  adv 4.717 feat 0.440 stft 3.343 iq 0.326  (43s)
it    350  G   8.828  D   0.342  adv 4.838 feat 0.375 stft 3.318 iq 0.298  (47s)
it    400  G   8.554  D   0.309  adv 4.776 feat 0.228 stft 3.289 iq 0.261  (50s)
it    450  G   7.638  D   0.946  adv 4.715 feat 0.048 stft 2.679 iq 0.196  (53s)
it    500  G   6.808  D   0.224  adv 4.088 feat 0.222 stft 2.305 iq 0.193  (56s)
it    550  G   5.605  D   0.224  adv 3.543 feat 0.124 stft 1.800 iq 0.138  (60s)
it    600  G   4.986  D   0.201  adv 3.428 feat 0.088 stft 1.349 iq 0.122  (63s)
it    650  G   5.096  D   0.189  adv 3.509 feat 0.074 stft 1.393 iq 0.120  (66s)
it    700  G   4.912  D   0.190  adv 3.441 feat 0.051 stft 1.296 iq 0.124  (70s)
it    750  G   4.907  D   0.138  adv 3.614 feat 0.037 stft 1.124 iq 0.131  (73s)
it    800  G   5.045  D   0.101  adv 3.847 feat 0.039 stft 1.015 iq 0.145  (76s)
it    850  G   4.725  D   0.111  adv 3.612 feat 0.040 stft 0.946 iq 0.127  (80s)
it    900  G   4.960  D   0.097  adv 3.916 feat 0.039 stft 0.867 iq 0.138  (83s)
it    950  G   5.077  D   0.097  adv 4.035 feat 0.039 stft 0.866 iq 0.138  (86s)
it   1000  G   5.181  D   0.066  adv 4.156 feat 0.039 stft 0.842 iq 0.144  (90s)
it   1050  G   5.435  D   0.072  adv 4.442 feat 0.045 stft 0.794 iq 0.154  (93s)
it   1100  G   5.292  D   0.067  adv 4.301 feat 0.043 stft 0.809 iq 0.140  (96s)
it   1150  G   5.368  D   0.063  adv 4.383 feat 0.040 stft 0.803 iq 0.142  (100s)
it   1200  G   5.123  D   0.070  adv 4.167 feat 0.041 stft 0.767 iq 0.148  (103s)
it   1250  G   5.238  D   0.065  adv 4.289 feat 0.041 stft 0.749 iq 0.159  (106s)
it   1300  G   5.411  D   0.058  adv 4.461 feat 0.041 stft 0.742 iq 0.167  (110s)
it   1350  G   5.519  D   0.060  adv 4.582 feat 0.041 stft 0.729 iq 0.166  (113s)
it   1400  G   5.463  D   0.054  adv 4.534 feat 0.038 stft 0.735 iq 0.156  (116s)
it   1450  G   5.416  D   0.067  adv 4.516 feat 0.039 stft 0.709 iq 0.152  (120s)
it   1500  G   5.222  D   0.191  adv 4.249 feat 0.071 stft 0.783 iq 0.119  (123s)
it   1550  G   7.680  D   0.063  adv 4.731 feat 0.413 stft 2.401 iq 0.135  (126s)
it   1600  G   7.214  D   0.067  adv 4.936 feat 0.404 stft 1.733 iq 0.142  (130s)
it   1650  G   7.562  D   0.053  adv 5.058 feat 0.390 stft 1.891 iq 0.224  (133s)
it   1700  G   7.083  D   0.060  adv 4.405 feat 0.413 stft 2.042 iq 0.223  (136s)
it   1750  G   7.492  D   0.057  adv 4.695 feat 0.397 stft 2.113 iq 0.288  (140s)
it   1800  G   8.376  D   0.110  adv 5.504 feat 0.414 stft 2.198 iq 0.260  (143s)
it   1850  G   7.252  D   0.078  adv 4.662 feat 0.427 stft 1.982 iq 0.181  (147s)
it   1900  G   7.854  D   0.047  adv 5.274 feat 0.425 stft 2.020 iq 0.135  (150s)
it   1950  G   7.513  D   0.071  adv 5.098 feat 0.399 stft 1.869 iq 0.147  (153s)
it   2000  G   7.740  D   0.042  adv 5.508 feat 0.394 stft 1.644 iq 0.194  (157s)
it   2050  G   7.538  D   0.089  adv 5.298 feat 0.412 stft 1.664 iq 0.163  (160s)
it   2100  G   7.745  D   0.039  adv 5.302 feat 0.412 stft 1.874 iq 0.157  (163s)
it   2150  G   7.202  D   0.083  adv 5.148 feat 0.430 stft 1.528 iq 0.096  (167s)
it   2200  G   8.145  D   0.064  adv 5.917 feat 0.370 stft 1.660 iq 0.198  (170s)
it   2250  G   7.275  D   0.043  adv 5.175 feat 0.426 stft 1.556 iq 0.118  (173s)
it   2300  G   8.114  D   0.061  adv 6.016 feat 0.392 stft 1.538 iq 0.167  (177s)
it   2350  G   7.445  D   0.047  adv 5.290 feat 0.413 stft 1.623 iq 0.118  (180s)
it   2400  G   7.527  D   0.044  adv 5.406 feat 0.417 stft 1.574 iq 0.130  (184s)
it   2450  G   7.240  D   0.040  adv 5.185 feat 0.406 stft 1.508 iq 0.140  (187s)
it   2500  G   7.495  D   0.036  adv 5.398 feat 0.418 stft 1.545 iq 0.135  (190s)
it   2550  G   7.275  D   0.047  adv 5.232 feat 0.429 stft 1.506 iq 0.109  (194s)
it   2600  G   7.479  D   0.046  adv 5.291 feat 0.417 stft 1.657 iq 0.114  (197s)
it   2650  G   7.619  D   0.046  adv 5.526 feat 0.421 stft 1.566 iq 0.107  (200s)
it   2700  G   7.262  D   0.052  adv 5.274 feat 0.429 stft 1.474 iq 0.084  (204s)
it   2750  G   7.458  D   0.035  adv 5.454 feat 0.424 stft 1.472 iq 0.109  (207s)
it   2800  G   7.522  D   0.057  adv 5.557 feat 0.402 stft 1.450 iq 0.113  (211s)
it   2850  G   7.424  D   0.058  adv 5.323 feat 0.423 stft 1.581 iq 0.097  (214s)
it   2900  G   7.675  D   0.036  adv 5.570 feat 0.413 stft 1.557 iq 0.136  (217s)
it   2950  G   7.754  D   0.040  adv 5.656 feat 0.409 stft 1.540 iq 0.149  (221s)
it   3000  G   6.647  D   0.077  adv 4.982 feat 0.417 stft 1.173 iq 0.075  (224s)
it   3050  G   7.549  D   0.035  adv 5.353 feat 0.399 stft 1.611 iq 0.186  (227s)
it   3100  G   7.474  D   0.057  adv 5.423 feat 0.422 stft 1.532 iq 0.097  (231s)
it   3150  G   7.409  D   0.044  adv 5.536 feat 0.432 stft 1.346 iq 0.095  (234s)
it   3200  G   7.760  D   0.067  adv 5.861 feat 0.425 stft 1.352 iq 0.123  (238s)
it   3250  G   7.777  D   0.048  adv 5.710 feat 0.412 stft 1.514 iq 0.141  (241s)
it   3300  G   7.324  D   0.034  adv 5.491 feat 0.423 stft 1.305 iq 0.105  (244s)
it   3350  G   7.341  D   0.036  adv 5.363 feat 0.427 stft 1.464 iq 0.088  (248s)
it   3400  G   6.911  D   0.043  adv 5.294 feat 0.427 stft 1.127 iq 0.063  (251s)
it   3450  G   7.563  D   0.046  adv 5.623 feat 0.409 stft 1.411 iq 0.120  (255s)
it   3500  G   7.487  D   0.037  adv 5.539 feat 0.423 stft 1.409 iq 0.116  (258s)
it   3550  G   7.659  D   0.075  adv 5.529 feat 0.416 stft 1.577 iq 0.138  (261s)
it   3600  G   7.305  D   0.037  adv 5.439 feat 0.426 stft 1.341 iq 0.099  (265s)
it   3650  G   7.280  D   0.034  adv 5.507 feat 0.428 stft 1.238 iq 0.106  (268s)
it   3700  G   7.134  D   0.038  adv 5.511 feat 0.428 stft 1.123 iq 0.072  (272s)
it   3750  G   7.782  D   0.052  adv 5.811 feat 0.384 stft 1.409 iq 0.179  (275s)
it   3800  G   7.534  D   0.043  adv 5.624 feat 0.427 stft 1.365 iq 0.118  (278s)
it   3850  G   7.125  D   0.043  adv 5.570 feat 0.428 stft 1.065 iq 0.063  (282s)
it   3900  G   7.381  D   0.040  adv 5.631 feat 0.414 stft 1.216 iq 0.120  (285s)
it   3950  G   7.377  D   0.043  adv 5.603 feat 0.406 stft 1.199 iq 0.170  (289s)
it   4000  G   7.501  D   0.032  adv 5.656 feat 0.430 stft 1.352 iq 0.063  (292s)
it   4050  G   8.040  D   0.043  adv 5.860 feat 0.407 stft 1.651 iq 0.122  (295s)
it   4100  G   7.536  D   0.039  adv 5.485 feat 0.398 stft 1.517 iq 0.136  (299s)
it   4150  G   7.135  D   0.038  adv 5.398 feat 0.416 stft 1.210 iq 0.111  (302s)
it   4200  G   7.008  D   0.034  adv 5.412 feat 0.427 stft 1.080 iq 0.088  (305s)
it   4250  G   7.761  D   0.043  adv 5.959 feat 0.408 stft 1.230 iq 0.163  (309s)
it   4300  G   7.301  D   0.036  adv 5.373 feat 0.423 stft 1.391 iq 0.114  (312s)
it   4350  G   6.827  D   0.043  adv 5.450 feat 0.418 stft 0.885 iq 0.073  (316s)
it   4400  G   7.752  D   0.027  adv 5.689 feat 0.392 stft 1.487 iq 0.184  (319s)
it   4450  G   8.469  D   0.020  adv 6.039 feat 0.396 stft 1.851 iq 0.183  (322s)
it   4500  G   8.052  D   0.057  adv 5.965 feat 0.406 stft 1.579 iq 0.102  (326s)
it   4550  G   7.239  D   0.038  adv 5.773 feat 0.422 stft 0.963 iq 0.082  (329s)
it   4600  G   7.031  D   0.041  adv 5.238 feat 0.403 stft 1.256 iq 0.134  (332s)
it   4650  G   7.137  D   0.047  adv 5.674 feat 0.382 stft 0.961 iq 0.121  (336s)
it   4700  G   6.797  D   0.034  adv 5.291 feat 0.408 stft 1.006 iq 0.091  (339s)
it   4750  G   8.369  D   0.060  adv 6.522 feat 0.396 stft 1.302 iq 0.149  (343s)
it   4800  G   7.263  D   0.038  adv 5.403 feat 0.420 stft 1.371 iq 0.068  (346s)
it   4850  G   7.091  D   0.029  adv 5.555 feat 0.418 stft 1.032 iq 0.086  (349s)
it   4900  G   7.484  D   0.039  adv 5.515 feat 0.394 stft 1.421 iq 0.154  (353s)
it   4950  G   6.956  D   0.035  adv 5.334 feat 0.407 stft 1.099 iq 0.115  (356s)
it   5000  G   7.309  D   0.025  adv 5.573 feat 0.417 stft 1.233 iq 0.086  (360s)
it   5050  G   7.535  D   0.026  adv 5.692 feat 0.393 stft 1.311 iq 0.139  (363s)
it   5100  G   7.496  D   0.029  adv 5.949 feat 0.395 stft 1.039 iq 0.113  (366s)
it   5150  G   7.828  D   0.022  adv 5.906 feat 0.411 stft 1.372 iq 0.139  (370s)
it   5200  G   6.756  D   0.081  adv 4.958 feat 0.423 stft 1.288 iq 0.088  (373s)
it   5250  G   6.723  D   0.036  adv 5.408 feat 0.401 stft 0.849 iq 0.065  (377s)
it   5300  G   7.091  D   0.027  adv 5.635 feat 0.405 stft 0.946 iq 0.105  (380s)
it   5350  G   7.397  D   0.029  adv 5.627 feat 0.397 stft 1.247 iq 0.127  (383s)
it   5400  G   7.606  D   0.034  adv 5.922 feat 0.401 stft 1.156 iq 0.126  (387s)
it   5450  G   7.105  D   0.032  adv 5.875 feat 0.397 stft 0.716 iq 0.117  (390s)
it   5500  G   7.190  D   0.040  adv 5.419 feat 0.379 stft 1.250 iq 0.142  (394s)
it   5550  G   6.764  D   0.035  adv 5.429 feat 0.405 stft 0.854 iq 0.076  (397s)
it   5600  G   7.438  D   0.025  adv 5.780 feat 0.386 stft 1.140 iq 0.132  (400s)
it   5650  G   6.986  D   0.061  adv 5.497 feat 0.427 stft 1.017 iq 0.045  (404s)
it   5700  G   7.669  D   0.033  adv 5.858 feat 0.402 stft 1.305 iq 0.104  (407s)
it   5750  G   7.004  D   0.087  adv 5.732 feat 0.399 stft 0.737 iq 0.137  (410s)
it   5800  G   7.367  D   0.024  adv 5.686 feat 0.395 stft 1.163 iq 0.124  (414s)
it   5850  G   8.126  D   0.023  adv 6.251 feat 0.414 stft 1.355 iq 0.106  (417s)
it   5900  G   7.296  D   0.053  adv 5.487 feat 0.375 stft 1.328 iq 0.106  (421s)
it   5950  G   7.135  D   0.025  adv 5.795 feat 0.412 stft 0.830 iq 0.099  (424s)
it   6000  G   7.141  D   0.054  adv 5.375 feat 0.412 stft 1.277 iq 0.078  (427s)
it   6050  G   7.233  D   0.043  adv 5.400 feat 0.392 stft 1.290 iq 0.151  (431s)
it   6100  G   6.742  D   0.096  adv 5.264 feat 0.406 stft 0.984 iq 0.089  (434s)
it   6150  G   7.998  D   0.019  adv 6.032 feat 0.408 stft 1.473 iq 0.084  (437s)
it   6200  G   7.703  D   0.033  adv 5.771 feat 0.392 stft 1.415 iq 0.125  (441s)
it   6250  G   7.616  D   0.032  adv 6.020 feat 0.420 stft 1.098 iq 0.079  (444s)
it   6300  G   6.934  D   0.039  adv 5.588 feat 0.410 stft 0.861 iq 0.075  (448s)
it   6350  G   7.444  D   0.030  adv 5.917 feat 0.396 stft 0.976 iq 0.155  (451s)
it   6400  G   6.965  D   0.019  adv 5.627 feat 0.416 stft 0.864 iq 0.058  (454s)
it   6450  G   8.038  D   0.023  adv 6.261 feat 0.414 stft 1.266 iq 0.097  (458s)
it   6500  G   8.657  D   0.156  adv 7.400 feat 0.353 stft 0.685 iq 0.220  (461s)
it   6550  G   7.116  D   0.125  adv 5.622 feat 0.402 stft 1.032 iq 0.060  (464s)
it   6600  G   7.299  D   0.054  adv 5.428 feat 0.413 stft 1.386 iq 0.073  (468s)
it   6650  G   7.418  D   0.038  adv 5.748 feat 0.392 stft 1.204 iq 0.074  (471s)
it   6700  G   7.076  D   0.033  adv 5.460 feat 0.405 stft 1.140 iq 0.072  (475s)
it   6750  G   7.211  D   0.029  adv 5.603 feat 0.434 stft 1.116 iq 0.058  (478s)
it   6800  G   7.349  D   0.029  adv 5.578 feat 0.424 stft 1.275 iq 0.072  (481s)
it   6850  G   7.592  D   0.029  adv 5.850 feat 0.412 stft 1.196 iq 0.134  (485s)
it   6900  G   7.155  D   0.027  adv 5.780 feat 0.401 stft 0.879 iq 0.094  (488s)
it   6950  G   7.981  D   0.020  adv 5.629 feat 0.424 stft 1.841 iq 0.087  (492s)
it   7000  G   7.828  D   0.038  adv 5.731 feat 0.403 stft 1.477 iq 0.217  (495s)
it   7050  G   7.176  D   0.025  adv 5.866 feat 0.427 stft 0.824 iq 0.058  (498s)
it   7100  G   8.051  D   0.020  adv 6.022 feat 0.432 stft 1.532 iq 0.064  (502s)
it   7150  G   7.728  D   0.040  adv 5.997 feat 0.396 stft 1.228 iq 0.107  (505s)
it   7200  G   6.649  D   0.028  adv 5.452 feat 0.390 stft 0.720 iq 0.086  (509s)
it   7250  G   6.985  D   0.036  adv 5.473 feat 0.409 stft 1.022 iq 0.080  (512s)
it   7300  G   7.071  D   0.040  adv 5.333 feat 0.414 stft 1.190 iq 0.134  (516s)
it   7350  G   6.687  D   0.033  adv 5.334 feat 0.433 stft 0.871 iq 0.049  (519s)
it   7400  G   7.433  D   0.046  adv 5.977 feat 0.406 stft 0.945 iq 0.105  (525s)
it   7450  G   6.346  D   0.049  adv 5.161 feat 0.411 stft 0.696 iq 0.078  (528s)
it   7500  G   7.088  D   0.063  adv 5.309 feat 0.379 stft 1.191 iq 0.210  (532s)
it   7550  G   7.205  D   0.022  adv 5.846 feat 0.428 stft 0.880 iq 0.051  (535s)
it   7600  G   7.202  D   0.049  adv 5.446 feat 0.422 stft 1.226 iq 0.107  (539s)
it   7650  G   6.611  D   0.030  adv 5.412 feat 0.391 stft 0.733 iq 0.075  (542s)
it   7700  G   6.755  D   0.029  adv 5.429 feat 0.424 stft 0.836 iq 0.066  (545s)
it   7750  G   7.863  D   0.160  adv 6.077 feat 0.425 stft 1.272 iq 0.090  (549s)
it   7800  G   7.978  D   0.029  adv 5.568 feat 0.418 stft 1.848 iq 0.144  (552s)
it   7850  G   7.886  D   0.028  adv 5.554 feat 0.406 stft 1.764 iq 0.161  (556s)
it   7900  G   6.687  D   0.029  adv 5.500 feat 0.407 stft 0.724 iq 0.056  (559s)
it   7950  G   6.618  D   0.035  adv 5.357 feat 0.423 stft 0.767 iq 0.072  (562s)
it   8000  G   6.921  D   0.035  adv 5.311 feat 0.417 stft 1.042 iq 0.152  (566s)
it   8050  G   7.057  D   0.042  adv 5.559 feat 0.438 stft 0.999 iq 0.060  (569s)
it   8100  G   8.716  D   0.058  adv 6.998 feat 0.383 stft 1.183 iq 0.152  (572s)
it   8150  G   5.543  D   0.223  adv 4.210 feat 0.271 stft 0.879 iq 0.183  (576s)
it   8200  G   7.096  D   0.075  adv 5.015 feat 0.318 stft 1.663 iq 0.100  (579s)
it   8250  G   7.633  D   0.059  adv 4.939 feat 0.271 stft 2.302 iq 0.121  (583s)
it   8300  G   8.104  D   0.046  adv 5.180 feat 0.225 stft 2.593 iq 0.106  (586s)
it   8350  G   7.587  D   0.086  adv 4.767 feat 0.178 stft 2.503 iq 0.138  (590s)
it   8400  G   7.640  D   0.030  adv 5.099 feat 0.137 stft 2.222 iq 0.183  (593s)
it   8450  G   6.936  D   0.032  adv 5.086 feat 0.117 stft 1.522 iq 0.211  (596s)
it   8500  G   5.691  D   0.047  adv 4.754 feat 0.126 stft 0.653 iq 0.158  (600s)
it   8550  G   5.677  D   0.043  adv 4.911 feat 0.121 stft 0.507 iq 0.138  (603s)
it   8600  G   5.926  D   0.034  adv 5.188 feat 0.135 stft 0.472 iq 0.130  (606s)
it   8650  G   5.983  D   0.029  adv 5.251 feat 0.127 stft 0.453 iq 0.152  (610s)
it   8700  G   5.820  D   0.035  adv 5.126 feat 0.135 stft 0.432 iq 0.128  (613s)
it   8750  G   6.032  D   0.021  adv 5.336 feat 0.128 stft 0.449 iq 0.119  (617s)
it   8800  G   5.833  D   0.027  adv 5.127 feat 0.131 stft 0.467 iq 0.108  (620s)
it   8850  G   6.139  D   0.022  adv 5.394 feat 0.144 stft 0.477 iq 0.123  (623s)
it   8900  G   6.268  D   0.024  adv 5.494 feat 0.160 stft 0.492 iq 0.123  (627s)
it   8950  G   6.113  D   0.029  adv 5.291 feat 0.162 stft 0.541 iq 0.120  (630s)
it   9000  G   6.141  D   0.022  adv 5.307 feat 0.172 stft 0.540 iq 0.123  (634s)
it   9050  G   6.145  D   0.024  adv 5.294 feat 0.189 stft 0.553 iq 0.109  (637s)
it   9100  G   6.274  D   0.021  adv 5.348 feat 0.184 stft 0.624 iq 0.119  (641s)
it   9150  G   6.301  D   0.027  adv 5.385 feat 0.209 stft 0.606 iq 0.100  (644s)
it   9200  G   6.147  D   0.060  adv 4.976 feat 0.300 stft 0.794 iq 0.077  (647s)
it   9250  G   6.877  D   0.034  adv 5.365 feat 0.443 stft 1.008 iq 0.062  (651s)
it   9300  G   7.626  D   0.039  adv 5.482 feat 0.438 stft 1.627 iq 0.078  (654s)
it   9350  G   7.257  D   0.040  adv 5.494 feat 0.443 stft 1.257 iq 0.063  (658s)
it   9400  G   7.237  D   0.056  adv 5.681 feat 0.434 stft 1.039 iq 0.083  (661s)
it   9450  G   7.128  D   0.035  adv 5.503 feat 0.426 stft 1.099 iq 0.099  (664s)
it   9500  G   7.090  D   0.026  adv 5.523 feat 0.436 stft 1.049 iq 0.083  (668s)
it   9550  G   7.337  D   0.031  adv 5.582 feat 0.435 stft 1.243 iq 0.077  (671s)
it   9600  G   7.225  D   0.033  adv 5.452 feat 0.415 stft 1.241 iq 0.117  (675s)
it   9650  G   6.916  D   0.023  adv 5.490 feat 0.435 stft 0.909 iq 0.082  (678s)
it   9700  G   7.000  D   0.056  adv 5.222 feat 0.434 stft 1.234 iq 0.110  (681s)
it   9750  G   7.074  D   0.030  adv 5.637 feat 0.441 stft 0.939 iq 0.057  (685s)
it   9800  G   7.337  D   0.043  adv 5.446 feat 0.439 stft 1.354 iq 0.098  (688s)
it   9850  G   6.631  D   0.042  adv 5.111 feat 0.439 stft 1.012 iq 0.069  (692s)
it   9900  G   6.805  D   0.035  adv 5.308 feat 0.432 stft 0.970 iq 0.096  (695s)
it   9950  G   6.663  D   0.030  adv 5.266 feat 0.441 stft 0.869 iq 0.086  (698s)
it  10000  G   7.452  D   0.019  adv 5.802 feat 0.445 stft 1.111 iq 0.093  (702s)
wrote run001_G.pt, run001_losses.json, run001_losses.png to /home/rrahman/BT/Tabula Rasa/cgan/../artifacts/cgan
