node: tikgpu07.ee.ethz.ch | gpu: NVIDIA GeForce RTX 3090
task 0 = {'target': None, 'beta': 0.0}  (tag eff, 128 frames/step, JSR band (-32.0, 0.0))
  step    0  JSR  -12.5  loss 1823.9856  logE[BER] -1823.986  P_det_soft 0.0000  (3s)
  step   25  JSR  -19.8  loss 1153.4313  logE[BER] -1153.431  P_det_soft 0.0000  (4s)
  step   50  JSR  -28.2  loss 2723.7944  logE[BER] -2723.794  P_det_soft 0.0000  (4s)
  step   75  JSR  -16.3  loss 213.3567  logE[BER] -213.357  P_det_soft 0.0000  (5s)
  step  100  JSR  -27.3  loss 2387.7635  logE[BER] -2387.764  P_det_soft 0.0000  (5s)
  step  125  JSR  -26.4  loss 2435.4869  logE[BER] -2435.487  P_det_soft 0.0000  (6s)
  step  150  JSR  -22.4  loss 1471.8126  logE[BER] -1471.813  P_det_soft 0.0000  (6s)
  step  175  JSR   -2.0  loss 4.7200  logE[BER] -4.720  P_det_soft 0.0000  (6s)
  step  200  JSR   -0.4  loss 4.5052  logE[BER] -4.505  P_det_soft 0.0000  (7s)
  step  225  JSR  -24.4  loss 1802.6217  logE[BER] -1802.622  P_det_soft 0.0000  (7s)
  step  250  JSR  -16.3  loss 103.4192  logE[BER] -103.419  P_det_soft 0.0000  (8s)
  step  275  JSR  -14.2  loss 9.9923  logE[BER] -9.992  P_det_soft 0.0000  (8s)
  step  300  JSR  -20.6  loss 647.1419  logE[BER] -647.142  P_det_soft 0.0000  (8s)
  step  325  JSR   -5.5  loss 5.7920  logE[BER] -5.792  P_det_soft 0.0000  (9s)
  step  350  JSR  -16.2  loss 34.4105  logE[BER] -34.410  P_det_soft 0.0000  (9s)
  step  375  JSR   -9.9  loss 6.3827  logE[BER] -6.383  P_det_soft 0.0000  (10s)
  step  400  JSR  -28.9  loss 2148.2497  logE[BER] -2148.250  P_det_soft 0.0000  (10s)
  step  425  JSR  -31.5  loss 2672.0718  logE[BER] -2672.072  P_det_soft 0.0000  (10s)
  step  450  JSR  -17.4  loss 179.5903  logE[BER] -179.590  P_det_soft 0.0000  (11s)
  step  475  JSR  -14.2  loss 10.3972  logE[BER] -10.397  P_det_soft 0.0000  (11s)
  step  500  JSR  -14.8  loss 9.1370  logE[BER] -9.137  P_det_soft 0.0000  (12s)
  step  525  JSR  -10.9  loss 6.7039  logE[BER] -6.704  P_det_soft 0.0000  (12s)
  step  550  JSR  -19.0  loss 210.5116  logE[BER] -210.512  P_det_soft 0.0000  (13s)
  step  575  JSR  -18.2  loss 105.1555  logE[BER] -105.156  P_det_soft 0.0000  (13s)
  step  600  JSR   -9.1  loss 6.1379  logE[BER] -6.138  P_det_soft 0.0000  (13s)
  step  625  JSR   -0.7  loss 4.5391  logE[BER] -4.539  P_det_soft 0.0000  (14s)
  step  650  JSR  -17.4  loss 33.9221  logE[BER] -33.922  P_det_soft 0.0000  (14s)
  step  675  JSR   -6.3  loss 5.5813  logE[BER] -5.581  P_det_soft 0.0000  (15s)
  step  700  JSR  -25.9  loss 1144.2312  logE[BER] -1144.231  P_det_soft 0.0000  (15s)
  step  725  JSR  -22.7  loss 758.6751  logE[BER] -758.675  P_det_soft 0.0000  (15s)
  step  750  JSR  -13.1  loss 7.9225  logE[BER] -7.922  P_det_soft 0.0000  (16s)
  step  775  JSR   -8.1  loss 5.9784  logE[BER] -5.978  P_det_soft 0.0000  (16s)
  step  800  JSR  -11.5  loss 7.3055  logE[BER] -7.306  P_det_soft 0.0000  (17s)
  step  825  JSR   -5.2  loss 5.7366  logE[BER] -5.737  P_det_soft 0.0000  (17s)
  step  850  JSR  -30.8  loss 2376.1727  logE[BER] -2376.173  P_det_soft 0.0000  (18s)
  step  875  JSR   -0.8  loss 4.8061  logE[BER] -4.806  P_det_soft 0.0000  (18s)
  step  900  JSR  -21.5  loss 920.3038  logE[BER] -920.304  P_det_soft 0.0000  (18s)
  step  925  JSR   -2.5  loss 4.9917  logE[BER] -4.992  P_det_soft 0.0000  (19s)
  step  950  JSR  -27.5  loss 2023.1340  logE[BER] -2023.134  P_det_soft 0.0000  (19s)
  step  975  JSR  -26.7  loss 1930.3186  logE[BER] -1930.319  P_det_soft 0.0000  (20s)
  step 1000  JSR   -8.8  loss 6.3256  logE[BER] -6.326  P_det_soft 0.0000  (20s)
  step 1025  JSR  -25.2  loss 1421.9552  logE[BER] -1421.955  P_det_soft 0.0000  (20s)
  step 1050  JSR   -7.7  loss 5.8613  logE[BER] -5.861  P_det_soft 0.0000  (21s)
  step 1075  JSR   -9.3  loss 6.2900  logE[BER] -6.290  P_det_soft 0.0000  (21s)
  step 1100  JSR  -26.3  loss 1358.2458  logE[BER] -1358.246  P_det_soft 0.0000  (22s)
  step 1125  JSR   -5.4  loss 5.4175  logE[BER] -5.418  P_det_soft 0.0000  (22s)
  step 1150  JSR  -27.7  loss 2155.8556  logE[BER] -2155.856  P_det_soft 0.0000  (22s)
  step 1175  JSR   -8.2  loss 6.1480  logE[BER] -6.148  P_det_soft 0.0000  (23s)
  step 1200  JSR  -20.0  loss 565.5258  logE[BER] -565.526  P_det_soft 0.0000  (23s)
  step 1225  JSR   -4.8  loss 5.6054  logE[BER] -5.605  P_det_soft 0.0000  (24s)
  step 1250  JSR   -0.9  loss 5.0009  logE[BER] -5.001  P_det_soft 0.0000  (24s)
  step 1275  JSR  -13.4  loss 7.7798  logE[BER] -7.780  P_det_soft 0.0000  (24s)
  step 1300  JSR  -16.5  loss 9.4047  logE[BER] -9.405  P_det_soft 0.0000  (25s)
  step 1325  JSR  -14.5  loss 8.1424  logE[BER] -8.142  P_det_soft 0.0000  (25s)
  step 1350  JSR   -7.5  loss 6.0732  logE[BER] -6.073  P_det_soft 0.0000  (26s)
  step 1375  JSR  -23.4  loss 889.6892  logE[BER] -889.689  P_det_soft 0.0000  (26s)
  step 1400  JSR   -6.4  loss 6.0534  logE[BER] -6.053  P_det_soft 0.0000  (27s)
  step 1425  JSR  -29.9  loss 2070.2473  logE[BER] -2070.247  P_det_soft 0.0000  (27s)
  step 1450  JSR  -14.2  loss 8.0646  logE[BER] -8.065  P_det_soft 0.0000  (27s)
  step 1475  JSR   -8.2  loss 6.0684  logE[BER] -6.068  P_det_soft 0.0000  (28s)
  step 1500  JSR   -6.4  loss 5.8039  logE[BER] -5.804  P_det_soft 0.0000  (28s)
  step 1525  JSR  -31.8  loss 2623.0548  logE[BER] -2623.055  P_det_soft 0.0000  (29s)
  step 1550  JSR  -14.7  loss 8.1401  logE[BER] -8.140  P_det_soft 0.0000  (29s)
  step 1575  JSR   -9.0  loss 6.3636  logE[BER] -6.364  P_det_soft 0.0000  (29s)
  step 1600  JSR  -12.1  loss 6.8213  logE[BER] -6.821  P_det_soft 0.0000  (30s)
  step 1625  JSR  -27.3  loss 1209.1323  logE[BER] -1209.132  P_det_soft 0.0000  (30s)
  step 1650  JSR  -13.4  loss 7.4620  logE[BER] -7.462  P_det_soft 0.0000  (31s)
  step 1675  JSR   -9.5  loss 6.3829  logE[BER] -6.383  P_det_soft 0.0000  (31s)
  step 1700  JSR  -17.1  loss 9.5666  logE[BER] -9.567  P_det_soft 0.0000  (32s)
  step 1725  JSR  -29.8  loss 2251.8459  logE[BER] -2251.846  P_det_soft 0.0000  (32s)
  step 1750  JSR  -16.2  loss 9.7041  logE[BER] -9.704  P_det_soft 0.0000  (32s)
  step 1775  JSR  -27.0  loss 1483.4406  logE[BER] -1483.441  P_det_soft 0.0000  (33s)
  step 1800  JSR  -13.5  loss 7.5949  logE[BER] -7.595  P_det_soft 0.0000  (33s)
  step 1825  JSR   -9.2  loss 5.9684  logE[BER] -5.968  P_det_soft 0.0000  (34s)
  step 1850  JSR   -7.6  loss 6.0906  logE[BER] -6.091  P_det_soft 0.0000  (34s)
  step 1875  JSR  -14.3  loss 7.8323  logE[BER] -7.832  P_det_soft 0.0000  (34s)
  step 1900  JSR   -4.2  loss 5.3245  logE[BER] -5.324  P_det_soft 0.0000  (35s)
  step 1925  JSR  -13.7  loss 7.6626  logE[BER] -7.663  P_det_soft 0.0000  (35s)
  step 1950  JSR   -2.7  loss 5.1588  logE[BER] -5.159  P_det_soft 0.0000  (36s)
  step 1975  JSR  -22.4  loss 669.8516  logE[BER] -669.852  P_det_soft 0.0000  (36s)
  step 2000  JSR  -24.8  loss 947.7318  logE[BER] -947.732  P_det_soft 0.0000  (36s)
  step 2025  JSR  -12.3  loss 7.6218  logE[BER] -7.622  P_det_soft 0.0000  (37s)
  step 2050  JSR  -17.4  loss 9.6427  logE[BER] -9.643  P_det_soft 0.0000  (37s)
  step 2075  JSR  -15.4  loss 8.2848  logE[BER] -8.285  P_det_soft 0.0000  (38s)
  step 2100  JSR   -1.2  loss 4.8373  logE[BER] -4.837  P_det_soft 0.0000  (38s)
  step 2125  JSR  -18.5  loss 20.1472  logE[BER] -20.147  P_det_soft 0.0000  (38s)
  step 2150  JSR   -7.1  loss 5.7418  logE[BER] -5.742  P_det_soft 0.0000  (39s)
  step 2175  JSR  -27.9  loss 1717.2244  logE[BER] -1717.224  P_det_soft 0.0000  (39s)
  step 2200  JSR  -31.8  loss 1985.4070  logE[BER] -1985.407  P_det_soft 0.0000  (40s)
  step 2225  JSR   -5.3  loss 5.5523  logE[BER] -5.552  P_det_soft 0.0000  (40s)
  step 2250  JSR   -8.0  loss 5.7571  logE[BER] -5.757  P_det_soft 0.0000  (41s)
  step 2275  JSR  -12.5  loss 6.7538  logE[BER] -6.754  P_det_soft 0.0000  (41s)
  step 2300  JSR  -16.1  loss 8.0682  logE[BER] -8.068  P_det_soft 0.0000  (41s)
  step 2325  JSR  -23.1  loss 430.4957  logE[BER] -430.496  P_det_soft 0.0000  (42s)
  step 2350  JSR  -23.4  loss 719.3589  logE[BER] -719.359  P_det_soft 0.0000  (42s)
  step 2375  JSR   -3.8  loss 5.1503  logE[BER] -5.150  P_det_soft 0.0000  (43s)
  step 2400  JSR   -0.5  loss 4.5101  logE[BER] -4.510  P_det_soft 0.0000  (43s)
  step 2425  JSR   -3.5  loss 5.1647  logE[BER] -5.165  P_det_soft 0.0000  (43s)
  step 2450  JSR   -0.4  loss 4.5912  logE[BER] -4.591  P_det_soft 0.0000  (44s)
  step 2475  JSR   -0.8  loss 4.7564  logE[BER] -4.756  P_det_soft 0.0000  (44s)
  step 2500  JSR  -10.7  loss 6.5379  logE[BER] -6.538  P_det_soft 0.0000  (45s)
  step 2525  JSR  -30.1  loss 2373.0674  logE[BER] -2373.067  P_det_soft 0.0000  (45s)
  step 2550  JSR  -28.1  loss 1831.9399  logE[BER] -1831.940  P_det_soft 0.0000  (45s)
  step 2575  JSR   -8.3  loss 6.0100  logE[BER] -6.010  P_det_soft 0.0000  (46s)
  step 2600  JSR   -0.1  loss 4.5230  logE[BER] -4.523  P_det_soft 0.0000  (46s)
  step 2625  JSR  -32.0  loss 2324.6458  logE[BER] -2324.646  P_det_soft 0.0000  (47s)
  step 2650  JSR  -18.4  loss 10.1368  logE[BER] -10.137  P_det_soft 0.0000  (47s)
  step 2675  JSR   -0.9  loss 4.7864  logE[BER] -4.786  P_det_soft 0.0000  (48s)
  step 2700  JSR   -9.0  loss 5.9881  logE[BER] -5.988  P_det_soft 0.0000  (48s)
  step 2725  JSR   -5.9  loss 5.6151  logE[BER] -5.615  P_det_soft 0.0000  (48s)
  step 2750  JSR   -2.7  loss 4.9818  logE[BER] -4.982  P_det_soft 0.0000  (49s)
  step 2775  JSR   -1.5  loss 4.7229  logE[BER] -4.723  P_det_soft 0.0000  (49s)
  step 2800  JSR   -2.9  loss 4.9558  logE[BER] -4.956  P_det_soft 0.0000  (50s)
  step 2825  JSR  -29.3  loss 1916.4183  logE[BER] -1916.418  P_det_soft 0.0000  (50s)
  step 2850  JSR  -17.5  loss 9.6460  logE[BER] -9.646  P_det_soft 0.0000  (50s)
  step 2875  JSR  -24.4  loss 705.1844  logE[BER] -705.184  P_det_soft 0.0000  (51s)
  step 2900  JSR  -17.9  loss 9.2986  logE[BER] -9.299  P_det_soft 0.0000  (51s)
  step 2925  JSR  -15.5  loss 7.9983  logE[BER] -7.998  P_det_soft 0.0000  (52s)
  step 2950  JSR  -15.2  loss 8.0574  logE[BER] -8.057  P_det_soft 0.0000  (52s)
  step 2975  JSR  -27.4  loss 1780.9479  logE[BER] -1780.948  P_det_soft 0.0000  (52s)
  step 3000  JSR  -23.5  loss 395.0086  logE[BER] -395.009  P_det_soft 0.0000  (53s)
  step 3025  JSR  -22.4  loss 292.8948  logE[BER] -292.895  P_det_soft 0.0000  (53s)
  step 3050  JSR  -16.1  loss 8.9518  logE[BER] -8.952  P_det_soft 0.0000  (54s)
  step 3075  JSR   -1.2  loss 4.6588  logE[BER] -4.659  P_det_soft 0.0000  (54s)
  step 3100  JSR  -22.8  loss 240.7169  logE[BER] -240.717  P_det_soft 0.0000  (55s)
  step 3125  JSR  -13.2  loss 6.7374  logE[BER] -6.737  P_det_soft 0.0000  (55s)
  step 3150  JSR   -0.3  loss 4.6308  logE[BER] -4.631  P_det_soft 0.0000  (55s)
  step 3175  JSR  -10.9  loss 6.2954  logE[BER] -6.295  P_det_soft 0.0000  (56s)
  step 3200  JSR   -5.9  loss 5.3524  logE[BER] -5.352  P_det_soft 0.0000  (56s)
  step 3225  JSR   -1.8  loss 4.8011  logE[BER] -4.801  P_det_soft 0.0000  (57s)
  step 3250  JSR  -26.1  loss 1296.0931  logE[BER] -1296.093  P_det_soft 0.0000  (57s)
  step 3275  JSR  -16.1  loss 7.7355  logE[BER] -7.735  P_det_soft 0.0000  (57s)
  step 3300  JSR  -16.8  loss 8.6041  logE[BER] -8.604  P_det_soft 0.0000  (58s)
  step 3325  JSR   -6.2  loss 5.4477  logE[BER] -5.448  P_det_soft 0.0000  (58s)
  step 3350  JSR  -24.2  loss 624.0928  logE[BER] -624.093  P_det_soft 0.0000  (59s)
  step 3375  JSR  -22.5  loss 534.1537  logE[BER] -534.154  P_det_soft 0.0000  (59s)
  step 3400  JSR   -4.7  loss 5.1747  logE[BER] -5.175  P_det_soft 0.0000  (59s)
  step 3425  JSR   -5.2  loss 5.2238  logE[BER] -5.224  P_det_soft 0.0000  (60s)
  step 3450  JSR  -25.7  loss 1237.8007  logE[BER] -1237.801  P_det_soft 0.0000  (60s)
  step 3475  JSR  -24.0  loss 223.7832  logE[BER] -223.783  P_det_soft 0.0000  (61s)
  step 3500  JSR  -10.3  loss 6.1153  logE[BER] -6.115  P_det_soft 0.0000  (61s)
  step 3525  JSR  -21.9  loss 18.3520  logE[BER] -18.352  P_det_soft 0.0000  (62s)
  step 3550  JSR  -26.4  loss 1329.4065  logE[BER] -1329.407  P_det_soft 0.0000  (62s)
  step 3575  JSR   -1.9  loss 4.9223  logE[BER] -4.922  P_det_soft 0.0000  (62s)
  step 3600  JSR  -19.7  loss 10.3870  logE[BER] -10.387  P_det_soft 0.0000  (63s)
  step 3625  JSR   -1.2  loss 4.6782  logE[BER] -4.678  P_det_soft 0.0000  (63s)
  step 3650  JSR  -12.8  loss 6.5902  logE[BER] -6.590  P_det_soft 0.0000  (64s)
  step 3675  JSR  -29.7  loss 1754.1169  logE[BER] -1754.117  P_det_soft 0.0000  (64s)
  step 3700  JSR  -11.8  loss 6.5857  logE[BER] -6.586  P_det_soft 0.0000  (64s)
  step 3725  JSR  -24.4  loss 493.4171  logE[BER] -493.417  P_det_soft 0.0000  (65s)
  step 3750  JSR  -14.7  loss 7.5284  logE[BER] -7.528  P_det_soft 0.0000  (65s)
  step 3775  JSR   -8.2  loss 5.7701  logE[BER] -5.770  P_det_soft 0.0000  (66s)
  step 3800  JSR   -8.0  loss 5.7777  logE[BER] -5.778  P_det_soft 0.0000  (66s)
  step 3825  JSR   -8.9  loss 5.8679  logE[BER] -5.868  P_det_soft 0.0000  (66s)
  step 3850  JSR   -6.3  loss 5.4302  logE[BER] -5.430  P_det_soft 0.0000  (67s)
  step 3875  JSR   -7.7  loss 5.7146  logE[BER] -5.715  P_det_soft 0.0000  (67s)
  step 3900  JSR  -10.6  loss 6.0912  logE[BER] -6.091  P_det_soft 0.0000  (68s)
  step 3925  JSR  -18.3  loss 9.0105  logE[BER] -9.011  P_det_soft 0.0000  (68s)
  step 3950  JSR  -20.6  loss 10.3972  logE[BER] -10.397  P_det_soft 0.0000  (69s)
  step 3975  JSR  -22.3  loss 51.4812  logE[BER] -51.481  P_det_soft 0.0000  (69s)
  step 3999  JSR  -28.6  loss 1360.4625  logE[BER] -1360.463  P_det_soft 0.0000  (69s)
wrote task0_G.pt, task0.json  (tag eff)
