node: tikgpu04.ee.ethz.ch | gpu: NVIDIA TITAN RTX
task 13 = {'target': 'spec_cnn', 'beta': 1.0}  (tag spec_cnn_b1, 32 frames/step, JSR band (-48.0, -16.0))
  target spec_cnn: threshold -3.17573, clean-frame std 0.940603 (soft_pdet width)
  step    0  JSR  -43.0  loss 3933.4567  logE[BER] -3933.290  P_det_soft 0.1666  (1s)
  step   25  JSR  -20.9  loss 1252.0591  logE[BER] -1251.064  P_det_soft 0.9954  (3s)
  step   50  JSR  -28.4  loss 2440.5519  logE[BER] -2440.005  P_det_soft 0.5467  (5s)
  step   75  JSR  -32.4  loss 3154.0962  logE[BER] -3153.727  P_det_soft 0.3689  (8s)
  step  100  JSR  -42.4  loss 3667.1836  logE[BER] -3667.065  P_det_soft 0.1185  (10s)
  step  125  JSR  -27.3  loss 2268.7117  logE[BER] -2267.912  P_det_soft 0.8000  (12s)
  step  150  JSR  -31.0  loss 2977.8613  logE[BER] -2977.471  P_det_soft 0.3906  (15s)
  step  175  JSR  -32.5  loss 2889.7410  logE[BER] -2889.443  P_det_soft 0.2978  (17s)
  step  200  JSR  -24.4  loss 1594.1061  logE[BER] -1593.168  P_det_soft 0.9382  (19s)
  step  225  JSR  -17.9  loss 207.5224  logE[BER] -206.524  P_det_soft 0.9984  (22s)
  step  250  JSR  -25.1  loss 1753.4286  logE[BER] -1752.551  P_det_soft 0.8777  (24s)
  step  275  JSR  -37.9  loss 3353.7625  logE[BER] -3353.534  P_det_soft 0.2288  (26s)
  step  300  JSR  -20.9  loss 233.7611  logE[BER] -232.768  P_det_soft 0.9931  (29s)
  step  325  JSR  -25.0  loss 1619.1568  logE[BER] -1618.253  P_det_soft 0.9037  (31s)
  step  350  JSR  -40.1  loss 3497.0834  logE[BER] -3496.935  P_det_soft 0.1484  (33s)
  step  375  JSR  -47.6  loss 3777.9279  logE[BER] -3777.717  P_det_soft 0.2113  (35s)
  step  400  JSR  -24.1  loss 1127.7306  logE[BER] -1126.785  P_det_soft 0.9453  (38s)
  step  425  JSR  -17.8  loss 10.0130  logE[BER] -9.014  P_det_soft 0.9986  (40s)
  step  450  JSR  -30.8  loss 2736.5253  logE[BER] -2736.161  P_det_soft 0.3647  (42s)
  step  475  JSR  -38.2  loss 3390.7733  logE[BER] -3390.516  P_det_soft 0.2571  (45s)
  step  500  JSR  -37.0  loss 3305.5201  logE[BER] -3305.316  P_det_soft 0.2040  (47s)
  step  525  JSR  -45.4  loss 3740.8211  logE[BER] -3740.684  P_det_soft 0.1372  (49s)
  step  550  JSR  -22.4  loss 885.0391  logE[BER] -884.051  P_det_soft 0.9878  (52s)
  step  575  JSR  -22.1  loss 865.2679  logE[BER] -864.285  P_det_soft 0.9828  (54s)
  step  600  JSR  -44.0  loss 3658.4960  logE[BER] -3658.312  P_det_soft 0.1835  (57s)
  step  625  JSR  -40.3  loss 3488.0514  logE[BER] -3487.852  P_det_soft 0.1996  (59s)
  step  650  JSR  -30.7  loss 2575.9866  logE[BER] -2575.455  P_det_soft 0.5312  (61s)
  step  675  JSR  -43.7  loss 3735.8560  logE[BER] -3735.658  P_det_soft 0.1978  (64s)
  step  700  JSR  -17.8  loss 13.5526  logE[BER] -12.554  P_det_soft 0.9985  (66s)
  step  725  JSR  -22.9  loss 768.1970  logE[BER] -767.227  P_det_soft 0.9702  (68s)
  step  750  JSR  -34.2  loss 3006.2356  logE[BER] -3005.877  P_det_soft 0.3584  (71s)
  step  775  JSR  -33.6  loss 2836.4005  logE[BER] -2836.155  P_det_soft 0.2452  (73s)
  step  800  JSR  -26.6  loss 1790.3273  logE[BER] -1789.597  P_det_soft 0.7302  (75s)
  step  825  JSR  -24.5  loss 1363.2926  logE[BER] -1362.385  P_det_soft 0.9081  (78s)
  step  850  JSR  -23.1  loss 976.2523  logE[BER] -975.305  P_det_soft 0.9470  (80s)
  step  875  JSR  -26.9  loss 1698.7159  logE[BER] -1697.971  P_det_soft 0.7449  (82s)
  step  900  JSR  -26.6  loss 1494.2815  logE[BER] -1493.516  P_det_soft 0.7651  (85s)
  step  925  JSR  -30.0  loss 1867.1719  logE[BER] -1866.674  P_det_soft 0.4978  (87s)
  step  950  JSR  -18.6  loss 93.0631  logE[BER] -92.067  P_det_soft 0.9960  (89s)
  step  975  JSR  -21.0  loss 422.2611  logE[BER] -421.273  P_det_soft 0.9883  (92s)
  step 1000  JSR  -43.6  loss 3530.8511  logE[BER] -3530.663  P_det_soft 0.1879  (94s)
  step 1025  JSR  -32.1  loss 2779.1649  logE[BER] -2778.812  P_det_soft 0.3529  (96s)
  step 1050  JSR  -43.3  loss 3610.2928  logE[BER] -3610.154  P_det_soft 0.1388  (99s)
  step 1075  JSR  -46.0  loss 3705.2939  logE[BER] -3705.159  P_det_soft 0.1348  (101s)
  step 1100  JSR  -43.4  loss 3567.3923  logE[BER] -3567.226  P_det_soft 0.1668  (103s)
  step 1125  JSR  -22.4  loss 204.5143  logE[BER] -203.555  P_det_soft 0.9593  (106s)
  step 1150  JSR  -34.1  loss 2675.0640  logE[BER] -2674.780  P_det_soft 0.2837  (108s)
  step 1175  JSR  -22.9  loss 593.6670  logE[BER] -592.709  P_det_soft 0.9576  (110s)
  step 1200  JSR  -29.4  loss 1842.6924  logE[BER] -1842.184  P_det_soft 0.5084  (113s)
  step 1225  JSR  -38.9  loss 3188.3941  logE[BER] -3188.213  P_det_soft 0.1815  (115s)
  step 1250  JSR  -38.2  loss 3060.8601  logE[BER] -3060.593  P_det_soft 0.2676  (117s)
  step 1275  JSR  -47.3  loss 3643.6351  logE[BER] -3643.486  P_det_soft 0.1486  (120s)
  step 1300  JSR  -21.7  loss 70.0897  logE[BER] -69.130  P_det_soft 0.9595  (122s)
  step 1325  JSR  -18.4  loss 7.9028  logE[BER] -6.906  P_det_soft 0.9972  (124s)
  step 1350  JSR  -17.7  loss 7.0330  logE[BER] -6.036  P_det_soft 0.9965  (127s)
  step 1375  JSR  -23.3  loss 222.1281  logE[BER] -221.229  P_det_soft 0.8989  (129s)
  step 1400  JSR  -46.4  loss 3583.0866  logE[BER] -3582.938  P_det_soft 0.1482  (132s)
  step 1425  JSR  -16.0  loss 7.4443  logE[BER] -6.446  P_det_soft 0.9986  (134s)
  step 1450  JSR  -36.2  loss 2702.4307  logE[BER] -2702.225  P_det_soft 0.2058  (136s)
  step 1475  JSR  -44.6  loss 3437.6097  logE[BER] -3437.465  P_det_soft 0.1445  (139s)
  step 1500  JSR  -26.1  loss 564.5760  logE[BER] -564.001  P_det_soft 0.5746  (141s)
  step 1525  JSR  -35.5  loss 2538.1419  logE[BER] -2537.884  P_det_soft 0.2584  (143s)
  step 1550  JSR  -30.1  loss 1433.5562  logE[BER] -1433.241  P_det_soft 0.3152  (146s)
  step 1575  JSR  -24.6  loss 239.2474  logE[BER] -238.621  P_det_soft 0.6266  (148s)
  step 1600  JSR  -27.9  loss 998.7996  logE[BER] -998.400  P_det_soft 0.4000  (150s)
  step 1625  JSR  -43.8  loss 3374.4111  logE[BER] -3374.230  P_det_soft 0.1807  (153s)
  step 1650  JSR  -28.5  loss 1086.4994  logE[BER] -1086.140  P_det_soft 0.3599  (155s)
  step 1675  JSR  -37.1  loss 2659.4184  logE[BER] -2659.210  P_det_soft 0.2089  (157s)
  step 1700  JSR  -21.0  loss 7.2988  logE[BER] -6.374  P_det_soft 0.9245  (160s)
  step 1725  JSR  -41.9  loss 3162.0079  logE[BER] -3161.801  P_det_soft 0.2071  (162s)
  step 1750  JSR  -34.8  loss 2251.0715  logE[BER] -2250.903  P_det_soft 0.1686  (165s)
  step 1775  JSR  -44.9  loss 3395.0701  logE[BER] -3394.872  P_det_soft 0.1984  (167s)
  step 1800  JSR  -45.2  loss 3422.1186  logE[BER] -3421.946  P_det_soft 0.1730  (169s)
  step 1825  JSR  -30.1  loss 1256.4049  logE[BER] -1256.163  P_det_soft 0.2423  (172s)
  step 1850  JSR  -47.2  loss 3549.1049  logE[BER] -3548.929  P_det_soft 0.1762  (174s)
  step 1875  JSR  -34.4  loss 2100.6132  logE[BER] -2100.368  P_det_soft 0.2451  (176s)
  step 1900  JSR  -20.6  loss 7.5690  logE[BER] -6.795  P_det_soft 0.7735  (179s)
  step 1925  JSR  -19.4  loss 6.9565  logE[BER] -6.121  P_det_soft 0.8360  (181s)
  step 1950  JSR  -36.8  loss 2508.6424  logE[BER] -2508.445  P_det_soft 0.1970  (183s)
  step 1975  JSR  -36.3  loss 2438.3147  logE[BER] -2438.125  P_det_soft 0.1897  (186s)
  step 2000  JSR  -25.9  loss 255.2482  logE[BER] -254.967  P_det_soft 0.2808  (188s)
  step 2025  JSR  -22.7  loss 7.4203  logE[BER] -6.816  P_det_soft 0.6045  (190s)
  step 2050  JSR  -24.5  loss 66.7180  logE[BER] -66.398  P_det_soft 0.3205  (193s)
  step 2075  JSR  -39.8  loss 2915.0865  logE[BER] -2914.897  P_det_soft 0.1894  (195s)
  step 2100  JSR  -35.0  loss 2164.9083  logE[BER] -2164.741  P_det_soft 0.1676  (198s)
  step 2125  JSR  -21.4  loss 7.2400  logE[BER] -6.613  P_det_soft 0.6266  (200s)
  step 2150  JSR  -47.8  loss 3538.3458  logE[BER] -3538.227  P_det_soft 0.1187  (202s)
  step 2175  JSR  -27.8  loss 615.5121  logE[BER] -615.293  P_det_soft 0.2189  (205s)
  step 2200  JSR  -25.3  loss 124.0743  logE[BER] -123.780  P_det_soft 0.2946  (207s)
  step 2225  JSR  -41.3  loss 3038.5485  logE[BER] -3038.401  P_det_soft 0.1477  (209s)
  step 2250  JSR  -30.3  loss 1208.3354  logE[BER] -1208.146  P_det_soft 0.1896  (212s)
  step 2275  JSR  -32.4  loss 1654.7114  logE[BER] -1654.482  P_det_soft 0.2291  (214s)
  step 2300  JSR  -44.6  loss 3332.3081  logE[BER] -3332.130  P_det_soft 0.1779  (216s)
  step 2325  JSR  -37.8  loss 2608.2342  logE[BER] -2608.107  P_det_soft 0.1273  (219s)
  step 2350  JSR  -40.4  loss 2954.8077  logE[BER] -2954.661  P_det_soft 0.1472  (221s)
  step 2375  JSR  -43.0  loss 3199.2083  logE[BER] -3199.026  P_det_soft 0.1819  (224s)
  step 2400  JSR  -44.8  loss 3339.6664  logE[BER] -3339.485  P_det_soft 0.1812  (226s)
  step 2425  JSR  -33.2  loss 1779.6080  logE[BER] -1779.478  P_det_soft 0.1297  (228s)
  step 2450  JSR  -32.5  loss 1697.1573  logE[BER] -1696.990  P_det_soft 0.1676  (231s)
  step 2475  JSR  -19.3  loss 6.9464  logE[BER] -6.238  P_det_soft 0.7081  (233s)
  step 2500  JSR  -40.8  loss 2973.0983  logE[BER] -2972.906  P_det_soft 0.1920  (235s)
  step 2525  JSR  -34.7  loss 2061.5670  logE[BER] -2061.328  P_det_soft 0.2389  (238s)
  step 2550  JSR  -33.8  loss 1904.5351  logE[BER] -1904.334  P_det_soft 0.2015  (240s)
  step 2575  JSR  -47.0  loss 3503.7103  logE[BER] -3503.490  P_det_soft 0.2206  (242s)
  step 2600  JSR  -20.3  loss 6.9040  logE[BER] -6.312  P_det_soft 0.5923  (245s)
  step 2625  JSR  -23.2  loss 7.4590  logE[BER] -7.040  P_det_soft 0.4192  (247s)
  step 2650  JSR  -23.5  loss 8.8736  logE[BER] -8.526  P_det_soft 0.3479  (250s)
  step 2675  JSR  -22.3  loss 6.5890  logE[BER] -6.241  P_det_soft 0.3477  (252s)
  step 2700  JSR  -31.5  loss 1421.8101  logE[BER] -1421.624  P_det_soft 0.1860  (254s)
  step 2725  JSR  -23.4  loss 7.3522  logE[BER] -7.095  P_det_soft 0.2574  (257s)
  step 2750  JSR  -37.6  loss 2568.4185  logE[BER] -2568.223  P_det_soft 0.1954  (259s)
  step 2775  JSR  -30.2  loss 1081.5515  logE[BER] -1081.324  P_det_soft 0.2274  (261s)
  step 2800  JSR  -23.9  loss 10.5884  logE[BER] -10.234  P_det_soft 0.3545  (264s)
  step 2825  JSR  -19.5  loss 7.1595  logE[BER] -6.528  P_det_soft 0.6311  (266s)
  step 2850  JSR  -38.0  loss 2613.0384  logE[BER] -2612.854  P_det_soft 0.1844  (268s)
  step 2875  JSR  -28.4  loss 712.1829  logE[BER] -711.940  P_det_soft 0.2434  (271s)
  step 2900  JSR  -36.5  loss 2425.1863  logE[BER] -2425.006  P_det_soft 0.1804  (273s)
  step 2925  JSR  -18.8  loss 6.7432  logE[BER] -6.015  P_det_soft 0.7280  (276s)
  step 2950  JSR  -36.4  loss 2365.9790  logE[BER] -2365.780  P_det_soft 0.1989  (278s)
  step 2975  JSR  -19.6  loss 6.6335  logE[BER] -6.013  P_det_soft 0.6209  (280s)
  step 3000  JSR  -46.9  loss 3472.3246  logE[BER] -3472.162  P_det_soft 0.1630  (283s)
  step 3025  JSR  -34.5  loss 2045.9718  logE[BER] -2045.830  P_det_soft 0.1413  (285s)
  step 3050  JSR  -32.0  loss 1523.6444  logE[BER] -1523.424  P_det_soft 0.2202  (287s)
  step 3075  JSR  -24.5  loss 39.5934  logE[BER] -39.289  P_det_soft 0.3040  (290s)
  step 3100  JSR  -31.5  loss 1459.9951  logE[BER] -1459.840  P_det_soft 0.1555  (292s)
  step 3125  JSR  -30.0  loss 1080.6824  logE[BER] -1080.473  P_det_soft 0.2090  (295s)
  step 3150  JSR  -23.1  loss 7.8837  logE[BER] -7.425  P_det_soft 0.4591  (297s)
  step 3175  JSR  -40.4  loss 2917.3937  logE[BER] -2917.194  P_det_soft 0.1999  (299s)
  step 3200  JSR  -44.9  loss 3356.7151  logE[BER] -3356.570  P_det_soft 0.1453  (302s)
  step 3225  JSR  -37.2  loss 2473.8285  logE[BER] -2473.580  P_det_soft 0.2489  (304s)
  step 3250  JSR  -16.8  loss 6.5463  logE[BER] -5.719  P_det_soft 0.8277  (306s)
  step 3275  JSR  -19.7  loss 6.7838  logE[BER] -6.178  P_det_soft 0.6058  (309s)
  step 3300  JSR  -16.8  loss 6.6713  logE[BER] -5.856  P_det_soft 0.8155  (311s)
  step 3325  JSR  -39.2  loss 2777.5961  logE[BER] -2777.380  P_det_soft 0.2156  (314s)
  step 3350  JSR  -42.7  loss 3158.5424  logE[BER] -3158.385  P_det_soft 0.1569  (316s)
  step 3375  JSR  -32.1  loss 1541.6196  logE[BER] -1541.440  P_det_soft 0.1792  (318s)
  step 3400  JSR  -25.6  loss 160.6747  logE[BER] -160.400  P_det_soft 0.2743  (321s)
  step 3425  JSR  -45.5  loss 3385.7752  logE[BER] -3385.615  P_det_soft 0.1606  (323s)
  step 3450  JSR  -25.2  loss 133.6175  logE[BER] -133.350  P_det_soft 0.2673  (326s)
  step 3475  JSR  -41.4  loss 3021.0952  logE[BER] -3020.928  P_det_soft 0.1674  (328s)
  step 3500  JSR  -42.2  loss 3101.8423  logE[BER] -3101.664  P_det_soft 0.1779  (330s)
  step 3525  JSR  -16.7  loss 6.7523  logE[BER] -5.966  P_det_soft 0.7859  (333s)
  step 3550  JSR  -32.7  loss 1648.1910  logE[BER] -1648.035  P_det_soft 0.1555  (335s)
  step 3575  JSR  -28.7  loss 775.6658  logE[BER] -775.459  P_det_soft 0.2072  (337s)
  step 3600  JSR  -39.9  loss 2873.6029  logE[BER] -2873.447  P_det_soft 0.1563  (340s)
  step 3625  JSR  -32.4  loss 1570.9416  logE[BER] -1570.780  P_det_soft 0.1617  (342s)
  step 3650  JSR  -26.6  loss 320.4081  logE[BER] -320.202  P_det_soft 0.2063  (345s)
  step 3675  JSR  -41.0  loss 3018.2059  logE[BER] -3018.039  P_det_soft 0.1673  (347s)
  step 3700  JSR  -28.0  loss 621.6879  logE[BER] -621.493  P_det_soft 0.1951  (349s)
  step 3725  JSR  -17.1  loss 6.8430  logE[BER] -6.066  P_det_soft 0.7766  (352s)
  step 3750  JSR  -31.2  loss 1329.2547  logE[BER] -1329.039  P_det_soft 0.2157  (354s)
  step 3775  JSR  -20.3  loss 6.7554  logE[BER] -6.238  P_det_soft 0.5171  (357s)
  step 3800  JSR  -18.1  loss 6.4571  logE[BER] -5.792  P_det_soft 0.6650  (359s)
  step 3825  JSR  -30.7  loss 1300.5928  logE[BER] -1300.421  P_det_soft 0.1716  (361s)
  step 3850  JSR  -40.7  loss 2936.9385  logE[BER] -2936.758  P_det_soft 0.1804  (364s)
  step 3875  JSR  -42.1  loss 3147.6100  logE[BER] -3147.430  P_det_soft 0.1797  (366s)
  step 3900  JSR  -40.2  loss 2890.1783  logE[BER] -2889.987  P_det_soft 0.1912  (368s)
  step 3925  JSR  -16.5  loss 6.4802  logE[BER] -5.706  P_det_soft 0.7743  (371s)
  step 3950  JSR  -33.3  loss 1786.9480  logE[BER] -1786.762  P_det_soft 0.1858  (373s)
  step 3975  JSR  -42.8  loss 3167.4032  logE[BER] -3167.255  P_det_soft 0.1486  (376s)
  step 3999  JSR  -16.8  loss 6.9560  logE[BER] -6.172  P_det_soft 0.7843  (378s)
wrote task13_G.pt, task13.json  (tag spec_cnn_b1)
