node: artongpu01.ee.ethz.ch | gpu: NVIDIA GeForce RTX 2080 Ti
task 3 = {'target': 'power_one_sided', 'beta': 100.0}  (tag power_one_sided_b100, 128 frames/step, JSR band (-32.0, 0.0))
  target power_one_sided: threshold 0.100354, clean-frame std 0.000141124 (soft_pdet width)
  step    0  JSR  -11.5  loss 1714.5309  logE[BER] -1614.531  P_det_soft 1.0000  (1s)
  step   25  JSR   -5.2  loss 105.5336  logE[BER] -5.534  P_det_soft 1.0000  (2s)
  step   50  JSR  -24.0  loss 2365.4418  logE[BER] -2301.922  P_det_soft 0.6352  (3s)
  step   75  JSR  -25.6  loss 2363.7146  logE[BER] -2302.694  P_det_soft 0.6102  (3s)
  step  100  JSR  -31.5  loss 3237.5776  logE[BER] -3206.183  P_det_soft 0.3139  (4s)
  step  125  JSR  -26.6  loss 2356.3547  logE[BER] -2298.630  P_det_soft 0.5772  (4s)
  step  150  JSR  -17.7  loss 678.8364  logE[BER] -579.423  P_det_soft 0.9941  (5s)
  step  175  JSR   -2.6  loss 105.3295  logE[BER] -5.329  P_det_soft 1.0000  (6s)
  step  200  JSR  -29.4  loss 2799.2070  logE[BER] -2757.684  P_det_soft 0.4152  (6s)
  step  225  JSR   -3.3  loss 105.2086  logE[BER] -5.209  P_det_soft 1.0000  (7s)
  step  250  JSR  -31.8  loss 2976.7993  logE[BER] -2945.148  P_det_soft 0.3165  (8s)
  step  275  JSR   -7.1  loss 105.9736  logE[BER] -5.974  P_det_soft 1.0000  (8s)
  step  300  JSR  -12.5  loss 107.8149  logE[BER] -7.815  P_det_soft 1.0000  (9s)
  step  325  JSR  -15.6  loss 109.7470  logE[BER] -10.505  P_det_soft 0.9924  (9s)
  step  350  JSR   -5.0  loss 105.6785  logE[BER] -5.678  P_det_soft 1.0000  (10s)
  step  375  JSR  -21.1  loss 1008.3912  logE[BER] -917.181  P_det_soft 0.9121  (11s)
  step  400  JSR  -26.2  loss 1829.9537  logE[BER] -1768.786  P_det_soft 0.6117  (11s)
  step  425  JSR  -29.3  loss 2470.1709  logE[BER] -2430.147  P_det_soft 0.4002  (12s)
  step  450  JSR   -8.9  loss 106.0998  logE[BER] -6.100  P_det_soft 1.0000  (13s)
  step  475  JSR  -21.2  loss 1064.2242  logE[BER] -972.246  P_det_soft 0.9198  (13s)
  step  500  JSR   -0.5  loss 104.7152  logE[BER] -4.715  P_det_soft 1.0000  (14s)
  step  525  JSR  -12.4  loss 107.7201  logE[BER] -7.720  P_det_soft 1.0000  (14s)
  step  550  JSR  -31.8  loss 2987.3390  logE[BER] -2949.910  P_det_soft 0.3743  (15s)
  step  575  JSR   -7.1  loss 106.0999  logE[BER] -6.100  P_det_soft 1.0000  (16s)
  step  600  JSR   -7.0  loss 105.9119  logE[BER] -5.912  P_det_soft 1.0000  (16s)
  step  625  JSR  -13.5  loss 108.5490  logE[BER] -8.549  P_det_soft 1.0000  (17s)
  step  650  JSR   -7.3  loss 105.8416  logE[BER] -5.842  P_det_soft 1.0000  (18s)
  step  675  JSR  -21.8  loss 1361.3208  logE[BER] -1272.384  P_det_soft 0.8894  (18s)
  step  700  JSR  -21.0  loss 500.6440  logE[BER] -408.968  P_det_soft 0.9168  (19s)
  step  725  JSR   -0.2  loss 104.3100  logE[BER] -4.310  P_det_soft 1.0000  (19s)
  step  750  JSR   -6.8  loss 106.2502  logE[BER] -6.250  P_det_soft 1.0000  (20s)
  step  775  JSR  -29.7  loss 2738.9654  logE[BER] -2703.834  P_det_soft 0.3513  (21s)
  step  800  JSR   -0.7  loss 104.5109  logE[BER] -4.511  P_det_soft 1.0000  (21s)
  step  825  JSR  -15.6  loss 176.1152  logE[BER] -76.116  P_det_soft 1.0000  (22s)
  step  850  JSR   -3.3  loss 105.2719  logE[BER] -5.272  P_det_soft 1.0000  (23s)
  step  875  JSR   -3.6  loss 105.2425  logE[BER] -5.243  P_det_soft 1.0000  (23s)
  step  900  JSR  -17.7  loss 181.9497  logE[BER] -82.474  P_det_soft 0.9948  (24s)
  step  925  JSR   -5.1  loss 105.4234  logE[BER] -5.423  P_det_soft 1.0000  (24s)
  step  950  JSR  -13.3  loss 107.9769  logE[BER] -7.977  P_det_soft 1.0000  (25s)
  step  975  JSR  -21.0  loss 1081.5709  logE[BER] -991.514  P_det_soft 0.9006  (26s)
  step 1000  JSR  -22.5  loss 1451.9066  logE[BER] -1374.417  P_det_soft 0.7749  (26s)
  step 1025  JSR   -0.2  loss 104.1632  logE[BER] -4.163  P_det_soft 1.0000  (27s)
  step 1050  JSR  -23.1  loss 1241.0448  logE[BER] -1159.857  P_det_soft 0.8119  (28s)
  step 1075  JSR  -24.9  loss 1586.8296  logE[BER] -1519.630  P_det_soft 0.6720  (28s)
  step 1100  JSR  -19.4  loss 418.2156  logE[BER] -323.873  P_det_soft 0.9434  (29s)
  step 1125  JSR   -8.6  loss 106.3704  logE[BER] -6.370  P_det_soft 1.0000  (29s)
  step 1150  JSR  -24.9  loss 1676.9911  logE[BER] -1613.274  P_det_soft 0.6372  (30s)
  step 1175  JSR  -28.1  loss 2321.1163  logE[BER] -2274.899  P_det_soft 0.4622  (31s)
  step 1200  JSR  -14.5  loss 108.6241  logE[BER] -8.624  P_det_soft 1.0000  (31s)
  step 1225  JSR  -28.0  loss 2098.0946  logE[BER] -2051.795  P_det_soft 0.4630  (32s)
  step 1250  JSR  -17.8  loss 108.6005  logE[BER] -10.397  P_det_soft 0.9820  (33s)
  step 1275  JSR  -19.9  loss 651.8682  logE[BER] -558.096  P_det_soft 0.9377  (33s)
  step 1300  JSR  -25.6  loss 1932.7660  logE[BER] -1873.806  P_det_soft 0.5896  (34s)
  step 1325  JSR  -25.9  loss 1812.9885  logE[BER] -1756.176  P_det_soft 0.5681  (34s)
  step 1350  JSR   -5.4  loss 105.4455  logE[BER] -5.445  P_det_soft 1.0000  (35s)
  step 1375  JSR  -14.9  loss 108.9234  logE[BER] -8.924  P_det_soft 1.0000  (36s)
  step 1400  JSR   -3.6  loss 105.1920  logE[BER] -5.192  P_det_soft 1.0000  (36s)
  step 1425  JSR  -30.2  loss 2103.9005  logE[BER] -2070.795  P_det_soft 0.3311  (37s)
  step 1450  JSR  -25.6  loss 1594.2123  logE[BER] -1528.426  P_det_soft 0.6579  (38s)
  step 1475  JSR   -1.5  loss 104.5566  logE[BER] -4.557  P_det_soft 1.0000  (38s)
  step 1500  JSR  -13.1  loss 107.7212  logE[BER] -7.721  P_det_soft 1.0000  (39s)
  step 1525  JSR  -18.2  loss 107.2561  logE[BER] -10.398  P_det_soft 0.9686  (40s)
  step 1550  JSR   -5.3  loss 105.4547  logE[BER] -5.455  P_det_soft 1.0000  (40s)
  step 1575  JSR  -27.6  loss 2125.1409  logE[BER] -2071.516  P_det_soft 0.5363  (41s)
  step 1600  JSR  -24.8  loss 1359.0508  logE[BER] -1293.413  P_det_soft 0.6564  (41s)
  step 1625  JSR  -30.9  loss 2479.0149  logE[BER] -2446.267  P_det_soft 0.3275  (42s)
  step 1650  JSR  -29.6  loss 2153.8234  logE[BER] -2118.275  P_det_soft 0.3555  (43s)
  step 1675  JSR  -26.1  loss 1926.5658  logE[BER] -1866.980  P_det_soft 0.5959  (43s)
  step 1700  JSR   -0.5  loss 104.0556  logE[BER] -4.056  P_det_soft 1.0000  (44s)
  step 1725  JSR   -7.3  loss 105.8906  logE[BER] -5.891  P_det_soft 1.0000  (45s)
  step 1750  JSR  -21.5  loss 563.7643  logE[BER] -477.444  P_det_soft 0.8632  (45s)
  step 1775  JSR  -25.3  loss 1371.1559  logE[BER] -1308.974  P_det_soft 0.6218  (46s)
  step 1800  JSR   -0.1  loss 103.9041  logE[BER] -3.904  P_det_soft 1.0000  (46s)
  step 1825  JSR  -31.5  loss 2466.0953  logE[BER] -2428.661  P_det_soft 0.3743  (47s)
  step 1850  JSR   -7.7  loss 105.8917  logE[BER] -5.892  P_det_soft 1.0000  (48s)
  step 1875  JSR   -6.5  loss 105.6440  logE[BER] -5.644  P_det_soft 1.0000  (48s)
  step 1900  JSR  -28.9  loss 2120.4401  logE[BER] -2077.420  P_det_soft 0.4302  (49s)
  step 1925  JSR   -5.3  loss 105.3899  logE[BER] -5.390  P_det_soft 1.0000  (50s)
  step 1950  JSR  -29.6  loss 1878.6566  logE[BER] -1840.520  P_det_soft 0.3814  (50s)
  step 1975  JSR  -13.2  loss 107.6099  logE[BER] -7.610  P_det_soft 1.0000  (51s)
  step 2000  JSR  -13.0  loss 106.7999  logE[BER] -6.800  P_det_soft 1.0000  (52s)
  step 2025  JSR  -13.2  loss 107.0708  logE[BER] -7.071  P_det_soft 1.0000  (52s)
  step 2050  JSR   -0.7  loss 104.1927  logE[BER] -4.193  P_det_soft 1.0000  (53s)
  step 2075  JSR   -3.6  loss 105.1171  logE[BER] -5.117  P_det_soft 1.0000  (54s)
  step 2100  JSR  -10.9  loss 106.4024  logE[BER] -6.402  P_det_soft 1.0000  (54s)
  step 2125  JSR  -10.5  loss 106.3112  logE[BER] -6.311  P_det_soft 1.0000  (55s)
  step 2150  JSR  -12.2  loss 107.2994  logE[BER] -7.299  P_det_soft 1.0000  (55s)
  step 2175  JSR  -27.5  loss 1759.0392  logE[BER] -1714.011  P_det_soft 0.4503  (56s)
  step 2200  JSR  -31.5  loss 2182.3805  logE[BER] -2149.293  P_det_soft 0.3309  (57s)
  step 2225  JSR  -25.2  loss 1100.4716  logE[BER] -1036.492  P_det_soft 0.6398  (57s)
  step 2250  JSR  -24.2  loss 1297.8371  logE[BER] -1228.619  P_det_soft 0.6922  (58s)
  step 2275  JSR  -14.4  loss 107.2795  logE[BER] -7.280  P_det_soft 1.0000  (59s)
  step 2300  JSR  -27.3  loss 1612.2236  logE[BER] -1561.921  P_det_soft 0.5030  (59s)
  step 2325  JSR  -17.8  loss 106.8960  logE[BER] -10.397  P_det_soft 0.9650  (60s)
  step 2350  JSR   -0.3  loss 103.9255  logE[BER] -3.925  P_det_soft 1.0000  (61s)
  step 2375  JSR  -19.1  loss 106.8169  logE[BER] -10.280  P_det_soft 0.9654  (61s)
  step 2400  JSR  -22.0  loss 623.8597  logE[BER] -543.474  P_det_soft 0.8039  (62s)
  step 2425  JSR  -22.5  loss 965.4444  logE[BER] -886.404  P_det_soft 0.7904  (63s)
  step 2450  JSR  -22.8  loss 594.1057  logE[BER] -520.328  P_det_soft 0.7378  (63s)
  step 2475  JSR   -1.2  loss 104.2608  logE[BER] -4.261  P_det_soft 1.0000  (64s)
  step 2500  JSR  -10.8  loss 106.7478  logE[BER] -6.748  P_det_soft 1.0000  (65s)
  step 2525  JSR  -19.9  loss 128.8072  logE[BER] -36.543  P_det_soft 0.9226  (65s)
  step 2550  JSR   -2.5  loss 104.8637  logE[BER] -4.864  P_det_soft 1.0000  (66s)
  step 2575  JSR  -27.9  loss 1641.7614  logE[BER] -1592.756  P_det_soft 0.4901  (67s)
  step 2600  JSR  -14.6  loss 107.3944  logE[BER] -7.395  P_det_soft 1.0000  (67s)
  step 2625  JSR  -24.3  loss 950.2660  logE[BER] -879.472  P_det_soft 0.7079  (68s)
  step 2650  JSR   -2.4  loss 104.8112  logE[BER] -4.811  P_det_soft 1.0000  (69s)
  step 2675  JSR   -8.4  loss 105.6204  logE[BER] -5.620  P_det_soft 1.0000  (69s)
  step 2700  JSR  -31.5  loss 2257.6363  logE[BER] -2226.491  P_det_soft 0.3114  (70s)
  step 2725  JSR  -18.9  loss 101.2864  logE[BER] -9.703  P_det_soft 0.9158  (71s)
  step 2750  JSR  -30.7  loss 1954.3040  logE[BER] -1919.105  P_det_soft 0.3520  (71s)
  step 2775  JSR  -27.3  loss 1614.3651  logE[BER] -1564.932  P_det_soft 0.4943  (72s)
  step 2800  JSR  -18.2  loss 107.9887  logE[BER] -9.304  P_det_soft 0.9868  (73s)
  step 2825  JSR   -8.1  loss 105.6351  logE[BER] -5.635  P_det_soft 1.0000  (73s)
  step 2850  JSR   -2.6  loss 104.7122  logE[BER] -4.712  P_det_soft 1.0000  (74s)
  step 2875  JSR  -23.3  loss 694.1040  logE[BER] -623.522  P_det_soft 0.7058  (75s)
  step 2900  JSR  -14.0  loss 107.0256  logE[BER] -7.027  P_det_soft 1.0000  (75s)
  step 2925  JSR   -5.1  loss 105.1572  logE[BER] -5.157  P_det_soft 1.0000  (76s)
  step 2950  JSR   -1.9  loss 104.4796  logE[BER] -4.480  P_det_soft 1.0000  (77s)
  step 2975  JSR   -9.6  loss 105.8965  logE[BER] -5.897  P_det_soft 1.0000  (77s)
  step 3000  JSR  -23.7  loss 384.9283  logE[BER] -312.646  P_det_soft 0.7228  (78s)
  step 3025  JSR  -31.8  loss 2189.8389  logE[BER] -2155.106  P_det_soft 0.3473  (79s)
  step 3050  JSR   -4.9  loss 105.1434  logE[BER] -5.143  P_det_soft 1.0000  (79s)
  step 3075  JSR  -25.5  loss 568.5515  logE[BER] -504.460  P_det_soft 0.6409  (80s)
  step 3100  JSR  -24.3  loss 795.2906  logE[BER] -727.748  P_det_soft 0.6754  (81s)
  step 3125  JSR  -11.7  loss 106.5330  logE[BER] -6.533  P_det_soft 1.0000  (81s)
  step 3150  JSR  -11.7  loss 106.6060  logE[BER] -6.606  P_det_soft 1.0000  (82s)
  step 3175  JSR  -12.6  loss 106.7312  logE[BER] -6.731  P_det_soft 1.0000  (83s)
  step 3200  JSR  -13.5  loss 106.8066  logE[BER] -6.807  P_det_soft 1.0000  (84s)
  step 3225  JSR  -30.7  loss 2215.1994  logE[BER] -2175.686  P_det_soft 0.3951  (84s)
  step 3250  JSR  -19.8  loss 103.0473  logE[BER] -10.394  P_det_soft 0.9265  (85s)
  step 3275  JSR  -24.4  loss 864.7442  logE[BER] -798.984  P_det_soft 0.6576  (86s)
  step 3300  JSR   -1.6  loss 104.3933  logE[BER] -4.393  P_det_soft 1.0000  (86s)
  step 3325  JSR  -13.2  loss 106.7455  logE[BER] -6.746  P_det_soft 1.0000  (87s)
  step 3350  JSR  -17.6  loss 105.4433  logE[BER] -8.100  P_det_soft 0.9734  (88s)
  step 3375  JSR  -16.7  loss 108.2670  logE[BER] -8.660  P_det_soft 0.9961  (88s)
  step 3400  JSR   -5.8  loss 105.4220  logE[BER] -5.422  P_det_soft 1.0000  (89s)
  step 3425  JSR  -14.2  loss 106.7575  logE[BER] -6.758  P_det_soft 1.0000  (90s)
  step 3450  JSR  -23.5  loss 926.6017  logE[BER] -859.170  P_det_soft 0.6743  (90s)
  step 3475  JSR   -1.6  loss 104.4152  logE[BER] -4.415  P_det_soft 1.0000  (91s)
  step 3500  JSR  -21.8  loss 267.5037  logE[BER] -186.810  P_det_soft 0.8069  (92s)
  step 3525  JSR  -27.8  loss 1608.5808  logE[BER] -1563.077  P_det_soft 0.4550  (92s)
  step 3550  JSR  -22.5  loss 150.4728  logE[BER] -76.924  P_det_soft 0.7355  (93s)
  step 3575  JSR   -9.4  loss 105.9299  logE[BER] -5.930  P_det_soft 1.0000  (94s)
  step 3600  JSR  -27.0  loss 1339.4574  logE[BER] -1284.628  P_det_soft 0.5483  (94s)
  step 3625  JSR  -19.3  loss 98.0583  logE[BER] -9.715  P_det_soft 0.8834  (95s)
  step 3650  JSR  -11.1  loss 105.9908  logE[BER] -5.991  P_det_soft 1.0000  (96s)
  step 3675  JSR  -30.7  loss 1883.7498  logE[BER] -1848.383  P_det_soft 0.3537  (96s)
  step 3700  JSR  -28.0  loss 1548.8775  logE[BER] -1501.545  P_det_soft 0.4733  (97s)
  step 3725  JSR  -16.5  loss 105.9376  logE[BER] -7.719  P_det_soft 0.9822  (98s)
  step 3750  JSR   -8.3  loss 105.5923  logE[BER] -5.592  P_det_soft 1.0000  (98s)
  step 3775  JSR  -16.7  loss 105.0321  logE[BER] -7.724  P_det_soft 0.9731  (99s)
  step 3800  JSR   -2.6  loss 104.6736  logE[BER] -4.674  P_det_soft 1.0000  (100s)
  step 3825  JSR   -1.3  loss 104.2600  logE[BER] -4.260  P_det_soft 1.0000  (100s)
  step 3850  JSR  -12.1  loss 106.2211  logE[BER] -6.221  P_det_soft 1.0000  (101s)
  step 3875  JSR   -8.7  loss 105.6687  logE[BER] -5.669  P_det_soft 1.0000  (102s)
  step 3900  JSR   -0.2  loss 103.9587  logE[BER] -3.959  P_det_soft 1.0000  (102s)
  step 3925  JSR   -8.3  loss 105.6796  logE[BER] -5.680  P_det_soft 1.0000  (103s)
  step 3950  JSR  -18.5  loss 108.0675  logE[BER] -10.397  P_det_soft 0.9767  (104s)
  step 3975  JSR  -14.6  loss 106.8977  logE[BER] -7.037  P_det_soft 0.9986  (104s)
  step 3999  JSR  -24.0  loss 507.9331  logE[BER] -442.441  P_det_soft 0.6549  (105s)
wrote task3_G.pt, task3.json  (tag power_one_sided_b100)
