Traceback (most recent call last):
  File "/home/rrahman/BT/Tabula Rasa/cgan/verify.py", line 644, in <module>
    sys.exit(main())
             ^^^^^^
  File "/home/rrahman/BT/Tabula Rasa/cgan/verify.py", line 636, in main
    test_baselines()
  File "/home/rrahman/BT/Tabula Rasa/cgan/verify.py", line 605, in test_baselines
    test_attacks_vs_references(L)
  File "/home/rrahman/BT/Tabula Rasa/cgan/verify.py", line 434, in test_attacks_vs_references
    r = r + channel.receive(L, attacks.pulsed_tx(L, F, N, 1.0), -3.0, delay + extra_delay,
            ^^^^^^^^^^^^^^^^^^^^^^^^^^^^^^^^^^^^^^^^^^^^^^^^^^^^^^^^^^^^^^^^^^^^^^^^^^^^^^
  File "/home/rrahman/BT/Tabula Rasa/cgan/channel.py", line 71, in receive
    y = apply(x_padded.to(torch.complex64).reshape(F, 1, 1, n_in), h)[:, 0, 0]
        ^^^^^^^^^^^^^^^^^^^^^^^^^^^^^^^^^^^^^^^^^^^^^^^^^^^^^^^^^^^^^
  File "/itet-stor/rrahman/net_scratch/bt_env/lib/python3.11/site-packages/sionna/phy/block.py", line 85, in __call__
    return super().__call__(*args, **kwargs)
           ^^^^^^^^^^^^^^^^^^^^^^^^^^^^^^^^^
  File "/itet-stor/rrahman/net_scratch/bt_env/lib/python3.11/site-packages/torch/nn/modules/module.py", line 1775, in _wrapped_call_impl
    return self._call_impl(*args, **kwargs)
           ^^^^^^^^^^^^^^^^^^^^^^^^^^^^^^^^
  File "/itet-stor/rrahman/net_scratch/bt_env/lib/python3.11/site-packages/torch/nn/modules/module.py", line 1786, in _call_impl
    return forward_call(*args, **kwargs)
           ^^^^^^^^^^^^^^^^^^^^^^^^^^^^^
  File "/itet-stor/rrahman/net_scratch/bt_env/lib/python3.11/site-packages/sionna/phy/block.py", line 89, in forward
    return self.call(*args, **kwargs)
           ^^^^^^^^^^^^^^^^^^^^^^^^^^
  File "/itet-stor/rrahman/net_scratch/bt_env/lib/python3.11/site-packages/sionna/phy/channel/apply_time_channel.py", line 190, in call
    y = (h_time * x).sum(dim=-1)
         ~~~~~~~^~~
torch.OutOfMemoryError: CUDA out of memory. Tried to allocate 4.36 GiB. GPU 0 has a total capacity of 10.75 GiB of which 1.61 GiB is free. Including non-PyTorch memory, this process has 9.14 GiB memory in use. Of the allocated memory 4.59 GiB is allocated by PyTorch, and 4.34 GiB is reserved by PyTorch but unallocated. If reserved but unallocated memory is large try setting PYTORCH_CUDA_ALLOC_CONF=expandable_segments:True to avoid fragmentation.  See documentation for Memory Management  (https://pytorch.org/docs/stable/notes/cuda.html#environment-variables)
