node: tikgpu04.ee.ethz.ch | gpu: NVIDIA TITAN RTX
device: cuda:0

[rrc0.35, sps=8] filter length 65, delay 64, c0 1.000000, kappa(inband) 7.3062

1. Waveform [rrc0.35, sps=8]
  [PASS] Gray labels: bit0 -> sign I, bit1 -> sign Q (0 -> +)       got=0           want=0           tol=1e-06
  [PASS] E|s|^2                                                     got=1           want=1           tol=0.005
  [PASS] mean power per sample == 1/sps                             got=0.125       want=0.125       tol=0.00125
  [PASS] cascade peak c0                                            got=1           want=1           tol=0.01
  [PASS] noiseless loopback BER                                     got=0           want=0           tol=0

2. Clean link vs Q(sqrt(sps*SNR)) [rrc0.35, sps=8]
  [PASS] BER(SNR=-12 dB)                                            got=0.2383      want=0.23871     tol=0.00117848
  [PASS] BER(SNR=-9 dB)                                             got=0.15804     want=0.15779     tol=0.00100793
  [PASS] BER(SNR=-6 dB)                                             got=0.078098    want=0.078158    tol=0.000742412

3. Gaussian jammer vs closed form [rrc0.35, sps=8]
  [PASS] full   noise BER(JSR=+0 dB)  kappa=1.000                   got=0.0023837   want=0.0023492   tol=0.00013472
  [PASS] full   noise BER(JSR=+5 dB)  kappa=1.000                   got=0.055911    want=0.055885    tol=0.00063546
  [PASS] full   noise BER(JSR=+10 dB)  kappa=1.000                  got=0.18539     want=0.18556     tol=0.00107478
  [PASS] inband noise BER(JSR=-8 dB)  kappa=7.306                   got=0.0043197   want=0.004303    tol=0.000181799
  [PASS] inband noise BER(JSR=-5 dB)  kappa=7.306                   got=0.031492    want=0.031414    tol=0.000482813
  [PASS] inband noise BER(JSR=+0 dB)  kappa=7.306                   got=0.14742     want=0.1477      tol=0.000981021

4. Realised JSR [rrc0.35, sps=8]
  [FAIL] noise {'band': 'full'} JSR=-10 dB: max |realised - target| dB got=90          want=0           tol=0.05
  [FAIL] noise {'band': 'full'} JSR=+3 dB: max |realised - target| dB got=27          want=0           tol=0.05
  [PASS] noise {'band': 'full'} length                              got=16448       want=16448       tol=0
  [FAIL] noise {'band': 'inband'} JSR=-10 dB: max |realised - target| dB got=90          want=0           tol=0.05
  [FAIL] noise {'band': 'inband'} JSR=+3 dB: max |realised - target| dB got=27          want=0           tol=0.05
  [PASS] noise {'band': 'inband'} length                            got=16448       want=16448       tol=0
  [FAIL] optimal {'sync': 'locked'} JSR=-10 dB: max |realised - target| dB got=90          want=0           tol=0.05
  [FAIL] optimal {'sync': 'locked'} JSR=+3 dB: max |realised - target| dB got=27          want=0           tol=0.05
  [PASS] optimal {'sync': 'locked'} length                          got=16448       want=16448       tol=0
  [FAIL] optimal {'sync': 'random_phase'} JSR=-10 dB: max |realised - target| dB got=90          want=0           tol=0.05
  [FAIL] optimal {'sync': 'random_phase'} JSR=+3 dB: max |realised - target| dB got=27          want=0           tol=0.05
  [PASS] optimal {'sync': 'random_phase'} length                    got=16448       want=16448       tol=0
  [FAIL] optimal {'sync': 'async'} JSR=-10 dB: max |realised - target| dB got=90          want=0           tol=0.05
  [FAIL] optimal {'sync': 'async'} JSR=+3 dB: max |realised - target| dB got=27          want=0           tol=0.05
  [PASS] optimal {'sync': 'async'} length                           got=16448       want=16448       tol=0

5. Optimal jammer geometry at zero noise [rrc0.35, sps=8]
  [FAIL] locked BER(JSR=-0.5 dB)                                    got=0.0012741   want=0           tol=0
  [PASS] locked BER(JSR=+0.5 dB)                                    got=0.49817     want=0.5         tol=0.00390725
  [FAIL] random_phase BER(JSR=-3.5 dB)                              got=0.029816    want=0           tol=0
  [PASS] random_phase BER(JSR=+0.0 dB)                              got=0.26855     want=0.25        tol=0.0283861
  [PASS] random_phase BER(JSR=+3.0 dB)                              got=0.34313     want=0.33312     tol=0.0308094
  [PASS] random_phase BER(JSR=+6.0 dB)                              got=0.39443     want=0.38469     tol=0.0317703

[rect, sps=4] filter length 5, delay 3, c0 1.000000, kappa(inband) 2.7500

1. Waveform [rect, sps=4]
  [PASS] Gray labels: bit0 -> sign I, bit1 -> sign Q (0 -> +)       got=0           want=0           tol=1e-06
  [PASS] E|s|^2                                                     got=1           want=1           tol=0.005
  [PASS] mean power per sample == 1/sps                             got=0.25        want=0.25        tol=0.0025
  [PASS] cascade peak c0                                            got=1           want=1           tol=0.001
  [PASS] noiseless loopback BER                                     got=0           want=0           tol=0

2. Clean link vs Q(sqrt(sps*SNR)) [rect, sps=4]
  [PASS] BER(SNR=-12 dB)                                            got=0.3078      want=0.3077      tol=0.00127584
  [PASS] BER(SNR=-9 dB)                                             got=0.23908     want=0.23897     tol=0.00117892
  [PASS] BER(SNR=-6 dB)                                             got=0.15757     want=0.15808     tol=0.00100867

3. Gaussian jammer vs closed form [rect, sps=4]
  [PASS] full   noise BER(JSR=+0 dB)  kappa=1.000                   got=0.022891    want=0.022804    tol=0.000413328
  [PASS] full   noise BER(JSR=+5 dB)  kappa=1.000                   got=0.13032     want=0.1304      tol=0.000931128
  [PASS] full   noise BER(JSR=+10 dB)  kappa=1.000                  got=0.2633      want=0.26355     tol=0.00121789
  [PASS] inband noise BER(JSR=-8 dB)  kappa=2.750                   got=0.001194    want=0.0012391   tol=9.8171e-05
  [PASS] inband noise BER(JSR=-5 dB)  kappa=2.750                   got=0.016125    want=0.016038    tol=0.000347988
  [PASS] inband noise BER(JSR=+0 dB)  kappa=2.750                   got=0.11352     want=0.11394     tol=0.000878644

4. Realised JSR [rect, sps=4]
  [FAIL] noise {'band': 'full'} JSR=-10 dB: max |realised - target| dB got=90          want=0           tol=0.05
  [FAIL] noise {'band': 'full'} JSR=+3 dB: max |realised - target| dB got=27          want=0           tol=0.05
  [PASS] noise {'band': 'full'} length                              got=8196        want=8196        tol=0
  [FAIL] noise {'band': 'inband'} JSR=-10 dB: max |realised - target| dB got=90          want=0           tol=0.05
  [FAIL] noise {'band': 'inband'} JSR=+3 dB: max |realised - target| dB got=27          want=0           tol=0.05
  [PASS] noise {'band': 'inband'} length                            got=8196        want=8196        tol=0
  [FAIL] optimal {'sync': 'locked'} JSR=-10 dB: max |realised - target| dB got=90          want=0           tol=0.05
  [FAIL] optimal {'sync': 'locked'} JSR=+3 dB: max |realised - target| dB got=27          want=0           tol=0.05
  [PASS] optimal {'sync': 'locked'} length                          got=8196        want=8196        tol=0
  [FAIL] optimal {'sync': 'random_phase'} JSR=-10 dB: max |realised - target| dB got=90          want=0           tol=0.05
  [FAIL] optimal {'sync': 'random_phase'} JSR=+3 dB: max |realised - target| dB got=27          want=0           tol=0.05
  [PASS] optimal {'sync': 'random_phase'} length                    got=8196        want=8196        tol=0
  [FAIL] optimal {'sync': 'async'} JSR=-10 dB: max |realised - target| dB got=90          want=0           tol=0.05
  [FAIL] optimal {'sync': 'async'} JSR=+3 dB: max |realised - target| dB got=27          want=0           tol=0.05
  [PASS] optimal {'sync': 'async'} length                           got=8196        want=8196        tol=0

5. Optimal jammer geometry at zero noise [rect, sps=4]
  [PASS] locked BER(JSR=-0.5 dB)                                    got=0           want=0           tol=0
  [PASS] locked BER(JSR=+0.5 dB)                                    got=0.50117     want=0.5         tol=0.00390725
  [PASS] random_phase BER(JSR=-3.5 dB)                              got=0           want=0           tol=0
  [PASS] random_phase BER(JSR=+0.0 dB)                              got=0.25328     want=0.25        tol=0.0283861
  [PASS] random_phase BER(JSR=+3.0 dB)                              got=0.33346     want=0.33312     tol=0.0308094
  [PASS] random_phase BER(JSR=+6.0 dB)                              got=0.38051     want=0.38469     tol=0.0317703

22 FAILED:
  noise {'band': 'full'} JSR=-10 dB: max |realised - target| dB
  noise {'band': 'full'} JSR=+3 dB: max |realised - target| dB
  noise {'band': 'inband'} JSR=-10 dB: max |realised - target| dB
  noise {'band': 'inband'} JSR=+3 dB: max |realised - target| dB
  optimal {'sync': 'locked'} JSR=-10 dB: max |realised - target| dB
  optimal {'sync': 'locked'} JSR=+3 dB: max |realised - target| dB
  optimal {'sync': 'random_phase'} JSR=-10 dB: max |realised - target| dB
  optimal {'sync': 'random_phase'} JSR=+3 dB: max |realised - target| dB
  optimal {'sync': 'async'} JSR=-10 dB: max |realised - target| dB
  optimal {'sync': 'async'} JSR=+3 dB: max |realised - target| dB
  locked BER(JSR=-0.5 dB)
  random_phase BER(JSR=-3.5 dB)
  noise {'band': 'full'} JSR=-10 dB: max |realised - target| dB
  noise {'band': 'full'} JSR=+3 dB: max |realised - target| dB
  noise {'band': 'inband'} JSR=-10 dB: max |realised - target| dB
  noise {'band': 'inband'} JSR=+3 dB: max |realised - target| dB
  optimal {'sync': 'locked'} JSR=-10 dB: max |realised - target| dB
  optimal {'sync': 'locked'} JSR=+3 dB: max |realised - target| dB
  optimal {'sync': 'random_phase'} JSR=-10 dB: max |realised - target| dB
  optimal {'sync': 'random_phase'} JSR=+3 dB: max |realised - target| dB
  optimal {'sync': 'async'} JSR=-10 dB: max |realised - target| dB
  optimal {'sync': 'async'} JSR=+3 dB: max |realised - target| dB
