node: tikgpu04.ee.ethz.ch | gpu: NVIDIA TITAN RTX
device: cuda:0

16. E3 team under fading: reference path, fading law, mean JSR, diversity, shift
  [PASS] team K=1 lossless == jammer_at_rx draw for draw (noise)    got=0           want=0           tol=1e-06
  [PASS] team K=1 lossless == jammer_at_rx draw for draw (pulsed)   got=0           want=0           tol=1e-06
  [PASS] team K=1 lossless == jammer_at_rx draw for draw (gan)      got=0           want=0           tol=1e-06
  [PASS] rician10: E|h|^2                                           got=1.0006      want=1           tol=0.01
  [PASS] rician10: Var|h|^2 vs Rician law                           got=0.17362     want=0.17355     tol=0.02
  [PASS] rayleigh: E|h|^2                                           got=0.9977      want=1           tol=0.01
  [PASS] rayleigh: Var|h|^2 vs Rician law                           got=0.99444     want=1           tol=0.02
  [PASS] lossless K=1: mean received JSR [dB]                       got=-10         want=-10         tol=0.05
  [PASS] lossless K=2: mean received JSR [dB]                       got=-10.004     want=-10         tol=0.05
  [PASS] lossless K=4: mean received JSR [dB]                       got=-10.004     want=-10         tol=0.05
  [PASS] rayleigh K=1: mean received JSR [dB]                       got=-9.9667     want=-10         tol=0.35
  [PASS] rayleigh K=2: mean received JSR [dB]                       got=-9.9552     want=-10         tol=0.35
  [PASS] rayleigh K=4: mean received JSR [dB]                       got=-10.03      want=-10         tol=0.35
  [PASS] rayleigh: frame-power spread K=2 / K=1 (diversity, want 1/K) got=0.51233     want=0.5         tol=0.125
  [PASS] rayleigh: frame-power spread K=4 / K=1 (diversity, want 1/K) got=0.26338     want=0.25        tol=0.0625
  [PASS] perfect G shifted == aligned (on-grid crop), JSR +0 dB     got=-0.00071436 want=0           tol=0.0125381
  [PASS] perfect G shifted == aligned (on-grid crop), JSR +3 dB     got=0.0014043   want=0           tol=0.0146542

17. D4a timing error: sigma 0 == aligned, leader exact, offset law
  [PASS] team K=2 sigma=0 == aligned draw for draw                  got=0           want=0           tol=1e-06
  [PASS] team K=1 sigma=16 == aligned draw for draw                 got=0           want=0           tol=1e-06
  [PASS] sigma=0.5: offset in [0, period)                           got=1           want=1           tol=0
  [PASS] sigma=0.5: offset mean [symbols]                           got=-0.0010856  want=0           tol=0.02
  [PASS] sigma=0.5: offset std [symbols]                            got=0.50315     want=0.5013      tol=0.01
  [PASS] sigma=2: offset in [0, period)                             got=1           want=1           tol=0
  [PASS] sigma=2: offset mean [symbols]                             got=-0.0071506  want=0           tol=0.05
  [PASS] sigma=2: offset std [symbols]                              got=2.0012      want=2.0003      tol=0.04
  [PASS] sigma=8: offset in [0, period)                             got=1           want=1           tol=0
  [PASS] sigma=8: offset mean [symbols]                             got=-0.027063   want=0           tol=0.17
  [PASS] sigma=8: offset std [symbols]                              got=8.0193      want=8.0001      tol=0.16

18. D4b learned policy: frac delay, geometry, ceiling, power, gradient
  [PASS] frac_delay(3) == roll(+3), max |error|                     got=8.4294e-07  want=0           tol=0.0001
  [PASS] frac_delay gradient in delay is finite and non-zero        got=1           want=1           tol=0
  [PASS] geom tau == d/c [symbols], max |err|                       got=0           want=0           tol=0.0001
  [PASS] geom gain ratio == free space, max |err|                   got=5.6911e-08  want=0           tol=0.0001
  [PASS] heuristic K=1 == single jammer (ceiling), T -6 dB          got=-2.6855e-05 want=0           tol=0.010228
  [PASS] heuristic K=1 == single jammer (ceiling), T -2 dB          got=0.00040576  want=0           tol=0.0134247
  [PASS] heuristic u=1: mean received total JSR [dB] == T_full      got=-7.999      want=-8          tol=0.3
  [PASS] policy u-branch gets non-zero gradient                     got=1           want=1           tol=0
  [PASS] policy delta-branch gets non-zero gradient                 got=1           want=1           tol=0
  [PASS] policy gradients finite                                    got=1           want=1           tol=0

ALL CHECKS PASS
