node: tikgpu06.ee.ethz.ch | gpu: NVIDIA GeForce RTX 3090
device: cuda:0

23. D6 arms race: retrain flags, arm A/B datasets, SNR plumbing, trained defenders
  [PASS] default jammed-frame JSR range == Li's (-20, +10) dB       got=1           want=1           tol=0
  [FAIL] defaults, seed 11: colour scale vmin == the deployed CNN's [dB] got=-44.254     want=-44.236     tol=0.01
  [FAIL] defaults, seed 11: colour scale vmax == the deployed CNN's [dB] got=39.258      want=39.275      tol=0.01
  [PASS] arm A: frames == 762 clean + 4 x 204                       got=1578        want=1578        tol=0
  [PASS] arm A: jammed JSRs inside (-35, +10) dB                    got=1           want=1           tol=0
  [PASS] arm A: fraction of jammed frames below Li's -20 dB (U: 1/3) got=0.34926     want=0.33333     tol=0.0660098
  [PASS] arm B: one extra type of N_PER_TYPE 'generator' frames, labelled jammed got=1           want=1           tol=0
  [PASS] arm B: first 1578 frames == arm A's, max |diff|            got=0           want=0           tol=0
  [PASS] arm B: generator frames != clean (mean power above the clean frames') got=1           want=1           tol=0
  [PASS] snr_db 15: mean clean power - the 30 dB default's == n0(15) - n0(30) got=0.0038376   want=0.0038278   tol=4.98278e-05
  [PASS] train_spectrogram_cnn --jsr-range -35 10 without --out-dir is refused got=1           want=1           tol=0
  [PASS] train_spectrogram_cnn --extra-gens x_G.pt without --out-dir is refused got=1           want=1           tol=0
  [PASS] train_spectrogram_cnn --snr-db 15 without --out-dir is refused got=1           want=1           tol=0
  [PASS] ... and accepted with --out-dir (range, SNR parsed)        got=1           want=1           tol=0
  [PASS] arms_eval twin_cold_b10 (twin): nearest round-0 attacker, relative weight distance < 0.18 got=1           want=1           tol=0   0.142
  [PASS] arms_eval twin_grey_b1 (twin): nearest round-0 attacker, relative weight distance < 0.18 got=1           want=1           tol=0   0.116
  [PASS] arms_eval twin_grey_b10 (twin): nearest round-0 attacker, relative weight distance < 0.18 got=1           want=1           tol=0   0.146
  [PASS] arms_eval held_r1_b10 (held-out): nearest round-0 attacker, relative weight distance > 0.20 got=1           want=1           tol=0   0.252
  [PASS] arms_eval held_r2_b10 (held-out): nearest round-0 attacker, relative weight distance > 0.20 got=1           want=1           tol=0   0.254
  [PASS] arms_eval held_r3_b10 (held-out): nearest round-0 attacker, relative weight distance > 0.20 got=1           want=1           tol=0   0.224
  [SKIP] ../artifacts/cgan/baselines/arms/snr30_A: not trained yet (submit_arms_cnn.sh)
  [SKIP] ../artifacts/cgan/baselines/arms/snr30_B: not trained yet (submit_arms_cnn.sh)
  [SKIP] ../artifacts/cgan/baselines/arms/snr15_r0: not trained yet (submit_arms_cnn.sh)
  [SKIP] ../artifacts/cgan/baselines/arms/snr15_A: not trained yet (submit_arms_cnn.sh)
  [SKIP] ../artifacts/cgan/baselines/arms/snr15_B: not trained yet (submit_arms_cnn.sh)

2 FAILED:
  defaults, seed 11: colour scale vmin == the deployed CNN's [dB]
  defaults, seed 11: colour scale vmax == the deployed CNN's [dB]
