node   : tikgpu05.ee.ethz.ch
gpu    : Tesla V100-PCIE-32GB, 535.261.03
python : /itet-stor/rrahman/net_scratch/bt_env/bin/python

ok   torch                  2.9.1+cu128
ok   cuda build             12.8
ok   cuda avail             True
ok   device                 Tesla V100-PCIE-32GB
ok   gpu matmul             1.5909e+04
FAIL sionna                 AttributeError: module 'sionna' has no attribute '__version__'
ok   sionna.phy             imported
ok   sionna QPSK chain      BER=1.00000 at low noise (expect ~0)
ok   stable-baselines3      2.9.0
ok   gymnasium              1.3.0
ok   zuko                   1.6.0
ok   torchvision            0.24.1+cu128
ok   scipy                  1.17.1
ok   matplotlib             3.11.1
ok   efficientnet_b0        5.29 M params on GPU
ok   sb3 PPO learn()        128 steps completed

ALL CHECKS PASSED
