\BOOKMARK [1][-]{section.1}{\376\377\000I\000n\000t\000r\000o\000d\000u\000c\000t\000i\000o\000n}{}% 1
\BOOKMARK [1][-]{section.2}{\376\377\000R\000e\000l\000a\000t\000e\000d\000\040\000W\000o\000r\000k\000s}{}% 2
\BOOKMARK [2][-]{subsection.2.1}{\376\377\000G\000e\000n\000e\000r\000a\000t\000i\000v\000e\000\040\000W\000a\000v\000e\000f\000o\000r\000m\000\040\000S\000y\000n\000t\000h\000e\000s\000i\000s\000\040\000a\000n\000d\000\040\000P\000h\000y\000s\000i\000c\000a\000l\000-\000L\000a\000y\000e\000r\000\040\000S\000t\000e\000a\000l\000t\000h}{section.2}% 3
\BOOKMARK [2][-]{subsection.2.2}{\376\377\000C\000o\000o\000p\000e\000r\000a\000t\000i\000v\000e\000\040\000S\000w\000a\000r\000m\000\040\000C\000o\000o\000r\000d\000i\000n\000a\000t\000i\000o\000n\000\040\000a\000n\000d\000\040\000R\000e\000s\000o\000u\000r\000c\000e\000\040\000A\000l\000l\000o\000c\000a\000t\000i\000o\000n}{section.2}% 4
\BOOKMARK [2][-]{subsection.2.3}{\376\377\000D\000e\000t\000e\000c\000t\000i\000o\000n\000\040\000M\000e\000c\000h\000a\000n\000i\000s\000m\000s}{section.2}% 5
\BOOKMARK [1][-]{section.3}{\376\377\000S\000y\000s\000t\000e\000m\000\040\000M\000o\000d\000e\000l}{}% 6
\BOOKMARK [2][-]{subsection.3.1}{\376\377\000L\000e\000g\000i\000t\000i\000m\000a\000t\000e\000\040\000L\000i\000n\000k}{section.3}% 7
\BOOKMARK [2][-]{subsection.3.2}{\376\377\000C\000h\000a\000n\000n\000e\000l\000\040\000M\000o\000d\000e\000l\000\040\000a\000n\000d\000\040\000R\000e\000c\000e\000i\000v\000e\000d\000\040\000S\000i\000g\000n\000a\000l}{section.3}% 8
\BOOKMARK [2][-]{subsection.3.3}{\376\377\000A\000t\000t\000a\000c\000k\000e\000r\000\040\000M\000o\000d\000e\000l}{section.3}% 9
\BOOKMARK [2][-]{subsection.3.4}{\376\377\000D\000e\000t\000e\000c\000t\000o\000r\000\040\000M\000o\000d\000e\000l}{section.3}% 10
\BOOKMARK [2][-]{subsection.3.5}{\376\377\000T\000h\000r\000e\000a\000t\000\040\000M\000o\000d\000e\000l}{section.3}% 11
\BOOKMARK [2][-]{subsection.3.6}{\376\377\000P\000r\000o\000b\000l\000e\000m\000\040\000F\000o\000r\000m\000u\000l\000a\000t\000i\000o\000n}{section.3}% 12
\BOOKMARK [1][-]{section.4}{\376\377\000M\000e\000t\000h\000o\000d\000o\000l\000o\000g\000y}{}% 13
\BOOKMARK [1][-]{section.5}{\376\377\000E\000x\000p\000e\000r\000i\000m\000e\000n\000t\000\040\000S\000e\000t\000u\000p}{}% 14
\BOOKMARK [1][-]{section.6}{\376\377\000R\000e\000s\000u\000l\000t\000s\000\040\000\046\000\040\000E\000v\000a\000l\000u\000a\000t\000i\000o\000n}{}% 15
\BOOKMARK [1][-]{section.7}{\376\377\000C\000o\000n\000c\000l\000u\000s\000i\000o\000n\000\040\000\046\000\040\000F\000u\000t\000u\000r\000e\000\040\000W\000o\000r\000k}{}% 16
\BOOKMARK [1][-]{section*.1}{\376\377\000A\000p\000p\000e\000n\000d\000i\000x\000\040\000A\000:\000\040\000E\000x\000p\000e\000r\000i\000m\000e\000n\000t\000\040\000H\000i\000s\000t\000o\000r\000y}{}% 17
\BOOKMARK [2][-]{subsection.Appendix.A.1}{\376\377\000S\000t\000a\000t\000i\000s\000t\000i\000c\000a\000l\000\040\000d\000e\000t\000e\000c\000t\000o\000r\000s}{section*.1}% 18
\BOOKMARK [2][-]{subsection.Appendix.A.2}{\376\377\000T\000w\000o\000\040\000c\000o\000o\000p\000e\000r\000a\000t\000i\000n\000g\000\040\000j\000a\000m\000m\000e\000r\000s}{section*.1}% 19
\BOOKMARK [2][-]{subsection.Appendix.A.3}{\376\377\000L\000e\000a\000r\000n\000e\000d\000\040\000d\000e\000t\000e\000c\000t\000i\000o\000n}{section*.1}% 20
\BOOKMARK [2][-]{subsection.Appendix.A.4}{\376\377\000P\000o\000l\000i\000c\000y\000\040\000g\000r\000a\000d\000i\000e\000n\000t\000\040\000o\000v\000e\000r\000\040\000r\000a\000w\000\040\000I\000Q}{section*.1}% 21
\BOOKMARK [2][-]{subsection.Appendix.A.5}{\376\377\000D\000e\000t\000e\000c\000t\000o\000r\000\040\000c\000h\000a\000r\000a\000c\000t\000e\000r\000i\000s\000a\000t\000i\000o\000n}{section*.1}% 22
\BOOKMARK [2][-]{subsection.Appendix.A.6}{\376\377\000R\000e\000a\000l\000i\000s\000t\000i\000c\000\040\000c\000h\000a\000n\000n\000e\000l}{section*.1}% 23
\BOOKMARK [2][-]{subsection.Appendix.A.7}{\376\377\000A\000\040\000m\000i\000n\000i\000m\000a\000l\000\040\000m\000o\000d\000e\000l\000\040\000w\000i\000t\000h\000\040\000a\000n\000\040\000o\000p\000t\000i\000m\000a\000l\000\040\000d\000e\000t\000e\000c\000t\000o\000r}{section*.1}% 24
\BOOKMARK [2][-]{subsection.Appendix.A.8}{\376\377\000R\000e\000p\000r\000o\000d\000u\000c\000i\000n\000g\000\040\000a\000\040\000g\000e\000n\000e\000r\000a\000t\000i\000v\000e\000\040\000j\000a\000m\000m\000e\000r}{section*.1}% 25
\BOOKMARK [2][-]{subsection.Appendix.A.9}{\376\377\000C\000l\000a\000s\000s\000i\000c\000a\000l\000\040\000b\000a\000s\000e\000l\000i\000n\000e\000s\000\040\000o\000n\000\040\000t\000h\000e\000\040\000w\000a\000v\000e\000f\000o\000r\000m\000\040\000l\000i\000n\000k}{section*.1}% 26
\BOOKMARK [2][-]{subsection.Appendix.A.10}{\376\377\000A\000\040\000l\000e\000a\000r\000n\000e\000d\000\040\000s\000h\000a\000p\000e\000d\000-\000n\000o\000i\000s\000e\000\040\000c\000o\000n\000t\000r\000o\000l}{section*.1}% 27
\BOOKMARK [2][-]{subsection.Appendix.A.11}{\376\377\000I\000m\000i\000t\000a\000t\000i\000o\000n\000\040\000a\000s\000\040\000i\000n\000i\000t\000i\000a\000l\000i\000z\000a\000t\000i\000o\000n}{section*.1}% 28
\BOOKMARK [2][-]{subsection.Appendix.A.12}{\376\377\000A\000\040\000f\000i\000r\000s\000t\000\040\000n\000o\000i\000s\000e\000\040\000a\000b\000l\000a\000t\000i\000o\000n}{section*.1}% 29
\BOOKMARK [2][-]{subsection.Appendix.A.13}{\376\377\000T\000i\000m\000i\000n\000g\000\040\000a\000m\000o\000n\000g\000\040\000s\000e\000v\000e\000r\000a\000l\000\040\000j\000a\000m\000m\000e\000r\000s}{section*.1}% 30
\BOOKMARK [1][-]{section*.2}{\376\377\000A\000p\000p\000e\000n\000d\000i\000x\000\040\000B\000:\000\040\000L\000i\000t\000e\000r\000a\000t\000u\000r\000e\000\040\000R\000e\000v\000i\000e\000w}{}% 31
\BOOKMARK [2][-]{subsubsection.Appendix.B.0.1}{\376\377\000U\000n\000c\000o\000o\000r\000d\000i\000n\000a\000t\000e\000d\000\040\000F\000r\000e\000q\000u\000e\000n\000c\000y\000\040\000H\000o\000p\000p\000i\000n\000g}{section*.2}% 32
\BOOKMARK [2][-]{subsection.Appendix.B.1}{\376\377\000C\000e\000n\000t\000r\000a\000l\000i\000z\000e\000d\000\040\000T\000r\000a\000i\000n\000i\000n\000g\000\040\000D\000e\000c\000e\000n\000t\000r\000a\000l\000i\000z\000e\000d\000\040\000E\000x\000e\000c\000u\000t\000i\000o\000n\000\040}{section*.2}% 33
\BOOKMARK [2][-]{subsection.Appendix.B.2}{\376\377\000M\000o\000b\000i\000l\000i\000t\000y\000-\000D\000r\000i\000v\000e\000n\000\040\000E\000v\000a\000s\000i\000o\000n\000\040\000a\000n\000d\000\040\000R\000e\000l\000o\000c\000a\000t\000i\000o\000n}{section*.2}% 34
\BOOKMARK [3][-]{subsubsection.Appendix.B.2.1}{\376\377\000D\000i\000s\000c\000r\000e\000t\000e\000\040\000T\000r\000a\000j\000e\000c\000t\000o\000r\000y\000\040\000a\000n\000d\000\040\000P\000o\000w\000e\000r\000\040\000C\000o\000-\000O\000p\000t\000i\000m\000i\000z\000a\000t\000i\000o\000n}{subsection.Appendix.B.2}% 35
\BOOKMARK [3][-]{subsubsection.Appendix.B.2.2}{\376\377\000P\000r\000o\000a\000c\000t\000i\000v\000e\000\040\000C\000o\000n\000t\000i\000n\000u\000o\000u\000s\000\040\000R\000e\000l\000o\000c\000a\000t\000i\000o\000n}{subsection.Appendix.B.2}% 36
\BOOKMARK [2][-]{subsection.Appendix.B.3}{\376\377\000R\000-\000S\000F\000L\000L\000M\000:\000\040\000J\000a\000m\000m\000i\000n\000g\000\040\000R\000e\000s\000i\000l\000i\000e\000n\000t\000\040\000S\000p\000l\000i\000t\000\040\000F\000e\000d\000e\000r\000a\000t\000e\000d\000\040\000L\000e\000a\000r\000n\000i\000n\000g}{section*.2}% 37
\BOOKMARK [1][-]{section*.3}{\376\377\000A\000p\000p\000e\000n\000d\000i\000x\000\040\000C\000:\000\040\000O\000l\000d\000\040\000R\000e\000l\000a\000t\000e\000d\000\040\000W\000o\000r\000k\000s}{}% 38
\BOOKMARK [2][-]{subsection.Appendix.C.1}{\376\377\000A\000d\000v\000e\000r\000s\000a\000r\000i\000a\000l\000\040\000P\000r\000o\000t\000o\000c\000o\000l\000-\000J\000a\000m\000m\000e\000r\000\040\000I\000n\000t\000e\000r\000a\000c\000t\000i\000o\000n\000s\000\040\000i\000n\000\040\000S\000i\000n\000g\000l\000e\000\040\000L\000i\000n\000k\000s}{section*.3}% 39
\BOOKMARK [3][-]{subsubsection.Appendix.C.1.1}{\376\377\000P\000r\000o\000t\000o\000c\000o\000l\000-\000A\000w\000a\000r\000e\000\040\000S\000m\000a\000r\000t\000\040\000J\000a\000m\000m\000i\000n\000g}{subsection.Appendix.C.1}% 40
\BOOKMARK [2][-]{subsection.Appendix.C.2}{\376\377\000M\000u\000l\000t\000i\000-\000A\000g\000e\000n\000t\000\040\000S\000i\000g\000n\000a\000l\000\040\000a\000n\000d\000\040\000P\000r\000o\000t\000o\000c\000o\000l\000\040\000A\000d\000a\000p\000t\000a\000t\000i\000o\000n}{section*.3}% 41
\BOOKMARK [3][-]{subsubsection.Appendix.C.2.1}{\376\377\000C\000o\000n\000t\000i\000n\000o\000u\000s\000\040\000P\000o\000l\000i\000c\000y\000\040\000O\000p\000t\000i\000m\000i\000z\000a\000t\000i\000o\000n}{subsection.Appendix.C.2}% 42
\BOOKMARK [3][-]{subsubsection.Appendix.C.2.2}{\376\377\000C\000e\000n\000t\000r\000a\000l\000i\000z\000e\000d\000\040\000T\000r\000a\000i\000n\000i\000n\000g\000\040\000w\000i\000t\000h\000\040\000D\000e\000c\000e\000n\000t\000r\000a\000l\000i\000z\000e\000d\000\040\000E\000x\000e\000c\000u\000t\000i\000o\000n}{subsection.Appendix.C.2}% 43
\BOOKMARK [3][-]{subsubsection.Appendix.C.2.3}{\376\377\000T\000e\000a\000m\000-\000b\000a\000s\000e\000d\000\040\000c\000o\000o\000p\000e\000r\000a\000t\000i\000v\000e\000-\000c\000o\000m\000p\000e\000t\000i\000t\000i\000v\000e\000\040\000P\000a\000r\000t\000i\000a\000l\000l\000y\000\040\000O\000b\000s\000e\000r\000v\000a\000b\000l\000e\000\040\000S\000t\000o\000c\000h\000a\000s\000t\000i\000c\000\040\000G\000a\000m\000e}{subsection.Appendix.C.2}% 44
\BOOKMARK [2][-]{subsection.Appendix.C.3}{\376\377\000J\000o\000i\000n\000t\000\040\000O\000p\000t\000i\000m\000i\000z\000a\000t\000i\000o\000n\000\040\000i\000n\000\040\000A\000d\000v\000e\000r\000s\000a\000r\000i\000a\000l\000\040\000T\000e\000a\000m\000s}{section*.3}% 45
\BOOKMARK [3][-]{subsubsection.Appendix.C.3.1}{\376\377\000C\000o\000o\000p\000e\000r\000a\000t\000i\000v\000e\000\040\000M\000u\000l\000t\000i\000-\000A\000g\000e\000n\000t\000\040\000J\000a\000m\000m\000i\000n\000g}{subsection.Appendix.C.3}% 46
\BOOKMARK [3][-]{subsubsection.Appendix.C.3.2}{\376\377\000A\000d\000v\000e\000r\000s\000a\000r\000i\000a\000l\000\040\000M\000u\000l\000t\000i\000-\000A\000g\000e\000n\000t\000\040\000R\000e\000i\000n\000f\000o\000r\000c\000e\000m\000e\000n\000t\000\040\000L\000e\000a\000r\000n\000i\000n\000g}{subsection.Appendix.C.3}% 47
\BOOKMARK [2][-]{subsection.Appendix.C.4}{\376\377\000L\000a\000r\000g\000e\000\040\000L\000a\000n\000g\000u\000a\000g\000e\000\040\000M\000o\000d\000e\000l\000s\000\040\000a\000n\000d\000\040\000G\000e\000n\000e\000r\000a\000t\000i\000v\000e\000\040\000A\000I}{section*.3}% 48
\BOOKMARK [3][-]{subsubsection.Appendix.C.4.1}{\376\377\000W\000i\000r\000e\000l\000e\000s\000s\000A\000g\000e\000n\000t\000:\000\040\000L\000L\000M\000-\000D\000r\000i\000v\000e\000n\000\040\000R\000e\000a\000s\000o\000n\000i\000n\000g}{subsection.Appendix.C.4}% 49
\BOOKMARK [3][-]{subsubsection.Appendix.C.4.2}{\376\377\000G\000e\000n\000e\000r\000a\000t\000i\000v\000e\000\040\000A\000d\000v\000e\000r\000s\000a\000r\000i\000a\000l\000\040\000N\000e\000t\000w\000o\000r\000k\000s\000\040\000f\000o\000r\000\040\000C\000o\000o\000p\000e\000r\000a\000t\000i\000v\000e\000\040\000J\000a\000m\000m\000i\000n\000g}{subsection.Appendix.C.4}% 50
\BOOKMARK [2][-]{subsection.Appendix.C.5}{\376\377\000C\000o\000n\000c\000l\000u\000s\000i\000o\000n}{section*.3}% 51
