node: tikgpu04.ee.ethz.ch | gpu: NVIDIA TITAN RTX
env both = {'noise_unc_db': 0.5, 'rician_k_db': 12.0} | detectors ['energy', 'energy_2s', 'kurtosis', 'spec_cnn', 'energy_csi'] | 4 JSR points x 64 frames | NVIDIA TITAN RTX
clean: BER 0.00e+00 PER 0.0000 | realised FAR energy 0.0381 energy_2s 0.0352 energy_csi 0.0635 kurtosis 0.0557 spec_cnn 0.0596
  omniscient_e1      done (4s): max BER 1.000e+00, PER at +15 dB 1.000, P_det at +15 dB energy 0.03 energy_2s 0.03 kurtosis 0.11 spec_cnn 0.06 energy_csi 0.06, DC share 0.007
  omniscient_e0.1    done (0s): max BER 9.414e-01, PER at +15 dB 1.000, P_det at +15 dB energy 0.00 energy_2s 1.00 kurtosis 1.00 spec_cnn 0.06 energy_csi 0.00, DC share 0.005
  noise              done (0s): max BER 3.251e-01, PER at +15 dB 1.000, P_det at +15 dB energy 1.00 energy_2s 1.00 kurtosis 1.00 spec_cnn 0.88 energy_csi 1.00, DC share 0.001
  pulsed_p1          done (0s): max BER 4.506e-01, PER at +15 dB 1.000, P_det at +15 dB energy 1.00 energy_2s 1.00 kurtosis 0.98 spec_cnn 0.08 energy_csi 1.00, DC share 0.008
  pulsed_p0.5        done (0s): max BER 3.426e-01, PER at +15 dB 1.000, P_det at +15 dB energy 1.00 energy_2s 1.00 kurtosis 1.00 spec_cnn 0.09 energy_csi 1.00, DC share 0.007
  pulsed_p0.25       done (0s): max BER 2.496e-01, PER at +15 dB 1.000, P_det at +15 dB energy 1.00 energy_2s 1.00 kurtosis 1.00 spec_cnn 0.00 energy_csi 1.00, DC share 0.008
  pulsed_p0.1        done (0s): max BER 1.279e-01, PER at +15 dB 1.000, P_det at +15 dB energy 1.00 energy_2s 1.00 kurtosis 1.00 spec_cnn 0.00 energy_csi 1.00, DC share 0.009
  pulsed_p0.05       done (0s): max BER 8.960e-02, PER at +15 dB 1.000, P_det at +15 dB energy 1.00 energy_2s 1.00 kurtosis 1.00 spec_cnn 0.02 energy_csi 1.00, DC share 0.007
  pulsed_p0.02       done (0s): max BER 4.718e-02, PER at +15 dB 0.922, P_det at +15 dB energy 0.92 energy_2s 0.92 kurtosis 0.92 spec_cnn 0.02 energy_csi 0.94, DC share 0.007
  pulsed_p0.01       done (0s): max BER 2.661e-02, PER at +15 dB 0.734, P_det at +15 dB energy 0.77 energy_2s 0.73 kurtosis 0.75 spec_cnn 0.02 energy_csi 0.73, DC share 0.006
  tone               done (0s): max BER 4.740e-01, PER at +15 dB 1.000, P_det at +15 dB energy 1.00 energy_2s 1.00 kurtosis 1.00 spec_cnn 0.08 energy_csi 1.00, DC share 1.000
  pulse_comb         done (0s): max BER 1.058e-01, PER at +15 dB 1.000, P_det at +15 dB energy 1.00 energy_2s 1.00 kurtosis 1.00 spec_cnn 0.00 energy_csi 1.00, DC share 0.016
  zhou_cgan          done (0s): max BER 4.382e-01, PER at +15 dB 1.000, P_det at +15 dB energy 1.00 energy_2s 1.00 kurtosis 0.55 spec_cnn 0.67 energy_csi 1.00, DC share 0.015
  control_r0         done (0s): max BER 2.651e-01, PER at +15 dB 1.000, P_det at +15 dB energy 1.00 energy_2s 1.00 kurtosis 1.00 spec_cnn 0.77 energy_csi 1.00, DC share 0.001
  control_r1         done (0s): max BER 2.871e-01, PER at +15 dB 1.000, P_det at +15 dB energy 1.00 energy_2s 1.00 kurtosis 1.00 spec_cnn 1.00 energy_csi 1.00, DC share 0.002
  control_r2         done (0s): max BER 2.690e-01, PER at +15 dB 1.000, P_det at +15 dB energy 1.00 energy_2s 1.00 kurtosis 1.00 spec_cnn 0.98 energy_csi 1.00, DC share 0.002
  cnn_b10_r0         done (0s): max BER 3.030e-01, PER at +15 dB 1.000, P_det at +15 dB energy 1.00 energy_2s 1.00 kurtosis 0.81 spec_cnn 0.00 energy_csi 1.00, DC share 0.002
  cnn_b10_r1         done (0s): max BER 2.911e-01, PER at +15 dB 1.000, P_det at +15 dB energy 1.00 energy_2s 1.00 kurtosis 0.81 spec_cnn 0.00 energy_csi 1.00, DC share 0.004
  cnn_b10_r2         done (0s): max BER 2.947e-01, PER at +15 dB 1.000, P_det at +15 dB energy 1.00 energy_2s 1.00 kurtosis 0.69 spec_cnn 0.00 energy_csi 1.00, DC share 0.000
  energy_b10_r0      done (0s): max BER 2.548e-01, PER at +15 dB 1.000, P_det at +15 dB energy 1.00 energy_2s 1.00 kurtosis 1.00 spec_cnn 0.75 energy_csi 1.00, DC share 0.015
  kurtosis_b10_r0    done (0s): max BER 3.091e-01, PER at +15 dB 1.000, P_det at +15 dB energy 1.00 energy_2s 1.00 kurtosis 1.00 spec_cnn 0.14 energy_csi 1.00, DC share 0.001
wrote ../artifacts/final/_smoke/both/eval.json in 13s
