node: tikgpu04.ee.ethz.ch | gpu: NVIDIA TITAN RTX
env both = {'noise_unc_db': 0.5, 'rician_k_db': 12.0} | detectors ['energy', 'energy_2s', 'kurtosis', 'spec_cnn', 'energy_csi'] | 66 JSR points x 512 frames | NVIDIA TITAN RTX
clean: BER 0.00e+00 PER 0.0000 | realised FAR energy 0.0432 energy_2s 0.0427 energy_csi 0.0527 kurtosis 0.0522 spec_cnn 0.0439
  omniscient_e1      done (18s): max BER 1.000e+00, PER at +15 dB 1.000, P_det at +15 dB energy 0.07 energy_2s 0.07 kurtosis 0.06 spec_cnn 0.04 energy_csi 0.07, DC share 0.008
  omniscient_e0.1    done (18s): max BER 9.369e-01, PER at +15 dB 1.000, P_det at +15 dB energy 0.00 energy_2s 1.00 kurtosis 1.00 spec_cnn 0.00 energy_csi 0.00, DC share 0.008
  noise              done (18s): max BER 3.125e-01, PER at +15 dB 1.000, P_det at +15 dB energy 1.00 energy_2s 1.00 kurtosis 1.00 spec_cnn 1.00 energy_csi 1.00, DC share 0.001
  pulsed_p1          done (19s): max BER 4.459e-01, PER at +15 dB 1.000, P_det at +15 dB energy 1.00 energy_2s 1.00 kurtosis 1.00 spec_cnn 1.00 energy_csi 1.00, DC share 0.008
  pulsed_p0.5        done (19s): max BER 3.495e-01, PER at +15 dB 1.000, P_det at +15 dB energy 1.00 energy_2s 1.00 kurtosis 1.00 spec_cnn 1.00 energy_csi 1.00, DC share 0.007
  pulsed_p0.25       done (19s): max BER 2.498e-01, PER at +15 dB 1.000, P_det at +15 dB energy 1.00 energy_2s 1.00 kurtosis 1.00 spec_cnn 1.00 energy_csi 1.00, DC share 0.008
  pulsed_p0.1        done (19s): max BER 1.469e-01, PER at +15 dB 1.000, P_det at +15 dB energy 1.00 energy_2s 1.00 kurtosis 1.00 spec_cnn 1.00 energy_csi 1.00, DC share 0.008
  pulsed_p0.05       done (19s): max BER 8.752e-02, PER at +15 dB 1.000, P_det at +15 dB energy 1.00 energy_2s 1.00 kurtosis 1.00 spec_cnn 1.00 energy_csi 1.00, DC share 0.008
  pulsed_p0.02       done (19s): max BER 4.410e-02, PER at +15 dB 0.947, P_det at +15 dB energy 0.95 energy_2s 0.95 kurtosis 0.95 spec_cnn 0.93 energy_csi 0.95, DC share 0.007
  pulsed_p0.01       done (19s): max BER 2.505e-02, PER at +15 dB 0.762, P_det at +15 dB energy 0.78 energy_2s 0.78 kurtosis 0.77 spec_cnn 0.72 energy_csi 0.78, DC share 0.005
  tone               done (19s): max BER 4.662e-01, PER at +15 dB 1.000, P_det at +15 dB energy 1.00 energy_2s 1.00 kurtosis 1.00 spec_cnn 1.00 energy_csi 1.00, DC share 1.000
  pulse_comb         done (19s): max BER 1.116e-01, PER at +15 dB 1.000, P_det at +15 dB energy 1.00 energy_2s 1.00 kurtosis 1.00 spec_cnn 1.00 energy_csi 1.00, DC share 0.016
  zhou_cgan          done (19s): max BER 4.331e-01, PER at +15 dB 1.000, P_det at +15 dB energy 1.00 energy_2s 1.00 kurtosis 0.49 spec_cnn 1.00 energy_csi 1.00, DC share 0.015
  control_r0         done (19s): max BER 3.825e-02, PER at +15 dB 1.000, P_det at +15 dB energy 1.00 energy_2s 1.00 kurtosis 1.00 spec_cnn 1.00 energy_csi 1.00, DC share 0.010
  control_r1         done (19s): max BER 5.623e-02, PER at +15 dB 1.000, P_det at +15 dB energy 1.00 energy_2s 1.00 kurtosis 1.00 spec_cnn 1.00 energy_csi 1.00, DC share 0.007
  control_r2         done (19s): max BER 5.146e-02, PER at +15 dB 1.000, P_det at +15 dB energy 1.00 energy_2s 1.00 kurtosis 1.00 spec_cnn 1.00 energy_csi 1.00, DC share 0.006
  cnn_b10_r0         done (19s): max BER 1.178e-01, PER at +15 dB 1.000, P_det at +15 dB energy 1.00 energy_2s 1.00 kurtosis 0.96 spec_cnn 1.00 energy_csi 1.00, DC share 0.003
  cnn_b10_r1         done (19s): max BER 1.027e-01, PER at +15 dB 1.000, P_det at +15 dB energy 1.00 energy_2s 1.00 kurtosis 1.00 spec_cnn 1.00 energy_csi 1.00, DC share 0.003
  cnn_b10_r2         done (19s): max BER 1.344e-01, PER at +15 dB 1.000, P_det at +15 dB energy 1.00 energy_2s 1.00 kurtosis 0.93 spec_cnn 1.00 energy_csi 1.00, DC share 0.001
  energy_b10_r0      done (19s): max BER 1.871e-01, PER at +15 dB 1.000, P_det at +15 dB energy 1.00 energy_2s 1.00 kurtosis 1.00 spec_cnn 1.00 energy_csi 1.00, DC share 0.010
  kurtosis_b10_r0    done (19s): max BER 1.092e-01, PER at +15 dB 1.000, P_det at +15 dB energy 1.00 energy_2s 1.00 kurtosis 1.00 spec_cnn 1.00 energy_csi 1.00, DC share 0.002
wrote ../artifacts/final/both/eval.json in 404s
