node: tikgpu05.ee.ethz.ch | gpu: NVIDIA TITAN RTX
env fading_k28 = {'noise_unc_db': 0.0, 'rician_k_db': 28.0} | detectors ['energy', 'energy_2s', 'kurtosis', 'spec_cnn', 'energy_csi'] | 66 JSR points x 512 frames | NVIDIA TITAN RTX
clean: BER 0.00e+00 PER 0.0000 | realised FAR energy 0.0505 energy_2s 0.0476 energy_csi 0.0513 kurtosis 0.0549 spec_cnn 0.0505
  omniscient_e1      done (17s): max BER 1.000e+00, PER at +15 dB 1.000, P_det at +15 dB energy 0.05 energy_2s 0.06 kurtosis 0.05 spec_cnn 0.04 energy_csi 0.06, DC share 0.008
  omniscient_e0.1    done (17s): max BER 9.448e-01, PER at +15 dB 1.000, P_det at +15 dB energy 0.00 energy_2s 1.00 kurtosis 1.00 spec_cnn 0.00 energy_csi 0.00, DC share 0.008
  noise              done (17s): max BER 3.078e-01, PER at +15 dB 1.000, P_det at +15 dB energy 1.00 energy_2s 1.00 kurtosis 1.00 spec_cnn 1.00 energy_csi 1.00, DC share 0.001
  pulsed_p1          done (17s): max BER 4.421e-01, PER at +15 dB 1.000, P_det at +15 dB energy 1.00 energy_2s 1.00 kurtosis 1.00 spec_cnn 1.00 energy_csi 1.00, DC share 0.008
  pulsed_p0.5        done (17s): max BER 3.500e-01, PER at +15 dB 1.000, P_det at +15 dB energy 1.00 energy_2s 1.00 kurtosis 1.00 spec_cnn 1.00 energy_csi 1.00, DC share 0.007
  pulsed_p0.25       done (17s): max BER 2.477e-01, PER at +15 dB 1.000, P_det at +15 dB energy 1.00 energy_2s 1.00 kurtosis 1.00 spec_cnn 1.00 energy_csi 1.00, DC share 0.008
  pulsed_p0.1        done (17s): max BER 1.462e-01, PER at +15 dB 1.000, P_det at +15 dB energy 1.00 energy_2s 1.00 kurtosis 1.00 spec_cnn 1.00 energy_csi 1.00, DC share 0.008
  pulsed_p0.05       done (17s): max BER 8.844e-02, PER at +15 dB 1.000, P_det at +15 dB energy 1.00 energy_2s 1.00 kurtosis 1.00 spec_cnn 1.00 energy_csi 1.00, DC share 0.008
  pulsed_p0.02       done (17s): max BER 4.326e-02, PER at +15 dB 0.945, P_det at +15 dB energy 0.95 energy_2s 0.95 kurtosis 0.95 spec_cnn 0.95 energy_csi 0.95, DC share 0.007
  pulsed_p0.01       done (17s): max BER 2.576e-02, PER at +15 dB 0.777, P_det at +15 dB energy 0.79 energy_2s 0.79 kurtosis 0.79 spec_cnn 0.79 energy_csi 0.79, DC share 0.006
  tone               done (17s): max BER 4.689e-01, PER at +15 dB 1.000, P_det at +15 dB energy 1.00 energy_2s 1.00 kurtosis 1.00 spec_cnn 1.00 energy_csi 1.00, DC share 1.000
  pulse_comb         done (17s): max BER 1.088e-01, PER at +15 dB 1.000, P_det at +15 dB energy 1.00 energy_2s 1.00 kurtosis 1.00 spec_cnn 1.00 energy_csi 1.00, DC share 0.016
  zhou_cgan          done (18s): max BER 4.305e-01, PER at +15 dB 1.000, P_det at +15 dB energy 1.00 energy_2s 1.00 kurtosis 0.54 spec_cnn 1.00 energy_csi 1.00, DC share 0.015
  control_r0         done (18s): max BER 3.348e-02, PER at +15 dB 1.000, P_det at +15 dB energy 1.00 energy_2s 1.00 kurtosis 1.00 spec_cnn 1.00 energy_csi 1.00, DC share 0.008
  control_r1         done (18s): max BER 3.922e-02, PER at +15 dB 1.000, P_det at +15 dB energy 1.00 energy_2s 1.00 kurtosis 1.00 spec_cnn 1.00 energy_csi 1.00, DC share 0.007
  control_r2         done (18s): max BER 2.857e-02, PER at +15 dB 1.000, P_det at +15 dB energy 1.00 energy_2s 1.00 kurtosis 1.00 spec_cnn 1.00 energy_csi 1.00, DC share 0.009
  cnn_b10_r0         done (18s): max BER 4.519e-02, PER at +15 dB 1.000, P_det at +15 dB energy 1.00 energy_2s 1.00 kurtosis 1.00 spec_cnn 1.00 energy_csi 1.00, DC share 0.009
  cnn_b10_r1         done (18s): max BER 7.455e-02, PER at +15 dB 1.000, P_det at +15 dB energy 1.00 energy_2s 1.00 kurtosis 1.00 spec_cnn 1.00 energy_csi 1.00, DC share 0.005
  cnn_b10_r2         done (18s): max BER 4.688e-02, PER at +15 dB 1.000, P_det at +15 dB energy 1.00 energy_2s 1.00 kurtosis 1.00 spec_cnn 1.00 energy_csi 1.00, DC share 0.006
  energy_b10_r0      done (18s): max BER 2.444e-02, PER at +15 dB 0.996, P_det at +15 dB energy 1.00 energy_2s 1.00 kurtosis 0.99 spec_cnn 1.00 energy_csi 1.00, DC share 0.000
  kurtosis_b10_r0    done (18s): max BER 2.647e-02, PER at +15 dB 1.000, P_det at +15 dB energy 1.00 energy_2s 1.00 kurtosis 1.00 spec_cnn 1.00 energy_csi 1.00, DC share 0.007
wrote ../artifacts/final/fading_k28/eval.json in 372s
