node: tikgpu05.ee.ethz.ch | gpu: NVIDIA TITAN RTX
env noise = {'noise_unc_db': 0.5, 'rician_k_db': None} | task control_r1 = {'target': None, 'beta': 0.0, 'cgan_task': 0} | seed 5000 | band (-32.0, 0.0) | 128 frames/step | 4000 steps | device cuda:0
  step    0  JSR  -12.5  loss 63.7802  logE[BER] -63.780  P_det_soft 0.0000  (1s)
  step   25  JSR  -19.8  loss 33.9609  logE[BER] -33.961  P_det_soft 0.0000  (2s)
  step   50  JSR  -28.2  loss 76.5099  logE[BER] -76.510  P_det_soft 0.0000  (3s)
  step   75  JSR  -16.3  loss 18.0247  logE[BER] -18.025  P_det_soft 0.0000  (3s)
  step  100  JSR  -27.3  loss 76.4368  logE[BER] -76.437  P_det_soft 0.0000  (4s)
  step  125  JSR  -26.4  loss 70.5662  logE[BER] -70.566  P_det_soft 0.0000  (4s)
  step  150  JSR  -22.4  loss 55.5759  logE[BER] -55.576  P_det_soft 0.0000  (5s)
  step  175  JSR   -2.0  loss 4.1094  logE[BER] -4.109  P_det_soft 0.0000  (5s)
  step  200  JSR   -0.4  loss 3.9249  logE[BER] -3.925  P_det_soft 0.0000  (6s)
  step  225  JSR  -24.4  loss 65.4203  logE[BER] -65.420  P_det_soft 0.0000  (6s)
  step  250  JSR  -16.3  loss 20.7503  logE[BER] -20.750  P_det_soft 0.0000  (7s)
  step  275  JSR  -14.2  loss 14.8321  logE[BER] -14.832  P_det_soft 0.0000  (8s)
  step  300  JSR  -20.6  loss 38.1172  logE[BER] -38.117  P_det_soft 0.0000  (8s)
  step  325  JSR   -5.5  loss 5.2484  logE[BER] -5.248  P_det_soft 0.0000  (9s)
  step  350  JSR  -16.2  loss 11.0662  logE[BER] -11.066  P_det_soft 0.0000  (9s)
  step  375  JSR   -9.9  loss 6.1900  logE[BER] -6.190  P_det_soft 0.0000  (10s)
  step  400  JSR  -28.9  loss 75.3703  logE[BER] -75.370  P_det_soft 0.0000  (10s)
  step  425  JSR  -31.5  loss 81.3668  logE[BER] -81.367  P_det_soft 0.0000  (11s)
  step  450  JSR  -17.4  loss 14.0953  logE[BER] -14.095  P_det_soft 0.0000  (11s)
  step  475  JSR  -14.2  loss 7.0968  logE[BER] -7.097  P_det_soft 0.0000  (12s)
  step  500  JSR  -14.8  loss 7.4536  logE[BER] -7.454  P_det_soft 0.0000  (13s)
  step  525  JSR  -10.9  loss 6.3095  logE[BER] -6.309  P_det_soft 0.0000  (13s)
  step  550  JSR  -19.0  loss 14.8825  logE[BER] -14.882  P_det_soft 0.0000  (14s)
  step  575  JSR  -18.2  loss 10.7611  logE[BER] -10.761  P_det_soft 0.0000  (14s)
  step  600  JSR   -9.1  loss 5.6181  logE[BER] -5.618  P_det_soft 0.0000  (15s)
  step  625  JSR   -0.7  loss 4.2103  logE[BER] -4.210  P_det_soft 0.0000  (15s)
  step  650  JSR  -17.4  loss 8.7903  logE[BER] -8.790  P_det_soft 0.0000  (16s)
  step  675  JSR   -6.3  loss 5.2569  logE[BER] -5.257  P_det_soft 0.0000  (17s)
  step  700  JSR  -25.9  loss 59.5066  logE[BER] -59.507  P_det_soft 0.0000  (17s)
  step  725  JSR  -22.7  loss 36.9995  logE[BER] -37.000  P_det_soft 0.0000  (18s)
  step  750  JSR  -13.1  loss 6.1417  logE[BER] -6.142  P_det_soft 0.0000  (18s)
  step  775  JSR   -8.1  loss 5.2065  logE[BER] -5.207  P_det_soft 0.0000  (19s)
  step  800  JSR  -11.5  loss 5.8659  logE[BER] -5.866  P_det_soft 0.0000  (19s)
  step  825  JSR   -5.2  loss 4.8788  logE[BER] -4.879  P_det_soft 0.0000  (20s)
  step  850  JSR  -30.8  loss 77.2205  logE[BER] -77.220  P_det_soft 0.0000  (20s)
  step  875  JSR   -0.8  loss 4.5582  logE[BER] -4.558  P_det_soft 0.0000  (21s)
  step  900  JSR  -21.5  loss 28.0410  logE[BER] -28.041  P_det_soft 0.0000  (22s)
  step  925  JSR   -2.5  loss 4.9191  logE[BER] -4.919  P_det_soft 0.0000  (22s)
  step  950  JSR  -27.5  loss 66.6940  logE[BER] -66.694  P_det_soft 0.0000  (23s)
  step  975  JSR  -26.7  loss 56.8059  logE[BER] -56.806  P_det_soft 0.0000  (23s)
  step 1000  JSR   -8.8  loss 5.6220  logE[BER] -5.622  P_det_soft 0.0000  (24s)
  step 1025  JSR  -25.2  loss 43.5744  logE[BER] -43.574  P_det_soft 0.0000  (24s)
  step 1050  JSR   -7.7  loss 4.9433  logE[BER] -4.943  P_det_soft 0.0000  (25s)
  step 1075  JSR   -9.3  loss 5.2476  logE[BER] -5.248  P_det_soft 0.0000  (25s)
  step 1100  JSR  -26.3  loss 51.6501  logE[BER] -51.650  P_det_soft 0.0000  (26s)
  step 1125  JSR   -5.4  loss 4.6195  logE[BER] -4.619  P_det_soft 0.0000  (27s)
  step 1150  JSR  -27.7  loss 63.0709  logE[BER] -63.071  P_det_soft 0.0000  (27s)
  step 1175  JSR   -8.2  loss 5.2645  logE[BER] -5.265  P_det_soft 0.0000  (28s)
  step 1200  JSR  -20.0  loss 9.9392  logE[BER] -9.939  P_det_soft 0.0000  (28s)
  step 1225  JSR   -4.8  loss 4.8020  logE[BER] -4.802  P_det_soft 0.0000  (29s)
  step 1250  JSR   -0.9  loss 4.2187  logE[BER] -4.219  P_det_soft 0.0000  (29s)
  step 1275  JSR  -13.4  loss 5.8345  logE[BER] -5.834  P_det_soft 0.0000  (30s)
  step 1300  JSR  -16.5  loss 6.3609  logE[BER] -6.361  P_det_soft 0.0000  (31s)
  step 1325  JSR  -14.5  loss 6.0294  logE[BER] -6.029  P_det_soft 0.0000  (31s)
  step 1350  JSR   -7.5  loss 5.0099  logE[BER] -5.010  P_det_soft 0.0000  (32s)
  step 1375  JSR  -23.4  loss 25.3875  logE[BER] -25.387  P_det_soft 0.0000  (32s)
  step 1400  JSR   -6.4  loss 5.0859  logE[BER] -5.086  P_det_soft 0.0000  (33s)
  step 1425  JSR  -29.9  loss 59.7024  logE[BER] -59.702  P_det_soft 0.0000  (33s)
  step 1450  JSR  -14.2  loss 5.9476  logE[BER] -5.948  P_det_soft 0.0000  (34s)
  step 1475  JSR   -8.2  loss 5.2875  logE[BER] -5.288  P_det_soft 0.0000  (34s)
  step 1500  JSR   -6.4  loss 4.8911  logE[BER] -4.891  P_det_soft 0.0000  (35s)
  step 1525  JSR  -31.8  loss 74.4431  logE[BER] -74.443  P_det_soft 0.0000  (36s)
  step 1550  JSR  -14.7  loss 5.7589  logE[BER] -5.759  P_det_soft 0.0000  (36s)
  step 1575  JSR   -9.0  loss 5.2067  logE[BER] -5.207  P_det_soft 0.0000  (37s)
  step 1600  JSR  -12.1  loss 5.5637  logE[BER] -5.564  P_det_soft 0.0000  (37s)
  step 1625  JSR  -27.3  loss 42.7791  logE[BER] -42.779  P_det_soft 0.0000  (38s)
  step 1650  JSR  -13.4  loss 5.6557  logE[BER] -5.656  P_det_soft 0.0000  (38s)
  step 1675  JSR   -9.5  loss 5.3858  logE[BER] -5.386  P_det_soft 0.0000  (39s)
  step 1700  JSR  -17.1  loss 6.0964  logE[BER] -6.096  P_det_soft 0.0000  (40s)
  step 1725  JSR  -29.8  loss 48.5280  logE[BER] -48.528  P_det_soft 0.0000  (40s)
  step 1750  JSR  -16.2  loss 5.7892  logE[BER] -5.789  P_det_soft 0.0000  (41s)
  step 1775  JSR  -27.0  loss 31.9613  logE[BER] -31.961  P_det_soft 0.0000  (41s)
  step 1800  JSR  -13.5  loss 5.6685  logE[BER] -5.669  P_det_soft 0.0000  (42s)
  step 1825  JSR   -9.2  loss 5.2461  logE[BER] -5.246  P_det_soft 0.0000  (42s)
  step 1850  JSR   -7.6  loss 5.0799  logE[BER] -5.080  P_det_soft 0.0000  (43s)
  step 1875  JSR  -14.3  loss 5.6284  logE[BER] -5.628  P_det_soft 0.0000  (44s)
  step 1900  JSR   -4.2  loss 4.8213  logE[BER] -4.821  P_det_soft 0.0000  (44s)
  step 1925  JSR  -13.7  loss 5.8322  logE[BER] -5.832  P_det_soft 0.0000  (45s)
  step 1950  JSR   -2.7  loss 4.8319  logE[BER] -4.832  P_det_soft 0.0000  (45s)
  step 1975  JSR  -22.4  loss 9.7001  logE[BER] -9.700  P_det_soft 0.0000  (46s)
  step 2000  JSR  -24.8  loss 17.6762  logE[BER] -17.676  P_det_soft 0.0000  (46s)
  step 2025  JSR  -12.3  loss 5.6417  logE[BER] -5.642  P_det_soft 0.0000  (47s)
  step 2050  JSR  -17.4  loss 5.9716  logE[BER] -5.972  P_det_soft 0.0000  (47s)
  step 2075  JSR  -15.4  loss 5.8667  logE[BER] -5.867  P_det_soft 0.0000  (48s)
  step 2100  JSR   -1.2  loss 4.5487  logE[BER] -4.549  P_det_soft 0.0000  (49s)
  step 2125  JSR  -18.5  loss 6.2538  logE[BER] -6.254  P_det_soft 0.0000  (49s)
  step 2150  JSR   -7.1  loss 5.1443  logE[BER] -5.144  P_det_soft 0.0000  (50s)
  step 2175  JSR  -27.9  loss 35.8870  logE[BER] -35.887  P_det_soft 0.0000  (50s)
  step 2200  JSR  -31.8  loss 55.5361  logE[BER] -55.536  P_det_soft 0.0000  (51s)
  step 2225  JSR   -5.3  loss 4.9522  logE[BER] -4.952  P_det_soft 0.0000  (51s)
  step 2250  JSR   -8.0  loss 5.1731  logE[BER] -5.173  P_det_soft 0.0000  (52s)
  step 2275  JSR  -12.5  loss 5.4103  logE[BER] -5.410  P_det_soft 0.0000  (53s)
  step 2300  JSR  -16.1  loss 5.8299  logE[BER] -5.830  P_det_soft 0.0000  (53s)
  step 2325  JSR  -23.1  loss 9.1298  logE[BER] -9.130  P_det_soft 0.0000  (54s)
  step 2350  JSR  -23.4  loss 9.8497  logE[BER] -9.850  P_det_soft 0.0000  (54s)
  step 2375  JSR   -3.8  loss 4.7602  logE[BER] -4.760  P_det_soft 0.0000  (55s)
  step 2400  JSR   -0.5  loss 4.5811  logE[BER] -4.581  P_det_soft 0.0000  (55s)
  step 2425  JSR   -3.5  loss 4.6927  logE[BER] -4.693  P_det_soft 0.0000  (56s)
  step 2450  JSR   -0.4  loss 4.5467  logE[BER] -4.547  P_det_soft 0.0000  (56s)
  step 2475  JSR   -0.8  loss 4.4352  logE[BER] -4.435  P_det_soft 0.0000  (57s)
  step 2500  JSR  -10.7  loss 5.3107  logE[BER] -5.311  P_det_soft 0.0000  (58s)
  step 2525  JSR  -30.1  loss 46.4567  logE[BER] -46.457  P_det_soft 0.0000  (58s)
  step 2550  JSR  -28.1  loss 30.7844  logE[BER] -30.784  P_det_soft 0.0000  (59s)
  step 2575  JSR   -8.3  loss 5.1383  logE[BER] -5.138  P_det_soft 0.0000  (59s)
  step 2600  JSR   -0.1  loss 4.4929  logE[BER] -4.493  P_det_soft 0.0000  (60s)
  step 2625  JSR  -32.0  loss 54.2381  logE[BER] -54.238  P_det_soft 0.0000  (60s)
  step 2650  JSR  -18.4  loss 6.0727  logE[BER] -6.073  P_det_soft 0.0000  (61s)
  step 2675  JSR   -0.9  loss 4.6934  logE[BER] -4.693  P_det_soft 0.0000  (62s)
  step 2700  JSR   -9.0  loss 5.1023  logE[BER] -5.102  P_det_soft 0.0000  (62s)
  step 2725  JSR   -5.9  loss 4.9082  logE[BER] -4.908  P_det_soft 0.0000  (63s)
  step 2750  JSR   -2.7  loss 4.6692  logE[BER] -4.669  P_det_soft 0.0000  (63s)
  step 2775  JSR   -1.5  loss 4.6152  logE[BER] -4.615  P_det_soft 0.0000  (64s)
  step 2800  JSR   -2.9  loss 4.7865  logE[BER] -4.787  P_det_soft 0.0000  (64s)
  step 2825  JSR  -29.3  loss 41.4522  logE[BER] -41.452  P_det_soft 0.0000  (65s)
  step 2850  JSR  -17.5  loss 6.0059  logE[BER] -6.006  P_det_soft 0.0000  (65s)
  step 2875  JSR  -24.4  loss 12.5890  logE[BER] -12.589  P_det_soft 0.0000  (66s)
  step 2900  JSR  -17.9  loss 6.1581  logE[BER] -6.158  P_det_soft 0.0000  (67s)
  step 2925  JSR  -15.5  loss 5.7566  logE[BER] -5.757  P_det_soft 0.0000  (67s)
  step 2950  JSR  -15.2  loss 5.7845  logE[BER] -5.784  P_det_soft 0.0000  (68s)
  step 2975  JSR  -27.4  loss 29.5079  logE[BER] -29.508  P_det_soft 0.0000  (68s)
  step 3000  JSR  -23.5  loss 9.0398  logE[BER] -9.040  P_det_soft 0.0000  (69s)
  step 3025  JSR  -22.4  loss 7.5334  logE[BER] -7.533  P_det_soft 0.0000  (69s)
  step 3050  JSR  -16.1  loss 5.8209  logE[BER] -5.821  P_det_soft 0.0000  (70s)
  step 3075  JSR   -1.2  loss 4.6740  logE[BER] -4.674  P_det_soft 0.0000  (71s)
  step 3100  JSR  -22.8  loss 8.3106  logE[BER] -8.311  P_det_soft 0.0000  (71s)
  step 3125  JSR  -13.2  loss 5.5941  logE[BER] -5.594  P_det_soft 0.0000  (72s)
  step 3150  JSR   -0.3  loss 4.5557  logE[BER] -4.556  P_det_soft 0.0000  (72s)
  step 3175  JSR  -10.9  loss 5.4346  logE[BER] -5.435  P_det_soft 0.0000  (73s)
  step 3200  JSR   -5.9  loss 4.8190  logE[BER] -4.819  P_det_soft 0.0000  (73s)
  step 3225  JSR   -1.8  loss 4.7297  logE[BER] -4.730  P_det_soft 0.0000  (74s)
  step 3250  JSR  -26.1  loss 18.7502  logE[BER] -18.750  P_det_soft 0.0000  (75s)
  step 3275  JSR  -16.1  loss 5.7180  logE[BER] -5.718  P_det_soft 0.0000  (75s)
  step 3300  JSR  -16.8  loss 5.6786  logE[BER] -5.679  P_det_soft 0.0000  (76s)
  step 3325  JSR   -6.2  loss 5.0609  logE[BER] -5.061  P_det_soft 0.0000  (76s)
  step 3350  JSR  -24.2  loss 11.0291  logE[BER] -11.029  P_det_soft 0.0000  (77s)
  step 3375  JSR  -22.5  loss 7.5891  logE[BER] -7.589  P_det_soft 0.0000  (77s)
  step 3400  JSR   -4.7  loss 4.8849  logE[BER] -4.885  P_det_soft 0.0000  (78s)
  step 3425  JSR   -5.2  loss 4.7929  logE[BER] -4.793  P_det_soft 0.0000  (79s)
  step 3450  JSR  -25.7  loss 17.4745  logE[BER] -17.474  P_det_soft 0.0000  (79s)
  step 3475  JSR  -24.0  loss 9.4257  logE[BER] -9.426  P_det_soft 0.0000  (80s)
  step 3500  JSR  -10.3  loss 5.3160  logE[BER] -5.316  P_det_soft 0.0000  (80s)
  step 3525  JSR  -21.9  loss 7.4183  logE[BER] -7.418  P_det_soft 0.0000  (81s)
  step 3550  JSR  -26.4  loss 19.4922  logE[BER] -19.492  P_det_soft 0.0000  (81s)
  step 3575  JSR   -1.9  loss 4.7861  logE[BER] -4.786  P_det_soft 0.0000  (82s)
  step 3600  JSR  -19.7  loss 6.3621  logE[BER] -6.362  P_det_soft 0.0000  (83s)
  step 3625  JSR   -1.2  loss 4.5381  logE[BER] -4.538  P_det_soft 0.0000  (83s)
  step 3650  JSR  -12.8  loss 5.4750  logE[BER] -5.475  P_det_soft 0.0000  (84s)
  step 3675  JSR  -29.7  loss 43.7585  logE[BER] -43.759  P_det_soft 0.0000  (84s)
  step 3700  JSR  -11.8  loss 5.5023  logE[BER] -5.502  P_det_soft 0.0000  (85s)
  step 3725  JSR  -24.4  loss 10.7702  logE[BER] -10.770  P_det_soft 0.0000  (85s)
  step 3750  JSR  -14.7  loss 5.4898  logE[BER] -5.490  P_det_soft 0.0000  (86s)
  step 3775  JSR   -8.2  loss 5.3933  logE[BER] -5.393  P_det_soft 0.0000  (87s)
  step 3800  JSR   -8.0  loss 5.1310  logE[BER] -5.131  P_det_soft 0.0000  (87s)
  step 3825  JSR   -8.9  loss 5.2172  logE[BER] -5.217  P_det_soft 0.0000  (88s)
  step 3850  JSR   -6.3  loss 4.9221  logE[BER] -4.922  P_det_soft 0.0000  (88s)
  step 3875  JSR   -7.7  loss 4.9158  logE[BER] -4.916  P_det_soft 0.0000  (89s)
  step 3900  JSR  -10.6  loss 5.2980  logE[BER] -5.298  P_det_soft 0.0000  (89s)
  step 3925  JSR  -18.3  loss 6.1647  logE[BER] -6.165  P_det_soft 0.0000  (90s)
  step 3950  JSR  -20.6  loss 6.5347  logE[BER] -6.535  P_det_soft 0.0000  (91s)
  step 3975  JSR  -22.3  loss 7.4808  logE[BER] -7.481  P_det_soft 0.0000  (91s)
  step 3999  JSR  -28.6  loss 37.6690  logE[BER] -37.669  P_det_soft 0.0000  (92s)
wrote gan/control_r1_G.pt, gan/control_r1.json in 92s
