node: tikgpu04.ee.ethz.ch | gpu: NVIDIA TITAN RTX
env noise_1db = {'noise_unc_db': 1.0, 'rician_k_db': None} | SNR 15 dB (Es/N0 24.03 dB) | device cuda:0 | full
spectrogram scale: vmin -29.66 dB, vmax 39.31 dB
dataset: 1578 frames (1105 train / 473 val), 2s
epoch   1  train loss 0.6831 acc 0.5566 | val loss 0.6739 acc 0.6258  (7s)
epoch   2  train loss 0.6486 acc 0.6751 | val loss 0.6407 acc 0.7040  (12s)
epoch   3  train loss 0.6292 acc 0.7068 | val loss 0.6153 acc 0.7400  (17s)
epoch   4  train loss 0.6111 acc 0.7439 | val loss 0.5930 acc 0.7632  (21s)
epoch   5  train loss 0.5902 acc 0.7457 | val loss 0.5720 acc 0.7801  (26s)
epoch   6  train loss 0.5757 acc 0.7629 | val loss 0.5551 acc 0.7844  (31s)
epoch   7  train loss 0.5558 acc 0.7846 | val loss 0.5363 acc 0.7865  (35s)
epoch   8  train loss 0.5370 acc 0.7946 | val loss 0.5196 acc 0.7949  (40s)
epoch   9  train loss 0.5260 acc 0.7928 | val loss 0.5055 acc 0.8118  (45s)
epoch  10  train loss 0.5194 acc 0.7919 | val loss 0.4950 acc 0.8076  (49s)
epoch  11  train loss 0.5015 acc 0.8100 | val loss 0.4848 acc 0.8118  (54s)
epoch  12  train loss 0.4963 acc 0.8027 | val loss 0.4705 acc 0.8161  (59s)
epoch  13  train loss 0.4782 acc 0.8181 | val loss 0.4572 acc 0.8161  (64s)
epoch  14  train loss 0.4690 acc 0.8199 | val loss 0.4481 acc 0.8245  (68s)
epoch  15  train loss 0.4557 acc 0.8163 | val loss 0.4356 acc 0.8288  (73s)
epoch  16  train loss 0.4492 acc 0.8181 | val loss 0.4247 acc 0.8351  (78s)
epoch  17  train loss 0.4404 acc 0.8371 | val loss 0.4166 acc 0.8393  (82s)
epoch  18  train loss 0.4252 acc 0.8290 | val loss 0.4093 acc 0.8414  (87s)
epoch  19  train loss 0.4139 acc 0.8452 | val loss 0.4040 acc 0.8372  (92s)
epoch  20  train loss 0.4184 acc 0.8290 | val loss 0.3949 acc 0.8372  (97s)
epoch  21  train loss 0.4039 acc 0.8389 | val loss 0.3858 acc 0.8414  (101s)
epoch  22  train loss 0.3966 acc 0.8380 | val loss 0.3823 acc 0.8393  (106s)
epoch  23  train loss 0.3910 acc 0.8462 | val loss 0.3759 acc 0.8478  (111s)
epoch  24  train loss 0.3884 acc 0.8362 | val loss 0.3735 acc 0.8414  (116s)
epoch  25  train loss 0.3784 acc 0.8434 | val loss 0.3653 acc 0.8478  (121s)
epoch  26  train loss 0.3696 acc 0.8407 | val loss 0.3623 acc 0.8478  (125s)
epoch  27  train loss 0.3625 acc 0.8615 | val loss 0.3528 acc 0.8499  (130s)
epoch  28  train loss 0.3569 acc 0.8597 | val loss 0.3558 acc 0.8499  (135s)
epoch  29  train loss 0.3512 acc 0.8516 | val loss 0.3484 acc 0.8520  (140s)
epoch  30  train loss 0.3456 acc 0.8606 | val loss 0.3417 acc 0.8478  (145s)
epoch  31  train loss 0.3422 acc 0.8552 | val loss 0.3368 acc 0.8499  (150s)
epoch  32  train loss 0.3362 acc 0.8597 | val loss 0.3395 acc 0.8520  (154s)
epoch  33  train loss 0.3237 acc 0.8715 | val loss 0.3345 acc 0.8520  (159s)
epoch  34  train loss 0.3258 acc 0.8724 | val loss 0.3342 acc 0.8478  (164s)
epoch  35  train loss 0.3181 acc 0.8724 | val loss 0.3228 acc 0.8541  (169s)
epoch  36  train loss 0.3099 acc 0.8670 | val loss 0.3151 acc 0.8605  (174s)
epoch  37  train loss 0.3026 acc 0.8869 | val loss 0.3163 acc 0.8668  (179s)
epoch  38  train loss 0.2956 acc 0.8860 | val loss 0.3113 acc 0.8647  (183s)
epoch  39  train loss 0.3013 acc 0.8742 | val loss 0.3061 acc 0.8605  (188s)
epoch  40  train loss 0.2917 acc 0.8833 | val loss 0.2967 acc 0.8753  (193s)
epoch  41  train loss 0.2881 acc 0.8932 | val loss 0.2965 acc 0.8668  (198s)
epoch  42  train loss 0.2674 acc 0.9023 | val loss 0.2902 acc 0.8816  (203s)
epoch  43  train loss 0.2778 acc 0.8887 | val loss 0.2917 acc 0.8774  (208s)
epoch  44  train loss 0.2702 acc 0.8905 | val loss 0.2839 acc 0.8816  (213s)
epoch  45  train loss 0.2710 acc 0.9005 | val loss 0.2865 acc 0.8753  (218s)
epoch  46  train loss 0.2644 acc 0.8968 | val loss 0.2840 acc 0.8795  (222s)
epoch  47  train loss 0.2614 acc 0.9050 | val loss 0.2878 acc 0.8732  (227s)
epoch  48  train loss 0.2672 acc 0.8923 | val loss 0.2735 acc 0.8901  (232s)
epoch  49  train loss 0.2582 acc 0.9077 | val loss 0.2744 acc 0.8879  (237s)
epoch  50  train loss 0.2430 acc 0.9032 | val loss 0.2672 acc 0.8964  (242s)
epoch  51  train loss 0.2447 acc 0.9041 | val loss 0.2640 acc 0.8943  (247s)
epoch  52  train loss 0.2308 acc 0.9149 | val loss 0.2653 acc 0.8943  (252s)
epoch  53  train loss 0.2418 acc 0.8995 | val loss 0.2599 acc 0.8985  (257s)
epoch  54  train loss 0.2321 acc 0.9149 | val loss 0.2591 acc 0.9049  (261s)
epoch  55  train loss 0.2413 acc 0.9041 | val loss 0.2640 acc 0.8964  (266s)
epoch  56  train loss 0.2251 acc 0.9131 | val loss 0.2666 acc 0.8901  (271s)
epoch  57  train loss 0.2310 acc 0.9104 | val loss 0.2567 acc 0.8943  (276s)
epoch  58  train loss 0.2134 acc 0.9204 | val loss 0.2476 acc 0.9049  (281s)
epoch  59  train loss 0.2232 acc 0.9086 | val loss 0.2483 acc 0.9049  (286s)
epoch  60  train loss 0.2152 acc 0.9204 | val loss 0.2432 acc 0.9027  (291s)
epoch  61  train loss 0.2066 acc 0.9249 | val loss 0.2423 acc 0.9049  (296s)
epoch  62  train loss 0.2166 acc 0.9113 | val loss 0.2458 acc 0.9070  (301s)
epoch  63  train loss 0.1970 acc 0.9240 | val loss 0.2335 acc 0.9091  (305s)
epoch  64  train loss 0.1885 acc 0.9303 | val loss 0.2339 acc 0.9112  (310s)
epoch  65  train loss 0.1945 acc 0.9312 | val loss 0.2362 acc 0.9070  (315s)
epoch  66  train loss 0.1857 acc 0.9394 | val loss 0.2452 acc 0.9027  (320s)
epoch  67  train loss 0.2036 acc 0.9303 | val loss 0.2384 acc 0.9027  (325s)
epoch  68  train loss 0.1854 acc 0.9312 | val loss 0.2347 acc 0.9049  (330s)
epoch  69  train loss 0.2007 acc 0.9158 | val loss 0.2290 acc 0.9112  (335s)
epoch  70  train loss 0.1767 acc 0.9385 | val loss 0.2566 acc 0.9006  (340s)
epoch  71  train loss 0.1805 acc 0.9403 | val loss 0.2405 acc 0.9049  (345s)
epoch  72  train loss 0.1614 acc 0.9493 | val loss 0.2322 acc 0.9112  (350s)
epoch  73  train loss 0.1670 acc 0.9357 | val loss 0.2202 acc 0.9154  (355s)
epoch  74  train loss 0.1638 acc 0.9448 | val loss 0.2258 acc 0.9112  (359s)
epoch  75  train loss 0.1664 acc 0.9339 | val loss 0.2252 acc 0.9091  (364s)
epoch  76  train loss 0.1693 acc 0.9367 | val loss 0.2209 acc 0.9112  (369s)
epoch  77  train loss 0.1659 acc 0.9394 | val loss 0.2186 acc 0.9197  (374s)
epoch  78  train loss 0.1580 acc 0.9475 | val loss 0.2227 acc 0.9112  (379s)
epoch  79  train loss 0.1567 acc 0.9457 | val loss 0.2157 acc 0.9239  (384s)
epoch  80  train loss 0.1653 acc 0.9385 | val loss 0.2263 acc 0.9070  (389s)
epoch  81  train loss 0.1461 acc 0.9511 | val loss 0.2238 acc 0.9091  (394s)
epoch  82  train loss 0.1330 acc 0.9575 | val loss 0.2152 acc 0.9154  (399s)
epoch  83  train loss 0.1513 acc 0.9484 | val loss 0.2283 acc 0.9112  (404s)
epoch  84  train loss 0.1396 acc 0.9529 | val loss 0.2151 acc 0.9218  (408s)
epoch  85  train loss 0.1383 acc 0.9502 | val loss 0.2140 acc 0.9197  (413s)
epoch  86  train loss 0.1253 acc 0.9593 | val loss 0.2318 acc 0.9112  (418s)
epoch  87  train loss 0.1279 acc 0.9557 | val loss 0.2253 acc 0.9091  (423s)
epoch  88  train loss 0.1217 acc 0.9584 | val loss 0.2392 acc 0.9112  (428s)
epoch  89  train loss 0.1306 acc 0.9557 | val loss 0.2132 acc 0.9154  (433s)
epoch  90  train loss 0.1322 acc 0.9557 | val loss 0.2164 acc 0.9260  (438s)
epoch  91  train loss 0.1217 acc 0.9611 | val loss 0.2136 acc 0.9197  (443s)
epoch  92  train loss 0.1234 acc 0.9629 | val loss 0.2148 acc 0.9218  (448s)
epoch  93  train loss 0.1165 acc 0.9611 | val loss 0.2098 acc 0.9218  (452s)
epoch  94  train loss 0.1339 acc 0.9538 | val loss 0.2077 acc 0.9260  (457s)
epoch  95  train loss 0.1213 acc 0.9566 | val loss 0.2099 acc 0.9197  (462s)
epoch  96  train loss 0.1181 acc 0.9611 | val loss 0.2106 acc 0.9197  (467s)
epoch  97  train loss 0.1103 acc 0.9665 | val loss 0.2330 acc 0.9133  (472s)
epoch  98  train loss 0.1213 acc 0.9548 | val loss 0.2072 acc 0.9239  (477s)
epoch  99  train loss 0.1181 acc 0.9620 | val loss 0.2139 acc 0.9197  (482s)
epoch 100  train loss 0.1046 acc 0.9683 | val loss 0.2162 acc 0.9197  (487s)
  calibrated on 20000 clean frames: energy mean 1.00392 (c0^2 + N0 = 1.00395), thresholds@0.05 energy 1.0171 energy_2s 0.015495 kurtosis 0.051528 spec_cnn -0.32749, clean BER 0.00e+00 PER 0.0000

--- Li et al. spectrogram CNN, retrained on env noise_1db ---
validation accuracy 0.9197 (S4/D6 15 dB r0: 0.932); detection rate on jammed 0.8775, FAR (argmax) 0.0318, AUC 0.9683 (r0: 0.978)
per type (val): {'clean': 0.9681818181818181, 'barrage': 0.9508196721311476, 'tone': 0.9833333333333333, 'pulse_comb': 0.8933333333333334, 'protocol_aware': 0.6666666666666666}
P(det) at alpha 0.05 vs JSR [np.float64(-30.0), np.float64(-28.0), np.float64(-26.0), np.float64(-24.0), np.float64(-22.0), np.float64(-20.0), np.float64(-18.0), np.float64(-16.0), np.float64(-14.0), np.float64(-12.0), np.float64(-10.0), np.float64(-8.0), np.float64(-6.0), np.float64(-4.0), np.float64(-2.0), np.float64(0.0), np.float64(2.0), np.float64(4.0), np.float64(6.0), np.float64(8.0), np.float64(10.0)]:
  barrage         0.05 0.05 0.05 0.08 0.13 0.16 0.22 0.56 0.86 1.00 1.00 1.00 1.00 1.00 1.00 1.00 1.00 1.00 1.00 1.00 1.00
  tone            0.06 0.11 0.14 0.25 0.39 0.57 0.72 0.88 0.92 0.96 1.00 1.00 1.00 1.00 1.00 1.00 1.00 1.00 1.00 1.00 1.00
  pulse_comb      0.05 0.08 0.07 0.07 0.09 0.17 0.41 0.89 1.00 1.00 1.00 1.00 1.00 1.00 1.00 1.00 1.00 1.00 1.00 1.00 1.00
  protocol_aware  0.04 0.07 0.07 0.08 0.10 0.14 0.20 0.26 0.32 0.50 0.62 0.79 0.96 0.99 1.00 1.00 1.00 1.00 1.00 1.00 1.00
done in 517s
