node: tikgpu04.ee.ethz.ch | gpu: NVIDIA TITAN RTX
env base = {'noise_unc_db': 0.0, 'rician_k_db': None} | task energy_b10_r0 = {'target': 'energy', 'beta': 10.0, 'cgan_task': 2} | seed 4002 | band (-25.1, 0.0) | 128 frames/step | 4000 steps | device cuda:0
  target energy: threshold 1.01687, clean-frame std 0.00785064 (soft_pdet width)
  step    0  JSR   -5.2  loss 23.4318  logE[BER] -15.158  P_det_soft 0.8274  (1s)
  step   25  JSR  -23.3  loss 64.7339  logE[BER] -62.281  P_det_soft 0.2453  (2s)
  step   50  JSR  -10.9  loss 13.4527  logE[BER] -6.195  P_det_soft 0.7258  (2s)
  step   75  JSR   -4.5  loss 14.4992  logE[BER] -5.367  P_det_soft 0.9132  (3s)
  step  100  JSR   -9.4  loss 13.8435  logE[BER] -6.340  P_det_soft 0.7503  (4s)
  step  125  JSR  -16.7  loss 28.7382  logE[BER] -25.799  P_det_soft 0.2940  (4s)
  step  150  JSR   -0.2  loss 14.3880  logE[BER] -4.388  P_det_soft 1.0000  (5s)
  step  175  JSR   -4.7  loss 15.1295  logE[BER] -5.773  P_det_soft 0.9356  (6s)
  step  200  JSR   -7.9  loss 14.8594  logE[BER] -6.058  P_det_soft 0.8802  (7s)
  step  225  JSR   -1.4  loss 14.9290  logE[BER] -4.937  P_det_soft 0.9992  (7s)
  step  250  JSR  -18.9  loss 28.8120  logE[BER] -26.003  P_det_soft 0.2809  (8s)
  step  275  JSR  -18.1  loss 48.8625  logE[BER] -46.053  P_det_soft 0.2810  (9s)
  step  300  JSR   -9.0  loss 13.5092  logE[BER] -6.069  P_det_soft 0.7440  (9s)
  step  325  JSR   -2.0  loss 14.9000  logE[BER] -5.041  P_det_soft 0.9859  (10s)
  step  350  JSR  -23.5  loss 59.5252  logE[BER] -57.405  P_det_soft 0.2120  (11s)
  step  375  JSR  -13.6  loss 13.5951  logE[BER] -10.420  P_det_soft 0.3175  (12s)
  step  400  JSR  -22.4  loss 48.0811  logE[BER] -45.923  P_det_soft 0.2158  (12s)
  step  425  JSR  -11.6  loss 12.4957  logE[BER] -7.283  P_det_soft 0.5212  (13s)
  step  450  JSR  -14.7  loss 13.9300  logE[BER] -9.827  P_det_soft 0.4103  (14s)
  step  475  JSR  -15.4  loss 13.2847  logE[BER] -9.151  P_det_soft 0.4134  (14s)
  step  500  JSR   -8.4  loss 14.0546  logE[BER] -6.049  P_det_soft 0.8005  (15s)
  step  525  JSR   -8.1  loss 13.0668  logE[BER] -6.215  P_det_soft 0.6852  (16s)
  step  550  JSR   -2.6  loss 14.8995  logE[BER] -5.002  P_det_soft 0.9897  (17s)
  step  575  JSR  -24.4  loss 69.7179  logE[BER] -67.436  P_det_soft 0.2282  (17s)
  step  600  JSR   -2.7  loss 15.0106  logE[BER] -5.092  P_det_soft 0.9918  (18s)
  step  625  JSR  -14.8  loss 13.3027  logE[BER] -10.045  P_det_soft 0.3258  (19s)
  step  650  JSR  -16.4  loss 13.5986  logE[BER] -10.409  P_det_soft 0.3190  (20s)
  step  675  JSR   -2.7  loss 15.1938  logE[BER] -5.218  P_det_soft 0.9975  (20s)
  step  700  JSR  -16.3  loss 13.6846  logE[BER] -10.335  P_det_soft 0.3349  (21s)
  step  725  JSR   -9.1  loss 12.6523  logE[BER] -6.429  P_det_soft 0.6223  (22s)
  step  750  JSR  -10.7  loss 11.9360  logE[BER] -6.742  P_det_soft 0.5194  (22s)
  step  775  JSR  -14.8  loss 12.7396  logE[BER] -9.087  P_det_soft 0.3653  (23s)
  step  800  JSR  -20.7  loss 37.4680  logE[BER] -34.963  P_det_soft 0.2505  (24s)
  step  825  JSR  -11.8  loss 12.0209  logE[BER] -7.290  P_det_soft 0.4731  (25s)
  step  850  JSR  -13.0  loss 11.1955  logE[BER] -7.474  P_det_soft 0.3722  (25s)
  step  875  JSR  -23.3  loss 55.1114  logE[BER] -52.837  P_det_soft 0.2274  (26s)
  step  900  JSR   -1.2  loss 14.8635  logE[BER] -4.890  P_det_soft 0.9973  (27s)
  step  925  JSR  -22.6  loss 32.1769  logE[BER] -30.042  P_det_soft 0.2135  (27s)
  step  950  JSR  -19.7  loss 24.7581  logE[BER] -21.912  P_det_soft 0.2847  (28s)
  step  975  JSR   -1.6  loss 14.8378  logE[BER] -4.982  P_det_soft 0.9856  (29s)
  step 1000  JSR  -14.3  loss 13.1427  logE[BER] -9.621  P_det_soft 0.3521  (30s)
  step 1025  JSR  -20.9  loss 32.6856  logE[BER] -30.641  P_det_soft 0.2044  (30s)
  step 1050  JSR   -7.1  loss 13.8113  logE[BER] -5.976  P_det_soft 0.7835  (31s)
  step 1075  JSR  -11.1  loss 11.2521  logE[BER] -6.669  P_det_soft 0.4584  (32s)
  step 1100  JSR   -3.2  loss 14.8552  logE[BER] -5.384  P_det_soft 0.9471  (33s)
  step 1125  JSR  -13.8  loss 11.5428  logE[BER] -7.878  P_det_soft 0.3665  (33s)
  step 1150  JSR  -23.2  loss 56.5320  logE[BER] -54.285  P_det_soft 0.2247  (34s)
  step 1175  JSR   -9.4  loss 12.2981  logE[BER] -6.356  P_det_soft 0.5943  (35s)
  step 1200  JSR   -2.3  loss 15.0259  logE[BER] -5.418  P_det_soft 0.9608  (35s)
  step 1225  JSR  -24.4  loss 60.0433  logE[BER] -57.876  P_det_soft 0.2167  (36s)
  step 1250  JSR   -1.8  loss 14.9468  logE[BER] -5.035  P_det_soft 0.9912  (37s)
  step 1275  JSR   -4.1  loss 14.6674  logE[BER] -5.400  P_det_soft 0.9268  (38s)
  step 1300  JSR   -4.9  loss 14.0538  logE[BER] -5.482  P_det_soft 0.8572  (38s)
  step 1325  JSR   -9.3  loss 13.2025  logE[BER] -6.364  P_det_soft 0.6839  (39s)
  step 1350  JSR  -24.9  loss 69.5056  logE[BER] -67.371  P_det_soft 0.2135  (40s)
  step 1375  JSR   -9.9  loss 11.8754  logE[BER] -6.393  P_det_soft 0.5483  (40s)
  step 1400  JSR  -10.6  loss 12.6415  logE[BER] -6.432  P_det_soft 0.6210  (41s)
  step 1425  JSR  -24.5  loss 63.3217  logE[BER] -60.758  P_det_soft 0.2564  (42s)
  step 1450  JSR  -17.4  loss 15.3816  logE[BER] -12.508  P_det_soft 0.2873  (43s)
  step 1475  JSR   -5.3  loss 14.6326  logE[BER] -5.658  P_det_soft 0.8975  (43s)
  step 1500  JSR  -16.1  loss 13.1388  logE[BER] -9.969  P_det_soft 0.3169  (44s)
  step 1525  JSR  -13.3  loss 11.8669  logE[BER] -7.276  P_det_soft 0.4591  (45s)
  step 1550  JSR   -1.3  loss 14.6911  logE[BER] -4.695  P_det_soft 0.9996  (46s)
  step 1575  JSR  -21.5  loss 41.7953  logE[BER] -39.498  P_det_soft 0.2297  (46s)
  step 1600  JSR   -2.6  loss 14.8460  logE[BER] -5.002  P_det_soft 0.9844  (47s)
  step 1625  JSR  -23.8  loss 36.5620  logE[BER] -34.225  P_det_soft 0.2337  (48s)
  step 1650  JSR  -18.0  loss 15.3599  logE[BER] -12.179  P_det_soft 0.3181  (48s)
  step 1675  JSR  -22.8  loss 38.2787  logE[BER] -36.057  P_det_soft 0.2222  (49s)
  step 1700  JSR  -13.5  loss 12.2177  logE[BER] -7.525  P_det_soft 0.4693  (50s)
  step 1725  JSR  -10.0  loss 12.7273  logE[BER] -6.121  P_det_soft 0.6606  (51s)
  step 1750  JSR  -17.8  loss 14.4530  logE[BER] -11.110  P_det_soft 0.3343  (51s)
  step 1775  JSR  -17.9  loss 14.6811  logE[BER] -11.712  P_det_soft 0.2969  (52s)
  step 1800  JSR  -10.1  loss 12.5389  logE[BER] -6.168  P_det_soft 0.6370  (53s)
  step 1825  JSR   -6.8  loss 13.4175  logE[BER] -5.545  P_det_soft 0.7873  (54s)
  step 1850  JSR   -0.8  loss 14.8294  logE[BER] -4.851  P_det_soft 0.9979  (54s)
  step 1875  JSR  -23.0  loss 31.9209  logE[BER] -29.405  P_det_soft 0.2516  (55s)
  step 1900  JSR   -4.7  loss 14.9386  logE[BER] -5.334  P_det_soft 0.9605  (56s)
  step 1925  JSR  -15.2  loss 11.8225  logE[BER] -7.512  P_det_soft 0.4310  (56s)
  step 1950  JSR  -15.6  loss 11.3964  logE[BER] -7.716  P_det_soft 0.3681  (57s)
  step 1975  JSR   -0.4  loss 14.8334  logE[BER] -4.834  P_det_soft 1.0000  (58s)
  step 2000  JSR  -13.9  loss 11.7956  logE[BER] -6.963  P_det_soft 0.4832  (59s)
  step 2025  JSR   -7.8  loss 13.6245  logE[BER] -5.479  P_det_soft 0.8145  (59s)
  step 2050  JSR  -12.7  loss 12.4822  logE[BER] -6.230  P_det_soft 0.6253  (60s)
  step 2075  JSR   -7.1  loss 14.7126  logE[BER] -5.508  P_det_soft 0.9205  (61s)
  step 2100  JSR  -23.1  loss 40.8464  logE[BER] -38.446  P_det_soft 0.2400  (62s)
  step 2125  JSR   -5.2  loss 14.8009  logE[BER] -5.287  P_det_soft 0.9514  (62s)
  step 2150  JSR  -24.2  loss 32.1874  logE[BER] -29.842  P_det_soft 0.2345  (63s)
  step 2175  JSR  -10.0  loss 13.4628  logE[BER] -5.764  P_det_soft 0.7698  (64s)
  step 2200  JSR  -24.8  loss 42.8255  logE[BER] -40.577  P_det_soft 0.2248  (64s)
  step 2225  JSR   -1.4  loss 14.6470  logE[BER] -4.647  P_det_soft 1.0000  (65s)
  step 2250  JSR  -17.1  loss 11.4484  logE[BER] -6.893  P_det_soft 0.4556  (66s)
  step 2275  JSR   -8.0  loss 14.6376  logE[BER] -4.944  P_det_soft 0.9693  (67s)
  step 2300  JSR   -6.7  loss 14.8552  logE[BER] -5.345  P_det_soft 0.9510  (67s)
  step 2325  JSR  -11.2  loss 13.6916  logE[BER] -5.818  P_det_soft 0.7873  (68s)
  step 2350  JSR  -13.0  loss 12.7774  logE[BER] -6.129  P_det_soft 0.6648  (69s)
  step 2375  JSR  -14.3  loss 11.4631  logE[BER] -6.240  P_det_soft 0.5223  (70s)
  step 2400  JSR  -14.7  loss 12.6998  logE[BER] -6.444  P_det_soft 0.6256  (70s)
  step 2425  JSR  -16.7  loss 11.5573  logE[BER] -6.723  P_det_soft 0.4834  (71s)
  step 2450  JSR   -9.2  loss 14.6292  logE[BER] -5.525  P_det_soft 0.9104  (72s)
  step 2475  JSR  -19.7  loss 12.0226  logE[BER] -8.459  P_det_soft 0.3563  (72s)
  step 2500  JSR   -4.9  loss 14.9441  logE[BER] -5.126  P_det_soft 0.9818  (73s)
  step 2525  JSR  -14.8  loss 11.3962  logE[BER] -6.275  P_det_soft 0.5121  (74s)
  step 2550  JSR  -25.0  loss 35.2712  logE[BER] -33.016  P_det_soft 0.2255  (75s)
  step 2575  JSR   -0.5  loss 14.2146  logE[BER] -4.215  P_det_soft 1.0000  (75s)
  step 2600  JSR  -15.7  loss 11.7817  logE[BER] -6.345  P_det_soft 0.5437  (76s)
  step 2625  JSR   -1.5  loss 14.6563  logE[BER] -4.656  P_det_soft 1.0000  (77s)
  step 2650  JSR  -18.5  loss 11.1344  logE[BER] -7.207  P_det_soft 0.3927  (78s)
  step 2675  JSR  -17.0  loss 10.8805  logE[BER] -6.992  P_det_soft 0.3888  (78s)
  step 2700  JSR   -1.0  loss 14.5474  logE[BER] -4.547  P_det_soft 1.0000  (79s)
  step 2725  JSR   -9.5  loss 13.7762  logE[BER] -5.760  P_det_soft 0.8016  (80s)
  step 2750  JSR  -13.8  loss 12.5133  logE[BER] -6.260  P_det_soft 0.6253  (80s)
  step 2775  JSR  -24.5  loss 28.3276  logE[BER] -25.520  P_det_soft 0.2807  (81s)
  step 2800  JSR  -18.1  loss 10.9898  logE[BER] -7.820  P_det_soft 0.3170  (82s)
  step 2825  JSR  -17.3  loss 11.2972  logE[BER] -6.616  P_det_soft 0.4681  (83s)
  step 2850  JSR  -19.9  loss 10.4892  logE[BER] -7.292  P_det_soft 0.3197  (83s)
  step 2875  JSR  -12.4  loss 12.7817  logE[BER] -5.785  P_det_soft 0.6997  (84s)
  step 2900  JSR   -7.7  loss 14.8805  logE[BER] -5.183  P_det_soft 0.9697  (85s)
  step 2925  JSR  -20.1  loss 11.1650  logE[BER] -7.912  P_det_soft 0.3253  (86s)
  step 2950  JSR  -18.3  loss 10.9274  logE[BER] -6.638  P_det_soft 0.4290  (86s)
  step 2975  JSR  -23.0  loss 14.2535  logE[BER] -11.485  P_det_soft 0.2769  (87s)
  step 3000  JSR   -6.9  loss 14.3844  logE[BER] -4.389  P_det_soft 0.9996  (88s)
  step 3025  JSR  -14.3  loss 12.3633  logE[BER] -5.728  P_det_soft 0.6635  (88s)
  step 3050  JSR   -0.0  loss 14.5045  logE[BER] -4.505  P_det_soft 1.0000  (89s)
  step 3075  JSR  -20.6  loss 11.1717  logE[BER] -7.486  P_det_soft 0.3686  (90s)
  step 3100  JSR  -14.2  loss 12.5075  logE[BER] -5.775  P_det_soft 0.6733  (91s)
  step 3125  JSR  -21.7  loss 12.5143  logE[BER] -9.093  P_det_soft 0.3421  (91s)
  step 3150  JSR  -24.9  loss 21.7959  logE[BER] -19.203  P_det_soft 0.2593  (92s)
  step 3175  JSR  -15.7  loss 11.8648  logE[BER] -5.902  P_det_soft 0.5963  (93s)
  step 3200  JSR  -23.5  loss 15.2100  logE[BER] -12.009  P_det_soft 0.3201  (93s)
  step 3225  JSR  -11.5  loss 14.2968  logE[BER] -5.532  P_det_soft 0.8765  (94s)
  step 3250  JSR  -15.4  loss 11.9633  logE[BER] -5.789  P_det_soft 0.6174  (95s)
  step 3275  JSR   -8.1  loss 15.0486  logE[BER] -5.137  P_det_soft 0.9911  (96s)
  step 3300  JSR  -13.1  loss 13.7461  logE[BER] -5.663  P_det_soft 0.8083  (96s)
  step 3325  JSR  -13.6  loss 13.1326  logE[BER] -5.723  P_det_soft 0.7409  (97s)
  step 3350  JSR   -2.9  loss 14.5616  logE[BER] -4.562  P_det_soft 1.0000  (98s)
  step 3375  JSR   -4.4  loss 14.7134  logE[BER] -4.713  P_det_soft 1.0000  (99s)
  step 3400  JSR  -16.3  loss 12.3389  logE[BER] -6.208  P_det_soft 0.6131  (99s)
  step 3425  JSR  -16.6  loss 11.6628  logE[BER] -6.026  P_det_soft 0.5636  (100s)
  step 3450  JSR   -5.6  loss 14.7907  logE[BER] -4.791  P_det_soft 1.0000  (101s)
  step 3475  JSR   -4.9  loss 14.7441  logE[BER] -4.744  P_det_soft 1.0000  (102s)
  step 3500  JSR   -7.8  loss 14.9864  logE[BER] -5.052  P_det_soft 0.9934  (102s)
  step 3525  JSR  -14.7  loss 12.1093  logE[BER] -5.732  P_det_soft 0.6377  (103s)
  step 3550  JSR  -18.7  loss 10.8747  logE[BER] -6.552  P_det_soft 0.4323  (104s)
  step 3575  JSR  -24.4  loss 19.5759  logE[BER] -16.617  P_det_soft 0.2959  (104s)
  step 3600  JSR  -10.9  loss 14.5088  logE[BER] -5.254  P_det_soft 0.9255  (105s)
  step 3625  JSR   -4.5  loss 14.5941  logE[BER] -4.594  P_det_soft 1.0000  (106s)
  step 3650  JSR  -12.4  loss 13.8144  logE[BER] -5.613  P_det_soft 0.8202  (107s)
  step 3675  JSR  -24.9  loss 21.3330  logE[BER] -18.696  P_det_soft 0.2637  (107s)
  step 3700  JSR  -12.7  loss 14.1004  logE[BER] -5.596  P_det_soft 0.8505  (108s)
  step 3725  JSR   -3.4  loss 14.3539  logE[BER] -4.354  P_det_soft 1.0000  (109s)
  step 3750  JSR   -5.4  loss 14.9478  logE[BER] -4.948  P_det_soft 1.0000  (110s)
  step 3775  JSR  -23.9  loss 17.1001  logE[BER] -14.391  P_det_soft 0.2709  (110s)
  step 3800  JSR   -3.1  loss 14.5796  logE[BER] -4.580  P_det_soft 1.0000  (111s)
  step 3825  JSR  -11.7  loss 14.4700  logE[BER] -5.574  P_det_soft 0.8896  (112s)
  step 3850  JSR   -5.9  loss 14.6247  logE[BER] -4.625  P_det_soft 1.0000  (112s)
  step 3875  JSR  -12.9  loss 13.6411  logE[BER] -5.552  P_det_soft 0.8089  (113s)
  step 3900  JSR  -10.7  loss 14.5621  logE[BER] -5.439  P_det_soft 0.9123  (114s)
  step 3925  JSR   -7.2  loss 14.9851  logE[BER] -4.986  P_det_soft 0.9999  (115s)
  step 3950  JSR   -8.7  loss 14.9802  logE[BER] -5.023  P_det_soft 0.9957  (115s)
  step 3975  JSR  -14.4  loss 12.9001  logE[BER] -5.781  P_det_soft 0.7119  (116s)
  step 3999  JSR  -18.0  loss 11.4219  logE[BER] -6.345  P_det_soft 0.5077  (117s)
wrote gan/energy_b10_r0_G.pt, gan/energy_b10_r0.json in 117s
