node: tikgpu05.ee.ethz.ch | gpu: NVIDIA TITAN RTX
env noise = {'noise_unc_db': 0.5, 'rician_k_db': None} | task cnn_b10_r2 = {'target': 'spec_cnn', 'beta': 10.0, 'cgan_task': 14} | seed 6014 | band (-36.4, -4.4) | 32 frames/step | 4000 steps | device cuda:0
  target spec_cnn: threshold -0.671523, clean-frame std 1.44179 (soft_pdet width)
  step    0  JSR   -8.8  loss 62.0295  logE[BER] -52.250  P_det_soft 0.9780  (1s)
  step   25  JSR  -22.1  loss 65.6951  logE[BER] -63.172  P_det_soft 0.2523  (3s)
  step   50  JSR   -7.5  loss 16.5444  logE[BER] -6.755  P_det_soft 0.9789  (5s)
  step   75  JSR   -4.8  loss 15.3068  logE[BER] -5.544  P_det_soft 0.9763  (8s)
  step  100  JSR  -28.4  loss 97.4330  logE[BER] -95.154  P_det_soft 0.2279  (10s)
  step  125  JSR  -34.6  loss 95.3006  logE[BER] -93.855  P_det_soft 0.1446  (12s)
  step  150  JSR  -34.4  loss 105.3284  logE[BER] -103.754  P_det_soft 0.1574  (14s)
  step  175  JSR  -20.9  loss 74.4871  logE[BER] -71.954  P_det_soft 0.2533  (17s)
  step  200  JSR   -5.8  loss 15.6407  logE[BER] -5.897  P_det_soft 0.9744  (19s)
  step  225  JSR  -36.0  loss 105.0207  logE[BER] -103.613  P_det_soft 0.1408  (21s)
  step  250  JSR  -35.8  loss 110.9707  logE[BER] -108.969  P_det_soft 0.2002  (24s)
  step  275  JSR  -12.3  loss 23.4418  logE[BER] -13.816  P_det_soft 0.9625  (26s)
  step  300  JSR  -32.7  loss 104.9221  logE[BER] -103.219  P_det_soft 0.1703  (28s)
  step  325  JSR  -18.9  loss 73.6198  logE[BER] -69.199  P_det_soft 0.4421  (31s)
  step  350  JSR  -26.0  loss 85.7596  logE[BER] -83.536  P_det_soft 0.2223  (33s)
  step  375  JSR  -14.0  loss 39.3367  logE[BER] -30.125  P_det_soft 0.9212  (35s)
  step  400  JSR  -31.5  loss 104.0150  logE[BER] -102.098  P_det_soft 0.1917  (38s)
  step  425  JSR  -35.5  loss 108.8632  logE[BER] -107.096  P_det_soft 0.1767  (40s)
  step  450  JSR  -32.1  loss 97.2562  logE[BER] -95.583  P_det_soft 0.1673  (42s)
  step  475  JSR  -16.6  loss 44.1264  logE[BER] -36.861  P_det_soft 0.7266  (44s)
  step  500  JSR  -23.1  loss 67.1606  logE[BER] -65.060  P_det_soft 0.2101  (47s)
  step  525  JSR  -30.7  loss 97.6171  logE[BER] -95.547  P_det_soft 0.2070  (49s)
  step  550  JSR  -10.3  loss 17.5508  logE[BER] -7.837  P_det_soft 0.9714  (51s)
  step  575  JSR  -36.2  loss 106.9697  logE[BER] -105.852  P_det_soft 0.1117  (54s)
  step  600  JSR  -11.0  loss 16.7705  logE[BER] -7.014  P_det_soft 0.9757  (56s)
  step  625  JSR  -30.3  loss 96.5636  logE[BER] -94.561  P_det_soft 0.2003  (58s)
  step  650  JSR  -28.2  loss 93.0631  logE[BER] -91.537  P_det_soft 0.1526  (61s)
  step  675  JSR  -15.9  loss 26.7050  logE[BER] -18.906  P_det_soft 0.7799  (63s)
  step  700  JSR  -14.4  loss 28.1802  logE[BER] -19.283  P_det_soft 0.8897  (65s)
  step  725  JSR   -9.1  loss 15.9736  logE[BER] -6.238  P_det_soft 0.9735  (68s)
  step  750  JSR  -13.7  loss 24.8060  logE[BER] -15.498  P_det_soft 0.9308  (70s)
  step  775  JSR  -16.0  loss 35.2593  logE[BER] -27.472  P_det_soft 0.7788  (72s)
  step  800  JSR  -17.4  loss 37.4880  logE[BER] -31.140  P_det_soft 0.6348  (74s)
  step  825  JSR  -10.5  loss 16.1664  logE[BER] -6.442  P_det_soft 0.9724  (77s)
  step  850  JSR  -17.6  loss 46.9785  logE[BER] -41.347  P_det_soft 0.5631  (79s)
  step  875  JSR  -19.9  loss 58.1458  logE[BER] -54.025  P_det_soft 0.4121  (81s)
  step  900  JSR  -24.7  loss 75.8313  logE[BER] -73.066  P_det_soft 0.2766  (84s)
  step  925  JSR   -4.7  loss 14.7779  logE[BER] -5.014  P_det_soft 0.9764  (86s)
  step  950  JSR  -31.9  loss 97.6314  logE[BER] -96.392  P_det_soft 0.1239  (88s)
  step  975  JSR  -10.8  loss 15.7931  logE[BER] -6.127  P_det_soft 0.9666  (91s)
  step 1000  JSR  -32.4  loss 93.2821  logE[BER] -91.060  P_det_soft 0.2222  (93s)
  step 1025  JSR  -31.1  loss 90.7981  logE[BER] -88.473  P_det_soft 0.2325  (95s)
  step 1050  JSR  -23.9  loss 71.9630  logE[BER] -69.339  P_det_soft 0.2624  (98s)
  step 1075  JSR  -23.4  loss 63.5788  logE[BER] -61.063  P_det_soft 0.2516  (100s)
  step 1100  JSR  -35.2  loss 98.7853  logE[BER] -97.107  P_det_soft 0.1678  (102s)
  step 1125  JSR  -26.7  loss 77.3856  logE[BER] -75.856  P_det_soft 0.1529  (104s)
  step 1150  JSR  -15.3  loss 23.0330  logE[BER] -15.567  P_det_soft 0.7466  (107s)
  step 1175  JSR  -17.8  loss 26.4180  logE[BER] -21.568  P_det_soft 0.4850  (109s)
  step 1200  JSR  -14.2  loss 15.5464  logE[BER] -7.170  P_det_soft 0.8376  (111s)
  step 1225  JSR  -17.0  loss 18.5492  logE[BER] -12.230  P_det_soft 0.6319  (114s)
  step 1250  JSR  -13.0  loss 16.2804  logE[BER] -6.971  P_det_soft 0.9309  (116s)
  step 1275  JSR   -6.2  loss 14.7405  logE[BER] -4.941  P_det_soft 0.9799  (118s)
  step 1300  JSR  -27.8  loss 80.0398  logE[BER] -78.556  P_det_soft 0.1484  (121s)
  step 1325  JSR   -9.7  loss 15.2265  logE[BER] -5.461  P_det_soft 0.9766  (123s)
  step 1350  JSR  -14.3  loss 13.2435  logE[BER] -6.355  P_det_soft 0.6888  (125s)
  step 1375  JSR  -31.6  loss 82.7705  logE[BER] -80.870  P_det_soft 0.1900  (128s)
  step 1400  JSR   -7.4  loss 14.8546  logE[BER] -5.090  P_det_soft 0.9764  (130s)
  step 1425  JSR   -5.5  loss 14.3516  logE[BER] -4.551  P_det_soft 0.9800  (132s)
  step 1450  JSR   -8.2  loss 14.7314  logE[BER] -4.972  P_det_soft 0.9759  (135s)
  step 1475  JSR  -22.2  loss 30.2111  logE[BER] -27.446  P_det_soft 0.2765  (137s)
  step 1500  JSR  -13.7  loss 14.1809  logE[BER] -6.122  P_det_soft 0.8059  (139s)
  step 1525  JSR  -30.8  loss 82.8780  logE[BER] -81.299  P_det_soft 0.1579  (141s)
  step 1550  JSR   -5.7  loss 14.5839  logE[BER] -4.781  P_det_soft 0.9803  (144s)
  step 1575  JSR  -17.1  loss 11.1916  logE[BER] -6.356  P_det_soft 0.4835  (146s)
  step 1600  JSR  -22.7  loss 17.6297  logE[BER] -14.774  P_det_soft 0.2855  (148s)
  step 1625  JSR  -16.5  loss 13.1738  logE[BER] -7.418  P_det_soft 0.5756  (151s)
  step 1650  JSR  -17.4  loss 10.6125  logE[BER] -6.350  P_det_soft 0.4263  (153s)
  step 1675  JSR  -28.3  loss 50.7910  logE[BER] -49.416  P_det_soft 0.1375  (155s)
  step 1700  JSR  -31.5  loss 74.4283  logE[BER] -72.033  P_det_soft 0.2396  (158s)
  step 1725  JSR  -18.1  loss 10.2542  logE[BER] -6.580  P_det_soft 0.3674  (160s)
  step 1750  JSR  -12.4  loss 13.3282  logE[BER] -5.500  P_det_soft 0.7828  (162s)
  step 1775  JSR  -35.0  loss 82.9374  logE[BER] -81.410  P_det_soft 0.1528  (165s)
  step 1800  JSR  -33.5  loss 76.5802  logE[BER] -74.333  P_det_soft 0.2247  (167s)
  step 1825  JSR  -13.0  loss 13.6380  logE[BER] -5.849  P_det_soft 0.7789  (169s)
  step 1850  JSR  -11.3  loss 14.1381  logE[BER] -5.305  P_det_soft 0.8833  (171s)
  step 1875  JSR  -13.2  loss 13.6712  logE[BER] -5.798  P_det_soft 0.7874  (174s)
  step 1900  JSR  -17.9  loss 10.4439  logE[BER] -6.527  P_det_soft 0.3917  (176s)
  step 1925  JSR  -11.8  loss 13.0585  logE[BER] -5.563  P_det_soft 0.7495  (178s)
  step 1950  JSR  -10.9  loss 14.5782  logE[BER] -5.457  P_det_soft 0.9121  (181s)
  step 1975  JSR  -27.5  loss 37.0234  logE[BER] -34.729  P_det_soft 0.2294  (183s)
  step 2000  JSR  -29.3  loss 47.0280  logE[BER] -45.466  P_det_soft 0.1562  (185s)
  step 2025  JSR  -13.5  loss 13.1116  logE[BER] -5.501  P_det_soft 0.7611  (188s)
  step 2050  JSR  -21.9  loss 10.9907  logE[BER] -8.322  P_det_soft 0.2668  (190s)
  step 2075  JSR  -13.9  loss 12.5608  logE[BER] -5.596  P_det_soft 0.6965  (192s)
  step 2100  JSR  -30.8  loss 61.8788  logE[BER] -60.063  P_det_soft 0.1816  (195s)
  step 2125  JSR  -28.2  loss 43.5089  logE[BER] -41.920  P_det_soft 0.1589  (197s)
  step 2150  JSR   -8.5  loss 15.0954  logE[BER] -5.348  P_det_soft 0.9747  (199s)
  step 2175  JSR  -20.6  loss 10.5283  logE[BER] -7.249  P_det_soft 0.3279  (201s)
  step 2200  JSR  -19.8  loss 10.1061  logE[BER] -6.558  P_det_soft 0.3548  (204s)
  step 2225  JSR  -22.8  loss 12.2783  logE[BER] -9.797  P_det_soft 0.2481  (206s)
  step 2250  JSR   -6.9  loss 15.0902  logE[BER] -5.298  P_det_soft 0.9792  (208s)
  step 2275  JSR  -35.0  loss 84.2392  logE[BER] -82.577  P_det_soft 0.1662  (211s)
  step 2300  JSR  -31.2  loss 64.4326  logE[BER] -62.389  P_det_soft 0.2043  (213s)
  step 2325  JSR  -30.7  loss 61.0892  logE[BER] -59.190  P_det_soft 0.1899  (215s)
  step 2350  JSR  -26.7  loss 33.8545  logE[BER] -32.455  P_det_soft 0.1400  (218s)
  step 2375  JSR  -20.1  loss 9.8055  logE[BER] -6.854  P_det_soft 0.2951  (220s)
  step 2400  JSR  -11.9  loss 13.7110  logE[BER] -5.561  P_det_soft 0.8150  (222s)
  step 2425  JSR   -6.2  loss 14.8804  logE[BER] -5.036  P_det_soft 0.9844  (225s)
  step 2450  JSR   -4.9  loss 14.7750  logE[BER] -4.933  P_det_soft 0.9842  (227s)
  step 2475  JSR   -4.7  loss 14.8249  logE[BER] -4.989  P_det_soft 0.9836  (229s)
  step 2500  JSR   -5.7  loss 15.0774  logE[BER] -5.219  P_det_soft 0.9858  (232s)
  step 2525  JSR  -27.8  loss 37.1013  logE[BER] -35.424  P_det_soft 0.1677  (234s)
  step 2550  JSR  -24.3  loss 15.5028  logE[BER] -13.266  P_det_soft 0.2236  (236s)
  step 2575  JSR  -17.1  loss 10.0961  logE[BER] -6.068  P_det_soft 0.4029  (238s)
  step 2600  JSR  -30.4  loss 48.6381  logE[BER] -46.780  P_det_soft 0.1858  (241s)
  step 2625  JSR   -6.5  loss 15.0581  logE[BER] -5.205  P_det_soft 0.9853  (243s)
  step 2650  JSR  -35.9  loss 84.9153  logE[BER] -83.891  P_det_soft 0.1025  (245s)
  step 2675  JSR  -21.1  loss 10.1794  logE[BER] -7.723  P_det_soft 0.2456  (248s)
  step 2700  JSR  -34.2  loss 75.0979  logE[BER] -73.357  P_det_soft 0.1741  (250s)
  step 2725  JSR  -30.7  loss 57.9455  logE[BER] -56.031  P_det_soft 0.1915  (252s)
  step 2750  JSR  -16.4  loss 9.9671  logE[BER] -5.823  P_det_soft 0.4144  (255s)
  step 2775  JSR  -26.2  loss 26.0035  logE[BER] -24.235  P_det_soft 0.1768  (257s)
  step 2800  JSR  -25.3  loss 23.0063  logE[BER] -21.203  P_det_soft 0.1804  (259s)
  step 2825  JSR  -21.2  loss 9.8448  logE[BER] -7.496  P_det_soft 0.2349  (262s)
  step 2850  JSR  -28.4  loss 43.1763  logE[BER] -41.674  P_det_soft 0.1503  (264s)
  step 2875  JSR   -7.8  loss 14.9199  logE[BER] -5.143  P_det_soft 0.9777  (266s)
  step 2900  JSR  -25.5  loss 26.0081  logE[BER] -23.341  P_det_soft 0.2667  (268s)
  step 2925  JSR  -32.9  loss 69.2191  logE[BER] -67.831  P_det_soft 0.1388  (271s)
  step 2950  JSR   -5.1  loss 14.8782  logE[BER] -5.006  P_det_soft 0.9872  (273s)
  step 2975  JSR  -33.2  loss 72.4392  logE[BER] -70.879  P_det_soft 0.1560  (275s)
  step 3000  JSR   -9.6  loss 14.8828  logE[BER] -5.359  P_det_soft 0.9524  (278s)
  step 3025  JSR  -11.6  loss 14.0549  logE[BER] -5.628  P_det_soft 0.8426  (280s)
  step 3050  JSR  -15.9  loss 9.3465  logE[BER] -5.758  P_det_soft 0.3588  (282s)
  step 3075  JSR  -11.5  loss 13.9395  logE[BER] -5.566  P_det_soft 0.8374  (285s)
  step 3100  JSR  -23.3  loss 12.2485  logE[BER] -9.944  P_det_soft 0.2304  (287s)
  step 3125  JSR   -8.2  loss 15.1439  logE[BER] -5.398  P_det_soft 0.9746  (289s)
  step 3150  JSR  -29.4  loss 48.7271  logE[BER] -46.293  P_det_soft 0.2434  (292s)
  step 3175  JSR  -13.9  loss 12.4920  logE[BER] -5.995  P_det_soft 0.6497  (294s)
  step 3200  JSR  -30.4  loss 56.4192  logE[BER] -54.635  P_det_soft 0.1784  (296s)
  step 3225  JSR  -21.4  loss 10.3967  logE[BER] -7.860  P_det_soft 0.2537  (298s)
  step 3250  JSR   -5.5  loss 14.9214  logE[BER] -5.082  P_det_soft 0.9840  (301s)
  step 3275  JSR  -36.3  loss 75.2472  logE[BER] -73.812  P_det_soft 0.1435  (303s)
  step 3300  JSR  -32.4  loss 71.8048  logE[BER] -69.450  P_det_soft 0.2355  (305s)
  step 3325  JSR  -25.6  loss 23.8001  logE[BER] -21.663  P_det_soft 0.2137  (308s)
  step 3350  JSR  -21.6  loss 10.3816  logE[BER] -7.847  P_det_soft 0.2535  (310s)
  step 3375  JSR  -15.2  loss 10.7931  logE[BER] -5.811  P_det_soft 0.4982  (312s)
  step 3400  JSR  -14.3  loss 11.6524  logE[BER] -5.484  P_det_soft 0.6169  (315s)
  step 3425  JSR  -18.3  loss 10.2211  logE[BER] -6.328  P_det_soft 0.3893  (317s)
  step 3450  JSR  -16.3  loss 9.8064  logE[BER] -5.795  P_det_soft 0.4011  (319s)
  step 3475  JSR  -17.9  loss 9.2436  logE[BER] -6.027  P_det_soft 0.3216  (322s)
  step 3500  JSR  -17.6  loss 9.8055  logE[BER] -6.106  P_det_soft 0.3699  (324s)
  step 3525  JSR   -4.7  loss 14.6142  logE[BER] -4.737  P_det_soft 0.9877  (326s)
  step 3550  JSR  -28.5  loss 38.4493  logE[BER] -36.289  P_det_soft 0.2160  (328s)
  step 3575  JSR  -14.7  loss 10.6166  logE[BER] -6.005  P_det_soft 0.4612  (331s)
  step 3600  JSR   -8.2  loss 14.7602  logE[BER] -5.097  P_det_soft 0.9663  (333s)
  step 3625  JSR  -22.8  loss 12.0178  logE[BER] -9.454  P_det_soft 0.2564  (335s)
  step 3650  JSR  -31.6  loss 64.1944  logE[BER] -61.969  P_det_soft 0.2225  (338s)
  step 3675  JSR  -13.0  loss 12.0379  logE[BER] -5.525  P_det_soft 0.6513  (340s)
  step 3700  JSR  -15.3  loss 10.0696  logE[BER] -5.604  P_det_soft 0.4465  (342s)
  step 3725  JSR  -21.7  loss 10.3323  logE[BER] -7.872  P_det_soft 0.2461  (345s)
  step 3750  JSR   -4.8  loss 14.7906  logE[BER] -4.931  P_det_soft 0.9860  (347s)
  step 3775  JSR  -26.6  loss 32.8681  logE[BER] -30.788  P_det_soft 0.2080  (349s)
  step 3800  JSR  -35.0  loss 81.2783  logE[BER] -79.416  P_det_soft 0.1863  (352s)
  step 3825  JSR  -32.5  loss 70.3772  logE[BER] -69.008  P_det_soft 0.1369  (354s)
  step 3850  JSR   -7.6  loss 14.9506  logE[BER] -5.156  P_det_soft 0.9794  (356s)
  step 3875  JSR  -18.0  loss 9.6976  logE[BER] -6.181  P_det_soft 0.3516  (358s)
  step 3900  JSR  -11.2  loss 13.2200  logE[BER] -5.594  P_det_soft 0.7626  (361s)
  step 3925  JSR  -30.1  loss 49.9823  logE[BER] -48.418  P_det_soft 0.1564  (363s)
  step 3950  JSR  -23.7  loss 14.7493  logE[BER] -12.027  P_det_soft 0.2723  (365s)
  step 3975  JSR  -21.2  loss 10.7790  logE[BER] -7.179  P_det_soft 0.3600  (368s)
  step 3999  JSR  -35.0  loss 80.5873  logE[BER] -78.598  P_det_soft 0.1990  (370s)
wrote gan/cnn_b10_r2_G.pt, gan/cnn_b10_r2.json in 377s
