node: tikgpu04.ee.ethz.ch | gpu: NVIDIA TITAN RTX
env noise_1db = {'noise_unc_db': 1.0, 'rician_k_db': None} | task cnn_b10_r2 = {'target': 'spec_cnn', 'beta': 10.0, 'cgan_task': 14} | seed 6014 | band (-34.1, -2.1) | 32 frames/step | 4000 steps | device cuda:0
  target spec_cnn: threshold -0.327489, clean-frame std 1.48203 (soft_pdet width)
  step    0  JSR   -6.5  loss 44.2972  logE[BER] -34.622  P_det_soft 0.9675  (1s)
  step   25  JSR  -19.8  loss 57.9262  logE[BER] -55.512  P_det_soft 0.2414  (3s)
  step   50  JSR   -5.2  loss 15.1950  logE[BER] -5.671  P_det_soft 0.9524  (5s)
  step   75  JSR   -2.5  loss 14.7654  logE[BER] -5.060  P_det_soft 0.9705  (8s)
  step  100  JSR  -26.1  loss 81.1709  logE[BER] -79.274  P_det_soft 0.1897  (10s)
  step  125  JSR  -32.3  loss 70.4726  logE[BER] -68.813  P_det_soft 0.1660  (12s)
  step  150  JSR  -32.1  loss 84.8368  logE[BER] -83.335  P_det_soft 0.1502  (15s)
  step  175  JSR  -18.6  loss 59.5831  logE[BER] -57.292  P_det_soft 0.2291  (17s)
  step  200  JSR   -3.5  loss 14.7234  logE[BER] -5.094  P_det_soft 0.9629  (20s)
  step  225  JSR  -33.7  loss 82.0374  logE[BER] -80.770  P_det_soft 0.1267  (22s)
  step  250  JSR  -33.5  loss 96.2619  logE[BER] -94.283  P_det_soft 0.1979  (24s)
  step  275  JSR  -10.0  loss 20.8008  logE[BER] -11.341  P_det_soft 0.9460  (27s)
  step  300  JSR  -30.4  loss 88.9768  logE[BER] -87.455  P_det_soft 0.1522  (29s)
  step  325  JSR  -16.6  loss 64.0139  logE[BER] -60.771  P_det_soft 0.3243  (31s)
  step  350  JSR  -23.7  loss 66.8482  logE[BER] -64.805  P_det_soft 0.2043  (34s)
  step  375  JSR  -11.7  loss 33.4311  logE[BER] -25.066  P_det_soft 0.8365  (36s)
  step  400  JSR  -29.2  loss 85.8876  logE[BER] -84.267  P_det_soft 0.1620  (39s)
  step  425  JSR  -33.2  loss 91.9684  logE[BER] -90.579  P_det_soft 0.1389  (41s)
  step  450  JSR  -29.8  loss 76.9380  logE[BER] -75.386  P_det_soft 0.1552  (43s)
  step  475  JSR  -14.3  loss 46.0112  logE[BER] -39.843  P_det_soft 0.6168  (46s)
  step  500  JSR  -20.8  loss 57.7763  logE[BER] -56.021  P_det_soft 0.1755  (48s)
  step  525  JSR  -28.4  loss 67.4342  logE[BER] -65.591  P_det_soft 0.1843  (51s)
  step  550  JSR   -8.0  loss 16.6293  logE[BER] -7.268  P_det_soft 0.9361  (53s)
  step  575  JSR  -33.9  loss 92.1436  logE[BER] -91.116  P_det_soft 0.1027  (55s)
  step  600  JSR   -8.7  loss 17.6747  logE[BER] -8.425  P_det_soft 0.9250  (58s)
  step  625  JSR  -28.0  loss 85.5315  logE[BER] -83.669  P_det_soft 0.1862  (60s)
  step  650  JSR  -25.9  loss 76.2016  logE[BER] -74.996  P_det_soft 0.1206  (63s)
  step  675  JSR  -13.6  loss 34.3607  logE[BER] -28.277  P_det_soft 0.6084  (65s)
  step  700  JSR  -12.1  loss 31.3463  logE[BER] -22.876  P_det_soft 0.8470  (67s)
  step  725  JSR   -6.8  loss 15.2784  logE[BER] -5.795  P_det_soft 0.9484  (70s)
  step  750  JSR  -11.4  loss 27.3676  logE[BER] -18.726  P_det_soft 0.8642  (72s)
  step  775  JSR  -13.7  loss 39.8527  logE[BER] -33.462  P_det_soft 0.6391  (75s)
  step  800  JSR  -15.1  loss 41.3693  logE[BER] -36.501  P_det_soft 0.4869  (77s)
  step  825  JSR   -8.2  loss 16.3147  logE[BER] -6.935  P_det_soft 0.9380  (79s)
  step  850  JSR  -15.3  loss 41.3813  logE[BER] -37.571  P_det_soft 0.3810  (82s)
  step  875  JSR  -17.6  loss 52.9204  logE[BER] -49.032  P_det_soft 0.3889  (84s)
  step  900  JSR  -22.4  loss 66.7865  logE[BER] -64.703  P_det_soft 0.2083  (87s)
  step  925  JSR   -2.4  loss 14.4700  logE[BER] -4.776  P_det_soft 0.9694  (89s)
  step  950  JSR  -29.6  loss 90.5854  logE[BER] -89.416  P_det_soft 0.1169  (91s)
  step  975  JSR   -8.5  loss 17.1031  logE[BER] -7.656  P_det_soft 0.9447  (94s)
  step 1000  JSR  -30.1  loss 75.1992  logE[BER] -73.090  P_det_soft 0.2109  (96s)
  step 1025  JSR  -28.8  loss 77.0048  logE[BER] -74.778  P_det_soft 0.2227  (99s)
  step 1050  JSR  -21.6  loss 57.8807  logE[BER] -55.460  P_det_soft 0.2420  (101s)
  step 1075  JSR  -21.1  loss 53.6899  logE[BER] -51.726  P_det_soft 0.1964  (103s)
  step 1100  JSR  -32.9  loss 87.3566  logE[BER] -85.733  P_det_soft 0.1624  (106s)
  step 1125  JSR  -24.4  loss 80.9331  logE[BER] -79.644  P_det_soft 0.1290  (108s)
  step 1150  JSR  -13.0  loss 25.7367  logE[BER] -18.644  P_det_soft 0.7093  (111s)
  step 1175  JSR  -15.5  loss 45.2398  logE[BER] -40.310  P_det_soft 0.4930  (113s)
  step 1200  JSR  -11.9  loss 23.5957  logE[BER] -15.226  P_det_soft 0.8370  (115s)
  step 1225  JSR  -14.7  loss 25.8949  logE[BER] -19.096  P_det_soft 0.6799  (118s)
  step 1250  JSR  -10.7  loss 19.1409  logE[BER] -10.075  P_det_soft 0.9066  (120s)
  step 1275  JSR   -3.9  loss 14.5540  logE[BER] -4.844  P_det_soft 0.9710  (123s)
  step 1300  JSR  -25.5  loss 79.3622  logE[BER] -77.777  P_det_soft 0.1585  (125s)
  step 1325  JSR   -7.4  loss 15.6585  logE[BER] -6.120  P_det_soft 0.9539  (127s)
  step 1350  JSR  -12.0  loss 16.7471  logE[BER] -8.737  P_det_soft 0.8010  (130s)
  step 1375  JSR  -29.3  loss 82.6231  logE[BER] -80.990  P_det_soft 0.1633  (132s)
  step 1400  JSR   -5.1  loss 14.6140  logE[BER] -5.010  P_det_soft 0.9604  (135s)
  step 1425  JSR   -3.2  loss 14.4008  logE[BER] -4.697  P_det_soft 0.9704  (137s)
  step 1450  JSR   -5.9  loss 14.8848  logE[BER] -5.231  P_det_soft 0.9654  (139s)
  step 1475  JSR  -19.9  loss 65.5678  logE[BER] -63.311  P_det_soft 0.2257  (142s)
  step 1500  JSR  -11.4  loss 17.2183  logE[BER] -8.995  P_det_soft 0.8224  (144s)
  step 1525  JSR  -28.5  loss 87.5344  logE[BER] -86.179  P_det_soft 0.1355  (147s)
  step 1550  JSR   -3.4  loss 14.4772  logE[BER] -4.775  P_det_soft 0.9702  (149s)
  step 1575  JSR  -14.8  loss 32.2145  logE[BER] -26.933  P_det_soft 0.5281  (151s)
  step 1600  JSR  -20.4  loss 55.5694  logE[BER] -53.716  P_det_soft 0.1853  (154s)
  step 1625  JSR  -14.2  loss 27.2259  logE[BER] -21.252  P_det_soft 0.5974  (156s)
  step 1650  JSR  -15.1  loss 26.4329  logE[BER] -21.930  P_det_soft 0.4503  (159s)
  step 1675  JSR  -26.0  loss 86.6328  logE[BER] -85.536  P_det_soft 0.1097  (161s)
  step 1700  JSR  -29.2  loss 81.0151  logE[BER] -78.913  P_det_soft 0.2102  (163s)
  step 1725  JSR  -15.8  loss 24.4293  logE[BER] -20.475  P_det_soft 0.3955  (166s)
  step 1750  JSR  -10.1  loss 15.9391  logE[BER] -6.820  P_det_soft 0.9119  (168s)
  step 1775  JSR  -32.7  loss 85.5984  logE[BER] -84.338  P_det_soft 0.1261  (170s)
  step 1800  JSR  -31.2  loss 82.5429  logE[BER] -80.321  P_det_soft 0.2221  (173s)
  step 1825  JSR  -10.7  loss 15.8532  logE[BER] -7.100  P_det_soft 0.8753  (175s)
  step 1850  JSR   -9.0  loss 16.1838  logE[BER] -6.844  P_det_soft 0.9340  (178s)
  step 1875  JSR  -10.9  loss 16.1911  logE[BER] -7.652  P_det_soft 0.8539  (180s)
  step 1900  JSR  -15.6  loss 29.1156  logE[BER] -25.054  P_det_soft 0.4062  (182s)
  step 1925  JSR   -9.5  loss 15.7172  logE[BER] -6.408  P_det_soft 0.9309  (185s)
  step 1950  JSR   -8.6  loss 15.4030  logE[BER] -5.944  P_det_soft 0.9459  (187s)
  step 1975  JSR  -25.2  loss 81.7478  logE[BER] -80.517  P_det_soft 0.1231  (190s)
  step 2000  JSR  -27.0  loss 79.0183  logE[BER] -77.628  P_det_soft 0.1391  (192s)
  step 2025  JSR  -11.2  loss 16.4734  logE[BER] -7.623  P_det_soft 0.8851  (194s)
  step 2050  JSR  -19.6  loss 42.9652  logE[BER] -40.199  P_det_soft 0.2767  (197s)
  step 2075  JSR  -11.6  loss 17.1797  logE[BER] -8.660  P_det_soft 0.8520  (199s)
  step 2100  JSR  -28.5  loss 74.3259  logE[BER] -72.895  P_det_soft 0.1431  (202s)
  step 2125  JSR  -25.9  loss 77.0079  logE[BER] -75.829  P_det_soft 0.1178  (204s)
  step 2150  JSR   -6.2  loss 14.5204  logE[BER] -4.958  P_det_soft 0.9563  (206s)
  step 2175  JSR  -18.3  loss 36.4973  logE[BER] -33.352  P_det_soft 0.3145  (209s)
  step 2200  JSR  -17.5  loss 31.2264  logE[BER] -28.173  P_det_soft 0.3053  (211s)
  step 2225  JSR  -20.5  loss 52.9380  logE[BER] -50.649  P_det_soft 0.2289  (214s)
  step 2250  JSR   -4.6  loss 14.2758  logE[BER] -4.580  P_det_soft 0.9696  (216s)
  step 2275  JSR  -32.7  loss 87.4549  logE[BER] -85.768  P_det_soft 0.1687  (218s)
  step 2300  JSR  -28.9  loss 90.0065  logE[BER] -88.695  P_det_soft 0.1311  (221s)
  step 2325  JSR  -28.4  loss 81.1443  logE[BER] -79.714  P_det_soft 0.1430  (223s)
  step 2350  JSR  -24.4  loss 62.4659  logE[BER] -61.008  P_det_soft 0.1457  (226s)
  step 2375  JSR  -17.8  loss 20.8022  logE[BER] -18.634  P_det_soft 0.2168  (228s)
  step 2400  JSR   -9.6  loss 14.2802  logE[BER] -5.378  P_det_soft 0.8902  (230s)
  step 2425  JSR   -3.9  loss 14.0946  logE[BER] -4.412  P_det_soft 0.9683  (233s)
  step 2450  JSR   -2.6  loss 13.8619  logE[BER] -4.140  P_det_soft 0.9722  (235s)
  step 2475  JSR   -2.4  loss 13.8045  logE[BER] -4.082  P_det_soft 0.9722  (238s)
  step 2500  JSR   -3.4  loss 14.1505  logE[BER] -4.442  P_det_soft 0.9708  (240s)
  step 2525  JSR  -25.5  loss 45.0221  logE[BER] -43.629  P_det_soft 0.1393  (242s)
  step 2550  JSR  -22.0  loss 36.0961  logE[BER] -35.020  P_det_soft 0.1077  (245s)
  step 2575  JSR  -14.8  loss 10.9016  logE[BER] -6.773  P_det_soft 0.4129  (247s)
  step 2600  JSR  -28.1  loss 68.1835  logE[BER] -66.642  P_det_soft 0.1541  (250s)
  step 2625  JSR   -4.2  loss 14.3751  logE[BER] -4.643  P_det_soft 0.9733  (252s)
  step 2650  JSR  -33.6  loss 81.6847  logE[BER] -80.615  P_det_soft 0.1069  (254s)
  step 2675  JSR  -18.8  loss 12.5460  logE[BER] -10.608  P_det_soft 0.1937  (257s)
  step 2700  JSR  -31.9  loss 72.8580  logE[BER] -71.289  P_det_soft 0.1569  (259s)
  step 2725  JSR  -28.4  loss 55.6413  logE[BER] -53.647  P_det_soft 0.1994  (262s)
  step 2750  JSR  -14.1  loss 11.4837  logE[BER] -6.239  P_det_soft 0.5245  (264s)
  step 2775  JSR  -23.9  loss 39.9476  logE[BER] -38.374  P_det_soft 0.1573  (266s)
  step 2800  JSR  -23.0  loss 23.7761  logE[BER] -22.279  P_det_soft 0.1497  (269s)
  step 2825  JSR  -18.9  loss 11.1577  logE[BER] -9.363  P_det_soft 0.1795  (271s)
  step 2850  JSR  -26.1  loss 46.4461  logE[BER] -44.974  P_det_soft 0.1472  (274s)
  step 2875  JSR   -5.5  loss 14.5046  logE[BER] -4.779  P_det_soft 0.9726  (276s)
  step 2900  JSR  -23.2  loss 21.1966  logE[BER] -19.333  P_det_soft 0.1863  (278s)
  step 2925  JSR  -30.6  loss 59.1953  logE[BER] -58.040  P_det_soft 0.1155  (281s)
  step 2950  JSR   -2.8  loss 14.3184  logE[BER] -4.552  P_det_soft 0.9766  (283s)
  step 2975  JSR  -30.9  loss 60.7093  logE[BER] -59.325  P_det_soft 0.1384  (286s)
  step 3000  JSR   -7.3  loss 14.7319  logE[BER] -5.080  P_det_soft 0.9652  (288s)
  step 3025  JSR   -9.3  loss 14.2780  logE[BER] -5.251  P_det_soft 0.9027  (290s)
  step 3050  JSR  -13.6  loss 10.5467  logE[BER] -5.669  P_det_soft 0.4877  (293s)
  step 3075  JSR   -9.2  loss 14.7111  logE[BER] -5.424  P_det_soft 0.9287  (295s)
  step 3100  JSR  -21.0  loss 10.6917  logE[BER] -8.927  P_det_soft 0.1765  (298s)
  step 3125  JSR   -5.9  loss 14.7508  logE[BER] -5.100  P_det_soft 0.9651  (300s)
  step 3150  JSR  -27.1  loss 34.0133  logE[BER] -32.026  P_det_soft 0.1987  (302s)
  step 3175  JSR  -11.6  loss 12.8452  logE[BER] -5.600  P_det_soft 0.7245  (305s)
  step 3200  JSR  -28.1  loss 41.3099  logE[BER] -39.737  P_det_soft 0.1573  (307s)
  step 3225  JSR  -19.1  loss 9.1752  logE[BER] -7.144  P_det_soft 0.2031  (310s)
  step 3250  JSR   -3.2  loss 14.5690  logE[BER] -4.829  P_det_soft 0.9740  (312s)
  step 3275  JSR  -34.0  loss 65.2327  logE[BER] -63.775  P_det_soft 0.1457  (314s)
  step 3300  JSR  -30.1  loss 61.9854  logE[BER] -59.797  P_det_soft 0.2188  (317s)
  step 3325  JSR  -23.3  loss 17.4417  logE[BER] -15.390  P_det_soft 0.2052  (319s)
  step 3350  JSR  -19.3  loss 8.3388  logE[BER] -6.558  P_det_soft 0.1780  (322s)
  step 3375  JSR  -12.9  loss 11.0488  logE[BER] -5.658  P_det_soft 0.5390  (324s)
  step 3400  JSR  -12.0  loss 12.2030  logE[BER] -5.642  P_det_soft 0.6561  (326s)
  step 3425  JSR  -16.0  loss 9.0665  logE[BER] -5.920  P_det_soft 0.3147  (329s)
  step 3450  JSR  -14.0  loss 9.8401  logE[BER] -5.759  P_det_soft 0.4081  (331s)
  step 3475  JSR  -15.6  loss 9.5070  logE[BER] -5.936  P_det_soft 0.3571  (334s)
  step 3500  JSR  -15.3  loss 9.7312  logE[BER] -5.844  P_det_soft 0.3888  (336s)
  step 3525  JSR   -2.4  loss 14.4659  logE[BER] -4.724  P_det_soft 0.9742  (339s)
  step 3550  JSR  -26.2  loss 29.0641  logE[BER] -27.239  P_det_soft 0.1825  (341s)
  step 3575  JSR  -12.4  loss 11.3646  logE[BER] -5.790  P_det_soft 0.5575  (343s)
  step 3600  JSR   -5.9  loss 14.7354  logE[BER] -4.990  P_det_soft 0.9745  (346s)
  step 3625  JSR  -20.5  loss 9.7062  logE[BER] -7.802  P_det_soft 0.1904  (348s)
  step 3650  JSR  -29.3  loss 47.9497  logE[BER] -46.225  P_det_soft 0.1725  (350s)
  step 3675  JSR  -10.7  loss 12.9751  logE[BER] -5.550  P_det_soft 0.7425  (353s)
  step 3700  JSR  -13.0  loss 10.2358  logE[BER] -5.734  P_det_soft 0.4502  (355s)
  step 3725  JSR  -19.4  loss 8.7496  logE[BER] -6.693  P_det_soft 0.2057  (358s)
  step 3750  JSR   -2.5  loss 14.3665  logE[BER] -4.628  P_det_soft 0.9738  (360s)
  step 3775  JSR  -24.3  loss 20.8417  logE[BER] -19.269  P_det_soft 0.1572  (362s)
  step 3800  JSR  -32.7  loss 64.2743  logE[BER] -62.359  P_det_soft 0.1915  (365s)
  step 3825  JSR  -30.2  loss 53.8370  logE[BER] -52.359  P_det_soft 0.1478  (367s)
  step 3850  JSR   -5.3  loss 14.5535  logE[BER] -4.844  P_det_soft 0.9709  (370s)
  step 3875  JSR  -15.7  loss 8.8982  logE[BER] -5.795  P_det_soft 0.3104  (372s)
  step 3900  JSR   -8.9  loss 14.2181  logE[BER] -5.489  P_det_soft 0.8729  (375s)
  step 3925  JSR  -27.8  loss 38.6653  logE[BER] -37.172  P_det_soft 0.1493  (377s)
  step 3950  JSR  -21.4  loss 9.2693  logE[BER] -7.743  P_det_soft 0.1526  (379s)
  step 3975  JSR  -18.9  loss 8.9082  logE[BER] -6.589  P_det_soft 0.2319  (382s)
  step 3999  JSR  -32.7  loss 60.4859  logE[BER] -58.546  P_det_soft 0.1939  (384s)
wrote gan/cnn_b10_r2_G.pt, gan/cnn_b10_r2.json in 391s
