node: tikgpu05.ee.ethz.ch | gpu: NVIDIA TITAN RTX
env fading = {'noise_unc_db': 0.0, 'rician_k_db': 12.0} | task control_r0 = {'target': None, 'beta': 0.0, 'cgan_task': 0} | seed 4000 | band (-32.0, 0.0) | 128 frames/step | 4000 steps | device cuda:0
  step    0  JSR  -20.6  loss 44.2643  logE[BER] -44.264  P_det_soft 0.0000  (1s)
  step   25  JSR  -30.4  loss 42.8127  logE[BER] -42.813  P_det_soft 0.0000  (2s)
  step   50  JSR   -4.2  loss 4.4128  logE[BER] -4.413  P_det_soft 0.0000  (2s)
  step   75  JSR  -15.4  loss 11.5629  logE[BER] -11.563  P_det_soft 0.0000  (3s)
  step  100  JSR   -5.6  loss 4.1966  logE[BER] -4.197  P_det_soft 0.0000  (3s)
  step  125  JSR  -24.5  loss 21.3206  logE[BER] -21.321  P_det_soft 0.0000  (4s)
  step  150  JSR   -1.5  loss 3.4910  logE[BER] -3.491  P_det_soft 0.0000  (4s)
  step  175  JSR  -19.0  loss 15.8297  logE[BER] -15.830  P_det_soft 0.0000  (5s)
  step  200  JSR  -14.9  loss 8.2074  logE[BER] -8.207  P_det_soft 0.0000  (6s)
  step  225  JSR  -30.6  loss 35.7866  logE[BER] -35.787  P_det_soft 0.0000  (6s)
  step  250  JSR   -2.5  loss 3.4545  logE[BER] -3.454  P_det_soft 0.0000  (7s)
  step  275  JSR   -9.9  loss 5.1845  logE[BER] -5.185  P_det_soft 0.0000  (7s)
  step  300  JSR  -21.7  loss 18.1951  logE[BER] -18.195  P_det_soft 0.0000  (8s)
  step  325  JSR  -22.6  loss 18.3321  logE[BER] -18.332  P_det_soft 0.0000  (9s)
  step  350  JSR  -18.3  loss 11.3933  logE[BER] -11.393  P_det_soft 0.0000  (9s)
  step  375  JSR  -19.2  loss 13.1895  logE[BER] -13.189  P_det_soft 0.0000  (10s)
  step  400  JSR  -29.0  loss 26.3515  logE[BER] -26.352  P_det_soft 0.0000  (10s)
  step  425  JSR  -20.5  loss 15.7788  logE[BER] -15.779  P_det_soft 0.0000  (11s)
  step  450  JSR   -8.9  loss 4.4484  logE[BER] -4.448  P_det_soft 0.0000  (11s)
  step  475  JSR  -27.8  loss 44.1654  logE[BER] -44.165  P_det_soft 0.0000  (12s)
  step  500  JSR  -19.0  loss 11.5065  logE[BER] -11.507  P_det_soft 0.0000  (13s)
  step  525  JSR  -21.3  loss 19.1526  logE[BER] -19.153  P_det_soft 0.0000  (13s)
  step  550  JSR   -1.6  loss 3.4879  logE[BER] -3.488  P_det_soft 0.0000  (14s)
  step  575  JSR  -22.9  loss 28.2150  logE[BER] -28.215  P_det_soft 0.0000  (14s)
  step  600  JSR  -22.2  loss 18.4930  logE[BER] -18.493  P_det_soft 0.0000  (15s)
  step  625  JSR  -28.3  loss 30.7254  logE[BER] -30.725  P_det_soft 0.0000  (15s)
  step  650  JSR  -13.0  loss 5.7344  logE[BER] -5.734  P_det_soft 0.0000  (16s)
  step  675  JSR  -10.0  loss 4.7643  logE[BER] -4.764  P_det_soft 0.0000  (17s)
  step  700  JSR  -14.0  loss 6.6206  logE[BER] -6.621  P_det_soft 0.0000  (17s)
  step  725  JSR   -6.7  loss 3.8897  logE[BER] -3.890  P_det_soft 0.0000  (18s)
  step  750  JSR   -9.1  loss 4.4250  logE[BER] -4.425  P_det_soft 0.0000  (18s)
  step  775  JSR  -12.7  loss 5.4549  logE[BER] -5.455  P_det_soft 0.0000  (19s)
  step  800  JSR  -26.9  loss 29.8267  logE[BER] -29.827  P_det_soft 0.0000  (20s)
  step  825  JSR  -30.8  loss 40.8741  logE[BER] -40.874  P_det_soft 0.0000  (20s)
  step  850  JSR  -28.3  loss 29.6852  logE[BER] -29.685  P_det_soft 0.0000  (21s)
  step  875  JSR  -25.1  loss 16.7045  logE[BER] -16.704  P_det_soft 0.0000  (21s)
  step  900  JSR  -30.5  loss 31.4591  logE[BER] -31.459  P_det_soft 0.0000  (22s)
  step  925  JSR   -2.8  loss 3.3906  logE[BER] -3.391  P_det_soft 0.0000  (22s)
  step  950  JSR   -8.2  loss 4.2787  logE[BER] -4.279  P_det_soft 0.0000  (23s)
  step  975  JSR  -11.8  loss 4.7564  logE[BER] -4.756  P_det_soft 0.0000  (24s)
  step 1000  JSR   -0.2  loss 3.3460  logE[BER] -3.346  P_det_soft 0.0000  (24s)
  step 1025  JSR  -24.4  loss 20.5374  logE[BER] -20.537  P_det_soft 0.0000  (25s)
  step 1050  JSR  -14.6  loss 6.0398  logE[BER] -6.040  P_det_soft 0.0000  (25s)
  step 1075  JSR  -29.0  loss 37.9704  logE[BER] -37.970  P_det_soft 0.0000  (26s)
  step 1100  JSR  -16.3  loss 6.8648  logE[BER] -6.865  P_det_soft 0.0000  (27s)
  step 1125  JSR   -0.8  loss 3.4582  logE[BER] -3.458  P_det_soft 0.0000  (27s)
  step 1150  JSR   -3.6  loss 3.5777  logE[BER] -3.578  P_det_soft 0.0000  (28s)
  step 1175  JSR  -23.7  loss 16.0256  logE[BER] -16.026  P_det_soft 0.0000  (28s)
  step 1200  JSR  -24.5  loss 20.9028  logE[BER] -20.903  P_det_soft 0.0000  (29s)
  step 1225  JSR   -5.2  loss 3.9058  logE[BER] -3.906  P_det_soft 0.0000  (29s)
  step 1250  JSR   -4.6  loss 3.9093  logE[BER] -3.909  P_det_soft 0.0000  (30s)
  step 1275  JSR   -5.8  loss 4.1096  logE[BER] -4.110  P_det_soft 0.0000  (31s)
  step 1300  JSR   -0.8  loss 3.6044  logE[BER] -3.604  P_det_soft 0.0000  (31s)
  step 1325  JSR   -2.6  loss 3.6135  logE[BER] -3.613  P_det_soft 0.0000  (32s)
  step 1350  JSR   -8.1  loss 4.1905  logE[BER] -4.190  P_det_soft 0.0000  (32s)
  step 1375  JSR   -0.8  loss 3.4178  logE[BER] -3.418  P_det_soft 0.0000  (33s)
  step 1400  JSR  -13.3  loss 5.1655  logE[BER] -5.165  P_det_soft 0.0000  (34s)
  step 1425  JSR   -1.9  loss 3.6160  logE[BER] -3.616  P_det_soft 0.0000  (34s)
  step 1450  JSR  -23.2  loss 13.7593  logE[BER] -13.759  P_det_soft 0.0000  (35s)
  step 1475  JSR  -16.2  loss 6.4510  logE[BER] -6.451  P_det_soft 0.0000  (35s)
  step 1500  JSR   -8.5  loss 4.4060  logE[BER] -4.406  P_det_soft 0.0000  (36s)
  step 1525  JSR  -18.5  loss 7.9706  logE[BER] -7.971  P_det_soft 0.0000  (36s)
  step 1550  JSR  -30.1  loss 26.3381  logE[BER] -26.338  P_det_soft 0.0000  (37s)
  step 1575  JSR  -11.2  loss 4.5220  logE[BER] -4.522  P_det_soft 0.0000  (38s)
  step 1600  JSR   -8.5  loss 4.1574  logE[BER] -4.157  P_det_soft 0.0000  (38s)
  step 1625  JSR  -22.0  loss 11.5870  logE[BER] -11.587  P_det_soft 0.0000  (39s)
  step 1650  JSR  -30.1  loss 34.4226  logE[BER] -34.423  P_det_soft 0.0000  (39s)
  step 1675  JSR  -10.0  loss 4.4116  logE[BER] -4.412  P_det_soft 0.0000  (40s)
  step 1700  JSR  -31.9  loss 31.9177  logE[BER] -31.918  P_det_soft 0.0000  (41s)
  step 1725  JSR   -8.0  loss 4.2827  logE[BER] -4.283  P_det_soft 0.0000  (41s)
  step 1750  JSR  -14.4  loss 5.3979  logE[BER] -5.398  P_det_soft 0.0000  (42s)
  step 1775  JSR   -2.8  loss 3.7042  logE[BER] -3.704  P_det_soft 0.0000  (42s)
  step 1800  JSR   -4.9  loss 4.0355  logE[BER] -4.036  P_det_soft 0.0000  (43s)
  step 1825  JSR  -24.9  loss 18.0357  logE[BER] -18.036  P_det_soft 0.0000  (43s)
  step 1850  JSR  -15.1  loss 5.3965  logE[BER] -5.396  P_det_soft 0.0000  (44s)
  step 1875  JSR   -5.5  loss 3.7662  logE[BER] -3.766  P_det_soft 0.0000  (45s)
  step 1900  JSR  -21.5  loss 8.9311  logE[BER] -8.931  P_det_soft 0.0000  (45s)
  step 1925  JSR  -15.2  loss 5.4362  logE[BER] -5.436  P_det_soft 0.0000  (46s)
  step 1950  JSR  -16.2  loss 5.6865  logE[BER] -5.687  P_det_soft 0.0000  (46s)
  step 1975  JSR  -10.8  loss 4.5372  logE[BER] -4.537  P_det_soft 0.0000  (47s)
  step 2000  JSR   -6.3  loss 4.0416  logE[BER] -4.042  P_det_soft 0.0000  (48s)
  step 2025  JSR   -1.8  loss 3.8016  logE[BER] -3.802  P_det_soft 0.0000  (48s)
  step 2050  JSR  -30.1  loss 21.9137  logE[BER] -21.914  P_det_soft 0.0000  (49s)
  step 2075  JSR  -28.1  loss 28.9085  logE[BER] -28.908  P_det_soft 0.0000  (49s)
  step 2100  JSR   -8.3  loss 4.3916  logE[BER] -4.392  P_det_soft 0.0000  (50s)
  step 2125  JSR  -17.6  loss 6.3753  logE[BER] -6.375  P_det_soft 0.0000  (50s)
  step 2150  JSR   -3.6  loss 3.8748  logE[BER] -3.875  P_det_soft 0.0000  (51s)
  step 2175  JSR  -29.3  loss 11.3541  logE[BER] -11.354  P_det_soft 0.0000  (52s)
  step 2200  JSR  -16.9  loss 5.6921  logE[BER] -5.692  P_det_soft 0.0000  (52s)
  step 2225  JSR   -3.0  loss 4.0364  logE[BER] -4.036  P_det_soft 0.0000  (53s)
  step 2250  JSR   -1.6  loss 3.9946  logE[BER] -3.995  P_det_soft 0.0000  (53s)
  step 2275  JSR  -30.9  loss 31.8688  logE[BER] -31.869  P_det_soft 0.0000  (54s)
  step 2300  JSR  -15.8  loss 5.5061  logE[BER] -5.506  P_det_soft 0.0000  (55s)
  step 2325  JSR  -17.4  loss 5.8280  logE[BER] -5.828  P_det_soft 0.0000  (55s)
  step 2350  JSR   -4.6  loss 4.4078  logE[BER] -4.408  P_det_soft 0.0000  (56s)
  step 2375  JSR   -1.1  loss 4.0418  logE[BER] -4.042  P_det_soft 0.0000  (56s)
  step 2400  JSR  -19.7  loss 6.9672  logE[BER] -6.967  P_det_soft 0.0000  (57s)
  step 2425  JSR   -2.9  loss 4.0822  logE[BER] -4.082  P_det_soft 0.0000  (58s)
  step 2450  JSR  -26.1  loss 18.0680  logE[BER] -18.068  P_det_soft 0.0000  (58s)
  step 2475  JSR   -3.1  loss 4.3034  logE[BER] -4.303  P_det_soft 0.0000  (59s)
  step 2500  JSR  -15.7  loss 5.5944  logE[BER] -5.594  P_det_soft 0.0000  (59s)
  step 2525  JSR  -15.1  loss 5.7198  logE[BER] -5.720  P_det_soft 0.0000  (60s)
  step 2550  JSR  -18.3  loss 6.0036  logE[BER] -6.004  P_det_soft 0.0000  (60s)
  step 2575  JSR  -28.4  loss 11.5892  logE[BER] -11.589  P_det_soft 0.0000  (61s)
  step 2600  JSR   -7.2  loss 5.0269  logE[BER] -5.027  P_det_soft 0.0000  (62s)
  step 2625  JSR  -13.6  loss 5.3309  logE[BER] -5.331  P_det_soft 0.0000  (62s)
  step 2650  JSR   -1.4  loss 4.4296  logE[BER] -4.430  P_det_soft 0.0000  (63s)
  step 2675  JSR  -19.5  loss 6.3540  logE[BER] -6.354  P_det_soft 0.0000  (63s)
  step 2700  JSR   -3.8  loss 4.5773  logE[BER] -4.577  P_det_soft 0.0000  (64s)
  step 2725  JSR   -6.6  loss 4.8261  logE[BER] -4.826  P_det_soft 0.0000  (65s)
  step 2750  JSR  -30.1  loss 17.2274  logE[BER] -17.227  P_det_soft 0.0000  (65s)
  step 2775  JSR  -18.5  loss 6.1725  logE[BER] -6.173  P_det_soft 0.0000  (66s)
  step 2800  JSR   -3.0  loss 4.4955  logE[BER] -4.496  P_det_soft 0.0000  (66s)
  step 2825  JSR  -26.6  loss 12.7315  logE[BER] -12.731  P_det_soft 0.0000  (67s)
  step 2850  JSR  -21.8  loss 6.9703  logE[BER] -6.970  P_det_soft 0.0000  (68s)
  step 2875  JSR   -0.7  loss 4.3127  logE[BER] -4.313  P_det_soft 0.0000  (68s)
  step 2900  JSR   -7.1  loss 4.6731  logE[BER] -4.673  P_det_soft 0.0000  (69s)
  step 2925  JSR  -22.4  loss 7.4064  logE[BER] -7.406  P_det_soft 0.0000  (69s)
  step 2950  JSR   -5.1  loss 4.6584  logE[BER] -4.658  P_det_soft 0.0000  (70s)
  step 2975  JSR  -10.8  loss 5.2756  logE[BER] -5.276  P_det_soft 0.0000  (70s)
  step 3000  JSR  -28.1  loss 12.8554  logE[BER] -12.855  P_det_soft 0.0000  (71s)
  step 3025  JSR  -14.2  loss 5.5580  logE[BER] -5.558  P_det_soft 0.0000  (72s)
  step 3050  JSR   -4.9  loss 4.6433  logE[BER] -4.643  P_det_soft 0.0000  (72s)
  step 3075  JSR  -28.2  loss 14.1762  logE[BER] -14.176  P_det_soft 0.0000  (73s)
  step 3100  JSR   -6.5  loss 4.8221  logE[BER] -4.822  P_det_soft 0.0000  (73s)
  step 3125  JSR  -28.9  loss 14.9247  logE[BER] -14.925  P_det_soft 0.0000  (74s)
  step 3150  JSR   -8.6  loss 4.8854  logE[BER] -4.885  P_det_soft 0.0000  (75s)
  step 3175  JSR  -12.2  loss 5.4483  logE[BER] -5.448  P_det_soft 0.0000  (75s)
  step 3200  JSR  -12.8  loss 5.4198  logE[BER] -5.420  P_det_soft 0.0000  (76s)
  step 3225  JSR   -8.3  loss 5.0513  logE[BER] -5.051  P_det_soft 0.0000  (76s)
  step 3250  JSR   -2.5  loss 4.3670  logE[BER] -4.367  P_det_soft 0.0000  (77s)
  step 3275  JSR  -28.7  loss 12.0332  logE[BER] -12.033  P_det_soft 0.0000  (78s)
  step 3300  JSR  -19.7  loss 6.2712  logE[BER] -6.271  P_det_soft 0.0000  (78s)
  step 3325  JSR  -10.8  loss 5.2775  logE[BER] -5.278  P_det_soft 0.0000  (79s)
  step 3350  JSR  -14.3  loss 5.4558  logE[BER] -5.456  P_det_soft 0.0000  (79s)
  step 3375  JSR  -21.6  loss 6.9935  logE[BER] -6.994  P_det_soft 0.0000  (80s)
  step 3400  JSR  -14.7  loss 5.5595  logE[BER] -5.559  P_det_soft 0.0000  (80s)
  step 3425  JSR   -7.5  loss 5.0156  logE[BER] -5.016  P_det_soft 0.0000  (81s)
  step 3450  JSR  -21.4  loss 6.8275  logE[BER] -6.827  P_det_soft 0.0000  (82s)
  step 3475  JSR  -11.7  loss 5.1705  logE[BER] -5.170  P_det_soft 0.0000  (82s)
  step 3500  JSR   -6.6  loss 4.6151  logE[BER] -4.615  P_det_soft 0.0000  (83s)
  step 3525  JSR   -1.6  loss 4.2008  logE[BER] -4.201  P_det_soft 0.0000  (83s)
  step 3550  JSR  -29.7  loss 17.6748  logE[BER] -17.675  P_det_soft 0.0000  (84s)
  step 3575  JSR  -13.7  loss 5.5520  logE[BER] -5.552  P_det_soft 0.0000  (85s)
  step 3600  JSR  -30.4  loss 17.8199  logE[BER] -17.820  P_det_soft 0.0000  (85s)
  step 3625  JSR  -18.2  loss 6.0956  logE[BER] -6.096  P_det_soft 0.0000  (86s)
  step 3650  JSR  -28.8  loss 12.0007  logE[BER] -12.001  P_det_soft 0.0000  (86s)
  step 3675  JSR   -1.0  loss 4.4216  logE[BER] -4.422  P_det_soft 0.0000  (87s)
  step 3700  JSR  -18.4  loss 6.0185  logE[BER] -6.019  P_det_soft 0.0000  (88s)
  step 3725  JSR  -15.5  loss 5.6064  logE[BER] -5.606  P_det_soft 0.0000  (88s)
  step 3750  JSR  -31.6  loss 21.4081  logE[BER] -21.408  P_det_soft 0.0000  (89s)
  step 3775  JSR  -28.1  loss 13.2131  logE[BER] -13.213  P_det_soft 0.0000  (89s)
  step 3800  JSR  -29.6  loss 19.3180  logE[BER] -19.318  P_det_soft 0.0000  (90s)
  step 3825  JSR  -27.5  loss 9.9140  logE[BER] -9.914  P_det_soft 0.0000  (90s)
  step 3850  JSR  -19.9  loss 6.3724  logE[BER] -6.372  P_det_soft 0.0000  (91s)
  step 3875  JSR  -26.2  loss 10.1350  logE[BER] -10.135  P_det_soft 0.0000  (92s)
  step 3900  JSR  -13.3  loss 5.3540  logE[BER] -5.354  P_det_soft 0.0000  (92s)
  step 3925  JSR  -19.8  loss 6.0954  logE[BER] -6.095  P_det_soft 0.0000  (93s)
  step 3950  JSR  -20.4  loss 6.4666  logE[BER] -6.467  P_det_soft 0.0000  (93s)
  step 3975  JSR  -16.2  loss 5.7056  logE[BER] -5.706  P_det_soft 0.0000  (94s)
  step 3999  JSR  -10.0  loss 5.2320  logE[BER] -5.232  P_det_soft 0.0000  (95s)
wrote gan/control_r0_G.pt, gan/control_r0.json in 95s
