node: tikgpu05.ee.ethz.ch | gpu: NVIDIA TITAN RTX
env fading = {'noise_unc_db': 0.0, 'rician_k_db': 12.0} | task cnn_b10_r2 = {'target': 'spec_cnn', 'beta': 10.0, 'cgan_task': 14} | seed 6014 | band (-39.0, -7.0) | 32 frames/step | 4000 steps | device cuda:0
  target spec_cnn: threshold -0.927185, clean-frame std 1.34167 (soft_pdet width)
  step    0  JSR  -11.4  loss 30.9266  logE[BER] -21.057  P_det_soft 0.9870  (0s)
  step   25  JSR  -24.7  loss 54.8749  logE[BER] -52.393  P_det_soft 0.2482  (3s)
  step   50  JSR  -10.1  loss 18.0554  logE[BER] -8.201  P_det_soft 0.9854  (5s)
  step   75  JSR   -7.4  loss 16.0860  logE[BER] -6.263  P_det_soft 0.9823  (7s)
  step  100  JSR  -31.0  loss 64.4921  logE[BER] -62.359  P_det_soft 0.2133  (10s)
  step  125  JSR  -37.2  loss 43.6066  logE[BER] -42.333  P_det_soft 0.1273  (12s)
  step  150  JSR  -37.0  loss 52.7545  logE[BER] -51.024  P_det_soft 0.1730  (14s)
  step  175  JSR  -23.5  loss 44.5793  logE[BER] -41.903  P_det_soft 0.2676  (17s)
  step  200  JSR   -8.4  loss 16.9179  logE[BER] -7.048  P_det_soft 0.9869  (19s)
  step  225  JSR  -38.6  loss 76.0632  logE[BER] -74.859  P_det_soft 0.1204  (21s)
  step  250  JSR  -38.4  loss 88.9453  logE[BER] -87.443  P_det_soft 0.1503  (24s)
  step  275  JSR  -14.9  loss 24.9276  logE[BER] -15.251  P_det_soft 0.9677  (26s)
  step  300  JSR  -35.3  loss 54.1842  logE[BER] -52.808  P_det_soft 0.1376  (28s)
  step  325  JSR  -21.5  loss 28.6980  logE[BER] -24.331  P_det_soft 0.4367  (31s)
  step  350  JSR  -28.6  loss 59.8832  logE[BER] -58.134  P_det_soft 0.1750  (33s)
  step  375  JSR  -16.6  loss 30.5121  logE[BER] -22.002  P_det_soft 0.8510  (35s)
  step  400  JSR  -34.1  loss 67.6105  logE[BER] -65.754  P_det_soft 0.1856  (38s)
  step  425  JSR  -38.1  loss 71.7126  logE[BER] -69.817  P_det_soft 0.1896  (40s)
  step  450  JSR  -34.7  loss 40.9467  logE[BER] -39.260  P_det_soft 0.1687  (42s)
  step  475  JSR  -19.2  loss 43.1510  logE[BER] -37.736  P_det_soft 0.5415  (45s)
  step  500  JSR  -25.7  loss 60.9488  logE[BER] -59.027  P_det_soft 0.1922  (47s)
  step  525  JSR  -33.3  loss 40.0486  logE[BER] -37.937  P_det_soft 0.2111  (49s)
  step  550  JSR  -12.9  loss 20.2125  logE[BER] -10.385  P_det_soft 0.9827  (51s)
  step  575  JSR  -38.8  loss 80.7121  logE[BER] -79.461  P_det_soft 0.1251  (54s)
  step  600  JSR  -13.6  loss 24.4896  logE[BER] -14.677  P_det_soft 0.9812  (56s)
  step  625  JSR  -32.9  loss 79.0705  logE[BER] -76.828  P_det_soft 0.2243  (58s)
  step  650  JSR  -30.8  loss 42.4690  logE[BER] -40.897  P_det_soft 0.1572  (61s)
  step  675  JSR  -18.5  loss 43.1948  logE[BER] -36.796  P_det_soft 0.6399  (63s)
  step  700  JSR  -17.0  loss 37.6345  logE[BER] -29.356  P_det_soft 0.8278  (65s)
  step  725  JSR  -11.7  loss 21.8106  logE[BER] -11.916  P_det_soft 0.9894  (68s)
  step  750  JSR  -16.3  loss 42.8861  logE[BER] -34.343  P_det_soft 0.8543  (70s)
  step  775  JSR  -18.6  loss 28.1853  logE[BER] -22.082  P_det_soft 0.6103  (72s)
  step  800  JSR  -20.0  loss 40.5488  logE[BER] -35.228  P_det_soft 0.5321  (75s)
  step  825  JSR  -13.1  loss 26.4243  logE[BER] -16.794  P_det_soft 0.9631  (77s)
  step  850  JSR  -20.2  loss 41.6405  logE[BER] -36.654  P_det_soft 0.4986  (79s)
  step  875  JSR  -22.5  loss 49.2131  logE[BER] -45.449  P_det_soft 0.3765  (81s)
  step  900  JSR  -27.3  loss 62.2548  logE[BER] -60.505  P_det_soft 0.1750  (84s)
  step  925  JSR   -7.3  loss 15.5754  logE[BER] -5.752  P_det_soft 0.9823  (86s)
  step  950  JSR  -34.5  loss 54.2078  logE[BER] -52.970  P_det_soft 0.1237  (88s)
  step  975  JSR  -13.4  loss 25.3495  logE[BER] -15.637  P_det_soft 0.9712  (91s)
  step 1000  JSR  -35.0  loss 44.1705  logE[BER] -42.347  P_det_soft 0.1823  (93s)
  step 1025  JSR  -33.7  loss 36.3798  logE[BER] -34.052  P_det_soft 0.2327  (95s)
  step 1050  JSR  -26.5  loss 59.7692  logE[BER] -57.512  P_det_soft 0.2257  (98s)
  step 1075  JSR  -26.0  loss 54.6114  logE[BER] -52.580  P_det_soft 0.2031  (100s)
  step 1100  JSR  -37.8  loss 47.7772  logE[BER] -46.170  P_det_soft 0.1608  (102s)
  step 1125  JSR  -29.3  loss 41.0881  logE[BER] -39.661  P_det_soft 0.1428  (105s)
  step 1150  JSR  -17.9  loss 27.6017  logE[BER] -21.033  P_det_soft 0.6568  (107s)
  step 1175  JSR  -20.4  loss 45.1970  logE[BER] -41.215  P_det_soft 0.3982  (109s)
  step 1200  JSR  -16.8  loss 29.8423  logE[BER] -22.205  P_det_soft 0.7637  (112s)
  step 1225  JSR  -19.6  loss 43.0088  logE[BER] -37.691  P_det_soft 0.5318  (114s)
  step 1250  JSR  -15.6  loss 27.4997  logE[BER] -18.638  P_det_soft 0.8862  (116s)
  step 1275  JSR   -8.8  loss 16.1929  logE[BER] -6.319  P_det_soft 0.9874  (118s)
  step 1300  JSR  -30.4  loss 35.9585  logE[BER] -34.894  P_det_soft 0.1065  (121s)
  step 1325  JSR  -12.3  loss 18.6701  logE[BER] -8.863  P_det_soft 0.9807  (123s)
  step 1350  JSR  -16.9  loss 36.0033  logE[BER] -28.725  P_det_soft 0.7278  (125s)
  step 1375  JSR  -34.2  loss 72.3933  logE[BER] -70.731  P_det_soft 0.1662  (128s)
  step 1400  JSR  -10.0  loss 17.2798  logE[BER] -7.406  P_det_soft 0.9874  (130s)
  step 1425  JSR   -8.1  loss 15.6971  logE[BER] -5.822  P_det_soft 0.9875  (132s)
  step 1450  JSR  -10.8  loss 17.0460  logE[BER] -7.201  P_det_soft 0.9845  (135s)
  step 1475  JSR  -24.8  loss 45.3240  logE[BER] -43.233  P_det_soft 0.2091  (137s)
  step 1500  JSR  -16.3  loss 18.1068  logE[BER] -10.126  P_det_soft 0.7981  (139s)
  step 1525  JSR  -33.4  loss 64.3607  logE[BER] -62.590  P_det_soft 0.1771  (142s)
  step 1550  JSR   -8.3  loss 15.2551  logE[BER] -5.407  P_det_soft 0.9848  (144s)
  step 1575  JSR  -19.7  loss 24.7689  logE[BER] -19.785  P_det_soft 0.4984  (146s)
  step 1600  JSR  -25.3  loss 37.6422  logE[BER] -36.025  P_det_soft 0.1618  (149s)
  step 1625  JSR  -19.1  loss 18.7842  logE[BER] -13.230  P_det_soft 0.5554  (151s)
  step 1650  JSR  -20.0  loss 33.4754  logE[BER] -29.047  P_det_soft 0.4428  (153s)
  step 1675  JSR  -30.9  loss 49.3268  logE[BER] -48.129  P_det_soft 0.1198  (155s)
  step 1700  JSR  -34.1  loss 75.2760  logE[BER] -73.013  P_det_soft 0.2263  (158s)
  step 1725  JSR  -20.7  loss 23.9692  logE[BER] -20.498  P_det_soft 0.3471  (160s)
  step 1750  JSR  -15.0  loss 15.0284  logE[BER] -7.583  P_det_soft 0.7445  (162s)
  step 1775  JSR  -37.6  loss 68.2162  logE[BER] -66.795  P_det_soft 0.1421  (165s)
  step 1800  JSR  -36.1  loss 42.2205  logE[BER] -40.177  P_det_soft 0.2043  (167s)
  step 1825  JSR  -15.6  loss 13.5459  logE[BER] -6.508  P_det_soft 0.7038  (169s)
  step 1850  JSR  -13.9  loss 13.3793  logE[BER] -5.193  P_det_soft 0.8186  (172s)
  step 1875  JSR  -15.8  loss 13.2555  logE[BER] -6.837  P_det_soft 0.6419  (174s)
  step 1900  JSR  -20.5  loss 16.5050  logE[BER] -13.029  P_det_soft 0.3476  (176s)
  step 1925  JSR  -14.4  loss 13.0414  logE[BER] -5.681  P_det_soft 0.7361  (179s)
  step 1950  JSR  -13.5  loss 14.0912  logE[BER] -5.539  P_det_soft 0.8552  (181s)
  step 1975  JSR  -30.1  loss 47.2705  logE[BER] -45.187  P_det_soft 0.2084  (183s)
  step 2000  JSR  -31.9  loss 29.9237  logE[BER] -28.559  P_det_soft 0.1365  (186s)
  step 2025  JSR  -16.1  loss 12.8455  logE[BER] -6.411  P_det_soft 0.6435  (188s)
  step 2050  JSR  -24.5  loss 21.5088  logE[BER] -19.640  P_det_soft 0.1869  (190s)
  step 2075  JSR  -16.5  loss 12.3497  logE[BER] -6.414  P_det_soft 0.5936  (192s)
  step 2100  JSR  -33.4  loss 37.7992  logE[BER] -36.332  P_det_soft 0.1467  (195s)
  step 2125  JSR  -30.8  loss 36.8196  logE[BER] -35.162  P_det_soft 0.1658  (197s)
  step 2150  JSR  -11.1  loss 14.4320  logE[BER] -5.088  P_det_soft 0.9344  (199s)
  step 2175  JSR  -23.2  loss 11.3988  logE[BER] -9.148  P_det_soft 0.2251  (202s)
  step 2200  JSR  -22.4  loss 13.5290  logE[BER] -10.625  P_det_soft 0.2904  (204s)
  step 2225  JSR  -25.4  loss 15.1073  logE[BER] -12.923  P_det_soft 0.2184  (206s)
  step 2250  JSR   -9.5  loss 14.9539  logE[BER] -5.208  P_det_soft 0.9746  (209s)
  step 2275  JSR  -37.6  loss 77.2053  logE[BER] -75.688  P_det_soft 0.1517  (211s)
  step 2300  JSR  -33.8  loss 37.8168  logE[BER] -36.036  P_det_soft 0.1781  (213s)
  step 2325  JSR  -33.3  loss 41.8588  logE[BER] -40.144  P_det_soft 0.1715  (216s)
  step 2350  JSR  -29.3  loss 25.5567  logE[BER] -24.238  P_det_soft 0.1319  (218s)
  step 2375  JSR  -22.7  loss 14.2609  logE[BER] -12.215  P_det_soft 0.2046  (220s)
  step 2400  JSR  -14.5  loss 10.8119  logE[BER] -5.327  P_det_soft 0.5485  (223s)
  step 2425  JSR   -8.8  loss 14.6611  logE[BER] -4.907  P_det_soft 0.9754  (225s)
  step 2450  JSR   -7.5  loss 14.7288  logE[BER] -4.822  P_det_soft 0.9907  (227s)
  step 2475  JSR   -7.3  loss 14.9184  logE[BER] -5.034  P_det_soft 0.9884  (229s)
  step 2500  JSR   -8.3  loss 14.5015  logE[BER] -4.702  P_det_soft 0.9799  (232s)
  step 2525  JSR  -30.4  loss 23.3204  logE[BER] -21.321  P_det_soft 0.1999  (234s)
  step 2550  JSR  -26.9  loss 23.5923  logE[BER] -22.021  P_det_soft 0.1571  (236s)
  step 2575  JSR  -19.7  loss 11.1753  logE[BER] -7.462  P_det_soft 0.3713  (239s)
  step 2600  JSR  -33.0  loss 33.5559  logE[BER] -31.938  P_det_soft 0.1618  (241s)
  step 2625  JSR   -9.1  loss 14.5549  logE[BER] -4.781  P_det_soft 0.9774  (243s)
  step 2650  JSR  -38.5  loss 49.6320  logE[BER] -48.557  P_det_soft 0.1075  (246s)
  step 2675  JSR  -23.7  loss 13.8071  logE[BER] -11.873  P_det_soft 0.1934  (248s)
  step 2700  JSR  -36.8  loss 65.7378  logE[BER] -64.136  P_det_soft 0.1601  (250s)
  step 2725  JSR  -33.3  loss 41.1500  logE[BER] -39.437  P_det_soft 0.1713  (253s)
  step 2750  JSR  -19.0  loss 10.2103  logE[BER] -6.720  P_det_soft 0.3491  (255s)
  step 2775  JSR  -28.8  loss 41.6311  logE[BER] -40.011  P_det_soft 0.1620  (257s)
  step 2800  JSR  -27.9  loss 20.5302  logE[BER] -19.226  P_det_soft 0.1305  (260s)
  step 2825  JSR  -23.8  loss 15.0799  logE[BER] -13.471  P_det_soft 0.1609  (262s)
  step 2850  JSR  -31.0  loss 26.1660  logE[BER] -25.012  P_det_soft 0.1154  (264s)
  step 2875  JSR  -10.4  loss 14.7846  logE[BER] -5.165  P_det_soft 0.9619  (266s)
  step 2900  JSR  -28.1  loss 22.1473  logE[BER] -20.020  P_det_soft 0.2127  (269s)
  step 2925  JSR  -35.5  loss 49.8852  logE[BER] -48.659  P_det_soft 0.1226  (271s)
  step 2950  JSR   -7.7  loss 15.0705  logE[BER] -5.196  P_det_soft 0.9875  (273s)
  step 2975  JSR  -35.8  loss 47.1689  logE[BER] -45.640  P_det_soft 0.1529  (276s)
  step 3000  JSR  -12.2  loss 13.9079  logE[BER] -5.291  P_det_soft 0.8617  (278s)
  step 3025  JSR  -14.2  loss 12.9960  logE[BER] -5.666  P_det_soft 0.7330  (280s)
  step 3050  JSR  -18.5  loss 10.0944  logE[BER] -6.526  P_det_soft 0.3569  (283s)
  step 3075  JSR  -14.1  loss 13.0027  logE[BER] -5.672  P_det_soft 0.7330  (285s)
  step 3100  JSR  -25.9  loss 17.1016  logE[BER] -15.508  P_det_soft 0.1594  (287s)
  step 3125  JSR  -10.8  loss 14.7065  logE[BER] -5.158  P_det_soft 0.9549  (290s)
  step 3150  JSR  -32.0  loss 49.5177  logE[BER] -47.663  P_det_soft 0.1854  (292s)
  step 3175  JSR  -16.5  loss 11.3633  logE[BER] -6.236  P_det_soft 0.5127  (294s)
  step 3200  JSR  -33.0  loss 29.8312  logE[BER] -28.355  P_det_soft 0.1476  (297s)
  step 3225  JSR  -24.0  loss 13.8665  logE[BER] -12.363  P_det_soft 0.1503  (299s)
  step 3250  JSR   -8.1  loss 14.6742  logE[BER] -4.921  P_det_soft 0.9753  (301s)
  step 3275  JSR  -38.9  loss 52.2643  logE[BER] -50.996  P_det_soft 0.1268  (303s)
  step 3300  JSR  -35.0  loss 31.2733  logE[BER] -29.589  P_det_soft 0.1685  (306s)
  step 3325  JSR  -28.2  loss 22.1707  logE[BER] -20.559  P_det_soft 0.1612  (308s)
  step 3350  JSR  -24.2  loss 13.0128  logE[BER] -11.018  P_det_soft 0.1994  (310s)
  step 3375  JSR  -17.8  loss 9.3274  logE[BER] -5.791  P_det_soft 0.3536  (313s)
  step 3400  JSR  -16.9  loss 11.1226  logE[BER] -6.036  P_det_soft 0.5087  (315s)
  step 3425  JSR  -20.9  loss 9.1899  logE[BER] -6.690  P_det_soft 0.2500  (317s)
  step 3450  JSR  -18.9  loss 9.1696  logE[BER] -6.210  P_det_soft 0.2959  (320s)
  step 3475  JSR  -20.5  loss 9.9920  logE[BER] -7.297  P_det_soft 0.2695  (322s)
  step 3500  JSR  -20.2  loss 9.2564  logE[BER] -7.059  P_det_soft 0.2197  (324s)
  step 3525  JSR   -7.3  loss 14.8525  logE[BER] -4.942  P_det_soft 0.9910  (327s)
  step 3550  JSR  -31.1  loss 33.1454  logE[BER] -30.992  P_det_soft 0.2154  (329s)
  step 3575  JSR  -17.3  loss 9.7869  logE[BER] -5.908  P_det_soft 0.3879  (331s)
  step 3600  JSR  -10.8  loss 14.6022  logE[BER] -5.208  P_det_soft 0.9394  (334s)
  step 3625  JSR  -25.4  loss 19.4541  logE[BER] -17.225  P_det_soft 0.2229  (336s)
  step 3650  JSR  -34.2  loss 34.5762  logE[BER] -32.308  P_det_soft 0.2268  (338s)
  step 3675  JSR  -15.6  loss 10.0807  logE[BER] -5.723  P_det_soft 0.4358  (341s)
  step 3700  JSR  -17.9  loss 10.3939  logE[BER] -5.958  P_det_soft 0.4436  (343s)
  step 3725  JSR  -24.3  loss 10.9020  logE[BER] -9.013  P_det_soft 0.1889  (345s)
  step 3750  JSR   -7.4  loss 15.0021  logE[BER] -5.119  P_det_soft 0.9884  (348s)
  step 3775  JSR  -29.2  loss 24.0530  logE[BER] -22.299  P_det_soft 0.1754  (350s)
  step 3800  JSR  -37.6  loss 56.3333  logE[BER] -54.503  P_det_soft 0.1831  (352s)
  step 3825  JSR  -35.1  loss 44.8458  logE[BER] -43.662  P_det_soft 0.1184  (355s)
  step 3850  JSR  -10.2  loss 14.8162  logE[BER] -5.204  P_det_soft 0.9613  (357s)
  step 3875  JSR  -20.6  loss 9.8433  logE[BER] -7.461  P_det_soft 0.2382  (359s)
  step 3900  JSR  -13.8  loss 11.8225  logE[BER] -5.707  P_det_soft 0.6115  (361s)
  step 3925  JSR  -32.7  loss 23.4153  logE[BER] -22.061  P_det_soft 0.1355  (364s)
  step 3950  JSR  -26.3  loss 14.7306  logE[BER] -13.277  P_det_soft 0.1454  (366s)
  step 3975  JSR  -23.8  loss 15.0792  logE[BER] -12.888  P_det_soft 0.2191  (368s)
  step 3999  JSR  -37.6  loss 64.5321  logE[BER] -62.637  P_det_soft 0.1895  (371s)
wrote gan/cnn_b10_r2_G.pt, gan/cnn_b10_r2.json in 377s
