node: tikgpu04.ee.ethz.ch | gpu: NVIDIA TITAN RTX
env noise_1db = {'noise_unc_db': 1.0, 'rician_k_db': None} | task control_r0 = {'target': None, 'beta': 0.0, 'cgan_task': 0} | seed 4000 | band (-32.0, 0.0) | 128 frames/step | 4000 steps | device cuda:0
  step    0  JSR  -20.6  loss 63.4595  logE[BER] -63.460  P_det_soft 0.0000  (1s)
  step   25  JSR  -30.4  loss 70.8131  logE[BER] -70.813  P_det_soft 0.0000  (2s)
  step   50  JSR   -4.2  loss 4.9070  logE[BER] -4.907  P_det_soft 0.0000  (2s)
  step   75  JSR  -15.4  loss 20.2338  logE[BER] -20.234  P_det_soft 0.0000  (3s)
  step  100  JSR   -5.6  loss 4.6423  logE[BER] -4.642  P_det_soft 0.0000  (3s)
  step  125  JSR  -24.5  loss 47.6348  logE[BER] -47.635  P_det_soft 0.0000  (4s)
  step  150  JSR   -1.5  loss 3.8005  logE[BER] -3.800  P_det_soft 0.0000  (4s)
  step  175  JSR  -19.0  loss 26.4027  logE[BER] -26.403  P_det_soft 0.0000  (5s)
  step  200  JSR  -14.9  loss 10.0934  logE[BER] -10.093  P_det_soft 0.0000  (6s)
  step  225  JSR  -30.6  loss 75.5253  logE[BER] -75.525  P_det_soft 0.0000  (6s)
  step  250  JSR   -2.5  loss 4.1940  logE[BER] -4.194  P_det_soft 0.0000  (7s)
  step  275  JSR   -9.9  loss 5.7728  logE[BER] -5.773  P_det_soft 0.0000  (7s)
  step  300  JSR  -21.7  loss 30.7547  logE[BER] -30.755  P_det_soft 0.0000  (8s)
  step  325  JSR  -22.6  loss 43.8658  logE[BER] -43.866  P_det_soft 0.0000  (8s)
  step  350  JSR  -18.3  loss 20.2020  logE[BER] -20.202  P_det_soft 0.0000  (9s)
  step  375  JSR  -19.2  loss 18.9602  logE[BER] -18.960  P_det_soft 0.0000  (10s)
  step  400  JSR  -29.0  loss 62.1515  logE[BER] -62.152  P_det_soft 0.0000  (10s)
  step  425  JSR  -20.5  loss 31.4091  logE[BER] -31.409  P_det_soft 0.0000  (11s)
  step  450  JSR   -8.9  loss 4.9442  logE[BER] -4.944  P_det_soft 0.0000  (11s)
  step  475  JSR  -27.8  loss 61.2191  logE[BER] -61.219  P_det_soft 0.0000  (12s)
  step  500  JSR  -19.0  loss 19.4632  logE[BER] -19.463  P_det_soft 0.0000  (12s)
  step  525  JSR  -21.3  loss 31.0479  logE[BER] -31.048  P_det_soft 0.0000  (13s)
  step  550  JSR   -1.6  loss 4.0042  logE[BER] -4.004  P_det_soft 0.0000  (14s)
  step  575  JSR  -22.9  loss 33.4040  logE[BER] -33.404  P_det_soft 0.0000  (14s)
  step  600  JSR  -22.2  loss 28.9164  logE[BER] -28.916  P_det_soft 0.0000  (15s)
  step  625  JSR  -28.3  loss 71.2364  logE[BER] -71.236  P_det_soft 0.0000  (15s)
  step  650  JSR  -13.0  loss 6.1519  logE[BER] -6.152  P_det_soft 0.0000  (16s)
  step  675  JSR  -10.0  loss 5.9110  logE[BER] -5.911  P_det_soft 0.0000  (16s)
  step  700  JSR  -14.0  loss 6.6010  logE[BER] -6.601  P_det_soft 0.0000  (17s)
  step  725  JSR   -6.7  loss 4.3786  logE[BER] -4.379  P_det_soft 0.0000  (18s)
  step  750  JSR   -9.1  loss 5.2955  logE[BER] -5.296  P_det_soft 0.0000  (18s)
  step  775  JSR  -12.7  loss 6.2810  logE[BER] -6.281  P_det_soft 0.0000  (19s)
  step  800  JSR  -26.9  loss 42.5227  logE[BER] -42.523  P_det_soft 0.0000  (19s)
  step  825  JSR  -30.8  loss 70.7946  logE[BER] -70.795  P_det_soft 0.0000  (20s)
  step  850  JSR  -28.3  loss 54.2346  logE[BER] -54.235  P_det_soft 0.0000  (20s)
  step  875  JSR  -25.1  loss 32.4905  logE[BER] -32.491  P_det_soft 0.0000  (21s)
  step  900  JSR  -30.5  loss 59.6547  logE[BER] -59.655  P_det_soft 0.0000  (22s)
  step  925  JSR   -2.8  loss 4.0475  logE[BER] -4.047  P_det_soft 0.0000  (22s)
  step  950  JSR   -8.2  loss 4.9670  logE[BER] -4.967  P_det_soft 0.0000  (23s)
  step  975  JSR  -11.8  loss 5.4330  logE[BER] -5.433  P_det_soft 0.0000  (23s)
  step 1000  JSR   -0.2  loss 4.2613  logE[BER] -4.261  P_det_soft 0.0000  (24s)
  step 1025  JSR  -24.4  loss 29.5670  logE[BER] -29.567  P_det_soft 0.0000  (24s)
  step 1050  JSR  -14.6  loss 6.5638  logE[BER] -6.564  P_det_soft 0.0000  (25s)
  step 1075  JSR  -29.0  loss 54.8450  logE[BER] -54.845  P_det_soft 0.0000  (26s)
  step 1100  JSR  -16.3  loss 6.4215  logE[BER] -6.421  P_det_soft 0.0000  (26s)
  step 1125  JSR   -0.8  loss 4.2277  logE[BER] -4.228  P_det_soft 0.0000  (27s)
  step 1150  JSR   -3.6  loss 4.6995  logE[BER] -4.700  P_det_soft 0.0000  (27s)
  step 1175  JSR  -23.7  loss 28.7247  logE[BER] -28.725  P_det_soft 0.0000  (28s)
  step 1200  JSR  -24.5  loss 33.5672  logE[BER] -33.567  P_det_soft 0.0000  (29s)
  step 1225  JSR   -5.2  loss 4.6752  logE[BER] -4.675  P_det_soft 0.0000  (29s)
  step 1250  JSR   -4.6  loss 4.6059  logE[BER] -4.606  P_det_soft 0.0000  (30s)
  step 1275  JSR   -5.8  loss 5.1168  logE[BER] -5.117  P_det_soft 0.0000  (30s)
  step 1300  JSR   -0.8  loss 4.2119  logE[BER] -4.212  P_det_soft 0.0000  (31s)
  step 1325  JSR   -2.6  loss 4.4908  logE[BER] -4.491  P_det_soft 0.0000  (31s)
  step 1350  JSR   -8.1  loss 5.2634  logE[BER] -5.263  P_det_soft 0.0000  (32s)
  step 1375  JSR   -0.8  loss 4.2632  logE[BER] -4.263  P_det_soft 0.0000  (33s)
  step 1400  JSR  -13.3  loss 5.7498  logE[BER] -5.750  P_det_soft 0.0000  (33s)
  step 1425  JSR   -1.9  loss 4.8394  logE[BER] -4.839  P_det_soft 0.0000  (34s)
  step 1450  JSR  -23.2  loss 13.1395  logE[BER] -13.139  P_det_soft 0.0000  (34s)
  step 1475  JSR  -16.2  loss 6.3508  logE[BER] -6.351  P_det_soft 0.0000  (35s)
  step 1500  JSR   -8.5  loss 5.4344  logE[BER] -5.434  P_det_soft 0.0000  (35s)
  step 1525  JSR  -18.5  loss 6.9228  logE[BER] -6.923  P_det_soft 0.0000  (36s)
  step 1550  JSR  -30.1  loss 51.9499  logE[BER] -51.950  P_det_soft 0.0000  (37s)
  step 1575  JSR  -11.2  loss 5.3989  logE[BER] -5.399  P_det_soft 0.0000  (37s)
  step 1600  JSR   -8.5  loss 5.2954  logE[BER] -5.295  P_det_soft 0.0000  (38s)
  step 1625  JSR  -22.0  loss 8.4537  logE[BER] -8.454  P_det_soft 0.0000  (38s)
  step 1650  JSR  -30.1  loss 54.3672  logE[BER] -54.367  P_det_soft 0.0000  (39s)
  step 1675  JSR  -10.0  loss 5.1868  logE[BER] -5.187  P_det_soft 0.0000  (39s)
  step 1700  JSR  -31.9  loss 45.6805  logE[BER] -45.681  P_det_soft 0.0000  (40s)
  step 1725  JSR   -8.0  loss 4.9820  logE[BER] -4.982  P_det_soft 0.0000  (41s)
  step 1750  JSR  -14.4  loss 5.9021  logE[BER] -5.902  P_det_soft 0.0000  (41s)
  step 1775  JSR   -2.8  loss 4.6244  logE[BER] -4.624  P_det_soft 0.0000  (42s)
  step 1800  JSR   -4.9  loss 4.9953  logE[BER] -4.995  P_det_soft 0.0000  (42s)
  step 1825  JSR  -24.9  loss 17.0533  logE[BER] -17.053  P_det_soft 0.0000  (43s)
  step 1850  JSR  -15.1  loss 5.7330  logE[BER] -5.733  P_det_soft 0.0000  (43s)
  step 1875  JSR   -5.5  loss 4.5714  logE[BER] -4.571  P_det_soft 0.0000  (44s)
  step 1900  JSR  -21.5  loss 6.9611  logE[BER] -6.961  P_det_soft 0.0000  (45s)
  step 1925  JSR  -15.2  loss 5.6052  logE[BER] -5.605  P_det_soft 0.0000  (45s)
  step 1950  JSR  -16.2  loss 5.8812  logE[BER] -5.881  P_det_soft 0.0000  (46s)
  step 1975  JSR  -10.8  loss 5.4090  logE[BER] -5.409  P_det_soft 0.0000  (46s)
  step 2000  JSR   -6.3  loss 4.8089  logE[BER] -4.809  P_det_soft 0.0000  (47s)
  step 2025  JSR   -1.8  loss 4.4504  logE[BER] -4.450  P_det_soft 0.0000  (48s)
  step 2050  JSR  -30.1  loss 50.2003  logE[BER] -50.200  P_det_soft 0.0000  (48s)
  step 2075  JSR  -28.1  loss 29.7519  logE[BER] -29.752  P_det_soft 0.0000  (49s)
  step 2100  JSR   -8.3  loss 5.1415  logE[BER] -5.142  P_det_soft 0.0000  (49s)
  step 2125  JSR  -17.6  loss 6.0771  logE[BER] -6.077  P_det_soft 0.0000  (50s)
  step 2150  JSR   -3.6  loss 4.8269  logE[BER] -4.827  P_det_soft 0.0000  (50s)
  step 2175  JSR  -29.3  loss 34.8570  logE[BER] -34.857  P_det_soft 0.0000  (51s)
  step 2200  JSR  -16.9  loss 5.8835  logE[BER] -5.883  P_det_soft 0.0000  (52s)
  step 2225  JSR   -3.0  loss 4.7522  logE[BER] -4.752  P_det_soft 0.0000  (52s)
  step 2250  JSR   -1.6  loss 4.5078  logE[BER] -4.508  P_det_soft 0.0000  (53s)
  step 2275  JSR  -30.9  loss 45.8742  logE[BER] -45.874  P_det_soft 0.0000  (53s)
  step 2300  JSR  -15.8  loss 5.8366  logE[BER] -5.837  P_det_soft 0.0000  (54s)
  step 2325  JSR  -17.4  loss 5.9333  logE[BER] -5.933  P_det_soft 0.0000  (54s)
  step 2350  JSR   -4.6  loss 4.8048  logE[BER] -4.805  P_det_soft 0.0000  (55s)
  step 2375  JSR   -1.1  loss 4.5884  logE[BER] -4.588  P_det_soft 0.0000  (56s)
  step 2400  JSR  -19.7  loss 6.3154  logE[BER] -6.315  P_det_soft 0.0000  (56s)
  step 2425  JSR   -2.9  loss 4.5975  logE[BER] -4.597  P_det_soft 0.0000  (57s)
  step 2450  JSR  -26.1  loss 21.3997  logE[BER] -21.400  P_det_soft 0.0000  (57s)
  step 2475  JSR   -3.1  loss 4.7439  logE[BER] -4.744  P_det_soft 0.0000  (58s)
  step 2500  JSR  -15.7  loss 5.7240  logE[BER] -5.724  P_det_soft 0.0000  (58s)
  step 2525  JSR  -15.1  loss 5.7413  logE[BER] -5.741  P_det_soft 0.0000  (59s)
  step 2550  JSR  -18.3  loss 6.0051  logE[BER] -6.005  P_det_soft 0.0000  (60s)
  step 2575  JSR  -28.4  loss 27.2988  logE[BER] -27.299  P_det_soft 0.0000  (60s)
  step 2600  JSR   -7.2  loss 5.1301  logE[BER] -5.130  P_det_soft 0.0000  (61s)
  step 2625  JSR  -13.6  loss 5.5080  logE[BER] -5.508  P_det_soft 0.0000  (61s)
  step 2650  JSR   -1.4  loss 4.6320  logE[BER] -4.632  P_det_soft 0.0000  (62s)
  step 2675  JSR  -19.5  loss 6.2821  logE[BER] -6.282  P_det_soft 0.0000  (62s)
  step 2700  JSR   -3.8  loss 4.7721  logE[BER] -4.772  P_det_soft 0.0000  (63s)
  step 2725  JSR   -6.6  loss 5.0286  logE[BER] -5.029  P_det_soft 0.0000  (64s)
  step 2750  JSR  -30.1  loss 37.9973  logE[BER] -37.997  P_det_soft 0.0000  (64s)
  step 2775  JSR  -18.5  loss 6.1559  logE[BER] -6.156  P_det_soft 0.0000  (65s)
  step 2800  JSR   -3.0  loss 4.6925  logE[BER] -4.692  P_det_soft 0.0000  (65s)
  step 2825  JSR  -26.6  loss 21.1486  logE[BER] -21.149  P_det_soft 0.0000  (66s)
  step 2850  JSR  -21.8  loss 7.2725  logE[BER] -7.272  P_det_soft 0.0000  (66s)
  step 2875  JSR   -0.7  loss 4.4527  logE[BER] -4.453  P_det_soft 0.0000  (67s)
  step 2900  JSR   -7.1  loss 4.8925  logE[BER] -4.893  P_det_soft 0.0000  (68s)
  step 2925  JSR  -22.4  loss 7.6204  logE[BER] -7.620  P_det_soft 0.0000  (68s)
  step 2950  JSR   -5.1  loss 4.7874  logE[BER] -4.787  P_det_soft 0.0000  (69s)
  step 2975  JSR  -10.8  loss 5.5002  logE[BER] -5.500  P_det_soft 0.0000  (69s)
  step 3000  JSR  -28.1  loss 31.4861  logE[BER] -31.486  P_det_soft 0.0000  (70s)
  step 3025  JSR  -14.2  loss 5.5199  logE[BER] -5.520  P_det_soft 0.0000  (71s)
  step 3050  JSR   -4.9  loss 4.7875  logE[BER] -4.788  P_det_soft 0.0000  (71s)
  step 3075  JSR  -28.2  loss 27.0304  logE[BER] -27.030  P_det_soft 0.0000  (72s)
  step 3100  JSR   -6.5  loss 4.9288  logE[BER] -4.929  P_det_soft 0.0000  (72s)
  step 3125  JSR  -28.9  loss 34.5228  logE[BER] -34.523  P_det_soft 0.0000  (73s)
  step 3150  JSR   -8.6  loss 5.0528  logE[BER] -5.053  P_det_soft 0.0000  (73s)
  step 3175  JSR  -12.2  loss 5.3032  logE[BER] -5.303  P_det_soft 0.0000  (74s)
  step 3200  JSR  -12.8  loss 5.4537  logE[BER] -5.454  P_det_soft 0.0000  (75s)
  step 3225  JSR   -8.3  loss 5.0963  logE[BER] -5.096  P_det_soft 0.0000  (75s)
  step 3250  JSR   -2.5  loss 4.5736  logE[BER] -4.574  P_det_soft 0.0000  (76s)
  step 3275  JSR  -28.7  loss 30.8608  logE[BER] -30.861  P_det_soft 0.0000  (76s)
  step 3300  JSR  -19.7  loss 6.3081  logE[BER] -6.308  P_det_soft 0.0000  (77s)
  step 3325  JSR  -10.8  loss 5.3606  logE[BER] -5.361  P_det_soft 0.0000  (77s)
  step 3350  JSR  -14.3  loss 5.4725  logE[BER] -5.472  P_det_soft 0.0000  (78s)
  step 3375  JSR  -21.6  loss 7.0560  logE[BER] -7.056  P_det_soft 0.0000  (79s)
  step 3400  JSR  -14.7  loss 5.6271  logE[BER] -5.627  P_det_soft 0.0000  (79s)
  step 3425  JSR   -7.5  loss 5.1529  logE[BER] -5.153  P_det_soft 0.0000  (80s)
  step 3450  JSR  -21.4  loss 6.7631  logE[BER] -6.763  P_det_soft 0.0000  (80s)
  step 3475  JSR  -11.7  loss 5.3809  logE[BER] -5.381  P_det_soft 0.0000  (81s)
  step 3500  JSR   -6.6  loss 4.9714  logE[BER] -4.971  P_det_soft 0.0000  (81s)
  step 3525  JSR   -1.6  loss 4.5742  logE[BER] -4.574  P_det_soft 0.0000  (82s)
  step 3550  JSR  -29.7  loss 39.7308  logE[BER] -39.731  P_det_soft 0.0000  (83s)
  step 3575  JSR  -13.7  loss 5.4434  logE[BER] -5.443  P_det_soft 0.0000  (83s)
  step 3600  JSR  -30.4  loss 38.7082  logE[BER] -38.708  P_det_soft 0.0000  (84s)
  step 3625  JSR  -18.2  loss 6.0118  logE[BER] -6.012  P_det_soft 0.0000  (84s)
  step 3650  JSR  -28.8  loss 32.7610  logE[BER] -32.761  P_det_soft 0.0000  (85s)
  step 3675  JSR   -1.0  loss 4.6385  logE[BER] -4.639  P_det_soft 0.0000  (85s)
  step 3700  JSR  -18.4  loss 6.1729  logE[BER] -6.173  P_det_soft 0.0000  (86s)
  step 3725  JSR  -15.5  loss 5.7313  logE[BER] -5.731  P_det_soft 0.0000  (87s)
  step 3750  JSR  -31.6  loss 47.9675  logE[BER] -47.967  P_det_soft 0.0000  (87s)
  step 3775  JSR  -28.1  loss 28.7849  logE[BER] -28.785  P_det_soft 0.0000  (88s)
  step 3800  JSR  -29.6  loss 37.8804  logE[BER] -37.880  P_det_soft 0.0000  (88s)
  step 3825  JSR  -27.5  loss 25.6893  logE[BER] -25.689  P_det_soft 0.0000  (89s)
  step 3850  JSR  -19.9  loss 6.5266  logE[BER] -6.527  P_det_soft 0.0000  (90s)
  step 3875  JSR  -26.2  loss 17.4097  logE[BER] -17.410  P_det_soft 0.0000  (90s)
  step 3900  JSR  -13.3  loss 5.5771  logE[BER] -5.577  P_det_soft 0.0000  (91s)
  step 3925  JSR  -19.8  loss 6.3064  logE[BER] -6.306  P_det_soft 0.0000  (91s)
  step 3950  JSR  -20.4  loss 6.5751  logE[BER] -6.575  P_det_soft 0.0000  (92s)
  step 3975  JSR  -16.2  loss 5.7582  logE[BER] -5.758  P_det_soft 0.0000  (92s)
  step 3999  JSR  -10.0  loss 5.2486  logE[BER] -5.249  P_det_soft 0.0000  (93s)
wrote gan/control_r0_G.pt, gan/control_r0.json in 93s
