node: tikgpu04.ee.ethz.ch | gpu: NVIDIA TITAN RTX
env noise = {'noise_unc_db': 0.5, 'rician_k_db': None} | task cnn_b10_r1 = {'target': 'spec_cnn', 'beta': 10.0, 'cgan_task': 14} | seed 5014 | band (-36.4, -4.4) | 32 frames/step | 4000 steps | device cuda:0
  target spec_cnn: threshold -0.671523, clean-frame std 1.44179 (soft_pdet width)
  step    0  JSR  -17.6  loss 87.3934  logE[BER] -81.312  P_det_soft 0.6081  (1s)
  step   25  JSR  -20.0  loss 70.0042  logE[BER] -65.986  P_det_soft 0.4018  (3s)
  step   50  JSR   -7.7  loss 16.3270  logE[BER] -6.588  P_det_soft 0.9739  (5s)
  step   75  JSR  -20.3  loss 63.1055  logE[BER] -59.285  P_det_soft 0.3821  (8s)
  step  100  JSR  -16.8  loss 53.1413  logE[BER] -47.481  P_det_soft 0.5660  (10s)
  step  125  JSR  -34.1  loss 99.2174  logE[BER] -97.353  P_det_soft 0.1864  (13s)
  step  150  JSR  -31.6  loss 104.7239  logE[BER] -103.200  P_det_soft 0.1524  (15s)
  step  175  JSR  -16.4  loss 44.7823  logE[BER] -37.672  P_det_soft 0.7111  (17s)
  step  200  JSR   -7.3  loss 15.5416  logE[BER] -5.819  P_det_soft 0.9723  (20s)
  step  225  JSR  -11.0  loss 21.1479  logE[BER] -11.438  P_det_soft 0.9710  (22s)
  step  250  JSR  -20.1  loss 63.2746  logE[BER] -59.394  P_det_soft 0.3881  (25s)
  step  275  JSR  -24.9  loss 81.6050  logE[BER] -80.283  P_det_soft 0.1322  (27s)
  step  300  JSR  -18.2  loss 58.9150  logE[BER] -53.587  P_det_soft 0.5328  (30s)
  step  325  JSR  -33.6  loss 107.1098  logE[BER] -105.547  P_det_soft 0.1563  (32s)
  step  350  JSR  -15.6  loss 36.1560  logE[BER] -28.303  P_det_soft 0.7853  (34s)
  step  375  JSR  -23.0  loss 76.0846  logE[BER] -73.372  P_det_soft 0.2713  (37s)
  step  400  JSR   -6.9  loss 15.4135  logE[BER] -5.662  P_det_soft 0.9752  (39s)
  step  425  JSR  -33.5  loss 101.1797  logE[BER] -99.928  P_det_soft 0.1252  (42s)
  step  450  JSR  -26.0  loss 92.1067  logE[BER] -90.214  P_det_soft 0.1893  (44s)
  step  475  JSR  -22.9  loss 81.6496  logE[BER] -79.057  P_det_soft 0.2593  (47s)
  step  500  JSR  -35.1  loss 91.4127  logE[BER] -89.753  P_det_soft 0.1660  (49s)
  step  525  JSR   -5.7  loss 15.1272  logE[BER] -5.406  P_det_soft 0.9721  (52s)
  step  550  JSR  -24.0  loss 76.3709  logE[BER] -74.467  P_det_soft 0.1904  (54s)
  step  575  JSR  -33.8  loss 106.6196  logE[BER] -104.781  P_det_soft 0.1839  (56s)
  step  600  JSR  -11.6  loss 17.8722  logE[BER] -8.343  P_det_soft 0.9529  (59s)
  step  625  JSR   -9.0  loss 16.0217  logE[BER] -6.291  P_det_soft 0.9730  (61s)
  step  650  JSR   -8.1  loss 15.4734  logE[BER] -5.671  P_det_soft 0.9803  (64s)
  step  675  JSR  -22.7  loss 72.9752  logE[BER] -70.445  P_det_soft 0.2530  (66s)
  step  700  JSR  -22.6  loss 67.0509  logE[BER] -64.310  P_det_soft 0.2741  (69s)
  step  725  JSR  -11.8  loss 17.0490  logE[BER] -7.684  P_det_soft 0.9365  (71s)
  step  750  JSR   -7.8  loss 15.2906  logE[BER] -5.541  P_det_soft 0.9750  (74s)
  step  775  JSR  -20.5  loss 62.0434  logE[BER] -59.101  P_det_soft 0.2943  (76s)
  step  800  JSR  -30.2  loss 85.9365  logE[BER] -84.169  P_det_soft 0.1767  (79s)
  step  825  JSR  -23.6  loss 69.8265  logE[BER] -67.057  P_det_soft 0.2770  (81s)
  step  850  JSR  -26.4  loss 79.3393  logE[BER] -77.687  P_det_soft 0.1652  (83s)
  step  875  JSR  -10.6  loss 15.4598  logE[BER] -5.723  P_det_soft 0.9737  (86s)
  step  900  JSR  -15.4  loss 23.4231  logE[BER] -15.458  P_det_soft 0.7965  (88s)
  step  925  JSR  -15.1  loss 20.4831  logE[BER] -12.907  P_det_soft 0.7576  (91s)
  step  950  JSR   -4.9  loss 14.4809  logE[BER] -4.716  P_det_soft 0.9765  (93s)
  step  975  JSR  -18.2  loss 41.1706  logE[BER] -36.267  P_det_soft 0.4903  (96s)
  step 1000  JSR  -20.7  loss 50.3988  logE[BER] -47.630  P_det_soft 0.2768  (98s)
  step 1025  JSR  -32.5  loss 102.0966  logE[BER] -100.140  P_det_soft 0.1957  (101s)
  step 1050  JSR  -35.0  loss 98.5953  logE[BER] -97.220  P_det_soft 0.1376  (103s)
  step 1075  JSR   -9.9  loss 15.3218  logE[BER] -5.637  P_det_soft 0.9684  (106s)
  step 1100  JSR  -32.7  loss 104.6926  logE[BER] -103.370  P_det_soft 0.1323  (108s)
  step 1125  JSR  -26.3  loss 75.1124  logE[BER] -73.850  P_det_soft 0.1262  (111s)
  step 1150  JSR  -18.6  loss 30.5689  logE[BER] -27.325  P_det_soft 0.3244  (113s)
  step 1175  JSR  -31.2  loss 98.9306  logE[BER] -97.547  P_det_soft 0.1383  (115s)
  step 1200  JSR  -29.3  loss 85.0961  logE[BER] -83.587  P_det_soft 0.1509  (118s)
  step 1225  JSR  -21.3  loss 44.4275  logE[BER] -41.927  P_det_soft 0.2500  (120s)
  step 1250  JSR  -14.0  loss 14.5405  logE[BER] -6.947  P_det_soft 0.7593  (123s)
  step 1275  JSR  -14.8  loss 15.2300  logE[BER] -7.637  P_det_soft 0.7593  (125s)
  step 1300  JSR  -25.8  loss 72.2312  logE[BER] -70.005  P_det_soft 0.2226  (128s)
  step 1325  JSR   -7.4  loss 14.9008  logE[BER] -5.155  P_det_soft 0.9746  (130s)
  step 1350  JSR  -35.3  loss 90.9134  logE[BER] -89.386  P_det_soft 0.1527  (133s)
  step 1375  JSR  -28.2  loss 76.8886  logE[BER] -75.240  P_det_soft 0.1649  (135s)
  step 1400  JSR   -6.9  loss 14.6623  logE[BER] -4.951  P_det_soft 0.9712  (138s)
  step 1425  JSR  -26.4  loss 63.8318  logE[BER] -62.029  P_det_soft 0.1803  (140s)
  step 1450  JSR  -17.7  loss 10.7651  logE[BER] -8.004  P_det_soft 0.2761  (143s)
  step 1475  JSR  -31.6  loss 88.1987  logE[BER] -85.848  P_det_soft 0.2351  (145s)
  step 1500  JSR  -13.2  loss 14.8788  logE[BER] -5.775  P_det_soft 0.9104  (147s)
  step 1525  JSR  -17.5  loss 10.7853  logE[BER] -6.921  P_det_soft 0.3864  (150s)
  step 1550  JSR  -29.0  loss 69.6766  logE[BER] -67.123  P_det_soft 0.2554  (152s)
  step 1575  JSR  -20.3  loss 12.9767  logE[BER] -10.710  P_det_soft 0.2267  (155s)
  step 1600  JSR  -22.4  loss 26.4863  logE[BER] -24.546  P_det_soft 0.1940  (157s)
  step 1625  JSR  -27.3  loss 52.1456  logE[BER] -50.211  P_det_soft 0.1935  (160s)
  step 1650  JSR   -6.6  loss 14.5049  logE[BER] -4.678  P_det_soft 0.9827  (162s)
  step 1675  JSR  -29.9  loss 68.2362  logE[BER] -66.715  P_det_soft 0.1521  (165s)
  step 1700  JSR  -31.1  loss 79.0196  logE[BER] -77.869  P_det_soft 0.1151  (167s)
  step 1725  JSR  -18.4  loss 9.7492  logE[BER] -6.319  P_det_soft 0.3430  (170s)
  step 1750  JSR  -29.4  loss 55.4509  logE[BER] -53.780  P_det_soft 0.1671  (172s)
  step 1775  JSR  -24.0  loss 20.2180  logE[BER] -18.642  P_det_soft 0.1576  (175s)
  step 1800  JSR  -23.5  loss 17.5615  logE[BER] -15.924  P_det_soft 0.1637  (177s)
  step 1825  JSR  -23.4  loss 14.0208  logE[BER] -11.634  P_det_soft 0.2387  (179s)
  step 1850  JSR   -6.9  loss 15.0218  logE[BER] -5.208  P_det_soft 0.9814  (182s)
  step 1875  JSR   -7.9  loss 15.1483  logE[BER] -5.304  P_det_soft 0.9844  (184s)
  step 1900  JSR  -17.5  loss 10.0593  logE[BER] -6.220  P_det_soft 0.3839  (187s)
  step 1925  JSR   -8.6  loss 15.0553  logE[BER] -5.267  P_det_soft 0.9789  (189s)
  step 1950  JSR  -20.2  loss 9.9910  logE[BER] -7.238  P_det_soft 0.2753  (192s)
  step 1975  JSR  -23.4  loss 14.8422  logE[BER] -12.444  P_det_soft 0.2398  (194s)
  step 2000  JSR  -22.5  loss 10.3978  logE[BER] -8.272  P_det_soft 0.2126  (197s)
  step 2025  JSR  -11.8  loss 13.6038  logE[BER] -5.490  P_det_soft 0.8114  (199s)
  step 2050  JSR  -30.1  loss 55.5490  logE[BER] -53.863  P_det_soft 0.1686  (202s)
  step 2075  JSR  -30.9  loss 60.9812  logE[BER] -59.140  P_det_soft 0.1841  (204s)
  step 2100  JSR  -14.2  loss 11.7985  logE[BER] -5.867  P_det_soft 0.5931  (207s)
  step 2125  JSR  -33.5  loss 74.8405  logE[BER] -72.935  P_det_soft 0.1905  (209s)
  step 2150  JSR  -10.7  loss 14.4944  logE[BER] -5.420  P_det_soft 0.9074  (211s)
  step 2175  JSR  -32.4  loss 59.7512  logE[BER] -58.131  P_det_soft 0.1621  (214s)
  step 2200  JSR  -15.3  loss 11.5564  logE[BER] -5.959  P_det_soft 0.5597  (216s)
  step 2225  JSR  -23.2  loss 12.8286  logE[BER] -11.029  P_det_soft 0.1800  (219s)
  step 2250  JSR  -29.1  loss 47.1562  logE[BER] -45.204  P_det_soft 0.1952  (221s)
  step 2275  JSR  -14.9  loss 10.3190  logE[BER] -5.637  P_det_soft 0.4682  (224s)
  step 2300  JSR  -24.1  loss 15.3697  logE[BER] -13.616  P_det_soft 0.1754  (226s)
  step 2325  JSR  -18.9  loss 9.6493  logE[BER] -6.631  P_det_soft 0.3019  (229s)
  step 2350  JSR   -8.9  loss 14.9027  logE[BER] -5.218  P_det_soft 0.9685  (231s)
  step 2375  JSR  -31.6  loss 67.3804  logE[BER] -66.255  P_det_soft 0.1125  (234s)
  step 2400  JSR   -6.6  loss 15.2296  logE[BER] -5.358  P_det_soft 0.9872  (236s)
  step 2425  JSR  -34.6  loss 69.2292  logE[BER] -67.933  P_det_soft 0.1297  (239s)
  step 2450  JSR  -22.6  loss 10.4928  logE[BER] -8.615  P_det_soft 0.1878  (241s)
  step 2475  JSR  -12.4  loss 12.5101  logE[BER] -5.385  P_det_soft 0.7125  (243s)
  step 2500  JSR  -33.4  loss 72.7882  logE[BER] -71.176  P_det_soft 0.1613  (246s)
  step 2525  JSR  -29.3  loss 49.8658  logE[BER] -48.209  P_det_soft 0.1657  (248s)
  step 2550  JSR  -11.7  loss 12.7269  logE[BER] -5.408  P_det_soft 0.7319  (251s)
  step 2575  JSR   -6.1  loss 14.8527  logE[BER] -4.978  P_det_soft 0.9875  (253s)
  step 2600  JSR  -25.2  loss 20.1705  logE[BER] -18.021  P_det_soft 0.2149  (256s)
  step 2625  JSR  -32.0  loss 61.8111  logE[BER] -60.274  P_det_soft 0.1537  (258s)
  step 2650  JSR  -22.8  loss 10.6270  logE[BER] -9.280  P_det_soft 0.1346  (261s)
  step 2675  JSR   -7.8  loss 15.0388  logE[BER] -5.264  P_det_soft 0.9775  (263s)
  step 2700  JSR  -15.1  loss 11.6563  logE[BER] -6.072  P_det_soft 0.5584  (266s)
  step 2725  JSR  -20.2  loss 9.4434  logE[BER] -6.800  P_det_soft 0.2643  (268s)
  step 2750  JSR   -5.5  loss 14.9654  logE[BER] -5.111  P_det_soft 0.9855  (271s)
  step 2775  JSR  -17.7  loss 8.5616  logE[BER] -5.896  P_det_soft 0.2665  (273s)
  step 2800  JSR  -25.5  loss 19.5735  logE[BER] -18.178  P_det_soft 0.1395  (276s)
  step 2825  JSR  -16.2  loss 10.2408  logE[BER] -5.942  P_det_soft 0.4299  (278s)
  step 2850  JSR  -12.2  loss 12.6282  logE[BER] -5.415  P_det_soft 0.7213  (280s)
  step 2875  JSR  -17.9  loss 9.2901  logE[BER] -6.337  P_det_soft 0.2953  (283s)
  step 2900  JSR   -6.2  loss 14.8563  logE[BER] -5.009  P_det_soft 0.9848  (285s)
  step 2925  JSR  -21.5  loss 10.0461  logE[BER] -7.992  P_det_soft 0.2054  (288s)
  step 2950  JSR   -9.9  loss 14.5413  logE[BER] -5.322  P_det_soft 0.9220  (290s)
  step 2975  JSR  -16.7  loss 8.6050  logE[BER] -5.640  P_det_soft 0.2965  (293s)
  step 3000  JSR  -32.2  loss 68.5500  logE[BER] -67.421  P_det_soft 0.1129  (295s)
  step 3025  JSR  -23.0  loss 11.6918  logE[BER] -9.520  P_det_soft 0.2172  (298s)
  step 3050  JSR  -14.9  loss 9.7329  logE[BER] -5.879  P_det_soft 0.3854  (300s)
  step 3075  JSR   -6.3  loss 14.8597  logE[BER] -4.982  P_det_soft 0.9878  (303s)
  step 3100  JSR  -24.7  loss 18.7203  logE[BER] -17.375  P_det_soft 0.1345  (305s)
  step 3125  JSR  -22.4  loss 11.0383  logE[BER] -8.621  P_det_soft 0.2417  (307s)
  step 3150  JSR  -13.0  loss 12.4275  logE[BER] -5.655  P_det_soft 0.6772  (310s)
  step 3175  JSR  -10.2  loss 13.9233  logE[BER] -5.246  P_det_soft 0.8677  (312s)
  step 3200  JSR   -6.0  loss 14.8817  logE[BER] -5.052  P_det_soft 0.9830  (315s)
  step 3225  JSR  -30.0  loss 55.1915  logE[BER] -53.340  P_det_soft 0.1852  (317s)
  step 3250  JSR   -7.9  loss 15.1151  logE[BER] -5.334  P_det_soft 0.9781  (320s)
  step 3275  JSR   -7.8  loss 15.1276  logE[BER] -5.382  P_det_soft 0.9745  (322s)
  step 3300  JSR   -6.3  loss 15.0149  logE[BER] -5.160  P_det_soft 0.9855  (325s)
  step 3325  JSR  -32.9  loss 71.7087  logE[BER] -70.289  P_det_soft 0.1419  (327s)
  step 3350  JSR  -14.2  loss 10.7345  logE[BER] -5.540  P_det_soft 0.5194  (330s)
  step 3375  JSR  -14.8  loss 11.3668  logE[BER] -5.559  P_det_soft 0.5807  (332s)
  step 3400  JSR  -23.7  loss 16.4291  logE[BER] -14.449  P_det_soft 0.1980  (334s)
  step 3425  JSR  -22.1  loss 9.1088  logE[BER] -7.608  P_det_soft 0.1501  (337s)
  step 3450  JSR   -6.2  loss 15.4445  logE[BER] -5.581  P_det_soft 0.9863  (339s)
  step 3475  JSR  -31.1  loss 58.8955  logE[BER] -57.428  P_det_soft 0.1467  (342s)
  step 3500  JSR  -27.8  loss 34.3127  logE[BER] -32.569  P_det_soft 0.1743  (344s)
  step 3525  JSR  -31.4  loss 62.8388  logE[BER] -61.634  P_det_soft 0.1205  (347s)
  step 3550  JSR  -35.0  loss 83.8718  logE[BER] -82.563  P_det_soft 0.1309  (349s)
  step 3575  JSR  -21.2  loss 8.4268  logE[BER] -6.712  P_det_soft 0.1715  (352s)
  step 3600  JSR  -10.3  loss 14.0949  logE[BER] -5.370  P_det_soft 0.8725  (354s)
  step 3625  JSR   -6.3  loss 15.0748  logE[BER] -5.213  P_det_soft 0.9862  (357s)
  step 3650  JSR  -21.5  loss 9.3120  logE[BER] -7.423  P_det_soft 0.1889  (359s)
  step 3675  JSR   -5.2  loss 14.7817  logE[BER] -4.883  P_det_soft 0.9898  (361s)
  step 3700  JSR  -12.8  loss 12.3876  logE[BER] -5.642  P_det_soft 0.6746  (364s)
  step 3725  JSR  -33.8  loss 71.6314  logE[BER] -69.966  P_det_soft 0.1666  (366s)
  step 3750  JSR  -16.6  loss 10.0375  logE[BER] -5.981  P_det_soft 0.4056  (369s)
  step 3775  JSR  -27.9  loss 40.8477  logE[BER] -39.106  P_det_soft 0.1742  (371s)
  step 3800  JSR   -5.5  loss 14.8741  logE[BER] -4.995  P_det_soft 0.9879  (374s)
  step 3825  JSR  -27.1  loss 32.3532  logE[BER] -31.131  P_det_soft 0.1222  (376s)
  step 3850  JSR  -20.2  loss 8.7845  logE[BER] -6.606  P_det_soft 0.2179  (379s)
  step 3875  JSR  -24.0  loss 16.1959  logE[BER] -14.466  P_det_soft 0.1730  (381s)
  step 3900  JSR  -35.2  loss 76.5644  logE[BER] -75.083  P_det_soft 0.1482  (384s)
  step 3925  JSR  -13.0  loss 12.0873  logE[BER] -5.674  P_det_soft 0.6413  (386s)
  step 3950  JSR  -15.4  loss 9.5640  logE[BER] -5.764  P_det_soft 0.3800  (388s)
  step 3975  JSR  -27.3  loss 34.8838  logE[BER] -33.401  P_det_soft 0.1483  (391s)
  step 3999  JSR   -6.2  loss 14.8220  logE[BER] -4.954  P_det_soft 0.9868  (393s)
wrote gan/cnn_b10_r1_G.pt, gan/cnn_b10_r1.json in 400s
