node: tikgpu04.ee.ethz.ch | gpu: NVIDIA TITAN RTX
env noise = {'noise_unc_db': 0.5, 'rician_k_db': None} | task control_r2 = {'target': None, 'beta': 0.0, 'cgan_task': 0} | seed 6000 | band (-32.0, 0.0) | 128 frames/step | 4000 steps | device cuda:0
  step    0  JSR   -8.6  loss 45.6888  logE[BER] -45.689  P_det_soft 0.0000  (2s)
  step   25  JSR   -3.1  loss 4.3375  logE[BER] -4.338  P_det_soft 0.0000  (2s)
  step   50  JSR  -24.3  loss 62.2309  logE[BER] -62.231  P_det_soft 0.0000  (3s)
  step   75  JSR  -31.7  loss 97.3386  logE[BER] -97.339  P_det_soft 0.0000  (3s)
  step  100  JSR  -30.3  loss 87.9785  logE[BER] -87.978  P_det_soft 0.0000  (4s)
  step  125  JSR  -28.1  loss 76.3130  logE[BER] -76.313  P_det_soft 0.0000  (5s)
  step  150  JSR  -30.4  loss 89.3338  logE[BER] -89.334  P_det_soft 0.0000  (5s)
  step  175  JSR   -1.8  loss 4.5199  logE[BER] -4.520  P_det_soft 0.0000  (6s)
  step  200  JSR  -12.3  loss 7.6249  logE[BER] -7.625  P_det_soft 0.0000  (6s)
  step  225  JSR   -3.4  loss 4.6416  logE[BER] -4.642  P_det_soft 0.0000  (7s)
  step  250  JSR   -8.2  loss 5.6620  logE[BER] -5.662  P_det_soft 0.0000  (7s)
  step  275  JSR  -21.6  loss 71.9584  logE[BER] -71.958  P_det_soft 0.0000  (8s)
  step  300  JSR  -20.0  loss 32.5093  logE[BER] -32.509  P_det_soft 0.0000  (9s)
  step  325  JSR  -11.2  loss 7.1631  logE[BER] -7.163  P_det_soft 0.0000  (9s)
  step  350  JSR  -20.9  loss 30.4986  logE[BER] -30.499  P_det_soft 0.0000  (10s)
  step  375  JSR  -21.4  loss 31.1110  logE[BER] -31.111  P_det_soft 0.0000  (10s)
  step  400  JSR  -21.6  loss 51.1495  logE[BER] -51.149  P_det_soft 0.0000  (11s)
  step  425  JSR   -9.0  loss 6.0521  logE[BER] -6.052  P_det_soft 0.0000  (11s)
  step  450  JSR   -0.7  loss 4.5497  logE[BER] -4.550  P_det_soft 0.0000  (12s)
  step  475  JSR  -23.6  loss 53.0037  logE[BER] -53.004  P_det_soft 0.0000  (13s)
  step  500  JSR  -15.9  loss 8.2003  logE[BER] -8.200  P_det_soft 0.0000  (13s)
  step  525  JSR  -17.7  loss 10.9509  logE[BER] -10.951  P_det_soft 0.0000  (14s)
  step  550  JSR   -8.3  loss 5.1891  logE[BER] -5.189  P_det_soft 0.0000  (14s)
  step  575  JSR  -12.0  loss 6.3963  logE[BER] -6.396  P_det_soft 0.0000  (15s)
  step  600  JSR   -7.2  loss 5.3119  logE[BER] -5.312  P_det_soft 0.0000  (15s)
  step  625  JSR   -5.9  loss 5.6042  logE[BER] -5.604  P_det_soft 0.0000  (16s)
  step  650  JSR  -31.1  loss 73.6668  logE[BER] -73.667  P_det_soft 0.0000  (17s)
  step  675  JSR  -21.9  loss 23.4919  logE[BER] -23.492  P_det_soft 0.0000  (17s)
  step  700  JSR  -11.0  loss 6.4186  logE[BER] -6.419  P_det_soft 0.0000  (18s)
  step  725  JSR   -9.7  loss 5.5565  logE[BER] -5.557  P_det_soft 0.0000  (18s)
  step  750  JSR  -11.3  loss 6.5886  logE[BER] -6.589  P_det_soft 0.0000  (19s)
  step  775  JSR  -21.8  loss 27.0032  logE[BER] -27.003  P_det_soft 0.0000  (19s)
  step  800  JSR  -30.5  loss 73.2168  logE[BER] -73.217  P_det_soft 0.0000  (20s)
  step  825  JSR  -22.3  loss 36.0902  logE[BER] -36.090  P_det_soft 0.0000  (21s)
  step  850  JSR  -29.0  loss 70.6452  logE[BER] -70.645  P_det_soft 0.0000  (21s)
  step  875  JSR  -28.7  loss 69.2165  logE[BER] -69.217  P_det_soft 0.0000  (22s)
  step  900  JSR  -19.8  loss 16.1635  logE[BER] -16.164  P_det_soft 0.0000  (22s)
  step  925  JSR  -25.6  loss 53.1532  logE[BER] -53.153  P_det_soft 0.0000  (23s)
  step  950  JSR  -28.6  loss 67.6551  logE[BER] -67.655  P_det_soft 0.0000  (23s)
  step  975  JSR  -21.1  loss 23.0760  logE[BER] -23.076  P_det_soft 0.0000  (24s)
  step 1000  JSR  -14.4  loss 6.3578  logE[BER] -6.358  P_det_soft 0.0000  (25s)
  step 1025  JSR  -10.1  loss 5.9313  logE[BER] -5.931  P_det_soft 0.0000  (25s)
  step 1050  JSR  -31.2  loss 68.5052  logE[BER] -68.505  P_det_soft 0.0000  (26s)
  step 1075  JSR  -10.4  loss 5.7116  logE[BER] -5.712  P_det_soft 0.0000  (26s)
  step 1100  JSR  -26.2  loss 51.0509  logE[BER] -51.051  P_det_soft 0.0000  (27s)
  step 1125  JSR  -17.1  loss 8.3861  logE[BER] -8.386  P_det_soft 0.0000  (28s)
  step 1150  JSR  -28.7  loss 67.5516  logE[BER] -67.552  P_det_soft 0.0000  (28s)
  step 1175  JSR   -7.4  loss 5.2394  logE[BER] -5.239  P_det_soft 0.0000  (29s)
  step 1200  JSR  -26.1  loss 47.9712  logE[BER] -47.971  P_det_soft 0.0000  (29s)
  step 1225  JSR  -24.1  loss 34.0066  logE[BER] -34.007  P_det_soft 0.0000  (30s)
  step 1250  JSR  -30.5  loss 71.7675  logE[BER] -71.768  P_det_soft 0.0000  (30s)
  step 1275  JSR  -14.8  loss 6.4946  logE[BER] -6.495  P_det_soft 0.0000  (31s)
  step 1300  JSR   -2.2  loss 4.6576  logE[BER] -4.658  P_det_soft 0.0000  (32s)
  step 1325  JSR  -30.9  loss 76.1811  logE[BER] -76.181  P_det_soft 0.0000  (32s)
  step 1350  JSR  -15.8  loss 6.5676  logE[BER] -6.568  P_det_soft 0.0000  (33s)
  step 1375  JSR  -31.9  loss 79.8294  logE[BER] -79.829  P_det_soft 0.0000  (33s)
  step 1400  JSR  -21.8  loss 12.2731  logE[BER] -12.273  P_det_soft 0.0000  (34s)
  step 1425  JSR  -11.9  loss 5.5358  logE[BER] -5.536  P_det_soft 0.0000  (34s)
  step 1450  JSR  -27.3  loss 48.7721  logE[BER] -48.772  P_det_soft 0.0000  (35s)
  step 1475  JSR   -7.9  loss 4.8502  logE[BER] -4.850  P_det_soft 0.0000  (36s)
  step 1500  JSR  -30.1  loss 56.2987  logE[BER] -56.299  P_det_soft 0.0000  (36s)
  step 1525  JSR  -20.8  loss 8.3724  logE[BER] -8.372  P_det_soft 0.0000  (37s)
  step 1550  JSR  -22.6  loss 12.3104  logE[BER] -12.310  P_det_soft 0.0000  (37s)
  step 1575  JSR  -29.7  loss 54.3382  logE[BER] -54.338  P_det_soft 0.0000  (38s)
  step 1600  JSR  -18.0  loss 6.5905  logE[BER] -6.590  P_det_soft 0.0000  (38s)
  step 1625  JSR   -7.7  loss 5.0481  logE[BER] -5.048  P_det_soft 0.0000  (39s)
  step 1650  JSR  -28.0  loss 43.0884  logE[BER] -43.088  P_det_soft 0.0000  (40s)
  step 1675  JSR  -17.9  loss 6.3299  logE[BER] -6.330  P_det_soft 0.0000  (40s)
  step 1700  JSR  -11.0  loss 5.3969  logE[BER] -5.397  P_det_soft 0.0000  (41s)
  step 1725  JSR  -23.7  loss 17.4096  logE[BER] -17.410  P_det_soft 0.0000  (41s)
  step 1750  JSR   -7.3  loss 4.7846  logE[BER] -4.785  P_det_soft 0.0000  (42s)
  step 1775  JSR   -9.6  loss 5.3511  logE[BER] -5.351  P_det_soft 0.0000  (43s)
  step 1800  JSR  -16.7  loss 6.1194  logE[BER] -6.119  P_det_soft 0.0000  (43s)
  step 1825  JSR  -28.4  loss 41.1772  logE[BER] -41.177  P_det_soft 0.0000  (44s)
  step 1850  JSR  -25.5  loss 23.4811  logE[BER] -23.481  P_det_soft 0.0000  (44s)
  step 1875  JSR  -29.2  loss 47.9646  logE[BER] -47.965  P_det_soft 0.0000  (45s)
  step 1900  JSR  -12.2  loss 5.6315  logE[BER] -5.632  P_det_soft 0.0000  (45s)
  step 1925  JSR   -7.4  loss 5.0484  logE[BER] -5.048  P_det_soft 0.0000  (46s)
  step 1950  JSR  -10.1  loss 5.3029  logE[BER] -5.303  P_det_soft 0.0000  (47s)
  step 1975  JSR  -26.4  loss 30.9594  logE[BER] -30.959  P_det_soft 0.0000  (47s)
  step 2000  JSR  -10.4  loss 5.4031  logE[BER] -5.403  P_det_soft 0.0000  (48s)
  step 2025  JSR  -18.3  loss 6.1152  logE[BER] -6.115  P_det_soft 0.0000  (48s)
  step 2050  JSR  -23.9  loss 13.6419  logE[BER] -13.642  P_det_soft 0.0000  (49s)
  step 2075  JSR  -25.8  loss 21.7522  logE[BER] -21.752  P_det_soft 0.0000  (49s)
  step 2100  JSR  -15.4  loss 5.6963  logE[BER] -5.696  P_det_soft 0.0000  (50s)
  step 2125  JSR  -23.1  loss 9.3079  logE[BER] -9.308  P_det_soft 0.0000  (51s)
  step 2150  JSR  -21.6  loss 7.2799  logE[BER] -7.280  P_det_soft 0.0000  (51s)
  step 2175  JSR  -22.2  loss 8.0606  logE[BER] -8.061  P_det_soft 0.0000  (52s)
  step 2200  JSR  -15.4  loss 5.9125  logE[BER] -5.912  P_det_soft 0.0000  (52s)
  step 2225  JSR  -17.7  loss 6.0991  logE[BER] -6.099  P_det_soft 0.0000  (53s)
  step 2250  JSR  -12.0  loss 5.5307  logE[BER] -5.531  P_det_soft 0.0000  (53s)
  step 2275  JSR   -2.1  loss 4.6079  logE[BER] -4.608  P_det_soft 0.0000  (54s)
  step 2300  JSR   -8.5  loss 5.2651  logE[BER] -5.265  P_det_soft 0.0000  (55s)
  step 2325  JSR  -15.6  loss 5.8188  logE[BER] -5.819  P_det_soft 0.0000  (55s)
  step 2350  JSR  -14.4  loss 5.5727  logE[BER] -5.573  P_det_soft 0.0000  (56s)
  step 2375  JSR  -28.1  loss 33.6339  logE[BER] -33.634  P_det_soft 0.0000  (56s)
  step 2400  JSR  -19.9  loss 6.3600  logE[BER] -6.360  P_det_soft 0.0000  (57s)
  step 2425  JSR  -22.6  loss 7.8844  logE[BER] -7.884  P_det_soft 0.0000  (58s)
  step 2450  JSR  -29.4  loss 43.1635  logE[BER] -43.163  P_det_soft 0.0000  (58s)
  step 2475  JSR  -27.6  loss 29.3512  logE[BER] -29.351  P_det_soft 0.0000  (59s)
  step 2500  JSR   -0.0  loss 4.5923  logE[BER] -4.592  P_det_soft 0.0000  (59s)
  step 2525  JSR  -30.7  loss 44.6833  logE[BER] -44.683  P_det_soft 0.0000  (60s)
  step 2550  JSR   -9.0  loss 5.2304  logE[BER] -5.230  P_det_soft 0.0000  (60s)
  step 2575  JSR  -29.3  loss 40.9580  logE[BER] -40.958  P_det_soft 0.0000  (61s)
  step 2600  JSR  -21.9  loss 7.3901  logE[BER] -7.390  P_det_soft 0.0000  (62s)
  step 2625  JSR  -31.3  loss 53.7663  logE[BER] -53.766  P_det_soft 0.0000  (62s)
  step 2650  JSR   -9.1  loss 5.2023  logE[BER] -5.202  P_det_soft 0.0000  (63s)
  step 2675  JSR  -23.3  loss 9.2471  logE[BER] -9.247  P_det_soft 0.0000  (63s)
  step 2700  JSR  -15.1  loss 5.7393  logE[BER] -5.739  P_det_soft 0.0000  (64s)
  step 2725  JSR  -26.2  loss 21.1724  logE[BER] -21.172  P_det_soft 0.0000  (64s)
  step 2750  JSR  -20.3  loss 6.5396  logE[BER] -6.540  P_det_soft 0.0000  (65s)
  step 2775  JSR   -8.9  loss 5.2556  logE[BER] -5.256  P_det_soft 0.0000  (66s)
  step 2800  JSR  -26.9  loss 24.6817  logE[BER] -24.682  P_det_soft 0.0000  (66s)
  step 2825  JSR  -24.3  loss 12.2087  logE[BER] -12.209  P_det_soft 0.0000  (67s)
  step 2850  JSR   -1.3  loss 4.5592  logE[BER] -4.559  P_det_soft 0.0000  (67s)
  step 2875  JSR  -22.3  loss 7.5938  logE[BER] -7.594  P_det_soft 0.0000  (68s)
  step 2900  JSR   -4.6  loss 4.6111  logE[BER] -4.611  P_det_soft 0.0000  (68s)
  step 2925  JSR   -2.2  loss 4.6372  logE[BER] -4.637  P_det_soft 0.0000  (69s)
  step 2950  JSR   -7.6  loss 5.0578  logE[BER] -5.058  P_det_soft 0.0000  (70s)
  step 2975  JSR  -12.1  loss 5.5290  logE[BER] -5.529  P_det_soft 0.0000  (70s)
  step 3000  JSR   -8.9  loss 5.2586  logE[BER] -5.259  P_det_soft 0.0000  (71s)
  step 3025  JSR  -14.1  loss 5.5266  logE[BER] -5.527  P_det_soft 0.0000  (71s)
  step 3050  JSR  -21.8  loss 7.2349  logE[BER] -7.235  P_det_soft 0.0000  (72s)
  step 3075  JSR  -25.7  loss 18.1289  logE[BER] -18.129  P_det_soft 0.0000  (72s)
  step 3100  JSR  -28.8  loss 34.7826  logE[BER] -34.783  P_det_soft 0.0000  (73s)
  step 3125  JSR   -9.0  loss 5.1891  logE[BER] -5.189  P_det_soft 0.0000  (74s)
  step 3150  JSR   -6.8  loss 4.9520  logE[BER] -4.952  P_det_soft 0.0000  (74s)
  step 3175  JSR  -12.5  loss 5.4518  logE[BER] -5.452  P_det_soft 0.0000  (75s)
  step 3200  JSR  -30.9  loss 47.7121  logE[BER] -47.712  P_det_soft 0.0000  (75s)
  step 3225  JSR   -7.9  loss 5.0554  logE[BER] -5.055  P_det_soft 0.0000  (76s)
  step 3250  JSR  -16.3  loss 5.8016  logE[BER] -5.802  P_det_soft 0.0000  (77s)
  step 3275  JSR   -1.6  loss 4.6678  logE[BER] -4.668  P_det_soft 0.0000  (77s)
  step 3300  JSR  -10.6  loss 5.4119  logE[BER] -5.412  P_det_soft 0.0000  (78s)
  step 3325  JSR  -11.3  loss 5.4816  logE[BER] -5.482  P_det_soft 0.0000  (78s)
  step 3350  JSR   -6.3  loss 4.9942  logE[BER] -4.994  P_det_soft 0.0000  (79s)
  step 3375  JSR  -14.7  loss 5.6277  logE[BER] -5.628  P_det_soft 0.0000  (79s)
  step 3400  JSR  -20.4  loss 6.5815  logE[BER] -6.582  P_det_soft 0.0000  (80s)
  step 3425  JSR  -30.2  loss 43.1991  logE[BER] -43.199  P_det_soft 0.0000  (81s)
  step 3450  JSR  -23.1  loss 8.3348  logE[BER] -8.335  P_det_soft 0.0000  (81s)
  step 3475  JSR   -5.6  loss 4.8587  logE[BER] -4.859  P_det_soft 0.0000  (82s)
  step 3500  JSR  -28.0  loss 30.7978  logE[BER] -30.798  P_det_soft 0.0000  (82s)
  step 3525  JSR   -3.8  loss 4.7069  logE[BER] -4.707  P_det_soft 0.0000  (83s)
  step 3550  JSR  -23.3  loss 8.4927  logE[BER] -8.493  P_det_soft 0.0000  (83s)
  step 3575  JSR  -28.0  loss 30.4974  logE[BER] -30.497  P_det_soft 0.0000  (84s)
  step 3600  JSR   -9.8  loss 5.2912  logE[BER] -5.291  P_det_soft 0.0000  (85s)
  step 3625  JSR   -8.6  loss 5.2759  logE[BER] -5.276  P_det_soft 0.0000  (85s)
  step 3650  JSR  -25.6  loss 16.3820  logE[BER] -16.382  P_det_soft 0.0000  (86s)
  step 3675  JSR  -11.8  loss 5.5931  logE[BER] -5.593  P_det_soft 0.0000  (86s)
  step 3700  JSR   -0.0  loss 4.4709  logE[BER] -4.471  P_det_soft 0.0000  (87s)
  step 3725  JSR   -9.6  loss 5.3368  logE[BER] -5.337  P_det_soft 0.0000  (87s)
  step 3750  JSR  -29.0  loss 33.4474  logE[BER] -33.447  P_det_soft 0.0000  (88s)
  step 3775  JSR  -18.4  loss 6.1772  logE[BER] -6.177  P_det_soft 0.0000  (89s)
  step 3800  JSR  -26.4  loss 19.4781  logE[BER] -19.478  P_det_soft 0.0000  (89s)
  step 3825  JSR  -19.8  loss 6.2792  logE[BER] -6.279  P_det_soft 0.0000  (90s)
  step 3850  JSR  -23.0  loss 8.1804  logE[BER] -8.180  P_det_soft 0.0000  (90s)
  step 3875  JSR   -4.6  loss 4.8035  logE[BER] -4.804  P_det_soft 0.0000  (91s)
  step 3900  JSR  -16.9  loss 5.9128  logE[BER] -5.913  P_det_soft 0.0000  (92s)
  step 3925  JSR  -21.5  loss 6.9457  logE[BER] -6.946  P_det_soft 0.0000  (92s)
  step 3950  JSR   -4.3  loss 4.7208  logE[BER] -4.721  P_det_soft 0.0000  (93s)
  step 3975  JSR  -17.4  loss 5.7964  logE[BER] -5.796  P_det_soft 0.0000  (93s)
  step 3999  JSR  -28.5  loss 34.2228  logE[BER] -34.223  P_det_soft 0.0000  (94s)
wrote gan/control_r2_G.pt, gan/control_r2.json in 94s
