node: tikgpu05.ee.ethz.ch | gpu: NVIDIA TITAN RTX
env noise = {'noise_unc_db': 0.5, 'rician_k_db': None} | task energy_b10_r0 = {'target': 'energy', 'beta': 10.0, 'cgan_task': 2} | seed 4002 | band (-25.2, 0.0) | 128 frames/step | 4000 steps | device cuda:0
  target energy: threshold 1.01688, clean-frame std 0.00786953 (soft_pdet width)
  step    0  JSR   -5.2  loss 23.9741  logE[BER] -16.122  P_det_soft 0.7852  (1s)
  step   25  JSR  -23.4  loss 58.1541  logE[BER] -55.751  P_det_soft 0.2403  (2s)
  step   50  JSR  -10.9  loss 11.9724  logE[BER] -6.645  P_det_soft 0.5327  (2s)
  step   75  JSR   -4.6  loss 15.1604  logE[BER] -5.649  P_det_soft 0.9512  (3s)
  step  100  JSR   -9.4  loss 13.2195  logE[BER] -6.179  P_det_soft 0.7041  (4s)
  step  125  JSR  -16.7  loss 28.6941  logE[BER] -25.001  P_det_soft 0.3693  (4s)
  step  150  JSR   -0.2  loss 14.1285  logE[BER] -4.129  P_det_soft 1.0000  (5s)
  step  175  JSR   -4.7  loss 14.8876  logE[BER] -5.411  P_det_soft 0.9477  (6s)
  step  200  JSR   -7.9  loss 15.1892  logE[BER] -5.614  P_det_soft 0.9575  (6s)
  step  225  JSR   -1.4  loss 14.7422  logE[BER] -4.776  P_det_soft 0.9966  (7s)
  step  250  JSR  -19.0  loss 28.0826  logE[BER] -25.006  P_det_soft 0.3077  (7s)
  step  275  JSR  -18.1  loss 38.9974  logE[BER] -36.403  P_det_soft 0.2594  (8s)
  step  300  JSR   -9.0  loss 14.2148  logE[BER] -6.032  P_det_soft 0.8182  (9s)
  step  325  JSR   -2.0  loss 14.9555  logE[BER] -4.959  P_det_soft 0.9996  (9s)
  step  350  JSR  -23.6  loss 60.1740  logE[BER] -57.968  P_det_soft 0.2206  (10s)
  step  375  JSR  -13.6  loss 20.2902  logE[BER] -15.802  P_det_soft 0.4488  (11s)
  step  400  JSR  -22.5  loss 62.5108  logE[BER] -60.261  P_det_soft 0.2250  (11s)
  step  425  JSR  -11.7  loss 12.3038  logE[BER] -6.779  P_det_soft 0.5525  (12s)
  step  450  JSR  -14.8  loss 12.4373  logE[BER] -8.344  P_det_soft 0.4093  (13s)
  step  475  JSR  -15.5  loss 13.5011  logE[BER] -8.714  P_det_soft 0.4787  (13s)
  step  500  JSR   -8.4  loss 14.3642  logE[BER] -5.923  P_det_soft 0.8442  (14s)
  step  525  JSR   -8.1  loss 13.1583  logE[BER] -5.784  P_det_soft 0.7374  (15s)
  step  550  JSR   -2.6  loss 14.3182  logE[BER] -4.319  P_det_soft 0.9999  (15s)
  step  575  JSR  -24.5  loss 65.7194  logE[BER] -63.404  P_det_soft 0.2315  (16s)
  step  600  JSR   -2.7  loss 14.7701  logE[BER] -4.773  P_det_soft 0.9997  (17s)
  step  625  JSR  -14.9  loss 14.7161  logE[BER] -11.080  P_det_soft 0.3636  (17s)
  step  650  JSR  -16.5  loss 17.1829  logE[BER] -14.258  P_det_soft 0.2925  (18s)
  step  675  JSR   -2.7  loss 14.6858  logE[BER] -4.811  P_det_soft 0.9875  (19s)
  step  700  JSR  -16.3  loss 21.3984  logE[BER] -18.065  P_det_soft 0.3333  (19s)
  step  725  JSR   -9.1  loss 12.2475  logE[BER] -6.194  P_det_soft 0.6054  (20s)
  step  750  JSR  -10.7  loss 12.8415  logE[BER] -6.292  P_det_soft 0.6550  (21s)
  step  775  JSR  -14.9  loss 13.1244  logE[BER] -8.743  P_det_soft 0.4382  (21s)
  step  800  JSR  -20.8  loss 34.3789  logE[BER] -31.792  P_det_soft 0.2586  (22s)
  step  825  JSR  -11.9  loss 11.5562  logE[BER] -6.772  P_det_soft 0.4784  (23s)
  step  850  JSR  -13.1  loss 11.9626  logE[BER] -7.184  P_det_soft 0.4779  (23s)
  step  875  JSR  -23.4  loss 54.2911  logE[BER] -52.038  P_det_soft 0.2253  (24s)
  step  900  JSR   -1.2  loss 14.4625  logE[BER] -4.484  P_det_soft 0.9978  (25s)
  step  925  JSR  -22.7  loss 42.0189  logE[BER] -39.888  P_det_soft 0.2130  (25s)
  step  950  JSR  -19.8  loss 23.7639  logE[BER] -20.658  P_det_soft 0.3106  (26s)
  step  975  JSR   -1.6  loss 14.6460  logE[BER] -4.667  P_det_soft 0.9979  (27s)
  step 1000  JSR  -14.4  loss 11.0604  logE[BER] -7.001  P_det_soft 0.4059  (27s)
  step 1025  JSR  -21.0  loss 34.1438  logE[BER] -31.725  P_det_soft 0.2418  (28s)
  step 1050  JSR   -7.1  loss 14.0097  logE[BER] -5.675  P_det_soft 0.8334  (29s)
  step 1075  JSR  -11.2  loss 11.9244  logE[BER] -6.127  P_det_soft 0.5798  (29s)
  step 1100  JSR   -3.2  loss 14.4503  logE[BER] -5.108  P_det_soft 0.9342  (30s)
  step 1125  JSR  -13.9  loss 11.3011  logE[BER] -6.665  P_det_soft 0.4636  (31s)
  step 1150  JSR  -23.2  loss 47.7177  logE[BER] -45.424  P_det_soft 0.2294  (31s)
  step 1175  JSR   -9.5  loss 13.2713  logE[BER] -5.893  P_det_soft 0.7378  (32s)
  step 1200  JSR   -2.3  loss 14.7465  logE[BER] -4.748  P_det_soft 0.9999  (33s)
  step 1225  JSR  -24.5  loss 55.0627  logE[BER] -52.801  P_det_soft 0.2261  (33s)
  step 1250  JSR   -1.8  loss 14.6501  logE[BER] -4.650  P_det_soft 1.0000  (34s)
  step 1275  JSR   -4.1  loss 14.6737  logE[BER] -4.800  P_det_soft 0.9874  (35s)
  step 1300  JSR   -4.9  loss 14.7500  logE[BER] -5.004  P_det_soft 0.9746  (36s)
  step 1325  JSR   -9.4  loss 13.7484  logE[BER] -5.840  P_det_soft 0.7908  (36s)
  step 1350  JSR  -25.0  loss 47.0525  logE[BER] -44.858  P_det_soft 0.2194  (37s)
  step 1375  JSR  -10.0  loss 12.1401  logE[BER] -6.246  P_det_soft 0.5894  (38s)
  step 1400  JSR  -10.6  loss 12.8772  logE[BER] -5.856  P_det_soft 0.7021  (38s)
  step 1425  JSR  -24.6  loss 35.5082  logE[BER] -32.915  P_det_soft 0.2593  (39s)
  step 1450  JSR  -17.5  loss 11.7614  logE[BER] -8.764  P_det_soft 0.2997  (40s)
  step 1475  JSR   -5.3  loss 14.9341  logE[BER] -5.217  P_det_soft 0.9717  (40s)
  step 1500  JSR  -16.2  loss 10.9734  logE[BER] -7.252  P_det_soft 0.3722  (41s)
  step 1525  JSR  -13.4  loss 10.9767  logE[BER] -6.748  P_det_soft 0.4229  (42s)
  step 1550  JSR   -1.3  loss 14.3920  logE[BER] -4.392  P_det_soft 1.0000  (42s)
  step 1575  JSR  -21.5  loss 24.4367  logE[BER] -21.851  P_det_soft 0.2586  (43s)
  step 1600  JSR   -2.6  loss 14.7526  logE[BER] -4.753  P_det_soft 1.0000  (44s)
  step 1625  JSR  -23.9  loss 40.7141  logE[BER] -38.341  P_det_soft 0.2373  (44s)
  step 1650  JSR  -18.1  loss 11.3056  logE[BER] -7.740  P_det_soft 0.3565  (45s)
  step 1675  JSR  -22.9  loss 21.4059  logE[BER] -18.983  P_det_soft 0.2423  (46s)
  step 1700  JSR  -13.6  loss 11.3240  logE[BER] -6.274  P_det_soft 0.5050  (46s)
  step 1725  JSR  -10.1  loss 13.9775  logE[BER] -5.678  P_det_soft 0.8299  (47s)
  step 1750  JSR  -17.9  loss 11.8463  logE[BER] -8.513  P_det_soft 0.3333  (48s)
  step 1775  JSR  -18.0  loss 12.2654  logE[BER] -8.116  P_det_soft 0.4149  (48s)
  step 1800  JSR  -10.2  loss 13.5625  logE[BER] -5.830  P_det_soft 0.7732  (49s)
  step 1825  JSR   -6.9  loss 14.8109  logE[BER] -5.189  P_det_soft 0.9622  (50s)
  step 1850  JSR   -0.8  loss 14.5459  logE[BER] -4.546  P_det_soft 1.0000  (50s)
  step 1875  JSR  -23.0  loss 30.3912  logE[BER] -27.491  P_det_soft 0.2900  (51s)
  step 1900  JSR   -4.7  loss 14.7922  logE[BER] -4.796  P_det_soft 0.9996  (52s)
  step 1925  JSR  -15.2  loss 11.9503  logE[BER] -6.300  P_det_soft 0.5650  (52s)
  step 1950  JSR  -15.7  loss 11.6524  logE[BER] -6.287  P_det_soft 0.5366  (53s)
  step 1975  JSR   -0.4  loss 14.2288  logE[BER] -4.229  P_det_soft 1.0000  (54s)
  step 2000  JSR  -14.0  loss 12.5885  logE[BER] -5.898  P_det_soft 0.6691  (54s)
  step 2025  JSR   -7.9  loss 14.6288  logE[BER] -5.307  P_det_soft 0.9321  (55s)
  step 2050  JSR  -12.8  loss 12.6322  logE[BER] -5.755  P_det_soft 0.6878  (56s)
  step 2075  JSR   -7.2  loss 15.2002  logE[BER] -5.268  P_det_soft 0.9932  (56s)
  step 2100  JSR  -23.2  loss 25.7189  logE[BER] -23.100  P_det_soft 0.2618  (57s)
  step 2125  JSR   -5.3  loss 14.8378  logE[BER] -4.935  P_det_soft 0.9903  (58s)
  step 2150  JSR  -24.3  loss 25.6291  logE[BER] -23.313  P_det_soft 0.2317  (58s)
  step 2175  JSR  -10.1  loss 14.8135  logE[BER] -5.701  P_det_soft 0.9112  (59s)
  step 2200  JSR  -24.9  loss 31.3103  logE[BER] -28.822  P_det_soft 0.2489  (60s)
  step 2225  JSR   -1.4  loss 14.6326  logE[BER] -4.633  P_det_soft 1.0000  (60s)
  step 2250  JSR  -17.2  loss 11.4791  logE[BER] -6.208  P_det_soft 0.5271  (61s)
  step 2275  JSR   -8.0  loss 14.5676  logE[BER] -4.632  P_det_soft 0.9936  (62s)
  step 2300  JSR   -6.8  loss 14.6517  logE[BER] -4.694  P_det_soft 0.9958  (62s)
  step 2325  JSR  -11.2  loss 14.5196  logE[BER] -5.514  P_det_soft 0.9005  (63s)
  step 2350  JSR  -13.1  loss 13.0430  logE[BER] -5.647  P_det_soft 0.7396  (64s)
  step 2375  JSR  -14.4  loss 12.4008  logE[BER] -5.784  P_det_soft 0.6617  (64s)
  step 2400  JSR  -14.8  loss 12.4116  logE[BER] -5.920  P_det_soft 0.6492  (65s)
  step 2425  JSR  -16.7  loss 11.6987  logE[BER] -6.134  P_det_soft 0.5565  (66s)
  step 2450  JSR   -9.2  loss 14.8809  logE[BER] -5.048  P_det_soft 0.9833  (66s)
  step 2475  JSR  -19.8  loss 11.0700  logE[BER] -7.065  P_det_soft 0.4005  (67s)
  step 2500  JSR   -4.9  loss 14.7329  logE[BER] -4.733  P_det_soft 1.0000  (68s)
  step 2525  JSR  -14.9  loss 12.0123  logE[BER] -5.767  P_det_soft 0.6246  (68s)
  step 2550  JSR  -25.1  loss 28.5914  logE[BER] -26.019  P_det_soft 0.2573  (69s)
  step 2575  JSR   -0.5  loss 14.1450  logE[BER] -4.145  P_det_soft 1.0000  (70s)
  step 2600  JSR  -15.8  loss 11.7222  logE[BER] -6.059  P_det_soft 0.5664  (70s)
  step 2625  JSR   -1.5  loss 14.3139  logE[BER] -4.314  P_det_soft 1.0000  (71s)
  step 2650  JSR  -18.6  loss 11.2636  logE[BER] -6.622  P_det_soft 0.4642  (72s)
  step 2675  JSR  -17.0  loss 10.9347  logE[BER] -6.385  P_det_soft 0.4550  (72s)
  step 2700  JSR   -1.0  loss 14.3069  logE[BER] -4.307  P_det_soft 1.0000  (73s)
  step 2725  JSR   -9.5  loss 14.7099  logE[BER] -5.256  P_det_soft 0.9454  (74s)
  step 2750  JSR  -13.8  loss 13.2994  logE[BER] -5.840  P_det_soft 0.7459  (75s)
  step 2775  JSR  -24.6  loss 20.3192  logE[BER] -17.366  P_det_soft 0.2953  (75s)
  step 2800  JSR  -18.2  loss 10.6887  logE[BER] -6.543  P_det_soft 0.4145  (76s)
  step 2825  JSR  -17.4  loss 11.6509  logE[BER] -6.186  P_det_soft 0.5465  (77s)
  step 2850  JSR  -19.9  loss 10.1412  logE[BER] -6.652  P_det_soft 0.3489  (77s)
  step 2875  JSR  -12.4  loss 14.0780  logE[BER] -5.571  P_det_soft 0.8507  (78s)
  step 2900  JSR   -7.8  loss 15.1961  logE[BER] -5.201  P_det_soft 0.9995  (79s)
  step 2925  JSR  -20.2  loss 11.0441  logE[BER] -6.971  P_det_soft 0.4074  (79s)
  step 2950  JSR  -18.4  loss 11.3436  logE[BER] -6.404  P_det_soft 0.4940  (80s)
  step 2975  JSR  -23.1  loss 13.0605  logE[BER] -10.187  P_det_soft 0.2873  (81s)
  step 3000  JSR   -6.9  loss 14.5167  logE[BER] -4.518  P_det_soft 0.9999  (81s)
  step 3025  JSR  -14.4  loss 13.0055  logE[BER] -5.741  P_det_soft 0.7264  (82s)
  step 3050  JSR   -0.0  loss 14.2028  logE[BER] -4.203  P_det_soft 1.0000  (83s)
  step 3075  JSR  -20.7  loss 10.3732  logE[BER] -6.902  P_det_soft 0.3471  (83s)
  step 3100  JSR  -14.2  loss 13.6226  logE[BER] -5.890  P_det_soft 0.7732  (84s)
  step 3125  JSR  -21.8  loss 11.2626  logE[BER] -8.060  P_det_soft 0.3203  (85s)
  step 3150  JSR  -25.0  loss 19.5962  logE[BER] -17.081  P_det_soft 0.2515  (85s)
  step 3175  JSR  -15.7  loss 12.4072  logE[BER] -5.974  P_det_soft 0.6434  (86s)
  step 3200  JSR  -23.6  loss 13.7373  logE[BER] -10.776  P_det_soft 0.2961  (87s)
  step 3225  JSR  -11.6  loss 14.7241  logE[BER] -5.466  P_det_soft 0.9258  (87s)
  step 3250  JSR  -15.5  loss 11.6669  logE[BER] -5.706  P_det_soft 0.5961  (88s)
  step 3275  JSR   -8.1  loss 15.1089  logE[BER] -5.147  P_det_soft 0.9961  (89s)
  step 3300  JSR  -13.2  loss 13.2807  logE[BER] -5.570  P_det_soft 0.7710  (89s)
  step 3325  JSR  -13.6  loss 12.6273  logE[BER] -5.563  P_det_soft 0.7065  (90s)
  step 3350  JSR   -3.0  loss 14.6437  logE[BER] -4.644  P_det_soft 1.0000  (91s)
  step 3375  JSR   -4.4  loss 14.6452  logE[BER] -4.645  P_det_soft 1.0000  (91s)
  step 3400  JSR  -16.4  loss 11.6170  logE[BER] -6.008  P_det_soft 0.5609  (92s)
  step 3425  JSR  -16.6  loss 11.3784  logE[BER] -5.882  P_det_soft 0.5497  (93s)
  step 3450  JSR   -5.6  loss 14.8360  logE[BER] -4.836  P_det_soft 1.0000  (93s)
  step 3475  JSR   -4.9  loss 14.8297  logE[BER] -4.830  P_det_soft 1.0000  (94s)
  step 3500  JSR   -7.8  loss 14.9349  logE[BER] -4.968  P_det_soft 0.9967  (95s)
  step 3525  JSR  -14.8  loss 12.9466  logE[BER] -5.792  P_det_soft 0.7155  (95s)
  step 3550  JSR  -18.8  loss 10.1700  logE[BER] -6.258  P_det_soft 0.3912  (96s)
  step 3575  JSR  -24.5  loss 17.5465  logE[BER] -14.786  P_det_soft 0.2761  (97s)
  step 3600  JSR  -10.9  loss 14.1021  logE[BER] -5.110  P_det_soft 0.8992  (97s)
  step 3625  JSR   -4.5  loss 14.5889  logE[BER] -4.589  P_det_soft 1.0000  (98s)
  step 3650  JSR  -12.4  loss 13.2751  logE[BER] -5.448  P_det_soft 0.7827  (99s)
  step 3675  JSR  -25.0  loss 21.5837  logE[BER] -19.004  P_det_soft 0.2580  (99s)
  step 3700  JSR  -12.7  loss 14.6445  logE[BER] -5.762  P_det_soft 0.8882  (100s)
  step 3725  JSR   -3.4  loss 14.5058  logE[BER] -4.506  P_det_soft 1.0000  (101s)
  step 3750  JSR   -5.5  loss 14.9051  logE[BER] -4.905  P_det_soft 1.0000  (101s)
  step 3775  JSR  -24.0  loss 15.0881  logE[BER] -12.697  P_det_soft 0.2391  (102s)
  step 3800  JSR   -3.1  loss 14.6517  logE[BER] -4.652  P_det_soft 1.0000  (103s)
  step 3825  JSR  -11.7  loss 14.2685  logE[BER] -5.494  P_det_soft 0.8775  (103s)
  step 3850  JSR   -5.9  loss 14.5581  logE[BER] -4.558  P_det_soft 1.0000  (104s)
  step 3875  JSR  -13.0  loss 14.1704  logE[BER] -5.662  P_det_soft 0.8509  (105s)
  step 3900  JSR  -10.8  loss 14.7557  logE[BER] -5.421  P_det_soft 0.9335  (105s)
  step 3925  JSR   -7.2  loss 15.0246  logE[BER] -5.026  P_det_soft 0.9998  (106s)
  step 3950  JSR   -8.7  loss 14.8361  logE[BER] -4.972  P_det_soft 0.9864  (107s)
  step 3975  JSR  -14.4  loss 13.0538  logE[BER] -5.749  P_det_soft 0.7304  (108s)
  step 3999  JSR  -18.0  loss 11.4102  logE[BER] -6.355  P_det_soft 0.5056  (108s)
wrote gan/energy_b10_r0_G.pt, gan/energy_b10_r0.json in 109s
