node: tikgpu04.ee.ethz.ch | gpu: NVIDIA TITAN RTX
env base = {'noise_unc_db': 0.0, 'rician_k_db': None} | task cnn_b10_grey_r0 = {'target': 'spec_cnn', 'beta': 10.0, 'cgan_task': 14, 'defender': 'cnn_s12'} | seed 4014 | band (-38.8, -6.8) | 32 frames/step | 4000 steps | init random | damage ber | device cuda:0
  target spec_cnn: threshold -1.58684, clean-frame std 1.23395 (soft_pdet width)
  step    0  JSR  -15.8  loss 103.7870  logE[BER] -94.077  P_det_soft 0.9710  (1s)
  step   25  JSR  -18.0  loss 53.8146  logE[BER] -46.899  P_det_soft 0.6916  (3s)
  step   50  JSR  -11.8  loss 19.7552  logE[BER] -9.813  P_det_soft 0.9943  (6s)
  step   75  JSR  -36.9  loss 125.7345  logE[BER] -124.320  P_det_soft 0.1414  (8s)
  step  100  JSR  -27.7  loss 102.5650  logE[BER] -100.135  P_det_soft 0.2429  (11s)
  step  125  JSR  -34.6  loss 124.1483  logE[BER] -122.331  P_det_soft 0.1818  (13s)
  step  150  JSR  -35.1  loss 123.2831  logE[BER] -121.742  P_det_soft 0.1541  (16s)
  step  175  JSR  -13.6  loss 22.5912  logE[BER] -12.665  P_det_soft 0.9926  (18s)
  step  200  JSR  -30.3  loss 108.0994  logE[BER] -106.110  P_det_soft 0.1989  (20s)
  step  225  JSR  -31.0  loss 113.6248  logE[BER] -111.976  P_det_soft 0.1649  (23s)
  step  250  JSR  -17.4  loss 41.8280  logE[BER] -33.656  P_det_soft 0.8172  (25s)
  step  275  JSR  -12.8  loss 23.0581  logE[BER] -13.123  P_det_soft 0.9935  (28s)
  step  300  JSR  -36.5  loss 124.0896  logE[BER] -123.109  P_det_soft 0.0981  (30s)
  step  325  JSR  -36.0  loss 123.8901  logE[BER] -122.408  P_det_soft 0.1482  (33s)
  step  350  JSR  -13.4  loss 18.8949  logE[BER] -9.046  P_det_soft 0.9849  (35s)
  step  375  JSR  -25.1  loss 81.7238  logE[BER] -79.024  P_det_soft 0.2699  (38s)
  step  400  JSR  -16.7  loss 29.1106  logE[BER] -20.544  P_det_soft 0.8567  (40s)
  step  425  JSR  -37.0  loss 123.4719  logE[BER] -121.459  P_det_soft 0.2013  (43s)
  step  450  JSR   -8.6  loss 16.1102  logE[BER] -6.179  P_det_soft 0.9931  (45s)
  step  475  JSR  -19.3  loss 58.7666  logE[BER] -52.341  P_det_soft 0.6425  (48s)
  step  500  JSR  -32.5  loss 112.2170  logE[BER] -111.185  P_det_soft 0.1032  (50s)
  step  525  JSR  -25.5  loss 93.3395  logE[BER] -90.808  P_det_soft 0.2531  (53s)
  step  550  JSR  -13.7  loss 21.8254  logE[BER] -11.943  P_det_soft 0.9883  (55s)
  step  575  JSR  -12.4  loss 16.8159  logE[BER] -6.882  P_det_soft 0.9933  (58s)
  step  600  JSR  -14.9  loss 21.3197  logE[BER] -11.523  P_det_soft 0.9797  (61s)
  step  625  JSR   -7.7  loss 15.8811  logE[BER] -5.931  P_det_soft 0.9950  (63s)
  step  650  JSR  -19.7  loss 57.2461  logE[BER] -51.446  P_det_soft 0.5800  (66s)
  step  675  JSR  -14.9  loss 16.8460  logE[BER] -7.162  P_det_soft 0.9684  (68s)
  step  700  JSR  -28.3  loss 90.5081  logE[BER] -88.717  P_det_soft 0.1791  (71s)
  step  725  JSR  -13.1  loss 18.9835  logE[BER] -9.060  P_det_soft 0.9923  (73s)
  step  750  JSR  -18.8  loss 38.3250  logE[BER] -31.320  P_det_soft 0.7005  (76s)
  step  775  JSR   -7.0  loss 15.7161  logE[BER] -5.784  P_det_soft 0.9932  (78s)
  step  800  JSR  -37.4  loss 124.3658  logE[BER] -122.683  P_det_soft 0.1682  (81s)
  step  825  JSR   -7.6  loss 16.1558  logE[BER] -6.208  P_det_soft 0.9947  (83s)
  step  850  JSR  -26.3  loss 82.3878  logE[BER] -80.194  P_det_soft 0.2194  (86s)
  step  875  JSR  -22.9  loss 46.7412  logE[BER] -43.836  P_det_soft 0.2905  (88s)
  step  900  JSR  -32.2  loss 105.3036  logE[BER] -103.714  P_det_soft 0.1590  (91s)
  step  925  JSR  -26.5  loss 70.9654  logE[BER] -69.303  P_det_soft 0.1662  (93s)
  step  950  JSR  -21.0  loss 40.1343  logE[BER] -36.245  P_det_soft 0.3889  (96s)
  step  975  JSR  -35.0  loss 120.1011  logE[BER] -118.674  P_det_soft 0.1427  (98s)
  step 1000  JSR  -25.0  loss 66.3663  logE[BER] -63.978  P_det_soft 0.2388  (101s)
  step 1025  JSR  -16.0  loss 19.3569  logE[BER] -9.968  P_det_soft 0.9389  (103s)
  step 1050  JSR  -34.6  loss 110.9189  logE[BER] -109.276  P_det_soft 0.1643  (106s)
  step 1075  JSR  -25.1  loss 65.2042  logE[BER] -62.620  P_det_soft 0.2585  (108s)
  step 1100  JSR  -38.6  loss 121.2512  logE[BER] -120.049  P_det_soft 0.1202  (111s)
  step 1125  JSR  -13.8  loss 16.4322  logE[BER] -6.611  P_det_soft 0.9821  (113s)
  step 1150  JSR  -12.2  loss 16.4775  logE[BER] -6.572  P_det_soft 0.9905  (116s)
  step 1175  JSR  -26.6  loss 71.5800  logE[BER] -69.700  P_det_soft 0.1880  (118s)
  step 1200  JSR  -12.5  loss 16.1293  logE[BER] -6.230  P_det_soft 0.9899  (121s)
  step 1225  JSR  -10.7  loss 16.0612  logE[BER] -6.119  P_det_soft 0.9942  (123s)
  step 1250  JSR  -11.0  loss 15.7462  logE[BER] -5.804  P_det_soft 0.9942  (126s)
  step 1275  JSR  -23.7  loss 52.2759  logE[BER] -49.581  P_det_soft 0.2695  (128s)
  step 1300  JSR  -15.1  loss 16.5591  logE[BER] -7.112  P_det_soft 0.9447  (131s)
  step 1325  JSR  -21.2  loss 20.5903  logE[BER] -17.314  P_det_soft 0.3277  (133s)
  step 1350  JSR  -32.3  loss 102.7326  logE[BER] -100.587  P_det_soft 0.2145  (136s)
  step 1375  JSR  -27.0  loss 58.6570  logE[BER] -56.838  P_det_soft 0.1819  (138s)
  step 1400  JSR  -22.9  loss 25.3536  logE[BER] -22.402  P_det_soft 0.2952  (141s)
  step 1425  JSR  -35.0  loss 97.5930  logE[BER] -96.268  P_det_soft 0.1325  (143s)
  step 1450  JSR  -29.5  loss 67.7735  logE[BER] -66.093  P_det_soft 0.1680  (146s)
  step 1475  JSR  -26.8  loss 38.0003  logE[BER] -35.989  P_det_soft 0.2011  (149s)
  step 1500  JSR  -37.3  loss 102.8970  logE[BER] -101.674  P_det_soft 0.1223  (151s)
  step 1525  JSR  -23.0  loss 27.0722  logE[BER] -24.024  P_det_soft 0.3048  (154s)
  step 1550  JSR  -37.3  loss 102.4229  logE[BER] -101.114  P_det_soft 0.1309  (156s)
  step 1575  JSR  -31.0  loss 67.9010  logE[BER] -66.477  P_det_soft 0.1424  (159s)
  step 1600  JSR  -25.1  loss 27.0897  logE[BER] -25.240  P_det_soft 0.1849  (161s)
  step 1625  JSR  -18.5  loss 10.9735  logE[BER] -6.474  P_det_soft 0.4499  (164s)
  step 1650  JSR  -31.0  loss 67.0745  logE[BER] -65.409  P_det_soft 0.1666  (166s)
  step 1675  JSR  -10.1  loss 15.4736  logE[BER] -5.531  P_det_soft 0.9942  (169s)
  step 1700  JSR  -24.9  loss 19.6889  logE[BER] -18.047  P_det_soft 0.1642  (171s)
  step 1725  JSR  -28.5  loss 48.5252  logE[BER] -47.110  P_det_soft 0.1415  (174s)
  step 1750  JSR  -31.9  loss 74.4827  logE[BER] -72.731  P_det_soft 0.1752  (176s)
  step 1775  JSR  -29.4  loss 55.7783  logE[BER] -53.979  P_det_soft 0.1799  (179s)
  step 1800  JSR  -29.4  loss 53.5750  logE[BER] -51.323  P_det_soft 0.2252  (181s)
  step 1825  JSR  -35.4  loss 89.2407  logE[BER] -87.248  P_det_soft 0.1992  (184s)
  step 1850  JSR  -17.9  loss 9.9354  logE[BER] -6.095  P_det_soft 0.3841  (186s)
  step 1875  JSR  -26.7  loss 31.7056  logE[BER] -29.915  P_det_soft 0.1790  (189s)
  step 1900  JSR   -6.9  loss 15.1743  logE[BER] -5.210  P_det_soft 0.9964  (191s)
  step 1925  JSR  -31.3  loss 63.5054  logE[BER] -61.965  P_det_soft 0.1541  (194s)
  step 1950  JSR  -16.0  loss 11.9680  logE[BER] -6.022  P_det_soft 0.5946  (197s)
  step 1975  JSR  -14.0  loss 12.9630  logE[BER] -5.862  P_det_soft 0.7101  (199s)
  step 2000  JSR  -18.1  loss 8.8221  logE[BER] -6.059  P_det_soft 0.2763  (202s)
  step 2025  JSR  -23.9  loss 16.8177  logE[BER] -14.910  P_det_soft 0.1908  (204s)
  step 2050  JSR  -22.6  loss 10.6543  logE[BER] -8.207  P_det_soft 0.2447  (207s)
  step 2075  JSR  -13.8  loss 12.6695  logE[BER] -5.628  P_det_soft 0.7042  (209s)
  step 2100  JSR  -18.5  loss 9.1600  logE[BER] -6.304  P_det_soft 0.2856  (212s)
  step 2125  JSR  -11.6  loss 13.6122  logE[BER] -5.234  P_det_soft 0.8379  (214s)
  step 2150  JSR  -30.1  loss 57.0585  logE[BER] -55.461  P_det_soft 0.1598  (217s)
  step 2175  JSR  -30.0  loss 53.5679  logE[BER] -52.302  P_det_soft 0.1266  (219s)
  step 2200  JSR  -26.0  loss 21.8404  logE[BER] -20.305  P_det_soft 0.1535  (222s)
  step 2225  JSR  -22.4  loss 11.5922  logE[BER] -9.651  P_det_soft 0.1941  (224s)
  step 2250  JSR  -37.2  loss 96.0367  logE[BER] -94.215  P_det_soft 0.1821  (227s)
  step 2275  JSR  -16.5  loss 10.3449  logE[BER] -5.952  P_det_soft 0.4393  (229s)
  step 2300  JSR  -30.0  loss 51.0554  logE[BER] -49.339  P_det_soft 0.1716  (232s)
  step 2325  JSR  -31.2  loss 66.1122  logE[BER] -64.472  P_det_soft 0.1640  (234s)
  step 2350  JSR  -11.7  loss 14.1162  logE[BER] -5.515  P_det_soft 0.8601  (237s)
  step 2375  JSR   -7.7  loss 15.1458  logE[BER] -5.228  P_det_soft 0.9918  (239s)
  step 2400  JSR  -18.8  loss 9.2466  logE[BER] -6.421  P_det_soft 0.2826  (242s)
  step 2425  JSR  -13.6  loss 11.6115  logE[BER] -5.749  P_det_soft 0.5862  (245s)
  step 2450  JSR  -20.1  loss 8.4580  logE[BER] -6.286  P_det_soft 0.2172  (247s)
  step 2475  JSR  -35.1  loss 86.3420  logE[BER] -84.584  P_det_soft 0.1758  (250s)
  step 2500  JSR  -19.6  loss 9.0492  logE[BER] -6.568  P_det_soft 0.2481  (252s)
  step 2525  JSR  -33.3  loss 75.9030  logE[BER] -74.737  P_det_soft 0.1166  (255s)
  step 2550  JSR  -13.0  loss 12.3483  logE[BER] -5.530  P_det_soft 0.6818  (257s)
  step 2575  JSR   -6.8  loss 14.9470  logE[BER] -4.991  P_det_soft 0.9956  (260s)
  step 2600  JSR  -15.0  loss 11.1165  logE[BER] -5.627  P_det_soft 0.5489  (262s)
  step 2625  JSR  -30.7  loss 55.6106  logE[BER] -54.394  P_det_soft 0.1217  (265s)
  step 2650  JSR  -28.4  loss 41.2361  logE[BER] -39.151  P_det_soft 0.2085  (267s)
  step 2675  JSR  -34.4  loss 84.1713  logE[BER] -82.684  P_det_soft 0.1487  (270s)
  step 2700  JSR  -13.7  loss 12.6432  logE[BER] -5.861  P_det_soft 0.6782  (272s)
  step 2725  JSR  -28.9  loss 42.6189  logE[BER] -41.147  P_det_soft 0.1472  (275s)
  step 2750  JSR  -33.2  loss 72.5867  logE[BER] -71.117  P_det_soft 0.1470  (277s)
  step 2775  JSR  -11.9  loss 14.0714  logE[BER] -5.585  P_det_soft 0.8486  (280s)
  step 2800  JSR  -22.3  loss 9.5484  logE[BER] -7.502  P_det_soft 0.2046  (282s)
  step 2825  JSR  -28.3  loss 39.7008  logE[BER] -37.766  P_det_soft 0.1935  (285s)
  step 2850  JSR  -38.1  loss 99.3070  logE[BER] -97.867  P_det_soft 0.1440  (288s)
  step 2875  JSR  -15.2  loss 10.2523  logE[BER] -5.816  P_det_soft 0.4436  (290s)
  step 2900  JSR  -24.8  loss 15.7959  logE[BER] -13.973  P_det_soft 0.1823  (293s)
  step 2925  JSR  -21.1  loss 8.5512  logE[BER] -6.741  P_det_soft 0.1811  (295s)
  step 2950  JSR  -13.0  loss 12.9446  logE[BER] -5.612  P_det_soft 0.7333  (298s)
  step 2975  JSR  -16.3  loss 8.7366  logE[BER] -5.710  P_det_soft 0.3026  (300s)
  step 3000  JSR  -14.5  loss 11.2354  logE[BER] -5.858  P_det_soft 0.5377  (303s)
  step 3025  JSR  -35.2  loss 82.9150  logE[BER] -81.827  P_det_soft 0.1088  (305s)
  step 3050  JSR  -33.0  loss 71.2125  logE[BER] -69.120  P_det_soft 0.2093  (308s)
  step 3075  JSR  -21.6  loss 8.4825  logE[BER] -7.259  P_det_soft 0.1224  (310s)
  step 3100  JSR  -25.8  loss 22.9109  logE[BER] -21.161  P_det_soft 0.1750  (313s)
  step 3125  JSR  -38.6  loss 99.5662  logE[BER] -98.358  P_det_soft 0.1208  (315s)
  step 3150  JSR  -11.5  loss 13.3508  logE[BER] -5.204  P_det_soft 0.8147  (318s)
  step 3175  JSR  -11.9  loss 13.8394  logE[BER] -5.489  P_det_soft 0.8351  (320s)
  step 3200  JSR  -36.8  loss 93.0077  logE[BER] -91.780  P_det_soft 0.1228  (323s)
  step 3225  JSR  -32.4  loss 67.9193  logE[BER] -66.585  P_det_soft 0.1335  (325s)
  step 3250  JSR  -37.7  loss 96.1012  logE[BER] -94.779  P_det_soft 0.1322  (328s)
  step 3275  JSR  -24.7  loss 18.0080  logE[BER] -15.898  P_det_soft 0.2110  (330s)
  step 3300  JSR  -15.9  loss 8.3355  logE[BER] -5.627  P_det_soft 0.2708  (333s)
  step 3325  JSR  -38.3  loss 98.6042  logE[BER] -96.551  P_det_soft 0.2053  (336s)
  step 3350  JSR  -31.1  loss 60.4135  logE[BER] -58.642  P_det_soft 0.1772  (338s)
  step 3375  JSR  -13.9  loss 10.8196  logE[BER] -5.447  P_det_soft 0.5372  (341s)
  step 3400  JSR  -15.0  loss 10.3963  logE[BER] -5.562  P_det_soft 0.4835  (343s)
  step 3425  JSR  -27.7  loss 32.3903  logE[BER] -30.670  P_det_soft 0.1720  (346s)
  step 3450  JSR  -35.1  loss 83.4017  logE[BER] -81.825  P_det_soft 0.1577  (348s)
  step 3475  JSR   -9.8  loss 14.7546  logE[BER] -5.515  P_det_soft 0.9240  (351s)
  step 3500  JSR  -35.2  loss 83.1683  logE[BER] -81.471  P_det_soft 0.1697  (353s)
  step 3525  JSR   -8.6  loss 14.9170  logE[BER] -5.125  P_det_soft 0.9792  (356s)
  step 3550  JSR   -9.9  loss 14.5131  logE[BER] -5.288  P_det_soft 0.9225  (358s)
  step 3575  JSR  -33.2  loss 71.6814  logE[BER] -69.769  P_det_soft 0.1912  (361s)
  step 3600  JSR  -29.0  loss 42.4154  logE[BER] -40.939  P_det_soft 0.1476  (363s)
  step 3625  JSR   -8.2  loss 15.0166  logE[BER] -5.194  P_det_soft 0.9823  (366s)
  step 3650  JSR  -31.7  loss 61.3283  logE[BER] -59.992  P_det_soft 0.1337  (368s)
  step 3675  JSR  -35.4  loss 84.8799  logE[BER] -83.227  P_det_soft 0.1653  (371s)
  step 3700  JSR  -27.8  loss 32.0150  logE[BER] -30.382  P_det_soft 0.1633  (373s)
  step 3725  JSR  -28.1  loss 39.7384  logE[BER] -38.543  P_det_soft 0.1195  (376s)
  step 3750  JSR  -25.2  loss 18.0287  logE[BER] -15.668  P_det_soft 0.2361  (379s)
  step 3775  JSR  -29.7  loss 48.1385  logE[BER] -46.473  P_det_soft 0.1665  (381s)
  step 3800  JSR   -9.1  loss 15.0781  logE[BER] -5.597  P_det_soft 0.9482  (384s)
  step 3825  JSR  -10.1  loss 14.5269  logE[BER] -5.467  P_det_soft 0.9060  (386s)
  step 3850  JSR  -22.7  loss 10.0418  logE[BER] -8.193  P_det_soft 0.1848  (389s)
  step 3875  JSR  -16.1  loss 9.2127  logE[BER] -5.731  P_det_soft 0.3482  (391s)
  step 3900  JSR  -21.9  loss 8.6389  logE[BER] -6.656  P_det_soft 0.1983  (394s)
  step 3925  JSR  -12.2  loss 11.8769  logE[BER] -5.158  P_det_soft 0.6719  (396s)
  step 3950  JSR  -13.9  loss 9.9690  logE[BER] -5.791  P_det_soft 0.4178  (399s)
  step 3975  JSR  -10.5  loss 14.1373  logE[BER] -5.394  P_det_soft 0.8744  (401s)
  step 3999  JSR  -24.2  loss 12.2133  logE[BER] -10.362  P_det_soft 0.1852  (404s)
wrote gan/cnn_b10_grey_r0_G.pt, gan/cnn_b10_grey_r0.json in 410s
