node: tikgpu04.ee.ethz.ch | gpu: NVIDIA TITAN RTX
env base = {'noise_unc_db': 0.0, 'rician_k_db': None} | task cnn_li_grey_r1 = {'target': 'spec_cnn', 'beta': 10.0, 'cgan_task': 14, 'damage': 'per', 'band': (-10.0, 0.0), 'init': 'cnn_b10_grey', 'defender': 'cnn_s12'} | seed 5014 | band (-10.0, 0.0) | 32 frames/step | 4000 steps | init ../artifacts/final/base/gan/cnn_b10_grey_r1_G.pt | damage per | device cuda:0
  target spec_cnn: threshold -1.58684, clean-frame std 1.23395 (soft_pdet width)
  step    0  JSR   -4.1  loss 10.1762  logE[PER] -0.208  P_det_soft 0.9969  (1s)
  step   25  JSR   -4.9  loss 10.0948  logE[PER] -0.135  P_det_soft 0.9960  (3s)
  step   50  JSR   -1.0  loss 10.0054  logE[PER] -0.057  P_det_soft 0.9949  (5s)
  step   75  JSR   -5.0  loss 9.9718  logE[PER] -0.034  P_det_soft 0.9938  (8s)
  step  100  JSR   -3.9  loss 10.0176  logE[PER] -0.098  P_det_soft 0.9919  (10s)
  step  125  JSR   -9.3  loss 10.1480  logE[PER] -0.298  P_det_soft 0.9850  (13s)
  step  150  JSR   -8.5  loss 9.9040  logE[PER] -0.100  P_det_soft 0.9804  (15s)
  step  175  JSR   -3.8  loss 9.6244  logE[PER] -0.014  P_det_soft 0.9611  (17s)
  step  200  JSR   -0.9  loss 9.4255  logE[PER] -0.035  P_det_soft 0.9391  (20s)
  step  225  JSR   -2.1  loss 9.0029  logE[PER] -0.000  P_det_soft 0.9003  (22s)
  step  250  JSR   -4.9  loss 8.9192  logE[PER] -0.004  P_det_soft 0.8915  (25s)
  step  275  JSR   -6.4  loss 8.9019  logE[PER] -0.083  P_det_soft 0.8819  (27s)
  step  300  JSR   -4.3  loss 8.1267  logE[PER] -0.065  P_det_soft 0.8062  (29s)
  step  325  JSR   -9.1  loss 10.4507  logE[PER] -1.316  P_det_soft 0.9135  (32s)
  step  350  JSR   -3.5  loss 7.3545  logE[PER] -0.000  P_det_soft 0.7355  (34s)
  step  375  JSR   -5.8  loss 7.7722  logE[PER] -0.085  P_det_soft 0.7687  (37s)
  step  400  JSR   -0.8  loss 6.0547  logE[PER] -0.038  P_det_soft 0.6017  (39s)
  step  425  JSR   -9.1  loss 10.7126  logE[PER] -1.596  P_det_soft 0.9116  (42s)
  step  450  JSR   -6.7  loss 8.2349  logE[PER] -0.207  P_det_soft 0.8028  (44s)
  step  475  JSR   -5.8  loss 7.3825  logE[PER] -0.201  P_det_soft 0.7182  (46s)
  step  500  JSR   -9.6  loss 11.3523  logE[PER] -2.017  P_det_soft 0.9335  (49s)
  step  525  JSR   -0.4  loss 4.9654  logE[PER] -0.031  P_det_soft 0.4934  (51s)
  step  550  JSR   -6.1  loss 7.3808  logE[PER] -0.175  P_det_soft 0.7206  (54s)
  step  575  JSR   -9.2  loss 9.9218  logE[PER] -0.830  P_det_soft 0.9092  (56s)
  step  600  JSR   -2.2  loss 4.6069  logE[PER] -0.000  P_det_soft 0.4607  (59s)
  step  625  JSR   -1.4  loss 4.4839  logE[PER] -0.009  P_det_soft 0.4475  (61s)
  step  650  JSR   -1.2  loss 4.2509  logE[PER] -0.156  P_det_soft 0.4095  (64s)
  step  675  JSR   -5.7  loss 6.8514  logE[PER] -0.079  P_det_soft 0.6772  (66s)
  step  700  JSR   -5.7  loss 6.8265  logE[PER] -0.238  P_det_soft 0.6588  (69s)
  step  725  JSR   -2.3  loss 4.6482  logE[PER] -0.028  P_det_soft 0.4620  (71s)
  step  750  JSR   -1.1  loss 3.6763  logE[PER] -0.000  P_det_soft 0.3676  (73s)
  step  775  JSR   -5.0  loss 6.1252  logE[PER] -0.077  P_det_soft 0.6048  (76s)
  step  800  JSR   -8.1  loss 9.2259  logE[PER] -0.680  P_det_soft 0.8546  (78s)
  step  825  JSR   -6.0  loss 7.0805  logE[PER] -0.247  P_det_soft 0.6833  (81s)
  step  850  JSR   -6.9  loss 8.1128  logE[PER] -0.324  P_det_soft 0.7789  (83s)
  step  875  JSR   -1.9  loss 3.7388  logE[PER] -0.084  P_det_soft 0.3655  (86s)
  step  900  JSR   -3.4  loss 4.3271  logE[PER] -0.101  P_det_soft 0.4227  (88s)
  step  925  JSR   -3.3  loss 4.3508  logE[PER] -0.143  P_det_soft 0.4208  (91s)
  step  950  JSR   -0.2  loss 3.6910  logE[PER] -0.033  P_det_soft 0.3658  (93s)
  step  975  JSR   -4.3  loss 5.4794  logE[PER] -0.158  P_det_soft 0.5321  (96s)
  step 1000  JSR   -5.1  loss 5.4755  logE[PER] -0.112  P_det_soft 0.5363  (98s)
  step 1025  JSR   -8.8  loss 9.8979  logE[PER] -1.222  P_det_soft 0.8676  (101s)
  step 1050  JSR   -9.6  loss 10.3014  logE[PER] -1.248  P_det_soft 0.9054  (103s)
  step 1075  JSR   -1.7  loss 3.4588  logE[PER] -0.065  P_det_soft 0.3394  (106s)
  step 1100  JSR   -8.9  loss 9.7609  logE[PER] -0.944  P_det_soft 0.8817  (108s)
  step 1125  JSR   -6.8  loss 7.5823  logE[PER] -0.402  P_det_soft 0.7181  (110s)
  step 1150  JSR   -4.4  loss 4.7445  logE[PER] -0.134  P_det_soft 0.4611  (113s)
  step 1175  JSR   -8.4  loss 9.1718  logE[PER] -0.773  P_det_soft 0.8399  (115s)
  step 1200  JSR   -7.8  loss 8.6065  logE[PER] -0.476  P_det_soft 0.8130  (118s)
  step 1225  JSR   -5.3  loss 5.9267  logE[PER] -0.144  P_det_soft 0.5783  (120s)
  step 1250  JSR   -3.0  loss 3.8816  logE[PER] -0.205  P_det_soft 0.3677  (123s)
  step 1275  JSR   -3.2  loss 4.0725  logE[PER] -0.178  P_det_soft 0.3895  (125s)
  step 1300  JSR   -6.7  loss 7.0968  logE[PER] -0.273  P_det_soft 0.6824  (128s)
  step 1325  JSR   -0.9  loss 2.9146  logE[PER] -0.051  P_det_soft 0.2864  (130s)
  step 1350  JSR   -9.6  loss 10.8681  logE[PER] -1.752  P_det_soft 0.9116  (133s)
  step 1375  JSR   -7.4  loss 8.4708  logE[PER] -0.786  P_det_soft 0.7685  (135s)
  step 1400  JSR   -0.8  loss 3.2570  logE[PER] -0.184  P_det_soft 0.3073  (138s)
  step 1425  JSR   -6.9  loss 7.7924  logE[PER] -0.606  P_det_soft 0.7186  (140s)
  step 1450  JSR   -4.1  loss 4.0272  logE[PER] -0.211  P_det_soft 0.3816  (143s)
  step 1475  JSR   -8.5  loss 9.3929  logE[PER] -0.798  P_det_soft 0.8595  (145s)
  step 1500  JSR   -2.7  loss 3.5390  logE[PER] -0.285  P_det_soft 0.3254  (148s)
  step 1525  JSR   -4.1  loss 4.4345  logE[PER] -0.330  P_det_soft 0.4104  (150s)
  step 1550  JSR   -7.7  loss 8.4592  logE[PER] -0.560  P_det_soft 0.7900  (153s)
  step 1575  JSR   -5.0  loss 5.2292  logE[PER] -0.232  P_det_soft 0.4997  (155s)
  step 1600  JSR   -5.6  loss 5.8927  logE[PER] -0.162  P_det_soft 0.5731  (158s)
  step 1625  JSR   -7.2  loss 7.9487  logE[PER] -0.475  P_det_soft 0.7473  (160s)
  step 1650  JSR   -0.7  loss 2.9965  logE[PER] -0.035  P_det_soft 0.2962  (162s)
  step 1675  JSR   -8.0  loss 9.0988  logE[PER] -1.032  P_det_soft 0.8067  (165s)
  step 1700  JSR   -8.3  loss 9.6218  logE[PER] -1.074  P_det_soft 0.8548  (167s)
  step 1725  JSR   -4.4  loss 4.6878  logE[PER] -0.079  P_det_soft 0.4609  (170s)
  step 1750  JSR   -7.8  loss 9.0618  logE[PER] -0.824  P_det_soft 0.8237  (172s)
  step 1775  JSR   -6.1  loss 6.7766  logE[PER] -0.376  P_det_soft 0.6401  (175s)
  step 1800  JSR   -6.0  loss 6.3406  logE[PER] -0.391  P_det_soft 0.5949  (177s)
  step 1825  JSR   -5.9  loss 6.6736  logE[PER] -0.426  P_det_soft 0.6248  (180s)
  step 1850  JSR   -0.8  loss 2.6340  logE[PER] -0.098  P_det_soft 0.2536  (182s)
  step 1875  JSR   -1.1  loss 2.4985  logE[PER] -0.208  P_det_soft 0.2291  (185s)
  step 1900  JSR   -4.1  loss 4.0181  logE[PER] -0.277  P_det_soft 0.3741  (187s)
  step 1925  JSR   -1.3  loss 2.7961  logE[PER] -0.122  P_det_soft 0.2674  (190s)
  step 1950  JSR   -4.9  loss 5.0235  logE[PER] -0.154  P_det_soft 0.4870  (192s)
  step 1975  JSR   -5.9  loss 6.0892  logE[PER] -0.220  P_det_soft 0.5870  (195s)
  step 2000  JSR   -5.7  loss 5.7928  logE[PER] -0.303  P_det_soft 0.5490  (197s)
  step 2025  JSR   -2.3  loss 3.2881  logE[PER] -0.171  P_det_soft 0.3118  (200s)
  step 2050  JSR   -8.0  loss 9.1310  logE[PER] -1.029  P_det_soft 0.8102  (202s)
  step 2075  JSR   -8.3  loss 9.5259  logE[PER] -1.223  P_det_soft 0.8303  (205s)
  step 2100  JSR   -3.1  loss 3.2013  logE[PER] -0.208  P_det_soft 0.2994  (207s)
  step 2125  JSR   -9.1  loss 9.8936  logE[PER] -1.219  P_det_soft 0.8675  (210s)
  step 2150  JSR   -2.0  loss 2.8541  logE[PER] -0.145  P_det_soft 0.2709  (212s)
  step 2175  JSR   -8.7  loss 9.3655  logE[PER] -0.883  P_det_soft 0.8483  (214s)
  step 2200  JSR   -3.4  loss 3.5079  logE[PER] -0.269  P_det_soft 0.3239  (217s)
  step 2225  JSR   -5.9  loss 5.8547  logE[PER] -0.181  P_det_soft 0.5673  (219s)
  step 2250  JSR   -7.7  loss 8.4064  logE[PER] -0.738  P_det_soft 0.7668  (222s)
  step 2275  JSR   -3.3  loss 3.1822  logE[PER] -0.109  P_det_soft 0.3074  (224s)
  step 2300  JSR   -6.2  loss 5.9223  logE[PER] -0.077  P_det_soft 0.5846  (227s)
  step 2325  JSR   -4.5  loss 4.1946  logE[PER] -0.178  P_det_soft 0.4017  (229s)
  step 2350  JSR   -1.4  loss 2.7348  logE[PER] -0.071  P_det_soft 0.2664  (232s)
  step 2375  JSR   -8.5  loss 9.1178  logE[PER] -0.993  P_det_soft 0.8124  (234s)
  step 2400  JSR   -0.7  loss 2.6791  logE[PER] -0.142  P_det_soft 0.2537  (237s)
  step 2425  JSR   -9.4  loss 10.3470  logE[PER] -1.614  P_det_soft 0.8733  (239s)
  step 2450  JSR   -5.7  loss 6.0789  logE[PER] -0.523  P_det_soft 0.5555  (242s)
  step 2475  JSR   -2.5  loss 3.2706  logE[PER] -0.271  P_det_soft 0.3000  (244s)
  step 2500  JSR   -9.1  loss 9.9378  logE[PER] -1.157  P_det_soft 0.8781  (247s)
  step 2525  JSR   -7.8  loss 8.4963  logE[PER] -0.566  P_det_soft 0.7931  (249s)
  step 2550  JSR   -2.3  loss 2.7940  logE[PER] -0.170  P_det_soft 0.2624  (252s)
  step 2575  JSR   -0.5  loss 2.4603  logE[PER] -0.084  P_det_soft 0.2376  (254s)
  step 2600  JSR   -6.5  loss 6.5972  logE[PER] -0.216  P_det_soft 0.6381  (257s)
  step 2625  JSR   -8.6  loss 9.6385  logE[PER] -1.232  P_det_soft 0.8407  (259s)
  step 2650  JSR   -5.8  loss 5.8957  logE[PER] -0.260  P_det_soft 0.5635  (261s)
  step 2675  JSR   -1.1  loss 2.2628  logE[PER] -0.066  P_det_soft 0.2197  (264s)
  step 2700  JSR   -3.4  loss 2.8286  logE[PER] -0.098  P_det_soft 0.2730  (266s)
  step 2725  JSR   -4.9  loss 4.4702  logE[PER] -0.281  P_det_soft 0.4189  (269s)
  step 2750  JSR   -0.3  loss 2.1616  logE[PER] -0.204  P_det_soft 0.1957  (271s)
  step 2775  JSR   -4.1  loss 3.7643  logE[PER] -0.238  P_det_soft 0.3527  (274s)
  step 2800  JSR   -6.6  loss 6.6467  logE[PER] -0.417  P_det_soft 0.6230  (276s)
  step 2825  JSR   -3.7  loss 3.3898  logE[PER] -0.270  P_det_soft 0.3120  (279s)
  step 2850  JSR   -2.4  loss 2.6027  logE[PER] -0.037  P_det_soft 0.2566  (281s)
  step 2875  JSR   -4.2  loss 3.7798  logE[PER] -0.197  P_det_soft 0.3583  (284s)
  step 2900  JSR   -0.6  loss 2.2241  logE[PER] -0.134  P_det_soft 0.2091  (286s)
  step 2925  JSR   -5.3  loss 5.4127  logE[PER] -0.215  P_det_soft 0.5198  (289s)
  step 2950  JSR   -1.7  loss 2.1539  logE[PER] -0.126  P_det_soft 0.2028  (291s)
  step 2975  JSR   -3.8  loss 3.9664  logE[PER] -0.074  P_det_soft 0.3893  (294s)
  step 3000  JSR   -8.7  loss 9.2281  logE[PER] -0.666  P_det_soft 0.8562  (296s)
  step 3025  JSR   -5.8  loss 5.4065  logE[PER] -0.219  P_det_soft 0.5188  (299s)
  step 3050  JSR   -3.3  loss 2.8296  logE[PER] -0.207  P_det_soft 0.2623  (301s)
  step 3075  JSR   -0.6  loss 2.4292  logE[PER] -0.074  P_det_soft 0.2355  (304s)
  step 3100  JSR   -6.3  loss 6.7230  logE[PER] -0.422  P_det_soft 0.6301  (306s)
  step 3125  JSR   -5.6  loss 5.5362  logE[PER] -0.292  P_det_soft 0.5244  (308s)
  step 3150  JSR   -2.7  loss 2.5041  logE[PER] -0.140  P_det_soft 0.2364  (311s)
  step 3175  JSR   -1.8  loss 2.1508  logE[PER] -0.206  P_det_soft 0.1944  (313s)
  step 3200  JSR   -0.5  loss 2.3501  logE[PER] -0.120  P_det_soft 0.2231  (316s)
  step 3225  JSR   -8.0  loss 8.6123  logE[PER] -0.918  P_det_soft 0.7694  (318s)
  step 3250  JSR   -1.1  loss 2.0313  logE[PER] -0.088  P_det_soft 0.1943  (321s)
  step 3275  JSR   -1.1  loss 2.2624  logE[PER] -0.099  P_det_soft 0.2164  (323s)
  step 3300  JSR   -0.6  loss 1.8980  logE[PER] -0.032  P_det_soft 0.1866  (326s)
  step 3325  JSR   -8.9  loss 9.9673  logE[PER] -1.430  P_det_soft 0.8537  (328s)
  step 3350  JSR   -3.1  loss 3.0525  logE[PER] -0.098  P_det_soft 0.2955  (331s)
  step 3375  JSR   -3.3  loss 2.9598  logE[PER] -0.126  P_det_soft 0.2833  (333s)
  step 3400  JSR   -6.0  loss 5.4979  logE[PER] -0.469  P_det_soft 0.5029  (336s)
  step 3425  JSR   -5.5  loss 4.9773  logE[PER] -0.153  P_det_soft 0.4824  (338s)
  step 3450  JSR   -0.6  loss 2.0334  logE[PER] -0.099  P_det_soft 0.1935  (341s)
  step 3475  JSR   -8.3  loss 8.7161  logE[PER] -0.786  P_det_soft 0.7930  (343s)
  step 3500  JSR   -7.3  loss 7.7100  logE[PER] -0.523  P_det_soft 0.7187  (346s)
  step 3525  JSR   -8.4  loss 8.7778  logE[PER] -0.685  P_det_soft 0.8092  (348s)
  step 3550  JSR   -9.6  loss 10.0120  logE[PER] -1.283  P_det_soft 0.8729  (351s)
  step 3575  JSR   -5.2  loss 4.1821  logE[PER] -0.141  P_det_soft 0.4041  (353s)
  step 3600  JSR   -1.8  loss 2.3803  logE[PER] -0.133  P_det_soft 0.2247  (355s)
  step 3625  JSR   -0.6  loss 2.4718  logE[PER] -0.098  P_det_soft 0.2373  (358s)
  step 3650  JSR   -5.3  loss 5.0722  logE[PER] -0.133  P_det_soft 0.4939  (360s)
  step 3675  JSR   -0.2  loss 1.9894  logE[PER] -0.018  P_det_soft 0.1972  (363s)
  step 3700  JSR   -2.6  loss 2.2972  logE[PER] -0.234  P_det_soft 0.2063  (365s)
  step 3725  JSR   -9.2  loss 10.5057  logE[PER] -1.913  P_det_soft 0.8592  (368s)
  step 3750  JSR   -3.8  loss 3.8817  logE[PER] -0.247  P_det_soft 0.3634  (370s)
  step 3775  JSR   -7.4  loss 7.6406  logE[PER] -0.471  P_det_soft 0.7170  (373s)
  step 3800  JSR   -0.3  loss 2.4292  logE[PER] -0.038  P_det_soft 0.2391  (375s)
  step 3825  JSR   -7.1  loss 7.1237  logE[PER] -0.691  P_det_soft 0.6433  (378s)
  step 3850  JSR   -4.9  loss 3.9826  logE[PER] -0.214  P_det_soft 0.3769  (380s)
  step 3875  JSR   -6.1  loss 5.5128  logE[PER] -0.224  P_det_soft 0.5289  (383s)
  step 3900  JSR   -9.6  loss 11.0412  logE[PER] -2.278  P_det_soft 0.8764  (385s)
  step 3925  JSR   -2.7  loss 2.4888  logE[PER] -0.065  P_det_soft 0.2424  (388s)
  step 3950  JSR   -3.4  loss 2.8374  logE[PER] -0.154  P_det_soft 0.2684  (390s)
  step 3975  JSR   -7.2  loss 7.1768  logE[PER] -0.410  P_det_soft 0.6767  (393s)
  step 3999  JSR   -0.6  loss 1.7546  logE[PER] -0.173  P_det_soft 0.1582  (395s)
wrote gan/cnn_li_grey_r1_G.pt, gan/cnn_li_grey_r1.json in 401s
