node: tikgpu04.ee.ethz.ch | gpu: NVIDIA TITAN RTX
env base = {'noise_unc_db': 0.0, 'rician_k_db': None} | task cnn_li_grey_r0 = {'target': 'spec_cnn', 'beta': 10.0, 'cgan_task': 14, 'damage': 'per', 'band': (-10.0, 0.0), 'init': 'cnn_b10_grey', 'defender': 'cnn_s12'} | seed 4014 | band (-10.0, 0.0) | 32 frames/step | 4000 steps | init ../artifacts/final/base/gan/cnn_b10_grey_r0_G.pt | damage per | device cuda:0
  target spec_cnn: threshold -1.58684, clean-frame std 1.23395 (soft_pdet width)
  step    0  JSR   -2.8  loss 9.9959  logE[PER] -0.032  P_det_soft 0.9964  (1s)
  step   25  JSR   -3.5  loss 10.2061  logE[PER] -0.244  P_det_soft 0.9962  (3s)
  step   50  JSR   -1.6  loss 9.9973  logE[PER] -0.032  P_det_soft 0.9966  (6s)
  step   75  JSR   -9.4  loss 10.0881  logE[PER] -0.249  P_det_soft 0.9840  (8s)
  step  100  JSR   -6.5  loss 10.1906  logE[PER] -0.243  P_det_soft 0.9947  (10s)
  step  125  JSR   -8.7  loss 10.1093  logE[PER] -0.179  P_det_soft 0.9930  (13s)
  step  150  JSR   -8.8  loss 10.1142  logE[PER] -0.192  P_det_soft 0.9922  (15s)
  step  175  JSR   -2.1  loss 9.9628  logE[PER] -0.032  P_det_soft 0.9931  (18s)
  step  200  JSR   -7.4  loss 9.9795  logE[PER] -0.032  P_det_soft 0.9948  (21s)
  step  225  JSR   -7.6  loss 9.9071  logE[PER] -0.000  P_det_soft 0.9907  (23s)
  step  250  JSR   -3.3  loss 9.9610  logE[PER] -0.057  P_det_soft 0.9904  (26s)
  step  275  JSR   -1.9  loss 9.8906  logE[PER] -0.032  P_det_soft 0.9859  (28s)
  step  300  JSR   -9.3  loss 9.8901  logE[PER] -0.123  P_det_soft 0.9767  (31s)
  step  325  JSR   -9.1  loss 9.9054  logE[PER] -0.139  P_det_soft 0.9766  (33s)
  step  350  JSR   -2.1  loss 9.6225  logE[PER] -0.000  P_det_soft 0.9622  (36s)
  step  375  JSR   -5.7  loss 9.6473  logE[PER] -0.118  P_det_soft 0.9529  (38s)
  step  400  JSR   -3.1  loss 9.2962  logE[PER] -0.065  P_det_soft 0.9232  (41s)
  step  425  JSR   -9.5  loss 9.7700  logE[PER] -0.297  P_det_soft 0.9473  (43s)
  step  450  JSR   -0.6  loss 8.8124  logE[PER] -0.002  P_det_soft 0.8810  (46s)
  step  475  JSR   -3.9  loss 8.7007  logE[PER] -0.120  P_det_soft 0.8581  (48s)
  step  500  JSR   -8.0  loss 9.7102  logE[PER] -0.537  P_det_soft 0.9173  (51s)
  step  525  JSR   -5.8  loss 8.3112  logE[PER] -0.070  P_det_soft 0.8242  (53s)
  step  550  JSR   -2.1  loss 7.4315  logE[PER] -0.065  P_det_soft 0.7367  (56s)
  step  575  JSR   -1.8  loss 6.7839  logE[PER] -0.000  P_det_soft 0.6784  (58s)
  step  600  JSR   -2.5  loss 6.9499  logE[PER] -0.032  P_det_soft 0.6918  (61s)
  step  625  JSR   -0.3  loss 6.2356  logE[PER] -0.037  P_det_soft 0.6199  (63s)
  step  650  JSR   -4.0  loss 6.5610  logE[PER] -0.117  P_det_soft 0.6444  (66s)
  step  675  JSR   -2.5  loss 5.6218  logE[PER] -0.022  P_det_soft 0.5600  (68s)
  step  700  JSR   -6.7  loss 8.2775  logE[PER] -0.191  P_det_soft 0.8086  (71s)
  step  725  JSR   -2.0  loss 4.3630  logE[PER] -0.098  P_det_soft 0.4265  (73s)
  step  750  JSR   -3.8  loss 5.7969  logE[PER] -0.156  P_det_soft 0.5640  (76s)
  step  775  JSR   -0.1  loss 4.1015  logE[PER] -0.000  P_det_soft 0.4102  (79s)
  step  800  JSR   -9.6  loss 9.5217  logE[PER] -0.954  P_det_soft 0.8568  (81s)
  step  825  JSR   -0.2  loss 4.1378  logE[PER] -0.068  P_det_soft 0.4070  (84s)
  step  850  JSR   -6.1  loss 7.3425  logE[PER] -0.575  P_det_soft 0.6767  (86s)
  step  875  JSR   -5.0  loss 5.5794  logE[PER] -0.359  P_det_soft 0.5220  (89s)
  step  900  JSR   -7.9  loss 8.8504  logE[PER] -0.792  P_det_soft 0.8059  (91s)
  step  925  JSR   -6.1  loss 6.1992  logE[PER] -0.245  P_det_soft 0.5954  (94s)
  step  950  JSR   -4.4  loss 4.7684  logE[PER] -0.328  P_det_soft 0.4440  (96s)
  step  975  JSR   -8.8  loss 11.0009  logE[PER] -2.261  P_det_soft 0.8740  (99s)
  step 1000  JSR   -5.7  loss 6.3744  logE[PER] -0.581  P_det_soft 0.5793  (101s)
  step 1025  JSR   -2.9  loss 2.8745  logE[PER] -0.231  P_det_soft 0.2644  (104s)
  step 1050  JSR   -8.7  loss 9.4827  logE[PER] -1.084  P_det_soft 0.8398  (106s)
  step 1075  JSR   -5.7  loss 6.0798  logE[PER] -0.507  P_det_soft 0.5573  (109s)
  step 1100  JSR   -9.9  loss 10.9663  logE[PER] -2.078  P_det_soft 0.8888  (111s)
  step 1125  JSR   -2.2  loss 2.1761  logE[PER] -0.081  P_det_soft 0.2095  (114s)
  step 1150  JSR   -1.7  loss 2.0269  logE[PER] -0.167  P_det_soft 0.1860  (117s)
  step 1175  JSR   -6.2  loss 6.1205  logE[PER] -0.597  P_det_soft 0.5523  (119s)
  step 1200  JSR   -1.8  loss 2.1935  logE[PER] -0.216  P_det_soft 0.1978  (122s)
  step 1225  JSR   -1.2  loss 1.5683  logE[PER] -0.111  P_det_soft 0.1458  (124s)
  step 1250  JSR   -1.3  loss 1.8757  logE[PER] -0.073  P_det_soft 0.1803  (127s)
  step 1275  JSR   -5.3  loss 4.9149  logE[PER] -0.386  P_det_soft 0.4528  (129s)
  step 1300  JSR   -2.6  loss 2.3321  logE[PER] -0.177  P_det_soft 0.2155  (132s)
  step 1325  JSR   -4.5  loss 3.3203  logE[PER] -0.179  P_det_soft 0.3141  (134s)
  step 1350  JSR   -8.0  loss 8.3021  logE[PER] -0.754  P_det_soft 0.7548  (137s)
  step 1375  JSR   -6.3  loss 4.6021  logE[PER] -0.367  P_det_soft 0.4235  (139s)
  step 1400  JSR   -5.0  loss 3.7053  logE[PER] -0.390  P_det_soft 0.3315  (142s)
  step 1425  JSR   -8.8  loss 9.1480  logE[PER] -1.509  P_det_soft 0.7639  (144s)
  step 1450  JSR   -7.1  loss 6.2918  logE[PER] -0.478  P_det_soft 0.5814  (147s)
  step 1475  JSR   -6.3  loss 6.1394  logE[PER] -0.722  P_det_soft 0.5417  (149s)
  step 1500  JSR   -9.5  loss 10.1057  logE[PER] -1.331  P_det_soft 0.8775  (152s)
  step 1525  JSR   -5.0  loss 3.4889  logE[PER] -0.421  P_det_soft 0.3068  (155s)
  step 1550  JSR   -9.5  loss 9.8687  logE[PER] -1.376  P_det_soft 0.8493  (157s)
  step 1575  JSR   -7.6  loss 6.2888  logE[PER] -0.727  P_det_soft 0.5562  (160s)
  step 1600  JSR   -5.7  loss 4.3978  logE[PER] -0.409  P_det_soft 0.3988  (162s)
  step 1625  JSR   -3.7  loss 2.3608  logE[PER] -0.288  P_det_soft 0.2073  (165s)
  step 1650  JSR   -7.6  loss 7.0687  logE[PER] -0.914  P_det_soft 0.6155  (167s)
  step 1675  JSR   -1.0  loss 1.6947  logE[PER] -0.094  P_det_soft 0.1601  (170s)
  step 1700  JSR   -5.6  loss 3.7401  logE[PER] -0.303  P_det_soft 0.3437  (172s)
  step 1725  JSR   -6.8  loss 5.8500  logE[PER] -0.581  P_det_soft 0.5269  (175s)
  step 1750  JSR   -7.8  loss 7.5662  logE[PER] -0.786  P_det_soft 0.6781  (177s)
  step 1775  JSR   -7.1  loss 5.2948  logE[PER] -0.512  P_det_soft 0.4783  (180s)
  step 1800  JSR   -7.0  loss 6.8107  logE[PER] -0.771  P_det_soft 0.6040  (182s)
  step 1825  JSR   -8.9  loss 9.6505  logE[PER] -1.676  P_det_soft 0.7974  (185s)
  step 1850  JSR   -3.5  loss 2.0061  logE[PER] -0.117  P_det_soft 0.1889  (188s)
  step 1875  JSR   -6.2  loss 4.3563  logE[PER] -0.405  P_det_soft 0.3952  (190s)
  step 1900  JSR   -0.0  loss 2.6669  logE[PER] -0.223  P_det_soft 0.2444  (193s)
  step 1925  JSR   -7.7  loss 6.4372  logE[PER] -0.538  P_det_soft 0.5899  (195s)
  step 1950  JSR   -2.9  loss 2.0346  logE[PER] -0.305  P_det_soft 0.1730  (198s)
  step 1975  JSR   -2.2  loss 1.8535  logE[PER] -0.203  P_det_soft 0.1650  (200s)
  step 2000  JSR   -3.5  loss 1.4997  logE[PER] -0.094  P_det_soft 0.1405  (203s)
  step 2025  JSR   -5.4  loss 3.0423  logE[PER] -0.235  P_det_soft 0.2807  (205s)
  step 2050  JSR   -4.9  loss 2.7848  logE[PER] -0.129  P_det_soft 0.2656  (208s)
  step 2075  JSR   -2.2  loss 1.7270  logE[PER] -0.141  P_det_soft 0.1586  (210s)
  step 2100  JSR   -3.7  loss 1.8728  logE[PER] -0.153  P_det_soft 0.1720  (213s)
  step 2125  JSR   -1.5  loss 1.5427  logE[PER] -0.172  P_det_soft 0.1371  (215s)
  step 2150  JSR   -7.3  loss 5.8933  logE[PER] -0.665  P_det_soft 0.5228  (218s)
  step 2175  JSR   -7.2  loss 5.6394  logE[PER] -0.658  P_det_soft 0.4982  (220s)
  step 2200  JSR   -6.0  loss 3.6211  logE[PER] -0.262  P_det_soft 0.3360  (223s)
  step 2225  JSR   -4.9  loss 2.5949  logE[PER] -0.251  P_det_soft 0.2344  (226s)
  step 2250  JSR   -9.5  loss 9.0850  logE[PER] -1.315  P_det_soft 0.7770  (228s)
  step 2275  JSR   -3.0  loss 2.0632  logE[PER] -0.325  P_det_soft 0.1739  (231s)
  step 2300  JSR   -7.3  loss 6.1397  logE[PER] -0.708  P_det_soft 0.5432  (233s)
  step 2325  JSR   -7.6  loss 6.3323  logE[PER] -1.220  P_det_soft 0.5112  (236s)
  step 2350  JSR   -1.5  loss 1.3942  logE[PER] -0.160  P_det_soft 0.1234  (238s)
  step 2375  JSR   -0.3  loss 1.2865  logE[PER] -0.099  P_det_soft 0.1188  (241s)
  step 2400  JSR   -3.7  loss 1.5074  logE[PER] -0.233  P_det_soft 0.1274  (243s)
  step 2425  JSR   -2.1  loss 1.4278  logE[PER] -0.089  P_det_soft 0.1338  (246s)
  step 2450  JSR   -4.1  loss 1.8581  logE[PER] -0.164  P_det_soft 0.1694  (248s)
  step 2475  JSR   -8.8  loss 8.2076  logE[PER] -1.155  P_det_soft 0.7052  (251s)
  step 2500  JSR   -4.0  loss 1.7642  logE[PER] -0.226  P_det_soft 0.1539  (253s)
  step 2525  JSR   -8.3  loss 7.7816  logE[PER] -0.809  P_det_soft 0.6972  (256s)
  step 2550  JSR   -1.9  loss 1.4919  logE[PER] -0.127  P_det_soft 0.1365  (258s)
  step 2575  JSR   -0.0  loss 1.8607  logE[PER] -0.123  P_det_soft 0.1738  (261s)
  step 2600  JSR   -2.6  loss 1.1747  logE[PER] -0.170  P_det_soft 0.1005  (264s)
  step 2625  JSR   -7.5  loss 6.1272  logE[PER] -0.693  P_det_soft 0.5434  (266s)
  step 2650  JSR   -6.7  loss 4.5197  logE[PER] -0.710  P_det_soft 0.3810  (269s)
  step 2675  JSR   -8.6  loss 7.5739  logE[PER] -1.065  P_det_soft 0.6508  (271s)
  step 2700  JSR   -2.2  loss 1.2904  logE[PER] -0.170  P_det_soft 0.1120  (274s)
  step 2725  JSR   -6.9  loss 4.5703  logE[PER] -0.423  P_det_soft 0.4148  (276s)
  step 2750  JSR   -8.2  loss 7.1630  logE[PER] -1.128  P_det_soft 0.6035  (279s)
  step 2775  JSR   -1.6  loss 1.1248  logE[PER] -0.084  P_det_soft 0.1040  (281s)
  step 2800  JSR   -4.9  loss 2.0548  logE[PER] -0.302  P_det_soft 0.1753  (284s)
  step 2825  JSR   -6.7  loss 4.4235  logE[PER] -0.577  P_det_soft 0.3846  (286s)
  step 2850  JSR   -9.8  loss 8.5209  logE[PER] -1.279  P_det_soft 0.7242  (289s)
  step 2875  JSR   -2.6  loss 1.4424  logE[PER] -0.285  P_det_soft 0.1158  (291s)
  step 2900  JSR   -5.6  loss 2.9759  logE[PER] -0.435  P_det_soft 0.2541  (294s)
  step 2925  JSR   -4.5  loss 1.6883  logE[PER] -0.209  P_det_soft 0.1479  (297s)
  step 2950  JSR   -1.9  loss 1.3419  logE[PER] -0.135  P_det_soft 0.1207  (299s)
  step 2975  JSR   -3.0  loss 1.2396  logE[PER] -0.024  P_det_soft 0.1216  (302s)
  step 3000  JSR   -2.4  loss 1.0864  logE[PER] -0.073  P_det_soft 0.1013  (304s)
  step 3025  JSR   -8.9  loss 7.4472  logE[PER] -0.951  P_det_soft 0.6496  (307s)
  step 3050  JSR   -8.2  loss 6.9415  logE[PER] -0.713  P_det_soft 0.6229  (309s)
  step 3075  JSR   -4.6  loss 1.7715  logE[PER] -0.170  P_det_soft 0.1602  (312s)
  step 3100  JSR   -5.9  loss 3.3192  logE[PER] -0.495  P_det_soft 0.2824  (314s)
  step 3125  JSR   -9.9  loss 9.2774  logE[PER] -1.880  P_det_soft 0.7397  (317s)
  step 3150  JSR   -1.5  loss 1.1106  logE[PER] -0.034  P_det_soft 0.1077  (319s)
  step 3175  JSR   -1.6  loss 1.4309  logE[PER] -0.328  P_det_soft 0.1103  (322s)
  step 3200  JSR   -9.4  loss 8.9256  logE[PER] -1.334  P_det_soft 0.7592  (324s)
  step 3225  JSR   -8.0  loss 6.4768  logE[PER] -0.665  P_det_soft 0.5812  (327s)
  step 3250  JSR   -9.6  loss 8.2510  logE[PER] -1.282  P_det_soft 0.6969  (329s)
  step 3275  JSR   -5.6  loss 2.4811  logE[PER] -0.207  P_det_soft 0.2274  (332s)
  step 3300  JSR   -2.8  loss 1.2565  logE[PER] -0.071  P_det_soft 0.1185  (335s)
  step 3325  JSR   -9.8  loss 9.3887  logE[PER] -1.638  P_det_soft 0.7750  (337s)
  step 3350  JSR   -7.6  loss 5.3730  logE[PER] -1.099  P_det_soft 0.4274  (340s)
  step 3375  JSR   -2.2  loss 1.1547  logE[PER] -0.170  P_det_soft 0.0985  (342s)
  step 3400  JSR   -2.6  loss 1.2014  logE[PER] -0.222  P_det_soft 0.0979  (345s)
  step 3425  JSR   -6.5  loss 3.8044  logE[PER] -0.266  P_det_soft 0.3538  (347s)
  step 3450  JSR   -8.8  loss 7.5157  logE[PER] -1.142  P_det_soft 0.6374  (350s)
  step 3475  JSR   -0.9  loss 1.4396  logE[PER] -0.092  P_det_soft 0.1348  (352s)
  step 3500  JSR   -8.9  loss 7.3564  logE[PER] -1.085  P_det_soft 0.6271  (355s)
  step 3525  JSR   -0.5  loss 1.3292  logE[PER] -0.032  P_det_soft 0.1297  (357s)
  step 3550  JSR   -1.0  loss 1.0107  logE[PER] -0.099  P_det_soft 0.0912  (360s)
  step 3575  JSR   -8.3  loss 6.7878  logE[PER] -0.822  P_det_soft 0.5966  (362s)
  step 3600  JSR   -6.9  loss 4.6639  logE[PER] -0.594  P_det_soft 0.4070  (365s)
  step 3625  JSR   -0.4  loss 1.2056  logE[PER] -0.099  P_det_soft 0.1107  (368s)
  step 3650  JSR   -7.8  loss 5.8767  logE[PER] -0.597  P_det_soft 0.5279  (370s)
  step 3675  JSR   -8.9  loss 7.7765  logE[PER] -0.866  P_det_soft 0.6910  (373s)
  step 3700  JSR   -6.6  loss 3.8549  logE[PER] -0.335  P_det_soft 0.3520  (375s)
  step 3725  JSR   -6.6  loss 4.1626  logE[PER] -0.386  P_det_soft 0.3776  (378s)
  step 3750  JSR   -5.8  loss 3.5556  logE[PER] -0.348  P_det_soft 0.3208  (380s)
  step 3775  JSR   -7.2  loss 4.6988  logE[PER] -0.529  P_det_soft 0.4170  (383s)
  step 3800  JSR   -0.7  loss 1.1511  logE[PER] -0.171  P_det_soft 0.0980  (385s)
  step 3825  JSR   -1.0  loss 1.3241  logE[PER] -0.247  P_det_soft 0.1077  (388s)
  step 3850  JSR   -5.0  loss 2.1842  logE[PER] -0.285  P_det_soft 0.1900  (390s)
  step 3875  JSR   -2.9  loss 1.2659  logE[PER] -0.162  P_det_soft 0.1104  (393s)
  step 3900  JSR   -4.7  loss 1.9208  logE[PER] -0.174  P_det_soft 0.1746  (395s)
  step 3925  JSR   -1.7  loss 0.8930  logE[PER] -0.032  P_det_soft 0.0861  (398s)
  step 3950  JSR   -2.2  loss 1.2018  logE[PER] -0.150  P_det_soft 0.1052  (400s)
  step 3975  JSR   -1.1  loss 1.0474  logE[PER] -0.107  P_det_soft 0.0940  (403s)
  step 3999  JSR   -5.4  loss 2.3506  logE[PER] -0.242  P_det_soft 0.2108  (405s)
wrote gan/cnn_li_grey_r0_G.pt, gan/cnn_li_grey_r0.json in 412s
