node: tikgpu05.ee.ethz.ch | gpu: NVIDIA TITAN RTX
env both = {'noise_unc_db': 0.5, 'rician_k_db': 12.0} | SNR 15 dB (Es/N0 24.03 dB) | device cuda:0 | full
spectrogram scale: vmin -29.51 dB, vmax 40.09 dB
dataset: 1578 frames (1105 train / 473 val), 3s
epoch   1  train loss 0.6819 acc 0.5611 | val loss 0.6687 acc 0.6448  (11s)
epoch   2  train loss 0.6552 acc 0.6561 | val loss 0.6420 acc 0.6934  (16s)
epoch   3  train loss 0.6310 acc 0.7023 | val loss 0.6160 acc 0.7273  (20s)
epoch   4  train loss 0.6207 acc 0.7303 | val loss 0.5937 acc 0.7400  (25s)
epoch   5  train loss 0.5959 acc 0.7457 | val loss 0.5732 acc 0.7696  (30s)
epoch   6  train loss 0.5793 acc 0.7611 | val loss 0.5580 acc 0.7822  (34s)
epoch   7  train loss 0.5641 acc 0.7747 | val loss 0.5399 acc 0.7949  (39s)
epoch   8  train loss 0.5463 acc 0.7810 | val loss 0.5223 acc 0.7928  (44s)
epoch   9  train loss 0.5351 acc 0.7882 | val loss 0.5068 acc 0.8034  (48s)
epoch  10  train loss 0.5259 acc 0.7919 | val loss 0.4970 acc 0.8118  (53s)
epoch  11  train loss 0.5124 acc 0.7928 | val loss 0.4856 acc 0.8097  (58s)
epoch  12  train loss 0.5058 acc 0.7828 | val loss 0.4737 acc 0.8182  (62s)
epoch  13  train loss 0.4900 acc 0.8000 | val loss 0.4609 acc 0.8055  (67s)
epoch  14  train loss 0.4842 acc 0.7991 | val loss 0.4509 acc 0.8182  (72s)
epoch  15  train loss 0.4688 acc 0.8172 | val loss 0.4394 acc 0.8118  (76s)
epoch  16  train loss 0.4624 acc 0.8072 | val loss 0.4284 acc 0.8309  (81s)
epoch  17  train loss 0.4514 acc 0.8217 | val loss 0.4211 acc 0.8266  (86s)
epoch  18  train loss 0.4406 acc 0.8262 | val loss 0.4143 acc 0.8393  (90s)
epoch  19  train loss 0.4304 acc 0.8262 | val loss 0.4069 acc 0.8330  (95s)
epoch  20  train loss 0.4360 acc 0.8072 | val loss 0.3991 acc 0.8372  (100s)
epoch  21  train loss 0.4242 acc 0.8253 | val loss 0.3931 acc 0.8436  (105s)
epoch  22  train loss 0.4184 acc 0.8262 | val loss 0.3845 acc 0.8457  (109s)
epoch  23  train loss 0.4059 acc 0.8371 | val loss 0.3815 acc 0.8478  (114s)
epoch  24  train loss 0.4088 acc 0.8344 | val loss 0.3749 acc 0.8414  (119s)
epoch  25  train loss 0.3924 acc 0.8407 | val loss 0.3705 acc 0.8436  (124s)
epoch  26  train loss 0.3952 acc 0.8353 | val loss 0.3670 acc 0.8520  (128s)
epoch  27  train loss 0.3875 acc 0.8362 | val loss 0.3591 acc 0.8520  (133s)
epoch  28  train loss 0.3811 acc 0.8462 | val loss 0.3592 acc 0.8436  (138s)
epoch  29  train loss 0.3731 acc 0.8480 | val loss 0.3538 acc 0.8478  (142s)
epoch  30  train loss 0.3761 acc 0.8398 | val loss 0.3489 acc 0.8562  (147s)
epoch  31  train loss 0.3717 acc 0.8398 | val loss 0.3457 acc 0.8626  (152s)
epoch  32  train loss 0.3642 acc 0.8335 | val loss 0.3458 acc 0.8457  (157s)
epoch  33  train loss 0.3594 acc 0.8489 | val loss 0.3384 acc 0.8605  (161s)
epoch  34  train loss 0.3650 acc 0.8471 | val loss 0.3420 acc 0.8436  (166s)
epoch  35  train loss 0.3465 acc 0.8534 | val loss 0.3314 acc 0.8647  (171s)
epoch  36  train loss 0.3455 acc 0.8462 | val loss 0.3248 acc 0.8689  (176s)
epoch  37  train loss 0.3373 acc 0.8661 | val loss 0.3257 acc 0.8626  (181s)
epoch  38  train loss 0.3279 acc 0.8688 | val loss 0.3218 acc 0.8584  (185s)
epoch  39  train loss 0.3279 acc 0.8633 | val loss 0.3195 acc 0.8647  (190s)
epoch  40  train loss 0.3220 acc 0.8724 | val loss 0.3157 acc 0.8689  (195s)
epoch  41  train loss 0.3208 acc 0.8688 | val loss 0.3128 acc 0.8710  (200s)
epoch  42  train loss 0.3163 acc 0.8679 | val loss 0.3050 acc 0.8710  (204s)
epoch  43  train loss 0.3146 acc 0.8697 | val loss 0.3034 acc 0.8710  (209s)
epoch  44  train loss 0.3154 acc 0.8661 | val loss 0.3033 acc 0.8753  (214s)
epoch  45  train loss 0.3086 acc 0.8751 | val loss 0.3002 acc 0.8753  (219s)
epoch  46  train loss 0.3066 acc 0.8733 | val loss 0.2943 acc 0.8689  (224s)
epoch  47  train loss 0.3082 acc 0.8661 | val loss 0.2947 acc 0.8732  (229s)
epoch  48  train loss 0.3046 acc 0.8814 | val loss 0.2868 acc 0.8774  (233s)
epoch  49  train loss 0.2901 acc 0.8914 | val loss 0.2856 acc 0.8753  (238s)
epoch  50  train loss 0.2925 acc 0.8860 | val loss 0.2810 acc 0.8816  (243s)
epoch  51  train loss 0.2907 acc 0.8787 | val loss 0.2799 acc 0.8753  (248s)
epoch  52  train loss 0.2707 acc 0.8941 | val loss 0.2764 acc 0.8858  (253s)
epoch  53  train loss 0.2793 acc 0.8869 | val loss 0.2699 acc 0.8879  (258s)
epoch  54  train loss 0.2639 acc 0.8941 | val loss 0.2697 acc 0.8901  (262s)
epoch  55  train loss 0.2767 acc 0.8842 | val loss 0.2669 acc 0.8964  (267s)
epoch  56  train loss 0.2565 acc 0.8995 | val loss 0.2620 acc 0.8964  (272s)
epoch  57  train loss 0.2625 acc 0.9104 | val loss 0.2612 acc 0.8964  (277s)
epoch  58  train loss 0.2594 acc 0.8968 | val loss 0.2565 acc 0.8964  (282s)
epoch  59  train loss 0.2522 acc 0.9032 | val loss 0.2553 acc 0.8964  (286s)
epoch  60  train loss 0.2478 acc 0.9131 | val loss 0.2524 acc 0.9006  (291s)
epoch  61  train loss 0.2383 acc 0.9204 | val loss 0.2490 acc 0.9006  (296s)
epoch  62  train loss 0.2386 acc 0.9131 | val loss 0.2464 acc 0.9006  (301s)
epoch  63  train loss 0.2296 acc 0.9240 | val loss 0.2442 acc 0.8985  (306s)
epoch  64  train loss 0.2182 acc 0.9267 | val loss 0.2425 acc 0.8964  (311s)
epoch  65  train loss 0.2301 acc 0.9149 | val loss 0.2391 acc 0.9027  (315s)
epoch  66  train loss 0.2162 acc 0.9276 | val loss 0.2389 acc 0.9070  (320s)
epoch  67  train loss 0.2290 acc 0.9122 | val loss 0.2351 acc 0.9049  (325s)
epoch  68  train loss 0.2044 acc 0.9339 | val loss 0.2327 acc 0.9070  (330s)
epoch  69  train loss 0.2283 acc 0.9086 | val loss 0.2297 acc 0.9070  (335s)
epoch  70  train loss 0.2019 acc 0.9321 | val loss 0.2298 acc 0.9154  (340s)
epoch  71  train loss 0.2026 acc 0.9376 | val loss 0.2259 acc 0.9070  (344s)
epoch  72  train loss 0.1914 acc 0.9357 | val loss 0.2288 acc 0.9112  (349s)
epoch  73  train loss 0.2049 acc 0.9321 | val loss 0.2248 acc 0.9070  (354s)
epoch  74  train loss 0.1922 acc 0.9403 | val loss 0.2215 acc 0.9133  (359s)
epoch  75  train loss 0.1899 acc 0.9376 | val loss 0.2213 acc 0.9091  (364s)
epoch  76  train loss 0.1889 acc 0.9285 | val loss 0.2201 acc 0.9091  (369s)
epoch  77  train loss 0.1845 acc 0.9348 | val loss 0.2179 acc 0.9112  (373s)
epoch  78  train loss 0.1731 acc 0.9394 | val loss 0.2162 acc 0.9154  (378s)
epoch  79  train loss 0.1710 acc 0.9457 | val loss 0.2141 acc 0.9133  (383s)
epoch  80  train loss 0.1731 acc 0.9385 | val loss 0.2137 acc 0.9154  (388s)
epoch  81  train loss 0.1661 acc 0.9493 | val loss 0.2140 acc 0.9154  (393s)
epoch  82  train loss 0.1566 acc 0.9457 | val loss 0.2122 acc 0.9218  (398s)
epoch  83  train loss 0.1574 acc 0.9538 | val loss 0.2144 acc 0.9112  (402s)
epoch  84  train loss 0.1536 acc 0.9566 | val loss 0.2086 acc 0.9112  (407s)
epoch  85  train loss 0.1566 acc 0.9493 | val loss 0.2098 acc 0.9197  (412s)
epoch  86  train loss 0.1466 acc 0.9548 | val loss 0.2058 acc 0.9239  (417s)
epoch  87  train loss 0.1551 acc 0.9529 | val loss 0.2050 acc 0.9239  (422s)
epoch  88  train loss 0.1279 acc 0.9629 | val loss 0.2042 acc 0.9239  (427s)
epoch  89  train loss 0.1497 acc 0.9484 | val loss 0.2105 acc 0.9175  (431s)
epoch  90  train loss 0.1424 acc 0.9566 | val loss 0.2050 acc 0.9175  (436s)
epoch  91  train loss 0.1327 acc 0.9638 | val loss 0.2009 acc 0.9239  (441s)
epoch  92  train loss 0.1301 acc 0.9611 | val loss 0.2033 acc 0.9218  (446s)
epoch  93  train loss 0.1254 acc 0.9629 | val loss 0.1979 acc 0.9239  (451s)
epoch  94  train loss 0.1373 acc 0.9520 | val loss 0.1984 acc 0.9218  (456s)
epoch  95  train loss 0.1303 acc 0.9557 | val loss 0.1998 acc 0.9218  (460s)
epoch  96  train loss 0.1277 acc 0.9566 | val loss 0.1984 acc 0.9260  (465s)
epoch  97  train loss 0.1211 acc 0.9638 | val loss 0.1979 acc 0.9260  (470s)
epoch  98  train loss 0.1240 acc 0.9593 | val loss 0.1932 acc 0.9302  (475s)
epoch  99  train loss 0.1209 acc 0.9647 | val loss 0.1983 acc 0.9260  (480s)
epoch 100  train loss 0.1134 acc 0.9620 | val loss 0.1950 acc 0.9260  (485s)
  calibrated on 20000 clean frames: energy mean 1.00456 (c0^2 + N0 = 1.00395), thresholds@0.05 energy 1.6117 energy_2s 0.65171 kurtosis 0.05894 spec_cnn -0.44283 energy_csi 1.0169, clean BER 0.00e+00 PER 0.0000

--- Li et al. spectrogram CNN, retrained on env both ---
validation accuracy 0.9260 (S4/D6 15 dB r0: 0.932); detection rate on jammed 0.8933, FAR (argmax) 0.0364, AUC 0.9692 (r0: 0.978)
per type (val): {'clean': 0.9636363636363636, 'barrage': 0.9344262295081968, 'tone': 0.9833333333333333, 'pulse_comb': 0.9333333333333333, 'protocol_aware': 0.7017543859649122}
P(det) at alpha 0.05 vs JSR [np.float64(-30.0), np.float64(-28.0), np.float64(-26.0), np.float64(-24.0), np.float64(-22.0), np.float64(-20.0), np.float64(-18.0), np.float64(-16.0), np.float64(-14.0), np.float64(-12.0), np.float64(-10.0), np.float64(-8.0), np.float64(-6.0), np.float64(-4.0), np.float64(-2.0), np.float64(0.0), np.float64(2.0), np.float64(4.0), np.float64(6.0), np.float64(8.0), np.float64(10.0)]:
  barrage         0.06 0.05 0.11 0.10 0.15 0.25 0.45 0.80 1.00 1.00 1.00 1.00 1.00 1.00 1.00 1.00 1.00 1.00 1.00 1.00 1.00
  tone            0.07 0.12 0.20 0.36 0.56 0.75 0.88 0.98 1.00 1.00 1.00 1.00 1.00 1.00 1.00 1.00 1.00 1.00 1.00 1.00 1.00
  pulse_comb      0.04 0.07 0.08 0.09 0.15 0.36 0.66 0.97 1.00 1.00 1.00 1.00 1.00 1.00 1.00 1.00 1.00 1.00 1.00 1.00 1.00
  protocol_aware  0.04 0.06 0.09 0.09 0.13 0.18 0.25 0.32 0.42 0.47 0.58 0.68 0.77 0.82 0.91 0.96 1.00 1.00 1.00 1.00 1.00
done in 516s
