node: tikgpu05.ee.ethz.ch | gpu: NVIDIA TITAN RTX
env noise_1db = {'noise_unc_db': 1.0, 'rician_k_db': None} | task control_r2 = {'target': None, 'beta': 0.0, 'cgan_task': 0} | seed 6000 | band (-32.0, 0.0) | 128 frames/step | 4000 steps | device cuda:0
  step    0  JSR   -8.6  loss 43.1195  logE[BER] -43.119  P_det_soft 0.0000  (2s)
  step   25  JSR   -3.1  loss 4.2015  logE[BER] -4.202  P_det_soft 0.0000  (2s)
  step   50  JSR  -24.3  loss 51.8206  logE[BER] -51.821  P_det_soft 0.0000  (3s)
  step   75  JSR  -31.7  loss 78.2396  logE[BER] -78.240  P_det_soft 0.0000  (3s)
  step  100  JSR  -30.3  loss 63.3893  logE[BER] -63.389  P_det_soft 0.0000  (4s)
  step  125  JSR  -28.1  loss 66.7734  logE[BER] -66.773  P_det_soft 0.0000  (5s)
  step  150  JSR  -30.4  loss 71.7754  logE[BER] -71.775  P_det_soft 0.0000  (5s)
  step  175  JSR   -1.8  loss 4.3152  logE[BER] -4.315  P_det_soft 0.0000  (6s)
  step  200  JSR  -12.3  loss 6.8512  logE[BER] -6.851  P_det_soft 0.0000  (6s)
  step  225  JSR   -3.4  loss 4.3015  logE[BER] -4.301  P_det_soft 0.0000  (7s)
  step  250  JSR   -8.2  loss 5.3207  logE[BER] -5.321  P_det_soft 0.0000  (7s)
  step  275  JSR  -21.6  loss 45.5954  logE[BER] -45.595  P_det_soft 0.0000  (8s)
  step  300  JSR  -20.0  loss 30.1579  logE[BER] -30.158  P_det_soft 0.0000  (8s)
  step  325  JSR  -11.2  loss 6.9850  logE[BER] -6.985  P_det_soft 0.0000  (9s)
  step  350  JSR  -20.9  loss 29.5631  logE[BER] -29.563  P_det_soft 0.0000  (10s)
  step  375  JSR  -21.4  loss 33.5548  logE[BER] -33.555  P_det_soft 0.0000  (10s)
  step  400  JSR  -21.6  loss 36.9491  logE[BER] -36.949  P_det_soft 0.0000  (11s)
  step  425  JSR   -9.0  loss 5.0307  logE[BER] -5.031  P_det_soft 0.0000  (11s)
  step  450  JSR   -0.7  loss 4.2092  logE[BER] -4.209  P_det_soft 0.0000  (12s)
  step  475  JSR  -23.6  loss 35.6186  logE[BER] -35.619  P_det_soft 0.0000  (12s)
  step  500  JSR  -15.9  loss 8.1893  logE[BER] -8.189  P_det_soft 0.0000  (13s)
  step  525  JSR  -17.7  loss 11.8031  logE[BER] -11.803  P_det_soft 0.0000  (14s)
  step  550  JSR   -8.3  loss 4.8720  logE[BER] -4.872  P_det_soft 0.0000  (14s)
  step  575  JSR  -12.0  loss 6.1518  logE[BER] -6.152  P_det_soft 0.0000  (15s)
  step  600  JSR   -7.2  loss 4.8451  logE[BER] -4.845  P_det_soft 0.0000  (15s)
  step  625  JSR   -5.9  loss 4.5286  logE[BER] -4.529  P_det_soft 0.0000  (16s)
  step  650  JSR  -31.1  loss 54.2453  logE[BER] -54.245  P_det_soft 0.0000  (16s)
  step  675  JSR  -21.9  loss 25.1051  logE[BER] -25.105  P_det_soft 0.0000  (17s)
  step  700  JSR  -11.0  loss 6.0854  logE[BER] -6.085  P_det_soft 0.0000  (18s)
  step  725  JSR   -9.7  loss 5.2445  logE[BER] -5.244  P_det_soft 0.0000  (18s)
  step  750  JSR  -11.3  loss 5.4259  logE[BER] -5.426  P_det_soft 0.0000  (19s)
  step  775  JSR  -21.8  loss 26.5072  logE[BER] -26.507  P_det_soft 0.0000  (19s)
  step  800  JSR  -30.5  loss 66.9202  logE[BER] -66.920  P_det_soft 0.0000  (20s)
  step  825  JSR  -22.3  loss 34.3260  logE[BER] -34.326  P_det_soft 0.0000  (20s)
  step  850  JSR  -29.0  loss 61.7233  logE[BER] -61.723  P_det_soft 0.0000  (21s)
  step  875  JSR  -28.7  loss 59.5259  logE[BER] -59.526  P_det_soft 0.0000  (22s)
  step  900  JSR  -19.8  loss 18.8490  logE[BER] -18.849  P_det_soft 0.0000  (22s)
  step  925  JSR  -25.6  loss 51.7731  logE[BER] -51.773  P_det_soft 0.0000  (23s)
  step  950  JSR  -28.6  loss 55.7417  logE[BER] -55.742  P_det_soft 0.0000  (23s)
  step  975  JSR  -21.1  loss 19.9978  logE[BER] -19.998  P_det_soft 0.0000  (24s)
  step 1000  JSR  -14.4  loss 6.0239  logE[BER] -6.024  P_det_soft 0.0000  (24s)
  step 1025  JSR  -10.1  loss 4.9898  logE[BER] -4.990  P_det_soft 0.0000  (25s)
  step 1050  JSR  -31.2  loss 67.8162  logE[BER] -67.816  P_det_soft 0.0000  (26s)
  step 1075  JSR  -10.4  loss 4.8813  logE[BER] -4.881  P_det_soft 0.0000  (26s)
  step 1100  JSR  -26.2  loss 45.8125  logE[BER] -45.812  P_det_soft 0.0000  (27s)
  step 1125  JSR  -17.1  loss 9.4503  logE[BER] -9.450  P_det_soft 0.0000  (27s)
  step 1150  JSR  -28.7  loss 56.0354  logE[BER] -56.035  P_det_soft 0.0000  (28s)
  step 1175  JSR   -7.4  loss 4.8609  logE[BER] -4.861  P_det_soft 0.0000  (28s)
  step 1200  JSR  -26.1  loss 46.5363  logE[BER] -46.536  P_det_soft 0.0000  (29s)
  step 1225  JSR  -24.1  loss 32.7538  logE[BER] -32.754  P_det_soft 0.0000  (30s)
  step 1250  JSR  -30.5  loss 65.9633  logE[BER] -65.963  P_det_soft 0.0000  (30s)
  step 1275  JSR  -14.8  loss 6.0635  logE[BER] -6.063  P_det_soft 0.0000  (31s)
  step 1300  JSR   -2.2  loss 4.3124  logE[BER] -4.312  P_det_soft 0.0000  (31s)
  step 1325  JSR  -30.9  loss 60.3579  logE[BER] -60.358  P_det_soft 0.0000  (32s)
  step 1350  JSR  -15.8  loss 6.1899  logE[BER] -6.190  P_det_soft 0.0000  (33s)
  step 1375  JSR  -31.9  loss 63.8519  logE[BER] -63.852  P_det_soft 0.0000  (33s)
  step 1400  JSR  -21.8  loss 19.7678  logE[BER] -19.768  P_det_soft 0.0000  (34s)
  step 1425  JSR  -11.9  loss 5.0306  logE[BER] -5.031  P_det_soft 0.0000  (34s)
  step 1450  JSR  -27.3  loss 48.8860  logE[BER] -48.886  P_det_soft 0.0000  (35s)
  step 1475  JSR   -7.9  loss 4.6660  logE[BER] -4.666  P_det_soft 0.0000  (35s)
  step 1500  JSR  -30.1  loss 47.9842  logE[BER] -47.984  P_det_soft 0.0000  (36s)
  step 1525  JSR  -20.8  loss 11.9387  logE[BER] -11.939  P_det_soft 0.0000  (37s)
  step 1550  JSR  -22.6  loss 17.5599  logE[BER] -17.560  P_det_soft 0.0000  (37s)
  step 1575  JSR  -29.7  loss 50.7148  logE[BER] -50.715  P_det_soft 0.0000  (38s)
  step 1600  JSR  -18.0  loss 6.2799  logE[BER] -6.280  P_det_soft 0.0000  (38s)
  step 1625  JSR   -7.7  loss 4.6526  logE[BER] -4.653  P_det_soft 0.0000  (39s)
  step 1650  JSR  -28.0  loss 44.1295  logE[BER] -44.130  P_det_soft 0.0000  (39s)
  step 1675  JSR  -17.9  loss 6.5497  logE[BER] -6.550  P_det_soft 0.0000  (40s)
  step 1700  JSR  -11.0  loss 4.8841  logE[BER] -4.884  P_det_soft 0.0000  (41s)
  step 1725  JSR  -23.7  loss 26.5716  logE[BER] -26.572  P_det_soft 0.0000  (41s)
  step 1750  JSR   -7.3  loss 4.6818  logE[BER] -4.682  P_det_soft 0.0000  (42s)
  step 1775  JSR   -9.6  loss 4.9974  logE[BER] -4.997  P_det_soft 0.0000  (42s)
  step 1800  JSR  -16.7  loss 6.3811  logE[BER] -6.381  P_det_soft 0.0000  (43s)
  step 1825  JSR  -28.4  loss 35.6336  logE[BER] -35.634  P_det_soft 0.0000  (43s)
  step 1850  JSR  -25.5  loss 25.4747  logE[BER] -25.475  P_det_soft 0.0000  (44s)
  step 1875  JSR  -29.2  loss 42.1385  logE[BER] -42.138  P_det_soft 0.0000  (45s)
  step 1900  JSR  -12.2  loss 5.5359  logE[BER] -5.536  P_det_soft 0.0000  (45s)
  step 1925  JSR   -7.4  loss 5.0057  logE[BER] -5.006  P_det_soft 0.0000  (46s)
  step 1950  JSR  -10.1  loss 5.4122  logE[BER] -5.412  P_det_soft 0.0000  (46s)
  step 1975  JSR  -26.4  loss 34.2306  logE[BER] -34.231  P_det_soft 0.0000  (47s)
  step 2000  JSR  -10.4  loss 5.3619  logE[BER] -5.362  P_det_soft 0.0000  (47s)
  step 2025  JSR  -18.3  loss 6.1759  logE[BER] -6.176  P_det_soft 0.0000  (48s)
  step 2050  JSR  -23.9  loss 15.9552  logE[BER] -15.955  P_det_soft 0.0000  (49s)
  step 2075  JSR  -25.8  loss 22.0656  logE[BER] -22.066  P_det_soft 0.0000  (49s)
  step 2100  JSR  -15.4  loss 5.6793  logE[BER] -5.679  P_det_soft 0.0000  (50s)
  step 2125  JSR  -23.1  loss 9.6819  logE[BER] -9.682  P_det_soft 0.0000  (50s)
  step 2150  JSR  -21.6  loss 7.5698  logE[BER] -7.570  P_det_soft 0.0000  (51s)
  step 2175  JSR  -22.2  loss 8.0008  logE[BER] -8.001  P_det_soft 0.0000  (51s)
  step 2200  JSR  -15.4  loss 5.7638  logE[BER] -5.764  P_det_soft 0.0000  (52s)
  step 2225  JSR  -17.7  loss 6.0281  logE[BER] -6.028  P_det_soft 0.0000  (53s)
  step 2250  JSR  -12.0  loss 5.3987  logE[BER] -5.399  P_det_soft 0.0000  (53s)
  step 2275  JSR   -2.1  loss 4.5614  logE[BER] -4.561  P_det_soft 0.0000  (54s)
  step 2300  JSR   -8.5  loss 5.1621  logE[BER] -5.162  P_det_soft 0.0000  (54s)
  step 2325  JSR  -15.6  loss 5.9386  logE[BER] -5.939  P_det_soft 0.0000  (55s)
  step 2350  JSR  -14.4  loss 5.6337  logE[BER] -5.634  P_det_soft 0.0000  (56s)
  step 2375  JSR  -28.1  loss 26.5531  logE[BER] -26.553  P_det_soft 0.0000  (56s)
  step 2400  JSR  -19.9  loss 6.3336  logE[BER] -6.334  P_det_soft 0.0000  (57s)
  step 2425  JSR  -22.6  loss 7.6976  logE[BER] -7.698  P_det_soft 0.0000  (57s)
  step 2450  JSR  -29.4  loss 40.7676  logE[BER] -40.768  P_det_soft 0.0000  (58s)
  step 2475  JSR  -27.6  loss 27.4184  logE[BER] -27.418  P_det_soft 0.0000  (58s)
  step 2500  JSR   -0.0  loss 4.6344  logE[BER] -4.634  P_det_soft 0.0000  (59s)
  step 2525  JSR  -30.7  loss 36.7404  logE[BER] -36.740  P_det_soft 0.0000  (60s)
  step 2550  JSR   -9.0  loss 5.2848  logE[BER] -5.285  P_det_soft 0.0000  (60s)
  step 2575  JSR  -29.3  loss 32.8141  logE[BER] -32.814  P_det_soft 0.0000  (61s)
  step 2600  JSR  -21.9  loss 7.5467  logE[BER] -7.547  P_det_soft 0.0000  (61s)
  step 2625  JSR  -31.3  loss 45.7317  logE[BER] -45.732  P_det_soft 0.0000  (62s)
  step 2650  JSR   -9.1  loss 5.4017  logE[BER] -5.402  P_det_soft 0.0000  (62s)
  step 2675  JSR  -23.3  loss 9.4046  logE[BER] -9.405  P_det_soft 0.0000  (63s)
  step 2700  JSR  -15.1  loss 5.6091  logE[BER] -5.609  P_det_soft 0.0000  (64s)
  step 2725  JSR  -26.2  loss 21.2677  logE[BER] -21.268  P_det_soft 0.0000  (64s)
  step 2750  JSR  -20.3  loss 6.5004  logE[BER] -6.500  P_det_soft 0.0000  (65s)
  step 2775  JSR   -8.9  loss 5.2721  logE[BER] -5.272  P_det_soft 0.0000  (65s)
  step 2800  JSR  -26.9  loss 24.2660  logE[BER] -24.266  P_det_soft 0.0000  (66s)
  step 2825  JSR  -24.3  loss 11.5004  logE[BER] -11.500  P_det_soft 0.0000  (67s)
  step 2850  JSR   -1.3  loss 4.5389  logE[BER] -4.539  P_det_soft 0.0000  (67s)
  step 2875  JSR  -22.3  loss 7.4933  logE[BER] -7.493  P_det_soft 0.0000  (68s)
  step 2900  JSR   -4.6  loss 4.6252  logE[BER] -4.625  P_det_soft 0.0000  (68s)
  step 2925  JSR   -2.2  loss 4.5168  logE[BER] -4.517  P_det_soft 0.0000  (69s)
  step 2950  JSR   -7.6  loss 5.0858  logE[BER] -5.086  P_det_soft 0.0000  (69s)
  step 2975  JSR  -12.1  loss 5.4477  logE[BER] -5.448  P_det_soft 0.0000  (70s)
  step 3000  JSR   -8.9  loss 5.1184  logE[BER] -5.118  P_det_soft 0.0000  (71s)
  step 3025  JSR  -14.1  loss 5.4829  logE[BER] -5.483  P_det_soft 0.0000  (71s)
  step 3050  JSR  -21.8  loss 7.3354  logE[BER] -7.335  P_det_soft 0.0000  (72s)
  step 3075  JSR  -25.7  loss 17.1333  logE[BER] -17.133  P_det_soft 0.0000  (72s)
  step 3100  JSR  -28.8  loss 31.9356  logE[BER] -31.936  P_det_soft 0.0000  (73s)
  step 3125  JSR   -9.0  loss 5.1791  logE[BER] -5.179  P_det_soft 0.0000  (73s)
  step 3150  JSR   -6.8  loss 4.9611  logE[BER] -4.961  P_det_soft 0.0000  (74s)
  step 3175  JSR  -12.5  loss 5.5039  logE[BER] -5.504  P_det_soft 0.0000  (75s)
  step 3200  JSR  -30.9  loss 41.1017  logE[BER] -41.102  P_det_soft 0.0000  (75s)
  step 3225  JSR   -7.9  loss 5.1936  logE[BER] -5.194  P_det_soft 0.0000  (76s)
  step 3250  JSR  -16.3  loss 5.7981  logE[BER] -5.798  P_det_soft 0.0000  (76s)
  step 3275  JSR   -1.6  loss 4.6796  logE[BER] -4.680  P_det_soft 0.0000  (77s)
  step 3300  JSR  -10.6  loss 5.3709  logE[BER] -5.371  P_det_soft 0.0000  (78s)
  step 3325  JSR  -11.3  loss 5.4342  logE[BER] -5.434  P_det_soft 0.0000  (78s)
  step 3350  JSR   -6.3  loss 4.9136  logE[BER] -4.914  P_det_soft 0.0000  (79s)
  step 3375  JSR  -14.7  loss 5.6458  logE[BER] -5.646  P_det_soft 0.0000  (79s)
  step 3400  JSR  -20.4  loss 6.5375  logE[BER] -6.538  P_det_soft 0.0000  (80s)
  step 3425  JSR  -30.2  loss 37.3526  logE[BER] -37.353  P_det_soft 0.0000  (80s)
  step 3450  JSR  -23.1  loss 8.5179  logE[BER] -8.518  P_det_soft 0.0000  (81s)
  step 3475  JSR   -5.6  loss 4.8128  logE[BER] -4.813  P_det_soft 0.0000  (82s)
  step 3500  JSR  -28.0  loss 26.7109  logE[BER] -26.711  P_det_soft 0.0000  (82s)
  step 3525  JSR   -3.8  loss 4.6328  logE[BER] -4.633  P_det_soft 0.0000  (83s)
  step 3550  JSR  -23.3  loss 8.8160  logE[BER] -8.816  P_det_soft 0.0000  (83s)
  step 3575  JSR  -28.0  loss 26.4203  logE[BER] -26.420  P_det_soft 0.0000  (84s)
  step 3600  JSR   -9.8  loss 5.3040  logE[BER] -5.304  P_det_soft 0.0000  (85s)
  step 3625  JSR   -8.6  loss 5.1313  logE[BER] -5.131  P_det_soft 0.0000  (85s)
  step 3650  JSR  -25.6  loss 15.5783  logE[BER] -15.578  P_det_soft 0.0000  (86s)
  step 3675  JSR  -11.8  loss 5.5110  logE[BER] -5.511  P_det_soft 0.0000  (86s)
  step 3700  JSR   -0.0  loss 4.5099  logE[BER] -4.510  P_det_soft 0.0000  (87s)
  step 3725  JSR   -9.6  loss 5.2107  logE[BER] -5.211  P_det_soft 0.0000  (87s)
  step 3750  JSR  -29.0  loss 27.6462  logE[BER] -27.646  P_det_soft 0.0000  (88s)
  step 3775  JSR  -18.4  loss 6.2112  logE[BER] -6.211  P_det_soft 0.0000  (89s)
  step 3800  JSR  -26.4  loss 19.3363  logE[BER] -19.336  P_det_soft 0.0000  (89s)
  step 3825  JSR  -19.8  loss 6.3483  logE[BER] -6.348  P_det_soft 0.0000  (90s)
  step 3850  JSR  -23.0  loss 8.0538  logE[BER] -8.054  P_det_soft 0.0000  (90s)
  step 3875  JSR   -4.6  loss 4.7821  logE[BER] -4.782  P_det_soft 0.0000  (91s)
  step 3900  JSR  -16.9  loss 5.8792  logE[BER] -5.879  P_det_soft 0.0000  (92s)
  step 3925  JSR  -21.5  loss 7.4468  logE[BER] -7.447  P_det_soft 0.0000  (92s)
  step 3950  JSR   -4.3  loss 4.8072  logE[BER] -4.807  P_det_soft 0.0000  (93s)
  step 3975  JSR  -17.4  loss 5.9974  logE[BER] -5.997  P_det_soft 0.0000  (93s)
  step 3999  JSR  -28.5  loss 34.3697  logE[BER] -34.370  P_det_soft 0.0000  (94s)
wrote gan/control_r2_G.pt, gan/control_r2.json in 94s
