node: tikgpu05.ee.ethz.ch | gpu: Tesla V100-PCIE-32GB
env base = {'noise_unc_db': 0.0, 'rician_k_db': None} | task suite_b100_r0 = {'target': ['energy', 'kurtosis', 'spec_cnn'], 'beta': 100.0, 'cgan_task': 22, 'band': (-32.0, 0.0)} | seed 4022 | band (-32.0, 0.0) | 32 frames/step | 1500 steps | init random | damage ber | device cuda:0
  suite ['energy', 'kurtosis', 'spec_cnn']: thr {'energy': 1.0168669588165358, 'kurtosis': 0.049231088477732096, 'spec_cnn': -2.0068115234375004}, clean-frame std {'energy': 0.008067857742059767, 'kurtosis': 0.015080847808040036, 'spec_cnn': 1.2736225512333446} (worst-detector soft P_det)
  step    0  JSR  -23.4  loss 165.1662  logE[BER] -118.030  P_det_soft 0.4714  (1s)
  step   25  JSR  -11.1  loss 125.1417  logE[BER] -25.991  P_det_soft 0.9915  (3s)
  step   50  JSR   -5.7  loss 107.1837  logE[BER] -7.258  P_det_soft 0.9993  (5s)
  step   75  JSR  -24.9  loss 142.7357  logE[BER] -108.032  P_det_soft 0.3470  (7s)
  step  100  JSR   -6.0  loss 107.6912  logE[BER] -7.839  P_det_soft 0.9985  (9s)
  step  125  JSR  -31.8  loss 155.7036  logE[BER] -125.063  P_det_soft 0.3064  (11s)
  step  150  JSR  -31.5  loss 156.8440  logE[BER] -123.832  P_det_soft 0.3301  (13s)
  step  175  JSR   -5.6  loss 108.2465  logE[BER] -8.375  P_det_soft 0.9987  (15s)
  step  200  JSR  -29.6  loss 151.6964  logE[BER] -119.911  P_det_soft 0.3178  (17s)
  step  225  JSR  -29.2  loss 148.3451  logE[BER] -119.831  P_det_soft 0.2851  (19s)
  step  250  JSR  -10.0  loss 123.1332  logE[BER] -23.831  P_det_soft 0.9930  (21s)
  step  275  JSR  -28.7  loss 152.0949  logE[BER] -118.293  P_det_soft 0.3380  (23s)
  step  300  JSR  -26.8  loss 146.7114  logE[BER] -114.656  P_det_soft 0.3206  (25s)
  step  325  JSR  -14.4  loss 155.8724  logE[BER] -58.692  P_det_soft 0.9718  (27s)
  step  350  JSR   -5.7  loss 107.1328  logE[BER] -7.373  P_det_soft 0.9976  (29s)
  step  375  JSR  -23.7  loss 144.1766  logE[BER] -105.123  P_det_soft 0.3905  (31s)
  step  400  JSR  -20.5  loss 137.8949  logE[BER] -91.917  P_det_soft 0.4598  (33s)
  step  425  JSR  -17.9  loss 149.7437  logE[BER] -77.655  P_det_soft 0.7209  (35s)
  step  450  JSR  -11.2  loss 131.2708  logE[BER] -31.990  P_det_soft 0.9928  (37s)
  step  475  JSR  -13.1  loss 144.8503  logE[BER] -46.651  P_det_soft 0.9820  (39s)
  step  500  JSR   -1.0  loss 105.2484  logE[BER] -5.252  P_det_soft 1.0000  (41s)
  step  525  JSR   -1.9  loss 105.8509  logE[BER] -5.873  P_det_soft 0.9998  (43s)
  step  550  JSR  -19.1  loss 152.0623  logE[BER] -84.792  P_det_soft 0.6727  (45s)
  step  575  JSR  -16.7  loss 156.1390  logE[BER] -73.215  P_det_soft 0.8292  (47s)
  step  600  JSR   -6.9  loss 109.6196  logE[BER] -9.878  P_det_soft 0.9974  (49s)
  step  625  JSR  -14.4  loss 152.9388  logE[BER] -57.848  P_det_soft 0.9509  (51s)
  step  650  JSR  -31.3  loss 153.0592  logE[BER] -123.394  P_det_soft 0.2967  (53s)
  step  675  JSR  -14.3  loss 152.6335  logE[BER] -57.796  P_det_soft 0.9484  (55s)
  step  700  JSR  -29.5  loss 153.6598  logE[BER] -120.972  P_det_soft 0.3269  (57s)
  step  725  JSR   -9.0  loss 120.1535  logE[BER] -20.611  P_det_soft 0.9954  (59s)
  step  750  JSR   -9.1  loss 118.9725  logE[BER] -19.528  P_det_soft 0.9944  (61s)
  step  775  JSR  -30.9  loss 158.4683  logE[BER] -123.325  P_det_soft 0.3514  (63s)
  step  800  JSR  -29.0  loss 150.5019  logE[BER] -120.135  P_det_soft 0.3037  (65s)
  step  825  JSR  -14.4  loss 154.1230  logE[BER] -56.947  P_det_soft 0.9718  (67s)
  step  850  JSR  -29.4  loss 149.2478  logE[BER] -120.169  P_det_soft 0.2908  (70s)
  step  875  JSR  -19.1  loss 152.0223  logE[BER] -87.393  P_det_soft 0.6463  (72s)
  step  900  JSR  -17.2  loss 150.6263  logE[BER] -74.153  P_det_soft 0.7647  (74s)
  step  925  JSR   -7.6  loss 110.8742  logE[BER] -11.242  P_det_soft 0.9963  (76s)
  step  950  JSR  -14.2  loss 152.5626  logE[BER] -55.746  P_det_soft 0.9682  (78s)
  step  975  JSR   -8.9  loss 119.9763  logE[BER] -20.462  P_det_soft 0.9951  (80s)
  step 1000  JSR  -20.0  loss 135.1635  logE[BER] -89.968  P_det_soft 0.4520  (82s)
  step 1025  JSR  -26.9  loss 146.0521  logE[BER] -115.266  P_det_soft 0.3079  (84s)
  step 1050  JSR  -10.2  loss 126.3555  logE[BER] -27.026  P_det_soft 0.9933  (86s)
  step 1075  JSR   -7.9  loss 116.2489  logE[BER] -16.665  P_det_soft 0.9958  (88s)
  step 1100  JSR  -18.3  loss 148.2156  logE[BER] -81.587  P_det_soft 0.6663  (90s)
  step 1125  JSR   -6.4  loss 108.9112  logE[BER] -9.108  P_det_soft 0.9980  (92s)
  step 1150  JSR  -31.0  loss 153.4434  logE[BER] -123.577  P_det_soft 0.2987  (94s)
  step 1175  JSR   -5.7  loss 107.2452  logE[BER] -7.388  P_det_soft 0.9986  (96s)
  step 1200  JSR   -6.1  loss 108.4585  logE[BER] -8.582  P_det_soft 0.9988  (98s)
  step 1225  JSR  -23.6  loss 140.3928  logE[BER] -104.742  P_det_soft 0.3565  (100s)
  step 1250  JSR  -19.1  loss 139.5868  logE[BER] -85.569  P_det_soft 0.5402  (102s)
  step 1275  JSR   -6.7  loss 109.4795  logE[BER] -9.746  P_det_soft 0.9973  (104s)
  step 1300  JSR  -29.7  loss 153.4948  logE[BER] -121.557  P_det_soft 0.3194  (106s)
  step 1325  JSR  -27.6  loss 149.5477  logE[BER] -117.957  P_det_soft 0.3159  (108s)
  step 1350  JSR  -24.1  loss 144.8112  logE[BER] -107.432  P_det_soft 0.3738  (110s)
  step 1375  JSR  -27.2  loss 147.6996  logE[BER] -116.129  P_det_soft 0.3157  (112s)
  step 1400  JSR  -30.7  loss 158.8652  logE[BER] -122.516  P_det_soft 0.3635  (114s)
  step 1425  JSR  -14.8  loss 153.1466  logE[BER] -60.004  P_det_soft 0.9314  (116s)
  step 1450  JSR  -26.4  loss 150.0018  logE[BER] -114.358  P_det_soft 0.3564  (118s)
  step 1475  JSR   -5.9  loss 107.9371  logE[BER] -8.182  P_det_soft 0.9975  (120s)
  step 1499  JSR  -19.8  loss 149.4970  logE[BER] -92.001  P_det_soft 0.5750  (122s)
wrote gan/suite_b100_r0_G.pt, gan/suite_b100_r0.json in 128s
