node: tikgpu04.ee.ethz.ch | gpu: NVIDIA TITAN RTX
env base = {'noise_unc_db': 0.0, 'rician_k_db': None} | task cnn_b10_r0 = {'target': 'spec_cnn', 'beta': 10.0, 'cgan_task': 14} | seed 4014 | band (-39.0, -7.0) | 32 frames/step | 4000 steps | device cuda:0
  target spec_cnn: threshold -2.00681, clean-frame std 1.19308 (soft_pdet width)
  step    0  JSR  -16.0  loss 104.6426  logE[BER] -94.981  P_det_soft 0.9661  (2s)
  step   25  JSR  -18.2  loss 54.6606  logE[BER] -47.047  P_det_soft 0.7614  (4s)
  step   50  JSR  -12.0  loss 20.6096  logE[BER] -10.646  P_det_soft 0.9964  (7s)
  step   75  JSR  -37.1  loss 125.7570  logE[BER] -124.465  P_det_soft 0.1292  (9s)
  step  100  JSR  -27.9  loss 102.3623  logE[BER] -99.964  P_det_soft 0.2399  (11s)
  step  125  JSR  -34.8  loss 123.6794  logE[BER] -122.047  P_det_soft 0.1632  (14s)
  step  150  JSR  -35.3  loss 123.1256  logE[BER] -121.847  P_det_soft 0.1279  (16s)
  step  175  JSR  -13.8  loss 22.8469  logE[BER] -12.950  P_det_soft 0.9896  (18s)
  step  200  JSR  -30.5  loss 106.6287  logE[BER] -104.524  P_det_soft 0.2104  (21s)
  step  225  JSR  -31.2  loss 114.3991  logE[BER] -112.386  P_det_soft 0.2013  (23s)
  step  250  JSR  -17.6  loss 40.6885  logE[BER] -32.170  P_det_soft 0.8519  (26s)
  step  275  JSR  -13.0  loss 24.2976  logE[BER] -14.374  P_det_soft 0.9923  (28s)
  step  300  JSR  -36.7  loss 123.0807  logE[BER] -122.102  P_det_soft 0.0979  (30s)
  step  325  JSR  -36.2  loss 123.8012  logE[BER] -121.643  P_det_soft 0.2158  (33s)
  step  350  JSR  -13.6  loss 18.3477  logE[BER] -8.411  P_det_soft 0.9936  (35s)
  step  375  JSR  -25.3  loss 78.8199  logE[BER] -76.749  P_det_soft 0.2070  (37s)
  step  400  JSR  -16.9  loss 34.1967  logE[BER] -25.325  P_det_soft 0.8872  (40s)
  step  425  JSR  -37.2  loss 122.9771  logE[BER] -121.535  P_det_soft 0.1443  (42s)
  step  450  JSR   -8.8  loss 16.1186  logE[BER] -6.168  P_det_soft 0.9951  (45s)
  step  475  JSR  -19.5  loss 65.1510  logE[BER] -58.048  P_det_soft 0.7103  (47s)
  step  500  JSR  -32.7  loss 112.6604  logE[BER] -111.552  P_det_soft 0.1109  (49s)
  step  525  JSR  -25.7  loss 92.1576  logE[BER] -89.993  P_det_soft 0.2164  (52s)
  step  550  JSR  -13.9  loss 21.7233  logE[BER] -11.793  P_det_soft 0.9930  (54s)
  step  575  JSR  -12.6  loss 16.6542  logE[BER] -6.724  P_det_soft 0.9930  (56s)
  step  600  JSR  -15.1  loss 21.4550  logE[BER] -11.677  P_det_soft 0.9778  (59s)
  step  625  JSR   -7.9  loss 15.9058  logE[BER] -5.939  P_det_soft 0.9966  (61s)
  step  650  JSR  -19.9  loss 60.7797  logE[BER] -54.937  P_det_soft 0.5842  (64s)
  step  675  JSR  -15.1  loss 16.3678  logE[BER] -6.998  P_det_soft 0.9370  (66s)
  step  700  JSR  -28.5  loss 84.2636  logE[BER] -82.613  P_det_soft 0.1651  (68s)
  step  725  JSR  -13.3  loss 18.3978  logE[BER] -8.474  P_det_soft 0.9923  (71s)
  step  750  JSR  -19.0  loss 34.0578  logE[BER] -27.863  P_det_soft 0.6194  (73s)
  step  775  JSR   -7.2  loss 15.7049  logE[BER] -5.743  P_det_soft 0.9962  (76s)
  step  800  JSR  -37.6  loss 122.0593  logE[BER] -120.770  P_det_soft 0.1289  (78s)
  step  825  JSR   -7.8  loss 16.1272  logE[BER] -6.163  P_det_soft 0.9965  (80s)
  step  850  JSR  -26.5  loss 77.6316  logE[BER] -75.278  P_det_soft 0.2354  (83s)
  step  875  JSR  -23.1  loss 43.3068  logE[BER] -40.419  P_det_soft 0.2887  (85s)
  step  900  JSR  -32.4  loss 105.8926  logE[BER] -104.150  P_det_soft 0.1742  (88s)
  step  925  JSR  -26.7  loss 68.6770  logE[BER] -66.895  P_det_soft 0.1783  (90s)
  step  950  JSR  -21.2  loss 40.8713  logE[BER] -36.730  P_det_soft 0.4141  (92s)
  step  975  JSR  -35.2  loss 119.1930  logE[BER] -117.604  P_det_soft 0.1589  (95s)
  step 1000  JSR  -25.2  loss 67.6628  logE[BER] -65.096  P_det_soft 0.2567  (97s)
  step 1025  JSR  -16.2  loss 17.3245  logE[BER] -8.496  P_det_soft 0.8828  (100s)
  step 1050  JSR  -34.8  loss 112.1832  logE[BER] -110.748  P_det_soft 0.1435  (102s)
  step 1075  JSR  -25.3  loss 64.4425  logE[BER] -62.254  P_det_soft 0.2188  (104s)
  step 1100  JSR  -38.8  loss 120.8157  logE[BER] -119.644  P_det_soft 0.1172  (107s)
  step 1125  JSR  -14.0  loss 16.3515  logE[BER] -6.654  P_det_soft 0.9698  (109s)
  step 1150  JSR  -12.4  loss 16.3366  logE[BER] -6.415  P_det_soft 0.9921  (112s)
  step 1175  JSR  -26.8  loss 70.9415  logE[BER] -68.987  P_det_soft 0.1955  (114s)
  step 1200  JSR  -12.7  loss 15.7658  logE[BER] -5.987  P_det_soft 0.9779  (116s)
  step 1225  JSR  -10.9  loss 15.9997  logE[BER] -6.029  P_det_soft 0.9971  (119s)
  step 1250  JSR  -11.2  loss 15.7594  logE[BER] -5.793  P_det_soft 0.9966  (121s)
  step 1275  JSR  -23.9  loss 50.3320  logE[BER] -48.247  P_det_soft 0.2085  (123s)
  step 1300  JSR  -15.3  loss 15.9906  logE[BER] -6.679  P_det_soft 0.9312  (126s)
  step 1325  JSR  -21.4  loss 15.8656  logE[BER] -13.549  P_det_soft 0.2317  (128s)
  step 1350  JSR  -32.5  loss 98.1220  logE[BER] -96.299  P_det_soft 0.1823  (131s)
  step 1375  JSR  -27.2  loss 53.3871  logE[BER] -51.446  P_det_soft 0.1941  (133s)
  step 1400  JSR  -23.1  loss 26.4964  logE[BER] -24.009  P_det_soft 0.2487  (136s)
  step 1425  JSR  -35.2  loss 97.7630  logE[BER] -96.453  P_det_soft 0.1310  (138s)
  step 1450  JSR  -29.7  loss 67.5421  logE[BER] -66.083  P_det_soft 0.1459  (140s)
  step 1475  JSR  -27.0  loss 42.3911  logE[BER] -39.977  P_det_soft 0.2414  (143s)
  step 1500  JSR  -37.5  loss 102.4525  logE[BER] -101.228  P_det_soft 0.1224  (145s)
  step 1525  JSR  -23.2  loss 24.1812  logE[BER] -21.463  P_det_soft 0.2718  (148s)
  step 1550  JSR  -37.5  loss 101.9543  logE[BER] -100.477  P_det_soft 0.1477  (150s)
  step 1575  JSR  -31.2  loss 67.9561  logE[BER] -66.594  P_det_soft 0.1362  (152s)
  step 1600  JSR  -25.3  loss 25.6372  logE[BER] -23.726  P_det_soft 0.1911  (155s)
  step 1625  JSR  -18.7  loss 9.8605  logE[BER] -6.311  P_det_soft 0.3549  (157s)
  step 1650  JSR  -31.2  loss 66.3191  logE[BER] -64.584  P_det_soft 0.1735  (160s)
  step 1675  JSR  -10.3  loss 15.4401  logE[BER] -5.506  P_det_soft 0.9934  (162s)
  step 1700  JSR  -25.1  loss 21.1036  logE[BER] -19.440  P_det_soft 0.1664  (164s)
  step 1725  JSR  -28.7  loss 50.7487  logE[BER] -49.081  P_det_soft 0.1668  (167s)
  step 1750  JSR  -32.1  loss 72.5701  logE[BER] -71.135  P_det_soft 0.1435  (169s)
  step 1775  JSR  -29.6  loss 57.9682  logE[BER] -56.266  P_det_soft 0.1702  (172s)
  step 1800  JSR  -29.6  loss 58.3846  logE[BER] -56.232  P_det_soft 0.2153  (174s)
  step 1825  JSR  -35.6  loss 89.5698  logE[BER] -87.743  P_det_soft 0.1827  (176s)
  step 1850  JSR  -18.1  loss 9.0311  logE[BER] -5.966  P_det_soft 0.3065  (179s)
  step 1875  JSR  -26.9  loss 32.9071  logE[BER] -31.274  P_det_soft 0.1633  (181s)
  step 1900  JSR   -7.1  loss 15.2263  logE[BER] -5.243  P_det_soft 0.9983  (184s)
  step 1925  JSR  -31.5  loss 63.2390  logE[BER] -61.888  P_det_soft 0.1351  (186s)
  step 1950  JSR  -16.2  loss 11.1409  logE[BER] -6.091  P_det_soft 0.5050  (188s)
  step 1975  JSR  -14.2  loss 13.0191  logE[BER] -5.839  P_det_soft 0.7180  (191s)
  step 2000  JSR  -18.3  loss 8.5416  logE[BER] -5.919  P_det_soft 0.2623  (193s)
  step 2025  JSR  -24.1  loss 18.4079  logE[BER] -16.267  P_det_soft 0.2141  (196s)
  step 2050  JSR  -22.8  loss 10.8641  logE[BER] -8.461  P_det_soft 0.2403  (198s)
  step 2075  JSR  -14.0  loss 13.1263  logE[BER] -5.643  P_det_soft 0.7483  (200s)
  step 2100  JSR  -18.7  loss 9.0755  logE[BER] -6.238  P_det_soft 0.2838  (203s)
  step 2125  JSR  -11.8  loss 13.8922  logE[BER] -5.236  P_det_soft 0.8656  (205s)
  step 2150  JSR  -30.3  loss 59.8821  logE[BER] -58.247  P_det_soft 0.1635  (208s)
  step 2175  JSR  -30.2  loss 53.7957  logE[BER] -52.172  P_det_soft 0.1624  (210s)
  step 2200  JSR  -26.2  loss 26.1488  logE[BER] -24.727  P_det_soft 0.1421  (212s)
  step 2225  JSR  -22.6  loss 11.6162  logE[BER] -9.930  P_det_soft 0.1686  (215s)
  step 2250  JSR  -37.4  loss 96.6695  logE[BER] -94.920  P_det_soft 0.1750  (217s)
  step 2275  JSR  -16.7  loss 9.6684  logE[BER] -5.951  P_det_soft 0.3718  (220s)
  step 2300  JSR  -30.2  loss 52.1661  logE[BER] -50.736  P_det_soft 0.1430  (222s)
  step 2325  JSR  -31.4  loss 64.3915  logE[BER] -62.781  P_det_soft 0.1611  (224s)
  step 2350  JSR  -11.9  loss 14.0164  logE[BER] -5.655  P_det_soft 0.8361  (227s)
  step 2375  JSR   -7.9  loss 15.1792  logE[BER] -5.218  P_det_soft 0.9961  (229s)
  step 2400  JSR  -19.0  loss 8.9282  logE[BER] -6.405  P_det_soft 0.2523  (232s)
  step 2425  JSR  -13.8  loss 11.8624  logE[BER] -5.719  P_det_soft 0.6143  (234s)
  step 2450  JSR  -20.3  loss 8.7386  logE[BER] -6.406  P_det_soft 0.2332  (236s)
  step 2475  JSR  -35.3  loss 86.8015  logE[BER] -85.015  P_det_soft 0.1786  (239s)
  step 2500  JSR  -19.8  loss 9.2766  logE[BER] -6.439  P_det_soft 0.2837  (241s)
  step 2525  JSR  -33.5  loss 77.8439  logE[BER] -76.162  P_det_soft 0.1682  (244s)
  step 2550  JSR  -13.2  loss 12.3132  logE[BER] -5.538  P_det_soft 0.6775  (246s)
  step 2575  JSR   -7.0  loss 14.9400  logE[BER] -4.974  P_det_soft 0.9966  (248s)
  step 2600  JSR  -15.2  loss 10.7722  logE[BER] -5.735  P_det_soft 0.5037  (251s)
  step 2625  JSR  -30.9  loss 57.0047  logE[BER] -55.847  P_det_soft 0.1158  (253s)
  step 2650  JSR  -28.6  loss 43.0014  logE[BER] -40.954  P_det_soft 0.2048  (256s)
  step 2675  JSR  -34.6  loss 82.5052  logE[BER] -80.967  P_det_soft 0.1538  (258s)
  step 2700  JSR  -13.9  loss 11.9738  logE[BER] -5.835  P_det_soft 0.6139  (260s)
  step 2725  JSR  -29.1  loss 44.5670  logE[BER] -42.718  P_det_soft 0.1849  (263s)
  step 2750  JSR  -33.4  loss 74.9190  logE[BER] -73.501  P_det_soft 0.1418  (265s)
  step 2775  JSR  -12.1  loss 14.1312  logE[BER] -5.637  P_det_soft 0.8494  (268s)
  step 2800  JSR  -22.5  loss 9.7372  logE[BER] -7.842  P_det_soft 0.1896  (270s)
  step 2825  JSR  -28.5  loss 44.7189  logE[BER] -42.965  P_det_soft 0.1754  (272s)
  step 2850  JSR  -38.3  loss 99.1520  logE[BER] -97.526  P_det_soft 0.1626  (275s)
  step 2875  JSR  -15.4  loss 10.4078  logE[BER] -5.778  P_det_soft 0.4630  (277s)
  step 2900  JSR  -25.0  loss 18.5823  logE[BER] -16.052  P_det_soft 0.2530  (280s)
  step 2925  JSR  -21.3  loss 8.8862  logE[BER] -6.878  P_det_soft 0.2008  (282s)
  step 2950  JSR  -13.2  loss 12.7841  logE[BER] -5.606  P_det_soft 0.7179  (284s)
  step 2975  JSR  -16.5  loss 8.3065  logE[BER] -5.779  P_det_soft 0.2527  (287s)
  step 3000  JSR  -14.7  loss 11.1417  logE[BER] -5.828  P_det_soft 0.5314  (289s)
  step 3025  JSR  -35.4  loss 84.0575  logE[BER] -82.980  P_det_soft 0.1078  (292s)
  step 3050  JSR  -33.2  loss 71.7581  logE[BER] -69.676  P_det_soft 0.2082  (294s)
  step 3075  JSR  -21.8  loss 8.9782  logE[BER] -7.464  P_det_soft 0.1514  (296s)
  step 3100  JSR  -26.0  loss 23.3335  logE[BER] -21.346  P_det_soft 0.1988  (299s)
  step 3125  JSR  -38.8  loss 100.3077  logE[BER] -98.849  P_det_soft 0.1459  (301s)
  step 3150  JSR  -11.7  loss 13.1432  logE[BER] -5.228  P_det_soft 0.7916  (304s)
  step 3175  JSR  -12.1  loss 13.7647  logE[BER] -5.531  P_det_soft 0.8234  (306s)
  step 3200  JSR  -37.0  loss 95.6846  logE[BER] -94.229  P_det_soft 0.1455  (308s)
  step 3225  JSR  -32.6  loss 69.7346  logE[BER] -68.110  P_det_soft 0.1625  (311s)
  step 3250  JSR  -37.9  loss 96.6697  logE[BER] -95.226  P_det_soft 0.1444  (313s)
  step 3275  JSR  -24.9  loss 17.9707  logE[BER] -16.109  P_det_soft 0.1861  (316s)
  step 3300  JSR  -16.1  loss 9.0285  logE[BER] -5.665  P_det_soft 0.3363  (318s)
  step 3325  JSR  -38.5  loss 98.9082  logE[BER] -97.177  P_det_soft 0.1731  (320s)
  step 3350  JSR  -31.3  loss 63.1245  logE[BER] -61.550  P_det_soft 0.1574  (323s)
  step 3375  JSR  -14.1  loss 11.2535  logE[BER] -5.444  P_det_soft 0.5809  (325s)
  step 3400  JSR  -15.2  loss 9.6759  logE[BER] -5.595  P_det_soft 0.4081  (328s)
  step 3425  JSR  -27.9  loss 33.6594  logE[BER] -31.983  P_det_soft 0.1676  (330s)
  step 3450  JSR  -35.3  loss 85.0722  logE[BER] -83.389  P_det_soft 0.1683  (332s)
  step 3475  JSR  -10.0  loss 14.8077  logE[BER] -5.566  P_det_soft 0.9242  (335s)
  step 3500  JSR  -35.4  loss 84.7023  logE[BER] -83.037  P_det_soft 0.1665  (337s)
  step 3525  JSR   -8.8  loss 14.9263  logE[BER] -5.132  P_det_soft 0.9794  (340s)
  step 3550  JSR  -10.1  loss 14.2768  logE[BER] -5.286  P_det_soft 0.8991  (342s)
  step 3575  JSR  -33.4  loss 72.3240  logE[BER] -70.538  P_det_soft 0.1786  (344s)
  step 3600  JSR  -29.2  loss 45.6549  logE[BER] -44.223  P_det_soft 0.1432  (347s)
  step 3625  JSR   -8.4  loss 14.9288  logE[BER] -5.183  P_det_soft 0.9746  (349s)
  step 3650  JSR  -31.9  loss 62.8864  logE[BER] -61.399  P_det_soft 0.1487  (352s)
  step 3675  JSR  -35.6  loss 85.7138  logE[BER] -84.188  P_det_soft 0.1526  (354s)
  step 3700  JSR  -28.0  loss 33.3226  logE[BER] -31.995  P_det_soft 0.1328  (356s)
  step 3725  JSR  -28.3  loss 40.4664  logE[BER] -38.999  P_det_soft 0.1468  (359s)
  step 3750  JSR  -25.4  loss 18.0845  logE[BER] -15.928  P_det_soft 0.2157  (361s)
  step 3775  JSR  -29.9  loss 49.1143  logE[BER] -47.304  P_det_soft 0.1811  (364s)
  step 3800  JSR   -9.3  loss 15.3419  logE[BER] -5.555  P_det_soft 0.9787  (366s)
  step 3825  JSR  -10.3  loss 14.1058  logE[BER] -5.496  P_det_soft 0.8610  (368s)
  step 3850  JSR  -22.9  loss 10.3887  logE[BER] -8.502  P_det_soft 0.1887  (371s)
  step 3875  JSR  -16.3  loss 8.8625  logE[BER] -5.747  P_det_soft 0.3115  (373s)
  step 3900  JSR  -22.1  loss 8.4469  logE[BER] -6.802  P_det_soft 0.1645  (376s)
  step 3925  JSR  -12.4  loss 10.7900  logE[BER] -5.115  P_det_soft 0.5675  (378s)
  step 3950  JSR  -14.1  loss 10.8154  logE[BER] -5.733  P_det_soft 0.5082  (380s)
  step 3975  JSR  -10.7  loss 13.8585  logE[BER] -5.392  P_det_soft 0.8467  (383s)
  step 3999  JSR  -24.4  loss 12.9392  logE[BER] -11.417  P_det_soft 0.1523  (385s)
wrote gan/cnn_b10_r0_G.pt, gan/cnn_b10_r0.json in 391s
