node: tikgpu05.ee.ethz.ch | gpu: NVIDIA TITAN RTX
env base = {'noise_unc_db': 0.0, 'rician_k_db': None} | task suite_b10_lo_r0 = {'target': ['energy', 'kurtosis', 'spec_cnn'], 'beta': 10.0, 'cgan_task': 23, 'band': (-39.0, -7.0)} | seed 4023 | band (-39.0, -7.0) | 32 frames/step | 1500 steps | init random | damage ber | device cuda:0
  suite ['energy', 'kurtosis', 'spec_cnn']: thr {'energy': 1.0168669588165358, 'kurtosis': 0.049231088477732096, 'spec_cnn': -2.0068115234375004}, clean-frame std {'energy': 0.007850642469837297, 'kurtosis': 0.014962997650456058, 'spec_cnn': 1.1930798209227553} (worst-detector soft P_det)
  step    0  JSR  -35.4  loss 132.3200  logE[BER] -129.024  P_det_soft 0.3296  (0s)
  step   25  JSR  -32.9  loss 119.5507  logE[BER] -116.270  P_det_soft 0.3281  (3s)
  step   50  JSR  -19.3  loss 60.3476  logE[BER] -53.674  P_det_soft 0.6674  (5s)
  step   75  JSR   -7.7  loss 16.2009  logE[BER] -6.215  P_det_soft 0.9986  (8s)
  step  100  JSR  -21.0  loss 77.3035  logE[BER] -71.673  P_det_soft 0.5631  (10s)
  step  125  JSR  -34.4  loss 124.7838  logE[BER] -121.751  P_det_soft 0.3033  (12s)
  step  150  JSR  -32.5  loss 119.8092  logE[BER] -116.461  P_det_soft 0.3348  (15s)
  step  175  JSR  -10.8  loss 17.4656  logE[BER] -7.507  P_det_soft 0.9959  (17s)
  step  200  JSR  -22.4  loss 78.2453  logE[BER] -74.367  P_det_soft 0.3879  (19s)
  step  225  JSR  -24.4  loss 83.6991  logE[BER] -79.828  P_det_soft 0.3871  (22s)
  step  250  JSR  -23.4  loss 87.4606  logE[BER] -82.498  P_det_soft 0.4963  (24s)
  step  275  JSR  -32.9  loss 120.1341  logE[BER] -117.351  P_det_soft 0.2783  (26s)
  step  300  JSR   -9.8  loss 16.6562  logE[BER] -6.684  P_det_soft 0.9972  (29s)
  step  325  JSR   -7.7  loss 16.4469  logE[BER] -6.465  P_det_soft 0.9982  (31s)
  step  350  JSR  -38.1  loss 128.0691  logE[BER] -125.295  P_det_soft 0.2774  (33s)
  step  375  JSR  -36.0  loss 123.7668  logE[BER] -120.628  P_det_soft 0.3139  (36s)
  step  400  JSR  -18.6  loss 39.6824  logE[BER] -32.185  P_det_soft 0.7497  (38s)
  step  425  JSR  -31.7  loss 114.5654  logE[BER] -111.818  P_det_soft 0.2748  (40s)
  step  450  JSR  -35.2  loss 124.0430  logE[BER] -120.857  P_det_soft 0.3186  (43s)
  step  475  JSR  -32.8  loss 118.6169  logE[BER] -115.134  P_det_soft 0.3483  (45s)
  step  500  JSR   -7.7  loss 16.2183  logE[BER] -6.239  P_det_soft 0.9979  (47s)
  step  525  JSR  -26.0  loss 86.9405  logE[BER] -83.641  P_det_soft 0.3299  (50s)
  step  550  JSR  -33.1  loss 114.9564  logE[BER] -111.865  P_det_soft 0.3091  (52s)
  step  575  JSR  -32.8  loss 114.3905  logE[BER] -111.305  P_det_soft 0.3086  (54s)
  step  600  JSR  -21.8  loss 52.3329  logE[BER] -48.390  P_det_soft 0.3943  (57s)
  step  625  JSR  -12.8  loss 18.1326  logE[BER] -8.193  P_det_soft 0.9940  (59s)
  step  650  JSR  -19.2  loss 45.3109  logE[BER] -37.268  P_det_soft 0.8042  (62s)
  step  675  JSR  -19.1  loss 43.9623  logE[BER] -37.047  P_det_soft 0.6915  (64s)
  step  700  JSR  -21.1  loss 54.7090  logE[BER] -49.065  P_det_soft 0.5644  (66s)
  step  725  JSR  -19.5  loss 51.0871  logE[BER] -44.367  P_det_soft 0.6720  (69s)
  step  750  JSR   -7.8  loss 16.3482  logE[BER] -6.367  P_det_soft 0.9981  (71s)
  step  775  JSR  -23.2  loss 65.1575  logE[BER] -61.336  P_det_soft 0.3821  (73s)
  step  800  JSR  -20.0  loss 53.8171  logE[BER] -47.843  P_det_soft 0.5974  (76s)
  step  825  JSR  -12.9  loss 19.3497  logE[BER] -9.411  P_det_soft 0.9939  (78s)
  step  850  JSR   -8.1  loss 16.1423  logE[BER] -6.172  P_det_soft 0.9970  (80s)
  step  875  JSR  -26.9  loss 94.9438  logE[BER] -90.557  P_det_soft 0.4386  (83s)
  step  900  JSR  -36.5  loss 122.7207  logE[BER] -119.595  P_det_soft 0.3126  (85s)
  step  925  JSR  -17.3  loss 33.4939  logE[BER] -25.056  P_det_soft 0.8438  (88s)
  step  950  JSR  -23.9  loss 67.8738  logE[BER] -64.112  P_det_soft 0.3761  (90s)
  step  975  JSR  -29.5  loss 104.8729  logE[BER] -101.832  P_det_soft 0.3041  (92s)
  step 1000  JSR  -25.8  loss 80.0038  logE[BER] -76.668  P_det_soft 0.3336  (95s)
  step 1025  JSR  -36.4  loss 114.1313  logE[BER] -111.616  P_det_soft 0.2515  (97s)
  step 1050  JSR  -25.0  loss 68.9075  logE[BER] -64.955  P_det_soft 0.3952  (100s)
  step 1075  JSR  -23.7  loss 59.5485  logE[BER] -54.825  P_det_soft 0.4724  (102s)
  step 1100  JSR  -33.3  loss 111.2733  logE[BER] -108.328  P_det_soft 0.2945  (104s)
  step 1125  JSR  -28.7  loss 87.8644  logE[BER] -84.783  P_det_soft 0.3082  (107s)
  step 1150  JSR  -20.5  loss 50.2946  logE[BER] -44.292  P_det_soft 0.6002  (109s)
  step 1175  JSR  -11.2  loss 16.1495  logE[BER] -6.205  P_det_soft 0.9945  (112s)
  step 1200  JSR  -38.0  loss 121.9287  logE[BER] -118.960  P_det_soft 0.2968  (114s)
  step 1225  JSR  -18.2  loss 22.1549  logE[BER] -14.584  P_det_soft 0.7571  (116s)
  step 1250  JSR  -20.8  loss 27.3165  logE[BER] -22.263  P_det_soft 0.5054  (119s)
  step 1275  JSR   -9.7  loss 16.1311  logE[BER] -6.159  P_det_soft 0.9972  (121s)
  step 1300  JSR   -8.7  loss 15.2664  logE[BER] -5.284  P_det_soft 0.9983  (124s)
  step 1325  JSR  -12.9  loss 16.4954  logE[BER] -6.542  P_det_soft 0.9953  (126s)
  step 1350  JSR  -36.2  loss 117.3107  logE[BER] -114.414  P_det_soft 0.2897  (128s)
  step 1375  JSR  -10.7  loss 15.4025  logE[BER] -5.431  P_det_soft 0.9971  (131s)
  step 1400  JSR  -36.0  loss 110.1348  logE[BER] -107.408  P_det_soft 0.2727  (133s)
  step 1425  JSR  -25.5  loss 52.8963  logE[BER] -49.173  P_det_soft 0.3724  (136s)
  step 1450  JSR  -17.5  loss 14.1148  logE[BER] -7.267  P_det_soft 0.6848  (138s)
  step 1475  JSR  -19.9  loss 16.5293  logE[BER] -12.150  P_det_soft 0.4379  (140s)
  step 1499  JSR   -8.0  loss 15.4002  logE[BER] -5.403  P_det_soft 0.9997  (143s)
wrote gan/suite_b10_lo_r0_G.pt, gan/suite_b10_lo_r0.json in 149s
