node: tikgpu05.ee.ethz.ch | gpu: NVIDIA TITAN RTX
env fading_k28 = {'noise_unc_db': 0.0, 'rician_k_db': 28.0} | task cnn_b10_r0 = {'target': 'spec_cnn', 'beta': 10.0, 'cgan_task': 14} | seed 4014 | band (-39.3, -7.3) | 32 frames/step | 4000 steps | device cuda:0
  target spec_cnn: threshold -1.14364, clean-frame std 1.3192 (soft_pdet width)
  step    0  JSR  -16.3  loss 102.3451  logE[BER] -92.962  P_det_soft 0.9383  (1s)
  step   25  JSR  -18.5  loss 53.6768  logE[BER] -46.141  P_det_soft 0.7535  (3s)
  step   50  JSR  -12.3  loss 20.8999  logE[BER] -10.992  P_det_soft 0.9908  (6s)
  step   75  JSR  -37.4  loss 119.8236  logE[BER] -118.318  P_det_soft 0.1506  (8s)
  step  100  JSR  -28.2  loss 99.1726  logE[BER] -97.406  P_det_soft 0.1766  (10s)
  step  125  JSR  -35.1  loss 116.0477  logE[BER] -114.615  P_det_soft 0.1433  (13s)
  step  150  JSR  -35.6  loss 117.2936  logE[BER] -115.859  P_det_soft 0.1435  (15s)
  step  175  JSR  -14.1  loss 22.9872  logE[BER] -13.165  P_det_soft 0.9822  (17s)
  step  200  JSR  -30.8  loss 100.5231  logE[BER] -98.693  P_det_soft 0.1830  (20s)
  step  225  JSR  -31.5  loss 112.8821  logE[BER] -111.121  P_det_soft 0.1761  (22s)
  step  250  JSR  -17.9  loss 42.8662  logE[BER] -34.598  P_det_soft 0.8268  (24s)
  step  275  JSR  -13.3  loss 23.4063  logE[BER] -13.549  P_det_soft 0.9857  (27s)
  step  300  JSR  -37.0  loss 112.4910  logE[BER] -111.534  P_det_soft 0.0957  (29s)
  step  325  JSR  -36.5  loss 110.2948  logE[BER] -108.392  P_det_soft 0.1903  (32s)
  step  350  JSR  -13.9  loss 20.7135  logE[BER] -10.914  P_det_soft 0.9799  (34s)
  step  375  JSR  -25.6  loss 79.2164  logE[BER] -76.605  P_det_soft 0.2611  (36s)
  step  400  JSR  -17.2  loss 30.7590  logE[BER] -22.430  P_det_soft 0.8329  (39s)
  step  425  JSR  -37.5  loss 117.3280  logE[BER] -115.732  P_det_soft 0.1596  (41s)
  step  450  JSR   -9.1  loss 16.2040  logE[BER] -6.323  P_det_soft 0.9881  (43s)
  step  475  JSR  -19.8  loss 54.7990  logE[BER] -47.987  P_det_soft 0.6812  (46s)
  step  500  JSR  -33.0  loss 109.2822  logE[BER] -107.963  P_det_soft 0.1319  (48s)
  step  525  JSR  -26.0  loss 85.6014  logE[BER] -83.091  P_det_soft 0.2511  (51s)
  step  550  JSR  -14.2  loss 22.3875  logE[BER] -12.578  P_det_soft 0.9809  (53s)
  step  575  JSR  -12.9  loss 17.0733  logE[BER] -7.193  P_det_soft 0.9880  (55s)
  step  600  JSR  -15.4  loss 18.0726  logE[BER] -8.703  P_det_soft 0.9370  (58s)
  step  625  JSR   -8.2  loss 15.9360  logE[BER] -6.055  P_det_soft 0.9881  (60s)
  step  650  JSR  -20.2  loss 62.8073  logE[BER] -57.001  P_det_soft 0.5807  (63s)
  step  675  JSR  -15.4  loss 16.5311  logE[BER] -7.292  P_det_soft 0.9239  (65s)
  step  700  JSR  -28.8  loss 89.8265  logE[BER] -87.998  P_det_soft 0.1829  (67s)
  step  725  JSR  -13.6  loss 17.8256  logE[BER] -7.994  P_det_soft 0.9832  (70s)
  step  750  JSR  -19.3  loss 29.7808  logE[BER] -23.054  P_det_soft 0.6726  (72s)
  step  775  JSR   -7.5  loss 15.7276  logE[BER] -5.855  P_det_soft 0.9873  (74s)
  step  800  JSR  -37.9  loss 116.1547  logE[BER] -114.597  P_det_soft 0.1558  (77s)
  step  825  JSR   -8.1  loss 15.8763  logE[BER] -5.978  P_det_soft 0.9898  (79s)
  step  850  JSR  -26.8  loss 82.5430  logE[BER] -80.176  P_det_soft 0.2367  (82s)
  step  875  JSR  -23.4  loss 48.5356  logE[BER] -45.860  P_det_soft 0.2675  (84s)
  step  900  JSR  -32.7  loss 104.3469  logE[BER] -102.399  P_det_soft 0.1948  (86s)
  step  925  JSR  -27.0  loss 56.9574  logE[BER] -54.980  P_det_soft 0.1977  (89s)
  step  950  JSR  -21.5  loss 43.6692  logE[BER] -38.907  P_det_soft 0.4762  (91s)
  step  975  JSR  -35.5  loss 118.1276  logE[BER] -116.598  P_det_soft 0.1530  (94s)
  step 1000  JSR  -25.5  loss 62.4219  logE[BER] -59.575  P_det_soft 0.2847  (96s)
  step 1025  JSR  -16.5  loss 16.7070  logE[BER] -7.917  P_det_soft 0.8790  (98s)
  step 1050  JSR  -35.1  loss 104.4065  logE[BER] -102.906  P_det_soft 0.1500  (101s)
  step 1075  JSR  -25.6  loss 67.5253  logE[BER] -64.995  P_det_soft 0.2531  (103s)
  step 1100  JSR  -39.1  loss 114.7576  logE[BER] -113.486  P_det_soft 0.1272  (105s)
  step 1125  JSR  -14.3  loss 16.4210  logE[BER] -6.818  P_det_soft 0.9603  (108s)
  step 1150  JSR  -12.7  loss 15.9768  logE[BER] -6.160  P_det_soft 0.9817  (110s)
  step 1175  JSR  -27.1  loss 62.7684  logE[BER] -60.262  P_det_soft 0.2507  (113s)
  step 1200  JSR  -13.0  loss 15.7930  logE[BER] -6.028  P_det_soft 0.9765  (115s)
  step 1225  JSR  -11.2  loss 15.7551  logE[BER] -5.885  P_det_soft 0.9870  (118s)
  step 1250  JSR  -11.5  loss 16.0663  logE[BER] -6.235  P_det_soft 0.9831  (120s)
  step 1275  JSR  -24.2  loss 58.3457  logE[BER] -55.017  P_det_soft 0.3329  (122s)
  step 1300  JSR  -15.6  loss 15.0861  logE[BER] -6.587  P_det_soft 0.8499  (125s)
  step 1325  JSR  -21.7  loss 22.4711  logE[BER] -19.066  P_det_soft 0.3405  (127s)
  step 1350  JSR  -32.8  loss 88.3104  logE[BER] -86.516  P_det_soft 0.1794  (130s)
  step 1375  JSR  -27.5  loss 59.8234  logE[BER] -58.134  P_det_soft 0.1689  (132s)
  step 1400  JSR  -23.4  loss 24.7046  logE[BER] -22.579  P_det_soft 0.2125  (134s)
  step 1425  JSR  -35.5  loss 94.4173  logE[BER] -92.761  P_det_soft 0.1657  (137s)
  step 1450  JSR  -30.0  loss 60.2389  logE[BER] -58.576  P_det_soft 0.1663  (139s)
  step 1475  JSR  -27.3  loss 47.7643  logE[BER] -45.933  P_det_soft 0.1832  (141s)
  step 1500  JSR  -37.8  loss 102.2406  logE[BER] -100.991  P_det_soft 0.1249  (144s)
  step 1525  JSR  -23.5  loss 22.9410  logE[BER] -20.319  P_det_soft 0.2622  (146s)
  step 1550  JSR  -37.8  loss 96.3602  logE[BER] -94.865  P_det_soft 0.1495  (149s)
  step 1575  JSR  -31.5  loss 68.9467  logE[BER] -67.461  P_det_soft 0.1485  (151s)
  step 1600  JSR  -25.6  loss 28.9258  logE[BER] -26.901  P_det_soft 0.2025  (153s)
  step 1625  JSR  -19.0  loss 9.4080  logE[BER] -6.112  P_det_soft 0.3296  (156s)
  step 1650  JSR  -31.5  loss 71.3344  logE[BER] -69.340  P_det_soft 0.1994  (158s)
  step 1675  JSR  -10.6  loss 15.1887  logE[BER] -5.334  P_det_soft 0.9855  (161s)
  step 1700  JSR  -25.4  loss 19.4021  logE[BER] -17.748  P_det_soft 0.1654  (163s)
  step 1725  JSR  -29.0  loss 47.4372  logE[BER] -45.825  P_det_soft 0.1612  (165s)
  step 1750  JSR  -32.4  loss 67.5720  logE[BER] -66.118  P_det_soft 0.1454  (168s)
  step 1775  JSR  -29.9  loss 53.9400  logE[BER] -52.026  P_det_soft 0.1914  (170s)
  step 1800  JSR  -29.9  loss 49.2141  logE[BER] -46.990  P_det_soft 0.2224  (173s)
  step 1825  JSR  -35.9  loss 89.0009  logE[BER] -86.742  P_det_soft 0.2259  (175s)
  step 1850  JSR  -18.4  loss 10.2784  logE[BER] -6.396  P_det_soft 0.3882  (177s)
  step 1875  JSR  -27.2  loss 39.4245  logE[BER] -37.392  P_det_soft 0.2032  (180s)
  step 1900  JSR   -7.4  loss 15.0871  logE[BER] -5.175  P_det_soft 0.9912  (182s)
  step 1925  JSR  -31.8  loss 61.8443  logE[BER] -59.605  P_det_soft 0.2239  (185s)
  step 1950  JSR  -16.5  loss 10.2423  logE[BER] -5.864  P_det_soft 0.4378  (187s)
  step 1975  JSR  -14.5  loss 12.0625  logE[BER] -5.438  P_det_soft 0.6625  (189s)
  step 2000  JSR  -18.6  loss 9.7673  logE[BER] -6.413  P_det_soft 0.3354  (192s)
  step 2025  JSR  -24.4  loss 19.0697  logE[BER] -17.316  P_det_soft 0.1753  (194s)
  step 2050  JSR  -23.1  loss 10.9962  logE[BER] -9.016  P_det_soft 0.1980  (196s)
  step 2075  JSR  -14.3  loss 11.5923  logE[BER] -5.685  P_det_soft 0.5907  (199s)
  step 2100  JSR  -19.0  loss 10.6240  logE[BER] -6.397  P_det_soft 0.4227  (201s)
  step 2125  JSR  -12.1  loss 13.8560  logE[BER] -5.426  P_det_soft 0.8430  (204s)
  step 2150  JSR  -30.6  loss 54.3702  logE[BER] -52.689  P_det_soft 0.1682  (206s)
  step 2175  JSR  -30.5  loss 55.7698  logE[BER] -54.475  P_det_soft 0.1295  (208s)
  step 2200  JSR  -26.5  loss 26.5992  logE[BER] -24.902  P_det_soft 0.1697  (211s)
  step 2225  JSR  -22.9  loss 11.6264  logE[BER] -9.410  P_det_soft 0.2216  (213s)
  step 2250  JSR  -37.7  loss 93.7697  logE[BER] -92.530  P_det_soft 0.1239  (216s)
  step 2275  JSR  -17.0  loss 9.9986  logE[BER] -6.168  P_det_soft 0.3830  (218s)
  step 2300  JSR  -30.5  loss 52.4192  logE[BER] -51.142  P_det_soft 0.1278  (220s)
  step 2325  JSR  -31.7  loss 68.2705  logE[BER] -66.675  P_det_soft 0.1596  (223s)
  step 2350  JSR  -12.2  loss 13.4064  logE[BER] -5.385  P_det_soft 0.8021  (225s)
  step 2375  JSR   -8.2  loss 15.2270  logE[BER] -5.313  P_det_soft 0.9914  (227s)
  step 2400  JSR  -19.3  loss 8.2265  logE[BER] -6.231  P_det_soft 0.1995  (230s)
  step 2425  JSR  -14.1  loss 11.9755  logE[BER] -5.554  P_det_soft 0.6422  (232s)
  step 2450  JSR  -20.6  loss 8.8494  logE[BER] -6.483  P_det_soft 0.2367  (235s)
  step 2475  JSR  -35.6  loss 82.0499  logE[BER] -80.370  P_det_soft 0.1680  (237s)
  step 2500  JSR  -20.1  loss 9.4416  logE[BER] -6.591  P_det_soft 0.2851  (239s)
  step 2525  JSR  -33.8  loss 75.5596  logE[BER] -73.767  P_det_soft 0.1793  (242s)
  step 2550  JSR  -13.5  loss 13.0471  logE[BER] -5.850  P_det_soft 0.7197  (244s)
  step 2575  JSR   -7.3  loss 15.0678  logE[BER] -5.191  P_det_soft 0.9877  (247s)
  step 2600  JSR  -15.5  loss 10.6286  logE[BER] -5.819  P_det_soft 0.4810  (249s)
  step 2625  JSR  -31.2  loss 52.9663  logE[BER] -51.628  P_det_soft 0.1338  (251s)
  step 2650  JSR  -28.9  loss 42.2325  logE[BER] -40.464  P_det_soft 0.1768  (254s)
  step 2675  JSR  -34.9  loss 75.1760  logE[BER] -73.836  P_det_soft 0.1340  (256s)
  step 2700  JSR  -14.2  loss 12.0238  logE[BER] -5.779  P_det_soft 0.6244  (258s)
  step 2725  JSR  -29.4  loss 47.8438  logE[BER] -46.275  P_det_soft 0.1569  (261s)
  step 2750  JSR  -33.7  loss 74.9571  logE[BER] -73.272  P_det_soft 0.1685  (263s)
  step 2775  JSR  -12.4  loss 13.8555  logE[BER] -5.643  P_det_soft 0.8212  (266s)
  step 2800  JSR  -22.8  loss 10.6134  logE[BER] -8.225  P_det_soft 0.2388  (268s)
  step 2825  JSR  -28.8  loss 41.5911  logE[BER] -39.786  P_det_soft 0.1805  (270s)
  step 2850  JSR  -38.6  loss 94.9498  logE[BER] -93.469  P_det_soft 0.1481  (273s)
  step 2875  JSR  -15.7  loss 10.5261  logE[BER] -5.667  P_det_soft 0.4859  (275s)
  step 2900  JSR  -25.3  loss 25.3501  logE[BER] -22.746  P_det_soft 0.2605  (278s)
  step 2925  JSR  -21.6  loss 9.6292  logE[BER] -7.379  P_det_soft 0.2250  (280s)
  step 2950  JSR  -13.5  loss 12.1171  logE[BER] -5.679  P_det_soft 0.6438  (282s)
  step 2975  JSR  -16.8  loss 9.1601  logE[BER] -5.808  P_det_soft 0.3352  (285s)
  step 3000  JSR  -15.0  loss 10.3806  logE[BER] -5.485  P_det_soft 0.4896  (287s)
  step 3025  JSR  -35.7  loss 78.7104  logE[BER] -77.557  P_det_soft 0.1154  (289s)
  step 3050  JSR  -33.5  loss 68.6686  logE[BER] -66.806  P_det_soft 0.1863  (292s)
  step 3075  JSR  -22.1  loss 9.3602  logE[BER] -7.569  P_det_soft 0.1791  (294s)
  step 3100  JSR  -26.3  loss 24.1811  logE[BER] -22.376  P_det_soft 0.1805  (297s)
  step 3125  JSR  -39.1  loss 98.5570  logE[BER] -97.057  P_det_soft 0.1500  (299s)
  step 3150  JSR  -12.0  loss 13.6422  logE[BER] -5.512  P_det_soft 0.8130  (301s)
  step 3175  JSR  -12.4  loss 12.6973  logE[BER] -5.389  P_det_soft 0.7308  (304s)
  step 3200  JSR  -37.3  loss 94.9434  logE[BER] -93.577  P_det_soft 0.1367  (306s)
  step 3225  JSR  -32.9  loss 62.8350  logE[BER] -61.240  P_det_soft 0.1595  (309s)
  step 3250  JSR  -38.2  loss 90.5557  logE[BER] -89.124  P_det_soft 0.1432  (311s)
  step 3275  JSR  -25.2  loss 16.1433  logE[BER] -14.333  P_det_soft 0.1810  (313s)
  step 3300  JSR  -16.4  loss 9.8332  logE[BER] -5.688  P_det_soft 0.4145  (316s)
  step 3325  JSR  -38.8  loss 101.1510  logE[BER] -99.426  P_det_soft 0.1725  (318s)
  step 3350  JSR  -31.6  loss 63.2989  logE[BER] -61.884  P_det_soft 0.1415  (320s)
  step 3375  JSR  -14.4  loss 10.8982  logE[BER] -5.571  P_det_soft 0.5327  (323s)
  step 3400  JSR  -15.5  loss 10.4971  logE[BER] -5.545  P_det_soft 0.4953  (325s)
  step 3425  JSR  -28.2  loss 32.6102  logE[BER] -30.774  P_det_soft 0.1836  (328s)
  step 3450  JSR  -35.6  loss 77.3446  logE[BER] -75.575  P_det_soft 0.1770  (330s)
  step 3475  JSR  -10.3  loss 14.3647  logE[BER] -5.329  P_det_soft 0.9036  (332s)
  step 3500  JSR  -35.7  loss 80.1124  logE[BER] -78.033  P_det_soft 0.2080  (335s)
  step 3525  JSR   -9.1  loss 14.6737  logE[BER] -5.012  P_det_soft 0.9662  (337s)
  step 3550  JSR  -10.4  loss 14.4097  logE[BER] -5.398  P_det_soft 0.9012  (340s)
  step 3575  JSR  -33.7  loss 73.8140  logE[BER] -71.803  P_det_soft 0.2011  (342s)
  step 3600  JSR  -29.5  loss 54.9980  logE[BER] -53.192  P_det_soft 0.1806  (344s)
  step 3625  JSR   -8.7  loss 14.8167  logE[BER] -5.138  P_det_soft 0.9679  (347s)
  step 3650  JSR  -32.2  loss 60.7524  logE[BER] -59.495  P_det_soft 0.1257  (349s)
  step 3675  JSR  -35.9  loss 84.7148  logE[BER] -83.124  P_det_soft 0.1590  (352s)
  step 3700  JSR  -28.3  loss 34.5152  logE[BER] -32.940  P_det_soft 0.1575  (354s)
  step 3725  JSR  -28.6  loss 32.3524  logE[BER] -30.845  P_det_soft 0.1507  (356s)
  step 3750  JSR  -25.7  loss 19.5181  logE[BER] -17.576  P_det_soft 0.1943  (359s)
  step 3775  JSR  -30.2  loss 57.8154  logE[BER] -56.159  P_det_soft 0.1656  (361s)
  step 3800  JSR   -9.6  loss 14.6637  logE[BER] -5.295  P_det_soft 0.9368  (363s)
  step 3825  JSR  -10.6  loss 13.9946  logE[BER] -5.350  P_det_soft 0.8644  (366s)
  step 3850  JSR  -23.2  loss 11.0208  logE[BER] -9.073  P_det_soft 0.1947  (368s)
  step 3875  JSR  -16.6  loss 9.7382  logE[BER] -6.065  P_det_soft 0.3673  (371s)
  step 3900  JSR  -22.4  loss 10.6012  logE[BER] -8.609  P_det_soft 0.1992  (373s)
  step 3925  JSR  -12.7  loss 12.1343  logE[BER] -5.440  P_det_soft 0.6694  (375s)
  step 3950  JSR  -14.4  loss 10.9400  logE[BER] -5.550  P_det_soft 0.5390  (378s)
  step 3975  JSR  -11.0  loss 13.6415  logE[BER] -5.407  P_det_soft 0.8234  (380s)
  step 3999  JSR  -24.7  loss 13.1809  logE[BER] -11.686  P_det_soft 0.1495  (382s)
wrote gan/cnn_b10_r0_G.pt, gan/cnn_b10_r0.json in 389s
