node: tikgpu05.ee.ethz.ch | gpu: NVIDIA TITAN RTX
env both = {'noise_unc_db': 0.5, 'rician_k_db': 12.0} | task energy_b10_r0 = {'target': 'energy', 'beta': 10.0, 'cgan_task': 2} | seed 4002 | band (-8.3, 0.0) | 128 frames/step | 4000 steps | device cuda:0
  target energy: threshold 1.61169, clean-frame std 0.335706 (soft_pdet width)
  step    0  JSR   -1.7  loss 8.8353  logE[BER] -6.554  P_det_soft 0.2282  (1s)
  step   25  JSR   -7.7  loss 7.1909  logE[BER] -5.087  P_det_soft 0.2104  (2s)
  step   50  JSR   -3.6  loss 5.7104  logE[BER] -3.379  P_det_soft 0.2332  (2s)
  step   75  JSR   -1.5  loss 6.0702  logE[BER] -2.671  P_det_soft 0.3399  (3s)
  step  100  JSR   -3.1  loss 5.8731  logE[BER] -3.240  P_det_soft 0.2633  (4s)
  step  125  JSR   -5.5  loss 6.2057  logE[BER] -3.947  P_det_soft 0.2259  (4s)
  step  150  JSR   -0.1  loss 6.7540  logE[BER] -2.609  P_det_soft 0.4145  (5s)
  step  175  JSR   -1.5  loss 6.0354  logE[BER] -2.798  P_det_soft 0.3238  (6s)
  step  200  JSR   -2.6  loss 5.5107  logE[BER] -3.129  P_det_soft 0.2382  (6s)
  step  225  JSR   -0.5  loss 7.0125  logE[BER] -2.528  P_det_soft 0.4485  (7s)
  step  250  JSR   -6.3  loss 6.7500  logE[BER] -4.657  P_det_soft 0.2093  (8s)
  step  275  JSR   -6.0  loss 6.3456  logE[BER] -4.177  P_det_soft 0.2168  (8s)
  step  300  JSR   -3.0  loss 5.6804  logE[BER] -3.069  P_det_soft 0.2612  (9s)
  step  325  JSR   -0.6  loss 7.0137  logE[BER] -2.654  P_det_soft 0.4360  (10s)
  step  350  JSR   -7.8  loss 6.9821  logE[BER] -4.840  P_det_soft 0.2142  (10s)
  step  375  JSR   -4.5  loss 6.2685  logE[BER] -3.833  P_det_soft 0.2435  (11s)
  step  400  JSR   -7.4  loss 6.5661  logE[BER] -4.669  P_det_soft 0.1897  (12s)
  step  425  JSR   -3.8  loss 5.9094  logE[BER] -3.091  P_det_soft 0.2818  (12s)
  step  450  JSR   -4.9  loss 5.7652  logE[BER] -3.474  P_det_soft 0.2292  (13s)
  step  475  JSR   -5.1  loss 6.3365  logE[BER] -3.956  P_det_soft 0.2381  (14s)
  step  500  JSR   -2.8  loss 6.0260  logE[BER] -3.130  P_det_soft 0.2896  (14s)
  step  525  JSR   -2.7  loss 6.0835  logE[BER] -3.101  P_det_soft 0.2983  (15s)
  step  550  JSR   -0.9  loss 6.4100  logE[BER] -2.854  P_det_soft 0.3556  (16s)
  step  575  JSR   -8.1  loss 7.5302  logE[BER] -5.552  P_det_soft 0.1978  (16s)
  step  600  JSR   -0.9  loss 6.3172  logE[BER] -2.639  P_det_soft 0.3678  (17s)
  step  625  JSR   -4.9  loss 6.3724  logE[BER] -3.980  P_det_soft 0.2392  (18s)
  step  650  JSR   -5.4  loss 6.4941  logE[BER] -3.582  P_det_soft 0.2912  (18s)
  step  675  JSR   -0.9  loss 6.4839  logE[BER] -2.735  P_det_soft 0.3749  (19s)
  step  700  JSR   -5.4  loss 6.2908  logE[BER] -3.707  P_det_soft 0.2584  (20s)
  step  725  JSR   -3.0  loss 6.0844  logE[BER] -3.121  P_det_soft 0.2964  (20s)
  step  750  JSR   -3.5  loss 5.5766  logE[BER] -2.908  P_det_soft 0.2668  (21s)
  step  775  JSR   -4.9  loss 5.8781  logE[BER] -3.646  P_det_soft 0.2232  (22s)
  step  800  JSR   -6.9  loss 6.7660  logE[BER] -4.525  P_det_soft 0.2241  (22s)
  step  825  JSR   -3.9  loss 5.9364  logE[BER] -3.117  P_det_soft 0.2819  (23s)
  step  850  JSR   -4.3  loss 5.7218  logE[BER] -3.256  P_det_soft 0.2466  (24s)
  step  875  JSR   -7.7  loss 7.1513  logE[BER] -5.123  P_det_soft 0.2028  (25s)
  step  900  JSR   -0.4  loss 6.7944  logE[BER] -2.650  P_det_soft 0.4144  (25s)
  step  925  JSR   -7.5  loss 6.6902  logE[BER] -4.375  P_det_soft 0.2316  (26s)
  step  950  JSR   -6.5  loss 6.4261  logE[BER] -4.130  P_det_soft 0.2296  (27s)
  step  975  JSR   -0.5  loss 6.5153  logE[BER] -2.724  P_det_soft 0.3792  (27s)
  step 1000  JSR   -4.7  loss 5.9475  logE[BER] -3.415  P_det_soft 0.2532  (28s)
  step 1025  JSR   -6.9  loss 6.4640  logE[BER] -4.198  P_det_soft 0.2266  (29s)
  step 1050  JSR   -2.3  loss 5.8401  logE[BER] -3.054  P_det_soft 0.2786  (29s)
  step 1075  JSR   -3.7  loss 5.8924  logE[BER] -3.061  P_det_soft 0.2832  (30s)
  step 1100  JSR   -1.1  loss 6.3196  logE[BER] -2.673  P_det_soft 0.3647  (31s)
  step 1125  JSR   -4.6  loss 6.0502  logE[BER] -3.405  P_det_soft 0.2646  (31s)
  step 1150  JSR   -7.7  loss 6.5672  logE[BER] -4.486  P_det_soft 0.2081  (32s)
  step 1175  JSR   -3.1  loss 5.8673  logE[BER] -2.957  P_det_soft 0.2911  (33s)
  step 1200  JSR   -0.8  loss 6.3916  logE[BER] -2.586  P_det_soft 0.3806  (33s)
  step 1225  JSR   -8.1  loss 7.6805  logE[BER] -5.342  P_det_soft 0.2339  (34s)
  step 1250  JSR   -0.6  loss 6.7461  logE[BER] -2.626  P_det_soft 0.4120  (35s)
  step 1275  JSR   -1.4  loss 6.1701  logE[BER] -2.795  P_det_soft 0.3375  (36s)
  step 1300  JSR   -1.6  loss 6.5796  logE[BER] -2.741  P_det_soft 0.3838  (36s)
  step 1325  JSR   -3.1  loss 5.7659  logE[BER] -2.944  P_det_soft 0.2822  (37s)
  step 1350  JSR   -8.2  loss 6.9514  logE[BER] -4.822  P_det_soft 0.2129  (38s)
  step 1375  JSR   -3.3  loss 5.5475  logE[BER] -3.119  P_det_soft 0.2428  (38s)
  step 1400  JSR   -3.5  loss 5.8701  logE[BER] -2.985  P_det_soft 0.2885  (39s)
  step 1425  JSR   -8.1  loss 6.7333  logE[BER] -4.828  P_det_soft 0.1905  (40s)
  step 1450  JSR   -5.8  loss 5.8689  logE[BER] -3.525  P_det_soft 0.2344  (40s)
  step 1475  JSR   -1.8  loss 6.2102  logE[BER] -2.764  P_det_soft 0.3446  (41s)
  step 1500  JSR   -5.3  loss 6.1637  logE[BER] -3.594  P_det_soft 0.2570  (42s)
  step 1525  JSR   -4.4  loss 5.7978  logE[BER] -3.245  P_det_soft 0.2553  (42s)
  step 1550  JSR   -0.4  loss 6.3744  logE[BER] -2.671  P_det_soft 0.3703  (43s)
  step 1575  JSR   -7.1  loss 6.7143  logE[BER] -4.711  P_det_soft 0.2003  (44s)
  step 1600  JSR   -0.9  loss 6.6469  logE[BER] -2.640  P_det_soft 0.4007  (44s)
  step 1625  JSR   -7.9  loss 7.6768  logE[BER] -5.292  P_det_soft 0.2384  (45s)
  step 1650  JSR   -6.0  loss 5.9968  logE[BER] -3.875  P_det_soft 0.2122  (46s)
  step 1675  JSR   -7.5  loss 7.2068  logE[BER] -4.825  P_det_soft 0.2382  (47s)
  step 1700  JSR   -4.5  loss 6.0593  logE[BER] -3.418  P_det_soft 0.2641  (47s)
  step 1725  JSR   -3.3  loss 6.0950  logE[BER] -3.206  P_det_soft 0.2889  (48s)
  step 1750  JSR   -5.9  loss 6.1211  logE[BER] -3.935  P_det_soft 0.2186  (49s)
  step 1775  JSR   -5.9  loss 6.5022  logE[BER] -4.048  P_det_soft 0.2454  (49s)
  step 1800  JSR   -3.3  loss 5.7192  logE[BER] -3.058  P_det_soft 0.2662  (50s)
  step 1825  JSR   -2.3  loss 6.1939  logE[BER] -2.758  P_det_soft 0.3436  (51s)
  step 1850  JSR   -0.3  loss 6.6695  logE[BER] -2.566  P_det_soft 0.4104  (51s)
  step 1875  JSR   -7.6  loss 6.9043  logE[BER] -4.748  P_det_soft 0.2156  (52s)
  step 1900  JSR   -1.6  loss 5.9007  logE[BER] -2.802  P_det_soft 0.3099  (53s)
  step 1925  JSR   -5.0  loss 6.1131  logE[BER] -3.848  P_det_soft 0.2265  (53s)
  step 1950  JSR   -5.2  loss 5.6902  logE[BER] -3.336  P_det_soft 0.2354  (54s)
  step 1975  JSR   -0.1  loss 7.3316  logE[BER] -2.600  P_det_soft 0.4731  (55s)
  step 2000  JSR   -4.6  loss 6.1359  logE[BER] -3.569  P_det_soft 0.2567  (56s)
  step 2025  JSR   -2.6  loss 6.4108  logE[BER] -2.941  P_det_soft 0.3470  (56s)
  step 2050  JSR   -4.2  loss 5.4946  logE[BER] -2.956  P_det_soft 0.2539  (57s)
  step 2075  JSR   -2.4  loss 6.0123  logE[BER] -2.863  P_det_soft 0.3149  (58s)
  step 2100  JSR   -7.7  loss 7.0215  logE[BER] -4.988  P_det_soft 0.2034  (58s)
  step 2125  JSR   -1.7  loss 6.1511  logE[BER] -2.769  P_det_soft 0.3382  (59s)
  step 2150  JSR   -8.0  loss 6.7340  logE[BER] -4.567  P_det_soft 0.2167  (60s)
  step 2175  JSR   -3.3  loss 5.9046  logE[BER] -3.018  P_det_soft 0.2886  (60s)
  step 2200  JSR   -8.2  loss 7.5016  logE[BER] -5.345  P_det_soft 0.2157  (61s)
  step 2225  JSR   -0.5  loss 7.1218  logE[BER] -2.584  P_det_soft 0.4538  (62s)
  step 2250  JSR   -5.7  loss 5.6789  logE[BER] -3.449  P_det_soft 0.2230  (62s)
  step 2275  JSR   -2.6  loss 6.0084  logE[BER] -3.011  P_det_soft 0.2998  (63s)
  step 2300  JSR   -2.2  loss 6.0370  logE[BER] -2.887  P_det_soft 0.3150  (64s)
  step 2325  JSR   -3.7  loss 5.8409  logE[BER] -3.168  P_det_soft 0.2672  (64s)
  step 2350  JSR   -4.3  loss 6.4032  logE[BER] -3.377  P_det_soft 0.3026  (65s)
  step 2375  JSR   -4.7  loss 5.8293  logE[BER] -3.358  P_det_soft 0.2471  (66s)
  step 2400  JSR   -4.9  loss 5.8529  logE[BER] -3.493  P_det_soft 0.2360  (67s)
  step 2425  JSR   -5.5  loss 5.9545  logE[BER] -3.682  P_det_soft 0.2272  (67s)
  step 2450  JSR   -3.0  loss 5.5161  logE[BER] -2.964  P_det_soft 0.2552  (68s)
  step 2475  JSR   -6.5  loss 6.7006  logE[BER] -4.094  P_det_soft 0.2606  (69s)
  step 2500  JSR   -1.6  loss 6.1782  logE[BER] -2.740  P_det_soft 0.3438  (69s)
  step 2525  JSR   -4.9  loss 6.0175  logE[BER] -3.479  P_det_soft 0.2538  (70s)
  step 2550  JSR   -8.3  loss 8.2014  logE[BER] -5.935  P_det_soft 0.2266  (71s)
  step 2575  JSR   -0.2  loss 6.4335  logE[BER] -2.645  P_det_soft 0.3788  (71s)
  step 2600  JSR   -5.2  loss 6.1681  logE[BER] -3.656  P_det_soft 0.2512  (72s)
  step 2625  JSR   -0.5  loss 6.3368  logE[BER] -2.648  P_det_soft 0.3689  (73s)
  step 2650  JSR   -6.1  loss 6.5258  logE[BER] -4.207  P_det_soft 0.2319  (73s)
  step 2675  JSR   -5.6  loss 6.5492  logE[BER] -4.103  P_det_soft 0.2446  (74s)
  step 2700  JSR   -0.3  loss 6.7771  logE[BER] -2.629  P_det_soft 0.4148  (75s)
  step 2725  JSR   -3.1  loss 5.8476  logE[BER] -3.022  P_det_soft 0.2826  (76s)
  step 2750  JSR   -4.6  loss 5.9165  logE[BER] -3.327  P_det_soft 0.2590  (76s)
  step 2775  JSR   -8.1  loss 6.6123  logE[BER] -4.750  P_det_soft 0.1863  (77s)
  step 2800  JSR   -6.0  loss 6.0088  logE[BER] -3.854  P_det_soft 0.2155  (78s)
  step 2825  JSR   -5.7  loss 5.5892  logE[BER] -3.557  P_det_soft 0.2032  (78s)
  step 2850  JSR   -6.6  loss 5.9963  logE[BER] -3.754  P_det_soft 0.2242  (79s)
  step 2875  JSR   -4.1  loss 5.8839  logE[BER] -3.170  P_det_soft 0.2713  (80s)
  step 2900  JSR   -2.6  loss 6.1051  logE[BER] -2.787  P_det_soft 0.3318  (80s)
  step 2925  JSR   -6.7  loss 6.2621  logE[BER] -3.866  P_det_soft 0.2396  (81s)
  step 2950  JSR   -6.1  loss 5.5395  logE[BER] -3.269  P_det_soft 0.2271  (82s)
  step 2975  JSR   -7.6  loss 6.4478  logE[BER] -4.046  P_det_soft 0.2402  (82s)
  step 3000  JSR   -2.3  loss 6.0756  logE[BER] -3.030  P_det_soft 0.3046  (83s)
  step 3025  JSR   -4.7  loss 5.5354  logE[BER] -3.161  P_det_soft 0.2375  (84s)
  step 3050  JSR   -0.0  loss 7.0905  logE[BER] -2.599  P_det_soft 0.4492  (84s)
  step 3075  JSR   -6.8  loss 6.5966  logE[BER] -4.277  P_det_soft 0.2319  (85s)
  step 3100  JSR   -4.7  loss 5.7787  logE[BER] -3.387  P_det_soft 0.2391  (86s)
  step 3125  JSR   -7.2  loss 7.4642  logE[BER] -4.970  P_det_soft 0.2494  (87s)
  step 3150  JSR   -8.2  loss 7.2872  logE[BER] -5.033  P_det_soft 0.2254  (87s)
  step 3175  JSR   -5.2  loss 5.6774  logE[BER] -3.303  P_det_soft 0.2375  (88s)
  step 3200  JSR   -7.8  loss 6.5537  logE[BER] -4.593  P_det_soft 0.1961  (89s)
  step 3225  JSR   -3.8  loss 6.0728  logE[BER] -3.141  P_det_soft 0.2932  (89s)
  step 3250  JSR   -5.1  loss 5.9106  logE[BER] -3.304  P_det_soft 0.2607  (90s)
  step 3275  JSR   -2.7  loss 6.2203  logE[BER] -2.937  P_det_soft 0.3283  (91s)
  step 3300  JSR   -4.3  loss 5.8929  logE[BER] -3.518  P_det_soft 0.2375  (91s)
  step 3325  JSR   -4.5  loss 6.1309  logE[BER] -3.369  P_det_soft 0.2762  (92s)
  step 3350  JSR   -1.0  loss 6.5463  logE[BER] -2.719  P_det_soft 0.3827  (93s)
  step 3375  JSR   -1.4  loss 6.3859  logE[BER] -2.713  P_det_soft 0.3673  (93s)
  step 3400  JSR   -5.4  loss 5.9774  logE[BER] -3.415  P_det_soft 0.2563  (94s)
  step 3425  JSR   -5.5  loss 5.9382  logE[BER] -3.412  P_det_soft 0.2526  (95s)
  step 3450  JSR   -1.8  loss 6.4913  logE[BER] -2.822  P_det_soft 0.3670  (96s)
  step 3475  JSR   -1.6  loss 6.3877  logE[BER] -2.828  P_det_soft 0.3560  (96s)
  step 3500  JSR   -2.6  loss 6.1988  logE[BER] -2.899  P_det_soft 0.3300  (97s)
  step 3525  JSR   -4.9  loss 5.8579  logE[BER] -3.365  P_det_soft 0.2493  (98s)
  step 3550  JSR   -6.2  loss 6.2240  logE[BER] -3.766  P_det_soft 0.2458  (98s)
  step 3575  JSR   -8.1  loss 6.5063  logE[BER] -4.456  P_det_soft 0.2050  (99s)
  step 3600  JSR   -3.6  loss 5.8385  logE[BER] -3.411  P_det_soft 0.2427  (100s)
  step 3625  JSR   -1.5  loss 6.2267  logE[BER] -2.746  P_det_soft 0.3480  (100s)
  step 3650  JSR   -4.1  loss 6.1566  logE[BER] -3.278  P_det_soft 0.2879  (101s)
  step 3675  JSR   -8.2  loss 7.6191  logE[BER] -5.671  P_det_soft 0.1949  (102s)
  step 3700  JSR   -4.2  loss 5.7210  logE[BER] -3.321  P_det_soft 0.2400  (102s)
  step 3725  JSR   -1.1  loss 6.3162  logE[BER] -2.765  P_det_soft 0.3552  (103s)
  step 3750  JSR   -1.8  loss 5.8310  logE[BER] -2.756  P_det_soft 0.3075  (104s)
  step 3775  JSR   -7.9  loss 7.2798  logE[BER] -5.160  P_det_soft 0.2120  (105s)
  step 3800  JSR   -1.0  loss 6.6713  logE[BER] -2.693  P_det_soft 0.3978  (105s)
  step 3825  JSR   -3.9  loss 5.7990  logE[BER] -3.145  P_det_soft 0.2653  (106s)
  step 3850  JSR   -1.9  loss 6.0402  logE[BER] -2.852  P_det_soft 0.3188  (107s)
  step 3875  JSR   -4.3  loss 5.7504  logE[BER] -3.127  P_det_soft 0.2624  (107s)
  step 3900  JSR   -3.6  loss 5.7765  logE[BER] -3.001  P_det_soft 0.2776  (108s)
  step 3925  JSR   -2.4  loss 6.3761  logE[BER] -2.903  P_det_soft 0.3473  (109s)
  step 3950  JSR   -2.9  loss 5.9241  logE[BER] -3.026  P_det_soft 0.2898  (109s)
  step 3975  JSR   -4.7  loss 5.9116  logE[BER] -3.308  P_det_soft 0.2604  (110s)
  step 3999  JSR   -5.9  loss 6.2329  logE[BER] -3.802  P_det_soft 0.2431  (111s)
wrote gan/energy_b10_r0_G.pt, gan/energy_b10_r0.json in 111s
