node: tikgpu04.ee.ethz.ch | gpu: NVIDIA TITAN RTX
env base = {'noise_unc_db': 0.0, 'rician_k_db': None} | task cnn_li_r0 = {'target': 'spec_cnn', 'beta': 10.0, 'cgan_task': 14, 'damage': 'per', 'band': (-10.0, 0.0), 'init': 'cnn_b10'} | seed 4014 | band (-10.0, 0.0) | 32 frames/step | 4000 steps | init ../artifacts/final/base/gan/cnn_b10_r0_G.pt | damage per | device cuda:0
  target spec_cnn: threshold -2.00681, clean-frame std 1.19308 (soft_pdet width)
  step    0  JSR   -2.8  loss 10.0480  logE[PER] -0.065  P_det_soft 0.9983  (1s)
  step   25  JSR   -3.5  loss 10.2758  logE[PER] -0.295  P_det_soft 0.9981  (3s)
  step   50  JSR   -1.6  loss 10.0133  logE[PER] -0.032  P_det_soft 0.9982  (5s)
  step   75  JSR   -9.4  loss 10.1887  logE[PER] -0.323  P_det_soft 0.9865  (8s)
  step  100  JSR   -6.5  loss 10.1732  logE[PER] -0.193  P_det_soft 0.9980  (10s)
  step  125  JSR   -8.7  loss 10.1927  logE[PER] -0.253  P_det_soft 0.9940  (13s)
  step  150  JSR   -8.8  loss 10.1081  logE[PER] -0.230  P_det_soft 0.9878  (15s)
  step  175  JSR   -2.1  loss 10.0254  logE[PER] -0.065  P_det_soft 0.9961  (17s)
  step  200  JSR   -7.4  loss 9.9953  logE[PER] -0.032  P_det_soft 0.9964  (20s)
  step  225  JSR   -7.6  loss 9.9574  logE[PER] -0.003  P_det_soft 0.9955  (22s)
  step  250  JSR   -3.3  loss 10.0089  logE[PER] -0.065  P_det_soft 0.9944  (25s)
  step  275  JSR   -1.9  loss 9.9614  logE[PER] -0.032  P_det_soft 0.9930  (27s)
  step  300  JSR   -9.3  loss 10.0331  logE[PER] -0.152  P_det_soft 0.9882  (30s)
  step  325  JSR   -9.1  loss 10.0378  logE[PER] -0.142  P_det_soft 0.9895  (32s)
  step  350  JSR   -2.1  loss 9.8930  logE[PER] -0.000  P_det_soft 0.9893  (35s)
  step  375  JSR   -5.7  loss 9.8902  logE[PER] -0.041  P_det_soft 0.9849  (37s)
  step  400  JSR   -3.1  loss 9.8757  logE[PER] -0.063  P_det_soft 0.9813  (39s)
  step  425  JSR   -9.5  loss 9.8897  logE[PER] -0.187  P_det_soft 0.9703  (42s)
  step  450  JSR   -0.6  loss 9.7807  logE[PER] -0.000  P_det_soft 0.9781  (44s)
  step  475  JSR   -3.9  loss 9.5524  logE[PER] -0.065  P_det_soft 0.9487  (47s)
  step  500  JSR   -8.0  loss 9.8839  logE[PER] -0.308  P_det_soft 0.9576  (49s)
  step  525  JSR   -5.8  loss 9.4176  logE[PER] -0.083  P_det_soft 0.9335  (52s)
  step  550  JSR   -2.1  loss 9.1140  logE[PER] -0.065  P_det_soft 0.9049  (54s)
  step  575  JSR   -1.8  loss 9.0252  logE[PER] -0.000  P_det_soft 0.9025  (57s)
  step  600  JSR   -2.5  loss 8.8116  logE[PER] -0.000  P_det_soft 0.8812  (59s)
  step  625  JSR   -0.3  loss 7.6773  logE[PER] -0.032  P_det_soft 0.7646  (61s)
  step  650  JSR   -4.0  loss 6.2472  logE[PER] -0.126  P_det_soft 0.6121  (64s)
  step  675  JSR   -2.5  loss 5.0472  logE[PER] -0.029  P_det_soft 0.5018  (66s)
  step  700  JSR   -6.7  loss 6.9949  logE[PER] -0.218  P_det_soft 0.6777  (69s)
  step  725  JSR   -2.0  loss 2.8670  logE[PER] -0.117  P_det_soft 0.2750  (71s)
  step  750  JSR   -3.8  loss 3.6177  logE[PER] -0.284  P_det_soft 0.3334  (74s)
  step  775  JSR   -0.1  loss 3.4446  logE[PER] -0.000  P_det_soft 0.3445  (76s)
  step  800  JSR   -9.6  loss 9.2157  logE[PER] -1.000  P_det_soft 0.8216  (79s)
  step  825  JSR   -0.2  loss 3.9398  logE[PER] -0.078  P_det_soft 0.3861  (81s)
  step  850  JSR   -6.1  loss 5.2664  logE[PER] -0.608  P_det_soft 0.4659  (84s)
  step  875  JSR   -5.0  loss 3.8807  logE[PER] -0.445  P_det_soft 0.3436  (86s)
  step  900  JSR   -7.9  loss 6.9004  logE[PER] -0.766  P_det_soft 0.6135  (88s)
  step  925  JSR   -6.1  loss 3.7293  logE[PER] -0.325  P_det_soft 0.3404  (91s)
  step  950  JSR   -4.4  loss 3.0010  logE[PER] -0.493  P_det_soft 0.2508  (93s)
  step  975  JSR   -8.8  loss 9.6767  logE[PER] -2.130  P_det_soft 0.7546  (96s)
  step 1000  JSR   -5.7  loss 3.8652  logE[PER] -0.641  P_det_soft 0.3224  (98s)
  step 1025  JSR   -2.9  loss 1.9479  logE[PER] -0.281  P_det_soft 0.1667  (101s)
  step 1050  JSR   -8.7  loss 8.2532  logE[PER] -0.982  P_det_soft 0.7272  (103s)
  step 1075  JSR   -5.7  loss 3.8723  logE[PER] -0.571  P_det_soft 0.3302  (106s)
  step 1100  JSR   -9.9  loss 10.5803  logE[PER] -2.302  P_det_soft 0.8278  (108s)
  step 1125  JSR   -2.2  loss 1.6507  logE[PER] -0.055  P_det_soft 0.1596  (111s)
  step 1150  JSR   -1.7  loss 1.3099  logE[PER] -0.096  P_det_soft 0.1214  (113s)
  step 1175  JSR   -6.2  loss 3.7183  logE[PER] -0.606  P_det_soft 0.3112  (116s)
  step 1200  JSR   -1.8  loss 1.6594  logE[PER] -0.135  P_det_soft 0.1524  (118s)
  step 1225  JSR   -1.2  loss 1.4328  logE[PER] -0.148  P_det_soft 0.1285  (121s)
  step 1250  JSR   -1.3  loss 1.5083  logE[PER] -0.069  P_det_soft 0.1439  (123s)
  step 1275  JSR   -5.3  loss 2.7587  logE[PER] -0.378  P_det_soft 0.2381  (125s)
  step 1300  JSR   -2.6  loss 1.4596  logE[PER] -0.105  P_det_soft 0.1354  (128s)
  step 1325  JSR   -4.5  loss 2.2470  logE[PER] -0.283  P_det_soft 0.1964  (130s)
  step 1350  JSR   -8.0  loss 6.5588  logE[PER] -0.709  P_det_soft 0.5850  (133s)
  step 1375  JSR   -6.3  loss 3.4491  logE[PER] -0.501  P_det_soft 0.2948  (135s)
  step 1400  JSR   -5.0  loss 2.4907  logE[PER] -0.529  P_det_soft 0.1962  (138s)
  step 1425  JSR   -8.8  loss 7.7808  logE[PER] -1.345  P_det_soft 0.6435  (140s)
  step 1450  JSR   -7.1  loss 4.1039  logE[PER] -0.559  P_det_soft 0.3545  (143s)
  step 1475  JSR   -6.3  loss 3.9424  logE[PER] -0.733  P_det_soft 0.3210  (145s)
  step 1500  JSR   -9.5  loss 8.7656  logE[PER] -1.364  P_det_soft 0.7401  (148s)
  step 1525  JSR   -5.0  loss 2.4462  logE[PER] -0.465  P_det_soft 0.1981  (150s)
  step 1550  JSR   -9.5  loss 8.7773  logE[PER] -1.327  P_det_soft 0.7450  (153s)
  step 1575  JSR   -7.6  loss 5.5815  logE[PER] -0.837  P_det_soft 0.4744  (155s)
  step 1600  JSR   -5.7  loss 2.6679  logE[PER] -0.387  P_det_soft 0.2281  (157s)
  step 1625  JSR   -3.7  loss 1.7935  logE[PER] -0.241  P_det_soft 0.1553  (160s)
  step 1650  JSR   -7.6  loss 5.3119  logE[PER] -0.964  P_det_soft 0.4348  (162s)
  step 1675  JSR   -1.0  loss 1.4565  logE[PER] -0.156  P_det_soft 0.1301  (165s)
  step 1700  JSR   -5.6  loss 2.1696  logE[PER] -0.218  P_det_soft 0.1951  (167s)
  step 1725  JSR   -6.8  loss 3.6774  logE[PER] -0.553  P_det_soft 0.3124  (170s)
  step 1750  JSR   -7.8  loss 5.0182  logE[PER] -0.727  P_det_soft 0.4291  (172s)
  step 1775  JSR   -7.1  loss 4.4019  logE[PER] -0.494  P_det_soft 0.3907  (175s)
  step 1800  JSR   -7.0  loss 4.6801  logE[PER] -0.830  P_det_soft 0.3850  (177s)
  step 1825  JSR   -8.9  loss 7.6741  logE[PER] -1.493  P_det_soft 0.6181  (180s)
  step 1850  JSR   -3.5  loss 1.5038  logE[PER] -0.222  P_det_soft 0.1282  (182s)
  step 1875  JSR   -6.2  loss 2.8640  logE[PER] -0.397  P_det_soft 0.2467  (185s)
  step 1900  JSR   -0.0  loss 2.2432  logE[PER] -0.147  P_det_soft 0.2097  (187s)
  step 1925  JSR   -7.7  loss 4.4089  logE[PER] -0.525  P_det_soft 0.3884  (190s)
  step 1950  JSR   -2.9  loss 1.4764  logE[PER] -0.179  P_det_soft 0.1297  (192s)
  step 1975  JSR   -2.2  loss 1.2583  logE[PER] -0.171  P_det_soft 0.1087  (194s)
  step 2000  JSR   -3.5  loss 1.1651  logE[PER] -0.098  P_det_soft 0.1067  (197s)
  step 2025  JSR   -5.4  loss 2.0438  logE[PER] -0.258  P_det_soft 0.1785  (199s)
  step 2050  JSR   -4.9  loss 1.6281  logE[PER] -0.177  P_det_soft 0.1451  (202s)
  step 2075  JSR   -2.2  loss 1.1297  logE[PER] -0.064  P_det_soft 0.1065  (204s)
  step 2100  JSR   -3.7  loss 1.0974  logE[PER] -0.163  P_det_soft 0.0934  (207s)
  step 2125  JSR   -1.5  loss 1.0204  logE[PER] -0.033  P_det_soft 0.0987  (209s)
  step 2150  JSR   -7.3  loss 3.9531  logE[PER] -0.700  P_det_soft 0.3253  (212s)
  step 2175  JSR   -7.2  loss 4.2152  logE[PER] -0.759  P_det_soft 0.3456  (214s)
  step 2200  JSR   -6.0  loss 2.2677  logE[PER] -0.277  P_det_soft 0.1990  (217s)
  step 2225  JSR   -4.9  loss 1.7067  logE[PER] -0.300  P_det_soft 0.1407  (219s)
  step 2250  JSR   -9.5  loss 8.0265  logE[PER] -1.322  P_det_soft 0.6704  (222s)
  step 2275  JSR   -3.0  loss 1.3898  logE[PER] -0.105  P_det_soft 0.1284  (224s)
  step 2300  JSR   -7.3  loss 4.3538  logE[PER] -0.915  P_det_soft 0.3439  (227s)
  step 2325  JSR   -7.6  loss 4.6244  logE[PER] -1.239  P_det_soft 0.3385  (229s)
  step 2350  JSR   -1.5  loss 1.1809  logE[PER] -0.099  P_det_soft 0.1082  (231s)
  step 2375  JSR   -0.3  loss 1.3070  logE[PER] -0.136  P_det_soft 0.1171  (234s)
  step 2400  JSR   -3.7  loss 1.3280  logE[PER] -0.240  P_det_soft 0.1088  (236s)
  step 2425  JSR   -2.1  loss 1.2650  logE[PER] -0.158  P_det_soft 0.1107  (239s)
  step 2450  JSR   -4.1  loss 1.0199  logE[PER] -0.087  P_det_soft 0.0933  (241s)
  step 2475  JSR   -8.8  loss 6.6154  logE[PER] -0.983  P_det_soft 0.5632  (244s)
  step 2500  JSR   -4.0  loss 1.3586  logE[PER] -0.195  P_det_soft 0.1164  (246s)
  step 2525  JSR   -8.3  loss 5.9878  logE[PER] -0.655  P_det_soft 0.5333  (249s)
  step 2550  JSR   -1.9  loss 1.3277  logE[PER] -0.084  P_det_soft 0.1243  (251s)
  step 2575  JSR   -0.0  loss 1.6988  logE[PER] -0.046  P_det_soft 0.1653  (254s)
  step 2600  JSR   -2.6  loss 1.2081  logE[PER] -0.138  P_det_soft 0.1070  (256s)
  step 2625  JSR   -7.5  loss 4.1717  logE[PER] -0.613  P_det_soft 0.3559  (259s)
  step 2650  JSR   -6.7  loss 3.1234  logE[PER] -0.691  P_det_soft 0.2433  (261s)
  step 2675  JSR   -8.6  loss 6.4587  logE[PER] -0.965  P_det_soft 0.5494  (263s)
  step 2700  JSR   -2.2  loss 1.2115  logE[PER] -0.180  P_det_soft 0.1032  (266s)
  step 2725  JSR   -6.9  loss 2.9683  logE[PER] -0.442  P_det_soft 0.2526  (268s)
  step 2750  JSR   -8.2  loss 6.1397  logE[PER] -1.148  P_det_soft 0.4992  (271s)
  step 2775  JSR   -1.6  loss 0.9675  logE[PER] -0.098  P_det_soft 0.0870  (273s)
  step 2800  JSR   -4.9  loss 1.5343  logE[PER] -0.297  P_det_soft 0.1237  (276s)
  step 2825  JSR   -6.7  loss 2.9809  logE[PER] -0.581  P_det_soft 0.2400  (278s)
  step 2850  JSR   -9.8  loss 7.7833  logE[PER] -1.292  P_det_soft 0.6491  (281s)
  step 2875  JSR   -2.6  loss 0.9291  logE[PER] -0.037  P_det_soft 0.0893  (283s)
  step 2900  JSR   -5.6  loss 2.1305  logE[PER] -0.254  P_det_soft 0.1876  (286s)
  step 2925  JSR   -4.5  loss 1.4422  logE[PER] -0.305  P_det_soft 0.1137  (288s)
  step 2950  JSR   -1.9  loss 1.1066  logE[PER] -0.098  P_det_soft 0.1008  (291s)
  step 2975  JSR   -3.0  loss 0.9290  logE[PER] -0.151  P_det_soft 0.0778  (293s)
  step 3000  JSR   -2.4  loss 0.8804  logE[PER] -0.188  P_det_soft 0.0692  (296s)
  step 3025  JSR   -8.9  loss 6.0577  logE[PER] -0.889  P_det_soft 0.5168  (298s)
  step 3050  JSR   -8.2  loss 4.6371  logE[PER] -0.698  P_det_soft 0.3939  (300s)
  step 3075  JSR   -4.6  loss 1.3353  logE[PER] -0.188  P_det_soft 0.1147  (303s)
  step 3100  JSR   -5.9  loss 2.3291  logE[PER] -0.447  P_det_soft 0.1882  (305s)
  step 3125  JSR   -9.9  loss 9.0661  logE[PER] -1.882  P_det_soft 0.7184  (308s)
  step 3150  JSR   -1.5  loss 0.9301  logE[PER] -0.098  P_det_soft 0.0832  (310s)
  step 3175  JSR   -1.6  loss 1.3000  logE[PER] -0.206  P_det_soft 0.1094  (313s)
  step 3200  JSR   -9.4  loss 7.1442  logE[PER] -1.407  P_det_soft 0.5737  (315s)
  step 3225  JSR   -8.0  loss 4.6284  logE[PER] -0.673  P_det_soft 0.3956  (318s)
  step 3250  JSR   -9.6  loss 6.4557  logE[PER] -0.969  P_det_soft 0.5487  (320s)
  step 3275  JSR   -5.6  loss 1.6410  logE[PER] -0.203  P_det_soft 0.1438  (323s)
  step 3300  JSR   -2.8  loss 1.0377  logE[PER] -0.135  P_det_soft 0.0902  (325s)
  step 3325  JSR   -9.8  loss 7.5006  logE[PER] -1.066  P_det_soft 0.6435  (328s)
  step 3350  JSR   -7.6  loss 3.7165  logE[PER] -0.858  P_det_soft 0.2858  (330s)
  step 3375  JSR   -2.2  loss 1.0276  logE[PER] -0.170  P_det_soft 0.0858  (333s)
  step 3400  JSR   -2.6  loss 0.7954  logE[PER] -0.163  P_det_soft 0.0632  (335s)
  step 3425  JSR   -6.5  loss 2.5975  logE[PER] -0.460  P_det_soft 0.2138  (337s)
  step 3450  JSR   -8.8  loss 6.1461  logE[PER] -1.096  P_det_soft 0.5050  (340s)
  step 3475  JSR   -0.9  loss 1.1723  logE[PER] -0.073  P_det_soft 0.1099  (342s)
  step 3500  JSR   -8.9  loss 6.4723  logE[PER] -1.230  P_det_soft 0.5243  (345s)
  step 3525  JSR   -0.5  loss 1.3811  logE[PER] -0.057  P_det_soft 0.1324  (347s)
  step 3550  JSR   -1.0  loss 1.2730  logE[PER] -0.125  P_det_soft 0.1148  (350s)
  step 3575  JSR   -8.3  loss 5.1446  logE[PER] -0.624  P_det_soft 0.4521  (352s)
  step 3600  JSR   -6.9  loss 3.2257  logE[PER] -0.485  P_det_soft 0.2740  (355s)
  step 3625  JSR   -0.4  loss 1.2312  logE[PER] -0.069  P_det_soft 0.1163  (357s)
  step 3650  JSR   -7.8  loss 4.1150  logE[PER] -0.610  P_det_soft 0.3505  (360s)
  step 3675  JSR   -8.9  loss 6.3317  logE[PER] -0.911  P_det_soft 0.5421  (362s)
  step 3700  JSR   -6.6  loss 2.7614  logE[PER] -0.453  P_det_soft 0.2309  (365s)
  step 3725  JSR   -6.6  loss 2.7841  logE[PER] -0.413  P_det_soft 0.2371  (367s)
  step 3750  JSR   -5.8  loss 1.8994  logE[PER] -0.315  P_det_soft 0.1584  (370s)
  step 3775  JSR   -7.2  loss 3.4544  logE[PER] -0.678  P_det_soft 0.2776  (372s)
  step 3800  JSR   -0.7  loss 1.4902  logE[PER] -0.185  P_det_soft 0.1306  (374s)
  step 3825  JSR   -1.0  loss 1.3875  logE[PER] -0.146  P_det_soft 0.1241  (377s)
  step 3850  JSR   -5.0  loss 1.5354  logE[PER] -0.274  P_det_soft 0.1261  (379s)
  step 3875  JSR   -2.9  loss 1.0104  logE[PER] -0.157  P_det_soft 0.0853  (382s)
  step 3900  JSR   -4.7  loss 1.1996  logE[PER] -0.153  P_det_soft 0.1046  (384s)
  step 3925  JSR   -1.7  loss 0.8456  logE[PER] -0.027  P_det_soft 0.0819  (387s)
  step 3950  JSR   -2.2  loss 1.1273  logE[PER] -0.134  P_det_soft 0.0993  (389s)
  step 3975  JSR   -1.1  loss 1.1246  logE[PER] -0.135  P_det_soft 0.0989  (392s)
  step 3999  JSR   -5.4  loss 1.2891  logE[PER] -0.157  P_det_soft 0.1132  (394s)
wrote gan/cnn_li_r0_G.pt, gan/cnn_li_r0.json in 400s
