node: tikgpu04.ee.ethz.ch | gpu: NVIDIA TITAN RTX
env both = {'noise_unc_db': 0.5, 'rician_k_db': 12.0} | task cnn_b10_r1 = {'target': 'spec_cnn', 'beta': 10.0, 'cgan_task': 14} | seed 5014 | band (-35.8, -3.8) | 32 frames/step | 4000 steps | device cuda:0
  target spec_cnn: threshold -0.44283, clean-frame std 1.31588 (soft_pdet width)
  step    0  JSR  -17.0  loss 31.8954  logE[BER] -26.026  P_det_soft 0.5870  (1s)
  step   25  JSR  -19.4  loss 30.2487  logE[BER] -27.241  P_det_soft 0.3008  (3s)
  step   50  JSR   -7.1  loss 15.8019  logE[BER] -6.193  P_det_soft 0.9609  (5s)
  step   75  JSR  -19.7  loss 21.8869  logE[BER] -18.808  P_det_soft 0.3079  (8s)
  step  100  JSR  -16.2  loss 25.6941  logE[BER] -19.163  P_det_soft 0.6531  (10s)
  step  125  JSR  -33.5  loss 64.0450  logE[BER] -62.235  P_det_soft 0.1810  (13s)
  step  150  JSR  -31.0  loss 49.2528  logE[BER] -47.758  P_det_soft 0.1495  (15s)
  step  175  JSR  -15.8  loss 22.9164  logE[BER] -16.821  P_det_soft 0.6095  (17s)
  step  200  JSR   -6.7  loss 15.6209  logE[BER] -5.988  P_det_soft 0.9633  (20s)
  step  225  JSR  -10.4  loss 19.7150  logE[BER] -10.458  P_det_soft 0.9257  (22s)
  step  250  JSR  -19.5  loss 35.0319  logE[BER] -32.616  P_det_soft 0.2415  (25s)
  step  275  JSR  -24.3  loss 44.8832  logE[BER] -43.180  P_det_soft 0.1704  (27s)
  step  300  JSR  -17.6  loss 43.1203  logE[BER] -40.099  P_det_soft 0.3021  (30s)
  step  325  JSR  -33.0  loss 48.0508  logE[BER] -46.504  P_det_soft 0.1547  (32s)
  step  350  JSR  -15.0  loss 26.2873  logE[BER] -20.525  P_det_soft 0.5762  (34s)
  step  375  JSR  -22.4  loss 33.2787  logE[BER] -30.829  P_det_soft 0.2450  (37s)
  step  400  JSR   -6.3  loss 16.1308  logE[BER] -6.534  P_det_soft 0.9596  (39s)
  step  425  JSR  -32.9  loss 25.1310  logE[BER] -23.659  P_det_soft 0.1472  (42s)
  step  450  JSR  -25.4  loss 65.5752  logE[BER] -64.053  P_det_soft 0.1522  (44s)
  step  475  JSR  -22.3  loss 29.3877  logE[BER] -27.438  P_det_soft 0.1949  (47s)
  step  500  JSR  -34.5  loss 72.0782  logE[BER] -70.359  P_det_soft 0.1720  (49s)
  step  525  JSR   -5.1  loss 14.7072  logE[BER] -5.017  P_det_soft 0.9690  (52s)
  step  550  JSR  -23.4  loss 61.8176  logE[BER] -60.266  P_det_soft 0.1551  (54s)
  step  575  JSR  -33.2  loss 63.2784  logE[BER] -61.329  P_det_soft 0.1949  (57s)
  step  600  JSR  -11.0  loss 20.4604  logE[BER] -11.021  P_det_soft 0.9440  (59s)
  step  625  JSR   -8.4  loss 15.8319  logE[BER] -6.314  P_det_soft 0.9518  (61s)
  step  650  JSR   -7.5  loss 16.7517  logE[BER] -7.086  P_det_soft 0.9666  (64s)
  step  675  JSR  -22.1  loss 29.9718  logE[BER] -27.993  P_det_soft 0.1978  (66s)
  step  700  JSR  -22.0  loss 38.5388  logE[BER] -36.243  P_det_soft 0.2296  (69s)
  step  725  JSR  -11.2  loss 18.8445  logE[BER] -9.728  P_det_soft 0.9117  (71s)
  step  750  JSR   -7.2  loss 16.4845  logE[BER] -6.903  P_det_soft 0.9582  (74s)
  step  775  JSR  -19.9  loss 36.0946  logE[BER] -33.724  P_det_soft 0.2371  (76s)
  step  800  JSR  -29.6  loss 62.2599  logE[BER] -60.345  P_det_soft 0.1915  (79s)
  step  825  JSR  -23.0  loss 38.2587  logE[BER] -36.781  P_det_soft 0.1478  (81s)
  step  850  JSR  -25.8  loss 53.9173  logE[BER] -52.464  P_det_soft 0.1453  (84s)
  step  875  JSR  -10.0  loss 18.0094  logE[BER] -8.513  P_det_soft 0.9496  (86s)
  step  900  JSR  -14.8  loss 32.0608  logE[BER] -26.196  P_det_soft 0.5865  (88s)
  step  925  JSR  -14.5  loss 29.4942  logE[BER] -22.315  P_det_soft 0.7180  (91s)
  step  950  JSR   -4.3  loss 14.3539  logE[BER] -4.733  P_det_soft 0.9621  (93s)
  step  975  JSR  -17.6  loss 39.9977  logE[BER] -36.331  P_det_soft 0.3667  (96s)
  step 1000  JSR  -20.1  loss 38.9458  logE[BER] -36.368  P_det_soft 0.2578  (98s)
  step 1025  JSR  -31.9  loss 63.8337  logE[BER] -62.233  P_det_soft 0.1600  (101s)
  step 1050  JSR  -34.4  loss 51.1858  logE[BER] -49.788  P_det_soft 0.1398  (103s)
  step 1075  JSR   -9.3  loss 18.0956  logE[BER] -8.585  P_det_soft 0.9511  (106s)
  step 1100  JSR  -32.1  loss 35.3588  logE[BER] -33.473  P_det_soft 0.1886  (108s)
  step 1125  JSR  -25.7  loss 50.9239  logE[BER] -48.643  P_det_soft 0.2281  (111s)
  step 1150  JSR  -18.0  loss 24.2197  logE[BER] -20.965  P_det_soft 0.3254  (113s)
  step 1175  JSR  -30.6  loss 65.1586  logE[BER] -63.573  P_det_soft 0.1586  (116s)
  step 1200  JSR  -28.7  loss 55.9453  logE[BER] -53.981  P_det_soft 0.1964  (118s)
  step 1225  JSR  -20.7  loss 48.0468  logE[BER] -45.618  P_det_soft 0.2429  (120s)
  step 1250  JSR  -13.4  loss 20.2259  logE[BER] -13.712  P_det_soft 0.6514  (123s)
  step 1275  JSR  -14.2  loss 16.0885  logE[BER] -10.234  P_det_soft 0.5855  (125s)
  step 1300  JSR  -25.2  loss 44.9205  logE[BER] -43.124  P_det_soft 0.1797  (128s)
  step 1325  JSR   -6.8  loss 15.1711  logE[BER] -5.668  P_det_soft 0.9503  (130s)
  step 1350  JSR  -34.7  loss 76.8510  logE[BER] -74.855  P_det_soft 0.1996  (133s)
  step 1375  JSR  -27.6  loss 66.8465  logE[BER] -65.023  P_det_soft 0.1823  (135s)
  step 1400  JSR   -6.3  loss 15.0275  logE[BER] -5.450  P_det_soft 0.9577  (138s)
  step 1425  JSR  -25.8  loss 57.1469  logE[BER] -55.536  P_det_soft 0.1611  (140s)
  step 1450  JSR  -17.1  loss 28.4455  logE[BER] -25.966  P_det_soft 0.2479  (143s)
  step 1475  JSR  -31.0  loss 58.7669  logE[BER] -56.445  P_det_soft 0.2321  (145s)
  step 1500  JSR  -12.6  loss 19.2180  logE[BER] -12.569  P_det_soft 0.6649  (148s)
  step 1525  JSR  -16.9  loss 37.1321  logE[BER] -34.481  P_det_soft 0.2651  (150s)
  step 1550  JSR  -28.4  loss 42.4524  logE[BER] -39.975  P_det_soft 0.2477  (152s)
  step 1575  JSR  -19.7  loss 42.3987  logE[BER] -40.364  P_det_soft 0.2035  (155s)
  step 1600  JSR  -21.8  loss 52.6368  logE[BER] -50.731  P_det_soft 0.1906  (157s)
  step 1625  JSR  -26.7  loss 45.2140  logE[BER] -43.970  P_det_soft 0.1244  (160s)
  step 1650  JSR   -6.0  loss 14.4842  logE[BER] -4.929  P_det_soft 0.9555  (162s)
  step 1675  JSR  -29.3  loss 64.0444  logE[BER] -62.340  P_det_soft 0.1704  (165s)
  step 1700  JSR  -30.5  loss 61.4228  logE[BER] -59.810  P_det_soft 0.1613  (167s)
  step 1725  JSR  -17.8  loss 32.9761  logE[BER] -29.751  P_det_soft 0.3225  (170s)
  step 1750  JSR  -28.8  loss 43.4450  logE[BER] -41.777  P_det_soft 0.1668  (172s)
  step 1775  JSR  -23.4  loss 49.0974  logE[BER] -47.167  P_det_soft 0.1930  (175s)
  step 1800  JSR  -22.9  loss 48.8345  logE[BER] -47.004  P_det_soft 0.1830  (177s)
  step 1825  JSR  -22.8  loss 40.0583  logE[BER] -37.935  P_det_soft 0.2123  (180s)
  step 1850  JSR   -6.3  loss 14.4514  logE[BER] -5.125  P_det_soft 0.9327  (182s)
  step 1875  JSR   -7.3  loss 14.3732  logE[BER] -5.209  P_det_soft 0.9164  (184s)
  step 1900  JSR  -16.9  loss 19.5680  logE[BER] -16.810  P_det_soft 0.2758  (187s)
  step 1925  JSR   -8.0  loss 14.1299  logE[BER] -5.320  P_det_soft 0.8809  (189s)
  step 1950  JSR  -19.6  loss 29.2419  logE[BER] -26.741  P_det_soft 0.2501  (192s)
  step 1975  JSR  -22.8  loss 24.8207  logE[BER] -22.623  P_det_soft 0.2198  (194s)
  step 2000  JSR  -21.9  loss 50.5690  logE[BER] -48.732  P_det_soft 0.1837  (197s)
  step 2025  JSR  -11.2  loss 13.6087  logE[BER] -6.976  P_det_soft 0.6633  (199s)
  step 2050  JSR  -29.5  loss 55.9174  logE[BER] -54.370  P_det_soft 0.1547  (202s)
  step 2075  JSR  -30.3  loss 28.8823  logE[BER] -27.198  P_det_soft 0.1684  (204s)
  step 2100  JSR  -13.6  loss 14.0665  logE[BER] -10.585  P_det_soft 0.3481  (207s)
  step 2125  JSR  -32.9  loss 46.4771  logE[BER] -44.408  P_det_soft 0.2069  (209s)
  step 2150  JSR  -10.1  loss 13.7974  logE[BER] -5.809  P_det_soft 0.7988  (212s)
  step 2175  JSR  -31.8  loss 48.9658  logE[BER] -46.821  P_det_soft 0.2145  (214s)
  step 2200  JSR  -14.7  loss 13.3169  logE[BER] -10.563  P_det_soft 0.2754  (216s)
  step 2225  JSR  -22.6  loss 45.9305  logE[BER] -44.469  P_det_soft 0.1462  (219s)
  step 2250  JSR  -28.5  loss 30.1651  logE[BER] -28.421  P_det_soft 0.1744  (221s)
  step 2275  JSR  -14.3  loss 10.9340  logE[BER] -6.417  P_det_soft 0.4517  (224s)
  step 2300  JSR  -23.5  loss 33.8151  logE[BER] -31.712  P_det_soft 0.2104  (226s)
  step 2325  JSR  -18.3  loss 9.9889  logE[BER] -7.593  P_det_soft 0.2396  (229s)
  step 2350  JSR   -8.3  loss 13.9655  logE[BER] -4.469  P_det_soft 0.9497  (231s)
  step 2375  JSR  -31.0  loss 52.4352  logE[BER] -51.131  P_det_soft 0.1304  (234s)
  step 2400  JSR   -6.0  loss 14.0475  logE[BER] -4.315  P_det_soft 0.9732  (236s)
  step 2425  JSR  -34.0  loss 40.7163  logE[BER] -39.488  P_det_soft 0.1229  (239s)
  step 2450  JSR  -22.0  loss 9.9938  logE[BER] -8.119  P_det_soft 0.1875  (241s)
  step 2475  JSR  -11.8  loss 13.0357  logE[BER] -5.475  P_det_soft 0.7561  (244s)
  step 2500  JSR  -32.8  loss 28.7997  logE[BER] -27.452  P_det_soft 0.1348  (246s)
  step 2525  JSR  -28.7  loss 23.3013  logE[BER] -21.878  P_det_soft 0.1423  (248s)
  step 2550  JSR  -11.1  loss 13.6741  logE[BER] -5.364  P_det_soft 0.8310  (251s)
  step 2575  JSR   -5.5  loss 14.2816  logE[BER] -4.564  P_det_soft 0.9717  (253s)
  step 2600  JSR  -24.6  loss 31.1949  logE[BER] -29.001  P_det_soft 0.2194  (256s)
  step 2625  JSR  -31.4  loss 38.2830  logE[BER] -36.585  P_det_soft 0.1698  (258s)
  step 2650  JSR  -22.2  loss 13.4226  logE[BER] -11.248  P_det_soft 0.2175  (261s)
  step 2675  JSR   -7.2  loss 14.4758  logE[BER] -4.818  P_det_soft 0.9658  (263s)
  step 2700  JSR  -14.5  loss 10.4957  logE[BER] -6.033  P_det_soft 0.4462  (266s)
  step 2725  JSR  -19.6  loss 10.7103  logE[BER] -7.672  P_det_soft 0.3038  (268s)
  step 2750  JSR   -4.9  loss 14.3412  logE[BER] -4.566  P_det_soft 0.9775  (271s)
  step 2775  JSR  -17.1  loss 9.0549  logE[BER] -6.245  P_det_soft 0.2810  (273s)
  step 2800  JSR  -24.9  loss 17.6238  logE[BER] -15.976  P_det_soft 0.1648  (275s)
  step 2825  JSR  -15.6  loss 9.4442  logE[BER] -6.101  P_det_soft 0.3343  (278s)
  step 2850  JSR  -11.6  loss 11.9908  logE[BER] -5.240  P_det_soft 0.6751  (280s)
  step 2875  JSR  -17.3  loss 9.4058  logE[BER] -6.403  P_det_soft 0.3002  (283s)
  step 2900  JSR   -5.6  loss 14.6403  logE[BER] -4.907  P_det_soft 0.9734  (285s)
  step 2925  JSR  -20.9  loss 10.0172  logE[BER] -8.150  P_det_soft 0.1867  (288s)
  step 2950  JSR   -9.3  loss 14.5662  logE[BER] -5.199  P_det_soft 0.9368  (290s)
  step 2975  JSR  -16.1  loss 9.0593  logE[BER] -5.926  P_det_soft 0.3133  (293s)
  step 3000  JSR  -31.6  loss 39.2403  logE[BER] -37.715  P_det_soft 0.1525  (295s)
  step 3025  JSR  -22.4  loss 15.2563  logE[BER] -13.198  P_det_soft 0.2059  (298s)
  step 3050  JSR  -14.3  loss 9.7684  logE[BER] -5.647  P_det_soft 0.4121  (300s)
  step 3075  JSR   -5.7  loss 14.4507  logE[BER] -4.640  P_det_soft 0.9810  (303s)
  step 3100  JSR  -24.1  loss 10.0746  logE[BER] -8.411  P_det_soft 0.1664  (305s)
  step 3125  JSR  -21.8  loss 10.9117  logE[BER] -8.642  P_det_soft 0.2269  (307s)
  step 3150  JSR  -12.4  loss 11.2062  logE[BER] -5.249  P_det_soft 0.5957  (310s)
  step 3175  JSR   -9.6  loss 13.4942  logE[BER] -5.335  P_det_soft 0.8160  (312s)
  step 3200  JSR   -5.4  loss 14.5127  logE[BER] -4.767  P_det_soft 0.9746  (315s)
  step 3225  JSR  -29.4  loss 34.0996  logE[BER] -32.079  P_det_soft 0.2020  (317s)
  step 3250  JSR   -7.3  loss 14.6493  logE[BER] -5.035  P_det_soft 0.9615  (320s)
  step 3275  JSR   -7.2  loss 14.7298  logE[BER] -5.120  P_det_soft 0.9610  (322s)
  step 3300  JSR   -5.7  loss 14.5604  logE[BER] -4.806  P_det_soft 0.9754  (325s)
  step 3325  JSR  -32.3  loss 23.3743  logE[BER] -21.710  P_det_soft 0.1665  (327s)
  step 3350  JSR  -13.6  loss 10.8698  logE[BER] -5.947  P_det_soft 0.4923  (330s)
  step 3375  JSR  -14.2  loss 10.3248  logE[BER] -5.520  P_det_soft 0.4805  (332s)
  step 3400  JSR  -23.1  loss 11.4870  logE[BER] -9.354  P_det_soft 0.2133  (334s)
  step 3425  JSR  -21.5  loss 9.4306  logE[BER] -7.764  P_det_soft 0.1666  (337s)
  step 3450  JSR   -5.6  loss 14.6365  logE[BER] -4.870  P_det_soft 0.9766  (339s)
  step 3475  JSR  -30.5  loss 40.7314  logE[BER] -39.125  P_det_soft 0.1607  (342s)
  step 3500  JSR  -27.2  loss 14.6607  logE[BER] -12.871  P_det_soft 0.1790  (344s)
  step 3525  JSR  -30.8  loss 33.4488  logE[BER] -32.201  P_det_soft 0.1247  (347s)
  step 3550  JSR  -34.4  loss 34.1287  logE[BER] -32.818  P_det_soft 0.1311  (349s)
  step 3575  JSR  -20.6  loss 9.7210  logE[BER] -7.885  P_det_soft 0.1836  (352s)
  step 3600  JSR   -9.7  loss 14.0085  logE[BER] -5.315  P_det_soft 0.8694  (354s)
  step 3625  JSR   -5.7  loss 14.5729  logE[BER] -4.827  P_det_soft 0.9746  (357s)
  step 3650  JSR  -20.9  loss 8.5768  logE[BER] -7.038  P_det_soft 0.1539  (359s)
  step 3675  JSR   -4.6  loss 14.7293  logE[BER] -4.909  P_det_soft 0.9820  (362s)
  step 3700  JSR  -12.2  loss 11.2946  logE[BER] -5.427  P_det_soft 0.5868  (364s)
  step 3725  JSR  -33.2  loss 25.9151  logE[BER] -24.412  P_det_soft 0.1503  (366s)
  step 3750  JSR  -16.0  loss 8.5506  logE[BER] -5.631  P_det_soft 0.2920  (369s)
  step 3775  JSR  -27.3  loss 17.0484  logE[BER] -15.340  P_det_soft 0.1708  (371s)
  step 3800  JSR   -4.9  loss 14.5678  logE[BER] -4.770  P_det_soft 0.9798  (374s)
  step 3825  JSR  -26.5  loss 14.6553  logE[BER] -12.884  P_det_soft 0.1772  (376s)
  step 3850  JSR  -19.6  loss 8.3492  logE[BER] -6.517  P_det_soft 0.1832  (379s)
  step 3875  JSR  -23.4  loss 10.9030  logE[BER] -8.709  P_det_soft 0.2194  (381s)
  step 3900  JSR  -34.6  loss 54.3753  logE[BER] -52.889  P_det_soft 0.1486  (384s)
  step 3925  JSR  -12.4  loss 10.9273  logE[BER] -5.412  P_det_soft 0.5516  (386s)
  step 3950  JSR  -14.8  loss 8.3184  logE[BER] -5.590  P_det_soft 0.2728  (388s)
  step 3975  JSR  -26.7  loss 13.7028  logE[BER] -11.956  P_det_soft 0.1747  (391s)
  step 3999  JSR   -5.6  loss 14.6019  logE[BER] -4.834  P_det_soft 0.9768  (393s)
wrote gan/cnn_b10_r1_G.pt, gan/cnn_b10_r1.json in 400s
