node: tikgpu04.ee.ethz.ch | gpu: NVIDIA TITAN RTX
env fading_k28 = {'noise_unc_db': 0.0, 'rician_k_db': 28.0} | task control_r1 = {'target': None, 'beta': 0.0, 'cgan_task': 0} | seed 5000 | band (-32.0, 0.0) | 128 frames/step | 4000 steps | device cuda:0
  step    0  JSR  -12.5  loss 62.5978  logE[BER] -62.598  P_det_soft 0.0000  (1s)
  step   25  JSR  -19.8  loss 37.3175  logE[BER] -37.318  P_det_soft 0.0000  (2s)
  step   50  JSR  -28.2  loss 85.6407  logE[BER] -85.641  P_det_soft 0.0000  (2s)
  step   75  JSR  -16.3  loss 18.6659  logE[BER] -18.666  P_det_soft 0.0000  (3s)
  step  100  JSR  -27.3  loss 76.5586  logE[BER] -76.559  P_det_soft 0.0000  (3s)
  step  125  JSR  -26.4  loss 75.9513  logE[BER] -75.951  P_det_soft 0.0000  (4s)
  step  150  JSR  -22.4  loss 53.2119  logE[BER] -53.212  P_det_soft 0.0000  (4s)
  step  175  JSR   -2.0  loss 4.3932  logE[BER] -4.393  P_det_soft 0.0000  (5s)
  step  200  JSR   -0.4  loss 4.5477  logE[BER] -4.548  P_det_soft 0.0000  (6s)
  step  225  JSR  -24.4  loss 63.8040  logE[BER] -63.804  P_det_soft 0.0000  (6s)
  step  250  JSR  -16.3  loss 10.3026  logE[BER] -10.303  P_det_soft 0.0000  (7s)
  step  275  JSR  -14.2  loss 12.1227  logE[BER] -12.123  P_det_soft 0.0000  (7s)
  step  300  JSR  -20.6  loss 45.1791  logE[BER] -45.179  P_det_soft 0.0000  (8s)
  step  325  JSR   -5.5  loss 5.1255  logE[BER] -5.126  P_det_soft 0.0000  (8s)
  step  350  JSR  -16.2  loss 10.7114  logE[BER] -10.711  P_det_soft 0.0000  (9s)
  step  375  JSR   -9.9  loss 6.8101  logE[BER] -6.810  P_det_soft 0.0000  (10s)
  step  400  JSR  -28.9  loss 89.4939  logE[BER] -89.494  P_det_soft 0.0000  (10s)
  step  425  JSR  -31.5  loss 96.5476  logE[BER] -96.548  P_det_soft 0.0000  (11s)
  step  450  JSR  -17.4  loss 15.7502  logE[BER] -15.750  P_det_soft 0.0000  (11s)
  step  475  JSR  -14.2  loss 6.8906  logE[BER] -6.891  P_det_soft 0.0000  (12s)
  step  500  JSR  -14.8  loss 7.5523  logE[BER] -7.552  P_det_soft 0.0000  (13s)
  step  525  JSR  -10.9  loss 6.2859  logE[BER] -6.286  P_det_soft 0.0000  (13s)
  step  550  JSR  -19.0  loss 24.9431  logE[BER] -24.943  P_det_soft 0.0000  (14s)
  step  575  JSR  -18.2  loss 11.0856  logE[BER] -11.086  P_det_soft 0.0000  (14s)
  step  600  JSR   -9.1  loss 5.9916  logE[BER] -5.992  P_det_soft 0.0000  (15s)
  step  625  JSR   -0.7  loss 4.3972  logE[BER] -4.397  P_det_soft 0.0000  (15s)
  step  650  JSR  -17.4  loss 9.0461  logE[BER] -9.046  P_det_soft 0.0000  (16s)
  step  675  JSR   -6.3  loss 5.4735  logE[BER] -5.473  P_det_soft 0.0000  (17s)
  step  700  JSR  -25.9  loss 49.5612  logE[BER] -49.561  P_det_soft 0.0000  (17s)
  step  725  JSR  -22.7  loss 31.4710  logE[BER] -31.471  P_det_soft 0.0000  (18s)
  step  750  JSR  -13.1  loss 6.1828  logE[BER] -6.183  P_det_soft 0.0000  (18s)
  step  775  JSR   -8.1  loss 5.4233  logE[BER] -5.423  P_det_soft 0.0000  (19s)
  step  800  JSR  -11.5  loss 6.0316  logE[BER] -6.032  P_det_soft 0.0000  (20s)
  step  825  JSR   -5.2  loss 5.1426  logE[BER] -5.143  P_det_soft 0.0000  (20s)
  step  850  JSR  -30.8  loss 86.5305  logE[BER] -86.531  P_det_soft 0.0000  (21s)
  step  875  JSR   -0.8  loss 4.4509  logE[BER] -4.451  P_det_soft 0.0000  (21s)
  step  900  JSR  -21.5  loss 33.9173  logE[BER] -33.917  P_det_soft 0.0000  (22s)
  step  925  JSR   -2.5  loss 4.3480  logE[BER] -4.348  P_det_soft 0.0000  (22s)
  step  950  JSR  -27.5  loss 64.6773  logE[BER] -64.677  P_det_soft 0.0000  (23s)
  step  975  JSR  -26.7  loss 43.9358  logE[BER] -43.936  P_det_soft 0.0000  (24s)
  step 1000  JSR   -8.8  loss 5.5384  logE[BER] -5.538  P_det_soft 0.0000  (24s)
  step 1025  JSR  -25.2  loss 51.4636  logE[BER] -51.464  P_det_soft 0.0000  (25s)
  step 1050  JSR   -7.7  loss 5.1789  logE[BER] -5.179  P_det_soft 0.0000  (25s)
  step 1075  JSR   -9.3  loss 5.6749  logE[BER] -5.675  P_det_soft 0.0000  (26s)
  step 1100  JSR  -26.3  loss 59.4771  logE[BER] -59.477  P_det_soft 0.0000  (27s)
  step 1125  JSR   -5.4  loss 4.8454  logE[BER] -4.845  P_det_soft 0.0000  (27s)
  step 1150  JSR  -27.7  loss 68.8335  logE[BER] -68.834  P_det_soft 0.0000  (28s)
  step 1175  JSR   -8.2  loss 5.2675  logE[BER] -5.268  P_det_soft 0.0000  (28s)
  step 1200  JSR  -20.0  loss 12.1298  logE[BER] -12.130  P_det_soft 0.0000  (29s)
  step 1225  JSR   -4.8  loss 4.6575  logE[BER] -4.657  P_det_soft 0.0000  (29s)
  step 1250  JSR   -0.9  loss 3.9708  logE[BER] -3.971  P_det_soft 0.0000  (30s)
  step 1275  JSR  -13.4  loss 5.9076  logE[BER] -5.908  P_det_soft 0.0000  (31s)
  step 1300  JSR  -16.5  loss 6.5823  logE[BER] -6.582  P_det_soft 0.0000  (31s)
  step 1325  JSR  -14.5  loss 6.2515  logE[BER] -6.252  P_det_soft 0.0000  (32s)
  step 1350  JSR   -7.5  loss 4.9472  logE[BER] -4.947  P_det_soft 0.0000  (32s)
  step 1375  JSR  -23.4  loss 22.3895  logE[BER] -22.389  P_det_soft 0.0000  (33s)
  step 1400  JSR   -6.4  loss 5.0048  logE[BER] -5.005  P_det_soft 0.0000  (34s)
  step 1425  JSR  -29.9  loss 70.2038  logE[BER] -70.204  P_det_soft 0.0000  (34s)
  step 1450  JSR  -14.2  loss 5.8504  logE[BER] -5.850  P_det_soft 0.0000  (35s)
  step 1475  JSR   -8.2  loss 5.1374  logE[BER] -5.137  P_det_soft 0.0000  (35s)
  step 1500  JSR   -6.4  loss 5.0932  logE[BER] -5.093  P_det_soft 0.0000  (36s)
  step 1525  JSR  -31.8  loss 69.1153  logE[BER] -69.115  P_det_soft 0.0000  (36s)
  step 1550  JSR  -14.7  loss 5.8629  logE[BER] -5.863  P_det_soft 0.0000  (37s)
  step 1575  JSR   -9.0  loss 5.1563  logE[BER] -5.156  P_det_soft 0.0000  (38s)
  step 1600  JSR  -12.1  loss 5.7151  logE[BER] -5.715  P_det_soft 0.0000  (38s)
  step 1625  JSR  -27.3  loss 45.7984  logE[BER] -45.798  P_det_soft 0.0000  (39s)
  step 1650  JSR  -13.4  loss 5.7393  logE[BER] -5.739  P_det_soft 0.0000  (39s)
  step 1675  JSR   -9.5  loss 5.3442  logE[BER] -5.344  P_det_soft 0.0000  (40s)
  step 1700  JSR  -17.1  loss 6.1182  logE[BER] -6.118  P_det_soft 0.0000  (41s)
  step 1725  JSR  -29.8  loss 53.4906  logE[BER] -53.491  P_det_soft 0.0000  (41s)
  step 1750  JSR  -16.2  loss 6.1758  logE[BER] -6.176  P_det_soft 0.0000  (42s)
  step 1775  JSR  -27.0  loss 34.4029  logE[BER] -34.403  P_det_soft 0.0000  (42s)
  step 1800  JSR  -13.5  loss 5.8565  logE[BER] -5.857  P_det_soft 0.0000  (43s)
  step 1825  JSR   -9.2  loss 5.0976  logE[BER] -5.098  P_det_soft 0.0000  (43s)
  step 1850  JSR   -7.6  loss 4.9602  logE[BER] -4.960  P_det_soft 0.0000  (44s)
  step 1875  JSR  -14.3  loss 5.5748  logE[BER] -5.575  P_det_soft 0.0000  (45s)
  step 1900  JSR   -4.2  loss 4.6933  logE[BER] -4.693  P_det_soft 0.0000  (45s)
  step 1925  JSR  -13.7  loss 5.7183  logE[BER] -5.718  P_det_soft 0.0000  (46s)
  step 1950  JSR   -2.7  loss 4.5120  logE[BER] -4.512  P_det_soft 0.0000  (46s)
  step 1975  JSR  -22.4  loss 9.7733  logE[BER] -9.773  P_det_soft 0.0000  (47s)
  step 2000  JSR  -24.8  loss 16.6812  logE[BER] -16.681  P_det_soft 0.0000  (48s)
  step 2025  JSR  -12.3  loss 5.5227  logE[BER] -5.523  P_det_soft 0.0000  (48s)
  step 2050  JSR  -17.4  loss 6.1385  logE[BER] -6.139  P_det_soft 0.0000  (49s)
  step 2075  JSR  -15.4  loss 5.8372  logE[BER] -5.837  P_det_soft 0.0000  (49s)
  step 2100  JSR   -1.2  loss 4.5355  logE[BER] -4.535  P_det_soft 0.0000  (50s)
  step 2125  JSR  -18.5  loss 6.2123  logE[BER] -6.212  P_det_soft 0.0000  (50s)
  step 2150  JSR   -7.1  loss 4.9383  logE[BER] -4.938  P_det_soft 0.0000  (51s)
  step 2175  JSR  -27.9  loss 37.8309  logE[BER] -37.831  P_det_soft 0.0000  (52s)
  step 2200  JSR  -31.8  loss 55.6790  logE[BER] -55.679  P_det_soft 0.0000  (52s)
  step 2225  JSR   -5.3  loss 4.8441  logE[BER] -4.844  P_det_soft 0.0000  (53s)
  step 2250  JSR   -8.0  loss 5.1083  logE[BER] -5.108  P_det_soft 0.0000  (53s)
  step 2275  JSR  -12.5  loss 5.4975  logE[BER] -5.498  P_det_soft 0.0000  (54s)
  step 2300  JSR  -16.1  loss 5.8238  logE[BER] -5.824  P_det_soft 0.0000  (55s)
  step 2325  JSR  -23.1  loss 9.7389  logE[BER] -9.739  P_det_soft 0.0000  (55s)
  step 2350  JSR  -23.4  loss 10.2462  logE[BER] -10.246  P_det_soft 0.0000  (56s)
  step 2375  JSR   -3.8  loss 4.7340  logE[BER] -4.734  P_det_soft 0.0000  (56s)
  step 2400  JSR   -0.5  loss 4.3613  logE[BER] -4.361  P_det_soft 0.0000  (57s)
  step 2425  JSR   -3.5  loss 4.5892  logE[BER] -4.589  P_det_soft 0.0000  (57s)
  step 2450  JSR   -0.4  loss 4.4961  logE[BER] -4.496  P_det_soft 0.0000  (58s)
  step 2475  JSR   -0.8  loss 4.3621  logE[BER] -4.362  P_det_soft 0.0000  (59s)
  step 2500  JSR  -10.7  loss 5.1876  logE[BER] -5.188  P_det_soft 0.0000  (59s)
  step 2525  JSR  -30.1  loss 43.5852  logE[BER] -43.585  P_det_soft 0.0000  (60s)
  step 2550  JSR  -28.1  loss 30.4888  logE[BER] -30.489  P_det_soft 0.0000  (60s)
  step 2575  JSR   -8.3  loss 5.0960  logE[BER] -5.096  P_det_soft 0.0000  (61s)
  step 2600  JSR   -0.1  loss 4.4734  logE[BER] -4.473  P_det_soft 0.0000  (62s)
  step 2625  JSR  -32.0  loss 61.7345  logE[BER] -61.735  P_det_soft 0.0000  (62s)
  step 2650  JSR  -18.4  loss 6.3201  logE[BER] -6.320  P_det_soft 0.0000  (63s)
  step 2675  JSR   -0.9  loss 4.5263  logE[BER] -4.526  P_det_soft 0.0000  (63s)
  step 2700  JSR   -9.0  loss 5.0735  logE[BER] -5.074  P_det_soft 0.0000  (64s)
  step 2725  JSR   -5.9  loss 4.8097  logE[BER] -4.810  P_det_soft 0.0000  (64s)
  step 2750  JSR   -2.7  loss 4.5961  logE[BER] -4.596  P_det_soft 0.0000  (65s)
  step 2775  JSR   -1.5  loss 4.5647  logE[BER] -4.565  P_det_soft 0.0000  (66s)
  step 2800  JSR   -2.9  loss 4.5747  logE[BER] -4.575  P_det_soft 0.0000  (66s)
  step 2825  JSR  -29.3  loss 39.6270  logE[BER] -39.627  P_det_soft 0.0000  (67s)
  step 2850  JSR  -17.5  loss 5.9606  logE[BER] -5.961  P_det_soft 0.0000  (67s)
  step 2875  JSR  -24.4  loss 12.7921  logE[BER] -12.792  P_det_soft 0.0000  (68s)
  step 2900  JSR  -17.9  loss 5.9502  logE[BER] -5.950  P_det_soft 0.0000  (69s)
  step 2925  JSR  -15.5  loss 5.8981  logE[BER] -5.898  P_det_soft 0.0000  (69s)
  step 2950  JSR  -15.2  loss 5.6912  logE[BER] -5.691  P_det_soft 0.0000  (70s)
  step 2975  JSR  -27.4  loss 33.8594  logE[BER] -33.859  P_det_soft 0.0000  (70s)
  step 3000  JSR  -23.5  loss 10.4149  logE[BER] -10.415  P_det_soft 0.0000  (71s)
  step 3025  JSR  -22.4  loss 7.7756  logE[BER] -7.776  P_det_soft 0.0000  (71s)
  step 3050  JSR  -16.1  loss 5.8515  logE[BER] -5.852  P_det_soft 0.0000  (72s)
  step 3075  JSR   -1.2  loss 4.5932  logE[BER] -4.593  P_det_soft 0.0000  (73s)
  step 3100  JSR  -22.8  loss 8.5318  logE[BER] -8.532  P_det_soft 0.0000  (73s)
  step 3125  JSR  -13.2  loss 5.5735  logE[BER] -5.574  P_det_soft 0.0000  (74s)
  step 3150  JSR   -0.3  loss 4.5107  logE[BER] -4.511  P_det_soft 0.0000  (74s)
  step 3175  JSR  -10.9  loss 5.3464  logE[BER] -5.346  P_det_soft 0.0000  (75s)
  step 3200  JSR   -5.9  loss 4.7237  logE[BER] -4.724  P_det_soft 0.0000  (76s)
  step 3225  JSR   -1.8  loss 4.5757  logE[BER] -4.576  P_det_soft 0.0000  (76s)
  step 3250  JSR  -26.1  loss 19.5063  logE[BER] -19.506  P_det_soft 0.0000  (77s)
  step 3275  JSR  -16.1  loss 5.8590  logE[BER] -5.859  P_det_soft 0.0000  (77s)
  step 3300  JSR  -16.8  loss 5.8989  logE[BER] -5.899  P_det_soft 0.0000  (78s)
  step 3325  JSR   -6.2  loss 4.8691  logE[BER] -4.869  P_det_soft 0.0000  (78s)
  step 3350  JSR  -24.2  loss 10.4626  logE[BER] -10.463  P_det_soft 0.0000  (79s)
  step 3375  JSR  -22.5  loss 7.7400  logE[BER] -7.740  P_det_soft 0.0000  (80s)
  step 3400  JSR   -4.7  loss 4.7474  logE[BER] -4.747  P_det_soft 0.0000  (80s)
  step 3425  JSR   -5.2  loss 4.9095  logE[BER] -4.909  P_det_soft 0.0000  (81s)
  step 3450  JSR  -25.7  loss 16.4252  logE[BER] -16.425  P_det_soft 0.0000  (81s)
  step 3475  JSR  -24.0  loss 10.0467  logE[BER] -10.047  P_det_soft 0.0000  (82s)
  step 3500  JSR  -10.3  loss 5.3106  logE[BER] -5.311  P_det_soft 0.0000  (83s)
  step 3525  JSR  -21.9  loss 7.1177  logE[BER] -7.118  P_det_soft 0.0000  (83s)
  step 3550  JSR  -26.4  loss 22.3915  logE[BER] -22.392  P_det_soft 0.0000  (84s)
  step 3575  JSR   -1.9  loss 4.6414  logE[BER] -4.641  P_det_soft 0.0000  (84s)
  step 3600  JSR  -19.7  loss 6.5254  logE[BER] -6.525  P_det_soft 0.0000  (85s)
  step 3625  JSR   -1.2  loss 4.5752  logE[BER] -4.575  P_det_soft 0.0000  (85s)
  step 3650  JSR  -12.8  loss 5.4467  logE[BER] -5.447  P_det_soft 0.0000  (86s)
  step 3675  JSR  -29.7  loss 44.8545  logE[BER] -44.854  P_det_soft 0.0000  (87s)
  step 3700  JSR  -11.8  loss 5.3822  logE[BER] -5.382  P_det_soft 0.0000  (87s)
  step 3725  JSR  -24.4  loss 10.7819  logE[BER] -10.782  P_det_soft 0.0000  (88s)
  step 3750  JSR  -14.7  loss 5.6667  logE[BER] -5.667  P_det_soft 0.0000  (88s)
  step 3775  JSR   -8.2  loss 5.0846  logE[BER] -5.085  P_det_soft 0.0000  (89s)
  step 3800  JSR   -8.0  loss 5.0079  logE[BER] -5.008  P_det_soft 0.0000  (90s)
  step 3825  JSR   -8.9  loss 5.0943  logE[BER] -5.094  P_det_soft 0.0000  (90s)
  step 3850  JSR   -6.3  loss 4.9330  logE[BER] -4.933  P_det_soft 0.0000  (91s)
  step 3875  JSR   -7.7  loss 4.9596  logE[BER] -4.960  P_det_soft 0.0000  (91s)
  step 3900  JSR  -10.6  loss 5.1664  logE[BER] -5.166  P_det_soft 0.0000  (92s)
  step 3925  JSR  -18.3  loss 6.0874  logE[BER] -6.087  P_det_soft 0.0000  (92s)
  step 3950  JSR  -20.6  loss 6.5450  logE[BER] -6.545  P_det_soft 0.0000  (93s)
  step 3975  JSR  -22.3  loss 7.4651  logE[BER] -7.465  P_det_soft 0.0000  (94s)
  step 3999  JSR  -28.6  loss 32.9589  logE[BER] -32.959  P_det_soft 0.0000  (94s)
wrote gan/control_r1_G.pt, gan/control_r1.json in 94s
