node: tikgpu04.ee.ethz.ch | gpu: NVIDIA TITAN RTX
env base = {'noise_unc_db': 0.0, 'rician_k_db': None} | task cnn_li_grey_r2 = {'target': 'spec_cnn', 'beta': 10.0, 'cgan_task': 14, 'damage': 'per', 'band': (-10.0, 0.0), 'init': 'cnn_b10_grey', 'defender': 'cnn_s12'} | seed 6014 | band (-10.0, 0.0) | 32 frames/step | 4000 steps | init ../artifacts/final/base/gan/cnn_b10_grey_r2_G.pt | damage per | device cuda:0
  target spec_cnn: threshold -1.58684, clean-frame std 1.23395 (soft_pdet width)
  step    0  JSR   -1.4  loss 10.0348  logE[PER] -0.066  P_det_soft 0.9969  (1s)
  step   25  JSR   -5.5  loss 10.0637  logE[PER] -0.096  P_det_soft 0.9968  (3s)
  step   50  JSR   -1.0  loss 9.9848  logE[PER] -0.032  P_det_soft 0.9953  (5s)
  step   75  JSR   -0.1  loss 9.9165  logE[PER] -0.000  P_det_soft 0.9916  (8s)
  step  100  JSR   -7.5  loss 9.9466  logE[PER] -0.094  P_det_soft 0.9852  (10s)
  step  125  JSR   -9.4  loss 10.1085  logE[PER] -0.330  P_det_soft 0.9779  (13s)
  step  150  JSR   -9.4  loss 10.3299  logE[PER] -0.645  P_det_soft 0.9685  (15s)
  step  175  JSR   -5.2  loss 9.1496  logE[PER] -0.080  P_det_soft 0.9070  (17s)
  step  200  JSR   -0.4  loss 8.4339  logE[PER] -0.005  P_det_soft 0.8429  (20s)
  step  225  JSR   -9.9  loss 10.3738  logE[PER] -0.812  P_det_soft 0.9562  (22s)
  step  250  JSR   -9.8  loss 10.5888  logE[PER] -1.074  P_det_soft 0.9514  (24s)
  step  275  JSR   -2.5  loss 6.9136  logE[PER] -0.032  P_det_soft 0.6882  (27s)
  step  300  JSR   -8.8  loss 9.9533  logE[PER] -0.635  P_det_soft 0.9318  (29s)
  step  325  JSR   -4.5  loss 7.4285  logE[PER] -0.162  P_det_soft 0.7266  (32s)
  step  350  JSR   -6.8  loss 8.9164  logE[PER] -0.350  P_det_soft 0.8567  (34s)
  step  375  JSR   -3.0  loss 5.1209  logE[PER] -0.028  P_det_soft 0.5093  (36s)
  step  400  JSR   -8.5  loss 9.8860  logE[PER] -0.783  P_det_soft 0.9103  (39s)
  step  425  JSR   -9.7  loss 11.3147  logE[PER] -1.795  P_det_soft 0.9519  (41s)
  step  450  JSR   -8.7  loss 9.4491  logE[PER] -0.337  P_det_soft 0.9112  (43s)
  step  475  JSR   -3.8  loss 5.5749  logE[PER] -0.181  P_det_soft 0.5394  (46s)
  step  500  JSR   -5.8  loss 7.6820  logE[PER] -0.390  P_det_soft 0.7292  (48s)
  step  525  JSR   -8.2  loss 9.5066  logE[PER] -0.679  P_det_soft 0.8828  (51s)
  step  550  JSR   -1.9  loss 3.9801  logE[PER] -0.135  P_det_soft 0.3846  (53s)
  step  575  JSR   -9.9  loss 10.5026  logE[PER] -1.241  P_det_soft 0.9261  (55s)
  step  600  JSR   -2.1  loss 3.7042  logE[PER] -0.065  P_det_soft 0.3639  (58s)
  step  625  JSR   -8.1  loss 9.5435  logE[PER] -0.835  P_det_soft 0.8708  (60s)
  step  650  JSR   -7.4  loss 8.8842  logE[PER] -0.617  P_det_soft 0.8267  (62s)
  step  675  JSR   -3.6  loss 4.6659  logE[PER] -0.198  P_det_soft 0.4468  (65s)
  step  700  JSR   -3.1  loss 4.3739  logE[PER] -0.067  P_det_soft 0.4307  (67s)
  step  725  JSR   -1.5  loss 3.1827  logE[PER] -0.098  P_det_soft 0.3084  (70s)
  step  750  JSR   -2.9  loss 4.7287  logE[PER] -0.207  P_det_soft 0.4521  (72s)
  step  775  JSR   -3.6  loss 4.2761  logE[PER] -0.091  P_det_soft 0.4185  (74s)
  step  800  JSR   -4.1  loss 4.9046  logE[PER] -0.065  P_det_soft 0.4840  (77s)
  step  825  JSR   -1.9  loss 3.4104  logE[PER] -0.165  P_det_soft 0.3245  (79s)
  step  850  JSR   -4.1  loss 5.4188  logE[PER] -0.140  P_det_soft 0.5279  (81s)
  step  875  JSR   -4.8  loss 5.4557  logE[PER] -0.297  P_det_soft 0.5159  (84s)
  step  900  JSR   -6.3  loss 7.1710  logE[PER] -0.319  P_det_soft 0.6852  (86s)
  step  925  JSR   -0.1  loss 3.2975  logE[PER] -0.099  P_det_soft 0.3198  (89s)
  step  950  JSR   -8.6  loss 9.7594  logE[PER] -0.870  P_det_soft 0.8889  (91s)
  step  975  JSR   -2.0  loss 3.2947  logE[PER] -0.132  P_det_soft 0.3163  (93s)
  step 1000  JSR   -8.7  loss 10.2259  logE[PER] -1.215  P_det_soft 0.9011  (96s)
  step 1025  JSR   -8.3  loss 9.5739  logE[PER] -0.678  P_det_soft 0.8896  (98s)
  step 1050  JSR   -6.1  loss 7.3977  logE[PER] -0.376  P_det_soft 0.7022  (100s)
  step 1075  JSR   -5.9  loss 6.8292  logE[PER] -0.230  P_det_soft 0.6600  (103s)
  step 1100  JSR   -9.6  loss 10.9235  logE[PER] -1.707  P_det_soft 0.9216  (105s)
  step 1125  JSR   -7.0  loss 7.8265  logE[PER] -0.468  P_det_soft 0.7359  (108s)
  step 1150  JSR   -3.4  loss 3.9506  logE[PER] -0.205  P_det_soft 0.3745  (110s)
  step 1175  JSR   -4.2  loss 4.8566  logE[PER] -0.292  P_det_soft 0.4565  (112s)
  step 1200  JSR   -3.1  loss 3.4659  logE[PER] -0.170  P_det_soft 0.3296  (115s)
  step 1225  JSR   -3.9  loss 4.5131  logE[PER] -0.134  P_det_soft 0.4380  (117s)
  step 1250  JSR   -2.7  loss 2.8877  logE[PER] -0.099  P_det_soft 0.2789  (120s)
  step 1275  JSR   -0.6  loss 2.1200  logE[PER] -0.170  P_det_soft 0.1950  (122s)
  step 1300  JSR   -7.3  loss 8.1679  logE[PER] -0.366  P_det_soft 0.7802  (124s)
  step 1325  JSR   -1.6  loss 2.2383  logE[PER] -0.134  P_det_soft 0.2105  (127s)
  step 1350  JSR   -3.1  loss 3.3216  logE[PER] -0.097  P_det_soft 0.3225  (129s)
  step 1375  JSR   -8.5  loss 9.0234  logE[PER] -0.462  P_det_soft 0.8561  (131s)
  step 1400  JSR   -1.0  loss 2.4339  logE[PER] -0.228  P_det_soft 0.2206  (134s)
  step 1425  JSR   -0.3  loss 2.3292  logE[PER] -0.138  P_det_soft 0.2191  (136s)
  step 1450  JSR   -1.2  loss 2.6948  logE[PER] -0.134  P_det_soft 0.2561  (139s)
  step 1475  JSR   -5.6  loss 5.9969  logE[PER] -0.310  P_det_soft 0.5687  (141s)
  step 1500  JSR   -2.9  loss 3.5345  logE[PER] -0.179  P_det_soft 0.3355  (143s)
  step 1525  JSR   -8.3  loss 9.3422  logE[PER] -0.682  P_det_soft 0.8660  (146s)
  step 1550  JSR   -0.4  loss 2.4255  logE[PER] -0.103  P_det_soft 0.2323  (148s)
  step 1575  JSR   -4.0  loss 4.2859  logE[PER] -0.189  P_det_soft 0.4097  (150s)
  step 1600  JSR   -5.7  loss 6.0329  logE[PER] -0.312  P_det_soft 0.5721  (153s)
  step 1625  JSR   -3.8  loss 4.1388  logE[PER] -0.251  P_det_soft 0.3888  (155s)
  step 1650  JSR   -4.1  loss 3.7337  logE[PER] -0.245  P_det_soft 0.3489  (158s)
  step 1675  JSR   -7.5  loss 8.3955  logE[PER] -0.500  P_det_soft 0.7895  (160s)
  step 1700  JSR   -8.5  loss 9.6234  logE[PER] -1.054  P_det_soft 0.8569  (162s)
  step 1725  JSR   -4.3  loss 4.4812  logE[PER] -0.198  P_det_soft 0.4283  (165s)
  step 1750  JSR   -2.5  loss 2.4248  logE[PER] -0.124  P_det_soft 0.2301  (167s)
  step 1775  JSR   -9.6  loss 10.6010  logE[PER] -1.537  P_det_soft 0.9064  (170s)
  step 1800  JSR   -9.1  loss 10.0561  logE[PER] -1.092  P_det_soft 0.8964  (172s)
  step 1825  JSR   -2.7  loss 3.0573  logE[PER] -0.213  P_det_soft 0.2844  (174s)
  step 1850  JSR   -2.1  loss 3.2712  logE[PER] -0.328  P_det_soft 0.2943  (177s)
  step 1875  JSR   -2.8  loss 2.6880  logE[PER] -0.063  P_det_soft 0.2625  (179s)
  step 1900  JSR   -4.2  loss 4.0924  logE[PER] -0.225  P_det_soft 0.3868  (181s)
  step 1925  JSR   -2.3  loss 2.7834  logE[PER] -0.046  P_det_soft 0.2737  (184s)
  step 1950  JSR   -2.0  loss 2.5241  logE[PER] -0.070  P_det_soft 0.2454  (186s)
  step 1975  JSR   -7.2  loss 8.0698  logE[PER] -0.542  P_det_soft 0.7528  (189s)
  step 2000  JSR   -7.8  loss 8.6307  logE[PER] -0.677  P_det_soft 0.7954  (191s)
  step 2025  JSR   -2.8  loss 2.7383  logE[PER] -0.144  P_det_soft 0.2594  (193s)
  step 2050  JSR   -5.5  loss 5.1847  logE[PER] -0.169  P_det_soft 0.5016  (196s)
  step 2075  JSR   -3.0  loss 2.8408  logE[PER] -0.104  P_det_soft 0.2737  (198s)
  step 2100  JSR   -8.3  loss 9.3292  logE[PER] -0.800  P_det_soft 0.8529  (201s)
  step 2125  JSR   -7.4  loss 8.2645  logE[PER] -0.538  P_det_soft 0.7726  (203s)
  step 2150  JSR   -1.3  loss 1.8225  logE[PER] -0.033  P_det_soft 0.1790  (205s)
  step 2175  JSR   -5.1  loss 4.9461  logE[PER] -0.277  P_det_soft 0.4669  (208s)
  step 2200  JSR   -4.8  loss 4.3470  logE[PER] -0.189  P_det_soft 0.4158  (210s)
  step 2225  JSR   -5.8  loss 5.9166  logE[PER] -0.375  P_det_soft 0.5542  (213s)
  step 2250  JSR   -0.8  loss 2.1271  logE[PER] -0.114  P_det_soft 0.2013  (215s)
  step 2275  JSR   -9.6  loss 11.6304  logE[PER] -2.548  P_det_soft 0.9083  (217s)
  step 2300  JSR   -8.4  loss 9.3023  logE[PER] -0.667  P_det_soft 0.8635  (220s)
  step 2325  JSR   -8.2  loss 8.7218  logE[PER] -0.517  P_det_soft 0.8205  (222s)
  step 2350  JSR   -7.0  loss 7.5995  logE[PER] -0.457  P_det_soft 0.7142  (224s)
  step 2375  JSR   -4.9  loss 5.0183  logE[PER] -0.321  P_det_soft 0.4698  (227s)
  step 2400  JSR   -2.3  loss 2.2288  logE[PER] -0.030  P_det_soft 0.2199  (229s)
  step 2425  JSR   -0.6  loss 1.9772  logE[PER] -0.065  P_det_soft 0.1913  (232s)
  step 2450  JSR   -0.2  loss 2.2814  logE[PER] -0.173  P_det_soft 0.2109  (234s)
  step 2475  JSR   -0.1  loss 2.1657  logE[PER] -0.065  P_det_soft 0.2100  (236s)
  step 2500  JSR   -0.4  loss 2.2301  logE[PER] -0.108  P_det_soft 0.2122  (239s)
  step 2525  JSR   -7.3  loss 8.0653  logE[PER] -0.538  P_det_soft 0.7527  (241s)
  step 2550  JSR   -6.2  loss 6.8244  logE[PER] -0.423  P_det_soft 0.6402  (244s)
  step 2575  JSR   -4.0  loss 3.6659  logE[PER] -0.257  P_det_soft 0.3409  (246s)
  step 2600  JSR   -8.1  loss 9.0526  logE[PER] -0.813  P_det_soft 0.8239  (248s)
  step 2625  JSR   -0.7  loss 2.0674  logE[PER] -0.032  P_det_soft 0.2036  (251s)
  step 2650  JSR   -9.9  loss 11.1713  logE[PER] -2.074  P_det_soft 0.9097  (253s)
  step 2675  JSR   -5.2  loss 5.5587  logE[PER] -0.360  P_det_soft 0.5198  (256s)
  step 2700  JSR   -9.3  loss 10.7671  logE[PER] -1.868  P_det_soft 0.8899  (258s)
  step 2725  JSR   -8.2  loss 8.6868  logE[PER] -0.429  P_det_soft 0.8258  (260s)
  step 2750  JSR   -3.8  loss 3.3968  logE[PER] -0.135  P_det_soft 0.3262  (263s)
  step 2775  JSR   -6.8  loss 7.6186  logE[PER] -0.502  P_det_soft 0.7117  (265s)
  step 2800  JSR   -6.5  loss 7.2236  logE[PER] -0.233  P_det_soft 0.6991  (268s)
  step 2825  JSR   -5.3  loss 5.4425  logE[PER] -0.361  P_det_soft 0.5082  (270s)
  step 2850  JSR   -7.5  loss 8.1874  logE[PER] -0.776  P_det_soft 0.7411  (272s)
  step 2875  JSR   -1.1  loss 1.6958  logE[PER] -0.002  P_det_soft 0.1693  (275s)
  step 2900  JSR   -6.6  loss 6.8410  logE[PER] -0.399  P_det_soft 0.6442  (277s)
  step 2925  JSR   -8.9  loss 9.7936  logE[PER] -1.030  P_det_soft 0.8763  (280s)
  step 2950  JSR   -0.2  loss 2.2821  logE[PER] -0.175  P_det_soft 0.2107  (282s)
  step 2975  JSR   -9.0  loss 9.7093  logE[PER] -1.001  P_det_soft 0.8708  (284s)
  step 3000  JSR   -1.6  loss 2.0583  logE[PER] -0.110  P_det_soft 0.1948  (287s)
  step 3025  JSR   -2.3  loss 2.4343  logE[PER] -0.142  P_det_soft 0.2292  (289s)
  step 3050  JSR   -3.6  loss 3.0678  logE[PER] -0.102  P_det_soft 0.2966  (292s)
  step 3075  JSR   -2.2  loss 2.1927  logE[PER] -0.035  P_det_soft 0.2157  (294s)
  step 3100  JSR   -5.9  loss 5.9531  logE[PER] -0.397  P_det_soft 0.5557  (296s)
  step 3125  JSR   -1.2  loss 1.9664  logE[PER] -0.167  P_det_soft 0.1800  (299s)
  step 3150  JSR   -7.8  loss 9.1365  logE[PER] -1.035  P_det_soft 0.8101  (301s)
  step 3175  JSR   -3.0  loss 2.7666  logE[PER] -0.151  P_det_soft 0.2616  (304s)
  step 3200  JSR   -8.1  loss 8.8701  logE[PER] -0.481  P_det_soft 0.8389  (306s)
  step 3225  JSR   -5.3  loss 5.2469  logE[PER] -0.318  P_det_soft 0.4928  (308s)
  step 3250  JSR   -0.4  loss 2.1576  logE[PER] -0.208  P_det_soft 0.1949  (311s)
  step 3275  JSR  -10.0  loss 10.7758  logE[PER] -1.647  P_det_soft 0.9129  (313s)
  step 3300  JSR   -8.8  loss 9.5924  logE[PER] -1.023  P_det_soft 0.8569  (316s)
  step 3325  JSR   -6.6  loss 6.7489  logE[PER] -0.427  P_det_soft 0.6322  (318s)
  step 3350  JSR   -5.4  loss 5.0120  logE[PER] -0.187  P_det_soft 0.4825  (320s)
  step 3375  JSR   -3.4  loss 2.7387  logE[PER] -0.236  P_det_soft 0.2503  (323s)
  step 3400  JSR   -3.1  loss 2.5588  logE[PER] -0.134  P_det_soft 0.2425  (325s)
  step 3425  JSR   -4.3  loss 3.7040  logE[PER] -0.249  P_det_soft 0.3455  (328s)
  step 3450  JSR   -3.7  loss 3.0854  logE[PER] -0.140  P_det_soft 0.2945  (330s)
  step 3475  JSR   -4.2  loss 3.8040  logE[PER] -0.204  P_det_soft 0.3600  (332s)
  step 3500  JSR   -4.1  loss 3.5491  logE[PER] -0.251  P_det_soft 0.3298  (335s)
  step 3525  JSR   -0.1  loss 2.2630  logE[PER] -0.185  P_det_soft 0.2078  (337s)
  step 3550  JSR   -7.5  loss 7.9081  logE[PER] -0.409  P_det_soft 0.7499  (340s)
  step 3575  JSR   -3.2  loss 2.8137  logE[PER] -0.135  P_det_soft 0.2679  (342s)
  step 3600  JSR   -1.2  loss 1.9148  logE[PER] -0.109  P_det_soft 0.1805  (344s)
  step 3625  JSR   -5.8  loss 5.6373  logE[PER] -0.284  P_det_soft 0.5353  (347s)
  step 3650  JSR   -8.5  loss 9.1228  logE[PER] -0.699  P_det_soft 0.8424  (349s)
  step 3675  JSR   -2.7  loss 2.4696  logE[PER] -0.247  P_det_soft 0.2222  (352s)
  step 3700  JSR   -3.4  loss 2.9605  logE[PER] -0.077  P_det_soft 0.2883  (354s)
  step 3725  JSR   -5.4  loss 4.7143  logE[PER] -0.131  P_det_soft 0.4583  (356s)
  step 3750  JSR   -0.1  loss 1.8694  logE[PER] -0.064  P_det_soft 0.1805  (359s)
  step 3775  JSR   -7.0  loss 7.7392  logE[PER] -0.624  P_det_soft 0.7115  (361s)
  step 3800  JSR   -9.6  loss 11.0021  logE[PER] -1.870  P_det_soft 0.9132  (364s)
  step 3825  JSR   -8.8  loss 9.2265  logE[PER] -0.546  P_det_soft 0.8680  (366s)
  step 3850  JSR   -1.0  loss 1.8841  logE[PER] -0.102  P_det_soft 0.1782  (368s)
  step 3875  JSR   -4.2  loss 3.5651  logE[PER] -0.257  P_det_soft 0.3308  (371s)
  step 3900  JSR   -2.1  loss 1.8858  logE[PER] -0.175  P_det_soft 0.1711  (373s)
  step 3925  JSR   -8.0  loss 8.9461  logE[PER] -0.643  P_det_soft 0.8303  (376s)
  step 3950  JSR   -6.0  loss 5.8806  logE[PER] -0.395  P_det_soft 0.5485  (378s)
  step 3975  JSR   -5.3  loss 5.0187  logE[PER] -0.198  P_det_soft 0.4820  (380s)
  step 3999  JSR   -9.6  loss 10.6187  logE[PER] -1.578  P_det_soft 0.9041  (383s)
wrote gan/cnn_li_grey_r2_G.pt, gan/cnn_li_grey_r2.json in 389s
