node: tikgpu05.ee.ethz.ch | gpu: NVIDIA TITAN RTX
env fading = {'noise_unc_db': 0.0, 'rician_k_db': 12.0} | task control_r1 = {'target': None, 'beta': 0.0, 'cgan_task': 0} | seed 5000 | band (-32.0, 0.0) | 128 frames/step | 4000 steps | device cuda:0
  step    0  JSR  -12.5  loss 20.7629  logE[BER] -20.763  P_det_soft 0.0000  (1s)
  step   25  JSR  -19.8  loss 13.4434  logE[BER] -13.443  P_det_soft 0.0000  (1s)
  step   50  JSR  -28.2  loss 44.7423  logE[BER] -44.742  P_det_soft 0.0000  (2s)
  step   75  JSR  -16.3  loss 8.6830  logE[BER] -8.683  P_det_soft 0.0000  (3s)
  step  100  JSR  -27.3  loss 28.9943  logE[BER] -28.994  P_det_soft 0.0000  (3s)
  step  125  JSR  -26.4  loss 37.6990  logE[BER] -37.699  P_det_soft 0.0000  (4s)
  step  150  JSR  -22.4  loss 18.2408  logE[BER] -18.241  P_det_soft 0.0000  (4s)
  step  175  JSR   -2.0  loss 3.5547  logE[BER] -3.555  P_det_soft 0.0000  (5s)
  step  200  JSR   -0.4  loss 3.3721  logE[BER] -3.372  P_det_soft 0.0000  (6s)
  step  225  JSR  -24.4  loss 27.4453  logE[BER] -27.445  P_det_soft 0.0000  (6s)
  step  250  JSR  -16.3  loss 9.5122  logE[BER] -9.512  P_det_soft 0.0000  (7s)
  step  275  JSR  -14.2  loss 8.2140  logE[BER] -8.214  P_det_soft 0.0000  (7s)
  step  300  JSR  -20.6  loss 14.6590  logE[BER] -14.659  P_det_soft 0.0000  (8s)
  step  325  JSR   -5.5  loss 4.0743  logE[BER] -4.074  P_det_soft 0.0000  (8s)
  step  350  JSR  -16.2  loss 8.1232  logE[BER] -8.123  P_det_soft 0.0000  (9s)
  step  375  JSR   -9.9  loss 5.4861  logE[BER] -5.486  P_det_soft 0.0000  (10s)
  step  400  JSR  -28.9  loss 45.9523  logE[BER] -45.952  P_det_soft 0.0000  (10s)
  step  425  JSR  -31.5  loss 34.0759  logE[BER] -34.076  P_det_soft 0.0000  (11s)
  step  450  JSR  -17.4  loss 10.6144  logE[BER] -10.614  P_det_soft 0.0000  (11s)
  step  475  JSR  -14.2  loss 7.7569  logE[BER] -7.757  P_det_soft 0.0000  (12s)
  step  500  JSR  -14.8  loss 8.2147  logE[BER] -8.215  P_det_soft 0.0000  (13s)
  step  525  JSR  -10.9  loss 5.1498  logE[BER] -5.150  P_det_soft 0.0000  (13s)
  step  550  JSR  -19.0  loss 13.2848  logE[BER] -13.285  P_det_soft 0.0000  (14s)
  step  575  JSR  -18.2  loss 12.0201  logE[BER] -12.020  P_det_soft 0.0000  (14s)
  step  600  JSR   -9.1  loss 4.4541  logE[BER] -4.454  P_det_soft 0.0000  (15s)
  step  625  JSR   -0.7  loss 3.2278  logE[BER] -3.228  P_det_soft 0.0000  (15s)
  step  650  JSR  -17.4  loss 11.9992  logE[BER] -11.999  P_det_soft 0.0000  (16s)
  step  675  JSR   -6.3  loss 3.8750  logE[BER] -3.875  P_det_soft 0.0000  (17s)
  step  700  JSR  -25.9  loss 30.1872  logE[BER] -30.187  P_det_soft 0.0000  (17s)
  step  725  JSR  -22.7  loss 20.7312  logE[BER] -20.731  P_det_soft 0.0000  (18s)
  step  750  JSR  -13.1  loss 5.5783  logE[BER] -5.578  P_det_soft 0.0000  (18s)
  step  775  JSR   -8.1  loss 4.1012  logE[BER] -4.101  P_det_soft 0.0000  (19s)
  step  800  JSR  -11.5  loss 5.1000  logE[BER] -5.100  P_det_soft 0.0000  (19s)
  step  825  JSR   -5.2  loss 3.7346  logE[BER] -3.735  P_det_soft 0.0000  (20s)
  step  850  JSR  -30.8  loss 39.6548  logE[BER] -39.655  P_det_soft 0.0000  (21s)
  step  875  JSR   -0.8  loss 3.1871  logE[BER] -3.187  P_det_soft 0.0000  (21s)
  step  900  JSR  -21.5  loss 28.3840  logE[BER] -28.384  P_det_soft 0.0000  (22s)
  step  925  JSR   -2.5  loss 3.5542  logE[BER] -3.554  P_det_soft 0.0000  (22s)
  step  950  JSR  -27.5  loss 24.7881  logE[BER] -24.788  P_det_soft 0.0000  (23s)
  step  975  JSR  -26.7  loss 25.1159  logE[BER] -25.116  P_det_soft 0.0000  (24s)
  step 1000  JSR   -8.8  loss 4.3234  logE[BER] -4.323  P_det_soft 0.0000  (24s)
  step 1025  JSR  -25.2  loss 30.4422  logE[BER] -30.442  P_det_soft 0.0000  (25s)
  step 1050  JSR   -7.7  loss 4.0600  logE[BER] -4.060  P_det_soft 0.0000  (25s)
  step 1075  JSR   -9.3  loss 4.2452  logE[BER] -4.245  P_det_soft 0.0000  (26s)
  step 1100  JSR  -26.3  loss 23.8795  logE[BER] -23.880  P_det_soft 0.0000  (26s)
  step 1125  JSR   -5.4  loss 3.7826  logE[BER] -3.783  P_det_soft 0.0000  (27s)
  step 1150  JSR  -27.7  loss 35.9475  logE[BER] -35.947  P_det_soft 0.0000  (28s)
  step 1175  JSR   -8.2  loss 4.1418  logE[BER] -4.142  P_det_soft 0.0000  (28s)
  step 1200  JSR  -20.0  loss 11.5910  logE[BER] -11.591  P_det_soft 0.0000  (29s)
  step 1225  JSR   -4.8  loss 3.8053  logE[BER] -3.805  P_det_soft 0.0000  (29s)
  step 1250  JSR   -0.9  loss 3.3701  logE[BER] -3.370  P_det_soft 0.0000  (30s)
  step 1275  JSR  -13.4  loss 5.1062  logE[BER] -5.106  P_det_soft 0.0000  (31s)
  step 1300  JSR  -16.5  loss 6.9782  logE[BER] -6.978  P_det_soft 0.0000  (31s)
  step 1325  JSR  -14.5  loss 5.4187  logE[BER] -5.419  P_det_soft 0.0000  (32s)
  step 1350  JSR   -7.5  loss 3.9969  logE[BER] -3.997  P_det_soft 0.0000  (32s)
  step 1375  JSR  -23.4  loss 9.9695  logE[BER] -9.969  P_det_soft 0.0000  (33s)
  step 1400  JSR   -6.4  loss 3.9391  logE[BER] -3.939  P_det_soft 0.0000  (34s)
  step 1425  JSR  -29.9  loss 31.1618  logE[BER] -31.162  P_det_soft 0.0000  (34s)
  step 1450  JSR  -14.2  loss 5.3343  logE[BER] -5.334  P_det_soft 0.0000  (35s)
  step 1475  JSR   -8.2  loss 4.1078  logE[BER] -4.108  P_det_soft 0.0000  (35s)
  step 1500  JSR   -6.4  loss 3.8632  logE[BER] -3.863  P_det_soft 0.0000  (36s)
  step 1525  JSR  -31.8  loss 36.9468  logE[BER] -36.947  P_det_soft 0.0000  (36s)
  step 1550  JSR  -14.7  loss 5.6028  logE[BER] -5.603  P_det_soft 0.0000  (37s)
  step 1575  JSR   -9.0  loss 4.2887  logE[BER] -4.289  P_det_soft 0.0000  (38s)
  step 1600  JSR  -12.1  loss 4.8313  logE[BER] -4.831  P_det_soft 0.0000  (38s)
  step 1625  JSR  -27.3  loss 22.1561  logE[BER] -22.156  P_det_soft 0.0000  (39s)
  step 1650  JSR  -13.4  loss 4.9139  logE[BER] -4.914  P_det_soft 0.0000  (39s)
  step 1675  JSR   -9.5  loss 4.3833  logE[BER] -4.383  P_det_soft 0.0000  (40s)
  step 1700  JSR  -17.1  loss 6.3368  logE[BER] -6.337  P_det_soft 0.0000  (41s)
  step 1725  JSR  -29.8  loss 28.1435  logE[BER] -28.144  P_det_soft 0.0000  (41s)
  step 1750  JSR  -16.2  loss 6.1219  logE[BER] -6.122  P_det_soft 0.0000  (42s)
  step 1775  JSR  -27.0  loss 22.7705  logE[BER] -22.770  P_det_soft 0.0000  (42s)
  step 1800  JSR  -13.5  loss 5.1543  logE[BER] -5.154  P_det_soft 0.0000  (43s)
  step 1825  JSR   -9.2  loss 4.4434  logE[BER] -4.443  P_det_soft 0.0000  (44s)
  step 1850  JSR   -7.6  loss 4.3485  logE[BER] -4.349  P_det_soft 0.0000  (44s)
  step 1875  JSR  -14.3  loss 5.1316  logE[BER] -5.132  P_det_soft 0.0000  (45s)
  step 1900  JSR   -4.2  loss 3.9279  logE[BER] -3.928  P_det_soft 0.0000  (45s)
  step 1925  JSR  -13.7  loss 5.2109  logE[BER] -5.211  P_det_soft 0.0000  (46s)
  step 1950  JSR   -2.7  loss 3.8018  logE[BER] -3.802  P_det_soft 0.0000  (46s)
  step 1975  JSR  -22.4  loss 11.0432  logE[BER] -11.043  P_det_soft 0.0000  (47s)
  step 2000  JSR  -24.8  loss 13.7599  logE[BER] -13.760  P_det_soft 0.0000  (48s)
  step 2025  JSR  -12.3  loss 4.8045  logE[BER] -4.805  P_det_soft 0.0000  (48s)
  step 2050  JSR  -17.4  loss 6.5702  logE[BER] -6.570  P_det_soft 0.0000  (49s)
  step 2075  JSR  -15.4  loss 5.4239  logE[BER] -5.424  P_det_soft 0.0000  (49s)
  step 2100  JSR   -1.2  loss 3.7935  logE[BER] -3.794  P_det_soft 0.0000  (50s)
  step 2125  JSR  -18.5  loss 6.4945  logE[BER] -6.494  P_det_soft 0.0000  (51s)
  step 2150  JSR   -7.1  loss 4.4693  logE[BER] -4.469  P_det_soft 0.0000  (51s)
  step 2175  JSR  -27.9  loss 16.8842  logE[BER] -16.884  P_det_soft 0.0000  (52s)
  step 2200  JSR  -31.8  loss 21.2453  logE[BER] -21.245  P_det_soft 0.0000  (52s)
  step 2225  JSR   -5.3  loss 4.5180  logE[BER] -4.518  P_det_soft 0.0000  (53s)
  step 2250  JSR   -8.0  loss 4.6543  logE[BER] -4.654  P_det_soft 0.0000  (53s)
  step 2275  JSR  -12.5  loss 4.9490  logE[BER] -4.949  P_det_soft 0.0000  (54s)
  step 2300  JSR  -16.1  loss 5.6088  logE[BER] -5.609  P_det_soft 0.0000  (55s)
  step 2325  JSR  -23.1  loss 9.1385  logE[BER] -9.139  P_det_soft 0.0000  (55s)
  step 2350  JSR  -23.4  loss 10.3625  logE[BER] -10.363  P_det_soft 0.0000  (56s)
  step 2375  JSR   -3.8  loss 4.3201  logE[BER] -4.320  P_det_soft 0.0000  (56s)
  step 2400  JSR   -0.5  loss 4.3139  logE[BER] -4.314  P_det_soft 0.0000  (57s)
  step 2425  JSR   -3.5  loss 4.4074  logE[BER] -4.407  P_det_soft 0.0000  (58s)
  step 2450  JSR   -0.4  loss 4.2725  logE[BER] -4.273  P_det_soft 0.0000  (58s)
  step 2475  JSR   -0.8  loss 4.0085  logE[BER] -4.009  P_det_soft 0.0000  (59s)
  step 2500  JSR  -10.7  loss 4.9714  logE[BER] -4.971  P_det_soft 0.0000  (59s)
  step 2525  JSR  -30.1  loss 22.3105  logE[BER] -22.311  P_det_soft 0.0000  (60s)
  step 2550  JSR  -28.1  loss 17.8123  logE[BER] -17.812  P_det_soft 0.0000  (61s)
  step 2575  JSR   -8.3  loss 4.9758  logE[BER] -4.976  P_det_soft 0.0000  (61s)
  step 2600  JSR   -0.1  loss 4.3552  logE[BER] -4.355  P_det_soft 0.0000  (62s)
  step 2625  JSR  -32.0  loss 30.4837  logE[BER] -30.484  P_det_soft 0.0000  (62s)
  step 2650  JSR  -18.4  loss 6.0593  logE[BER] -6.059  P_det_soft 0.0000  (63s)
  step 2675  JSR   -0.9  loss 4.4493  logE[BER] -4.449  P_det_soft 0.0000  (64s)
  step 2700  JSR   -9.0  loss 4.9662  logE[BER] -4.966  P_det_soft 0.0000  (64s)
  step 2725  JSR   -5.9  loss 4.7443  logE[BER] -4.744  P_det_soft 0.0000  (65s)
  step 2750  JSR   -2.7  loss 4.3389  logE[BER] -4.339  P_det_soft 0.0000  (65s)
  step 2775  JSR   -1.5  loss 4.4902  logE[BER] -4.490  P_det_soft 0.0000  (66s)
  step 2800  JSR   -2.9  loss 4.5520  logE[BER] -4.552  P_det_soft 0.0000  (66s)
  step 2825  JSR  -29.3  loss 14.0390  logE[BER] -14.039  P_det_soft 0.0000  (67s)
  step 2850  JSR  -17.5  loss 5.9158  logE[BER] -5.916  P_det_soft 0.0000  (68s)
  step 2875  JSR  -24.4  loss 9.0776  logE[BER] -9.078  P_det_soft 0.0000  (68s)
  step 2900  JSR  -17.9  loss 6.0243  logE[BER] -6.024  P_det_soft 0.0000  (69s)
  step 2925  JSR  -15.5  loss 5.6975  logE[BER] -5.697  P_det_soft 0.0000  (69s)
  step 2950  JSR  -15.2  loss 5.5863  logE[BER] -5.586  P_det_soft 0.0000  (70s)
  step 2975  JSR  -27.4  loss 12.9846  logE[BER] -12.985  P_det_soft 0.0000  (71s)
  step 3000  JSR  -23.5  loss 7.6947  logE[BER] -7.695  P_det_soft 0.0000  (71s)
  step 3025  JSR  -22.4  loss 7.1996  logE[BER] -7.200  P_det_soft 0.0000  (72s)
  step 3050  JSR  -16.1  loss 5.7710  logE[BER] -5.771  P_det_soft 0.0000  (72s)
  step 3075  JSR   -1.2  loss 4.4367  logE[BER] -4.437  P_det_soft 0.0000  (73s)
  step 3100  JSR  -22.8  loss 7.9690  logE[BER] -7.969  P_det_soft 0.0000  (74s)
  step 3125  JSR  -13.2  loss 5.4982  logE[BER] -5.498  P_det_soft 0.0000  (74s)
  step 3150  JSR   -0.3  loss 4.2313  logE[BER] -4.231  P_det_soft 0.0000  (75s)
  step 3175  JSR  -10.9  loss 5.2782  logE[BER] -5.278  P_det_soft 0.0000  (75s)
  step 3200  JSR   -5.9  loss 4.6677  logE[BER] -4.668  P_det_soft 0.0000  (76s)
  step 3225  JSR   -1.8  loss 4.3443  logE[BER] -4.344  P_det_soft 0.0000  (76s)
  step 3250  JSR  -26.1  loss 10.4549  logE[BER] -10.455  P_det_soft 0.0000  (77s)
  step 3275  JSR  -16.1  loss 5.6699  logE[BER] -5.670  P_det_soft 0.0000  (78s)
  step 3300  JSR  -16.8  loss 5.8262  logE[BER] -5.826  P_det_soft 0.0000  (78s)
  step 3325  JSR   -6.2  loss 4.6423  logE[BER] -4.642  P_det_soft 0.0000  (79s)
  step 3350  JSR  -24.2  loss 9.7115  logE[BER] -9.711  P_det_soft 0.0000  (79s)
  step 3375  JSR  -22.5  loss 7.5259  logE[BER] -7.526  P_det_soft 0.0000  (80s)
  step 3400  JSR   -4.7  loss 4.6555  logE[BER] -4.655  P_det_soft 0.0000  (81s)
  step 3425  JSR   -5.2  loss 4.7580  logE[BER] -4.758  P_det_soft 0.0000  (81s)
  step 3450  JSR  -25.7  loss 9.7575  logE[BER] -9.758  P_det_soft 0.0000  (82s)
  step 3475  JSR  -24.0  loss 8.3338  logE[BER] -8.334  P_det_soft 0.0000  (82s)
  step 3500  JSR  -10.3  loss 5.0554  logE[BER] -5.055  P_det_soft 0.0000  (83s)
  step 3525  JSR  -21.9  loss 6.9443  logE[BER] -6.944  P_det_soft 0.0000  (84s)
  step 3550  JSR  -26.4  loss 11.5846  logE[BER] -11.585  P_det_soft 0.0000  (84s)
  step 3575  JSR   -1.9  loss 4.4592  logE[BER] -4.459  P_det_soft 0.0000  (85s)
  step 3600  JSR  -19.7  loss 6.2348  logE[BER] -6.235  P_det_soft 0.0000  (85s)
  step 3625  JSR   -1.2  loss 4.4915  logE[BER] -4.491  P_det_soft 0.0000  (86s)
  step 3650  JSR  -12.8  loss 5.4254  logE[BER] -5.425  P_det_soft 0.0000  (87s)
  step 3675  JSR  -29.7  loss 20.8928  logE[BER] -20.893  P_det_soft 0.0000  (87s)
  step 3700  JSR  -11.8  loss 5.3658  logE[BER] -5.366  P_det_soft 0.0000  (88s)
  step 3725  JSR  -24.4  loss 8.4370  logE[BER] -8.437  P_det_soft 0.0000  (88s)
  step 3750  JSR  -14.7  loss 5.5016  logE[BER] -5.502  P_det_soft 0.0000  (89s)
  step 3775  JSR   -8.2  loss 5.0793  logE[BER] -5.079  P_det_soft 0.0000  (89s)
  step 3800  JSR   -8.0  loss 5.0571  logE[BER] -5.057  P_det_soft 0.0000  (90s)
  step 3825  JSR   -8.9  loss 5.1526  logE[BER] -5.153  P_det_soft 0.0000  (91s)
  step 3850  JSR   -6.3  loss 4.7392  logE[BER] -4.739  P_det_soft 0.0000  (91s)
  step 3875  JSR   -7.7  loss 4.9657  logE[BER] -4.966  P_det_soft 0.0000  (92s)
  step 3900  JSR  -10.6  loss 5.1799  logE[BER] -5.180  P_det_soft 0.0000  (93s)
  step 3925  JSR  -18.3  loss 6.0092  logE[BER] -6.009  P_det_soft 0.0000  (93s)
  step 3950  JSR  -20.6  loss 6.5149  logE[BER] -6.515  P_det_soft 0.0000  (94s)
  step 3975  JSR  -22.3  loss 7.1576  logE[BER] -7.158  P_det_soft 0.0000  (94s)
  step 3999  JSR  -28.6  loss 13.0651  logE[BER] -13.065  P_det_soft 0.0000  (95s)
wrote gan/control_r1_G.pt, gan/control_r1.json in 96s
