node: tikgpu05.ee.ethz.ch | gpu: NVIDIA TITAN RTX
env base = {'noise_unc_db': 0.0, 'rician_k_db': None} | task cnn_b10_r2 = {'target': 'spec_cnn', 'beta': 10.0, 'cgan_task': 14} | seed 6014 | band (-39.0, -7.0) | 32 frames/step | 4000 steps | device cuda:0
  target spec_cnn: threshold -2.00681, clean-frame std 1.19308 (soft_pdet width)
  step    0  JSR  -11.4  loss 72.9988  logE[BER] -63.030  P_det_soft 0.9969  (1s)
  step   25  JSR  -24.7  loss 82.0390  logE[BER] -79.530  P_det_soft 0.2509  (4s)
  step   50  JSR  -10.1  loss 17.9215  logE[BER] -7.965  P_det_soft 0.9957  (6s)
  step   75  JSR   -7.4  loss 15.8552  logE[BER] -5.889  P_det_soft 0.9967  (9s)
  step  100  JSR  -31.0  loss 116.1360  logE[BER] -113.896  P_det_soft 0.2240  (11s)
  step  125  JSR  -37.2  loss 122.5157  logE[BER] -121.312  P_det_soft 0.1203  (13s)
  step  150  JSR  -37.0  loss 126.6535  logE[BER] -125.224  P_det_soft 0.1430  (16s)
  step  175  JSR  -23.5  loss 93.9679  logE[BER] -90.660  P_det_soft 0.3308  (18s)
  step  200  JSR   -8.4  loss 16.5964  logE[BER] -6.639  P_det_soft 0.9957  (20s)
  step  225  JSR  -38.6  loss 126.3798  logE[BER] -125.156  P_det_soft 0.1224  (23s)
  step  250  JSR  -38.4  loss 127.2067  logE[BER] -125.253  P_det_soft 0.1953  (25s)
  step  275  JSR  -14.9  loss 24.0964  logE[BER] -14.284  P_det_soft 0.9812  (27s)
  step  300  JSR  -35.3  loss 122.6877  logE[BER] -120.375  P_det_soft 0.2313  (30s)
  step  325  JSR  -21.5  loss 82.8184  logE[BER] -78.603  P_det_soft 0.4215  (32s)
  step  350  JSR  -28.6  loss 106.9676  logE[BER] -105.102  P_det_soft 0.1866  (34s)
  step  375  JSR  -16.6  loss 42.9505  logE[BER] -33.495  P_det_soft 0.9456  (37s)
  step  400  JSR  -34.1  loss 117.1899  logE[BER] -115.409  P_det_soft 0.1781  (39s)
  step  425  JSR  -38.1  loss 126.9660  logE[BER] -125.295  P_det_soft 0.1671  (41s)
  step  450  JSR  -34.7  loss 118.4501  logE[BER] -116.517  P_det_soft 0.1933  (44s)
  step  475  JSR  -19.2  loss 55.2156  logE[BER] -48.484  P_det_soft 0.6731  (46s)
  step  500  JSR  -25.7  loss 70.8403  logE[BER] -68.688  P_det_soft 0.2153  (49s)
  step  525  JSR  -33.3  loss 115.9957  logE[BER] -114.158  P_det_soft 0.1837  (51s)
  step  550  JSR  -12.9  loss 18.5164  logE[BER] -8.576  P_det_soft 0.9941  (53s)
  step  575  JSR  -38.8  loss 125.5400  logE[BER] -124.440  P_det_soft 0.1100  (56s)
  step  600  JSR  -13.6  loss 17.7768  logE[BER] -7.860  P_det_soft 0.9917  (58s)
  step  625  JSR  -32.9  loss 112.6035  logE[BER] -110.888  P_det_soft 0.1716  (60s)
  step  650  JSR  -30.8  loss 105.6451  logE[BER] -103.775  P_det_soft 0.1870  (63s)
  step  675  JSR  -18.5  loss 29.8772  logE[BER] -22.372  P_det_soft 0.7506  (65s)
  step  700  JSR  -17.0  loss 26.5226  logE[BER] -17.542  P_det_soft 0.8981  (68s)
  step  725  JSR  -11.7  loss 16.7459  logE[BER] -6.800  P_det_soft 0.9946  (70s)
  step  750  JSR  -16.3  loss 24.6038  logE[BER] -15.252  P_det_soft 0.9352  (72s)
  step  775  JSR  -18.6  loss 34.1546  logE[BER] -27.221  P_det_soft 0.6933  (75s)
  step  800  JSR  -20.0  loss 50.0853  logE[BER] -44.403  P_det_soft 0.5682  (77s)
  step  825  JSR  -13.1  loss 17.0615  logE[BER] -7.144  P_det_soft 0.9918  (79s)
  step  850  JSR  -20.2  loss 32.1760  logE[BER] -27.539  P_det_soft 0.4637  (82s)
  step  875  JSR  -22.5  loss 56.6580  logE[BER] -52.954  P_det_soft 0.3704  (84s)
  step  900  JSR  -27.3  loss 84.5048  logE[BER] -82.123  P_det_soft 0.2381  (87s)
  step  925  JSR   -7.3  loss 15.8041  logE[BER] -5.848  P_det_soft 0.9956  (89s)
  step  950  JSR  -34.5  loss 112.4507  logE[BER] -110.813  P_det_soft 0.1638  (91s)
  step  975  JSR  -13.4  loss 16.5076  logE[BER] -6.603  P_det_soft 0.9905  (94s)
  step 1000  JSR  -35.0  loss 114.9512  logE[BER] -113.087  P_det_soft 0.1864  (96s)
  step 1025  JSR  -33.7  loss 111.3639  logE[BER] -109.250  P_det_soft 0.2114  (98s)
  step 1050  JSR  -26.5  loss 76.3175  logE[BER] -73.913  P_det_soft 0.2405  (101s)
  step 1075  JSR  -26.0  loss 73.0433  logE[BER] -71.661  P_det_soft 0.1383  (103s)
  step 1100  JSR  -37.8  loss 118.3436  logE[BER] -116.568  P_det_soft 0.1776  (106s)
  step 1125  JSR  -29.3  loss 78.3984  logE[BER] -76.728  P_det_soft 0.1671  (108s)
  step 1150  JSR  -17.9  loss 19.5356  logE[BER] -12.142  P_det_soft 0.7393  (110s)
  step 1175  JSR  -20.4  loss 18.3066  logE[BER] -14.394  P_det_soft 0.3912  (113s)
  step 1200  JSR  -16.8  loss 14.9899  logE[BER] -7.647  P_det_soft 0.7342  (115s)
  step 1225  JSR  -19.6  loss 23.0873  logE[BER] -17.782  P_det_soft 0.5305  (117s)
  step 1250  JSR  -15.6  loss 16.1647  logE[BER] -7.272  P_det_soft 0.8893  (120s)
  step 1275  JSR   -8.8  loss 15.4440  logE[BER] -5.483  P_det_soft 0.9961  (122s)
  step 1300  JSR  -30.4  loss 85.2683  logE[BER] -83.828  P_det_soft 0.1440  (124s)
  step 1325  JSR  -12.3  loss 15.8890  logE[BER] -5.987  P_det_soft 0.9902  (127s)
  step 1350  JSR  -16.9  loss 13.1225  logE[BER] -6.638  P_det_soft 0.6485  (129s)
  step 1375  JSR  -34.2  loss 95.1396  logE[BER] -93.554  P_det_soft 0.1585  (132s)
  step 1400  JSR  -10.0  loss 15.9437  logE[BER] -5.984  P_det_soft 0.9959  (134s)
  step 1425  JSR   -8.1  loss 15.3031  logE[BER] -5.327  P_det_soft 0.9976  (136s)
  step 1450  JSR  -10.8  loss 15.5435  logE[BER] -5.584  P_det_soft 0.9959  (139s)
  step 1475  JSR  -24.8  loss 29.2274  logE[BER] -27.014  P_det_soft 0.2213  (141s)
  step 1500  JSR  -16.3  loss 13.7772  logE[BER] -6.174  P_det_soft 0.7604  (143s)
  step 1525  JSR  -33.4  loss 87.1078  logE[BER] -85.324  P_det_soft 0.1784  (146s)
  step 1550  JSR   -8.3  loss 15.2205  logE[BER] -5.242  P_det_soft 0.9979  (148s)
  step 1575  JSR  -19.7  loss 9.5883  logE[BER] -6.440  P_det_soft 0.3148  (151s)
  step 1600  JSR  -25.3  loss 31.8438  logE[BER] -29.754  P_det_soft 0.2090  (153s)
  step 1625  JSR  -19.1  loss 10.5626  logE[BER] -6.972  P_det_soft 0.3590  (155s)
  step 1650  JSR  -20.0  loss 9.9930  logE[BER] -6.934  P_det_soft 0.3059  (158s)
  step 1675  JSR  -30.9  loss 64.6488  logE[BER] -63.113  P_det_soft 0.1536  (160s)
  step 1700  JSR  -34.1  loss 87.1688  logE[BER] -85.086  P_det_soft 0.2082  (162s)
  step 1725  JSR  -20.7  loss 10.2117  logE[BER] -7.029  P_det_soft 0.3183  (165s)
  step 1750  JSR  -15.0  loss 12.0424  logE[BER] -5.590  P_det_soft 0.6452  (167s)
  step 1775  JSR  -37.6  loss 98.8555  logE[BER] -97.361  P_det_soft 0.1495  (170s)
  step 1800  JSR  -36.1  loss 93.0413  logE[BER] -91.319  P_det_soft 0.1723  (172s)
  step 1825  JSR  -15.6  loss 11.8949  logE[BER] -5.783  P_det_soft 0.6112  (174s)
  step 1850  JSR  -13.9  loss 14.7845  logE[BER] -6.249  P_det_soft 0.8535  (177s)
  step 1875  JSR  -15.8  loss 12.0126  logE[BER] -5.755  P_det_soft 0.6257  (179s)
  step 1900  JSR  -20.5  loss 10.7935  logE[BER] -7.713  P_det_soft 0.3080  (182s)
  step 1925  JSR  -14.4  loss 13.1859  logE[BER] -5.604  P_det_soft 0.7582  (184s)
  step 1950  JSR  -13.5  loss 14.7109  logE[BER] -5.640  P_det_soft 0.9071  (186s)
  step 1975  JSR  -30.1  loss 55.1759  logE[BER] -53.048  P_det_soft 0.2128  (189s)
  step 2000  JSR  -31.9  loss 66.5953  logE[BER] -65.341  P_det_soft 0.1254  (191s)
  step 2025  JSR  -16.1  loss 11.9061  logE[BER] -5.994  P_det_soft 0.5912  (193s)
  step 2050  JSR  -24.5  loss 16.4181  logE[BER] -14.692  P_det_soft 0.1726  (196s)
  step 2075  JSR  -16.5  loss 11.3446  logE[BER] -5.921  P_det_soft 0.5424  (198s)
  step 2100  JSR  -33.4  loss 76.4547  logE[BER] -75.056  P_det_soft 0.1399  (201s)
  step 2125  JSR  -30.8  loss 59.0655  logE[BER] -57.643  P_det_soft 0.1423  (203s)
  step 2150  JSR  -11.1  loss 15.3421  logE[BER] -5.620  P_det_soft 0.9722  (205s)
  step 2175  JSR  -23.2  loss 12.5115  logE[BER] -10.078  P_det_soft 0.2433  (208s)
  step 2200  JSR  -22.4  loss 11.1762  logE[BER] -8.113  P_det_soft 0.3063  (210s)
  step 2225  JSR  -25.4  loss 22.2223  logE[BER] -20.085  P_det_soft 0.2137  (213s)
  step 2250  JSR   -9.5  loss 15.5440  logE[BER] -5.578  P_det_soft 0.9966  (215s)
  step 2275  JSR  -37.6  loss 100.8904  logE[BER] -99.077  P_det_soft 0.1814  (217s)
  step 2300  JSR  -33.8  loss 82.0839  logE[BER] -80.295  P_det_soft 0.1789  (220s)
  step 2325  JSR  -33.3  loss 73.8083  logE[BER] -71.974  P_det_soft 0.1835  (222s)
  step 2350  JSR  -29.3  loss 47.3779  logE[BER] -45.873  P_det_soft 0.1505  (224s)
  step 2375  JSR  -22.7  loss 11.9026  logE[BER] -9.310  P_det_soft 0.2592  (227s)
  step 2400  JSR  -14.5  loss 12.4494  logE[BER] -5.622  P_det_soft 0.6827  (229s)
  step 2425  JSR   -8.8  loss 15.2857  logE[BER] -5.325  P_det_soft 0.9961  (232s)
  step 2450  JSR   -7.5  loss 15.5052  logE[BER] -5.528  P_det_soft 0.9977  (234s)
  step 2475  JSR   -7.3  loss 15.3039  logE[BER] -5.322  P_det_soft 0.9982  (236s)
  step 2500  JSR   -8.3  loss 15.3475  logE[BER] -5.378  P_det_soft 0.9970  (239s)
  step 2525  JSR  -30.4  loss 55.6148  logE[BER] -54.005  P_det_soft 0.1609  (241s)
  step 2550  JSR  -26.9  loss 31.0372  logE[BER] -29.140  P_det_soft 0.1897  (244s)
  step 2575  JSR  -19.7  loss 9.8106  logE[BER] -6.608  P_det_soft 0.3202  (246s)
  step 2600  JSR  -33.0  loss 73.2418  logE[BER] -71.834  P_det_soft 0.1407  (248s)
  step 2625  JSR   -9.1  loss 15.1137  logE[BER] -5.205  P_det_soft 0.9908  (251s)
  step 2650  JSR  -38.5  loss 103.5552  logE[BER] -102.274  P_det_soft 0.1281  (253s)
  step 2675  JSR  -23.7  loss 13.0881  logE[BER] -11.203  P_det_soft 0.1885  (255s)
  step 2700  JSR  -36.8  loss 98.1957  logE[BER] -96.698  P_det_soft 0.1497  (258s)
  step 2725  JSR  -33.3  loss 75.9006  logE[BER] -74.101  P_det_soft 0.1800  (260s)
  step 2750  JSR  -19.0  loss 8.9051  logE[BER] -6.135  P_det_soft 0.2771  (263s)
  step 2775  JSR  -28.8  loss 46.6833  logE[BER] -45.130  P_det_soft 0.1553  (265s)
  step 2800  JSR  -27.9  loss 39.1255  logE[BER] -37.538  P_det_soft 0.1587  (267s)
  step 2825  JSR  -23.8  loss 12.0487  logE[BER] -10.793  P_det_soft 0.1256  (270s)
  step 2850  JSR  -31.0  loss 59.9341  logE[BER] -58.542  P_det_soft 0.1392  (272s)
  step 2875  JSR  -10.4  loss 14.9610  logE[BER] -5.250  P_det_soft 0.9711  (275s)
  step 2900  JSR  -28.1  loss 39.3024  logE[BER] -37.246  P_det_soft 0.2056  (277s)
  step 2925  JSR  -35.5  loss 89.1273  logE[BER] -87.940  P_det_soft 0.1188  (279s)
  step 2950  JSR   -7.7  loss 15.3021  logE[BER] -5.330  P_det_soft 0.9973  (282s)
  step 2975  JSR  -35.8  loss 90.7982  logE[BER] -89.345  P_det_soft 0.1453  (284s)
  step 3000  JSR  -12.2  loss 13.6792  logE[BER] -5.355  P_det_soft 0.8324  (286s)
  step 3025  JSR  -14.2  loss 12.8528  logE[BER] -5.525  P_det_soft 0.7327  (289s)
  step 3050  JSR  -18.5  loss 9.1512  logE[BER] -6.484  P_det_soft 0.2667  (291s)
  step 3075  JSR  -14.1  loss 13.5469  logE[BER] -6.146  P_det_soft 0.7401  (294s)
  step 3100  JSR  -25.9  loss 24.8059  logE[BER] -23.198  P_det_soft 0.1608  (296s)
  step 3125  JSR  -10.8  loss 15.1231  logE[BER] -5.311  P_det_soft 0.9812  (298s)
  step 3150  JSR  -32.0  loss 67.4324  logE[BER] -65.513  P_det_soft 0.1920  (301s)
  step 3175  JSR  -16.5  loss 10.6485  logE[BER] -6.180  P_det_soft 0.4469  (303s)
  step 3200  JSR  -33.0  loss 73.2691  logE[BER] -71.600  P_det_soft 0.1669  (306s)
  step 3225  JSR  -24.0  loss 12.8810  logE[BER] -10.793  P_det_soft 0.2088  (308s)
  step 3250  JSR   -8.1  loss 15.2861  logE[BER] -5.380  P_det_soft 0.9906  (310s)
  step 3275  JSR  -38.9  loss 102.2978  logE[BER] -101.080  P_det_soft 0.1218  (313s)
  step 3300  JSR  -35.0  loss 84.8308  logE[BER] -83.170  P_det_soft 0.1660  (315s)
  step 3325  JSR  -28.2  loss 37.3730  logE[BER] -35.615  P_det_soft 0.1757  (318s)
  step 3350  JSR  -24.2  loss 17.1949  logE[BER] -15.109  P_det_soft 0.2086  (320s)
  step 3375  JSR  -17.8  loss 9.1768  logE[BER] -5.943  P_det_soft 0.3233  (322s)
  step 3400  JSR  -16.9  loss 10.3123  logE[BER] -5.637  P_det_soft 0.4675  (325s)
  step 3425  JSR  -20.9  loss 9.1558  logE[BER] -6.885  P_det_soft 0.2270  (327s)
  step 3450  JSR  -18.9  loss 8.7415  logE[BER] -6.030  P_det_soft 0.2712  (329s)
  step 3475  JSR  -20.5  loss 9.8621  logE[BER] -7.159  P_det_soft 0.2703  (332s)
  step 3500  JSR  -20.2  loss 9.4772  logE[BER] -6.834  P_det_soft 0.2643  (334s)
  step 3525  JSR   -7.3  loss 15.0877  logE[BER] -5.130  P_det_soft 0.9957  (337s)
  step 3550  JSR  -31.1  loss 60.5299  logE[BER] -58.553  P_det_soft 0.1977  (339s)
  step 3575  JSR  -17.3  loss 9.6913  logE[BER] -5.929  P_det_soft 0.3762  (341s)
  step 3600  JSR  -10.8  loss 14.7851  logE[BER] -5.216  P_det_soft 0.9569  (344s)
  step 3625  JSR  -25.4  loss 22.0382  logE[BER] -20.586  P_det_soft 0.1452  (346s)
  step 3650  JSR  -34.2  loss 79.7688  logE[BER] -77.993  P_det_soft 0.1776  (349s)
  step 3675  JSR  -15.6  loss 11.7214  logE[BER] -5.963  P_det_soft 0.5758  (351s)
  step 3700  JSR  -17.9  loss 9.8636  logE[BER] -5.888  P_det_soft 0.3975  (353s)
  step 3725  JSR  -24.3  loss 13.7371  logE[BER] -11.788  P_det_soft 0.1949  (356s)
  step 3750  JSR   -7.4  loss 15.1345  logE[BER] -5.161  P_det_soft 0.9974  (358s)
  step 3775  JSR  -29.2  loss 50.1419  logE[BER] -48.726  P_det_soft 0.1416  (360s)
  step 3800  JSR  -37.6  loss 97.1882  logE[BER] -95.483  P_det_soft 0.1705  (363s)
  step 3825  JSR  -35.1  loss 85.6059  logE[BER] -84.278  P_det_soft 0.1328  (365s)
  step 3850  JSR  -10.2  loss 14.9928  logE[BER] -5.231  P_det_soft 0.9762  (368s)
  step 3875  JSR  -20.6  loss 9.3971  logE[BER] -6.692  P_det_soft 0.2705  (370s)
  step 3900  JSR  -13.8  loss 11.1953  logE[BER] -5.551  P_det_soft 0.5645  (372s)
  step 3925  JSR  -32.7  loss 70.3378  logE[BER] -68.769  P_det_soft 0.1568  (375s)
  step 3950  JSR  -26.3  loss 25.3763  logE[BER] -23.687  P_det_soft 0.1689  (377s)
  step 3975  JSR  -23.8  loss 14.9283  logE[BER] -12.492  P_det_soft 0.2436  (379s)
  step 3999  JSR  -37.6  loss 98.1266  logE[BER] -96.859  P_det_soft 0.1268  (382s)
wrote gan/cnn_b10_r2_G.pt, gan/cnn_b10_r2.json in 388s
