node: tikgpu05.ee.ethz.ch | gpu: NVIDIA TITAN RTX
env base = {'noise_unc_db': 0.0, 'rician_k_db': None} | task control_r2 = {'target': None, 'beta': 0.0, 'cgan_task': 0} | seed 6000 | band (-32.0, 0.0) | 128 frames/step | 4000 steps | device cuda:0
  step    0  JSR   -8.6  loss 45.4572  logE[BER] -45.457  P_det_soft 0.0000  (1s)
  step   25  JSR   -3.1  loss 4.6726  logE[BER] -4.673  P_det_soft 0.0000  (2s)
  step   50  JSR  -24.3  loss 71.6839  logE[BER] -71.684  P_det_soft 0.0000  (2s)
  step   75  JSR  -31.7  loss 106.1663  logE[BER] -106.166  P_det_soft 0.0000  (3s)
  step  100  JSR  -30.3  loss 100.6158  logE[BER] -100.616  P_det_soft 0.0000  (3s)
  step  125  JSR  -28.1  loss 83.9290  logE[BER] -83.929  P_det_soft 0.0000  (4s)
  step  150  JSR  -30.4  loss 113.4532  logE[BER] -113.453  P_det_soft 0.0000  (4s)
  step  175  JSR   -1.8  loss 4.5373  logE[BER] -4.537  P_det_soft 0.0000  (5s)
  step  200  JSR  -12.3  loss 9.7397  logE[BER] -9.740  P_det_soft 0.0000  (6s)
  step  225  JSR   -3.4  loss 4.9528  logE[BER] -4.953  P_det_soft 0.0000  (6s)
  step  250  JSR   -8.2  loss 5.6430  logE[BER] -5.643  P_det_soft 0.0000  (7s)
  step  275  JSR  -21.6  loss 55.8370  logE[BER] -55.837  P_det_soft 0.0000  (7s)
  step  300  JSR  -20.0  loss 23.3293  logE[BER] -23.329  P_det_soft 0.0000  (8s)
  step  325  JSR  -11.2  loss 6.5488  logE[BER] -6.549  P_det_soft 0.0000  (8s)
  step  350  JSR  -20.9  loss 28.9007  logE[BER] -28.901  P_det_soft 0.0000  (9s)
  step  375  JSR  -21.4  loss 25.0569  logE[BER] -25.057  P_det_soft 0.0000  (9s)
  step  400  JSR  -21.6  loss 41.7768  logE[BER] -41.777  P_det_soft 0.0000  (10s)
  step  425  JSR   -9.0  loss 5.6788  logE[BER] -5.679  P_det_soft 0.0000  (10s)
  step  450  JSR   -0.7  loss 4.6047  logE[BER] -4.605  P_det_soft 0.0000  (11s)
  step  475  JSR  -23.6  loss 52.7117  logE[BER] -52.712  P_det_soft 0.0000  (12s)
  step  500  JSR  -15.9  loss 8.9176  logE[BER] -8.918  P_det_soft 0.0000  (12s)
  step  525  JSR  -17.7  loss 9.4459  logE[BER] -9.446  P_det_soft 0.0000  (13s)
  step  550  JSR   -8.3  loss 5.6180  logE[BER] -5.618  P_det_soft 0.0000  (13s)
  step  575  JSR  -12.0  loss 6.2639  logE[BER] -6.264  P_det_soft 0.0000  (14s)
  step  600  JSR   -7.2  loss 5.3064  logE[BER] -5.306  P_det_soft 0.0000  (14s)
  step  625  JSR   -5.9  loss 4.8094  logE[BER] -4.809  P_det_soft 0.0000  (15s)
  step  650  JSR  -31.1  loss 88.9287  logE[BER] -88.929  P_det_soft 0.0000  (15s)
  step  675  JSR  -21.9  loss 26.7482  logE[BER] -26.748  P_det_soft 0.0000  (16s)
  step  700  JSR  -11.0  loss 6.3310  logE[BER] -6.331  P_det_soft 0.0000  (16s)
  step  725  JSR   -9.7  loss 6.2258  logE[BER] -6.226  P_det_soft 0.0000  (17s)
  step  750  JSR  -11.3  loss 6.5633  logE[BER] -6.563  P_det_soft 0.0000  (18s)
  step  775  JSR  -21.8  loss 21.5659  logE[BER] -21.566  P_det_soft 0.0000  (18s)
  step  800  JSR  -30.5  loss 84.5655  logE[BER] -84.565  P_det_soft 0.0000  (19s)
  step  825  JSR  -22.3  loss 33.6023  logE[BER] -33.602  P_det_soft 0.0000  (19s)
  step  850  JSR  -29.0  loss 82.5020  logE[BER] -82.502  P_det_soft 0.0000  (20s)
  step  875  JSR  -28.7  loss 76.2694  logE[BER] -76.269  P_det_soft 0.0000  (20s)
  step  900  JSR  -19.8  loss 26.4163  logE[BER] -26.416  P_det_soft 0.0000  (21s)
  step  925  JSR  -25.6  loss 57.2294  logE[BER] -57.229  P_det_soft 0.0000  (22s)
  step  950  JSR  -28.6  loss 74.1679  logE[BER] -74.168  P_det_soft 0.0000  (22s)
  step  975  JSR  -21.1  loss 25.3618  logE[BER] -25.362  P_det_soft 0.0000  (23s)
  step 1000  JSR  -14.4  loss 6.4482  logE[BER] -6.448  P_det_soft 0.0000  (23s)
  step 1025  JSR  -10.1  loss 5.8531  logE[BER] -5.853  P_det_soft 0.0000  (24s)
  step 1050  JSR  -31.2  loss 82.9334  logE[BER] -82.933  P_det_soft 0.0000  (24s)
  step 1075  JSR  -10.4  loss 5.8709  logE[BER] -5.871  P_det_soft 0.0000  (25s)
  step 1100  JSR  -26.2  loss 50.9893  logE[BER] -50.989  P_det_soft 0.0000  (25s)
  step 1125  JSR  -17.1  loss 7.5780  logE[BER] -7.578  P_det_soft 0.0000  (26s)
  step 1150  JSR  -28.7  loss 62.6676  logE[BER] -62.668  P_det_soft 0.0000  (26s)
  step 1175  JSR   -7.4  loss 5.2232  logE[BER] -5.223  P_det_soft 0.0000  (27s)
  step 1200  JSR  -26.1  loss 46.3400  logE[BER] -46.340  P_det_soft 0.0000  (28s)
  step 1225  JSR  -24.1  loss 35.6390  logE[BER] -35.639  P_det_soft 0.0000  (28s)
  step 1250  JSR  -30.5  loss 70.3616  logE[BER] -70.362  P_det_soft 0.0000  (29s)
  step 1275  JSR  -14.8  loss 6.3181  logE[BER] -6.318  P_det_soft 0.0000  (29s)
  step 1300  JSR   -2.2  loss 4.6434  logE[BER] -4.643  P_det_soft 0.0000  (30s)
  step 1325  JSR  -30.9  loss 86.0245  logE[BER] -86.025  P_det_soft 0.0000  (30s)
  step 1350  JSR  -15.8  loss 7.1594  logE[BER] -7.159  P_det_soft 0.0000  (31s)
  step 1375  JSR  -31.9  loss 82.9386  logE[BER] -82.939  P_det_soft 0.0000  (31s)
  step 1400  JSR  -21.8  loss 15.4631  logE[BER] -15.463  P_det_soft 0.0000  (32s)
  step 1425  JSR  -11.9  loss 5.6314  logE[BER] -5.631  P_det_soft 0.0000  (32s)
  step 1450  JSR  -27.3  loss 48.1054  logE[BER] -48.105  P_det_soft 0.0000  (33s)
  step 1475  JSR   -7.9  loss 5.0421  logE[BER] -5.042  P_det_soft 0.0000  (34s)
  step 1500  JSR  -30.1  loss 65.1152  logE[BER] -65.115  P_det_soft 0.0000  (34s)
  step 1525  JSR  -20.8  loss 8.6493  logE[BER] -8.649  P_det_soft 0.0000  (35s)
  step 1550  JSR  -22.6  loss 11.2198  logE[BER] -11.220  P_det_soft 0.0000  (35s)
  step 1575  JSR  -29.7  loss 64.6364  logE[BER] -64.636  P_det_soft 0.0000  (36s)
  step 1600  JSR  -18.0  loss 6.3722  logE[BER] -6.372  P_det_soft 0.0000  (36s)
  step 1625  JSR   -7.7  loss 5.0096  logE[BER] -5.010  P_det_soft 0.0000  (37s)
  step 1650  JSR  -28.0  loss 40.2456  logE[BER] -40.246  P_det_soft 0.0000  (37s)
  step 1675  JSR  -17.9  loss 6.4143  logE[BER] -6.414  P_det_soft 0.0000  (38s)
  step 1700  JSR  -11.0  loss 5.5183  logE[BER] -5.518  P_det_soft 0.0000  (38s)
  step 1725  JSR  -23.7  loss 17.9690  logE[BER] -17.969  P_det_soft 0.0000  (39s)
  step 1750  JSR   -7.3  loss 5.0997  logE[BER] -5.100  P_det_soft 0.0000  (40s)
  step 1775  JSR   -9.6  loss 5.2782  logE[BER] -5.278  P_det_soft 0.0000  (40s)
  step 1800  JSR  -16.7  loss 6.3349  logE[BER] -6.335  P_det_soft 0.0000  (41s)
  step 1825  JSR  -28.4  loss 51.1139  logE[BER] -51.114  P_det_soft 0.0000  (41s)
  step 1850  JSR  -25.5  loss 24.2778  logE[BER] -24.278  P_det_soft 0.0000  (42s)
  step 1875  JSR  -29.2  loss 50.9274  logE[BER] -50.927  P_det_soft 0.0000  (42s)
  step 1900  JSR  -12.2  loss 5.4194  logE[BER] -5.419  P_det_soft 0.0000  (43s)
  step 1925  JSR   -7.4  loss 4.9729  logE[BER] -4.973  P_det_soft 0.0000  (43s)
  step 1950  JSR  -10.1  loss 5.3336  logE[BER] -5.334  P_det_soft 0.0000  (44s)
  step 1975  JSR  -26.4  loss 29.3978  logE[BER] -29.398  P_det_soft 0.0000  (45s)
  step 2000  JSR  -10.4  loss 5.2938  logE[BER] -5.294  P_det_soft 0.0000  (45s)
  step 2025  JSR  -18.3  loss 6.2804  logE[BER] -6.280  P_det_soft 0.0000  (46s)
  step 2050  JSR  -23.9  loss 13.4655  logE[BER] -13.465  P_det_soft 0.0000  (46s)
  step 2075  JSR  -25.8  loss 21.9333  logE[BER] -21.933  P_det_soft 0.0000  (47s)
  step 2100  JSR  -15.4  loss 5.7232  logE[BER] -5.723  P_det_soft 0.0000  (47s)
  step 2125  JSR  -23.1  loss 9.1282  logE[BER] -9.128  P_det_soft 0.0000  (48s)
  step 2150  JSR  -21.6  loss 7.5924  logE[BER] -7.592  P_det_soft 0.0000  (48s)
  step 2175  JSR  -22.2  loss 8.0560  logE[BER] -8.056  P_det_soft 0.0000  (49s)
  step 2200  JSR  -15.4  loss 5.7363  logE[BER] -5.736  P_det_soft 0.0000  (49s)
  step 2225  JSR  -17.7  loss 5.9929  logE[BER] -5.993  P_det_soft 0.0000  (50s)
  step 2250  JSR  -12.0  loss 5.3885  logE[BER] -5.388  P_det_soft 0.0000  (51s)
  step 2275  JSR   -2.1  loss 4.6011  logE[BER] -4.601  P_det_soft 0.0000  (51s)
  step 2300  JSR   -8.5  loss 5.3182  logE[BER] -5.318  P_det_soft 0.0000  (52s)
  step 2325  JSR  -15.6  loss 5.7847  logE[BER] -5.785  P_det_soft 0.0000  (52s)
  step 2350  JSR  -14.4  loss 5.6814  logE[BER] -5.681  P_det_soft 0.0000  (53s)
  step 2375  JSR  -28.1  loss 36.6542  logE[BER] -36.654  P_det_soft 0.0000  (53s)
  step 2400  JSR  -19.9  loss 6.4853  logE[BER] -6.485  P_det_soft 0.0000  (54s)
  step 2425  JSR  -22.6  loss 7.8167  logE[BER] -7.817  P_det_soft 0.0000  (54s)
  step 2450  JSR  -29.4  loss 45.3055  logE[BER] -45.305  P_det_soft 0.0000  (55s)
  step 2475  JSR  -27.6  loss 31.8498  logE[BER] -31.850  P_det_soft 0.0000  (56s)
  step 2500  JSR   -0.0  loss 4.5710  logE[BER] -4.571  P_det_soft 0.0000  (56s)
  step 2525  JSR  -30.7  loss 53.3991  logE[BER] -53.399  P_det_soft 0.0000  (57s)
  step 2550  JSR   -9.0  loss 5.2361  logE[BER] -5.236  P_det_soft 0.0000  (57s)
  step 2575  JSR  -29.3  loss 46.0528  logE[BER] -46.053  P_det_soft 0.0000  (58s)
  step 2600  JSR  -21.9  loss 7.2127  logE[BER] -7.213  P_det_soft 0.0000  (58s)
  step 2625  JSR  -31.3  loss 58.0710  logE[BER] -58.071  P_det_soft 0.0000  (59s)
  step 2650  JSR   -9.1  loss 5.1791  logE[BER] -5.179  P_det_soft 0.0000  (59s)
  step 2675  JSR  -23.3  loss 8.7935  logE[BER] -8.794  P_det_soft 0.0000  (60s)
  step 2700  JSR  -15.1  loss 5.5691  logE[BER] -5.569  P_det_soft 0.0000  (60s)
  step 2725  JSR  -26.2  loss 20.8576  logE[BER] -20.858  P_det_soft 0.0000  (61s)
  step 2750  JSR  -20.3  loss 6.5259  logE[BER] -6.526  P_det_soft 0.0000  (62s)
  step 2775  JSR   -8.9  loss 5.2827  logE[BER] -5.283  P_det_soft 0.0000  (62s)
  step 2800  JSR  -26.9  loss 24.7589  logE[BER] -24.759  P_det_soft 0.0000  (63s)
  step 2825  JSR  -24.3  loss 11.6508  logE[BER] -11.651  P_det_soft 0.0000  (63s)
  step 2850  JSR   -1.3  loss 4.7418  logE[BER] -4.742  P_det_soft 0.0000  (64s)
  step 2875  JSR  -22.3  loss 7.7381  logE[BER] -7.738  P_det_soft 0.0000  (64s)
  step 2900  JSR   -4.6  loss 4.6834  logE[BER] -4.683  P_det_soft 0.0000  (65s)
  step 2925  JSR   -2.2  loss 4.5707  logE[BER] -4.571  P_det_soft 0.0000  (65s)
  step 2950  JSR   -7.6  loss 5.0461  logE[BER] -5.046  P_det_soft 0.0000  (66s)
  step 2975  JSR  -12.1  loss 5.4817  logE[BER] -5.482  P_det_soft 0.0000  (67s)
  step 3000  JSR   -8.9  loss 5.2463  logE[BER] -5.246  P_det_soft 0.0000  (67s)
  step 3025  JSR  -14.1  loss 5.5191  logE[BER] -5.519  P_det_soft 0.0000  (68s)
  step 3050  JSR  -21.8  loss 7.4210  logE[BER] -7.421  P_det_soft 0.0000  (68s)
  step 3075  JSR  -25.7  loss 16.5857  logE[BER] -16.586  P_det_soft 0.0000  (69s)
  step 3100  JSR  -28.8  loss 37.6346  logE[BER] -37.635  P_det_soft 0.0000  (69s)
  step 3125  JSR   -9.0  loss 5.1895  logE[BER] -5.190  P_det_soft 0.0000  (70s)
  step 3150  JSR   -6.8  loss 4.8032  logE[BER] -4.803  P_det_soft 0.0000  (70s)
  step 3175  JSR  -12.5  loss 5.4771  logE[BER] -5.477  P_det_soft 0.0000  (71s)
  step 3200  JSR  -30.9  loss 53.5558  logE[BER] -53.556  P_det_soft 0.0000  (72s)
  step 3225  JSR   -7.9  loss 5.1586  logE[BER] -5.159  P_det_soft 0.0000  (72s)
  step 3250  JSR  -16.3  loss 5.8525  logE[BER] -5.852  P_det_soft 0.0000  (73s)
  step 3275  JSR   -1.6  loss 4.6345  logE[BER] -4.635  P_det_soft 0.0000  (73s)
  step 3300  JSR  -10.6  loss 5.3982  logE[BER] -5.398  P_det_soft 0.0000  (74s)
  step 3325  JSR  -11.3  loss 5.3802  logE[BER] -5.380  P_det_soft 0.0000  (74s)
  step 3350  JSR   -6.3  loss 4.8850  logE[BER] -4.885  P_det_soft 0.0000  (75s)
  step 3375  JSR  -14.7  loss 5.7095  logE[BER] -5.709  P_det_soft 0.0000  (75s)
  step 3400  JSR  -20.4  loss 6.4778  logE[BER] -6.478  P_det_soft 0.0000  (76s)
  step 3425  JSR  -30.2  loss 47.9287  logE[BER] -47.929  P_det_soft 0.0000  (76s)
  step 3450  JSR  -23.1  loss 7.9944  logE[BER] -7.994  P_det_soft 0.0000  (77s)
  step 3475  JSR   -5.6  loss 4.8752  logE[BER] -4.875  P_det_soft 0.0000  (78s)
  step 3500  JSR  -28.0  loss 31.7991  logE[BER] -31.799  P_det_soft 0.0000  (78s)
  step 3525  JSR   -3.8  loss 4.7385  logE[BER] -4.739  P_det_soft 0.0000  (79s)
  step 3550  JSR  -23.3  loss 8.6904  logE[BER] -8.690  P_det_soft 0.0000  (79s)
  step 3575  JSR  -28.0  loss 32.0892  logE[BER] -32.089  P_det_soft 0.0000  (80s)
  step 3600  JSR   -9.8  loss 5.1805  logE[BER] -5.181  P_det_soft 0.0000  (80s)
  step 3625  JSR   -8.6  loss 5.1987  logE[BER] -5.199  P_det_soft 0.0000  (81s)
  step 3650  JSR  -25.6  loss 17.3470  logE[BER] -17.347  P_det_soft 0.0000  (82s)
  step 3675  JSR  -11.8  loss 5.4018  logE[BER] -5.402  P_det_soft 0.0000  (82s)
  step 3700  JSR   -0.0  loss 4.5197  logE[BER] -4.520  P_det_soft 0.0000  (83s)
  step 3725  JSR   -9.6  loss 5.2414  logE[BER] -5.241  P_det_soft 0.0000  (83s)
  step 3750  JSR  -29.0  loss 38.4062  logE[BER] -38.406  P_det_soft 0.0000  (84s)
  step 3775  JSR  -18.4  loss 6.1184  logE[BER] -6.118  P_det_soft 0.0000  (84s)
  step 3800  JSR  -26.4  loss 20.1714  logE[BER] -20.171  P_det_soft 0.0000  (85s)
  step 3825  JSR  -19.8  loss 6.5254  logE[BER] -6.525  P_det_soft 0.0000  (85s)
  step 3850  JSR  -23.0  loss 7.9968  logE[BER] -7.997  P_det_soft 0.0000  (86s)
  step 3875  JSR   -4.6  loss 4.9027  logE[BER] -4.903  P_det_soft 0.0000  (86s)
  step 3900  JSR  -16.9  loss 5.8546  logE[BER] -5.855  P_det_soft 0.0000  (87s)
  step 3925  JSR  -21.5  loss 7.0134  logE[BER] -7.013  P_det_soft 0.0000  (88s)
  step 3950  JSR   -4.3  loss 4.8639  logE[BER] -4.864  P_det_soft 0.0000  (88s)
  step 3975  JSR  -17.4  loss 6.0219  logE[BER] -6.022  P_det_soft 0.0000  (89s)
  step 3999  JSR  -28.5  loss 36.3470  logE[BER] -36.347  P_det_soft 0.0000  (89s)
wrote gan/control_r2_G.pt, gan/control_r2.json in 89s
