node: tikgpu04.ee.ethz.ch | gpu: NVIDIA TITAN RTX
env fading_k28 = {'noise_unc_db': 0.0, 'rician_k_db': 28.0} | task cnn_b10_r1 = {'target': 'spec_cnn', 'beta': 10.0, 'cgan_task': 14} | seed 5014 | band (-39.3, -7.3) | 32 frames/step | 4000 steps | device cuda:0
  target spec_cnn: threshold -1.14364, clean-frame std 1.3192 (soft_pdet width)
  step    0  JSR  -20.5  loss 105.0222  logE[BER] -99.017  P_det_soft 0.6006  (1s)
  step   25  JSR  -22.9  loss 83.3325  logE[BER] -78.372  P_det_soft 0.4960  (3s)
  step   50  JSR  -10.6  loss 18.1166  logE[BER] -8.226  P_det_soft 0.9890  (5s)
  step   75  JSR  -23.2  loss 81.8145  logE[BER] -78.089  P_det_soft 0.3725  (8s)
  step  100  JSR  -19.7  loss 61.8063  logE[BER] -55.793  P_det_soft 0.6013  (10s)
  step  125  JSR  -37.0  loss 118.1344  logE[BER] -116.673  P_det_soft 0.1461  (13s)
  step  150  JSR  -34.5  loss 111.0511  logE[BER] -109.591  P_det_soft 0.1460  (15s)
  step  175  JSR  -19.3  loss 59.9709  logE[BER] -52.546  P_det_soft 0.7425  (17s)
  step  200  JSR  -10.2  loss 16.9877  logE[BER] -7.083  P_det_soft 0.9905  (20s)
  step  225  JSR  -13.9  loss 24.4592  logE[BER] -14.660  P_det_soft 0.9799  (22s)
  step  250  JSR  -23.0  loss 77.2487  logE[BER] -73.288  P_det_soft 0.3961  (25s)
  step  275  JSR  -27.8  loss 98.7673  logE[BER] -97.171  P_det_soft 0.1597  (27s)
  step  300  JSR  -21.1  loss 63.8861  logE[BER] -59.488  P_det_soft 0.4398  (29s)
  step  325  JSR  -36.5  loss 113.1874  logE[BER] -111.323  P_det_soft 0.1865  (32s)
  step  350  JSR  -18.5  loss 38.7364  logE[BER] -31.155  P_det_soft 0.7582  (34s)
  step  375  JSR  -25.9  loss 86.1678  logE[BER] -83.706  P_det_soft 0.2462  (37s)
  step  400  JSR   -9.8  loss 16.4178  logE[BER] -6.553  P_det_soft 0.9864  (39s)
  step  425  JSR  -36.4  loss 106.4571  logE[BER] -104.993  P_det_soft 0.1464  (41s)
  step  450  JSR  -28.9  loss 99.8850  logE[BER] -97.889  P_det_soft 0.1996  (44s)
  step  475  JSR  -25.8  loss 83.6902  logE[BER] -81.361  P_det_soft 0.2329  (46s)
  step  500  JSR  -38.0  loss 121.1815  logE[BER] -119.082  P_det_soft 0.2099  (49s)
  step  525  JSR   -8.6  loss 16.4304  logE[BER] -6.544  P_det_soft 0.9886  (51s)
  step  550  JSR  -26.9  loss 95.1003  logE[BER] -92.904  P_det_soft 0.2196  (53s)
  step  575  JSR  -36.7  loss 116.4998  logE[BER] -114.390  P_det_soft 0.2110  (56s)
  step  600  JSR  -14.5  loss 18.5722  logE[BER] -8.882  P_det_soft 0.9690  (58s)
  step  625  JSR  -11.9  loss 16.9070  logE[BER] -7.035  P_det_soft 0.9872  (61s)
  step  650  JSR  -11.0  loss 16.6334  logE[BER] -6.723  P_det_soft 0.9910  (63s)
  step  675  JSR  -25.6  loss 74.6102  logE[BER] -72.504  P_det_soft 0.2106  (65s)
  step  700  JSR  -25.5  loss 75.4122  logE[BER] -72.847  P_det_soft 0.2565  (68s)
  step  725  JSR  -14.7  loss 19.6610  logE[BER] -10.010  P_det_soft 0.9651  (70s)
  step  750  JSR  -10.7  loss 16.4994  logE[BER] -6.580  P_det_soft 0.9920  (73s)
  step  775  JSR  -23.4  loss 74.0405  logE[BER] -70.233  P_det_soft 0.3807  (75s)
  step  800  JSR  -33.1  loss 101.4339  logE[BER] -99.725  P_det_soft 0.1709  (77s)
  step  825  JSR  -26.5  loss 73.0671  logE[BER] -70.814  P_det_soft 0.2253  (80s)
  step  850  JSR  -29.3  loss 83.3433  logE[BER] -81.968  P_det_soft 0.1375  (82s)
  step  875  JSR  -13.5  loss 15.9276  logE[BER] -6.206  P_det_soft 0.9722  (85s)
  step  900  JSR  -18.3  loss 30.1477  logE[BER] -22.495  P_det_soft 0.7653  (87s)
  step  925  JSR  -18.0  loss 24.6593  logE[BER] -16.455  P_det_soft 0.8204  (90s)
  step  950  JSR   -7.8  loss 14.9519  logE[BER] -5.053  P_det_soft 0.9899  (92s)
  step  975  JSR  -21.1  loss 28.0909  logE[BER] -24.324  P_det_soft 0.3767  (94s)
  step 1000  JSR  -23.6  loss 45.8580  logE[BER] -43.199  P_det_soft 0.2659  (97s)
  step 1025  JSR  -35.4  loss 109.9397  logE[BER] -108.122  P_det_soft 0.1818  (99s)
  step 1050  JSR  -37.9  loss 109.4546  logE[BER] -107.935  P_det_soft 0.1520  (102s)
  step 1075  JSR  -12.8  loss 16.0629  logE[BER] -6.219  P_det_soft 0.9844  (104s)
  step 1100  JSR  -35.6  loss 100.8406  logE[BER] -99.093  P_det_soft 0.1748  (106s)
  step 1125  JSR  -29.2  loss 84.2051  logE[BER] -82.426  P_det_soft 0.1779  (109s)
  step 1150  JSR  -21.5  loss 39.3716  logE[BER] -35.805  P_det_soft 0.3567  (111s)
  step 1175  JSR  -34.1  loss 93.8606  logE[BER] -92.255  P_det_soft 0.1606  (114s)
  step 1200  JSR  -32.2  loss 80.0276  logE[BER] -78.720  P_det_soft 0.1308  (116s)
  step 1225  JSR  -24.2  loss 34.3865  logE[BER] -31.988  P_det_soft 0.2398  (118s)
  step 1250  JSR  -16.9  loss 13.0175  logE[BER] -6.661  P_det_soft 0.6356  (121s)
  step 1275  JSR  -17.7  loss 13.7177  logE[BER] -7.414  P_det_soft 0.6303  (123s)
  step 1300  JSR  -28.7  loss 67.6514  logE[BER] -65.450  P_det_soft 0.2201  (126s)
  step 1325  JSR  -10.3  loss 15.5987  logE[BER] -5.711  P_det_soft 0.9888  (128s)
  step 1350  JSR  -38.2  loss 105.5953  logE[BER] -103.795  P_det_soft 0.1801  (130s)
  step 1375  JSR  -31.1  loss 70.5425  logE[BER] -68.689  P_det_soft 0.1854  (133s)
  step 1400  JSR   -9.8  loss 15.4161  logE[BER] -5.492  P_det_soft 0.9924  (135s)
  step 1425  JSR  -29.3  loss 60.8185  logE[BER] -59.367  P_det_soft 0.1451  (138s)
  step 1450  JSR  -20.6  loss 9.4627  logE[BER] -7.126  P_det_soft 0.2337  (140s)
  step 1475  JSR  -34.5  loss 84.6997  logE[BER] -82.315  P_det_soft 0.2385  (143s)
  step 1500  JSR  -16.1  loss 13.4084  logE[BER] -5.963  P_det_soft 0.7445  (145s)
  step 1525  JSR  -20.4  loss 10.3324  logE[BER] -7.064  P_det_soft 0.3268  (147s)
  step 1550  JSR  -31.9  loss 65.5305  logE[BER] -63.295  P_det_soft 0.2236  (150s)
  step 1575  JSR  -23.2  loss 11.6310  logE[BER] -9.747  P_det_soft 0.1884  (152s)
  step 1600  JSR  -25.3  loss 23.5115  logE[BER] -21.616  P_det_soft 0.1896  (155s)
  step 1625  JSR  -30.2  loss 52.1301  logE[BER] -50.473  P_det_soft 0.1657  (157s)
  step 1650  JSR   -9.5  loss 15.2749  logE[BER] -5.400  P_det_soft 0.9875  (159s)
  step 1675  JSR  -32.8  loss 71.5497  logE[BER] -69.983  P_det_soft 0.1567  (162s)
  step 1700  JSR  -34.0  loss 76.4805  logE[BER] -75.100  P_det_soft 0.1381  (164s)
  step 1725  JSR  -21.3  loss 9.8504  logE[BER] -7.655  P_det_soft 0.2196  (167s)
  step 1750  JSR  -32.3  loss 61.0717  logE[BER] -59.081  P_det_soft 0.1990  (169s)
  step 1775  JSR  -26.9  loss 32.8627  logE[BER] -31.275  P_det_soft 0.1588  (171s)
  step 1800  JSR  -26.4  loss 26.4768  logE[BER] -24.262  P_det_soft 0.2215  (174s)
  step 1825  JSR  -26.3  loss 36.6284  logE[BER] -34.414  P_det_soft 0.2214  (176s)
  step 1850  JSR   -9.8  loss 15.3253  logE[BER] -5.571  P_det_soft 0.9754  (179s)
  step 1875  JSR  -10.8  loss 15.0757  logE[BER] -5.411  P_det_soft 0.9665  (181s)
  step 1900  JSR  -20.4  loss 10.1167  logE[BER] -6.907  P_det_soft 0.3210  (183s)
  step 1925  JSR  -11.5  loss 14.7308  logE[BER] -5.641  P_det_soft 0.9090  (186s)
  step 1950  JSR  -23.1  loss 14.5458  logE[BER] -12.043  P_det_soft 0.2503  (188s)
  step 1975  JSR  -26.3  loss 26.6688  logE[BER] -24.182  P_det_soft 0.2487  (191s)
  step 2000  JSR  -25.4  loss 20.1380  logE[BER] -18.415  P_det_soft 0.1724  (193s)
  step 2025  JSR  -14.7  loss 12.1808  logE[BER] -5.628  P_det_soft 0.6553  (195s)
  step 2050  JSR  -33.0  loss 70.0902  logE[BER] -68.281  P_det_soft 0.1809  (198s)
  step 2075  JSR  -33.8  loss 79.8738  logE[BER] -78.030  P_det_soft 0.1844  (200s)
  step 2100  JSR  -17.1  loss 10.0629  logE[BER] -5.996  P_det_soft 0.4067  (203s)
  step 2125  JSR  -36.4  loss 87.5802  logE[BER] -85.747  P_det_soft 0.1833  (205s)
  step 2150  JSR  -13.6  loss 13.6981  logE[BER] -5.805  P_det_soft 0.7893  (207s)
  step 2175  JSR  -35.3  loss 84.5970  logE[BER] -82.999  P_det_soft 0.1598  (210s)
  step 2200  JSR  -18.2  loss 10.3347  logE[BER] -6.224  P_det_soft 0.4110  (212s)
  step 2225  JSR  -26.1  loss 21.4879  logE[BER] -19.393  P_det_soft 0.2095  (215s)
  step 2250  JSR  -32.0  loss 65.5700  logE[BER] -64.207  P_det_soft 0.1363  (217s)
  step 2275  JSR  -17.8  loss 10.4706  logE[BER] -6.164  P_det_soft 0.4306  (219s)
  step 2300  JSR  -27.0  loss 33.8167  logE[BER] -31.700  P_det_soft 0.2117  (222s)
  step 2325  JSR  -21.8  loss 9.5500  logE[BER] -7.294  P_det_soft 0.2256  (224s)
  step 2350  JSR  -11.8  loss 14.1111  logE[BER] -5.561  P_det_soft 0.8550  (227s)
  step 2375  JSR  -34.5  loss 81.1243  logE[BER] -79.683  P_det_soft 0.1441  (229s)
  step 2400  JSR   -9.5  loss 14.9976  logE[BER] -5.269  P_det_soft 0.9728  (231s)
  step 2425  JSR  -37.5  loss 92.3962  logE[BER] -90.996  P_det_soft 0.1400  (234s)
  step 2450  JSR  -25.5  loss 20.9606  logE[BER] -19.290  P_det_soft 0.1671  (236s)
  step 2475  JSR  -15.3  loss 11.6378  logE[BER] -5.966  P_det_soft 0.5672  (239s)
  step 2500  JSR  -36.3  loss 87.1170  logE[BER] -85.692  P_det_soft 0.1425  (241s)
  step 2525  JSR  -32.2  loss 74.4452  logE[BER] -72.882  P_det_soft 0.1563  (243s)
  step 2550  JSR  -14.6  loss 13.2011  logE[BER] -6.010  P_det_soft 0.7191  (246s)
  step 2575  JSR   -9.0  loss 14.9718  logE[BER] -5.296  P_det_soft 0.9676  (248s)
  step 2600  JSR  -28.1  loss 39.9265  logE[BER] -37.738  P_det_soft 0.2189  (251s)
  step 2625  JSR  -34.9  loss 75.5074  logE[BER] -73.532  P_det_soft 0.1976  (253s)
  step 2650  JSR  -25.7  loss 25.8343  logE[BER] -24.179  P_det_soft 0.1655  (255s)
  step 2675  JSR  -10.7  loss 14.7141  logE[BER] -5.309  P_det_soft 0.9405  (258s)
  step 2700  JSR  -18.0  loss 9.4310  logE[BER] -5.949  P_det_soft 0.3482  (260s)
  step 2725  JSR  -23.1  loss 12.8029  logE[BER] -10.539  P_det_soft 0.2264  (263s)
  step 2750  JSR   -8.4  loss 15.3012  logE[BER] -5.398  P_det_soft 0.9904  (265s)
  step 2775  JSR  -20.6  loss 9.4815  logE[BER] -6.736  P_det_soft 0.2746  (267s)
  step 2800  JSR  -28.4  loss 31.7247  logE[BER] -30.042  P_det_soft 0.1683  (270s)
  step 2825  JSR  -19.1  loss 10.9247  logE[BER] -7.034  P_det_soft 0.3890  (272s)
  step 2850  JSR  -15.1  loss 11.5620  logE[BER] -5.804  P_det_soft 0.5758  (275s)
  step 2875  JSR  -20.8  loss 8.5866  logE[BER] -6.519  P_det_soft 0.2067  (277s)
  step 2900  JSR   -9.1  loss 15.2448  logE[BER] -5.412  P_det_soft 0.9833  (279s)
  step 2925  JSR  -24.4  loss 14.1721  logE[BER] -12.095  P_det_soft 0.2077  (282s)
  step 2950  JSR  -12.8  loss 13.6516  logE[BER] -5.395  P_det_soft 0.8256  (284s)
  step 2975  JSR  -19.6  loss 9.1754  logE[BER] -6.393  P_det_soft 0.2782  (287s)
  step 3000  JSR  -35.1  loss 77.3738  logE[BER] -76.211  P_det_soft 0.1163  (289s)
  step 3025  JSR  -25.9  loss 26.2880  logE[BER] -24.311  P_det_soft 0.1977  (291s)
  step 3050  JSR  -17.8  loss 9.7140  logE[BER] -6.418  P_det_soft 0.3296  (294s)
  step 3075  JSR   -9.2  loss 14.8936  logE[BER] -5.203  P_det_soft 0.9691  (296s)
  step 3100  JSR  -27.6  loss 27.2985  logE[BER] -25.937  P_det_soft 0.1362  (299s)
  step 3125  JSR  -25.3  loss 23.1276  logE[BER] -20.873  P_det_soft 0.2254  (301s)
  step 3150  JSR  -15.9  loss 9.8460  logE[BER] -5.654  P_det_soft 0.4192  (304s)
  step 3175  JSR  -13.1  loss 12.6495  logE[BER] -5.804  P_det_soft 0.6845  (306s)
  step 3200  JSR   -8.9  loss 15.0690  logE[BER] -5.357  P_det_soft 0.9712  (308s)
  step 3225  JSR  -32.9  loss 80.2500  logE[BER] -78.696  P_det_soft 0.1554  (311s)
  step 3250  JSR  -10.8  loss 14.7784  logE[BER] -5.305  P_det_soft 0.9473  (313s)
  step 3275  JSR  -10.7  loss 15.3607  logE[BER] -5.701  P_det_soft 0.9660  (316s)
  step 3300  JSR   -9.2  loss 15.0233  logE[BER] -5.343  P_det_soft 0.9680  (318s)
  step 3325  JSR  -35.8  loss 83.9438  logE[BER] -82.657  P_det_soft 0.1286  (320s)
  step 3350  JSR  -17.1  loss 9.7465  logE[BER] -5.909  P_det_soft 0.3837  (323s)
  step 3375  JSR  -17.7  loss 10.9878  logE[BER] -6.090  P_det_soft 0.4898  (325s)
  step 3400  JSR  -26.6  loss 30.6437  logE[BER] -28.688  P_det_soft 0.1956  (328s)
  step 3425  JSR  -25.0  loss 16.2711  logE[BER] -14.700  P_det_soft 0.1571  (330s)
  step 3450  JSR   -9.1  loss 15.3934  logE[BER] -5.634  P_det_soft 0.9760  (332s)
  step 3475  JSR  -34.0  loss 77.1002  logE[BER] -75.570  P_det_soft 0.1530  (335s)
  step 3500  JSR  -30.7  loss 60.0606  logE[BER] -58.501  P_det_soft 0.1560  (337s)
  step 3525  JSR  -34.3  loss 76.8913  logE[BER] -75.450  P_det_soft 0.1442  (340s)
  step 3550  JSR  -37.9  loss 98.4346  logE[BER] -96.974  P_det_soft 0.1460  (342s)
  step 3575  JSR  -24.1  loss 12.8610  logE[BER] -11.534  P_det_soft 0.1327  (344s)
  step 3600  JSR  -13.2  loss 13.3536  logE[BER] -5.729  P_det_soft 0.7625  (347s)
  step 3625  JSR   -9.2  loss 15.2428  logE[BER] -5.418  P_det_soft 0.9824  (349s)
  step 3650  JSR  -24.4  loss 15.3178  logE[BER] -13.404  P_det_soft 0.1914  (352s)
  step 3675  JSR   -8.1  loss 15.0718  logE[BER] -5.185  P_det_soft 0.9887  (354s)
  step 3700  JSR  -15.7  loss 10.1540  logE[BER] -5.680  P_det_soft 0.4474  (356s)
  step 3725  JSR  -36.7  loss 87.3612  logE[BER] -85.690  P_det_soft 0.1671  (359s)
  step 3750  JSR  -19.5  loss 9.8383  logE[BER] -6.590  P_det_soft 0.3248  (361s)
  step 3775  JSR  -30.8  loss 57.5839  logE[BER] -55.344  P_det_soft 0.2240  (364s)
  step 3800  JSR   -8.4  loss 14.9278  logE[BER] -5.087  P_det_soft 0.9841  (366s)
  step 3825  JSR  -30.0  loss 43.7062  logE[BER] -42.468  P_det_soft 0.1239  (368s)
  step 3850  JSR  -23.1  loss 10.8773  logE[BER] -8.815  P_det_soft 0.2063  (371s)
  step 3875  JSR  -26.9  loss 32.3917  logE[BER] -30.308  P_det_soft 0.2084  (373s)
  step 3900  JSR  -38.1  loss 98.5089  logE[BER] -96.820  P_det_soft 0.1689  (376s)
  step 3925  JSR  -15.9  loss 10.7285  logE[BER] -5.826  P_det_soft 0.4903  (378s)
  step 3950  JSR  -18.3  loss 8.6422  logE[BER] -6.372  P_det_soft 0.2270  (380s)
  step 3975  JSR  -30.2  loss 53.4526  logE[BER] -52.049  P_det_soft 0.1403  (383s)
  step 3999  JSR   -9.1  loss 15.1276  logE[BER] -5.298  P_det_soft 0.9829  (385s)
wrote gan/cnn_b10_r1_G.pt, gan/cnn_b10_r1.json in 392s
