node: tikgpu04.ee.ethz.ch | gpu: NVIDIA TITAN RTX
env noise_1db = {'noise_unc_db': 1.0, 'rician_k_db': None} | task cnn_b10_r1 = {'target': 'spec_cnn', 'beta': 10.0, 'cgan_task': 14} | seed 5014 | band (-34.1, -2.1) | 32 frames/step | 4000 steps | device cuda:0
  target spec_cnn: threshold -0.327489, clean-frame std 1.48203 (soft_pdet width)
  step    0  JSR  -15.3  loss 63.3376  logE[BER] -57.557  P_det_soft 0.5780  (1s)
  step   25  JSR  -17.7  loss 54.7109  logE[BER] -50.750  P_det_soft 0.3960  (3s)
  step   50  JSR   -5.4  loss 16.0485  logE[BER] -6.427  P_det_soft 0.9621  (5s)
  step   75  JSR  -18.0  loss 44.4260  logE[BER] -40.828  P_det_soft 0.3598  (8s)
  step  100  JSR  -14.5  loss 41.8951  logE[BER] -36.221  P_det_soft 0.5674  (10s)
  step  125  JSR  -31.8  loss 76.6874  logE[BER] -74.734  P_det_soft 0.1953  (12s)
  step  150  JSR  -29.3  loss 87.8079  logE[BER] -86.220  P_det_soft 0.1588  (15s)
  step  175  JSR  -14.1  loss 36.9162  logE[BER] -29.602  P_det_soft 0.7314  (17s)
  step  200  JSR   -5.0  loss 15.0506  logE[BER] -5.572  P_det_soft 0.9479  (20s)
  step  225  JSR   -8.7  loss 16.7296  logE[BER] -7.437  P_det_soft 0.9293  (22s)
  step  250  JSR  -17.8  loss 47.7486  logE[BER] -44.660  P_det_soft 0.3088  (24s)
  step  275  JSR  -22.6  loss 61.2419  logE[BER] -60.192  P_det_soft 0.1050  (27s)
  step  300  JSR  -15.9  loss 49.1557  logE[BER] -43.696  P_det_soft 0.5459  (29s)
  step  325  JSR  -31.3  loss 88.9502  logE[BER] -87.292  P_det_soft 0.1658  (31s)
  step  350  JSR  -13.3  loss 32.1823  logE[BER] -24.946  P_det_soft 0.7236  (34s)
  step  375  JSR  -20.7  loss 60.1175  logE[BER] -57.774  P_det_soft 0.2343  (36s)
  step  400  JSR   -4.6  loss 14.7185  logE[BER] -5.164  P_det_soft 0.9554  (39s)
  step  425  JSR  -31.2  loss 76.6346  logE[BER] -75.209  P_det_soft 0.1426  (41s)
  step  450  JSR  -23.7  loss 75.0492  logE[BER] -72.861  P_det_soft 0.2189  (43s)
  step  475  JSR  -20.6  loss 71.4008  logE[BER] -69.622  P_det_soft 0.1779  (46s)
  step  500  JSR  -32.8  loss 67.5665  logE[BER] -65.960  P_det_soft 0.1607  (48s)
  step  525  JSR   -3.4  loss 14.5471  logE[BER] -4.969  P_det_soft 0.9578  (51s)
  step  550  JSR  -21.7  loss 63.2993  logE[BER] -61.274  P_det_soft 0.2025  (53s)
  step  575  JSR  -31.5  loss 94.6208  logE[BER] -92.905  P_det_soft 0.1716  (55s)
  step  600  JSR   -9.3  loss 17.4496  logE[BER] -8.108  P_det_soft 0.9342  (58s)
  step  625  JSR   -6.7  loss 15.3215  logE[BER] -5.833  P_det_soft 0.9488  (60s)
  step  650  JSR   -5.8  loss 14.7814  logE[BER] -5.272  P_det_soft 0.9509  (62s)
  step  675  JSR  -20.4  loss 60.9344  logE[BER] -58.598  P_det_soft 0.2336  (65s)
  step  700  JSR  -20.3  loss 54.8589  logE[BER] -52.616  P_det_soft 0.2243  (67s)
  step  725  JSR   -9.5  loss 16.6526  logE[BER] -7.524  P_det_soft 0.9129  (70s)
  step  750  JSR   -5.5  loss 14.6789  logE[BER] -5.164  P_det_soft 0.9515  (72s)
  step  775  JSR  -18.2  loss 53.1501  logE[BER] -49.351  P_det_soft 0.3799  (74s)
  step  800  JSR  -27.9  loss 70.1982  logE[BER] -68.942  P_det_soft 0.1256  (77s)
  step  825  JSR  -21.3  loss 54.1160  logE[BER] -51.583  P_det_soft 0.2533  (79s)
  step  850  JSR  -24.1  loss 74.3414  logE[BER] -73.075  P_det_soft 0.1266  (82s)
  step  875  JSR   -8.3  loss 14.8450  logE[BER] -5.424  P_det_soft 0.9421  (84s)
  step  900  JSR  -13.1  loss 25.1688  logE[BER] -17.187  P_det_soft 0.7982  (86s)
  step  925  JSR  -12.8  loss 21.9260  logE[BER] -13.684  P_det_soft 0.8243  (89s)
  step  950  JSR   -2.6  loss 14.0637  logE[BER] -4.365  P_det_soft 0.9699  (91s)
  step  975  JSR  -15.9  loss 34.9143  logE[BER] -30.073  P_det_soft 0.4841  (94s)
  step 1000  JSR  -18.4  loss 42.4035  logE[BER] -39.939  P_det_soft 0.2464  (96s)
  step 1025  JSR  -30.2  loss 81.9285  logE[BER] -80.463  P_det_soft 0.1466  (98s)
  step 1050  JSR  -32.7  loss 80.0187  logE[BER] -78.611  P_det_soft 0.1408  (101s)
  step 1075  JSR   -7.6  loss 14.8902  logE[BER] -5.459  P_det_soft 0.9431  (103s)
  step 1100  JSR  -30.4  loss 92.6241  logE[BER] -91.480  P_det_soft 0.1144  (106s)
  step 1125  JSR  -24.0  loss 61.2512  logE[BER] -59.542  P_det_soft 0.1710  (108s)
  step 1150  JSR  -16.3  loss 39.0676  logE[BER] -34.811  P_det_soft 0.4256  (110s)
  step 1175  JSR  -28.9  loss 89.9855  logE[BER] -88.931  P_det_soft 0.1055  (113s)
  step 1200  JSR  -27.0  loss 79.1089  logE[BER] -77.867  P_det_soft 0.1242  (115s)
  step 1225  JSR  -19.0  loss 38.4978  logE[BER] -35.926  P_det_soft 0.2572  (118s)
  step 1250  JSR  -11.7  loss 15.6440  logE[BER] -7.458  P_det_soft 0.8186  (120s)
  step 1275  JSR  -12.5  loss 17.9203  logE[BER] -10.104  P_det_soft 0.7816  (122s)
  step 1300  JSR  -23.5  loss 66.8847  logE[BER] -65.310  P_det_soft 0.1574  (125s)
  step 1325  JSR   -5.1  loss 14.3483  logE[BER] -4.773  P_det_soft 0.9576  (127s)
  step 1350  JSR  -33.0  loss 68.0066  logE[BER] -66.351  P_det_soft 0.1655  (130s)
  step 1375  JSR  -25.9  loss 69.8624  logE[BER] -67.842  P_det_soft 0.2020  (132s)
  step 1400  JSR   -4.6  loss 14.2461  logE[BER] -4.677  P_det_soft 0.9569  (134s)
  step 1425  JSR  -24.1  loss 59.5503  logE[BER] -57.551  P_det_soft 0.1999  (137s)
  step 1450  JSR  -15.4  loss 15.4321  logE[BER] -11.799  P_det_soft 0.3634  (139s)
  step 1475  JSR  -29.3  loss 65.5398  logE[BER] -63.327  P_det_soft 0.2213  (142s)
  step 1500  JSR  -10.9  loss 14.1990  logE[BER] -5.408  P_det_soft 0.8791  (144s)
  step 1525  JSR  -15.2  loss 11.9510  logE[BER] -7.529  P_det_soft 0.4422  (146s)
  step 1550  JSR  -26.7  loss 58.8808  logE[BER] -56.729  P_det_soft 0.2152  (149s)
  step 1575  JSR  -18.0  loss 15.6217  logE[BER] -12.904  P_det_soft 0.2718  (151s)
  step 1600  JSR  -20.1  loss 32.7589  logE[BER] -30.884  P_det_soft 0.1875  (154s)
  step 1625  JSR  -25.0  loss 55.0138  logE[BER] -53.486  P_det_soft 0.1528  (156s)
  step 1650  JSR   -4.3  loss 13.8443  logE[BER] -4.172  P_det_soft 0.9672  (159s)
  step 1675  JSR  -27.6  loss 71.3235  logE[BER] -70.245  P_det_soft 0.1078  (161s)
  step 1700  JSR  -28.8  loss 65.2336  logE[BER] -63.873  P_det_soft 0.1361  (163s)
  step 1725  JSR  -16.1  loss 9.1049  logE[BER] -6.086  P_det_soft 0.3019  (166s)
  step 1750  JSR  -27.1  loss 45.5601  logE[BER] -43.471  P_det_soft 0.2089  (168s)
  step 1775  JSR  -21.7  loss 31.2233  logE[BER] -29.818  P_det_soft 0.1405  (171s)
  step 1800  JSR  -21.2  loss 20.6807  logE[BER] -19.525  P_det_soft 0.1156  (173s)
  step 1825  JSR  -21.1  loss 19.1923  logE[BER] -16.876  P_det_soft 0.2316  (175s)
  step 1850  JSR   -4.6  loss 13.9614  logE[BER] -4.254  P_det_soft 0.9708  (178s)
  step 1875  JSR   -5.6  loss 14.2717  logE[BER] -4.629  P_det_soft 0.9643  (180s)
  step 1900  JSR  -15.2  loss 10.5705  logE[BER] -6.469  P_det_soft 0.4101  (183s)
  step 1925  JSR   -6.3  loss 14.7647  logE[BER] -5.138  P_det_soft 0.9626  (185s)
  step 1950  JSR  -17.9  loss 9.4492  logE[BER] -6.682  P_det_soft 0.2767  (187s)
  step 1975  JSR  -21.1  loss 9.8336  logE[BER] -7.730  P_det_soft 0.2104  (190s)
  step 2000  JSR  -20.2  loss 8.7652  logE[BER] -6.809  P_det_soft 0.1956  (192s)
  step 2025  JSR   -9.5  loss 14.0815  logE[BER] -5.348  P_det_soft 0.8734  (195s)
  step 2050  JSR  -27.8  loss 42.2164  logE[BER] -40.476  P_det_soft 0.1741  (197s)
  step 2075  JSR  -28.6  loss 50.1373  logE[BER] -48.863  P_det_soft 0.1275  (199s)
  step 2100  JSR  -11.9  loss 12.2258  logE[BER] -5.624  P_det_soft 0.6602  (202s)
  step 2125  JSR  -31.2  loss 58.7246  logE[BER] -56.914  P_det_soft 0.1811  (204s)
  step 2150  JSR   -8.4  loss 14.6486  logE[BER] -5.333  P_det_soft 0.9316  (207s)
  step 2175  JSR  -30.1  loss 59.3190  logE[BER] -57.906  P_det_soft 0.1413  (209s)
  step 2200  JSR  -13.0  loss 11.3448  logE[BER] -5.864  P_det_soft 0.5481  (211s)
  step 2225  JSR  -20.9  loss 9.2528  logE[BER] -7.419  P_det_soft 0.1834  (214s)
  step 2250  JSR  -26.8  loss 37.6205  logE[BER] -35.809  P_det_soft 0.1812  (216s)
  step 2275  JSR  -12.6  loss 10.9293  logE[BER] -5.454  P_det_soft 0.5475  (219s)
  step 2300  JSR  -21.8  loss 11.5229  logE[BER] -9.667  P_det_soft 0.1856  (221s)
  step 2325  JSR  -16.6  loss 8.4991  logE[BER] -6.022  P_det_soft 0.2477  (223s)
  step 2350  JSR   -6.6  loss 14.6196  logE[BER] -5.015  P_det_soft 0.9604  (226s)
  step 2375  JSR  -29.3  loss 45.1040  logE[BER] -43.693  P_det_soft 0.1411  (228s)
  step 2400  JSR   -4.3  loss 14.6978  logE[BER] -4.976  P_det_soft 0.9722  (231s)
  step 2425  JSR  -32.3  loss 56.0775  logE[BER] -54.492  P_det_soft 0.1586  (233s)
  step 2450  JSR  -20.3  loss 8.8472  logE[BER] -7.140  P_det_soft 0.1707  (235s)
  step 2475  JSR  -10.1  loss 12.3926  logE[BER] -5.240  P_det_soft 0.7152  (238s)
  step 2500  JSR  -31.1  loss 61.4293  logE[BER] -60.135  P_det_soft 0.1294  (240s)
  step 2525  JSR  -27.0  loss 35.0053  logE[BER] -33.605  P_det_soft 0.1401  (243s)
  step 2550  JSR   -9.4  loss 14.1560  logE[BER] -5.565  P_det_soft 0.8591  (245s)
  step 2575  JSR   -3.8  loss 14.5249  logE[BER] -4.842  P_det_soft 0.9683  (247s)
  step 2600  JSR  -22.9  loss 12.9530  logE[BER] -11.159  P_det_soft 0.1794  (250s)
  step 2625  JSR  -29.7  loss 52.4280  logE[BER] -50.726  P_det_soft 0.1702  (252s)
  step 2650  JSR  -20.5  loss 8.6354  logE[BER] -6.947  P_det_soft 0.1688  (255s)
  step 2675  JSR   -5.5  loss 14.3118  logE[BER] -4.713  P_det_soft 0.9598  (257s)
  step 2700  JSR  -12.8  loss 11.9400  logE[BER] -5.974  P_det_soft 0.5966  (259s)
  step 2725  JSR  -17.9  loss 8.8017  logE[BER] -6.512  P_det_soft 0.2290  (262s)
  step 2750  JSR   -3.2  loss 14.3247  logE[BER] -4.667  P_det_soft 0.9657  (264s)
  step 2775  JSR  -15.4  loss 8.3721  logE[BER] -5.710  P_det_soft 0.2662  (267s)
  step 2800  JSR  -23.2  loss 11.7698  logE[BER] -10.585  P_det_soft 0.1184  (269s)
  step 2825  JSR  -13.9  loss 10.5643  logE[BER] -6.065  P_det_soft 0.4500  (271s)
  step 2850  JSR   -9.9  loss 12.8623  logE[BER] -5.414  P_det_soft 0.7449  (274s)
  step 2875  JSR  -15.6  loss 8.4178  logE[BER] -5.818  P_det_soft 0.2600  (276s)
  step 2900  JSR   -3.9  loss 14.5573  logE[BER] -4.946  P_det_soft 0.9611  (279s)
  step 2925  JSR  -19.2  loss 8.3483  logE[BER] -6.577  P_det_soft 0.1771  (281s)
  step 2950  JSR   -7.6  loss 14.4140  logE[BER] -5.074  P_det_soft 0.9340  (283s)
  step 2975  JSR  -14.4  loss 9.1303  logE[BER] -5.688  P_det_soft 0.3442  (286s)
  step 3000  JSR  -29.9  loss 43.9958  logE[BER] -42.673  P_det_soft 0.1323  (288s)
  step 3025  JSR  -20.7  loss 9.4925  logE[BER] -7.101  P_det_soft 0.2391  (291s)
  step 3050  JSR  -12.6  loss 10.0395  logE[BER] -5.635  P_det_soft 0.4405  (293s)
  step 3075  JSR   -4.0  loss 14.4127  logE[BER] -4.788  P_det_soft 0.9625  (295s)
  step 3100  JSR  -22.4  loss 9.2969  logE[BER] -7.959  P_det_soft 0.1338  (298s)
  step 3125  JSR  -20.1  loss 8.9506  logE[BER] -7.063  P_det_soft 0.1887  (300s)
  step 3150  JSR  -10.7  loss 12.3841  logE[BER] -5.354  P_det_soft 0.7030  (303s)
  step 3175  JSR   -7.9  loss 14.2716  logE[BER] -5.158  P_det_soft 0.9114  (305s)
  step 3200  JSR   -3.7  loss 14.5985  logE[BER] -4.953  P_det_soft 0.9645  (307s)
  step 3225  JSR  -27.7  loss 34.6048  logE[BER] -32.883  P_det_soft 0.1722  (310s)
  step 3250  JSR   -5.6  loss 14.6487  logE[BER] -4.954  P_det_soft 0.9695  (312s)
  step 3275  JSR   -5.5  loss 14.5860  logE[BER] -5.012  P_det_soft 0.9574  (315s)
  step 3300  JSR   -4.0  loss 14.3033  logE[BER] -4.681  P_det_soft 0.9622  (317s)
  step 3325  JSR  -30.6  loss 60.5465  logE[BER] -59.186  P_det_soft 0.1360  (319s)
  step 3350  JSR  -11.9  loss 11.0267  logE[BER] -5.616  P_det_soft 0.5411  (322s)
  step 3375  JSR  -12.5  loss 10.8317  logE[BER] -5.492  P_det_soft 0.5340  (324s)
  step 3400  JSR  -21.4  loss 9.5190  logE[BER] -7.909  P_det_soft 0.1610  (327s)
  step 3425  JSR  -19.8  loss 8.5629  logE[BER] -6.817  P_det_soft 0.1746  (329s)
  step 3450  JSR   -3.9  loss 14.5357  logE[BER] -4.831  P_det_soft 0.9705  (331s)
  step 3475  JSR  -28.8  loss 49.0465  logE[BER] -47.417  P_det_soft 0.1630  (334s)
  step 3500  JSR  -25.5  loss 24.5727  logE[BER] -23.014  P_det_soft 0.1559  (336s)
  step 3525  JSR  -29.1  loss 41.3384  logE[BER] -40.203  P_det_soft 0.1135  (339s)
  step 3550  JSR  -32.7  loss 61.9954  logE[BER] -60.661  P_det_soft 0.1335  (341s)
  step 3575  JSR  -18.9  loss 8.3264  logE[BER] -6.540  P_det_soft 0.1786  (343s)
  step 3600  JSR   -8.0  loss 13.9854  logE[BER] -5.029  P_det_soft 0.8957  (346s)
  step 3625  JSR   -4.0  loss 14.5166  logE[BER] -4.917  P_det_soft 0.9599  (348s)
  step 3650  JSR  -19.2  loss 8.3420  logE[BER] -6.385  P_det_soft 0.1957  (351s)
  step 3675  JSR   -2.9  loss 14.3623  logE[BER] -4.722  P_det_soft 0.9641  (353s)
  step 3700  JSR  -10.5  loss 11.6499  logE[BER] -5.356  P_det_soft 0.6294  (355s)
  step 3725  JSR  -31.5  loss 57.8850  logE[BER] -56.127  P_det_soft 0.1758  (358s)
  step 3750  JSR  -14.3  loss 9.6796  logE[BER] -5.750  P_det_soft 0.3930  (360s)
  step 3775  JSR  -25.6  loss 23.3184  logE[BER] -21.362  P_det_soft 0.1957  (363s)
  step 3800  JSR   -3.2  loss 14.1728  logE[BER] -4.509  P_det_soft 0.9663  (365s)
  step 3825  JSR  -24.8  loss 17.1719  logE[BER] -16.205  P_det_soft 0.0967  (367s)
  step 3850  JSR  -17.9  loss 8.2850  logE[BER] -6.177  P_det_soft 0.2108  (370s)
  step 3875  JSR  -21.7  loss 9.5502  logE[BER] -7.584  P_det_soft 0.1966  (372s)
  step 3900  JSR  -32.9  loss 76.0666  logE[BER] -74.575  P_det_soft 0.1492  (374s)
  step 3925  JSR  -10.7  loss 12.6352  logE[BER] -5.486  P_det_soft 0.7150  (377s)
  step 3950  JSR  -13.1  loss 9.5919  logE[BER] -5.860  P_det_soft 0.3732  (379s)
  step 3975  JSR  -25.0  loss 18.0575  logE[BER] -16.754  P_det_soft 0.1304  (382s)
  step 3999  JSR   -3.9  loss 14.3943  logE[BER] -4.707  P_det_soft 0.9687  (384s)
wrote gan/cnn_b10_r1_G.pt, gan/cnn_b10_r1.json in 391s
