node: tikgpu04.ee.ethz.ch | gpu: NVIDIA TITAN RTX
env base = {'noise_unc_db': 0.0, 'rician_k_db': None} | task cnn_li_r1 = {'target': 'spec_cnn', 'beta': 10.0, 'cgan_task': 14, 'damage': 'per', 'band': (-10.0, 0.0), 'init': 'cnn_b10'} | seed 5014 | band (-10.0, 0.0) | 32 frames/step | 4000 steps | init ../artifacts/final/base/gan/cnn_b10_r1_G.pt | damage per | device cuda:0
  target spec_cnn: threshold -2.00681, clean-frame std 1.19308 (soft_pdet width)
  step    0  JSR   -4.1  loss 10.1724  logE[PER] -0.194  P_det_soft 0.9978  (1s)
  step   25  JSR   -4.9  loss 10.1836  logE[PER] -0.205  P_det_soft 0.9979  (3s)
  step   50  JSR   -1.0  loss 9.9988  logE[PER] -0.032  P_det_soft 0.9967  (5s)
  step   75  JSR   -5.0  loss 9.9983  logE[PER] -0.032  P_det_soft 0.9967  (8s)
  step  100  JSR   -3.9  loss 10.0177  logE[PER] -0.068  P_det_soft 0.9949  (10s)
  step  125  JSR   -9.3  loss 10.1455  logE[PER] -0.213  P_det_soft 0.9932  (12s)
  step  150  JSR   -8.5  loss 9.9477  logE[PER] -0.063  P_det_soft 0.9884  (15s)
  step  175  JSR   -3.8  loss 9.8761  logE[PER] -0.000  P_det_soft 0.9876  (17s)
  step  200  JSR   -0.9  loss 9.9293  logE[PER] -0.032  P_det_soft 0.9898  (19s)
  step  225  JSR   -2.1  loss 9.8440  logE[PER] -0.032  P_det_soft 0.9812  (22s)
  step  250  JSR   -4.9  loss 9.6255  logE[PER] -0.004  P_det_soft 0.9621  (24s)
  step  275  JSR   -6.4  loss 9.4493  logE[PER] -0.024  P_det_soft 0.9425  (26s)
  step  300  JSR   -4.3  loss 9.3539  logE[PER] -0.001  P_det_soft 0.9353  (29s)
  step  325  JSR   -9.1  loss 10.3412  logE[PER] -0.830  P_det_soft 0.9511  (31s)
  step  350  JSR   -3.5  loss 9.0743  logE[PER] -0.000  P_det_soft 0.9074  (33s)
  step  375  JSR   -5.8  loss 8.7750  logE[PER] -0.014  P_det_soft 0.8761  (36s)
  step  400  JSR   -0.8  loss 8.9668  logE[PER] -0.032  P_det_soft 0.8934  (38s)
  step  425  JSR   -9.1  loss 10.7855  logE[PER] -1.685  P_det_soft 0.9100  (41s)
  step  450  JSR   -6.7  loss 8.4535  logE[PER] -0.295  P_det_soft 0.8158  (43s)
  step  475  JSR   -5.8  loss 5.8194  logE[PER] -0.377  P_det_soft 0.5442  (45s)
  step  500  JSR   -9.6  loss 10.7811  logE[PER] -1.975  P_det_soft 0.8806  (48s)
  step  525  JSR   -0.4  loss 5.0559  logE[PER] -0.018  P_det_soft 0.5038  (50s)
  step  550  JSR   -6.1  loss 4.5742  logE[PER] -0.278  P_det_soft 0.4296  (52s)
  step  575  JSR   -9.2  loss 9.2153  logE[PER] -1.107  P_det_soft 0.8108  (55s)
  step  600  JSR   -2.2  loss 2.7934  logE[PER] -0.000  P_det_soft 0.2793  (57s)
  step  625  JSR   -1.4  loss 2.6246  logE[PER] -0.032  P_det_soft 0.2593  (59s)
  step  650  JSR   -1.2  loss 2.8944  logE[PER] -0.185  P_det_soft 0.2709  (62s)
  step  675  JSR   -5.7  loss 3.8463  logE[PER] -0.233  P_det_soft 0.3613  (64s)
  step  700  JSR   -5.7  loss 3.2987  logE[PER] -0.413  P_det_soft 0.2885  (67s)
  step  725  JSR   -2.3  loss 1.6633  logE[PER] -0.084  P_det_soft 0.1580  (69s)
  step  750  JSR   -1.1  loss 1.9377  logE[PER] -0.000  P_det_soft 0.1938  (71s)
  step  775  JSR   -5.0  loss 2.5987  logE[PER] -0.265  P_det_soft 0.2334  (74s)
  step  800  JSR   -8.1  loss 6.5744  logE[PER] -0.962  P_det_soft 0.5612  (76s)
  step  825  JSR   -6.0  loss 3.5371  logE[PER] -0.287  P_det_soft 0.3250  (78s)
  step  850  JSR   -6.9  loss 4.3218  logE[PER] -0.406  P_det_soft 0.3916  (81s)
  step  875  JSR   -1.9  loss 1.7487  logE[PER] -0.145  P_det_soft 0.1604  (83s)
  step  900  JSR   -3.4  loss 1.6506  logE[PER] -0.131  P_det_soft 0.1519  (85s)
  step  925  JSR   -3.3  loss 1.4523  logE[PER] -0.187  P_det_soft 0.1265  (88s)
  step  950  JSR   -0.2  loss 2.7071  logE[PER] -0.062  P_det_soft 0.2645  (90s)
  step  975  JSR   -4.3  loss 2.1591  logE[PER] -0.182  P_det_soft 0.1977  (93s)
  step 1000  JSR   -5.1  loss 1.8850  logE[PER] -0.164  P_det_soft 0.1721  (95s)
  step 1025  JSR   -8.8  loss 7.5243  logE[PER] -1.634  P_det_soft 0.5891  (97s)
  step 1050  JSR   -9.6  loss 9.1903  logE[PER] -1.818  P_det_soft 0.7372  (100s)
  step 1075  JSR   -1.7  loss 1.4921  logE[PER] -0.053  P_det_soft 0.1439  (102s)
  step 1100  JSR   -8.9  loss 7.1604  logE[PER] -1.094  P_det_soft 0.6066  (104s)
  step 1125  JSR   -6.8  loss 3.6760  logE[PER] -0.477  P_det_soft 0.3199  (107s)
  step 1150  JSR   -4.4  loss 1.5050  logE[PER] -0.246  P_det_soft 0.1259  (109s)
  step 1175  JSR   -8.4  loss 6.5420  logE[PER] -1.187  P_det_soft 0.5355  (112s)
  step 1200  JSR   -7.8  loss 4.9898  logE[PER] -0.699  P_det_soft 0.4291  (114s)
  step 1225  JSR   -5.3  loss 2.0520  logE[PER] -0.237  P_det_soft 0.1815  (116s)
  step 1250  JSR   -3.0  loss 1.4243  logE[PER] -0.207  P_det_soft 0.1217  (119s)
  step 1275  JSR   -3.2  loss 1.5882  logE[PER] -0.119  P_det_soft 0.1470  (121s)
  step 1300  JSR   -6.7  loss 2.7325  logE[PER] -0.456  P_det_soft 0.2276  (123s)
  step 1325  JSR   -0.9  loss 1.5615  logE[PER] -0.032  P_det_soft 0.1530  (126s)
  step 1350  JSR   -9.6  loss 8.6080  logE[PER] -1.938  P_det_soft 0.6670  (128s)
  step 1375  JSR   -7.4  loss 4.2887  logE[PER] -0.933  P_det_soft 0.3355  (131s)
  step 1400  JSR   -0.8  loss 1.7252  logE[PER] -0.131  P_det_soft 0.1594  (133s)
  step 1425  JSR   -6.9  loss 3.5553  logE[PER] -0.477  P_det_soft 0.3078  (135s)
  step 1450  JSR   -4.1  loss 1.7680  logE[PER] -0.209  P_det_soft 0.1559  (138s)
  step 1475  JSR   -8.5  loss 6.5543  logE[PER] -0.915  P_det_soft 0.5639  (140s)
  step 1500  JSR   -2.7  loss 1.4534  logE[PER] -0.231  P_det_soft 0.1222  (143s)
  step 1525  JSR   -4.1  loss 1.8048  logE[PER] -0.454  P_det_soft 0.1351  (145s)
  step 1550  JSR   -7.7  loss 4.7647  logE[PER] -0.887  P_det_soft 0.3878  (147s)
  step 1575  JSR   -5.0  loss 1.9442  logE[PER] -0.263  P_det_soft 0.1682  (150s)
  step 1600  JSR   -5.6  loss 2.1708  logE[PER] -0.396  P_det_soft 0.1775  (152s)
  step 1625  JSR   -7.2  loss 3.3181  logE[PER] -0.456  P_det_soft 0.2862  (154s)
  step 1650  JSR   -0.7  loss 1.5316  logE[PER] -0.014  P_det_soft 0.1518  (157s)
  step 1675  JSR   -8.0  loss 5.4729  logE[PER] -1.254  P_det_soft 0.4219  (159s)
  step 1700  JSR   -8.3  loss 6.0455  logE[PER] -1.549  P_det_soft 0.4496  (162s)
  step 1725  JSR   -4.4  loss 2.1011  logE[PER] -0.082  P_det_soft 0.2019  (164s)
  step 1750  JSR   -7.8  loss 4.8473  logE[PER] -0.937  P_det_soft 0.3910  (166s)
  step 1775  JSR   -6.1  loss 2.2705  logE[PER] -0.427  P_det_soft 0.1843  (169s)
  step 1800  JSR   -6.0  loss 2.3533  logE[PER] -0.371  P_det_soft 0.1983  (171s)
  step 1825  JSR   -5.9  loss 2.3371  logE[PER] -0.480  P_det_soft 0.1857  (174s)
  step 1850  JSR   -0.8  loss 1.6628  logE[PER] -0.064  P_det_soft 0.1599  (176s)
  step 1875  JSR   -1.1  loss 1.2951  logE[PER] -0.203  P_det_soft 0.1092  (178s)
  step 1900  JSR   -4.1  loss 1.6295  logE[PER] -0.309  P_det_soft 0.1320  (181s)
  step 1925  JSR   -1.3  loss 1.2444  logE[PER] -0.092  P_det_soft 0.1153  (183s)
  step 1950  JSR   -4.9  loss 1.7491  logE[PER] -0.220  P_det_soft 0.1530  (185s)
  step 1975  JSR   -5.9  loss 2.5743  logE[PER] -0.323  P_det_soft 0.2251  (188s)
  step 2000  JSR   -5.7  loss 2.2363  logE[PER] -0.313  P_det_soft 0.1923  (190s)
  step 2025  JSR   -2.3  loss 2.1693  logE[PER] -0.217  P_det_soft 0.1952  (193s)
  step 2050  JSR   -8.0  loss 5.6926  logE[PER] -1.411  P_det_soft 0.4282  (195s)
  step 2075  JSR   -8.3  loss 5.7916  logE[PER] -1.323  P_det_soft 0.4469  (197s)
  step 2100  JSR   -3.1  loss 1.1124  logE[PER] -0.206  P_det_soft 0.0906  (200s)
  step 2125  JSR   -9.1  loss 7.2519  logE[PER] -1.412  P_det_soft 0.5840  (202s)
  step 2150  JSR   -2.0  loss 1.2470  logE[PER] -0.170  P_det_soft 0.1077  (205s)
  step 2175  JSR   -8.7  loss 6.8975  logE[PER] -1.289  P_det_soft 0.5609  (207s)
  step 2200  JSR   -3.4  loss 1.3892  logE[PER] -0.301  P_det_soft 0.1088  (209s)
  step 2225  JSR   -5.9  loss 2.1436  logE[PER] -0.375  P_det_soft 0.1769  (212s)
  step 2250  JSR   -7.7  loss 4.0257  logE[PER] -0.722  P_det_soft 0.3304  (214s)
  step 2275  JSR   -3.3  loss 1.2428  logE[PER] -0.169  P_det_soft 0.1074  (217s)
  step 2300  JSR   -6.2  loss 2.3091  logE[PER] -0.156  P_det_soft 0.2153  (219s)
  step 2325  JSR   -4.5  loss 1.3099  logE[PER] -0.173  P_det_soft 0.1137  (221s)
  step 2350  JSR   -1.4  loss 1.3038  logE[PER] -0.128  P_det_soft 0.1176  (224s)
  step 2375  JSR   -8.5  loss 5.9675  logE[PER] -1.330  P_det_soft 0.4638  (226s)
  step 2400  JSR   -0.7  loss 1.7977  logE[PER] -0.129  P_det_soft 0.1668  (228s)
  step 2425  JSR   -9.4  loss 7.0875  logE[PER] -1.938  P_det_soft 0.5150  (231s)
  step 2450  JSR   -5.7  loss 1.9728  logE[PER] -0.419  P_det_soft 0.1554  (233s)
  step 2475  JSR   -2.5  loss 1.3864  logE[PER] -0.299  P_det_soft 0.1087  (236s)
  step 2500  JSR   -9.1  loss 6.3726  logE[PER] -1.001  P_det_soft 0.5372  (238s)
  step 2525  JSR   -7.8  loss 3.4379  logE[PER] -0.798  P_det_soft 0.2640  (240s)
  step 2550  JSR   -2.3  loss 1.3937  logE[PER] -0.164  P_det_soft 0.1230  (243s)
  step 2575  JSR   -0.5  loss 1.6794  logE[PER] -0.041  P_det_soft 0.1638  (245s)
  step 2600  JSR   -6.5  loss 2.5962  logE[PER] -0.323  P_det_soft 0.2273  (248s)
  step 2625  JSR   -8.6  loss 6.3986  logE[PER] -1.034  P_det_soft 0.5364  (250s)
  step 2650  JSR   -5.8  loss 1.9071  logE[PER] -0.290  P_det_soft 0.1618  (252s)
  step 2675  JSR   -1.1  loss 1.5224  logE[PER] -0.132  P_det_soft 0.1391  (255s)
  step 2700  JSR   -3.4  loss 0.9659  logE[PER] -0.038  P_det_soft 0.0928  (257s)
  step 2725  JSR   -4.9  loss 1.7913  logE[PER] -0.307  P_det_soft 0.1484  (260s)
  step 2750  JSR   -0.3  loss 1.5252  logE[PER] -0.207  P_det_soft 0.1318  (262s)
  step 2775  JSR   -4.1  loss 1.1200  logE[PER] -0.212  P_det_soft 0.0908  (264s)
  step 2800  JSR   -6.6  loss 2.7271  logE[PER] -0.434  P_det_soft 0.2293  (267s)
  step 2825  JSR   -3.7  loss 1.3227  logE[PER] -0.199  P_det_soft 0.1124  (269s)
  step 2850  JSR   -2.4  loss 0.8560  logE[PER] -0.032  P_det_soft 0.0824  (272s)
  step 2875  JSR   -4.2  loss 1.1697  logE[PER] -0.198  P_det_soft 0.0972  (274s)
  step 2900  JSR   -0.6  loss 1.4120  logE[PER] -0.098  P_det_soft 0.1314  (276s)
  step 2925  JSR   -5.3  loss 1.7596  logE[PER] -0.257  P_det_soft 0.1502  (279s)
  step 2950  JSR   -1.7  loss 1.1877  logE[PER] -0.090  P_det_soft 0.1097  (281s)
  step 2975  JSR   -3.8  loss 1.3594  logE[PER] -0.099  P_det_soft 0.1261  (284s)
  step 3000  JSR   -8.7  loss 5.2983  logE[PER] -0.713  P_det_soft 0.4585  (286s)
  step 3025  JSR   -5.8  loss 1.9756  logE[PER] -0.317  P_det_soft 0.1658  (288s)
  step 3050  JSR   -3.3  loss 1.0851  logE[PER] -0.123  P_det_soft 0.0962  (291s)
  step 3075  JSR   -0.6  loss 1.6187  logE[PER] -0.032  P_det_soft 0.1587  (293s)
  step 3100  JSR   -6.3  loss 2.8744  logE[PER] -0.490  P_det_soft 0.2384  (296s)
  step 3125  JSR   -5.6  loss 1.7428  logE[PER] -0.314  P_det_soft 0.1429  (298s)
  step 3150  JSR   -2.7  loss 1.1538  logE[PER] -0.175  P_det_soft 0.0979  (300s)
  step 3175  JSR   -1.8  loss 1.2252  logE[PER] -0.197  P_det_soft 0.1028  (303s)
  step 3200  JSR   -0.5  loss 1.5902  logE[PER] -0.100  P_det_soft 0.1490  (305s)
  step 3225  JSR   -8.0  loss 4.1510  logE[PER] -1.110  P_det_soft 0.3041  (307s)
  step 3250  JSR   -1.1  loss 1.1532  logE[PER] -0.096  P_det_soft 0.1057  (310s)
  step 3275  JSR   -1.1  loss 1.4078  logE[PER] -0.133  P_det_soft 0.1275  (312s)
  step 3300  JSR   -0.6  loss 1.4626  logE[PER] -0.065  P_det_soft 0.1398  (315s)
  step 3325  JSR   -8.9  loss 5.9022  logE[PER] -1.469  P_det_soft 0.4434  (317s)
  step 3350  JSR   -3.1  loss 1.2702  logE[PER] -0.159  P_det_soft 0.1112  (319s)
  step 3375  JSR   -3.3  loss 1.1275  logE[PER] -0.112  P_det_soft 0.1015  (322s)
  step 3400  JSR   -6.0  loss 1.7175  logE[PER] -0.300  P_det_soft 0.1418  (324s)
  step 3425  JSR   -5.5  loss 1.7057  logE[PER] -0.197  P_det_soft 0.1509  (327s)
  step 3450  JSR   -0.6  loss 1.6328  logE[PER] -0.065  P_det_soft 0.1568  (329s)
  step 3475  JSR   -8.3  loss 4.3178  logE[PER] -0.882  P_det_soft 0.3436  (331s)
  step 3500  JSR   -7.3  loss 4.3685  logE[PER] -0.557  P_det_soft 0.3812  (334s)
  step 3525  JSR   -8.4  loss 4.3003  logE[PER] -0.603  P_det_soft 0.3698  (336s)
  step 3550  JSR   -9.6  loss 6.7355  logE[PER] -1.308  P_det_soft 0.5427  (339s)
  step 3575  JSR   -5.2  loss 1.1723  logE[PER] -0.208  P_det_soft 0.0965  (341s)
  step 3600  JSR   -1.8  loss 1.1324  logE[PER] -0.134  P_det_soft 0.0999  (343s)
  step 3625  JSR   -0.6  loss 2.1743  logE[PER] -0.065  P_det_soft 0.2110  (346s)
  step 3650  JSR   -5.3  loss 1.9032  logE[PER] -0.134  P_det_soft 0.1769  (348s)
  step 3675  JSR   -0.2  loss 1.5494  logE[PER] -0.000  P_det_soft 0.1549  (351s)
  step 3700  JSR   -2.6  loss 1.0485  logE[PER] -0.247  P_det_soft 0.0802  (353s)
  step 3725  JSR   -9.2  loss 7.3160  logE[PER] -1.889  P_det_soft 0.5427  (355s)
  step 3750  JSR   -3.8  loss 1.4873  logE[PER] -0.244  P_det_soft 0.1244  (358s)
  step 3775  JSR   -7.4  loss 3.4307  logE[PER] -0.409  P_det_soft 0.3021  (360s)
  step 3800  JSR   -0.3  loss 1.9815  logE[PER] -0.006  P_det_soft 0.1975  (363s)
  step 3825  JSR   -7.1  loss 3.1324  logE[PER] -0.675  P_det_soft 0.2458  (365s)
  step 3850  JSR   -4.9  loss 1.4529  logE[PER] -0.199  P_det_soft 0.1254  (367s)
  step 3875  JSR   -6.1  loss 2.0501  logE[PER] -0.230  P_det_soft 0.1821  (370s)
  step 3900  JSR   -9.6  loss 8.4381  logE[PER] -2.685  P_det_soft 0.5753  (372s)
  step 3925  JSR   -2.7  loss 1.0766  logE[PER] -0.103  P_det_soft 0.0974  (375s)
  step 3950  JSR   -3.4  loss 1.1843  logE[PER] -0.195  P_det_soft 0.0989  (377s)
  step 3975  JSR   -7.2  loss 2.7697  logE[PER] -0.454  P_det_soft 0.2316  (379s)
  step 3999  JSR   -0.6  loss 1.3912  logE[PER] -0.165  P_det_soft 0.1226  (382s)
wrote gan/cnn_li_r1_G.pt, gan/cnn_li_r1.json in 388s
