node: tikgpu04.ee.ethz.ch | gpu: NVIDIA TITAN RTX
env fading_k28 = {'noise_unc_db': 0.0, 'rician_k_db': 28.0} | task control_r0 = {'target': None, 'beta': 0.0, 'cgan_task': 0} | seed 4000 | band (-32.0, 0.0) | 128 frames/step | 4000 steps | device cuda:0
  step    0  JSR  -20.6  loss 102.4074  logE[BER] -102.407  P_det_soft 0.0000  (1s)
  step   25  JSR  -30.4  loss 107.0372  logE[BER] -107.037  P_det_soft 0.0000  (2s)
  step   50  JSR   -4.2  loss 5.2136  logE[BER] -5.214  P_det_soft 0.0000  (2s)
  step   75  JSR  -15.4  loss 15.0981  logE[BER] -15.098  P_det_soft 0.0000  (3s)
  step  100  JSR   -5.6  loss 5.0167  logE[BER] -5.017  P_det_soft 0.0000  (3s)
  step  125  JSR  -24.5  loss 68.8419  logE[BER] -68.842  P_det_soft 0.0000  (4s)
  step  150  JSR   -1.5  loss 4.4144  logE[BER] -4.414  P_det_soft 0.0000  (4s)
  step  175  JSR  -19.0  loss 28.8692  logE[BER] -28.869  P_det_soft 0.0000  (5s)
  step  200  JSR  -14.9  loss 9.6918  logE[BER] -9.692  P_det_soft 0.0000  (6s)
  step  225  JSR  -30.6  loss 87.7727  logE[BER] -87.773  P_det_soft 0.0000  (6s)
  step  250  JSR   -2.5  loss 4.9374  logE[BER] -4.937  P_det_soft 0.0000  (7s)
  step  275  JSR   -9.9  loss 6.5333  logE[BER] -6.533  P_det_soft 0.0000  (7s)
  step  300  JSR  -21.7  loss 41.3471  logE[BER] -41.347  P_det_soft 0.0000  (8s)
  step  325  JSR  -22.6  loss 62.2868  logE[BER] -62.287  P_det_soft 0.0000  (9s)
  step  350  JSR  -18.3  loss 15.6507  logE[BER] -15.651  P_det_soft 0.0000  (9s)
  step  375  JSR  -19.2  loss 16.5960  logE[BER] -16.596  P_det_soft 0.0000  (10s)
  step  400  JSR  -29.0  loss 81.6222  logE[BER] -81.622  P_det_soft 0.0000  (10s)
  step  425  JSR  -20.5  loss 49.5273  logE[BER] -49.527  P_det_soft 0.0000  (11s)
  step  450  JSR   -8.9  loss 5.9232  logE[BER] -5.923  P_det_soft 0.0000  (11s)
  step  475  JSR  -27.8  loss 72.9398  logE[BER] -72.940  P_det_soft 0.0000  (12s)
  step  500  JSR  -19.0  loss 13.5581  logE[BER] -13.558  P_det_soft 0.0000  (13s)
  step  525  JSR  -21.3  loss 27.5547  logE[BER] -27.555  P_det_soft 0.0000  (13s)
  step  550  JSR   -1.6  loss 4.7039  logE[BER] -4.704  P_det_soft 0.0000  (14s)
  step  575  JSR  -22.9  loss 51.9969  logE[BER] -51.997  P_det_soft 0.0000  (14s)
  step  600  JSR  -22.2  loss 26.9201  logE[BER] -26.920  P_det_soft 0.0000  (15s)
  step  625  JSR  -28.3  loss 72.4951  logE[BER] -72.495  P_det_soft 0.0000  (16s)
  step  650  JSR  -13.0  loss 6.4017  logE[BER] -6.402  P_det_soft 0.0000  (16s)
  step  675  JSR  -10.0  loss 5.4976  logE[BER] -5.498  P_det_soft 0.0000  (17s)
  step  700  JSR  -14.0  loss 6.9421  logE[BER] -6.942  P_det_soft 0.0000  (17s)
  step  725  JSR   -6.7  loss 4.6447  logE[BER] -4.645  P_det_soft 0.0000  (18s)
  step  750  JSR   -9.1  loss 5.1452  logE[BER] -5.145  P_det_soft 0.0000  (18s)
  step  775  JSR  -12.7  loss 6.2136  logE[BER] -6.214  P_det_soft 0.0000  (19s)
  step  800  JSR  -26.9  loss 60.4499  logE[BER] -60.450  P_det_soft 0.0000  (20s)
  step  825  JSR  -30.8  loss 77.7963  logE[BER] -77.796  P_det_soft 0.0000  (20s)
  step  850  JSR  -28.3  loss 67.0018  logE[BER] -67.002  P_det_soft 0.0000  (21s)
  step  875  JSR  -25.1  loss 38.2099  logE[BER] -38.210  P_det_soft 0.0000  (21s)
  step  900  JSR  -30.5  loss 76.8901  logE[BER] -76.890  P_det_soft 0.0000  (22s)
  step  925  JSR   -2.8  loss 4.4187  logE[BER] -4.419  P_det_soft 0.0000  (22s)
  step  950  JSR   -8.2  loss 5.4082  logE[BER] -5.408  P_det_soft 0.0000  (23s)
  step  975  JSR  -11.8  loss 5.8216  logE[BER] -5.822  P_det_soft 0.0000  (24s)
  step 1000  JSR   -0.2  loss 4.3398  logE[BER] -4.340  P_det_soft 0.0000  (24s)
  step 1025  JSR  -24.4  loss 39.2880  logE[BER] -39.288  P_det_soft 0.0000  (25s)
  step 1050  JSR  -14.6  loss 6.3631  logE[BER] -6.363  P_det_soft 0.0000  (25s)
  step 1075  JSR  -29.0  loss 66.3085  logE[BER] -66.309  P_det_soft 0.0000  (26s)
  step 1100  JSR  -16.3  loss 6.4194  logE[BER] -6.419  P_det_soft 0.0000  (27s)
  step 1125  JSR   -0.8  loss 4.4525  logE[BER] -4.452  P_det_soft 0.0000  (27s)
  step 1150  JSR   -3.6  loss 4.9505  logE[BER] -4.950  P_det_soft 0.0000  (28s)
  step 1175  JSR  -23.7  loss 27.3667  logE[BER] -27.367  P_det_soft 0.0000  (28s)
  step 1200  JSR  -24.5  loss 39.2520  logE[BER] -39.252  P_det_soft 0.0000  (29s)
  step 1225  JSR   -5.2  loss 4.7904  logE[BER] -4.790  P_det_soft 0.0000  (29s)
  step 1250  JSR   -4.6  loss 4.7509  logE[BER] -4.751  P_det_soft 0.0000  (30s)
  step 1275  JSR   -5.8  loss 4.7745  logE[BER] -4.775  P_det_soft 0.0000  (31s)
  step 1300  JSR   -0.8  loss 4.5774  logE[BER] -4.577  P_det_soft 0.0000  (31s)
  step 1325  JSR   -2.6  loss 4.3239  logE[BER] -4.324  P_det_soft 0.0000  (32s)
  step 1350  JSR   -8.1  loss 5.0576  logE[BER] -5.058  P_det_soft 0.0000  (32s)
  step 1375  JSR   -0.8  loss 4.5945  logE[BER] -4.594  P_det_soft 0.0000  (33s)
  step 1400  JSR  -13.3  loss 5.8124  logE[BER] -5.812  P_det_soft 0.0000  (34s)
  step 1425  JSR   -1.9  loss 4.7634  logE[BER] -4.763  P_det_soft 0.0000  (34s)
  step 1450  JSR  -23.2  loss 15.4534  logE[BER] -15.453  P_det_soft 0.0000  (35s)
  step 1475  JSR  -16.2  loss 6.3471  logE[BER] -6.347  P_det_soft 0.0000  (35s)
  step 1500  JSR   -8.5  loss 5.5899  logE[BER] -5.590  P_det_soft 0.0000  (36s)
  step 1525  JSR  -18.5  loss 6.7775  logE[BER] -6.777  P_det_soft 0.0000  (36s)
  step 1550  JSR  -30.1  loss 62.8955  logE[BER] -62.895  P_det_soft 0.0000  (37s)
  step 1575  JSR  -11.2  loss 5.4583  logE[BER] -5.458  P_det_soft 0.0000  (38s)
  step 1600  JSR   -8.5  loss 5.1770  logE[BER] -5.177  P_det_soft 0.0000  (38s)
  step 1625  JSR  -22.0  loss 9.0511  logE[BER] -9.051  P_det_soft 0.0000  (39s)
  step 1650  JSR  -30.1  loss 62.2217  logE[BER] -62.222  P_det_soft 0.0000  (39s)
  step 1675  JSR  -10.0  loss 5.1750  logE[BER] -5.175  P_det_soft 0.0000  (40s)
  step 1700  JSR  -31.9  loss 69.0825  logE[BER] -69.082  P_det_soft 0.0000  (41s)
  step 1725  JSR   -8.0  loss 5.2359  logE[BER] -5.236  P_det_soft 0.0000  (41s)
  step 1750  JSR  -14.4  loss 5.7908  logE[BER] -5.791  P_det_soft 0.0000  (42s)
  step 1775  JSR   -2.8  loss 4.6294  logE[BER] -4.629  P_det_soft 0.0000  (42s)
  step 1800  JSR   -4.9  loss 5.0635  logE[BER] -5.064  P_det_soft 0.0000  (43s)
  step 1825  JSR  -24.9  loss 17.8457  logE[BER] -17.846  P_det_soft 0.0000  (43s)
  step 1850  JSR  -15.1  loss 5.6751  logE[BER] -5.675  P_det_soft 0.0000  (44s)
  step 1875  JSR   -5.5  loss 4.5483  logE[BER] -4.548  P_det_soft 0.0000  (45s)
  step 1900  JSR  -21.5  loss 6.9613  logE[BER] -6.961  P_det_soft 0.0000  (45s)
  step 1925  JSR  -15.2  loss 5.8444  logE[BER] -5.844  P_det_soft 0.0000  (46s)
  step 1950  JSR  -16.2  loss 5.9850  logE[BER] -5.985  P_det_soft 0.0000  (46s)
  step 1975  JSR  -10.8  loss 5.4096  logE[BER] -5.410  P_det_soft 0.0000  (47s)
  step 2000  JSR   -6.3  loss 4.4956  logE[BER] -4.496  P_det_soft 0.0000  (48s)
  step 2025  JSR   -1.8  loss 4.4597  logE[BER] -4.460  P_det_soft 0.0000  (48s)
  step 2050  JSR  -30.1  loss 46.2939  logE[BER] -46.294  P_det_soft 0.0000  (49s)
  step 2075  JSR  -28.1  loss 35.1070  logE[BER] -35.107  P_det_soft 0.0000  (49s)
  step 2100  JSR   -8.3  loss 5.1619  logE[BER] -5.162  P_det_soft 0.0000  (50s)
  step 2125  JSR  -17.6  loss 6.1072  logE[BER] -6.107  P_det_soft 0.0000  (50s)
  step 2150  JSR   -3.6  loss 4.7916  logE[BER] -4.792  P_det_soft 0.0000  (51s)
  step 2175  JSR  -29.3  loss 44.6425  logE[BER] -44.642  P_det_soft 0.0000  (52s)
  step 2200  JSR  -16.9  loss 5.9191  logE[BER] -5.919  P_det_soft 0.0000  (52s)
  step 2225  JSR   -3.0  loss 4.7112  logE[BER] -4.711  P_det_soft 0.0000  (53s)
  step 2250  JSR   -1.6  loss 4.6093  logE[BER] -4.609  P_det_soft 0.0000  (53s)
  step 2275  JSR  -30.9  loss 54.8921  logE[BER] -54.892  P_det_soft 0.0000  (54s)
  step 2300  JSR  -15.8  loss 5.8632  logE[BER] -5.863  P_det_soft 0.0000  (55s)
  step 2325  JSR  -17.4  loss 6.1124  logE[BER] -6.112  P_det_soft 0.0000  (55s)
  step 2350  JSR   -4.6  loss 4.8856  logE[BER] -4.886  P_det_soft 0.0000  (56s)
  step 2375  JSR   -1.1  loss 4.6557  logE[BER] -4.656  P_det_soft 0.0000  (56s)
  step 2400  JSR  -19.7  loss 6.3621  logE[BER] -6.362  P_det_soft 0.0000  (57s)
  step 2425  JSR   -2.9  loss 4.6255  logE[BER] -4.626  P_det_soft 0.0000  (57s)
  step 2450  JSR  -26.1  loss 20.0520  logE[BER] -20.052  P_det_soft 0.0000  (58s)
  step 2475  JSR   -3.1  loss 4.6990  logE[BER] -4.699  P_det_soft 0.0000  (59s)
  step 2500  JSR  -15.7  loss 5.7567  logE[BER] -5.757  P_det_soft 0.0000  (59s)
  step 2525  JSR  -15.1  loss 5.7224  logE[BER] -5.722  P_det_soft 0.0000  (60s)
  step 2550  JSR  -18.3  loss 6.1750  logE[BER] -6.175  P_det_soft 0.0000  (60s)
  step 2575  JSR  -28.4  loss 31.0895  logE[BER] -31.090  P_det_soft 0.0000  (61s)
  step 2600  JSR   -7.2  loss 5.1150  logE[BER] -5.115  P_det_soft 0.0000  (62s)
  step 2625  JSR  -13.6  loss 5.6696  logE[BER] -5.670  P_det_soft 0.0000  (62s)
  step 2650  JSR   -1.4  loss 4.6283  logE[BER] -4.628  P_det_soft 0.0000  (63s)
  step 2675  JSR  -19.5  loss 6.3492  logE[BER] -6.349  P_det_soft 0.0000  (63s)
  step 2700  JSR   -3.8  loss 4.7433  logE[BER] -4.743  P_det_soft 0.0000  (64s)
  step 2725  JSR   -6.6  loss 4.9885  logE[BER] -4.989  P_det_soft 0.0000  (64s)
  step 2750  JSR  -30.1  loss 47.3025  logE[BER] -47.303  P_det_soft 0.0000  (65s)
  step 2775  JSR  -18.5  loss 6.1597  logE[BER] -6.160  P_det_soft 0.0000  (66s)
  step 2800  JSR   -3.0  loss 4.7509  logE[BER] -4.751  P_det_soft 0.0000  (66s)
  step 2825  JSR  -26.6  loss 19.4251  logE[BER] -19.425  P_det_soft 0.0000  (67s)
  step 2850  JSR  -21.8  loss 7.0772  logE[BER] -7.077  P_det_soft 0.0000  (67s)
  step 2875  JSR   -0.7  loss 4.6038  logE[BER] -4.604  P_det_soft 0.0000  (68s)
  step 2900  JSR   -7.1  loss 4.8965  logE[BER] -4.896  P_det_soft 0.0000  (68s)
  step 2925  JSR  -22.4  loss 7.2776  logE[BER] -7.278  P_det_soft 0.0000  (69s)
  step 2950  JSR   -5.1  loss 4.8490  logE[BER] -4.849  P_det_soft 0.0000  (70s)
  step 2975  JSR  -10.8  loss 5.4304  logE[BER] -5.430  P_det_soft 0.0000  (70s)
  step 3000  JSR  -28.1  loss 30.4908  logE[BER] -30.491  P_det_soft 0.0000  (71s)
  step 3025  JSR  -14.2  loss 5.6116  logE[BER] -5.612  P_det_soft 0.0000  (71s)
  step 3050  JSR   -4.9  loss 4.8206  logE[BER] -4.821  P_det_soft 0.0000  (72s)
  step 3075  JSR  -28.2  loss 30.1662  logE[BER] -30.166  P_det_soft 0.0000  (73s)
  step 3100  JSR   -6.5  loss 5.0354  logE[BER] -5.035  P_det_soft 0.0000  (73s)
  step 3125  JSR  -28.9  loss 33.5782  logE[BER] -33.578  P_det_soft 0.0000  (74s)
  step 3150  JSR   -8.6  loss 5.0673  logE[BER] -5.067  P_det_soft 0.0000  (74s)
  step 3175  JSR  -12.2  loss 5.5545  logE[BER] -5.555  P_det_soft 0.0000  (75s)
  step 3200  JSR  -12.8  loss 5.4624  logE[BER] -5.462  P_det_soft 0.0000  (75s)
  step 3225  JSR   -8.3  loss 5.2058  logE[BER] -5.206  P_det_soft 0.0000  (76s)
  step 3250  JSR   -2.5  loss 4.6219  logE[BER] -4.622  P_det_soft 0.0000  (77s)
  step 3275  JSR  -28.7  loss 34.7590  logE[BER] -34.759  P_det_soft 0.0000  (77s)
  step 3300  JSR  -19.7  loss 6.4405  logE[BER] -6.441  P_det_soft 0.0000  (78s)
  step 3325  JSR  -10.8  loss 5.2363  logE[BER] -5.236  P_det_soft 0.0000  (78s)
  step 3350  JSR  -14.3  loss 5.6930  logE[BER] -5.693  P_det_soft 0.0000  (79s)
  step 3375  JSR  -21.6  loss 6.9157  logE[BER] -6.916  P_det_soft 0.0000  (80s)
  step 3400  JSR  -14.7  loss 5.5922  logE[BER] -5.592  P_det_soft 0.0000  (80s)
  step 3425  JSR   -7.5  loss 5.1740  logE[BER] -5.174  P_det_soft 0.0000  (81s)
  step 3450  JSR  -21.4  loss 6.8489  logE[BER] -6.849  P_det_soft 0.0000  (81s)
  step 3475  JSR  -11.7  loss 5.3472  logE[BER] -5.347  P_det_soft 0.0000  (82s)
  step 3500  JSR   -6.6  loss 4.9856  logE[BER] -4.986  P_det_soft 0.0000  (82s)
  step 3525  JSR   -1.6  loss 4.5598  logE[BER] -4.560  P_det_soft 0.0000  (83s)
  step 3550  JSR  -29.7  loss 37.9624  logE[BER] -37.962  P_det_soft 0.0000  (84s)
  step 3575  JSR  -13.7  loss 5.5910  logE[BER] -5.591  P_det_soft 0.0000  (84s)
  step 3600  JSR  -30.4  loss 48.0930  logE[BER] -48.093  P_det_soft 0.0000  (85s)
  step 3625  JSR  -18.2  loss 6.2138  logE[BER] -6.214  P_det_soft 0.0000  (85s)
  step 3650  JSR  -28.8  loss 36.1304  logE[BER] -36.130  P_det_soft 0.0000  (86s)
  step 3675  JSR   -1.0  loss 4.5406  logE[BER] -4.541  P_det_soft 0.0000  (87s)
  step 3700  JSR  -18.4  loss 6.0300  logE[BER] -6.030  P_det_soft 0.0000  (87s)
  step 3725  JSR  -15.5  loss 5.7825  logE[BER] -5.783  P_det_soft 0.0000  (88s)
  step 3750  JSR  -31.6  loss 53.2458  logE[BER] -53.246  P_det_soft 0.0000  (88s)
  step 3775  JSR  -28.1  loss 30.2408  logE[BER] -30.241  P_det_soft 0.0000  (89s)
  step 3800  JSR  -29.6  loss 42.7949  logE[BER] -42.795  P_det_soft 0.0000  (89s)
  step 3825  JSR  -27.5  loss 24.5760  logE[BER] -24.576  P_det_soft 0.0000  (90s)
  step 3850  JSR  -19.9  loss 6.4006  logE[BER] -6.401  P_det_soft 0.0000  (91s)
  step 3875  JSR  -26.2  loss 18.5954  logE[BER] -18.595  P_det_soft 0.0000  (91s)
  step 3900  JSR  -13.3  loss 5.5717  logE[BER] -5.572  P_det_soft 0.0000  (92s)
  step 3925  JSR  -19.8  loss 6.3712  logE[BER] -6.371  P_det_soft 0.0000  (92s)
  step 3950  JSR  -20.4  loss 6.7570  logE[BER] -6.757  P_det_soft 0.0000  (93s)
  step 3975  JSR  -16.2  loss 5.9329  logE[BER] -5.933  P_det_soft 0.0000  (94s)
  step 3999  JSR  -10.0  loss 5.3112  logE[BER] -5.311  P_det_soft 0.0000  (94s)
wrote gan/control_r0_G.pt, gan/control_r0.json in 95s
