node: tikgpu04.ee.ethz.ch | gpu: NVIDIA TITAN RTX
env noise_1db = {'noise_unc_db': 1.0, 'rician_k_db': None} | task kurtosis_b10_r0 = {'target': 'kurtosis', 'beta': 10.0, 'cgan_task': 10} | seed 4010 | band (-31.4, 0.0) | 128 frames/step | 4000 steps | device cuda:0
  target kurtosis: threshold 0.0515278, clean-frame std 0.0158524 (soft_pdet width)
  step    0  JSR  -27.7  loss 80.0361  logE[BER] -78.247  P_det_soft 0.1789  (1s)
  step   25  JSR  -19.5  loss 42.4993  logE[BER] -40.727  P_det_soft 0.1773  (2s)
  step   50  JSR   -1.3  loss 14.0373  logE[BER] -4.037  P_det_soft 1.0000  (2s)
  step   75  JSR  -11.2  loss 14.4312  logE[BER] -6.136  P_det_soft 0.8295  (3s)
  step  100  JSR  -22.8  loss 56.2043  logE[BER] -54.350  P_det_soft 0.1854  (3s)
  step  125  JSR  -12.2  loss 13.5152  logE[BER] -6.043  P_det_soft 0.7473  (4s)
  step  150  JSR  -21.4  loss 45.1329  logE[BER] -43.465  P_det_soft 0.1668  (5s)
  step  175  JSR  -18.9  loss 32.0016  logE[BER] -30.170  P_det_soft 0.1832  (5s)
  step  200  JSR  -25.3  loss 58.2270  logE[BER] -56.525  P_det_soft 0.1702  (6s)
  step  225  JSR  -25.0  loss 60.9675  logE[BER] -59.430  P_det_soft 0.1537  (6s)
  step  250  JSR  -20.6  loss 47.0148  logE[BER] -45.334  P_det_soft 0.1681  (7s)
  step  275  JSR   -6.1  loss 14.6979  logE[BER] -4.721  P_det_soft 0.9977  (8s)
  step  300  JSR  -19.5  loss 36.1801  logE[BER] -34.232  P_det_soft 0.1948  (8s)
  step  325  JSR  -17.4  loss 20.0866  logE[BER] -17.068  P_det_soft 0.3018  (9s)
  step  350  JSR  -17.2  loss 23.9204  logE[BER] -21.345  P_det_soft 0.2575  (9s)
  step  375  JSR  -24.0  loss 45.8791  logE[BER] -44.375  P_det_soft 0.1504  (10s)
  step  400  JSR   -2.7  loss 13.8768  logE[BER] -3.877  P_det_soft 1.0000  (11s)
  step  425  JSR   -8.3  loss 14.6692  logE[BER] -4.688  P_det_soft 0.9981  (11s)
  step  450  JSR   -6.5  loss 14.7079  logE[BER] -4.729  P_det_soft 0.9979  (12s)
  step  475  JSR   -8.6  loss 14.5555  logE[BER] -4.617  P_det_soft 0.9938  (12s)
  step  500  JSR  -15.4  loss 12.1635  logE[BER] -8.042  P_det_soft 0.4121  (13s)
  step  525  JSR   -4.3  loss 14.0154  logE[BER] -4.015  P_det_soft 1.0000  (14s)
  step  550  JSR  -24.0  loss 45.9754  logE[BER] -44.385  P_det_soft 0.1590  (14s)
  step  575  JSR  -28.4  loss 59.6957  logE[BER] -57.985  P_det_soft 0.1711  (15s)
  step  600  JSR   -2.7  loss 14.1861  logE[BER] -4.188  P_det_soft 0.9998  (15s)
  step  625  JSR  -17.2  loss 13.9977  logE[BER] -11.694  P_det_soft 0.2304  (16s)
  step  650  JSR  -12.4  loss 13.1551  logE[BER] -5.876  P_det_soft 0.7279  (17s)
  step  675  JSR   -3.4  loss 14.3130  logE[BER] -4.313  P_det_soft 1.0000  (17s)
  step  700  JSR   -7.9  loss 14.8710  logE[BER] -4.932  P_det_soft 0.9939  (18s)
  step  725  JSR  -11.9  loss 14.0081  logE[BER] -5.613  P_det_soft 0.8395  (18s)
  step  750  JSR  -31.2  loss 72.9520  logE[BER] -71.485  P_det_soft 0.1467  (19s)
  step  775  JSR  -15.7  loss 10.3345  logE[BER] -7.595  P_det_soft 0.2740  (20s)
  step  800  JSR  -29.0  loss 51.9059  logE[BER] -50.194  P_det_soft 0.1712  (20s)
  step  825  JSR   -6.9  loss 14.6094  logE[BER] -4.610  P_det_soft 0.9999  (21s)
  step  850  JSR  -19.0  loss 13.7248  logE[BER] -11.584  P_det_soft 0.2141  (21s)
  step  875  JSR  -28.6  loss 43.3736  logE[BER] -41.757  P_det_soft 0.1617  (22s)
  step  900  JSR  -21.0  loss 21.5415  logE[BER] -19.708  P_det_soft 0.1833  (23s)
  step  925  JSR  -28.7  loss 64.0338  logE[BER] -62.392  P_det_soft 0.1642  (23s)
  step  950  JSR  -21.3  loss 19.6844  logE[BER] -17.612  P_det_soft 0.2072  (24s)
  step  975  JSR  -27.6  loss 53.5676  logE[BER] -51.779  P_det_soft 0.1789  (24s)
  step 1000  JSR  -16.6  loss 11.2099  logE[BER] -7.392  P_det_soft 0.3818  (25s)
  step 1025  JSR  -18.3  loss 11.0699  logE[BER] -8.841  P_det_soft 0.2229  (26s)
  step 1050  JSR  -18.6  loss 10.3487  logE[BER] -7.882  P_det_soft 0.2466  (26s)
  step 1075  JSR  -21.3  loss 28.5970  logE[BER] -26.975  P_det_soft 0.1622  (27s)
  step 1100  JSR   -5.5  loss 14.6714  logE[BER] -4.671  P_det_soft 1.0000  (27s)
  step 1125  JSR  -24.8  loss 45.4429  logE[BER] -43.766  P_det_soft 0.1677  (28s)
  step 1150  JSR   -6.6  loss 14.9101  logE[BER] -4.911  P_det_soft 0.9999  (29s)
  step 1175  JSR  -24.5  loss 31.5169  logE[BER] -30.046  P_det_soft 0.1471  (29s)
  step 1200  JSR  -19.5  loss 9.9251  logE[BER] -8.031  P_det_soft 0.1894  (30s)
  step 1225  JSR   -6.8  loss 15.0143  logE[BER] -5.014  P_det_soft 1.0000  (30s)
  step 1250  JSR  -22.4  loss 14.7914  logE[BER] -12.829  P_det_soft 0.1962  (31s)
  step 1275  JSR   -3.5  loss 14.2155  logE[BER] -4.216  P_det_soft 1.0000  (32s)
  step 1300  JSR  -19.2  loss 8.8383  logE[BER] -6.516  P_det_soft 0.2322  (32s)
  step 1325  JSR  -24.6  loss 30.6721  logE[BER] -29.107  P_det_soft 0.1565  (33s)
  step 1350  JSR   -5.6  loss 14.4939  logE[BER] -4.494  P_det_soft 1.0000  (33s)
  step 1375  JSR  -21.0  loss 9.3440  logE[BER] -7.440  P_det_soft 0.1904  (34s)
  step 1400  JSR  -28.2  loss 44.4159  logE[BER] -42.742  P_det_soft 0.1674  (35s)
  step 1425  JSR  -10.4  loss 14.5074  logE[BER] -5.329  P_det_soft 0.9179  (35s)
  step 1450  JSR  -19.7  loss 9.6237  logE[BER] -7.062  P_det_soft 0.2561  (36s)
  step 1475  JSR  -26.5  loss 26.6864  logE[BER] -24.893  P_det_soft 0.1793  (36s)
  step 1500  JSR  -11.9  loss 13.3903  logE[BER] -5.364  P_det_soft 0.8026  (37s)
  step 1525  JSR  -21.5  loss 10.0369  logE[BER] -8.224  P_det_soft 0.1813  (38s)
  step 1550  JSR  -14.8  loss 11.9213  logE[BER] -5.817  P_det_soft 0.6104  (38s)
  step 1575  JSR   -7.6  loss 15.0174  logE[BER] -5.017  P_det_soft 1.0000  (39s)
  step 1600  JSR  -11.7  loss 13.7624  logE[BER] -5.326  P_det_soft 0.8437  (39s)
  step 1625  JSR  -29.6  loss 46.0444  logE[BER] -44.429  P_det_soft 0.1615  (40s)
  step 1650  JSR  -29.2  loss 36.6186  logE[BER] -34.803  P_det_soft 0.1816  (41s)
  step 1675  JSR  -31.1  loss 47.9981  logE[BER] -46.542  P_det_soft 0.1456  (41s)
  step 1700  JSR  -13.7  loss 12.9077  logE[BER] -5.557  P_det_soft 0.7350  (42s)
  step 1725  JSR  -26.4  loss 24.7707  logE[BER] -22.887  P_det_soft 0.1884  (42s)
  step 1750  JSR  -17.3  loss 10.5749  logE[BER] -5.947  P_det_soft 0.4628  (43s)
  step 1775  JSR  -13.6  loss 12.6937  logE[BER] -5.542  P_det_soft 0.7152  (44s)
  step 1800  JSR  -11.0  loss 14.4570  logE[BER] -5.355  P_det_soft 0.9102  (44s)
  step 1825  JSR  -19.1  loss 9.5661  logE[BER] -6.268  P_det_soft 0.3299  (45s)
  step 1850  JSR   -9.4  loss 15.1083  logE[BER] -5.164  P_det_soft 0.9945  (45s)
  step 1875  JSR   -0.9  loss 14.5122  logE[BER] -4.512  P_det_soft 1.0000  (46s)
  step 1900  JSR  -29.4  loss 39.3106  logE[BER] -37.645  P_det_soft 0.1666  (47s)
  step 1925  JSR  -26.2  loss 21.5817  logE[BER] -20.086  P_det_soft 0.1496  (47s)
  step 1950  JSR  -30.5  loss 47.8717  logE[BER] -46.286  P_det_soft 0.1586  (48s)
  step 1975  JSR   -1.1  loss 14.5700  logE[BER] -4.570  P_det_soft 1.0000  (48s)
  step 2000  JSR   -3.2  loss 14.6684  logE[BER] -4.668  P_det_soft 1.0000  (49s)
  step 2025  JSR  -13.6  loss 13.0480  logE[BER] -5.494  P_det_soft 0.7554  (50s)
  step 2050  JSR   -6.5  loss 14.7861  logE[BER] -4.786  P_det_soft 1.0000  (50s)
  step 2075  JSR  -16.1  loss 12.3113  logE[BER] -5.877  P_det_soft 0.6435  (51s)
  step 2100  JSR   -6.8  loss 15.0075  logE[BER] -5.008  P_det_soft 1.0000  (51s)
  step 2125  JSR  -13.3  loss 13.4548  logE[BER] -5.522  P_det_soft 0.7932  (52s)
  step 2150  JSR  -24.7  loss 15.0546  logE[BER] -13.317  P_det_soft 0.1738  (53s)
  step 2175  JSR  -20.7  loss 9.1466  logE[BER] -6.644  P_det_soft 0.2502  (53s)
  step 2200  JSR  -13.7  loss 12.9644  logE[BER] -5.483  P_det_soft 0.7482  (54s)
  step 2225  JSR  -28.1  loss 32.3820  logE[BER] -30.699  P_det_soft 0.1683  (55s)
  step 2250  JSR   -1.6  loss 14.5113  logE[BER] -4.511  P_det_soft 1.0000  (55s)
  step 2275  JSR   -2.6  loss 14.6567  logE[BER] -4.657  P_det_soft 1.0000  (56s)
  step 2300  JSR  -27.6  loss 28.0218  logE[BER] -26.221  P_det_soft 0.1801  (56s)
  step 2325  JSR  -13.8  loss 13.0181  logE[BER] -5.496  P_det_soft 0.7522  (57s)
  step 2350  JSR   -9.7  loss 15.2232  logE[BER] -5.227  P_det_soft 0.9997  (58s)
  step 2375  JSR  -11.5  loss 14.5946  logE[BER] -5.393  P_det_soft 0.9202  (58s)
  step 2400  JSR  -11.7  loss 14.6217  logE[BER] -5.374  P_det_soft 0.9248  (59s)
  step 2425  JSR   -0.0  loss 14.5597  logE[BER] -4.560  P_det_soft 1.0000  (59s)
  step 2450  JSR  -14.0  loss 13.3202  logE[BER] -5.583  P_det_soft 0.7737  (60s)
  step 2475  JSR  -16.9  loss 11.1972  logE[BER] -5.791  P_det_soft 0.5406  (61s)
  step 2500  JSR  -15.6  loss 11.7849  logE[BER] -5.663  P_det_soft 0.6122  (61s)
  step 2525  JSR  -21.7  loss 9.2754  logE[BER] -7.282  P_det_soft 0.1994  (62s)
  step 2550  JSR  -27.3  loss 25.0457  logE[BER] -23.326  P_det_soft 0.1719  (62s)
  step 2575  JSR  -13.0  loss 13.4010  logE[BER] -5.398  P_det_soft 0.8003  (63s)
  step 2600  JSR  -22.3  loss 9.6565  logE[BER] -7.613  P_det_soft 0.2044  (64s)
  step 2625  JSR  -14.1  loss 12.9744  logE[BER] -5.765  P_det_soft 0.7209  (64s)
  step 2650  JSR   -7.2  loss 14.9946  logE[BER] -4.995  P_det_soft 1.0000  (65s)
  step 2675  JSR  -16.0  loss 11.6122  logE[BER] -5.692  P_det_soft 0.5920  (65s)
  step 2700  JSR  -18.7  loss 10.2279  logE[BER] -6.311  P_det_soft 0.3917  (66s)
  step 2725  JSR  -16.4  loss 11.3457  logE[BER] -5.845  P_det_soft 0.5501  (67s)
  step 2750  JSR  -21.4  loss 9.3734  logE[BER] -7.022  P_det_soft 0.2351  (67s)
  step 2775  JSR  -23.6  loss 11.6638  logE[BER] -9.437  P_det_soft 0.2226  (68s)
  step 2800  JSR  -24.8  loss 14.9514  logE[BER] -13.170  P_det_soft 0.1781  (68s)
  step 2825  JSR  -19.5  loss 9.1286  logE[BER] -6.197  P_det_soft 0.2931  (69s)
  step 2850  JSR  -14.3  loss 13.4124  logE[BER] -5.708  P_det_soft 0.7705  (70s)
  step 2875  JSR  -15.7  loss 12.5381  logE[BER] -5.812  P_det_soft 0.6726  (70s)
  step 2900  JSR   -4.2  loss 14.6419  logE[BER] -4.642  P_det_soft 1.0000  (71s)
  step 2925  JSR  -30.8  loss 43.8900  logE[BER] -42.242  P_det_soft 0.1648  (71s)
  step 2950  JSR   -9.4  loss 15.3441  logE[BER] -5.344  P_det_soft 1.0000  (72s)
  step 2975  JSR   -9.8  loss 15.2606  logE[BER] -5.264  P_det_soft 0.9996  (73s)
  step 3000  JSR  -28.3  loss 32.6121  logE[BER] -31.159  P_det_soft 0.1453  (73s)
  step 3025  JSR  -21.6  loss 9.3295  logE[BER] -7.039  P_det_soft 0.2290  (74s)
  step 3050  JSR  -17.4  loss 11.5664  logE[BER] -6.062  P_det_soft 0.5504  (74s)
  step 3075  JSR  -25.3  loss 16.9905  logE[BER] -15.101  P_det_soft 0.1889  (75s)
  step 3100  JSR   -6.0  loss 14.8532  logE[BER] -4.853  P_det_soft 1.0000  (76s)
  step 3125  JSR  -14.6  loss 12.7269  logE[BER] -5.618  P_det_soft 0.7109  (76s)
  step 3150  JSR  -23.5  loss 10.7368  logE[BER] -8.828  P_det_soft 0.1908  (77s)
  step 3175  JSR  -24.3  loss 13.4706  logE[BER] -11.646  P_det_soft 0.1824  (77s)
  step 3200  JSR  -10.1  loss 15.0842  logE[BER] -5.230  P_det_soft 0.9855  (78s)
  step 3225  JSR  -28.7  loss 34.3644  logE[BER] -32.679  P_det_soft 0.1685  (79s)
  step 3250  JSR   -2.9  loss 14.7353  logE[BER] -4.735  P_det_soft 1.0000  (79s)
  step 3275  JSR  -31.0  loss 46.9051  logE[BER] -45.397  P_det_soft 0.1508  (80s)
  step 3300  JSR   -6.9  loss 15.0346  logE[BER] -5.035  P_det_soft 1.0000  (80s)
  step 3325  JSR  -17.2  loss 10.7930  logE[BER] -5.922  P_det_soft 0.4871  (81s)
  step 3350  JSR  -24.5  loss 14.2717  logE[BER] -12.551  P_det_soft 0.1720  (82s)
  step 3375  JSR  -23.1  loss 9.7825  logE[BER] -7.811  P_det_soft 0.1972  (82s)
  step 3400  JSR  -11.3  loss 14.8295  logE[BER] -5.419  P_det_soft 0.9410  (83s)
  step 3425  JSR   -8.3  loss 15.0418  logE[BER] -5.042  P_det_soft 1.0000  (83s)
  step 3450  JSR  -14.8  loss 12.3294  logE[BER] -5.695  P_det_soft 0.6635  (84s)
  step 3475  JSR  -30.8  loss 39.1255  logE[BER] -37.281  P_det_soft 0.1844  (85s)
  step 3500  JSR   -7.2  loss 14.8827  logE[BER] -4.883  P_det_soft 1.0000  (85s)
  step 3525  JSR  -19.5  loss 10.0483  logE[BER] -6.395  P_det_soft 0.3654  (86s)
  step 3550  JSR   -1.3  loss 14.5862  logE[BER] -4.586  P_det_soft 1.0000  (87s)
  step 3575  JSR  -15.4  loss 11.7232  logE[BER] -5.654  P_det_soft 0.6070  (87s)
  step 3600  JSR  -31.0  loss 41.8674  logE[BER] -40.252  P_det_soft 0.1615  (88s)
  step 3625  JSR  -19.5  loss 9.6947  logE[BER] -6.249  P_det_soft 0.3445  (88s)
  step 3650  JSR  -30.9  loss 46.8832  logE[BER] -45.204  P_det_soft 0.1680  (89s)
  step 3675  JSR  -26.9  loss 24.8150  logE[BER] -23.102  P_det_soft 0.1713  (90s)
  step 3700  JSR   -8.4  loss 15.1686  logE[BER] -5.169  P_det_soft 1.0000  (90s)
  step 3725  JSR  -15.8  loss 11.9982  logE[BER] -5.733  P_det_soft 0.6266  (91s)
  step 3750  JSR  -18.7  loss 9.6546  logE[BER] -6.017  P_det_soft 0.3637  (91s)
  step 3775  JSR  -28.4  loss 32.1933  logE[BER] -30.456  P_det_soft 0.1737  (92s)
  step 3800  JSR  -20.3  loss 9.0837  logE[BER] -6.413  P_det_soft 0.2670  (93s)
  step 3825  JSR  -29.6  loss 39.0915  logE[BER] -37.507  P_det_soft 0.1585  (93s)
  step 3850  JSR  -25.2  loss 15.6779  logE[BER] -13.849  P_det_soft 0.1828  (94s)
  step 3875  JSR  -24.2  loss 12.7093  logE[BER] -10.837  P_det_soft 0.1872  (94s)
  step 3900  JSR  -29.1  loss 36.1950  logE[BER] -34.482  P_det_soft 0.1713  (95s)
  step 3925  JSR  -22.4  loss 9.5524  logE[BER] -7.375  P_det_soft 0.2178  (96s)
  step 3950  JSR  -21.7  loss 9.1642  logE[BER] -7.112  P_det_soft 0.2052  (96s)
  step 3975  JSR   -7.6  loss 15.0658  logE[BER] -5.066  P_det_soft 1.0000  (97s)
  step 3999  JSR  -25.0  loss 13.9582  logE[BER] -12.094  P_det_soft 0.1864  (97s)
wrote gan/kurtosis_b10_r0_G.pt, gan/kurtosis_b10_r0.json in 98s
