node: tikgpu05.ee.ethz.ch | gpu: NVIDIA TITAN RTX
env both = {'noise_unc_db': 0.5, 'rician_k_db': 12.0} | task control_r1 = {'target': None, 'beta': 0.0, 'cgan_task': 0} | seed 5000 | band (-32.0, 0.0) | 128 frames/step | 4000 steps | device cuda:0
  step    0  JSR  -12.5  loss 24.5434  logE[BER] -24.543  P_det_soft 0.0000  (1s)
  step   25  JSR  -19.8  loss 14.4650  logE[BER] -14.465  P_det_soft 0.0000  (1s)
  step   50  JSR  -28.2  loss 47.6666  logE[BER] -47.667  P_det_soft 0.0000  (2s)
  step   75  JSR  -16.3  loss 9.1159  logE[BER] -9.116  P_det_soft 0.0000  (3s)
  step  100  JSR  -27.3  loss 33.5079  logE[BER] -33.508  P_det_soft 0.0000  (3s)
  step  125  JSR  -26.4  loss 37.7743  logE[BER] -37.774  P_det_soft 0.0000  (4s)
  step  150  JSR  -22.4  loss 17.5378  logE[BER] -17.538  P_det_soft 0.0000  (4s)
  step  175  JSR   -2.0  loss 3.6791  logE[BER] -3.679  P_det_soft 0.0000  (5s)
  step  200  JSR   -0.4  loss 3.5105  logE[BER] -3.510  P_det_soft 0.0000  (5s)
  step  225  JSR  -24.4  loss 24.1942  logE[BER] -24.194  P_det_soft 0.0000  (6s)
  step  250  JSR  -16.3  loss 10.0534  logE[BER] -10.053  P_det_soft 0.0000  (7s)
  step  275  JSR  -14.2  loss 8.0528  logE[BER] -8.053  P_det_soft 0.0000  (7s)
  step  300  JSR  -20.6  loss 25.9818  logE[BER] -25.982  P_det_soft 0.0000  (8s)
  step  325  JSR   -5.5  loss 3.9722  logE[BER] -3.972  P_det_soft 0.0000  (8s)
  step  350  JSR  -16.2  loss 7.8684  logE[BER] -7.868  P_det_soft 0.0000  (9s)
  step  375  JSR   -9.9  loss 6.0856  logE[BER] -6.086  P_det_soft 0.0000  (10s)
  step  400  JSR  -28.9  loss 38.5505  logE[BER] -38.550  P_det_soft 0.0000  (10s)
  step  425  JSR  -31.5  loss 34.5036  logE[BER] -34.504  P_det_soft 0.0000  (11s)
  step  450  JSR  -17.4  loss 10.0955  logE[BER] -10.096  P_det_soft 0.0000  (11s)
  step  475  JSR  -14.2  loss 7.2415  logE[BER] -7.242  P_det_soft 0.0000  (12s)
  step  500  JSR  -14.8  loss 7.4336  logE[BER] -7.434  P_det_soft 0.0000  (12s)
  step  525  JSR  -10.9  loss 5.0441  logE[BER] -5.044  P_det_soft 0.0000  (13s)
  step  550  JSR  -19.0  loss 12.1064  logE[BER] -12.106  P_det_soft 0.0000  (14s)
  step  575  JSR  -18.2  loss 10.5954  logE[BER] -10.595  P_det_soft 0.0000  (14s)
  step  600  JSR   -9.1  loss 4.5513  logE[BER] -4.551  P_det_soft 0.0000  (15s)
  step  625  JSR   -0.7  loss 3.2424  logE[BER] -3.242  P_det_soft 0.0000  (15s)
  step  650  JSR  -17.4  loss 10.0761  logE[BER] -10.076  P_det_soft 0.0000  (16s)
  step  675  JSR   -6.3  loss 4.1176  logE[BER] -4.118  P_det_soft 0.0000  (16s)
  step  700  JSR  -25.9  loss 32.3906  logE[BER] -32.391  P_det_soft 0.0000  (17s)
  step  725  JSR  -22.7  loss 23.4757  logE[BER] -23.476  P_det_soft 0.0000  (18s)
  step  750  JSR  -13.1  loss 5.4589  logE[BER] -5.459  P_det_soft 0.0000  (18s)
  step  775  JSR   -8.1  loss 4.3401  logE[BER] -4.340  P_det_soft 0.0000  (19s)
  step  800  JSR  -11.5  loss 4.9765  logE[BER] -4.976  P_det_soft 0.0000  (19s)
  step  825  JSR   -5.2  loss 3.9057  logE[BER] -3.906  P_det_soft 0.0000  (20s)
  step  850  JSR  -30.8  loss 32.7725  logE[BER] -32.773  P_det_soft 0.0000  (21s)
  step  875  JSR   -0.8  loss 3.3310  logE[BER] -3.331  P_det_soft 0.0000  (21s)
  step  900  JSR  -21.5  loss 23.2403  logE[BER] -23.240  P_det_soft 0.0000  (22s)
  step  925  JSR   -2.5  loss 3.6393  logE[BER] -3.639  P_det_soft 0.0000  (22s)
  step  950  JSR  -27.5  loss 24.1480  logE[BER] -24.148  P_det_soft 0.0000  (23s)
  step  975  JSR  -26.7  loss 24.3573  logE[BER] -24.357  P_det_soft 0.0000  (23s)
  step 1000  JSR   -8.8  loss 4.4795  logE[BER] -4.480  P_det_soft 0.0000  (24s)
  step 1025  JSR  -25.2  loss 25.8525  logE[BER] -25.852  P_det_soft 0.0000  (25s)
  step 1050  JSR   -7.7  loss 4.3257  logE[BER] -4.326  P_det_soft 0.0000  (25s)
  step 1075  JSR   -9.3  loss 4.2423  logE[BER] -4.242  P_det_soft 0.0000  (26s)
  step 1100  JSR  -26.3  loss 21.4231  logE[BER] -21.423  P_det_soft 0.0000  (26s)
  step 1125  JSR   -5.4  loss 3.8590  logE[BER] -3.859  P_det_soft 0.0000  (27s)
  step 1150  JSR  -27.7  loss 32.6076  logE[BER] -32.608  P_det_soft 0.0000  (27s)
  step 1175  JSR   -8.2  loss 4.0649  logE[BER] -4.065  P_det_soft 0.0000  (28s)
  step 1200  JSR  -20.0  loss 11.0274  logE[BER] -11.027  P_det_soft 0.0000  (29s)
  step 1225  JSR   -4.8  loss 3.9439  logE[BER] -3.944  P_det_soft 0.0000  (29s)
  step 1250  JSR   -0.9  loss 3.4374  logE[BER] -3.437  P_det_soft 0.0000  (30s)
  step 1275  JSR  -13.4  loss 4.9256  logE[BER] -4.926  P_det_soft 0.0000  (30s)
  step 1300  JSR  -16.5  loss 6.9235  logE[BER] -6.924  P_det_soft 0.0000  (31s)
  step 1325  JSR  -14.5  loss 5.5965  logE[BER] -5.596  P_det_soft 0.0000  (32s)
  step 1350  JSR   -7.5  loss 4.1123  logE[BER] -4.112  P_det_soft 0.0000  (32s)
  step 1375  JSR  -23.4  loss 10.4793  logE[BER] -10.479  P_det_soft 0.0000  (33s)
  step 1400  JSR   -6.4  loss 3.9985  logE[BER] -3.999  P_det_soft 0.0000  (33s)
  step 1425  JSR  -29.9  loss 24.4442  logE[BER] -24.444  P_det_soft 0.0000  (34s)
  step 1450  JSR  -14.2  loss 5.1962  logE[BER] -5.196  P_det_soft 0.0000  (34s)
  step 1475  JSR   -8.2  loss 4.2233  logE[BER] -4.223  P_det_soft 0.0000  (35s)
  step 1500  JSR   -6.4  loss 3.9753  logE[BER] -3.975  P_det_soft 0.0000  (36s)
  step 1525  JSR  -31.8  loss 33.8550  logE[BER] -33.855  P_det_soft 0.0000  (36s)
  step 1550  JSR  -14.7  loss 5.4154  logE[BER] -5.415  P_det_soft 0.0000  (37s)
  step 1575  JSR   -9.0  loss 4.2461  logE[BER] -4.246  P_det_soft 0.0000  (37s)
  step 1600  JSR  -12.1  loss 4.6936  logE[BER] -4.694  P_det_soft 0.0000  (38s)
  step 1625  JSR  -27.3  loss 26.5810  logE[BER] -26.581  P_det_soft 0.0000  (38s)
  step 1650  JSR  -13.4  loss 4.9074  logE[BER] -4.907  P_det_soft 0.0000  (39s)
  step 1675  JSR   -9.5  loss 4.4751  logE[BER] -4.475  P_det_soft 0.0000  (40s)
  step 1700  JSR  -17.1  loss 6.0536  logE[BER] -6.054  P_det_soft 0.0000  (40s)
  step 1725  JSR  -29.8  loss 32.4675  logE[BER] -32.467  P_det_soft 0.0000  (41s)
  step 1750  JSR  -16.2  loss 5.6656  logE[BER] -5.666  P_det_soft 0.0000  (41s)
  step 1775  JSR  -27.0  loss 18.3682  logE[BER] -18.368  P_det_soft 0.0000  (42s)
  step 1800  JSR  -13.5  loss 4.9601  logE[BER] -4.960  P_det_soft 0.0000  (43s)
  step 1825  JSR   -9.2  loss 4.3864  logE[BER] -4.386  P_det_soft 0.0000  (43s)
  step 1850  JSR   -7.6  loss 4.2145  logE[BER] -4.214  P_det_soft 0.0000  (44s)
  step 1875  JSR  -14.3  loss 5.2063  logE[BER] -5.206  P_det_soft 0.0000  (44s)
  step 1900  JSR   -4.2  loss 4.0049  logE[BER] -4.005  P_det_soft 0.0000  (45s)
  step 1925  JSR  -13.7  loss 4.9328  logE[BER] -4.933  P_det_soft 0.0000  (45s)
  step 1950  JSR   -2.7  loss 3.9024  logE[BER] -3.902  P_det_soft 0.0000  (46s)
  step 1975  JSR  -22.4  loss 12.4859  logE[BER] -12.486  P_det_soft 0.0000  (47s)
  step 2000  JSR  -24.8  loss 12.8331  logE[BER] -12.833  P_det_soft 0.0000  (47s)
  step 2025  JSR  -12.3  loss 5.0391  logE[BER] -5.039  P_det_soft 0.0000  (48s)
  step 2050  JSR  -17.4  loss 6.3216  logE[BER] -6.322  P_det_soft 0.0000  (48s)
  step 2075  JSR  -15.4  loss 5.5765  logE[BER] -5.576  P_det_soft 0.0000  (49s)
  step 2100  JSR   -1.2  loss 4.0767  logE[BER] -4.077  P_det_soft 0.0000  (50s)
  step 2125  JSR  -18.5  loss 6.2150  logE[BER] -6.215  P_det_soft 0.0000  (50s)
  step 2150  JSR   -7.1  loss 4.6210  logE[BER] -4.621  P_det_soft 0.0000  (51s)
  step 2175  JSR  -27.9  loss 20.0311  logE[BER] -20.031  P_det_soft 0.0000  (51s)
  step 2200  JSR  -31.8  loss 20.8567  logE[BER] -20.857  P_det_soft 0.0000  (52s)
  step 2225  JSR   -5.3  loss 4.7865  logE[BER] -4.787  P_det_soft 0.0000  (52s)
  step 2250  JSR   -8.0  loss 5.0253  logE[BER] -5.025  P_det_soft 0.0000  (53s)
  step 2275  JSR  -12.5  loss 5.3690  logE[BER] -5.369  P_det_soft 0.0000  (54s)
  step 2300  JSR  -16.1  loss 5.7467  logE[BER] -5.747  P_det_soft 0.0000  (54s)
  step 2325  JSR  -23.1  loss 8.1278  logE[BER] -8.128  P_det_soft 0.0000  (55s)
  step 2350  JSR  -23.4  loss 7.9404  logE[BER] -7.940  P_det_soft 0.0000  (55s)
  step 2375  JSR   -3.8  loss 4.7192  logE[BER] -4.719  P_det_soft 0.0000  (56s)
  step 2400  JSR   -0.5  loss 4.1630  logE[BER] -4.163  P_det_soft 0.0000  (57s)
  step 2425  JSR   -3.5  loss 4.4267  logE[BER] -4.427  P_det_soft 0.0000  (57s)
  step 2450  JSR   -0.4  loss 4.3871  logE[BER] -4.387  P_det_soft 0.0000  (58s)
  step 2475  JSR   -0.8  loss 4.1723  logE[BER] -4.172  P_det_soft 0.0000  (58s)
  step 2500  JSR  -10.7  loss 5.1568  logE[BER] -5.157  P_det_soft 0.0000  (59s)
  step 2525  JSR  -30.1  loss 22.1208  logE[BER] -22.121  P_det_soft 0.0000  (60s)
  step 2550  JSR  -28.1  loss 14.7103  logE[BER] -14.710  P_det_soft 0.0000  (60s)
  step 2575  JSR   -8.3  loss 4.9318  logE[BER] -4.932  P_det_soft 0.0000  (61s)
  step 2600  JSR   -0.1  loss 4.3055  logE[BER] -4.305  P_det_soft 0.0000  (61s)
  step 2625  JSR  -32.0  loss 29.8820  logE[BER] -29.882  P_det_soft 0.0000  (62s)
  step 2650  JSR  -18.4  loss 5.9768  logE[BER] -5.977  P_det_soft 0.0000  (62s)
  step 2675  JSR   -0.9  loss 4.2976  logE[BER] -4.298  P_det_soft 0.0000  (63s)
  step 2700  JSR   -9.0  loss 4.9367  logE[BER] -4.937  P_det_soft 0.0000  (64s)
  step 2725  JSR   -5.9  loss 4.7469  logE[BER] -4.747  P_det_soft 0.0000  (64s)
  step 2750  JSR   -2.7  loss 4.5537  logE[BER] -4.554  P_det_soft 0.0000  (65s)
  step 2775  JSR   -1.5  loss 4.4106  logE[BER] -4.411  P_det_soft 0.0000  (65s)
  step 2800  JSR   -2.9  loss 4.4186  logE[BER] -4.419  P_det_soft 0.0000  (66s)
  step 2825  JSR  -29.3  loss 13.5001  logE[BER] -13.500  P_det_soft 0.0000  (67s)
  step 2850  JSR  -17.5  loss 5.9508  logE[BER] -5.951  P_det_soft 0.0000  (67s)
  step 2875  JSR  -24.4  loss 8.9532  logE[BER] -8.953  P_det_soft 0.0000  (68s)
  step 2900  JSR  -17.9  loss 5.9261  logE[BER] -5.926  P_det_soft 0.0000  (68s)
  step 2925  JSR  -15.5  loss 5.7123  logE[BER] -5.712  P_det_soft 0.0000  (69s)
  step 2950  JSR  -15.2  loss 5.6250  logE[BER] -5.625  P_det_soft 0.0000  (69s)
  step 2975  JSR  -27.4  loss 14.0436  logE[BER] -14.044  P_det_soft 0.0000  (70s)
  step 3000  JSR  -23.5  loss 7.8246  logE[BER] -7.825  P_det_soft 0.0000  (71s)
  step 3025  JSR  -22.4  loss 7.2761  logE[BER] -7.276  P_det_soft 0.0000  (71s)
  step 3050  JSR  -16.1  loss 5.7274  logE[BER] -5.727  P_det_soft 0.0000  (72s)
  step 3075  JSR   -1.2  loss 4.3998  logE[BER] -4.400  P_det_soft 0.0000  (72s)
  step 3100  JSR  -22.8  loss 7.7650  logE[BER] -7.765  P_det_soft 0.0000  (73s)
  step 3125  JSR  -13.2  loss 5.4204  logE[BER] -5.420  P_det_soft 0.0000  (74s)
  step 3150  JSR   -0.3  loss 4.3209  logE[BER] -4.321  P_det_soft 0.0000  (74s)
  step 3175  JSR  -10.9  loss 5.2349  logE[BER] -5.235  P_det_soft 0.0000  (75s)
  step 3200  JSR   -5.9  loss 4.7881  logE[BER] -4.788  P_det_soft 0.0000  (75s)
  step 3225  JSR   -1.8  loss 4.3455  logE[BER] -4.345  P_det_soft 0.0000  (76s)
  step 3250  JSR  -26.1  loss 12.5498  logE[BER] -12.550  P_det_soft 0.0000  (77s)
  step 3275  JSR  -16.1  loss 5.7181  logE[BER] -5.718  P_det_soft 0.0000  (77s)
  step 3300  JSR  -16.8  loss 5.8688  logE[BER] -5.869  P_det_soft 0.0000  (78s)
  step 3325  JSR   -6.2  loss 4.6126  logE[BER] -4.613  P_det_soft 0.0000  (78s)
  step 3350  JSR  -24.2  loss 9.0195  logE[BER] -9.019  P_det_soft 0.0000  (79s)
  step 3375  JSR  -22.5  loss 7.3449  logE[BER] -7.345  P_det_soft 0.0000  (79s)
  step 3400  JSR   -4.7  loss 4.7320  logE[BER] -4.732  P_det_soft 0.0000  (80s)
  step 3425  JSR   -5.2  loss 4.7052  logE[BER] -4.705  P_det_soft 0.0000  (81s)
  step 3450  JSR  -25.7  loss 9.6621  logE[BER] -9.662  P_det_soft 0.0000  (81s)
  step 3475  JSR  -24.0  loss 8.7098  logE[BER] -8.710  P_det_soft 0.0000  (82s)
  step 3500  JSR  -10.3  loss 5.0298  logE[BER] -5.030  P_det_soft 0.0000  (82s)
  step 3525  JSR  -21.9  loss 7.5721  logE[BER] -7.572  P_det_soft 0.0000  (83s)
  step 3550  JSR  -26.4  loss 10.8713  logE[BER] -10.871  P_det_soft 0.0000  (84s)
  step 3575  JSR   -1.9  loss 4.4164  logE[BER] -4.416  P_det_soft 0.0000  (84s)
  step 3600  JSR  -19.7  loss 6.4110  logE[BER] -6.411  P_det_soft 0.0000  (85s)
  step 3625  JSR   -1.2  loss 4.3962  logE[BER] -4.396  P_det_soft 0.0000  (85s)
  step 3650  JSR  -12.8  loss 5.3474  logE[BER] -5.347  P_det_soft 0.0000  (86s)
  step 3675  JSR  -29.7  loss 13.7096  logE[BER] -13.710  P_det_soft 0.0000  (86s)
  step 3700  JSR  -11.8  loss 5.3209  logE[BER] -5.321  P_det_soft 0.0000  (87s)
  step 3725  JSR  -24.4  loss 7.9521  logE[BER] -7.952  P_det_soft 0.0000  (88s)
  step 3750  JSR  -14.7  loss 5.5961  logE[BER] -5.596  P_det_soft 0.0000  (88s)
  step 3775  JSR   -8.2  loss 5.0554  logE[BER] -5.055  P_det_soft 0.0000  (89s)
  step 3800  JSR   -8.0  loss 4.9910  logE[BER] -4.991  P_det_soft 0.0000  (89s)
  step 3825  JSR   -8.9  loss 5.1500  logE[BER] -5.150  P_det_soft 0.0000  (90s)
  step 3850  JSR   -6.3  loss 5.0942  logE[BER] -5.094  P_det_soft 0.0000  (91s)
  step 3875  JSR   -7.7  loss 4.9078  logE[BER] -4.908  P_det_soft 0.0000  (91s)
  step 3900  JSR  -10.6  loss 5.1099  logE[BER] -5.110  P_det_soft 0.0000  (92s)
  step 3925  JSR  -18.3  loss 5.9034  logE[BER] -5.903  P_det_soft 0.0000  (92s)
  step 3950  JSR  -20.6  loss 6.5882  logE[BER] -6.588  P_det_soft 0.0000  (93s)
  step 3975  JSR  -22.3  loss 7.0999  logE[BER] -7.100  P_det_soft 0.0000  (94s)
  step 3999  JSR  -28.6  loss 9.6832  logE[BER] -9.683  P_det_soft 0.0000  (94s)
wrote gan/control_r1_G.pt, gan/control_r1.json in 94s
