node: tikgpu05.ee.ethz.ch | gpu: NVIDIA TITAN RTX
env fading_k28 = {'noise_unc_db': 0.0, 'rician_k_db': 28.0} | task control_r2 = {'target': None, 'beta': 0.0, 'cgan_task': 0} | seed 6000 | band (-32.0, 0.0) | 128 frames/step | 4000 steps | device cuda:0
  step    0  JSR   -8.6  loss 42.3451  logE[BER] -42.345  P_det_soft 0.0000  (1s)
  step   25  JSR   -3.1  loss 4.6521  logE[BER] -4.652  P_det_soft 0.0000  (2s)
  step   50  JSR  -24.3  loss 65.2438  logE[BER] -65.244  P_det_soft 0.0000  (2s)
  step   75  JSR  -31.7  loss 97.6458  logE[BER] -97.646  P_det_soft 0.0000  (3s)
  step  100  JSR  -30.3  loss 94.2228  logE[BER] -94.223  P_det_soft 0.0000  (3s)
  step  125  JSR  -28.1  loss 80.7229  logE[BER] -80.723  P_det_soft 0.0000  (4s)
  step  150  JSR  -30.4  loss 102.6182  logE[BER] -102.618  P_det_soft 0.0000  (4s)
  step  175  JSR   -1.8  loss 4.5640  logE[BER] -4.564  P_det_soft 0.0000  (5s)
  step  200  JSR  -12.3  loss 7.4711  logE[BER] -7.471  P_det_soft 0.0000  (6s)
  step  225  JSR   -3.4  loss 4.5828  logE[BER] -4.583  P_det_soft 0.0000  (6s)
  step  250  JSR   -8.2  loss 5.6315  logE[BER] -5.632  P_det_soft 0.0000  (7s)
  step  275  JSR  -21.6  loss 50.5771  logE[BER] -50.577  P_det_soft 0.0000  (7s)
  step  300  JSR  -20.0  loss 28.8607  logE[BER] -28.861  P_det_soft 0.0000  (8s)
  step  325  JSR  -11.2  loss 6.7347  logE[BER] -6.735  P_det_soft 0.0000  (8s)
  step  350  JSR  -20.9  loss 29.4661  logE[BER] -29.466  P_det_soft 0.0000  (9s)
  step  375  JSR  -21.4  loss 30.2863  logE[BER] -30.286  P_det_soft 0.0000  (10s)
  step  400  JSR  -21.6  loss 35.4254  logE[BER] -35.425  P_det_soft 0.0000  (10s)
  step  425  JSR   -9.0  loss 5.7553  logE[BER] -5.755  P_det_soft 0.0000  (11s)
  step  450  JSR   -0.7  loss 4.6258  logE[BER] -4.626  P_det_soft 0.0000  (11s)
  step  475  JSR  -23.6  loss 46.8038  logE[BER] -46.804  P_det_soft 0.0000  (12s)
  step  500  JSR  -15.9  loss 10.9590  logE[BER] -10.959  P_det_soft 0.0000  (13s)
  step  525  JSR  -17.7  loss 9.5652  logE[BER] -9.565  P_det_soft 0.0000  (13s)
  step  550  JSR   -8.3  loss 5.5313  logE[BER] -5.531  P_det_soft 0.0000  (14s)
  step  575  JSR  -12.0  loss 6.3526  logE[BER] -6.353  P_det_soft 0.0000  (14s)
  step  600  JSR   -7.2  loss 5.4193  logE[BER] -5.419  P_det_soft 0.0000  (15s)
  step  625  JSR   -5.9  loss 5.0427  logE[BER] -5.043  P_det_soft 0.0000  (15s)
  step  650  JSR  -31.1  loss 89.8802  logE[BER] -89.880  P_det_soft 0.0000  (16s)
  step  675  JSR  -21.9  loss 26.5964  logE[BER] -26.596  P_det_soft 0.0000  (17s)
  step  700  JSR  -11.0  loss 6.0107  logE[BER] -6.011  P_det_soft 0.0000  (17s)
  step  725  JSR   -9.7  loss 5.6768  logE[BER] -5.677  P_det_soft 0.0000  (18s)
  step  750  JSR  -11.3  loss 6.2706  logE[BER] -6.271  P_det_soft 0.0000  (18s)
  step  775  JSR  -21.8  loss 18.7304  logE[BER] -18.730  P_det_soft 0.0000  (19s)
  step  800  JSR  -30.5  loss 81.9789  logE[BER] -81.979  P_det_soft 0.0000  (19s)
  step  825  JSR  -22.3  loss 35.9059  logE[BER] -35.906  P_det_soft 0.0000  (20s)
  step  850  JSR  -29.0  loss 68.5216  logE[BER] -68.522  P_det_soft 0.0000  (21s)
  step  875  JSR  -28.7  loss 66.5114  logE[BER] -66.511  P_det_soft 0.0000  (21s)
  step  900  JSR  -19.8  loss 16.8472  logE[BER] -16.847  P_det_soft 0.0000  (22s)
  step  925  JSR  -25.6  loss 59.9003  logE[BER] -59.900  P_det_soft 0.0000  (22s)
  step  950  JSR  -28.6  loss 73.9235  logE[BER] -73.923  P_det_soft 0.0000  (23s)
  step  975  JSR  -21.1  loss 14.3225  logE[BER] -14.323  P_det_soft 0.0000  (24s)
  step 1000  JSR  -14.4  loss 6.6606  logE[BER] -6.661  P_det_soft 0.0000  (24s)
  step 1025  JSR  -10.1  loss 5.8181  logE[BER] -5.818  P_det_soft 0.0000  (25s)
  step 1050  JSR  -31.2  loss 82.9020  logE[BER] -82.902  P_det_soft 0.0000  (25s)
  step 1075  JSR  -10.4  loss 5.5980  logE[BER] -5.598  P_det_soft 0.0000  (26s)
  step 1100  JSR  -26.2  loss 49.0942  logE[BER] -49.094  P_det_soft 0.0000  (26s)
  step 1125  JSR  -17.1  loss 8.7424  logE[BER] -8.742  P_det_soft 0.0000  (27s)
  step 1150  JSR  -28.7  loss 63.7836  logE[BER] -63.784  P_det_soft 0.0000  (28s)
  step 1175  JSR   -7.4  loss 5.4755  logE[BER] -5.475  P_det_soft 0.0000  (28s)
  step 1200  JSR  -26.1  loss 44.9060  logE[BER] -44.906  P_det_soft 0.0000  (29s)
  step 1225  JSR  -24.1  loss 28.6285  logE[BER] -28.629  P_det_soft 0.0000  (29s)
  step 1250  JSR  -30.5  loss 65.8623  logE[BER] -65.862  P_det_soft 0.0000  (30s)
  step 1275  JSR  -14.8  loss 6.3725  logE[BER] -6.373  P_det_soft 0.0000  (31s)
  step 1300  JSR   -2.2  loss 4.5137  logE[BER] -4.514  P_det_soft 0.0000  (31s)
  step 1325  JSR  -30.9  loss 78.3224  logE[BER] -78.322  P_det_soft 0.0000  (32s)
  step 1350  JSR  -15.8  loss 7.2714  logE[BER] -7.271  P_det_soft 0.0000  (32s)
  step 1375  JSR  -31.9  loss 73.2818  logE[BER] -73.282  P_det_soft 0.0000  (33s)
  step 1400  JSR  -21.8  loss 12.4944  logE[BER] -12.494  P_det_soft 0.0000  (33s)
  step 1425  JSR  -11.9  loss 5.5041  logE[BER] -5.504  P_det_soft 0.0000  (34s)
  step 1450  JSR  -27.3  loss 48.9344  logE[BER] -48.934  P_det_soft 0.0000  (35s)
  step 1475  JSR   -7.9  loss 4.9153  logE[BER] -4.915  P_det_soft 0.0000  (35s)
  step 1500  JSR  -30.1  loss 66.1001  logE[BER] -66.100  P_det_soft 0.0000  (36s)
  step 1525  JSR  -20.8  loss 8.1414  logE[BER] -8.141  P_det_soft 0.0000  (36s)
  step 1550  JSR  -22.6  loss 11.3076  logE[BER] -11.308  P_det_soft 0.0000  (37s)
  step 1575  JSR  -29.7  loss 53.2312  logE[BER] -53.231  P_det_soft 0.0000  (38s)
  step 1600  JSR  -18.0  loss 6.6733  logE[BER] -6.673  P_det_soft 0.0000  (38s)
  step 1625  JSR   -7.7  loss 4.9880  logE[BER] -4.988  P_det_soft 0.0000  (39s)
  step 1650  JSR  -28.0  loss 41.7349  logE[BER] -41.735  P_det_soft 0.0000  (39s)
  step 1675  JSR  -17.9  loss 6.4669  logE[BER] -6.467  P_det_soft 0.0000  (40s)
  step 1700  JSR  -11.0  loss 5.4855  logE[BER] -5.485  P_det_soft 0.0000  (40s)
  step 1725  JSR  -23.7  loss 16.7374  logE[BER] -16.737  P_det_soft 0.0000  (41s)
  step 1750  JSR   -7.3  loss 4.7406  logE[BER] -4.741  P_det_soft 0.0000  (42s)
  step 1775  JSR   -9.6  loss 5.1918  logE[BER] -5.192  P_det_soft 0.0000  (42s)
  step 1800  JSR  -16.7  loss 6.0813  logE[BER] -6.081  P_det_soft 0.0000  (43s)
  step 1825  JSR  -28.4  loss 50.5837  logE[BER] -50.584  P_det_soft 0.0000  (43s)
  step 1850  JSR  -25.5  loss 24.1043  logE[BER] -24.104  P_det_soft 0.0000  (44s)
  step 1875  JSR  -29.2  loss 52.3154  logE[BER] -52.315  P_det_soft 0.0000  (45s)
  step 1900  JSR  -12.2  loss 5.5560  logE[BER] -5.556  P_det_soft 0.0000  (45s)
  step 1925  JSR   -7.4  loss 4.9542  logE[BER] -4.954  P_det_soft 0.0000  (46s)
  step 1950  JSR  -10.1  loss 5.3428  logE[BER] -5.343  P_det_soft 0.0000  (46s)
  step 1975  JSR  -26.4  loss 33.1012  logE[BER] -33.101  P_det_soft 0.0000  (47s)
  step 2000  JSR  -10.4  loss 5.3146  logE[BER] -5.315  P_det_soft 0.0000  (47s)
  step 2025  JSR  -18.3  loss 6.1642  logE[BER] -6.164  P_det_soft 0.0000  (48s)
  step 2050  JSR  -23.9  loss 11.8450  logE[BER] -11.845  P_det_soft 0.0000  (49s)
  step 2075  JSR  -25.8  loss 18.1767  logE[BER] -18.177  P_det_soft 0.0000  (49s)
  step 2100  JSR  -15.4  loss 5.8093  logE[BER] -5.809  P_det_soft 0.0000  (50s)
  step 2125  JSR  -23.1  loss 9.4580  logE[BER] -9.458  P_det_soft 0.0000  (50s)
  step 2150  JSR  -21.6  loss 7.5477  logE[BER] -7.548  P_det_soft 0.0000  (51s)
  step 2175  JSR  -22.2  loss 7.9110  logE[BER] -7.911  P_det_soft 0.0000  (52s)
  step 2200  JSR  -15.4  loss 5.7706  logE[BER] -5.771  P_det_soft 0.0000  (52s)
  step 2225  JSR  -17.7  loss 6.0254  logE[BER] -6.025  P_det_soft 0.0000  (53s)
  step 2250  JSR  -12.0  loss 5.3802  logE[BER] -5.380  P_det_soft 0.0000  (53s)
  step 2275  JSR   -2.1  loss 4.5873  logE[BER] -4.587  P_det_soft 0.0000  (54s)
  step 2300  JSR   -8.5  loss 5.2242  logE[BER] -5.224  P_det_soft 0.0000  (55s)
  step 2325  JSR  -15.6  loss 5.7530  logE[BER] -5.753  P_det_soft 0.0000  (55s)
  step 2350  JSR  -14.4  loss 5.7114  logE[BER] -5.711  P_det_soft 0.0000  (56s)
  step 2375  JSR  -28.1  loss 33.2741  logE[BER] -33.274  P_det_soft 0.0000  (56s)
  step 2400  JSR  -19.9  loss 6.3699  logE[BER] -6.370  P_det_soft 0.0000  (57s)
  step 2425  JSR  -22.6  loss 8.1775  logE[BER] -8.178  P_det_soft 0.0000  (57s)
  step 2450  JSR  -29.4  loss 40.1037  logE[BER] -40.104  P_det_soft 0.0000  (58s)
  step 2475  JSR  -27.6  loss 23.8055  logE[BER] -23.806  P_det_soft 0.0000  (59s)
  step 2500  JSR   -0.0  loss 4.5272  logE[BER] -4.527  P_det_soft 0.0000  (59s)
  step 2525  JSR  -30.7  loss 49.3047  logE[BER] -49.305  P_det_soft 0.0000  (60s)
  step 2550  JSR   -9.0  loss 5.1369  logE[BER] -5.137  P_det_soft 0.0000  (60s)
  step 2575  JSR  -29.3  loss 41.6703  logE[BER] -41.670  P_det_soft 0.0000  (61s)
  step 2600  JSR  -21.9  loss 7.1043  logE[BER] -7.104  P_det_soft 0.0000  (62s)
  step 2625  JSR  -31.3  loss 56.5580  logE[BER] -56.558  P_det_soft 0.0000  (62s)
  step 2650  JSR   -9.1  loss 5.2626  logE[BER] -5.263  P_det_soft 0.0000  (63s)
  step 2675  JSR  -23.3  loss 9.1305  logE[BER] -9.131  P_det_soft 0.0000  (63s)
  step 2700  JSR  -15.1  loss 5.8387  logE[BER] -5.839  P_det_soft 0.0000  (64s)
  step 2725  JSR  -26.2  loss 20.5217  logE[BER] -20.522  P_det_soft 0.0000  (65s)
  step 2750  JSR  -20.3  loss 6.5530  logE[BER] -6.553  P_det_soft 0.0000  (65s)
  step 2775  JSR   -8.9  loss 5.2955  logE[BER] -5.295  P_det_soft 0.0000  (66s)
  step 2800  JSR  -26.9  loss 22.9704  logE[BER] -22.970  P_det_soft 0.0000  (66s)
  step 2825  JSR  -24.3  loss 11.4732  logE[BER] -11.473  P_det_soft 0.0000  (67s)
  step 2850  JSR   -1.3  loss 4.5605  logE[BER] -4.561  P_det_soft 0.0000  (67s)
  step 2875  JSR  -22.3  loss 7.2601  logE[BER] -7.260  P_det_soft 0.0000  (68s)
  step 2900  JSR   -4.6  loss 4.7655  logE[BER] -4.765  P_det_soft 0.0000  (69s)
  step 2925  JSR   -2.2  loss 4.6981  logE[BER] -4.698  P_det_soft 0.0000  (69s)
  step 2950  JSR   -7.6  loss 5.0711  logE[BER] -5.071  P_det_soft 0.0000  (70s)
  step 2975  JSR  -12.1  loss 5.3587  logE[BER] -5.359  P_det_soft 0.0000  (70s)
  step 3000  JSR   -8.9  loss 5.2093  logE[BER] -5.209  P_det_soft 0.0000  (71s)
  step 3025  JSR  -14.1  loss 5.5773  logE[BER] -5.577  P_det_soft 0.0000  (72s)
  step 3050  JSR  -21.8  loss 7.1750  logE[BER] -7.175  P_det_soft 0.0000  (72s)
  step 3075  JSR  -25.7  loss 18.9340  logE[BER] -18.934  P_det_soft 0.0000  (73s)
  step 3100  JSR  -28.8  loss 32.9295  logE[BER] -32.929  P_det_soft 0.0000  (73s)
  step 3125  JSR   -9.0  loss 5.2864  logE[BER] -5.286  P_det_soft 0.0000  (74s)
  step 3150  JSR   -6.8  loss 4.9499  logE[BER] -4.950  P_det_soft 0.0000  (75s)
  step 3175  JSR  -12.5  loss 5.4921  logE[BER] -5.492  P_det_soft 0.0000  (75s)
  step 3200  JSR  -30.9  loss 51.2394  logE[BER] -51.239  P_det_soft 0.0000  (76s)
  step 3225  JSR   -7.9  loss 5.0840  logE[BER] -5.084  P_det_soft 0.0000  (76s)
  step 3250  JSR  -16.3  loss 5.7968  logE[BER] -5.797  P_det_soft 0.0000  (77s)
  step 3275  JSR   -1.6  loss 4.5285  logE[BER] -4.528  P_det_soft 0.0000  (77s)
  step 3300  JSR  -10.6  loss 5.3531  logE[BER] -5.353  P_det_soft 0.0000  (78s)
  step 3325  JSR  -11.3  loss 5.3712  logE[BER] -5.371  P_det_soft 0.0000  (79s)
  step 3350  JSR   -6.3  loss 4.9726  logE[BER] -4.973  P_det_soft 0.0000  (79s)
  step 3375  JSR  -14.7  loss 5.6627  logE[BER] -5.663  P_det_soft 0.0000  (80s)
  step 3400  JSR  -20.4  loss 6.3668  logE[BER] -6.367  P_det_soft 0.0000  (80s)
  step 3425  JSR  -30.2  loss 47.1797  logE[BER] -47.180  P_det_soft 0.0000  (81s)
  step 3450  JSR  -23.1  loss 8.2453  logE[BER] -8.245  P_det_soft 0.0000  (82s)
  step 3475  JSR   -5.6  loss 4.7850  logE[BER] -4.785  P_det_soft 0.0000  (82s)
  step 3500  JSR  -28.0  loss 29.6107  logE[BER] -29.611  P_det_soft 0.0000  (83s)
  step 3525  JSR   -3.8  loss 4.8320  logE[BER] -4.832  P_det_soft 0.0000  (83s)
  step 3550  JSR  -23.3  loss 8.3089  logE[BER] -8.309  P_det_soft 0.0000  (84s)
  step 3575  JSR  -28.0  loss 27.5663  logE[BER] -27.566  P_det_soft 0.0000  (85s)
  step 3600  JSR   -9.8  loss 5.1552  logE[BER] -5.155  P_det_soft 0.0000  (85s)
  step 3625  JSR   -8.6  loss 5.1651  logE[BER] -5.165  P_det_soft 0.0000  (86s)
  step 3650  JSR  -25.6  loss 16.7308  logE[BER] -16.731  P_det_soft 0.0000  (86s)
  step 3675  JSR  -11.8  loss 5.3894  logE[BER] -5.389  P_det_soft 0.0000  (87s)
  step 3700  JSR   -0.0  loss 4.5073  logE[BER] -4.507  P_det_soft 0.0000  (88s)
  step 3725  JSR   -9.6  loss 5.3004  logE[BER] -5.300  P_det_soft 0.0000  (88s)
  step 3750  JSR  -29.0  loss 35.6328  logE[BER] -35.633  P_det_soft 0.0000  (89s)
  step 3775  JSR  -18.4  loss 6.0750  logE[BER] -6.075  P_det_soft 0.0000  (89s)
  step 3800  JSR  -26.4  loss 18.8625  logE[BER] -18.862  P_det_soft 0.0000  (90s)
  step 3825  JSR  -19.8  loss 6.3640  logE[BER] -6.364  P_det_soft 0.0000  (90s)
  step 3850  JSR  -23.0  loss 8.6256  logE[BER] -8.626  P_det_soft 0.0000  (91s)
  step 3875  JSR   -4.6  loss 4.7618  logE[BER] -4.762  P_det_soft 0.0000  (92s)
  step 3900  JSR  -16.9  loss 5.8577  logE[BER] -5.858  P_det_soft 0.0000  (92s)
  step 3925  JSR  -21.5  loss 6.7621  logE[BER] -6.762  P_det_soft 0.0000  (93s)
  step 3950  JSR   -4.3  loss 4.7927  logE[BER] -4.793  P_det_soft 0.0000  (93s)
  step 3975  JSR  -17.4  loss 5.8292  logE[BER] -5.829  P_det_soft 0.0000  (94s)
  step 3999  JSR  -28.5  loss 33.8250  logE[BER] -33.825  P_det_soft 0.0000  (95s)
wrote gan/control_r2_G.pt, gan/control_r2.json in 95s
