node: tikgpu04.ee.ethz.ch | gpu: NVIDIA TITAN RTX
env base = {'noise_unc_db': 0.0, 'rician_k_db': None} | task kurtosis_b10_r0 = {'target': 'kurtosis', 'beta': 10.0, 'cgan_task': 10} | seed 4010 | band (-31.6, 0.0) | 128 frames/step | 4000 steps | device cuda:0
  target kurtosis: threshold 0.0492311, clean-frame std 0.014963 (soft_pdet width)
  step    0  JSR  -27.9  loss 125.9892  logE[BER] -124.222  P_det_soft 0.1767  (1s)
  step   25  JSR  -19.6  loss 46.9327  logE[BER] -45.101  P_det_soft 0.1832  (2s)
  step   50  JSR   -1.3  loss 14.4151  logE[BER] -4.415  P_det_soft 1.0000  (2s)
  step   75  JSR  -11.2  loss 14.4753  logE[BER] -6.506  P_det_soft 0.7969  (3s)
  step  100  JSR  -22.9  loss 53.2949  logE[BER] -51.504  P_det_soft 0.1791  (4s)
  step  125  JSR  -12.2  loss 13.3491  logE[BER] -6.302  P_det_soft 0.7048  (4s)
  step  150  JSR  -21.5  loss 43.4503  logE[BER] -41.710  P_det_soft 0.1740  (5s)
  step  175  JSR  -19.0  loss 22.8446  logE[BER] -20.846  P_det_soft 0.1998  (6s)
  step  200  JSR  -25.5  loss 76.1393  logE[BER] -74.516  P_det_soft 0.1624  (6s)
  step  225  JSR  -25.2  loss 80.3481  logE[BER] -78.865  P_det_soft 0.1483  (7s)
  step  250  JSR  -20.8  loss 39.0236  logE[BER] -37.329  P_det_soft 0.1695  (8s)
  step  275  JSR   -6.2  loss 15.6797  logE[BER] -5.745  P_det_soft 0.9935  (8s)
  step  300  JSR  -19.7  loss 25.3051  logE[BER] -23.627  P_det_soft 0.1678  (9s)
  step  325  JSR  -17.5  loss 19.8513  logE[BER] -17.493  P_det_soft 0.2359  (10s)
  step  350  JSR  -17.3  loss 13.4232  logE[BER] -11.621  P_det_soft 0.1802  (11s)
  step  375  JSR  -24.2  loss 64.9334  logE[BER] -63.463  P_det_soft 0.1470  (11s)
  step  400  JSR   -2.7  loss 14.4417  logE[BER] -4.442  P_det_soft 0.9999  (12s)
  step  425  JSR   -8.3  loss 15.2322  logE[BER] -5.918  P_det_soft 0.9314  (13s)
  step  450  JSR   -6.5  loss 15.2590  logE[BER] -5.360  P_det_soft 0.9899  (13s)
  step  475  JSR   -8.6  loss 15.7142  logE[BER] -6.055  P_det_soft 0.9660  (14s)
  step  500  JSR  -15.5  loss 12.7630  logE[BER] -9.637  P_det_soft 0.3126  (15s)
  step  525  JSR   -4.3  loss 14.7071  logE[BER] -4.724  P_det_soft 0.9983  (15s)
  step  550  JSR  -24.2  loss 51.9532  logE[BER] -50.363  P_det_soft 0.1590  (16s)
  step  575  JSR  -28.5  loss 87.9630  logE[BER] -86.239  P_det_soft 0.1724  (17s)
  step  600  JSR   -2.8  loss 14.3915  logE[BER] -4.392  P_det_soft 0.9999  (17s)
  step  625  JSR  -17.3  loss 12.5256  logE[BER] -10.659  P_det_soft 0.1867  (18s)
  step  650  JSR  -12.5  loss 10.3539  logE[BER] -6.974  P_det_soft 0.3380  (19s)
  step  675  JSR   -3.4  loss 14.3656  logE[BER] -4.377  P_det_soft 0.9988  (20s)
  step  700  JSR   -7.9  loss 15.1080  logE[BER] -5.573  P_det_soft 0.9535  (20s)
  step  725  JSR  -12.0  loss 12.7656  logE[BER] -6.884  P_det_soft 0.5882  (21s)
  step  750  JSR  -31.4  loss 95.6302  logE[BER] -94.232  P_det_soft 0.1398  (22s)
  step  775  JSR  -15.8  loss 11.2487  logE[BER] -8.827  P_det_soft 0.2422  (22s)
  step  800  JSR  -29.1  loss 87.3016  logE[BER] -85.724  P_det_soft 0.1578  (23s)
  step  825  JSR   -7.0  loss 14.7865  logE[BER] -5.432  P_det_soft 0.9355  (24s)
  step  850  JSR  -19.1  loss 22.6844  logE[BER] -20.694  P_det_soft 0.1991  (24s)
  step  875  JSR  -28.7  loss 81.6939  logE[BER] -80.087  P_det_soft 0.1607  (25s)
  step  900  JSR  -21.1  loss 33.4652  logE[BER] -31.915  P_det_soft 0.1550  (26s)
  step  925  JSR  -28.9  loss 85.7077  logE[BER] -84.150  P_det_soft 0.1558  (26s)
  step  950  JSR  -21.5  loss 18.4496  logE[BER] -16.456  P_det_soft 0.1994  (27s)
  step  975  JSR  -27.8  loss 73.4420  logE[BER] -71.649  P_det_soft 0.1793  (28s)
  step 1000  JSR  -16.7  loss 11.3681  logE[BER] -9.017  P_det_soft 0.2351  (29s)
  step 1025  JSR  -18.5  loss 11.6793  logE[BER] -9.859  P_det_soft 0.1821  (29s)
  step 1050  JSR  -18.7  loss 14.6587  logE[BER] -12.766  P_det_soft 0.1893  (30s)
  step 1075  JSR  -21.4  loss 27.0146  logE[BER] -25.328  P_det_soft 0.1686  (31s)
  step 1100  JSR   -5.6  loss 14.6166  logE[BER] -4.807  P_det_soft 0.9809  (31s)
  step 1125  JSR  -24.9  loss 53.7246  logE[BER] -52.153  P_det_soft 0.1571  (32s)
  step 1150  JSR   -6.6  loss 14.9710  logE[BER] -5.215  P_det_soft 0.9756  (33s)
  step 1175  JSR  -24.7  loss 46.0419  logE[BER] -44.642  P_det_soft 0.1400  (33s)
  step 1200  JSR  -19.6  loss 11.8266  logE[BER] -10.133  P_det_soft 0.1694  (34s)
  step 1225  JSR   -6.8  loss 14.8205  logE[BER] -5.221  P_det_soft 0.9599  (35s)
  step 1250  JSR  -22.5  loss 33.9272  logE[BER] -32.125  P_det_soft 0.1803  (35s)
  step 1275  JSR   -3.5  loss 14.0132  logE[BER] -4.055  P_det_soft 0.9958  (36s)
  step 1300  JSR  -19.3  loss 19.1934  logE[BER] -17.701  P_det_soft 0.1492  (37s)
  step 1325  JSR  -24.8  loss 56.1860  logE[BER] -54.642  P_det_soft 0.1544  (38s)
  step 1350  JSR   -5.6  loss 14.2781  logE[BER] -4.496  P_det_soft 0.9782  (38s)
  step 1375  JSR  -21.1  loss 30.5260  logE[BER] -28.922  P_det_soft 0.1604  (39s)
  step 1400  JSR  -28.4  loss 81.2067  logE[BER] -79.502  P_det_soft 0.1705  (40s)
  step 1425  JSR  -10.5  loss 13.2515  logE[BER] -5.979  P_det_soft 0.7273  (40s)
  step 1450  JSR  -19.9  loss 14.9617  logE[BER] -13.116  P_det_soft 0.1845  (41s)
  step 1475  JSR  -26.6  loss 61.7944  logE[BER] -59.988  P_det_soft 0.1806  (42s)
  step 1500  JSR  -12.0  loss 11.6085  logE[BER] -6.433  P_det_soft 0.5175  (42s)
  step 1525  JSR  -21.7  loss 26.2480  logE[BER] -24.704  P_det_soft 0.1544  (43s)
  step 1550  JSR  -14.9  loss 10.6871  logE[BER] -7.899  P_det_soft 0.2788  (44s)
  step 1575  JSR   -7.6  loss 12.3547  logE[BER] -4.643  P_det_soft 0.7712  (44s)
  step 1600  JSR  -11.8  loss 12.3282  logE[BER] -6.599  P_det_soft 0.5729  (45s)
  step 1625  JSR  -29.8  loss 85.6744  logE[BER] -84.139  P_det_soft 0.1536  (46s)
  step 1650  JSR  -29.4  loss 79.9957  logE[BER] -78.072  P_det_soft 0.1923  (47s)
  step 1675  JSR  -31.3  loss 90.9743  logE[BER] -89.592  P_det_soft 0.1383  (47s)
  step 1700  JSR  -13.8  loss 11.8591  logE[BER] -7.514  P_det_soft 0.4345  (48s)
  step 1725  JSR  -26.6  loss 66.1833  logE[BER] -64.232  P_det_soft 0.1951  (49s)
  step 1750  JSR  -17.4  loss 10.8126  logE[BER] -8.754  P_det_soft 0.2059  (49s)
  step 1775  JSR  -13.6  loss 11.2549  logE[BER] -7.161  P_det_soft 0.4094  (50s)
  step 1800  JSR  -11.1  loss 13.5008  logE[BER] -6.260  P_det_soft 0.7241  (51s)
  step 1825  JSR  -19.2  loss 11.5293  logE[BER] -9.686  P_det_soft 0.1844  (51s)
  step 1850  JSR   -9.5  loss 13.8042  logE[BER] -5.769  P_det_soft 0.8035  (52s)
  step 1875  JSR   -0.9  loss 13.4673  logE[BER] -3.467  P_det_soft 1.0000  (53s)
  step 1900  JSR  -29.6  loss 73.4048  logE[BER] -71.753  P_det_soft 0.1652  (54s)
  step 1925  JSR  -26.4  loss 49.3188  logE[BER] -47.846  P_det_soft 0.1473  (54s)
  step 1950  JSR  -30.7  loss 76.3556  logE[BER] -74.816  P_det_soft 0.1540  (55s)
  step 1975  JSR   -1.1  loss 13.8816  logE[BER] -3.882  P_det_soft 1.0000  (56s)
  step 2000  JSR   -3.2  loss 14.0599  logE[BER] -4.090  P_det_soft 0.9970  (56s)
  step 2025  JSR  -13.7  loss 10.5566  logE[BER] -6.532  P_det_soft 0.4025  (57s)
  step 2050  JSR   -6.6  loss 13.8618  logE[BER] -4.532  P_det_soft 0.9329  (58s)
  step 2075  JSR  -16.2  loss 9.9997  logE[BER] -7.397  P_det_soft 0.2602  (58s)
  step 2100  JSR   -6.9  loss 13.6031  logE[BER] -4.476  P_det_soft 0.9127  (59s)
  step 2125  JSR  -13.4  loss 10.7335  logE[BER] -6.338  P_det_soft 0.4395  (60s)
  step 2150  JSR  -24.9  loss 35.8528  logE[BER] -34.331  P_det_soft 0.1522  (60s)
  step 2175  JSR  -20.9  loss 21.0830  logE[BER] -19.390  P_det_soft 0.1693  (61s)
  step 2200  JSR  -13.8  loss 10.0515  logE[BER] -6.665  P_det_soft 0.3387  (62s)
  step 2225  JSR  -28.3  loss 65.8321  logE[BER] -64.244  P_det_soft 0.1588  (63s)
  step 2250  JSR   -1.6  loss 13.3611  logE[BER] -3.366  P_det_soft 0.9995  (63s)
  step 2275  JSR   -2.6  loss 13.7481  logE[BER] -3.748  P_det_soft 1.0000  (64s)
  step 2300  JSR  -27.8  loss 62.7404  logE[BER] -60.968  P_det_soft 0.1772  (65s)
  step 2325  JSR  -13.9  loss 11.4074  logE[BER] -6.750  P_det_soft 0.4658  (65s)
  step 2350  JSR   -9.7  loss 14.5371  logE[BER] -5.914  P_det_soft 0.8623  (66s)
  step 2375  JSR  -11.6  loss 12.1053  logE[BER] -6.069  P_det_soft 0.6037  (67s)
  step 2400  JSR  -11.7  loss 11.9241  logE[BER] -6.185  P_det_soft 0.5739  (67s)
  step 2425  JSR   -0.0  loss 13.3355  logE[BER] -3.336  P_det_soft 1.0000  (68s)
  step 2450  JSR  -14.1  loss 10.5597  logE[BER] -6.385  P_det_soft 0.4175  (69s)
  step 2475  JSR  -17.0  loss 9.6617  logE[BER] -7.236  P_det_soft 0.2426  (70s)
  step 2500  JSR  -15.7  loss 10.0800  logE[BER] -7.148  P_det_soft 0.2932  (70s)
  step 2525  JSR  -21.8  loss 28.4971  logE[BER] -26.736  P_det_soft 0.1761  (71s)
  step 2550  JSR  -27.5  loss 63.2918  logE[BER] -61.701  P_det_soft 0.1591  (72s)
  step 2575  JSR  -13.1  loss 10.9852  logE[BER] -6.392  P_det_soft 0.4593  (72s)
  step 2600  JSR  -22.5  loss 25.9329  logE[BER] -24.381  P_det_soft 0.1552  (73s)
  step 2625  JSR  -14.1  loss 10.7815  logE[BER] -6.672  P_det_soft 0.4110  (74s)
  step 2650  JSR   -7.2  loss 14.7747  logE[BER] -5.045  P_det_soft 0.9730  (74s)
  step 2675  JSR  -16.1  loss 9.6599  logE[BER] -7.172  P_det_soft 0.2488  (75s)
  step 2700  JSR  -18.9  loss 10.1830  logE[BER] -8.197  P_det_soft 0.1986  (76s)
  step 2725  JSR  -16.5  loss 9.5081  logE[BER] -7.235  P_det_soft 0.2273  (76s)
  step 2750  JSR  -21.5  loss 12.2263  logE[BER] -10.610  P_det_soft 0.1616  (77s)
  step 2775  JSR  -23.8  loss 28.8964  logE[BER] -26.917  P_det_soft 0.1980  (78s)
  step 2800  JSR  -24.9  loss 35.3466  logE[BER] -33.768  P_det_soft 0.1579  (79s)
  step 2825  JSR  -19.6  loss 16.1118  logE[BER] -14.450  P_det_soft 0.1662  (79s)
  step 2850  JSR  -14.4  loss 10.4391  logE[BER] -6.557  P_det_soft 0.3882  (80s)
  step 2875  JSR  -15.8  loss 10.6334  logE[BER] -6.997  P_det_soft 0.3636  (81s)
  step 2900  JSR   -4.2  loss 13.8592  logE[BER] -3.863  P_det_soft 0.9996  (81s)
  step 2925  JSR  -31.0  loss 78.6898  logE[BER] -77.143  P_det_soft 0.1547  (82s)
  step 2950  JSR   -9.4  loss 13.9344  logE[BER] -5.547  P_det_soft 0.8388  (83s)
  step 2975  JSR   -9.9  loss 13.0319  logE[BER] -5.393  P_det_soft 0.7639  (83s)
  step 3000  JSR  -28.5  loss 57.2594  logE[BER] -55.810  P_det_soft 0.1449  (84s)
  step 3025  JSR  -21.7  loss 14.3850  logE[BER] -12.767  P_det_soft 0.1618  (85s)
  step 3050  JSR  -17.6  loss 9.5197  logE[BER] -7.156  P_det_soft 0.2364  (86s)
  step 3075  JSR  -25.4  loss 31.3594  logE[BER] -29.559  P_det_soft 0.1801  (86s)
  step 3100  JSR   -6.1  loss 14.2635  logE[BER] -4.534  P_det_soft 0.9730  (87s)
  step 3125  JSR  -14.7  loss 10.1225  logE[BER] -6.488  P_det_soft 0.3634  (88s)
  step 3150  JSR  -23.7  loss 30.6753  logE[BER] -29.095  P_det_soft 0.1580  (88s)
  step 3175  JSR  -24.5  loss 25.1579  logE[BER] -23.487  P_det_soft 0.1671  (89s)
  step 3200  JSR  -10.1  loss 12.5974  logE[BER] -5.464  P_det_soft 0.7134  (90s)
  step 3225  JSR  -28.9  loss 65.9186  logE[BER] -64.274  P_det_soft 0.1644  (90s)
  step 3250  JSR   -3.0  loss 13.5795  logE[BER] -3.585  P_det_soft 0.9995  (91s)
  step 3275  JSR  -31.2  loss 74.9421  logE[BER] -73.324  P_det_soft 0.1618  (92s)
  step 3300  JSR   -6.9  loss 13.7335  logE[BER] -4.381  P_det_soft 0.9352  (93s)
  step 3325  JSR  -17.3  loss 9.7790  logE[BER] -7.241  P_det_soft 0.2538  (93s)
  step 3350  JSR  -24.7  loss 27.2452  logE[BER] -25.506  P_det_soft 0.1740  (94s)
  step 3375  JSR  -23.2  loss 16.4427  logE[BER] -14.724  P_det_soft 0.1719  (95s)
  step 3400  JSR  -11.3  loss 13.3231  logE[BER] -5.850  P_det_soft 0.7473  (95s)
  step 3425  JSR   -8.4  loss 13.3288  logE[BER] -4.885  P_det_soft 0.8444  (96s)
  step 3450  JSR  -14.9  loss 9.7304  logE[BER] -6.627  P_det_soft 0.3103  (97s)
  step 3475  JSR  -31.0  loss 73.3265  logE[BER] -71.464  P_det_soft 0.1863  (97s)
  step 3500  JSR   -7.2  loss 14.0084  logE[BER] -4.657  P_det_soft 0.9351  (98s)
  step 3525  JSR  -19.6  loss 10.6736  logE[BER] -8.744  P_det_soft 0.1930  (99s)
  step 3550  JSR   -1.3  loss 13.3896  logE[BER] -3.390  P_det_soft 1.0000  (99s)
  step 3575  JSR  -15.5  loss 10.4884  logE[BER] -6.748  P_det_soft 0.3740  (100s)
  step 3600  JSR  -31.2  loss 68.7071  logE[BER] -67.136  P_det_soft 0.1572  (101s)
  step 3625  JSR  -19.6  loss 10.7657  logE[BER] -8.791  P_det_soft 0.1975  (102s)
  step 3650  JSR  -31.1  loss 77.6454  logE[BER] -75.982  P_det_soft 0.1663  (102s)
  step 3675  JSR  -27.1  loss 46.6114  logE[BER] -45.077  P_det_soft 0.1534  (103s)
  step 3700  JSR   -8.5  loss 13.9653  logE[BER] -5.241  P_det_soft 0.8725  (104s)
  step 3725  JSR  -15.9  loss 9.8102  logE[BER] -6.527  P_det_soft 0.3284  (104s)
  step 3750  JSR  -18.8  loss 10.0057  logE[BER] -7.937  P_det_soft 0.2069  (105s)
  step 3775  JSR  -28.5  loss 55.8324  logE[BER] -54.090  P_det_soft 0.1742  (106s)
  step 3800  JSR  -20.5  loss 10.9386  logE[BER] -8.881  P_det_soft 0.2058  (106s)
  step 3825  JSR  -29.8  loss 58.4005  logE[BER] -56.872  P_det_soft 0.1528  (107s)
  step 3850  JSR  -25.4  loss 27.8517  logE[BER] -26.131  P_det_soft 0.1721  (108s)
  step 3875  JSR  -24.4  loss 21.7796  logE[BER] -20.157  P_det_soft 0.1622  (109s)
  step 3900  JSR  -29.3  loss 54.7709  logE[BER] -53.132  P_det_soft 0.1639  (109s)
  step 3925  JSR  -22.5  loss 14.1626  logE[BER] -12.618  P_det_soft 0.1545  (110s)
  step 3950  JSR  -21.8  loss 11.6366  logE[BER] -9.893  P_det_soft 0.1743  (111s)
  step 3975  JSR   -7.7  loss 14.9933  logE[BER] -5.259  P_det_soft 0.9735  (111s)
  step 3999  JSR  -25.1  loss 25.6215  logE[BER] -23.884  P_det_soft 0.1737  (112s)
wrote gan/kurtosis_b10_r0_G.pt, gan/kurtosis_b10_r0.json in 113s
