node: tikgpu04.ee.ethz.ch | gpu: NVIDIA TITAN RTX
env fading = {'noise_unc_db': 0.0, 'rician_k_db': 12.0} | task cnn_b10_r1 = {'target': 'spec_cnn', 'beta': 10.0, 'cgan_task': 14} | seed 5014 | band (-39.0, -7.0) | 32 frames/step | 4000 steps | device cuda:0
  target spec_cnn: threshold -0.927185, clean-frame std 1.34167 (soft_pdet width)
  step    0  JSR  -20.2  loss 43.6191  logE[BER] -37.161  P_det_soft 0.6458  (1s)
  step   25  JSR  -22.6  loss 48.1352  logE[BER] -44.624  P_det_soft 0.3511  (3s)
  step   50  JSR  -10.3  loss 17.3464  logE[BER] -7.492  P_det_soft 0.9855  (6s)
  step   75  JSR  -22.9  loss 28.6483  logE[BER] -25.359  P_det_soft 0.3289  (8s)
  step  100  JSR  -19.4  loss 27.7615  logE[BER] -22.534  P_det_soft 0.5227  (11s)
  step  125  JSR  -36.7  loss 70.5796  logE[BER] -68.854  P_det_soft 0.1726  (13s)
  step  150  JSR  -34.2  loss 43.4935  logE[BER] -41.914  P_det_soft 0.1580  (16s)
  step  175  JSR  -19.0  loss 31.3844  logE[BER] -24.915  P_det_soft 0.6469  (18s)
  step  200  JSR   -9.9  loss 17.8220  logE[BER] -7.940  P_det_soft 0.9882  (21s)
  step  225  JSR  -13.6  loss 23.8631  logE[BER] -14.198  P_det_soft 0.9665  (23s)
  step  250  JSR  -22.7  loss 48.5003  logE[BER] -44.179  P_det_soft 0.4322  (26s)
  step  275  JSR  -27.5  loss 53.6042  logE[BER] -51.684  P_det_soft 0.1920  (28s)
  step  300  JSR  -20.8  loss 45.9042  logE[BER] -42.084  P_det_soft 0.3820  (31s)
  step  325  JSR  -36.2  loss 49.0799  logE[BER] -47.268  P_det_soft 0.1812  (34s)
  step  350  JSR  -18.2  loss 30.9814  logE[BER] -24.516  P_det_soft 0.6465  (36s)
  step  375  JSR  -25.6  loss 43.2010  logE[BER] -41.069  P_det_soft 0.2132  (39s)
  step  400  JSR   -9.5  loss 21.5342  logE[BER] -11.653  P_det_soft 0.9881  (41s)
  step  425  JSR  -36.1  loss 24.6291  logE[BER] -23.438  P_det_soft 0.1191  (44s)
  step  450  JSR  -28.6  loss 66.8370  logE[BER] -64.880  P_det_soft 0.1957  (46s)
  step  475  JSR  -25.5  loss 36.5957  logE[BER] -34.501  P_det_soft 0.2095  (49s)
  step  500  JSR  -37.7  loss 76.0133  logE[BER] -74.119  P_det_soft 0.1894  (51s)
  step  525  JSR   -8.3  loss 16.5163  logE[BER] -6.677  P_det_soft 0.9839  (54s)
  step  550  JSR  -26.6  loss 62.5702  logE[BER] -60.410  P_det_soft 0.2160  (57s)
  step  575  JSR  -36.4  loss 72.2817  logE[BER] -70.261  P_det_soft 0.2021  (59s)
  step  600  JSR  -14.2  loss 27.0242  logE[BER] -17.559  P_det_soft 0.9465  (62s)
  step  625  JSR  -11.6  loss 20.3318  logE[BER] -10.480  P_det_soft 0.9852  (64s)
  step  650  JSR  -10.7  loss 22.8061  logE[BER] -12.921  P_det_soft 0.9885  (67s)
  step  675  JSR  -25.3  loss 37.1031  logE[BER] -34.977  P_det_soft 0.2126  (69s)
  step  700  JSR  -25.2  loss 44.8746  logE[BER] -42.474  P_det_soft 0.2401  (72s)
  step  725  JSR  -14.4  loss 27.1085  logE[BER] -17.632  P_det_soft 0.9476  (75s)
  step  750  JSR  -10.4  loss 20.1564  logE[BER] -10.265  P_det_soft 0.9891  (77s)
  step  775  JSR  -23.1  loss 44.3908  logE[BER] -41.043  P_det_soft 0.3348  (80s)
  step  800  JSR  -32.8  loss 61.2361  logE[BER] -59.260  P_det_soft 0.1976  (82s)
  step  825  JSR  -26.2  loss 42.5237  logE[BER] -40.544  P_det_soft 0.1979  (85s)
  step  850  JSR  -29.0  loss 57.3023  logE[BER] -55.778  P_det_soft 0.1525  (87s)
  step  875  JSR  -13.2  loss 28.6621  logE[BER] -18.859  P_det_soft 0.9803  (90s)
  step  900  JSR  -18.0  loss 46.7652  logE[BER] -38.934  P_det_soft 0.7831  (93s)
  step  925  JSR  -17.7  loss 41.4504  logE[BER] -34.604  P_det_soft 0.6847  (95s)
  step  950  JSR   -7.5  loss 15.4942  logE[BER] -5.657  P_det_soft 0.9838  (98s)
  step  975  JSR  -20.8  loss 47.8636  logE[BER] -43.203  P_det_soft 0.4660  (100s)
  step 1000  JSR  -23.3  loss 48.2982  logE[BER] -44.583  P_det_soft 0.3715  (103s)
  step 1025  JSR  -35.1  loss 63.8470  logE[BER] -62.059  P_det_soft 0.1788  (105s)
  step 1050  JSR  -37.6  loss 63.6828  logE[BER] -62.199  P_det_soft 0.1484  (108s)
  step 1075  JSR  -12.5  loss 22.6986  logE[BER] -12.859  P_det_soft 0.9840  (111s)
  step 1100  JSR  -35.3  loss 41.4678  logE[BER] -39.916  P_det_soft 0.1552  (113s)
  step 1125  JSR  -28.9  loss 53.8089  logE[BER] -51.971  P_det_soft 0.1838  (116s)
  step 1150  JSR  -21.2  loss 27.6670  logE[BER] -24.069  P_det_soft 0.3598  (118s)
  step 1175  JSR  -33.8  loss 64.7066  logE[BER] -63.362  P_det_soft 0.1344  (121s)
  step 1200  JSR  -31.9  loss 54.4056  logE[BER] -52.861  P_det_soft 0.1545  (124s)
  step 1225  JSR  -23.9  loss 56.9421  logE[BER] -54.411  P_det_soft 0.2531  (126s)
  step 1250  JSR  -16.6  loss 20.8726  logE[BER] -12.217  P_det_soft 0.8656  (129s)
  step 1275  JSR  -17.4  loss 25.0640  logE[BER] -17.382  P_det_soft 0.7682  (131s)
  step 1300  JSR  -28.4  loss 58.3750  logE[BER] -56.088  P_det_soft 0.2287  (134s)
  step 1325  JSR  -10.0  loss 16.8080  logE[BER] -6.950  P_det_soft 0.9858  (136s)
  step 1350  JSR  -37.9  loss 76.2553  logE[BER] -74.267  P_det_soft 0.1988  (139s)
  step 1375  JSR  -30.8  loss 70.3489  logE[BER] -68.777  P_det_soft 0.1571  (142s)
  step 1400  JSR   -9.5  loss 16.2462  logE[BER] -6.374  P_det_soft 0.9872  (144s)
  step 1425  JSR  -29.0  loss 45.7216  logE[BER] -44.319  P_det_soft 0.1403  (147s)
  step 1450  JSR  -20.3  loss 31.4985  logE[BER] -26.876  P_det_soft 0.4623  (149s)
  step 1475  JSR  -34.2  loss 62.0647  logE[BER] -59.437  P_det_soft 0.2628  (152s)
  step 1500  JSR  -15.8  loss 20.5330  logE[BER] -11.471  P_det_soft 0.9062  (154s)
  step 1525  JSR  -20.1  loss 41.5727  logE[BER] -36.772  P_det_soft 0.4801  (157s)
  step 1550  JSR  -31.6  loss 41.5043  logE[BER] -39.459  P_det_soft 0.2045  (160s)
  step 1575  JSR  -22.9  loss 40.5126  logE[BER] -37.895  P_det_soft 0.2617  (162s)
  step 1600  JSR  -25.0  loss 57.7148  logE[BER] -55.455  P_det_soft 0.2260  (165s)
  step 1625  JSR  -29.9  loss 45.1105  logE[BER] -43.806  P_det_soft 0.1304  (167s)
  step 1650  JSR   -9.2  loss 14.9460  logE[BER] -5.110  P_det_soft 0.9837  (170s)
  step 1675  JSR  -32.5  loss 72.4508  logE[BER] -70.949  P_det_soft 0.1501  (173s)
  step 1700  JSR  -33.7  loss 53.8034  logE[BER] -52.401  P_det_soft 0.1402  (175s)
  step 1725  JSR  -21.0  loss 25.3801  logE[BER] -21.786  P_det_soft 0.3594  (178s)
  step 1750  JSR  -32.0  loss 42.4003  logE[BER] -40.290  P_det_soft 0.2111  (180s)
  step 1775  JSR  -26.6  loss 40.3854  logE[BER] -38.672  P_det_soft 0.1713  (183s)
  step 1800  JSR  -26.1  loss 38.9330  logE[BER] -37.069  P_det_soft 0.1864  (185s)
  step 1825  JSR  -26.0  loss 33.1809  logE[BER] -30.720  P_det_soft 0.2461  (188s)
  step 1850  JSR   -9.5  loss 14.5131  logE[BER] -4.664  P_det_soft 0.9849  (191s)
  step 1875  JSR  -10.5  loss 14.4562  logE[BER] -4.738  P_det_soft 0.9718  (193s)
  step 1900  JSR  -20.1  loss 15.1641  logE[BER] -11.654  P_det_soft 0.3510  (196s)
  step 1925  JSR  -11.2  loss 13.9195  logE[BER] -4.607  P_det_soft 0.9313  (198s)
  step 1950  JSR  -22.8  loss 25.9881  logE[BER] -23.630  P_det_soft 0.2358  (201s)
  step 1975  JSR  -26.0  loss 20.2967  logE[BER] -18.399  P_det_soft 0.1897  (203s)
  step 2000  JSR  -25.1  loss 25.1139  logE[BER] -23.029  P_det_soft 0.2085  (206s)
  step 2025  JSR  -14.4  loss 12.5903  logE[BER] -5.537  P_det_soft 0.7053  (209s)
  step 2050  JSR  -32.7  loss 45.4274  logE[BER] -43.631  P_det_soft 0.1797  (211s)
  step 2075  JSR  -33.5  loss 24.5211  logE[BER] -22.759  P_det_soft 0.1762  (214s)
  step 2100  JSR  -16.8  loss 10.8698  logE[BER] -6.226  P_det_soft 0.4644  (216s)
  step 2125  JSR  -36.1  loss 55.2614  logE[BER] -53.328  P_det_soft 0.1933  (219s)
  step 2150  JSR  -13.3  loss 13.6122  logE[BER] -5.232  P_det_soft 0.8381  (221s)
  step 2175  JSR  -35.0  loss 43.8882  logE[BER] -42.136  P_det_soft 0.1753  (224s)
  step 2200  JSR  -17.9  loss 10.2972  logE[BER] -6.451  P_det_soft 0.3846  (227s)
  step 2225  JSR  -25.8  loss 32.9862  logE[BER] -30.754  P_det_soft 0.2233  (229s)
  step 2250  JSR  -31.7  loss 24.7866  logE[BER] -23.468  P_det_soft 0.1318  (232s)
  step 2275  JSR  -17.5  loss 10.5073  logE[BER] -6.017  P_det_soft 0.4490  (234s)
  step 2300  JSR  -26.7  loss 27.9400  logE[BER] -26.001  P_det_soft 0.1939  (237s)
  step 2325  JSR  -21.5  loss 10.1067  logE[BER] -7.637  P_det_soft 0.2470  (240s)
  step 2350  JSR  -11.5  loss 14.0482  logE[BER] -4.986  P_det_soft 0.9062  (242s)
  step 2375  JSR  -34.2  loss 43.6821  logE[BER] -42.285  P_det_soft 0.1398  (245s)
  step 2400  JSR   -9.2  loss 14.4670  logE[BER] -4.744  P_det_soft 0.9723  (247s)
  step 2425  JSR  -37.2  loss 46.5543  logE[BER] -45.174  P_det_soft 0.1381  (250s)
  step 2450  JSR  -25.2  loss 10.9958  logE[BER] -8.845  P_det_soft 0.2151  (252s)
  step 2475  JSR  -15.0  loss 10.9723  logE[BER] -5.642  P_det_soft 0.5331  (255s)
  step 2500  JSR  -36.0  loss 31.4286  logE[BER] -30.094  P_det_soft 0.1335  (258s)
  step 2525  JSR  -31.9  loss 32.9025  logE[BER] -31.451  P_det_soft 0.1451  (260s)
  step 2550  JSR  -14.3  loss 12.7635  logE[BER] -5.626  P_det_soft 0.7137  (263s)
  step 2575  JSR   -8.7  loss 14.7830  logE[BER] -4.938  P_det_soft 0.9845  (265s)
  step 2600  JSR  -27.8  loss 22.1768  logE[BER] -20.466  P_det_soft 0.1711  (268s)
  step 2625  JSR  -34.6  loss 35.9197  logE[BER] -34.091  P_det_soft 0.1829  (271s)
  step 2650  JSR  -25.4  loss 23.6718  logE[BER] -21.504  P_det_soft 0.2167  (273s)
  step 2675  JSR  -10.4  loss 14.3962  logE[BER] -4.903  P_det_soft 0.9493  (276s)
  step 2700  JSR  -17.7  loss 10.4614  logE[BER] -6.626  P_det_soft 0.3836  (278s)
  step 2725  JSR  -22.8  loss 15.0818  logE[BER] -12.165  P_det_soft 0.2917  (281s)
  step 2750  JSR   -8.1  loss 14.3816  logE[BER] -4.564  P_det_soft 0.9818  (283s)
  step 2775  JSR  -20.3  loss 10.9280  logE[BER] -7.850  P_det_soft 0.3078  (286s)
  step 2800  JSR  -28.1  loss 13.4233  logE[BER] -11.812  P_det_soft 0.1611  (289s)
  step 2825  JSR  -18.8  loss 11.0299  logE[BER] -6.908  P_det_soft 0.4121  (291s)
  step 2850  JSR  -14.8  loss 11.9038  logE[BER] -5.550  P_det_soft 0.6354  (294s)
  step 2875  JSR  -20.5  loss 9.9339  logE[BER] -7.376  P_det_soft 0.2558  (296s)
  step 2900  JSR   -8.8  loss 14.7941  logE[BER] -4.972  P_det_soft 0.9822  (299s)
  step 2925  JSR  -24.1  loss 13.8481  logE[BER] -11.607  P_det_soft 0.2241  (302s)
  step 2950  JSR  -12.5  loss 14.8459  logE[BER] -5.644  P_det_soft 0.9202  (304s)
  step 2975  JSR  -19.3  loss 9.3631  logE[BER] -6.390  P_det_soft 0.2973  (307s)
  step 3000  JSR  -34.8  loss 26.9776  logE[BER] -25.737  P_det_soft 0.1240  (309s)
  step 3025  JSR  -25.6  loss 12.1384  logE[BER] -10.433  P_det_soft 0.1705  (312s)
  step 3050  JSR  -17.5  loss 9.8849  logE[BER] -6.257  P_det_soft 0.3628  (314s)
  step 3075  JSR   -8.9  loss 14.9470  logE[BER] -5.177  P_det_soft 0.9770  (317s)
  step 3100  JSR  -27.3  loss 10.5184  logE[BER] -9.048  P_det_soft 0.1470  (320s)
  step 3125  JSR  -25.0  loss 19.3158  logE[BER] -17.304  P_det_soft 0.2012  (322s)
  step 3150  JSR  -15.6  loss 11.7989  logE[BER] -5.990  P_det_soft 0.5809  (325s)
  step 3175  JSR  -12.8  loss 13.9740  logE[BER] -5.576  P_det_soft 0.8398  (327s)
  step 3200  JSR   -8.6  loss 14.9991  logE[BER] -5.257  P_det_soft 0.9742  (330s)
  step 3225  JSR  -32.6  loss 58.8222  logE[BER] -57.118  P_det_soft 0.1704  (332s)
  step 3250  JSR  -10.5  loss 14.5970  logE[BER] -5.017  P_det_soft 0.9580  (335s)
  step 3275  JSR  -10.4  loss 14.6607  logE[BER] -5.241  P_det_soft 0.9420  (338s)
  step 3300  JSR   -8.9  loss 14.9985  logE[BER] -5.190  P_det_soft 0.9808  (340s)
  step 3325  JSR  -35.5  loss 33.2098  logE[BER] -31.818  P_det_soft 0.1391  (343s)
  step 3350  JSR  -16.8  loss 10.5561  logE[BER] -6.076  P_det_soft 0.4480  (345s)
  step 3375  JSR  -17.4  loss 11.1947  logE[BER] -6.128  P_det_soft 0.5066  (348s)
  step 3400  JSR  -26.3  loss 15.7741  logE[BER] -13.670  P_det_soft 0.2104  (350s)
  step 3425  JSR  -24.7  loss 12.1285  logE[BER] -10.284  P_det_soft 0.1845  (353s)
  step 3450  JSR   -8.8  loss 14.9461  logE[BER] -5.162  P_det_soft 0.9784  (356s)
  step 3475  JSR  -33.7  loss 49.8174  logE[BER] -48.235  P_det_soft 0.1582  (358s)
  step 3500  JSR  -30.4  loss 16.4230  logE[BER] -14.708  P_det_soft 0.1715  (361s)
  step 3525  JSR  -34.0  loss 41.3653  logE[BER] -40.022  P_det_soft 0.1343  (363s)
  step 3550  JSR  -37.6  loss 55.3293  logE[BER] -54.003  P_det_soft 0.1326  (366s)
  step 3575  JSR  -23.8  loss 9.7573  logE[BER] -8.270  P_det_soft 0.1487  (368s)
  step 3600  JSR  -12.9  loss 13.2816  logE[BER] -5.500  P_det_soft 0.7782  (371s)
  step 3625  JSR   -8.9  loss 14.7590  logE[BER] -5.004  P_det_soft 0.9755  (374s)
  step 3650  JSR  -24.1  loss 13.4036  logE[BER] -11.603  P_det_soft 0.1801  (376s)
  step 3675  JSR   -7.8  loss 15.0531  logE[BER] -5.154  P_det_soft 0.9899  (379s)
  step 3700  JSR  -15.4  loss 10.2312  logE[BER] -5.398  P_det_soft 0.4834  (381s)
  step 3725  JSR  -36.4  loss 36.4270  logE[BER] -34.740  P_det_soft 0.1687  (384s)
  step 3750  JSR  -19.2  loss 9.0471  logE[BER] -6.356  P_det_soft 0.2691  (387s)
  step 3775  JSR  -30.5  loss 26.3161  logE[BER] -24.579  P_det_soft 0.1737  (389s)
  step 3800  JSR   -8.1  loss 14.8532  logE[BER] -5.008  P_det_soft 0.9845  (392s)
  step 3825  JSR  -29.7  loss 18.1165  logE[BER] -16.904  P_det_soft 0.1213  (394s)
  step 3850  JSR  -22.8  loss 9.7246  logE[BER] -7.775  P_det_soft 0.1949  (397s)
  step 3875  JSR  -26.6  loss 16.8286  logE[BER] -15.144  P_det_soft 0.1684  (399s)
  step 3900  JSR  -37.8  loss 62.7025  logE[BER] -61.237  P_det_soft 0.1466  (402s)
  step 3925  JSR  -15.6  loss 11.4689  logE[BER] -5.792  P_det_soft 0.5677  (405s)
  step 3950  JSR  -18.0  loss 8.4100  logE[BER] -5.913  P_det_soft 0.2497  (407s)
  step 3975  JSR  -29.9  loss 37.3860  logE[BER] -36.086  P_det_soft 0.1300  (410s)
  step 3999  JSR   -8.8  loss 15.1024  logE[BER] -5.353  P_det_soft 0.9750  (412s)
wrote gan/cnn_b10_r1_G.pt, gan/cnn_b10_r1.json in 419s
