node: tikgpu04.ee.ethz.ch | gpu: NVIDIA TITAN RTX
env noise = {'noise_unc_db': 0.5, 'rician_k_db': None} | task kurtosis_b10_r0 = {'target': 'kurtosis', 'beta': 10.0, 'cgan_task': 10} | seed 4010 | band (-31.6, 0.0) | 128 frames/step | 4000 steps | device cuda:0
  target kurtosis: threshold 0.0497926, clean-frame std 0.0152404 (soft_pdet width)
  step    0  JSR  -27.9  loss 101.5210  logE[BER] -99.738  P_det_soft 0.1783  (1s)
  step   25  JSR  -19.6  loss 42.9169  logE[BER] -41.126  P_det_soft 0.1790  (2s)
  step   50  JSR   -1.3  loss 14.4828  logE[BER] -4.483  P_det_soft 1.0000  (2s)
  step   75  JSR  -11.2  loss 14.4329  logE[BER] -5.920  P_det_soft 0.8512  (3s)
  step  100  JSR  -22.9  loss 62.6446  logE[BER] -60.830  P_det_soft 0.1814  (3s)
  step  125  JSR  -12.2  loss 13.0666  logE[BER] -5.893  P_det_soft 0.7174  (4s)
  step  150  JSR  -21.5  loss 52.0417  logE[BER] -50.348  P_det_soft 0.1694  (5s)
  step  175  JSR  -19.0  loss 31.9809  logE[BER] -30.088  P_det_soft 0.1893  (5s)
  step  200  JSR  -25.5  loss 67.2912  logE[BER] -65.634  P_det_soft 0.1657  (6s)
  step  225  JSR  -25.2  loss 76.5204  logE[BER] -75.023  P_det_soft 0.1497  (6s)
  step  250  JSR  -20.8  loss 50.3297  logE[BER] -48.612  P_det_soft 0.1717  (7s)
  step  275  JSR   -6.2  loss 14.9294  logE[BER] -5.024  P_det_soft 0.9906  (8s)
  step  300  JSR  -19.7  loss 33.7403  logE[BER] -31.886  P_det_soft 0.1855  (8s)
  step  325  JSR  -17.5  loss 15.0597  logE[BER] -11.940  P_det_soft 0.3120  (9s)
  step  350  JSR  -17.3  loss 20.6469  logE[BER] -18.149  P_det_soft 0.2498  (9s)
  step  375  JSR  -24.2  loss 45.5026  logE[BER] -43.937  P_det_soft 0.1565  (10s)
  step  400  JSR   -2.7  loss 14.2296  logE[BER] -4.230  P_det_soft 1.0000  (11s)
  step  425  JSR   -8.3  loss 14.7832  logE[BER] -4.830  P_det_soft 0.9953  (11s)
  step  450  JSR   -6.5  loss 15.0613  logE[BER] -5.092  P_det_soft 0.9969  (12s)
  step  475  JSR   -8.6  loss 14.9745  logE[BER] -5.018  P_det_soft 0.9957  (12s)
  step  500  JSR  -15.5  loss 11.1873  logE[BER] -7.518  P_det_soft 0.3670  (13s)
  step  525  JSR   -4.3  loss 14.3946  logE[BER] -4.395  P_det_soft 1.0000  (14s)
  step  550  JSR  -24.2  loss 47.3664  logE[BER] -45.727  P_det_soft 0.1639  (14s)
  step  575  JSR  -28.5  loss 67.7798  logE[BER] -66.001  P_det_soft 0.1779  (15s)
  step  600  JSR   -2.8  loss 14.1448  logE[BER] -4.145  P_det_soft 1.0000  (15s)
  step  625  JSR  -17.3  loss 10.9569  logE[BER] -8.740  P_det_soft 0.2217  (16s)
  step  650  JSR  -12.5  loss 10.4746  logE[BER] -5.930  P_det_soft 0.4545  (17s)
  step  675  JSR   -3.4  loss 14.5045  logE[BER] -4.505  P_det_soft 0.9999  (17s)
  step  700  JSR   -7.9  loss 14.7034  logE[BER] -4.841  P_det_soft 0.9862  (18s)
  step  725  JSR  -12.0  loss 11.2052  logE[BER] -5.643  P_det_soft 0.5562  (18s)
  step  750  JSR  -31.4  loss 84.3956  logE[BER] -82.946  P_det_soft 0.1450  (19s)
  step  775  JSR  -15.8  loss 9.6963  logE[BER] -6.711  P_det_soft 0.2985  (20s)
  step  800  JSR  -29.1  loss 65.7164  logE[BER] -64.084  P_det_soft 0.1632  (20s)
  step  825  JSR   -7.0  loss 14.6349  logE[BER] -4.635  P_det_soft 1.0000  (21s)
  step  850  JSR  -19.1  loss 12.4827  logE[BER] -10.249  P_det_soft 0.2233  (21s)
  step  875  JSR  -28.7  loss 63.7371  logE[BER] -62.144  P_det_soft 0.1593  (22s)
  step  900  JSR  -21.1  loss 21.2794  logE[BER] -19.421  P_det_soft 0.1858  (23s)
  step  925  JSR  -28.9  loss 69.2746  logE[BER] -67.689  P_det_soft 0.1586  (23s)
  step  950  JSR  -21.5  loss 23.5729  logE[BER] -21.520  P_det_soft 0.2052  (24s)
  step  975  JSR  -27.8  loss 55.4159  logE[BER] -53.654  P_det_soft 0.1762  (24s)
  step 1000  JSR  -16.7  loss 10.9237  logE[BER] -7.046  P_det_soft 0.3878  (25s)
  step 1025  JSR  -18.5  loss 10.5681  logE[BER] -8.172  P_det_soft 0.2396  (26s)
  step 1050  JSR  -18.7  loss 10.7638  logE[BER] -8.275  P_det_soft 0.2489  (26s)
  step 1075  JSR  -21.4  loss 21.4633  logE[BER] -19.706  P_det_soft 0.1757  (27s)
  step 1100  JSR   -5.6  loss 14.5062  logE[BER] -4.506  P_det_soft 1.0000  (27s)
  step 1125  JSR  -24.9  loss 53.7527  logE[BER] -52.099  P_det_soft 0.1654  (28s)
  step 1150  JSR   -6.6  loss 14.7912  logE[BER] -4.791  P_det_soft 1.0000  (29s)
  step 1175  JSR  -24.7  loss 33.8960  logE[BER] -32.469  P_det_soft 0.1427  (29s)
  step 1200  JSR  -19.6  loss 11.1229  logE[BER] -9.044  P_det_soft 0.2079  (30s)
  step 1225  JSR   -6.8  loss 15.1629  logE[BER] -5.163  P_det_soft 1.0000  (30s)
  step 1250  JSR  -22.5  loss 16.1937  logE[BER] -14.401  P_det_soft 0.1792  (31s)
  step 1275  JSR   -3.5  loss 14.2228  logE[BER] -4.223  P_det_soft 1.0000  (32s)
  step 1300  JSR  -19.3  loss 8.9865  logE[BER] -7.020  P_det_soft 0.1966  (32s)
  step 1325  JSR  -24.8  loss 37.8376  logE[BER] -36.335  P_det_soft 0.1503  (33s)
  step 1350  JSR   -5.6  loss 14.7188  logE[BER] -4.719  P_det_soft 1.0000  (33s)
  step 1375  JSR  -21.1  loss 11.2958  logE[BER] -9.257  P_det_soft 0.2039  (34s)
  step 1400  JSR  -28.4  loss 50.4352  logE[BER] -48.728  P_det_soft 0.1707  (35s)
  step 1425  JSR  -10.5  loss 14.8463  logE[BER] -5.453  P_det_soft 0.9393  (35s)
  step 1450  JSR  -19.9  loss 9.4769  logE[BER] -7.170  P_det_soft 0.2307  (36s)
  step 1475  JSR  -26.6  loss 32.3466  logE[BER] -30.622  P_det_soft 0.1725  (36s)
  step 1500  JSR  -12.0  loss 13.7030  logE[BER] -5.434  P_det_soft 0.8269  (37s)
  step 1525  JSR  -21.7  loss 10.6454  logE[BER] -8.866  P_det_soft 0.1780  (38s)
  step 1550  JSR  -14.9  loss 12.4432  logE[BER] -6.046  P_det_soft 0.6397  (38s)
  step 1575  JSR   -7.6  loss 15.0815  logE[BER] -5.082  P_det_soft 1.0000  (39s)
  step 1600  JSR  -11.8  loss 14.4033  logE[BER] -5.594  P_det_soft 0.8809  (39s)
  step 1625  JSR  -29.8  loss 51.2759  logE[BER] -49.686  P_det_soft 0.1590  (40s)
  step 1650  JSR  -29.4  loss 47.6484  logE[BER] -45.807  P_det_soft 0.1841  (41s)
  step 1675  JSR  -31.3  loss 52.3161  logE[BER] -50.929  P_det_soft 0.1387  (41s)
  step 1700  JSR  -13.8  loss 12.7658  logE[BER] -5.491  P_det_soft 0.7274  (42s)
  step 1725  JSR  -26.6  loss 28.8076  logE[BER] -26.850  P_det_soft 0.1957  (42s)
  step 1750  JSR  -17.4  loss 10.9914  logE[BER] -6.129  P_det_soft 0.4862  (43s)
  step 1775  JSR  -13.6  loss 12.8031  logE[BER] -5.571  P_det_soft 0.7232  (44s)
  step 1800  JSR  -11.1  loss 14.7107  logE[BER] -5.451  P_det_soft 0.9260  (44s)
  step 1825  JSR  -19.2  loss 9.6516  logE[BER] -6.281  P_det_soft 0.3371  (45s)
  step 1850  JSR   -9.5  loss 15.1776  logE[BER] -5.246  P_det_soft 0.9931  (45s)
  step 1875  JSR   -0.9  loss 14.6289  logE[BER] -4.629  P_det_soft 1.0000  (46s)
  step 1900  JSR  -29.6  loss 44.2682  logE[BER] -42.576  P_det_soft 0.1692  (47s)
  step 1925  JSR  -26.4  loss 23.1627  logE[BER] -21.694  P_det_soft 0.1468  (47s)
  step 1950  JSR  -30.7  loss 53.1515  logE[BER] -51.611  P_det_soft 0.1540  (48s)
  step 1975  JSR   -1.1  loss 14.6617  logE[BER] -4.662  P_det_soft 1.0000  (48s)
  step 2000  JSR   -3.2  loss 14.5827  logE[BER] -4.583  P_det_soft 1.0000  (49s)
  step 2025  JSR  -13.7  loss 12.7790  logE[BER] -5.604  P_det_soft 0.7175  (50s)
  step 2050  JSR   -6.6  loss 14.9442  logE[BER] -4.944  P_det_soft 1.0000  (50s)
  step 2075  JSR  -16.2  loss 11.8901  logE[BER] -5.862  P_det_soft 0.6028  (51s)
  step 2100  JSR   -6.9  loss 15.0215  logE[BER] -5.022  P_det_soft 1.0000  (51s)
  step 2125  JSR  -13.4  loss 13.4101  logE[BER] -5.470  P_det_soft 0.7940  (52s)
  step 2150  JSR  -24.9  loss 14.5889  logE[BER] -12.885  P_det_soft 0.1704  (53s)
  step 2175  JSR  -20.9  loss 8.9977  logE[BER] -6.546  P_det_soft 0.2452  (53s)
  step 2200  JSR  -13.8  loss 12.9709  logE[BER] -5.555  P_det_soft 0.7416  (54s)
  step 2225  JSR  -28.3  loss 34.0928  logE[BER] -32.477  P_det_soft 0.1615  (54s)
  step 2250  JSR   -1.6  loss 14.5606  logE[BER] -4.561  P_det_soft 1.0000  (55s)
  step 2275  JSR   -2.6  loss 14.6992  logE[BER] -4.699  P_det_soft 1.0000  (56s)
  step 2300  JSR  -27.8  loss 31.5607  logE[BER] -29.793  P_det_soft 0.1768  (56s)
  step 2325  JSR  -13.9  loss 12.7626  logE[BER] -5.532  P_det_soft 0.7230  (57s)
  step 2350  JSR   -9.7  loss 15.3030  logE[BER] -5.314  P_det_soft 0.9989  (57s)
  step 2375  JSR  -11.6  loss 14.4318  logE[BER] -5.431  P_det_soft 0.9001  (58s)
  step 2400  JSR  -11.7  loss 14.1632  logE[BER] -5.364  P_det_soft 0.8799  (59s)
  step 2425  JSR   -0.0  loss 14.6272  logE[BER] -4.627  P_det_soft 1.0000  (59s)
  step 2450  JSR  -14.1  loss 13.4881  logE[BER] -5.638  P_det_soft 0.7850  (60s)
  step 2475  JSR  -17.0  loss 10.8460  logE[BER] -5.842  P_det_soft 0.5004  (61s)
  step 2500  JSR  -15.7  loss 11.8596  logE[BER] -5.711  P_det_soft 0.6149  (61s)
  step 2525  JSR  -21.8  loss 8.8534  logE[BER] -6.898  P_det_soft 0.1955  (62s)
  step 2550  JSR  -27.5  loss 28.4923  logE[BER] -26.824  P_det_soft 0.1668  (62s)
  step 2575  JSR  -13.1  loss 13.5047  logE[BER] -5.437  P_det_soft 0.8067  (63s)
  step 2600  JSR  -22.5  loss 9.2289  logE[BER] -7.348  P_det_soft 0.1881  (64s)
  step 2625  JSR  -14.1  loss 12.8226  logE[BER] -5.577  P_det_soft 0.7245  (64s)
  step 2650  JSR   -7.2  loss 15.0065  logE[BER] -5.007  P_det_soft 1.0000  (65s)
  step 2675  JSR  -16.1  loss 12.6204  logE[BER] -5.883  P_det_soft 0.6737  (65s)
  step 2700  JSR  -18.9  loss 9.9602  logE[BER] -6.199  P_det_soft 0.3761  (66s)
  step 2725  JSR  -16.5  loss 11.2094  logE[BER] -5.778  P_det_soft 0.5431  (67s)
  step 2750  JSR  -21.5  loss 9.0109  logE[BER] -6.757  P_det_soft 0.2253  (67s)
  step 2775  JSR  -23.8  loss 11.3421  logE[BER] -9.186  P_det_soft 0.2156  (68s)
  step 2800  JSR  -24.9  loss 15.3722  logE[BER] -13.694  P_det_soft 0.1679  (68s)
  step 2825  JSR  -19.6  loss 9.8914  logE[BER] -6.376  P_det_soft 0.3515  (69s)
  step 2850  JSR  -14.4  loss 13.1661  logE[BER] -5.650  P_det_soft 0.7516  (70s)
  step 2875  JSR  -15.8  loss 11.5800  logE[BER] -5.641  P_det_soft 0.5939  (70s)
  step 2900  JSR   -4.2  loss 14.7604  logE[BER] -4.760  P_det_soft 1.0000  (71s)
  step 2925  JSR  -31.0  loss 48.6578  logE[BER] -47.072  P_det_soft 0.1585  (71s)
  step 2950  JSR   -9.4  loss 15.2091  logE[BER] -5.210  P_det_soft 0.9999  (72s)
  step 2975  JSR   -9.9  loss 15.2467  logE[BER] -5.255  P_det_soft 0.9992  (73s)
  step 3000  JSR  -28.5  loss 39.6036  logE[BER] -38.139  P_det_soft 0.1464  (73s)
  step 3025  JSR  -21.7  loss 9.2193  logE[BER] -7.049  P_det_soft 0.2170  (74s)
  step 3050  JSR  -17.6  loss 10.8573  logE[BER] -5.930  P_det_soft 0.4927  (74s)
  step 3075  JSR  -25.4  loss 17.1600  logE[BER] -15.272  P_det_soft 0.1888  (75s)
  step 3100  JSR   -6.1  loss 14.8453  logE[BER] -4.845  P_det_soft 1.0000  (76s)
  step 3125  JSR  -14.7  loss 12.3182  logE[BER] -5.602  P_det_soft 0.6716  (76s)
  step 3150  JSR  -23.7  loss 10.9450  logE[BER] -9.170  P_det_soft 0.1775  (77s)
  step 3175  JSR  -24.5  loss 12.8502  logE[BER] -11.105  P_det_soft 0.1745  (77s)
  step 3200  JSR  -10.1  loss 15.0849  logE[BER] -5.161  P_det_soft 0.9924  (78s)
  step 3225  JSR  -28.9  loss 39.8438  logE[BER] -38.192  P_det_soft 0.1652  (79s)
  step 3250  JSR   -3.0  loss 14.8211  logE[BER] -4.821  P_det_soft 1.0000  (79s)
  step 3275  JSR  -31.2  loss 51.4907  logE[BER] -49.903  P_det_soft 0.1588  (80s)
  step 3300  JSR   -6.9  loss 14.9485  logE[BER] -4.949  P_det_soft 1.0000  (80s)
  step 3325  JSR  -17.3  loss 10.8159  logE[BER] -5.844  P_det_soft 0.4972  (81s)
  step 3350  JSR  -24.7  loss 14.2903  logE[BER] -12.475  P_det_soft 0.1816  (82s)
  step 3375  JSR  -23.2  loss 9.8019  logE[BER] -7.940  P_det_soft 0.1862  (82s)
  step 3400  JSR  -11.3  loss 14.6283  logE[BER] -5.353  P_det_soft 0.9276  (83s)
  step 3425  JSR   -8.4  loss 15.1509  logE[BER] -5.151  P_det_soft 1.0000  (83s)
  step 3450  JSR  -14.9  loss 11.5089  logE[BER] -5.528  P_det_soft 0.5981  (84s)
  step 3475  JSR  -31.0  loss 48.3986  logE[BER] -46.484  P_det_soft 0.1915  (85s)
  step 3500  JSR   -7.2  loss 14.9593  logE[BER] -4.959  P_det_soft 1.0000  (85s)
  step 3525  JSR  -19.6  loss 10.0114  logE[BER] -6.331  P_det_soft 0.3680  (86s)
  step 3550  JSR   -1.3  loss 14.4727  logE[BER] -4.473  P_det_soft 1.0000  (86s)
  step 3575  JSR  -15.5  loss 12.0868  logE[BER] -5.736  P_det_soft 0.6351  (87s)
  step 3600  JSR  -31.2  loss 50.2812  logE[BER] -48.659  P_det_soft 0.1622  (88s)
  step 3625  JSR  -19.6  loss 9.8070  logE[BER] -6.390  P_det_soft 0.3417  (88s)
  step 3650  JSR  -31.1  loss 54.2874  logE[BER] -52.604  P_det_soft 0.1683  (89s)
  step 3675  JSR  -27.1  loss 24.4703  logE[BER] -22.895  P_det_soft 0.1575  (89s)
  step 3700  JSR   -8.5  loss 15.1859  logE[BER] -5.186  P_det_soft 1.0000  (90s)
  step 3725  JSR  -15.9  loss 11.8911  logE[BER] -5.741  P_det_soft 0.6150  (91s)
  step 3750  JSR  -18.8  loss 10.0319  logE[BER] -6.080  P_det_soft 0.3952  (91s)
  step 3775  JSR  -28.5  loss 35.3487  logE[BER] -33.579  P_det_soft 0.1769  (92s)
  step 3800  JSR  -20.5  loss 9.0896  logE[BER] -6.329  P_det_soft 0.2760  (92s)
  step 3825  JSR  -29.8  loss 44.8380  logE[BER] -43.266  P_det_soft 0.1572  (93s)
  step 3850  JSR  -25.4  loss 16.5476  logE[BER] -14.755  P_det_soft 0.1793  (94s)
  step 3875  JSR  -24.4  loss 11.9436  logE[BER] -10.234  P_det_soft 0.1709  (94s)
  step 3900  JSR  -29.3  loss 41.9162  logE[BER] -40.269  P_det_soft 0.1647  (95s)
  step 3925  JSR  -22.5  loss 9.4354  logE[BER] -7.497  P_det_soft 0.1938  (95s)
  step 3950  JSR  -21.8  loss 9.1917  logE[BER] -6.902  P_det_soft 0.2289  (96s)
  step 3975  JSR   -7.7  loss 15.0708  logE[BER] -5.071  P_det_soft 1.0000  (97s)
  step 3999  JSR  -25.1  loss 15.1993  logE[BER] -13.447  P_det_soft 0.1752  (97s)
wrote gan/kurtosis_b10_r0_G.pt, gan/kurtosis_b10_r0.json in 98s
