node: tikgpu04.ee.ethz.ch | gpu: NVIDIA TITAN RTX
env noise_1db = {'noise_unc_db': 1.0, 'rician_k_db': None} | task control_r1 = {'target': None, 'beta': 0.0, 'cgan_task': 0} | seed 5000 | band (-32.0, 0.0) | 128 frames/step | 4000 steps | device cuda:0
  step    0  JSR  -12.5  loss 51.5134  logE[BER] -51.513  P_det_soft 0.0000  (2s)
  step   25  JSR  -19.8  loss 33.5229  logE[BER] -33.523  P_det_soft 0.0000  (3s)
  step   50  JSR  -28.2  loss 62.4678  logE[BER] -62.468  P_det_soft 0.0000  (4s)
  step   75  JSR  -16.3  loss 15.2192  logE[BER] -15.219  P_det_soft 0.0000  (4s)
  step  100  JSR  -27.3  loss 64.9796  logE[BER] -64.980  P_det_soft 0.0000  (5s)
  step  125  JSR  -26.4  loss 58.3383  logE[BER] -58.338  P_det_soft 0.0000  (5s)
  step  150  JSR  -22.4  loss 44.6634  logE[BER] -44.663  P_det_soft 0.0000  (6s)
  step  175  JSR   -2.0  loss 4.0036  logE[BER] -4.004  P_det_soft 0.0000  (7s)
  step  200  JSR   -0.4  loss 3.6965  logE[BER] -3.696  P_det_soft 0.0000  (7s)
  step  225  JSR  -24.4  loss 61.9186  logE[BER] -61.919  P_det_soft 0.0000  (8s)
  step  250  JSR  -16.3  loss 12.8042  logE[BER] -12.804  P_det_soft 0.0000  (8s)
  step  275  JSR  -14.2  loss 17.6037  logE[BER] -17.604  P_det_soft 0.0000  (9s)
  step  300  JSR  -20.6  loss 36.8186  logE[BER] -36.819  P_det_soft 0.0000  (9s)
  step  325  JSR   -5.5  loss 4.3985  logE[BER] -4.399  P_det_soft 0.0000  (10s)
  step  350  JSR  -16.2  loss 9.2826  logE[BER] -9.283  P_det_soft 0.0000  (11s)
  step  375  JSR   -9.9  loss 5.6305  logE[BER] -5.630  P_det_soft 0.0000  (11s)
  step  400  JSR  -28.9  loss 66.6897  logE[BER] -66.690  P_det_soft 0.0000  (12s)
  step  425  JSR  -31.5  loss 68.7933  logE[BER] -68.793  P_det_soft 0.0000  (12s)
  step  450  JSR  -17.4  loss 12.9025  logE[BER] -12.902  P_det_soft 0.0000  (13s)
  step  475  JSR  -14.2  loss 7.0372  logE[BER] -7.037  P_det_soft 0.0000  (13s)
  step  500  JSR  -14.8  loss 8.0574  logE[BER] -8.057  P_det_soft 0.0000  (14s)
  step  525  JSR  -10.9  loss 5.4947  logE[BER] -5.495  P_det_soft 0.0000  (15s)
  step  550  JSR  -19.0  loss 14.6547  logE[BER] -14.655  P_det_soft 0.0000  (15s)
  step  575  JSR  -18.2  loss 14.0323  logE[BER] -14.032  P_det_soft 0.0000  (16s)
  step  600  JSR   -9.1  loss 5.1388  logE[BER] -5.139  P_det_soft 0.0000  (16s)
  step  625  JSR   -0.7  loss 3.9097  logE[BER] -3.910  P_det_soft 0.0000  (17s)
  step  650  JSR  -17.4  loss 9.1760  logE[BER] -9.176  P_det_soft 0.0000  (17s)
  step  675  JSR   -6.3  loss 4.6177  logE[BER] -4.618  P_det_soft 0.0000  (18s)
  step  700  JSR  -25.9  loss 52.0171  logE[BER] -52.017  P_det_soft 0.0000  (19s)
  step  725  JSR  -22.7  loss 32.3346  logE[BER] -32.335  P_det_soft 0.0000  (19s)
  step  750  JSR  -13.1  loss 5.5343  logE[BER] -5.534  P_det_soft 0.0000  (20s)
  step  775  JSR   -8.1  loss 4.9612  logE[BER] -4.961  P_det_soft 0.0000  (20s)
  step  800  JSR  -11.5  loss 5.3200  logE[BER] -5.320  P_det_soft 0.0000  (21s)
  step  825  JSR   -5.2  loss 4.4757  logE[BER] -4.476  P_det_soft 0.0000  (21s)
  step  850  JSR  -30.8  loss 59.1983  logE[BER] -59.198  P_det_soft 0.0000  (22s)
  step  875  JSR   -0.8  loss 3.9315  logE[BER] -3.932  P_det_soft 0.0000  (23s)
  step  900  JSR  -21.5  loss 32.1829  logE[BER] -32.183  P_det_soft 0.0000  (23s)
  step  925  JSR   -2.5  loss 4.2900  logE[BER] -4.290  P_det_soft 0.0000  (24s)
  step  950  JSR  -27.5  loss 54.4078  logE[BER] -54.408  P_det_soft 0.0000  (24s)
  step  975  JSR  -26.7  loss 50.3432  logE[BER] -50.343  P_det_soft 0.0000  (25s)
  step 1000  JSR   -8.8  loss 5.1956  logE[BER] -5.196  P_det_soft 0.0000  (25s)
  step 1025  JSR  -25.2  loss 41.7537  logE[BER] -41.754  P_det_soft 0.0000  (26s)
  step 1050  JSR   -7.7  loss 4.8022  logE[BER] -4.802  P_det_soft 0.0000  (27s)
  step 1075  JSR   -9.3  loss 4.9626  logE[BER] -4.963  P_det_soft 0.0000  (27s)
  step 1100  JSR  -26.3  loss 48.8159  logE[BER] -48.816  P_det_soft 0.0000  (28s)
  step 1125  JSR   -5.4  loss 4.9320  logE[BER] -4.932  P_det_soft 0.0000  (28s)
  step 1150  JSR  -27.7  loss 53.5030  logE[BER] -53.503  P_det_soft 0.0000  (29s)
  step 1175  JSR   -8.2  loss 5.3228  logE[BER] -5.323  P_det_soft 0.0000  (29s)
  step 1200  JSR  -20.0  loss 12.6350  logE[BER] -12.635  P_det_soft 0.0000  (30s)
  step 1225  JSR   -4.8  loss 4.5490  logE[BER] -4.549  P_det_soft 0.0000  (31s)
  step 1250  JSR   -0.9  loss 4.1432  logE[BER] -4.143  P_det_soft 0.0000  (31s)
  step 1275  JSR  -13.4  loss 5.7059  logE[BER] -5.706  P_det_soft 0.0000  (32s)
  step 1300  JSR  -16.5  loss 6.9112  logE[BER] -6.911  P_det_soft 0.0000  (32s)
  step 1325  JSR  -14.5  loss 6.0500  logE[BER] -6.050  P_det_soft 0.0000  (33s)
  step 1350  JSR   -7.5  loss 4.8476  logE[BER] -4.848  P_det_soft 0.0000  (34s)
  step 1375  JSR  -23.4  loss 26.8374  logE[BER] -26.837  P_det_soft 0.0000  (34s)
  step 1400  JSR   -6.4  loss 5.1841  logE[BER] -5.184  P_det_soft 0.0000  (35s)
  step 1425  JSR  -29.9  loss 58.6747  logE[BER] -58.675  P_det_soft 0.0000  (35s)
  step 1450  JSR  -14.2  loss 5.8138  logE[BER] -5.814  P_det_soft 0.0000  (36s)
  step 1475  JSR   -8.2  loss 5.1024  logE[BER] -5.102  P_det_soft 0.0000  (36s)
  step 1500  JSR   -6.4  loss 5.0201  logE[BER] -5.020  P_det_soft 0.0000  (37s)
  step 1525  JSR  -31.8  loss 58.9634  logE[BER] -58.963  P_det_soft 0.0000  (38s)
  step 1550  JSR  -14.7  loss 5.7306  logE[BER] -5.731  P_det_soft 0.0000  (38s)
  step 1575  JSR   -9.0  loss 5.0566  logE[BER] -5.057  P_det_soft 0.0000  (39s)
  step 1600  JSR  -12.1  loss 5.4471  logE[BER] -5.447  P_det_soft 0.0000  (39s)
  step 1625  JSR  -27.3  loss 37.0783  logE[BER] -37.078  P_det_soft 0.0000  (40s)
  step 1650  JSR  -13.4  loss 5.7411  logE[BER] -5.741  P_det_soft 0.0000  (40s)
  step 1675  JSR   -9.5  loss 5.2796  logE[BER] -5.280  P_det_soft 0.0000  (41s)
  step 1700  JSR  -17.1  loss 6.1214  logE[BER] -6.121  P_det_soft 0.0000  (42s)
  step 1725  JSR  -29.8  loss 46.6411  logE[BER] -46.641  P_det_soft 0.0000  (42s)
  step 1750  JSR  -16.2  loss 5.8172  logE[BER] -5.817  P_det_soft 0.0000  (43s)
  step 1775  JSR  -27.0  loss 28.9069  logE[BER] -28.907  P_det_soft 0.0000  (43s)
  step 1800  JSR  -13.5  loss 5.6479  logE[BER] -5.648  P_det_soft 0.0000  (44s)
  step 1825  JSR   -9.2  loss 5.2968  logE[BER] -5.297  P_det_soft 0.0000  (44s)
  step 1850  JSR   -7.6  loss 5.0800  logE[BER] -5.080  P_det_soft 0.0000  (45s)
  step 1875  JSR  -14.3  loss 5.7064  logE[BER] -5.706  P_det_soft 0.0000  (46s)
  step 1900  JSR   -4.2  loss 4.7655  logE[BER] -4.765  P_det_soft 0.0000  (46s)
  step 1925  JSR  -13.7  loss 5.6661  logE[BER] -5.666  P_det_soft 0.0000  (47s)
  step 1950  JSR   -2.7  loss 4.7080  logE[BER] -4.708  P_det_soft 0.0000  (47s)
  step 1975  JSR  -22.4  loss 8.0559  logE[BER] -8.056  P_det_soft 0.0000  (48s)
  step 2000  JSR  -24.8  loss 17.9940  logE[BER] -17.994  P_det_soft 0.0000  (48s)
  step 2025  JSR  -12.3  loss 5.4268  logE[BER] -5.427  P_det_soft 0.0000  (49s)
  step 2050  JSR  -17.4  loss 6.0610  logE[BER] -6.061  P_det_soft 0.0000  (50s)
  step 2075  JSR  -15.4  loss 5.6761  logE[BER] -5.676  P_det_soft 0.0000  (50s)
  step 2100  JSR   -1.2  loss 4.5296  logE[BER] -4.530  P_det_soft 0.0000  (51s)
  step 2125  JSR  -18.5  loss 6.1166  logE[BER] -6.117  P_det_soft 0.0000  (51s)
  step 2150  JSR   -7.1  loss 5.0658  logE[BER] -5.066  P_det_soft 0.0000  (52s)
  step 2175  JSR  -27.9  loss 32.1851  logE[BER] -32.185  P_det_soft 0.0000  (53s)
  step 2200  JSR  -31.8  loss 54.3234  logE[BER] -54.323  P_det_soft 0.0000  (53s)
  step 2225  JSR   -5.3  loss 4.9182  logE[BER] -4.918  P_det_soft 0.0000  (54s)
  step 2250  JSR   -8.0  loss 4.9951  logE[BER] -4.995  P_det_soft 0.0000  (54s)
  step 2275  JSR  -12.5  loss 5.5241  logE[BER] -5.524  P_det_soft 0.0000  (55s)
  step 2300  JSR  -16.1  loss 5.7524  logE[BER] -5.752  P_det_soft 0.0000  (55s)
  step 2325  JSR  -23.1  loss 8.6833  logE[BER] -8.683  P_det_soft 0.0000  (56s)
  step 2350  JSR  -23.4  loss 9.8399  logE[BER] -9.840  P_det_soft 0.0000  (57s)
  step 2375  JSR   -3.8  loss 4.8009  logE[BER] -4.801  P_det_soft 0.0000  (57s)
  step 2400  JSR   -0.5  loss 4.5996  logE[BER] -4.600  P_det_soft 0.0000  (58s)
  step 2425  JSR   -3.5  loss 4.7190  logE[BER] -4.719  P_det_soft 0.0000  (58s)
  step 2450  JSR   -0.4  loss 4.5945  logE[BER] -4.594  P_det_soft 0.0000  (59s)
  step 2475  JSR   -0.8  loss 4.4947  logE[BER] -4.495  P_det_soft 0.0000  (59s)
  step 2500  JSR  -10.7  loss 5.4903  logE[BER] -5.490  P_det_soft 0.0000  (60s)
  step 2525  JSR  -30.1  loss 40.2197  logE[BER] -40.220  P_det_soft 0.0000  (61s)
  step 2550  JSR  -28.1  loss 31.1862  logE[BER] -31.186  P_det_soft 0.0000  (61s)
  step 2575  JSR   -8.3  loss 5.0579  logE[BER] -5.058  P_det_soft 0.0000  (62s)
  step 2600  JSR   -0.1  loss 4.6187  logE[BER] -4.619  P_det_soft 0.0000  (62s)
  step 2625  JSR  -32.0  loss 46.6223  logE[BER] -46.622  P_det_soft 0.0000  (63s)
  step 2650  JSR  -18.4  loss 6.2606  logE[BER] -6.261  P_det_soft 0.0000  (63s)
  step 2675  JSR   -0.9  loss 4.6356  logE[BER] -4.636  P_det_soft 0.0000  (64s)
  step 2700  JSR   -9.0  loss 5.2659  logE[BER] -5.266  P_det_soft 0.0000  (65s)
  step 2725  JSR   -5.9  loss 4.9665  logE[BER] -4.966  P_det_soft 0.0000  (65s)
  step 2750  JSR   -2.7  loss 4.7076  logE[BER] -4.708  P_det_soft 0.0000  (66s)
  step 2775  JSR   -1.5  loss 4.5468  logE[BER] -4.547  P_det_soft 0.0000  (66s)
  step 2800  JSR   -2.9  loss 4.7870  logE[BER] -4.787  P_det_soft 0.0000  (67s)
  step 2825  JSR  -29.3  loss 31.7673  logE[BER] -31.767  P_det_soft 0.0000  (67s)
  step 2850  JSR  -17.5  loss 6.0162  logE[BER] -6.016  P_det_soft 0.0000  (68s)
  step 2875  JSR  -24.4  loss 11.9058  logE[BER] -11.906  P_det_soft 0.0000  (69s)
  step 2900  JSR  -17.9  loss 5.9932  logE[BER] -5.993  P_det_soft 0.0000  (69s)
  step 2925  JSR  -15.5  loss 5.8078  logE[BER] -5.808  P_det_soft 0.0000  (70s)
  step 2950  JSR  -15.2  loss 5.7806  logE[BER] -5.781  P_det_soft 0.0000  (70s)
  step 2975  JSR  -27.4  loss 27.2799  logE[BER] -27.280  P_det_soft 0.0000  (71s)
  step 3000  JSR  -23.5  loss 9.2316  logE[BER] -9.232  P_det_soft 0.0000  (72s)
  step 3025  JSR  -22.4  loss 7.3076  logE[BER] -7.308  P_det_soft 0.0000  (72s)
  step 3050  JSR  -16.1  loss 5.8103  logE[BER] -5.810  P_det_soft 0.0000  (73s)
  step 3075  JSR   -1.2  loss 4.6387  logE[BER] -4.639  P_det_soft 0.0000  (73s)
  step 3100  JSR  -22.8  loss 8.2096  logE[BER] -8.210  P_det_soft 0.0000  (74s)
  step 3125  JSR  -13.2  loss 5.5836  logE[BER] -5.584  P_det_soft 0.0000  (74s)
  step 3150  JSR   -0.3  loss 4.5830  logE[BER] -4.583  P_det_soft 0.0000  (75s)
  step 3175  JSR  -10.9  loss 5.3142  logE[BER] -5.314  P_det_soft 0.0000  (76s)
  step 3200  JSR   -5.9  loss 4.7629  logE[BER] -4.763  P_det_soft 0.0000  (76s)
  step 3225  JSR   -1.8  loss 4.6867  logE[BER] -4.687  P_det_soft 0.0000  (77s)
  step 3250  JSR  -26.1  loss 18.4851  logE[BER] -18.485  P_det_soft 0.0000  (77s)
  step 3275  JSR  -16.1  loss 5.8217  logE[BER] -5.822  P_det_soft 0.0000  (78s)
  step 3300  JSR  -16.8  loss 5.9459  logE[BER] -5.946  P_det_soft 0.0000  (78s)
  step 3325  JSR   -6.2  loss 4.8626  logE[BER] -4.863  P_det_soft 0.0000  (79s)
  step 3350  JSR  -24.2  loss 10.8995  logE[BER] -10.900  P_det_soft 0.0000  (80s)
  step 3375  JSR  -22.5  loss 7.4249  logE[BER] -7.425  P_det_soft 0.0000  (80s)
  step 3400  JSR   -4.7  loss 4.8015  logE[BER] -4.801  P_det_soft 0.0000  (81s)
  step 3425  JSR   -5.2  loss 4.8942  logE[BER] -4.894  P_det_soft 0.0000  (81s)
  step 3450  JSR  -25.7  loss 16.9712  logE[BER] -16.971  P_det_soft 0.0000  (82s)
  step 3475  JSR  -24.0  loss 10.2096  logE[BER] -10.210  P_det_soft 0.0000  (82s)
  step 3500  JSR  -10.3  loss 5.4360  logE[BER] -5.436  P_det_soft 0.0000  (83s)
  step 3525  JSR  -21.9  loss 7.4534  logE[BER] -7.453  P_det_soft 0.0000  (84s)
  step 3550  JSR  -26.4  loss 22.0190  logE[BER] -22.019  P_det_soft 0.0000  (84s)
  step 3575  JSR   -1.9  loss 4.5931  logE[BER] -4.593  P_det_soft 0.0000  (85s)
  step 3600  JSR  -19.7  loss 6.3533  logE[BER] -6.353  P_det_soft 0.0000  (85s)
  step 3625  JSR   -1.2  loss 4.7066  logE[BER] -4.707  P_det_soft 0.0000  (86s)
  step 3650  JSR  -12.8  loss 5.4043  logE[BER] -5.404  P_det_soft 0.0000  (87s)
  step 3675  JSR  -29.7  loss 35.3321  logE[BER] -35.332  P_det_soft 0.0000  (87s)
  step 3700  JSR  -11.8  loss 5.3194  logE[BER] -5.319  P_det_soft 0.0000  (88s)
  step 3725  JSR  -24.4  loss 11.1345  logE[BER] -11.134  P_det_soft 0.0000  (88s)
  step 3750  JSR  -14.7  loss 5.8446  logE[BER] -5.845  P_det_soft 0.0000  (89s)
  step 3775  JSR   -8.2  loss 5.1498  logE[BER] -5.150  P_det_soft 0.0000  (89s)
  step 3800  JSR   -8.0  loss 5.3043  logE[BER] -5.304  P_det_soft 0.0000  (90s)
  step 3825  JSR   -8.9  loss 5.1302  logE[BER] -5.130  P_det_soft 0.0000  (91s)
  step 3850  JSR   -6.3  loss 5.0415  logE[BER] -5.041  P_det_soft 0.0000  (91s)
  step 3875  JSR   -7.7  loss 4.9822  logE[BER] -4.982  P_det_soft 0.0000  (92s)
  step 3900  JSR  -10.6  loss 5.3348  logE[BER] -5.335  P_det_soft 0.0000  (92s)
  step 3925  JSR  -18.3  loss 5.9448  logE[BER] -5.945  P_det_soft 0.0000  (93s)
  step 3950  JSR  -20.6  loss 6.5562  logE[BER] -6.556  P_det_soft 0.0000  (93s)
  step 3975  JSR  -22.3  loss 7.3931  logE[BER] -7.393  P_det_soft 0.0000  (94s)
  step 3999  JSR  -28.6  loss 27.4737  logE[BER] -27.474  P_det_soft 0.0000  (95s)
wrote gan/control_r1_G.pt, gan/control_r1.json in 95s
