node: tikgpu04.ee.ethz.ch | gpu: NVIDIA TITAN RTX
env fading_k28 = {'noise_unc_db': 0.0, 'rician_k_db': 28.0} | task kurtosis_b10_r0 = {'target': 'kurtosis', 'beta': 10.0, 'cgan_task': 10} | seed 4010 | band (-31.5, 0.0) | 128 frames/step | 4000 steps | device cuda:0
  target kurtosis: threshold 0.0495834, clean-frame std 0.0149853 (soft_pdet width)
  step    0  JSR  -27.8  loss 112.1525  logE[BER] -110.427  P_det_soft 0.1726  (1s)
  step   25  JSR  -19.5  loss 44.1348  logE[BER] -42.349  P_det_soft 0.1786  (2s)
  step   50  JSR   -1.3  loss 14.2846  logE[BER] -4.285  P_det_soft 1.0000  (2s)
  step   75  JSR  -11.2  loss 14.2123  logE[BER] -6.472  P_det_soft 0.7741  (3s)
  step  100  JSR  -22.9  loss 51.5724  logE[BER] -49.814  P_det_soft 0.1759  (3s)
  step  125  JSR  -12.2  loss 13.0753  logE[BER] -6.675  P_det_soft 0.6400  (4s)
  step  150  JSR  -21.4  loss 43.4387  logE[BER] -41.712  P_det_soft 0.1727  (5s)
  step  175  JSR  -19.0  loss 26.9959  logE[BER] -25.112  P_det_soft 0.1884  (5s)
  step  200  JSR  -25.4  loss 73.3037  logE[BER] -71.665  P_det_soft 0.1638  (6s)
  step  225  JSR  -25.1  loss 68.3685  logE[BER] -66.874  P_det_soft 0.1494  (7s)
  step  250  JSR  -20.7  loss 47.7028  logE[BER] -45.857  P_det_soft 0.1846  (7s)
  step  275  JSR   -6.1  loss 15.2976  logE[BER] -5.343  P_det_soft 0.9954  (8s)
  step  300  JSR  -19.6  loss 25.6654  logE[BER] -23.959  P_det_soft 0.1707  (8s)
  step  325  JSR  -17.4  loss 13.5876  logE[BER] -11.197  P_det_soft 0.2391  (9s)
  step  350  JSR  -17.3  loss 14.3809  logE[BER] -11.673  P_det_soft 0.2708  (10s)
  step  375  JSR  -24.1  loss 53.1486  logE[BER] -51.644  P_det_soft 0.1505  (10s)
  step  400  JSR   -2.7  loss 14.6120  logE[BER] -4.615  P_det_soft 0.9997  (11s)
  step  425  JSR   -8.3  loss 15.2856  logE[BER] -5.352  P_det_soft 0.9934  (12s)
  step  450  JSR   -6.5  loss 15.2326  logE[BER] -5.300  P_det_soft 0.9933  (12s)
  step  475  JSR   -8.6  loss 15.4471  logE[BER] -5.573  P_det_soft 0.9875  (13s)
  step  500  JSR  -15.4  loss 11.3682  logE[BER] -7.470  P_det_soft 0.3898  (14s)
  step  525  JSR   -4.3  loss 14.9700  logE[BER] -4.970  P_det_soft 1.0000  (14s)
  step  550  JSR  -24.1  loss 53.0923  logE[BER] -51.464  P_det_soft 0.1628  (15s)
  step  575  JSR  -28.4  loss 72.0485  logE[BER] -70.325  P_det_soft 0.1723  (15s)
  step  600  JSR   -2.7  loss 14.4662  logE[BER] -4.474  P_det_soft 0.9992  (16s)
  step  625  JSR  -17.2  loss 10.6391  logE[BER] -8.471  P_det_soft 0.2168  (17s)
  step  650  JSR  -12.4  loss 11.6175  logE[BER] -6.217  P_det_soft 0.5400  (17s)
  step  675  JSR   -3.4  loss 14.8239  logE[BER] -4.824  P_det_soft 1.0000  (18s)
  step  700  JSR   -7.9  loss 14.8392  logE[BER] -4.958  P_det_soft 0.9881  (19s)
  step  725  JSR  -12.0  loss 14.0563  logE[BER] -6.030  P_det_soft 0.8026  (19s)
  step  750  JSR  -31.3  loss 82.3836  logE[BER] -81.011  P_det_soft 0.1372  (20s)
  step  775  JSR  -15.8  loss 9.4994  logE[BER] -6.984  P_det_soft 0.2516  (20s)
  step  800  JSR  -29.0  loss 68.4779  logE[BER] -66.876  P_det_soft 0.1602  (21s)
  step  825  JSR   -7.0  loss 15.0065  logE[BER] -5.014  P_det_soft 0.9992  (22s)
  step  850  JSR  -19.1  loss 10.6750  logE[BER] -8.330  P_det_soft 0.2345  (22s)
  step  875  JSR  -28.6  loss 67.0955  logE[BER] -65.452  P_det_soft 0.1644  (23s)
  step  900  JSR  -21.0  loss 14.2653  logE[BER] -12.438  P_det_soft 0.1828  (24s)
  step  925  JSR  -28.8  loss 76.4887  logE[BER] -74.978  P_det_soft 0.1511  (24s)
  step  950  JSR  -21.4  loss 18.3344  logE[BER] -16.349  P_det_soft 0.1986  (25s)
  step  975  JSR  -27.7  loss 49.4296  logE[BER] -47.675  P_det_soft 0.1754  (25s)
  step 1000  JSR  -16.7  loss 10.3362  logE[BER] -6.889  P_det_soft 0.3447  (26s)
  step 1025  JSR  -18.4  loss 10.6467  logE[BER] -8.357  P_det_soft 0.2289  (27s)
  step 1050  JSR  -18.7  loss 9.5120  logE[BER] -7.221  P_det_soft 0.2291  (27s)
  step 1075  JSR  -21.4  loss 21.9449  logE[BER] -20.393  P_det_soft 0.1552  (28s)
  step 1100  JSR   -5.5  loss 14.6119  logE[BER] -4.612  P_det_soft 1.0000  (29s)
  step 1125  JSR  -24.8  loss 38.8204  logE[BER] -37.265  P_det_soft 0.1555  (29s)
  step 1150  JSR   -6.6  loss 14.8813  logE[BER] -4.881  P_det_soft 1.0000  (30s)
  step 1175  JSR  -24.6  loss 26.3070  logE[BER] -24.911  P_det_soft 0.1396  (31s)
  step 1200  JSR  -19.5  loss 9.7400  logE[BER] -7.668  P_det_soft 0.2072  (31s)
  step 1225  JSR   -6.8  loss 15.0470  logE[BER] -5.047  P_det_soft 1.0000  (32s)
  step 1250  JSR  -22.4  loss 12.4938  logE[BER] -10.555  P_det_soft 0.1939  (32s)
  step 1275  JSR   -3.5  loss 14.5730  logE[BER] -4.573  P_det_soft 1.0000  (33s)
  step 1300  JSR  -19.2  loss 9.1897  logE[BER] -6.943  P_det_soft 0.2247  (34s)
  step 1325  JSR  -24.7  loss 32.5038  logE[BER] -30.960  P_det_soft 0.1543  (34s)
  step 1350  JSR   -5.6  loss 14.4145  logE[BER] -4.415  P_det_soft 1.0000  (35s)
  step 1375  JSR  -21.1  loss 10.7183  logE[BER] -8.695  P_det_soft 0.2023  (36s)
  step 1400  JSR  -28.3  loss 46.5208  logE[BER] -44.791  P_det_soft 0.1730  (36s)
  step 1425  JSR  -10.4  loss 14.7216  logE[BER] -5.430  P_det_soft 0.9291  (37s)
  step 1450  JSR  -19.8  loss 9.4927  logE[BER] -6.639  P_det_soft 0.2854  (37s)
  step 1475  JSR  -26.5  loss 30.5613  logE[BER] -28.815  P_det_soft 0.1746  (38s)
  step 1500  JSR  -12.0  loss 14.0503  logE[BER] -5.421  P_det_soft 0.8630  (39s)
  step 1525  JSR  -21.6  loss 10.5541  logE[BER] -8.596  P_det_soft 0.1958  (39s)
  step 1550  JSR  -14.8  loss 12.1997  logE[BER] -5.834  P_det_soft 0.6365  (40s)
  step 1575  JSR   -7.6  loss 15.0651  logE[BER] -5.065  P_det_soft 1.0000  (41s)
  step 1600  JSR  -11.7  loss 14.3271  logE[BER] -5.507  P_det_soft 0.8820  (41s)
  step 1625  JSR  -29.7  loss 50.4410  logE[BER] -48.936  P_det_soft 0.1505  (42s)
  step 1650  JSR  -29.3  loss 47.2473  logE[BER] -45.354  P_det_soft 0.1893  (42s)
  step 1675  JSR  -31.2  loss 54.8011  logE[BER] -53.400  P_det_soft 0.1401  (43s)
  step 1700  JSR  -13.7  loss 13.0286  logE[BER] -5.589  P_det_soft 0.7440  (44s)
  step 1725  JSR  -26.5  loss 26.7598  logE[BER] -24.768  P_det_soft 0.1992  (44s)
  step 1750  JSR  -17.4  loss 10.6531  logE[BER] -5.935  P_det_soft 0.4718  (45s)
  step 1775  JSR  -13.6  loss 12.5721  logE[BER] -5.628  P_det_soft 0.6944  (46s)
  step 1800  JSR  -11.0  loss 14.8992  logE[BER] -5.461  P_det_soft 0.9439  (46s)
  step 1825  JSR  -19.2  loss 9.2446  logE[BER] -6.310  P_det_soft 0.2935  (47s)
  step 1850  JSR   -9.5  loss 15.1136  logE[BER] -5.199  P_det_soft 0.9915  (48s)
  step 1875  JSR   -0.9  loss 14.6461  logE[BER] -4.646  P_det_soft 1.0000  (48s)
  step 1900  JSR  -29.5  loss 49.2207  logE[BER] -47.562  P_det_soft 0.1659  (49s)
  step 1925  JSR  -26.3  loss 22.9776  logE[BER] -21.468  P_det_soft 0.1510  (49s)
  step 1950  JSR  -30.6  loss 53.7489  logE[BER] -52.223  P_det_soft 0.1526  (50s)
  step 1975  JSR   -1.1  loss 14.6060  logE[BER] -4.606  P_det_soft 1.0000  (51s)
  step 2000  JSR   -3.2  loss 14.8533  logE[BER] -4.853  P_det_soft 1.0000  (51s)
  step 2025  JSR  -13.7  loss 13.6792  logE[BER] -5.631  P_det_soft 0.8049  (52s)
  step 2050  JSR   -6.5  loss 14.9839  logE[BER] -4.984  P_det_soft 1.0000  (53s)
  step 2075  JSR  -16.1  loss 11.5678  logE[BER] -5.782  P_det_soft 0.5786  (53s)
  step 2100  JSR   -6.8  loss 15.0464  logE[BER] -5.046  P_det_soft 1.0000  (54s)
  step 2125  JSR  -13.3  loss 13.4610  logE[BER] -5.513  P_det_soft 0.7948  (55s)
  step 2150  JSR  -24.8  loss 15.3386  logE[BER] -13.645  P_det_soft 0.1693  (55s)
  step 2175  JSR  -20.8  loss 8.6752  logE[BER] -6.679  P_det_soft 0.1996  (56s)
  step 2200  JSR  -13.7  loss 13.3449  logE[BER] -5.677  P_det_soft 0.7668  (56s)
  step 2225  JSR  -28.2  loss 35.4220  logE[BER] -33.849  P_det_soft 0.1573  (57s)
  step 2250  JSR   -1.6  loss 14.5762  logE[BER] -4.576  P_det_soft 1.0000  (58s)
  step 2275  JSR   -2.6  loss 14.6836  logE[BER] -4.684  P_det_soft 1.0000  (58s)
  step 2300  JSR  -27.7  loss 29.7544  logE[BER] -27.969  P_det_soft 0.1785  (59s)
  step 2325  JSR  -13.9  loss 13.1976  logE[BER] -5.597  P_det_soft 0.7601  (60s)
  step 2350  JSR   -9.7  loss 15.2916  logE[BER] -5.300  P_det_soft 0.9992  (60s)
  step 2375  JSR  -11.5  loss 14.2905  logE[BER] -5.333  P_det_soft 0.8958  (61s)
  step 2400  JSR  -11.7  loss 14.6368  logE[BER] -5.488  P_det_soft 0.9148  (62s)
  step 2425  JSR   -0.0  loss 14.5008  logE[BER] -4.501  P_det_soft 1.0000  (62s)
  step 2450  JSR  -14.1  loss 12.8466  logE[BER] -5.597  P_det_soft 0.7250  (63s)
  step 2475  JSR  -16.9  loss 11.3102  logE[BER] -5.989  P_det_soft 0.5321  (63s)
  step 2500  JSR  -15.7  loss 12.5916  logE[BER] -5.914  P_det_soft 0.6678  (64s)
  step 2525  JSR  -21.8  loss 8.7301  logE[BER] -6.819  P_det_soft 0.1911  (65s)
  step 2550  JSR  -27.4  loss 30.2217  logE[BER] -28.563  P_det_soft 0.1658  (65s)
  step 2575  JSR  -13.1  loss 13.4025  logE[BER] -5.456  P_det_soft 0.7947  (66s)
  step 2600  JSR  -22.4  loss 9.2582  logE[BER] -7.272  P_det_soft 0.1986  (67s)
  step 2625  JSR  -14.1  loss 13.3167  logE[BER] -5.580  P_det_soft 0.7737  (67s)
  step 2650  JSR   -7.2  loss 15.0728  logE[BER] -5.073  P_det_soft 1.0000  (68s)
  step 2675  JSR  -16.1  loss 12.9614  logE[BER] -5.977  P_det_soft 0.6985  (69s)
  step 2700  JSR  -18.8  loss 9.2347  logE[BER] -6.091  P_det_soft 0.3144  (69s)
  step 2725  JSR  -16.4  loss 11.2785  logE[BER] -5.839  P_det_soft 0.5439  (70s)
  step 2750  JSR  -21.5  loss 9.5292  logE[BER] -7.018  P_det_soft 0.2511  (70s)
  step 2775  JSR  -23.7  loss 11.8383  logE[BER] -9.690  P_det_soft 0.2148  (71s)
  step 2800  JSR  -24.8  loss 14.1531  logE[BER] -12.502  P_det_soft 0.1651  (72s)
  step 2825  JSR  -19.6  loss 9.5347  logE[BER] -6.305  P_det_soft 0.3229  (72s)
  step 2850  JSR  -14.3  loss 13.3165  logE[BER] -5.587  P_det_soft 0.7730  (73s)
  step 2875  JSR  -15.7  loss 11.9379  logE[BER] -5.683  P_det_soft 0.6255  (74s)
  step 2900  JSR   -4.2  loss 14.6838  logE[BER] -4.684  P_det_soft 1.0000  (74s)
  step 2925  JSR  -30.9  loss 51.4962  logE[BER] -49.944  P_det_soft 0.1552  (75s)
  step 2950  JSR   -9.4  loss 15.1583  logE[BER] -5.162  P_det_soft 0.9997  (75s)
  step 2975  JSR   -9.8  loss 15.3053  logE[BER] -5.310  P_det_soft 0.9995  (76s)
  step 3000  JSR  -28.4  loss 34.5645  logE[BER] -33.135  P_det_soft 0.1430  (77s)
  step 3025  JSR  -21.6  loss 8.8651  logE[BER] -6.777  P_det_soft 0.2088  (77s)
  step 3050  JSR  -17.5  loss 10.8325  logE[BER] -6.014  P_det_soft 0.4819  (78s)
  step 3075  JSR  -25.3  loss 17.1502  logE[BER] -15.209  P_det_soft 0.1941  (79s)
  step 3100  JSR   -6.0  loss 15.0815  logE[BER] -5.081  P_det_soft 1.0000  (79s)
  step 3125  JSR  -14.6  loss 12.4901  logE[BER] -5.568  P_det_soft 0.6922  (80s)
  step 3150  JSR  -23.6  loss 11.0223  logE[BER] -9.278  P_det_soft 0.1744  (81s)
  step 3175  JSR  -24.4  loss 12.8239  logE[BER] -11.021  P_det_soft 0.1802  (81s)
  step 3200  JSR  -10.1  loss 15.1602  logE[BER] -5.175  P_det_soft 0.9985  (82s)
  step 3225  JSR  -28.8  loss 35.4117  logE[BER] -33.730  P_det_soft 0.1682  (82s)
  step 3250  JSR   -3.0  loss 14.6541  logE[BER] -4.654  P_det_soft 1.0000  (83s)
  step 3275  JSR  -31.1  loss 49.7463  logE[BER] -48.134  P_det_soft 0.1612  (84s)
  step 3300  JSR   -6.9  loss 14.8597  logE[BER] -4.860  P_det_soft 1.0000  (84s)
  step 3325  JSR  -17.2  loss 10.9259  logE[BER] -5.825  P_det_soft 0.5101  (85s)
  step 3350  JSR  -24.6  loss 13.4081  logE[BER] -11.534  P_det_soft 0.1874  (86s)
  step 3375  JSR  -23.1  loss 10.6862  logE[BER] -8.699  P_det_soft 0.1987  (86s)
  step 3400  JSR  -11.3  loss 15.0621  logE[BER] -5.452  P_det_soft 0.9610  (87s)
  step 3425  JSR   -8.3  loss 15.0698  logE[BER] -5.070  P_det_soft 1.0000  (88s)
  step 3450  JSR  -14.9  loss 12.2287  logE[BER] -5.644  P_det_soft 0.6585  (88s)
  step 3475  JSR  -30.9  loss 53.3546  logE[BER] -51.448  P_det_soft 0.1907  (89s)
  step 3500  JSR   -7.2  loss 14.9547  logE[BER] -4.955  P_det_soft 1.0000  (89s)
  step 3525  JSR  -19.5  loss 9.4895  logE[BER] -6.182  P_det_soft 0.3308  (90s)
  step 3550  JSR   -1.3  loss 14.5278  logE[BER] -4.528  P_det_soft 1.0000  (91s)
  step 3575  JSR  -15.4  loss 12.7339  logE[BER] -5.805  P_det_soft 0.6929  (91s)
  step 3600  JSR  -31.1  loss 52.7392  logE[BER] -51.193  P_det_soft 0.1546  (92s)
  step 3625  JSR  -19.5  loss 10.2214  logE[BER] -6.294  P_det_soft 0.3928  (93s)
  step 3650  JSR  -31.0  loss 54.9741  logE[BER] -53.307  P_det_soft 0.1667  (93s)
  step 3675  JSR  -27.0  loss 24.7565  logE[BER] -23.202  P_det_soft 0.1554  (94s)
  step 3700  JSR   -8.5  loss 15.1584  logE[BER] -5.158  P_det_soft 1.0000  (95s)
  step 3725  JSR  -15.9  loss 12.1910  logE[BER] -5.787  P_det_soft 0.6404  (95s)
  step 3750  JSR  -18.8  loss 10.5743  logE[BER] -6.153  P_det_soft 0.4421  (96s)
  step 3775  JSR  -28.4  loss 34.9053  logE[BER] -33.165  P_det_soft 0.1741  (96s)
  step 3800  JSR  -20.4  loss 9.2786  logE[BER] -6.329  P_det_soft 0.2949  (97s)
  step 3825  JSR  -29.7  loss 40.9278  logE[BER] -39.376  P_det_soft 0.1552  (98s)
  step 3850  JSR  -25.3  loss 16.6773  logE[BER] -14.848  P_det_soft 0.1830  (98s)
  step 3875  JSR  -24.3  loss 12.2069  logE[BER] -10.526  P_det_soft 0.1681  (99s)
  step 3900  JSR  -29.2  loss 34.7545  logE[BER] -33.080  P_det_soft 0.1674  (100s)
  step 3925  JSR  -22.5  loss 9.4719  logE[BER] -7.602  P_det_soft 0.1870  (100s)
  step 3950  JSR  -21.7  loss 9.1510  logE[BER] -7.168  P_det_soft 0.1983  (101s)
  step 3975  JSR   -7.7  loss 15.0505  logE[BER] -5.050  P_det_soft 1.0000  (102s)
  step 3999  JSR  -25.0  loss 13.8997  logE[BER] -12.053  P_det_soft 0.1847  (102s)
wrote gan/kurtosis_b10_r0_G.pt, gan/kurtosis_b10_r0.json in 103s
