node: tikgpu04.ee.ethz.ch | gpu: NVIDIA TITAN RTX
env both = {'noise_unc_db': 0.5, 'rician_k_db': 12.0} | task cnn_b10_r2 = {'target': 'spec_cnn', 'beta': 10.0, 'cgan_task': 14} | seed 6014 | band (-35.8, -3.8) | 32 frames/step | 4000 steps | device cuda:0
  target spec_cnn: threshold -0.44283, clean-frame std 1.31588 (soft_pdet width)
  step    0  JSR   -8.2  loss 30.7573  logE[BER] -20.975  P_det_soft 0.9783  (1s)
  step   25  JSR  -21.5  loss 48.5099  logE[BER] -46.194  P_det_soft 0.2316  (3s)
  step   50  JSR   -6.9  loss 15.5495  logE[BER] -5.977  P_det_soft 0.9572  (6s)
  step   75  JSR   -4.2  loss 14.5215  logE[BER] -4.765  P_det_soft 0.9756  (8s)
  step  100  JSR  -27.8  loss 62.2837  logE[BER] -60.199  P_det_soft 0.2085  (11s)
  step  125  JSR  -34.0  loss 35.4555  logE[BER] -34.119  P_det_soft 0.1337  (13s)
  step  150  JSR  -33.8  loss 59.9923  logE[BER] -58.197  P_det_soft 0.1795  (16s)
  step  175  JSR  -20.3  loss 37.6042  logE[BER] -35.237  P_det_soft 0.2367  (18s)
  step  200  JSR   -5.2  loss 14.9436  logE[BER] -5.225  P_det_soft 0.9719  (21s)
  step  225  JSR  -35.4  loss 65.5271  logE[BER] -64.030  P_det_soft 0.1497  (23s)
  step  250  JSR  -35.2  loss 82.9294  logE[BER] -81.413  P_det_soft 0.1516  (26s)
  step  275  JSR  -11.7  loss 18.1599  logE[BER] -9.035  P_det_soft 0.9125  (28s)
  step  300  JSR  -32.1  loss 52.1327  logE[BER] -50.263  P_det_soft 0.1870  (31s)
  step  325  JSR  -18.3  loss 23.2638  logE[BER] -20.038  P_det_soft 0.3226  (34s)
  step  350  JSR  -25.4  loss 57.0503  logE[BER] -54.915  P_det_soft 0.2136  (36s)
  step  375  JSR  -13.4  loss 21.5723  logE[BER] -13.927  P_det_soft 0.7645  (39s)
  step  400  JSR  -30.9  loss 55.9969  logE[BER] -54.130  P_det_soft 0.1867  (41s)
  step  425  JSR  -34.9  loss 69.1939  logE[BER] -67.390  P_det_soft 0.1804  (44s)
  step  450  JSR  -31.5  loss 44.0589  logE[BER] -42.281  P_det_soft 0.1778  (46s)
  step  475  JSR  -16.0  loss 31.5804  logE[BER] -26.844  P_det_soft 0.4736  (49s)
  step  500  JSR  -22.5  loss 55.3225  logE[BER] -53.390  P_det_soft 0.1933  (52s)
  step  525  JSR  -30.1  loss 40.9324  logE[BER] -38.812  P_det_soft 0.2121  (54s)
  step  550  JSR   -9.7  loss 17.1667  logE[BER] -7.681  P_det_soft 0.9485  (57s)
  step  575  JSR  -35.6  loss 73.2047  logE[BER] -71.772  P_det_soft 0.1433  (59s)
  step  600  JSR  -10.4  loss 19.1515  logE[BER] -9.709  P_det_soft 0.9442  (62s)
  step  625  JSR  -29.7  loss 73.3211  logE[BER] -71.778  P_det_soft 0.1543  (64s)
  step  650  JSR  -27.6  loss 47.1114  logE[BER] -45.361  P_det_soft 0.1750  (67s)
  step  675  JSR  -15.3  loss 36.7240  logE[BER] -31.296  P_det_soft 0.5428  (70s)
  step  700  JSR  -13.8  loss 30.8774  logE[BER] -23.598  P_det_soft 0.7280  (72s)
  step  725  JSR   -8.5  loss 16.7620  logE[BER] -7.180  P_det_soft 0.9582  (75s)
  step  750  JSR  -13.1  loss 27.5032  logE[BER] -19.459  P_det_soft 0.8044  (77s)
  step  775  JSR  -15.4  loss 21.0327  logE[BER] -16.374  P_det_soft 0.4659  (80s)
  step  800  JSR  -16.8  loss 36.8668  logE[BER] -33.170  P_det_soft 0.3697  (82s)
  step  825  JSR   -9.9  loss 18.2897  logE[BER] -9.073  P_det_soft 0.9216  (85s)
  step  850  JSR  -17.0  loss 31.1865  logE[BER] -27.707  P_det_soft 0.3479  (88s)
  step  875  JSR  -19.3  loss 39.7988  logE[BER] -36.645  P_det_soft 0.3154  (90s)
  step  900  JSR  -24.1  loss 57.0698  logE[BER] -55.195  P_det_soft 0.1875  (93s)
  step  925  JSR   -4.1  loss 14.2264  logE[BER] -4.544  P_det_soft 0.9682  (95s)
  step  950  JSR  -31.3  loss 47.3754  logE[BER] -45.705  P_det_soft 0.1670  (98s)
  step  975  JSR  -10.2  loss 18.9793  logE[BER] -9.788  P_det_soft 0.9192  (100s)
  step 1000  JSR  -31.8  loss 44.8190  logE[BER] -42.697  P_det_soft 0.2122  (103s)
  step 1025  JSR  -30.5  loss 39.6367  logE[BER] -37.438  P_det_soft 0.2199  (106s)
  step 1050  JSR  -23.3  loss 52.3311  logE[BER] -49.677  P_det_soft 0.2654  (108s)
  step 1075  JSR  -22.8  loss 43.8340  logE[BER] -42.186  P_det_soft 0.1648  (111s)
  step 1100  JSR  -34.6  loss 45.0969  logE[BER] -43.781  P_det_soft 0.1316  (113s)
  step 1125  JSR  -26.1  loss 37.3052  logE[BER] -35.351  P_det_soft 0.1955  (116s)
  step 1150  JSR  -14.7  loss 24.4320  logE[BER] -19.708  P_det_soft 0.4724  (118s)
  step 1175  JSR  -17.2  loss 38.4738  logE[BER] -35.239  P_det_soft 0.3235  (121s)
  step 1200  JSR  -13.6  loss 19.9565  logE[BER] -14.589  P_det_soft 0.5368  (124s)
  step 1225  JSR  -16.4  loss 31.5188  logE[BER] -28.145  P_det_soft 0.3374  (126s)
  step 1250  JSR  -12.4  loss 20.7928  logE[BER] -13.844  P_det_soft 0.6948  (129s)
  step 1275  JSR   -5.6  loss 14.8325  logE[BER] -5.164  P_det_soft 0.9669  (131s)
  step 1300  JSR  -27.2  loss 41.8112  logE[BER] -40.284  P_det_soft 0.1528  (134s)
  step 1325  JSR   -9.1  loss 16.0769  logE[BER] -6.833  P_det_soft 0.9244  (137s)
  step 1350  JSR  -13.7  loss 22.9019  logE[BER] -17.288  P_det_soft 0.5614  (139s)
  step 1375  JSR  -31.0  loss 70.6897  logE[BER] -69.037  P_det_soft 0.1653  (142s)
  step 1400  JSR   -6.8  loss 15.9422  logE[BER] -6.319  P_det_soft 0.9623  (144s)
  step 1425  JSR   -4.9  loss 14.6532  logE[BER] -4.968  P_det_soft 0.9685  (147s)
  step 1450  JSR   -7.6  loss 15.9429  logE[BER] -6.527  P_det_soft 0.9416  (149s)
  step 1475  JSR  -21.6  loss 52.6798  logE[BER] -50.443  P_det_soft 0.2236  (152s)
  step 1500  JSR  -13.1  loss 16.3580  logE[BER] -10.974  P_det_soft 0.5384  (155s)
  step 1525  JSR  -30.2  loss 62.1990  logE[BER] -60.507  P_det_soft 0.1692  (157s)
  step 1550  JSR   -5.1  loss 14.6836  logE[BER] -4.983  P_det_soft 0.9701  (160s)
  step 1575  JSR  -16.5  loss 24.2910  logE[BER] -21.054  P_det_soft 0.3237  (162s)
  step 1600  JSR  -22.1  loss 36.3226  logE[BER] -34.268  P_det_soft 0.2054  (165s)
  step 1625  JSR  -15.9  loss 16.0675  logE[BER] -12.869  P_det_soft 0.3198  (167s)
  step 1650  JSR  -16.8  loss 32.5234  logE[BER] -29.236  P_det_soft 0.3287  (170s)
  step 1675  JSR  -27.7  loss 54.6288  logE[BER] -53.052  P_det_soft 0.1577  (173s)
  step 1700  JSR  -30.9  loss 80.4674  logE[BER] -78.260  P_det_soft 0.2207  (175s)
  step 1725  JSR  -17.5  loss 32.0114  logE[BER] -29.397  P_det_soft 0.2615  (178s)
  step 1750  JSR  -11.8  loss 17.0882  logE[BER] -11.532  P_det_soft 0.5556  (180s)
  step 1775  JSR  -34.4  loss 75.3236  logE[BER] -73.658  P_det_soft 0.1666  (183s)
  step 1800  JSR  -32.9  loss 43.8550  logE[BER] -41.761  P_det_soft 0.2094  (185s)
  step 1825  JSR  -12.4  loss 14.8326  logE[BER] -8.840  P_det_soft 0.5993  (188s)
  step 1850  JSR  -10.7  loss 14.7690  logE[BER] -8.212  P_det_soft 0.6557  (191s)
  step 1875  JSR  -12.6  loss 15.6866  logE[BER] -11.832  P_det_soft 0.3854  (193s)
  step 1900  JSR  -17.3  loss 30.9812  logE[BER] -28.113  P_det_soft 0.2869  (196s)
  step 1925  JSR  -11.2  loss 14.2421  logE[BER] -9.166  P_det_soft 0.5076  (198s)
  step 1950  JSR  -10.3  loss 15.3033  logE[BER] -8.451  P_det_soft 0.6853  (201s)
  step 1975  JSR  -26.9  loss 61.1496  logE[BER] -59.064  P_det_soft 0.2085  (204s)
  step 2000  JSR  -28.7  loss 41.9604  logE[BER] -40.505  P_det_soft 0.1455  (206s)
  step 2025  JSR  -12.9  loss 23.0247  logE[BER] -18.947  P_det_soft 0.4077  (209s)
  step 2050  JSR  -21.3  loss 46.9927  logE[BER] -44.765  P_det_soft 0.2228  (211s)
  step 2075  JSR  -13.3  loss 19.6130  logE[BER] -15.949  P_det_soft 0.3664  (214s)
  step 2100  JSR  -30.2  loss 52.9746  logE[BER] -51.190  P_det_soft 0.1784  (216s)
  step 2125  JSR  -27.6  loss 51.8287  logE[BER] -50.383  P_det_soft 0.1445  (219s)
  step 2150  JSR   -7.9  loss 13.2015  logE[BER] -5.564  P_det_soft 0.7638  (222s)
  step 2175  JSR  -20.0  loss 30.7459  logE[BER] -28.656  P_det_soft 0.2090  (224s)
  step 2200  JSR  -19.2  loss 24.8366  logE[BER] -22.067  P_det_soft 0.2770  (227s)
  step 2225  JSR  -22.2  loss 33.6795  logE[BER] -31.045  P_det_soft 0.2635  (229s)
  step 2250  JSR   -6.3  loss 13.1497  logE[BER] -5.199  P_det_soft 0.7950  (232s)
  step 2275  JSR  -34.4  loss 79.3602  logE[BER] -77.698  P_det_soft 0.1662  (235s)
  step 2300  JSR  -30.6  loss 51.3260  logE[BER] -49.262  P_det_soft 0.2064  (237s)
  step 2325  JSR  -30.1  loss 55.8291  logE[BER] -54.136  P_det_soft 0.1693  (240s)
  step 2350  JSR  -26.1  loss 51.4337  logE[BER] -50.024  P_det_soft 0.1410  (242s)
  step 2375  JSR  -19.5  loss 36.8800  logE[BER] -34.556  P_det_soft 0.2324  (245s)
  step 2400  JSR  -11.3  loss 13.2356  logE[BER] -8.174  P_det_soft 0.5062  (247s)
  step 2425  JSR   -5.6  loss 13.4457  logE[BER] -4.718  P_det_soft 0.8728  (250s)
  step 2450  JSR   -4.3  loss 13.4661  logE[BER] -4.399  P_det_soft 0.9067  (253s)
  step 2475  JSR   -4.1  loss 13.1630  logE[BER] -4.344  P_det_soft 0.8819  (255s)
  step 2500  JSR   -5.1  loss 13.2406  logE[BER] -4.542  P_det_soft 0.8699  (258s)
  step 2525  JSR  -27.2  loss 35.0587  logE[BER] -33.041  P_det_soft 0.2018  (260s)
  step 2550  JSR  -23.7  loss 55.0539  logE[BER] -53.379  P_det_soft 0.1675  (263s)
  step 2575  JSR  -16.5  loss 19.0986  logE[BER] -16.831  P_det_soft 0.2268  (266s)
  step 2600  JSR  -29.8  loss 39.8709  logE[BER] -37.587  P_det_soft 0.2284  (268s)
  step 2625  JSR   -5.9  loss 12.5379  logE[BER] -4.865  P_det_soft 0.7672  (271s)
  step 2650  JSR  -35.3  loss 49.9664  logE[BER] -48.583  P_det_soft 0.1383  (273s)
  step 2675  JSR  -20.5  loss 35.0709  logE[BER] -33.243  P_det_soft 0.1828  (276s)
  step 2700  JSR  -33.6  loss 63.5258  logE[BER] -61.380  P_det_soft 0.2146  (278s)
  step 2725  JSR  -30.1  loss 47.5407  logE[BER] -45.373  P_det_soft 0.2167  (281s)
  step 2750  JSR  -15.8  loss 28.5346  logE[BER] -26.257  P_det_soft 0.2278  (284s)
  step 2775  JSR  -25.6  loss 55.8417  logE[BER] -54.216  P_det_soft 0.1625  (286s)
  step 2800  JSR  -24.7  loss 40.6758  logE[BER] -38.809  P_det_soft 0.1867  (289s)
  step 2825  JSR  -20.6  loss 42.4642  logE[BER] -40.975  P_det_soft 0.1489  (291s)
  step 2850  JSR  -27.8  loss 52.5897  logE[BER] -50.919  P_det_soft 0.1670  (294s)
  step 2875  JSR   -7.2  loss 12.6476  logE[BER] -5.784  P_det_soft 0.6864  (296s)
  step 2900  JSR  -24.9  loss 38.6292  logE[BER] -36.637  P_det_soft 0.1992  (299s)
  step 2925  JSR  -32.3  loss 64.0700  logE[BER] -62.374  P_det_soft 0.1696  (302s)
  step 2950  JSR   -4.5  loss 13.2276  logE[BER] -4.760  P_det_soft 0.8468  (304s)
  step 2975  JSR  -32.6  loss 54.2664  logE[BER] -52.234  P_det_soft 0.2032  (307s)
  step 3000  JSR   -9.0  loss 12.0524  logE[BER] -6.783  P_det_soft 0.5269  (309s)
  step 3025  JSR  -11.0  loss 11.6013  logE[BER] -7.406  P_det_soft 0.4195  (312s)
  step 3050  JSR  -15.3  loss 16.4333  logE[BER] -13.837  P_det_soft 0.2597  (315s)
  step 3075  JSR  -10.9  loss 14.0264  logE[BER] -10.187  P_det_soft 0.3840  (317s)
  step 3100  JSR  -22.7  loss 47.0084  logE[BER] -45.203  P_det_soft 0.1805  (320s)
  step 3125  JSR   -7.6  loss 11.1964  logE[BER] -5.927  P_det_soft 0.5270  (322s)
  step 3150  JSR  -28.8  loss 66.4467  logE[BER] -64.008  P_det_soft 0.2439  (325s)
  step 3175  JSR  -13.3  loss 12.0719  logE[BER] -9.092  P_det_soft 0.2980  (327s)
  step 3200  JSR  -29.8  loss 36.5476  logE[BER] -34.573  P_det_soft 0.1975  (330s)
  step 3225  JSR  -20.8  loss 32.9838  logE[BER] -31.132  P_det_soft 0.1852  (333s)
  step 3250  JSR   -4.9  loss 12.0508  logE[BER] -4.533  P_det_soft 0.7518  (335s)
  step 3275  JSR  -35.7  loss 64.2466  logE[BER] -62.734  P_det_soft 0.1512  (338s)
  step 3300  JSR  -31.8  loss 43.4054  logE[BER] -41.590  P_det_soft 0.1815  (340s)
  step 3325  JSR  -25.0  loss 47.5046  logE[BER] -45.183  P_det_soft 0.2321  (343s)
  step 3350  JSR  -21.0  loss 59.2496  logE[BER] -56.672  P_det_soft 0.2578  (345s)
  step 3375  JSR  -14.6  loss 22.7776  logE[BER] -20.270  P_det_soft 0.2508  (348s)
  step 3400  JSR  -13.7  loss 11.7467  logE[BER] -8.567  P_det_soft 0.3180  (351s)
  step 3425  JSR  -17.7  loss 14.1211  logE[BER] -11.488  P_det_soft 0.2633  (353s)
  step 3450  JSR  -15.7  loss 12.4823  logE[BER] -10.490  P_det_soft 0.1993  (356s)
  step 3475  JSR  -17.3  loss 26.4508  logE[BER] -24.230  P_det_soft 0.2221  (358s)
  step 3500  JSR  -17.0  loss 32.9509  logE[BER] -31.252  P_det_soft 0.1699  (361s)
  step 3525  JSR   -4.1  loss 13.0431  logE[BER] -4.197  P_det_soft 0.8846  (363s)
  step 3550  JSR  -27.9  loss 55.0691  logE[BER] -52.450  P_det_soft 0.2619  (366s)
  step 3575  JSR  -14.1  loss 18.2067  logE[BER] -15.506  P_det_soft 0.2701  (369s)
  step 3600  JSR   -7.6  loss 11.3111  logE[BER] -5.700  P_det_soft 0.5611  (371s)
  step 3625  JSR  -22.2  loss 45.7213  logE[BER] -43.877  P_det_soft 0.1845  (374s)
  step 3650  JSR  -31.0  loss 45.5263  logE[BER] -43.435  P_det_soft 0.2092  (376s)
  step 3675  JSR  -12.4  loss 12.5241  logE[BER] -9.853  P_det_soft 0.2672  (379s)
  step 3700  JSR  -14.7  loss 16.4310  logE[BER] -13.911  P_det_soft 0.2520  (381s)
  step 3725  JSR  -21.1  loss 37.0866  logE[BER] -35.033  P_det_soft 0.2053  (384s)
  step 3750  JSR   -4.2  loss 12.7737  logE[BER] -4.319  P_det_soft 0.8455  (386s)
  step 3775  JSR  -26.0  loss 52.9036  logE[BER] -51.372  P_det_soft 0.1532  (389s)
  step 3800  JSR  -34.4  loss 63.5664  logE[BER] -61.631  P_det_soft 0.1936  (392s)
  step 3825  JSR  -31.9  loss 61.9753  logE[BER] -60.573  P_det_soft 0.1402  (394s)
  step 3850  JSR   -7.0  loss 12.6032  logE[BER] -5.081  P_det_soft 0.7522  (397s)
  step 3875  JSR  -17.4  loss 32.1419  logE[BER] -30.267  P_det_soft 0.1875  (399s)
  step 3900  JSR  -10.6  loss 11.0331  logE[BER] -6.638  P_det_soft 0.4395  (402s)
  step 3925  JSR  -29.5  loss 43.5362  logE[BER] -42.006  P_det_soft 0.1530  (404s)
  step 3950  JSR  -23.1  loss 37.6588  logE[BER] -35.792  P_det_soft 0.1867  (407s)
  step 3975  JSR  -20.6  loss 44.2274  logE[BER] -41.747  P_det_soft 0.2480  (410s)
  step 3999  JSR  -34.4  loss 62.9604  logE[BER] -61.031  P_det_soft 0.1929  (412s)
wrote gan/cnn_b10_r2_G.pt, gan/cnn_b10_r2.json in 418s
