node: tikgpu04.ee.ethz.ch | gpu: NVIDIA TITAN RTX
env base = {'noise_unc_db': 0.0, 'rician_k_db': None} | task control_r0 = {'target': None, 'beta': 0.0, 'cgan_task': 0} | seed 4000 | band (-32.0, 0.0) | 128 frames/step | 4000 steps | device cuda:0
  step    0  JSR  -20.6  loss 110.8081  logE[BER] -110.808  P_det_soft 0.0000  (1s)
  step   25  JSR  -30.4  loss 107.4153  logE[BER] -107.415  P_det_soft 0.0000  (2s)
  step   50  JSR   -4.2  loss 5.4470  logE[BER] -5.447  P_det_soft 0.0000  (2s)
  step   75  JSR  -15.4  loss 15.2791  logE[BER] -15.279  P_det_soft 0.0000  (3s)
  step  100  JSR   -5.6  loss 5.3776  logE[BER] -5.378  P_det_soft 0.0000  (3s)
  step  125  JSR  -24.5  loss 72.9777  logE[BER] -72.978  P_det_soft 0.0000  (4s)
  step  150  JSR   -1.5  loss 4.5613  logE[BER] -4.561  P_det_soft 0.0000  (4s)
  step  175  JSR  -19.0  loss 28.7543  logE[BER] -28.754  P_det_soft 0.0000  (5s)
  step  200  JSR  -14.9  loss 8.0286  logE[BER] -8.029  P_det_soft 0.0000  (6s)
  step  225  JSR  -30.6  loss 97.3501  logE[BER] -97.350  P_det_soft 0.0000  (6s)
  step  250  JSR   -2.5  loss 4.7873  logE[BER] -4.787  P_det_soft 0.0000  (7s)
  step  275  JSR   -9.9  loss 7.1864  logE[BER] -7.186  P_det_soft 0.0000  (7s)
  step  300  JSR  -21.7  loss 32.5105  logE[BER] -32.511  P_det_soft 0.0000  (8s)
  step  325  JSR  -22.6  loss 54.6142  logE[BER] -54.614  P_det_soft 0.0000  (8s)
  step  350  JSR  -18.3  loss 23.2495  logE[BER] -23.250  P_det_soft 0.0000  (9s)
  step  375  JSR  -19.2  loss 15.8376  logE[BER] -15.838  P_det_soft 0.0000  (10s)
  step  400  JSR  -29.0  loss 90.8263  logE[BER] -90.826  P_det_soft 0.0000  (10s)
  step  425  JSR  -20.5  loss 44.8152  logE[BER] -44.815  P_det_soft 0.0000  (11s)
  step  450  JSR   -8.9  loss 5.7735  logE[BER] -5.773  P_det_soft 0.0000  (11s)
  step  475  JSR  -27.8  loss 85.3882  logE[BER] -85.388  P_det_soft 0.0000  (12s)
  step  500  JSR  -19.0  loss 19.7822  logE[BER] -19.782  P_det_soft 0.0000  (13s)
  step  525  JSR  -21.3  loss 33.3062  logE[BER] -33.306  P_det_soft 0.0000  (13s)
  step  550  JSR   -1.6  loss 4.3250  logE[BER] -4.325  P_det_soft 0.0000  (14s)
  step  575  JSR  -22.9  loss 50.2617  logE[BER] -50.262  P_det_soft 0.0000  (14s)
  step  600  JSR  -22.2  loss 37.2880  logE[BER] -37.288  P_det_soft 0.0000  (15s)
  step  625  JSR  -28.3  loss 84.6500  logE[BER] -84.650  P_det_soft 0.0000  (15s)
  step  650  JSR  -13.0  loss 6.4211  logE[BER] -6.421  P_det_soft 0.0000  (16s)
  step  675  JSR  -10.0  loss 6.0667  logE[BER] -6.067  P_det_soft 0.0000  (17s)
  step  700  JSR  -14.0  loss 7.2538  logE[BER] -7.254  P_det_soft 0.0000  (17s)
  step  725  JSR   -6.7  loss 4.9379  logE[BER] -4.938  P_det_soft 0.0000  (18s)
  step  750  JSR   -9.1  loss 5.6698  logE[BER] -5.670  P_det_soft 0.0000  (18s)
  step  775  JSR  -12.7  loss 6.8516  logE[BER] -6.852  P_det_soft 0.0000  (19s)
  step  800  JSR  -26.9  loss 71.0258  logE[BER] -71.026  P_det_soft 0.0000  (20s)
  step  825  JSR  -30.8  loss 90.2122  logE[BER] -90.212  P_det_soft 0.0000  (20s)
  step  850  JSR  -28.3  loss 79.1839  logE[BER] -79.184  P_det_soft 0.0000  (21s)
  step  875  JSR  -25.1  loss 50.9146  logE[BER] -50.915  P_det_soft 0.0000  (21s)
  step  900  JSR  -30.5  loss 87.9654  logE[BER] -87.965  P_det_soft 0.0000  (22s)
  step  925  JSR   -2.8  loss 4.3992  logE[BER] -4.399  P_det_soft 0.0000  (22s)
  step  950  JSR   -8.2  loss 5.1561  logE[BER] -5.156  P_det_soft 0.0000  (23s)
  step  975  JSR  -11.8  loss 6.0462  logE[BER] -6.046  P_det_soft 0.0000  (24s)
  step 1000  JSR   -0.2  loss 4.2311  logE[BER] -4.231  P_det_soft 0.0000  (24s)
  step 1025  JSR  -24.4  loss 46.0157  logE[BER] -46.016  P_det_soft 0.0000  (25s)
  step 1050  JSR  -14.6  loss 7.0594  logE[BER] -7.059  P_det_soft 0.0000  (25s)
  step 1075  JSR  -29.0  loss 75.0233  logE[BER] -75.023  P_det_soft 0.0000  (26s)
  step 1100  JSR  -16.3  loss 7.0652  logE[BER] -7.065  P_det_soft 0.0000  (27s)
  step 1125  JSR   -0.8  loss 4.1090  logE[BER] -4.109  P_det_soft 0.0000  (27s)
  step 1150  JSR   -3.6  loss 4.4708  logE[BER] -4.471  P_det_soft 0.0000  (28s)
  step 1175  JSR  -23.7  loss 27.5770  logE[BER] -27.577  P_det_soft 0.0000  (28s)
  step 1200  JSR  -24.5  loss 46.8367  logE[BER] -46.837  P_det_soft 0.0000  (29s)
  step 1225  JSR   -5.2  loss 4.7083  logE[BER] -4.708  P_det_soft 0.0000  (29s)
  step 1250  JSR   -4.6  loss 4.6865  logE[BER] -4.687  P_det_soft 0.0000  (30s)
  step 1275  JSR   -5.8  loss 4.8389  logE[BER] -4.839  P_det_soft 0.0000  (31s)
  step 1300  JSR   -0.8  loss 4.1602  logE[BER] -4.160  P_det_soft 0.0000  (31s)
  step 1325  JSR   -2.6  loss 4.2671  logE[BER] -4.267  P_det_soft 0.0000  (32s)
  step 1350  JSR   -8.1  loss 4.9469  logE[BER] -4.947  P_det_soft 0.0000  (32s)
  step 1375  JSR   -0.8  loss 3.9013  logE[BER] -3.901  P_det_soft 0.0000  (33s)
  step 1400  JSR  -13.3  loss 6.3754  logE[BER] -6.375  P_det_soft 0.0000  (33s)
  step 1425  JSR   -1.9  loss 4.2375  logE[BER] -4.237  P_det_soft 0.0000  (34s)
  step 1450  JSR  -23.2  loss 22.7920  logE[BER] -22.792  P_det_soft 0.0000  (35s)
  step 1475  JSR  -16.2  loss 7.2316  logE[BER] -7.232  P_det_soft 0.0000  (35s)
  step 1500  JSR   -8.5  loss 5.0976  logE[BER] -5.098  P_det_soft 0.0000  (36s)
  step 1525  JSR  -18.5  loss 9.0223  logE[BER] -9.022  P_det_soft 0.0000  (36s)
  step 1550  JSR  -30.1  loss 66.0765  logE[BER] -66.077  P_det_soft 0.0000  (37s)
  step 1575  JSR  -11.2  loss 6.0368  logE[BER] -6.037  P_det_soft 0.0000  (38s)
  step 1600  JSR   -8.5  loss 5.2931  logE[BER] -5.293  P_det_soft 0.0000  (38s)
  step 1625  JSR  -22.0  loss 12.9196  logE[BER] -12.920  P_det_soft 0.0000  (39s)
  step 1650  JSR  -30.1  loss 70.1270  logE[BER] -70.127  P_det_soft 0.0000  (39s)
  step 1675  JSR  -10.0  loss 5.4332  logE[BER] -5.433  P_det_soft 0.0000  (40s)
  step 1700  JSR  -31.9  loss 81.4924  logE[BER] -81.492  P_det_soft 0.0000  (40s)
  step 1725  JSR   -8.0  loss 4.9747  logE[BER] -4.975  P_det_soft 0.0000  (41s)
  step 1750  JSR  -14.4  loss 6.3995  logE[BER] -6.400  P_det_soft 0.0000  (42s)
  step 1775  JSR   -2.8  loss 4.3001  logE[BER] -4.300  P_det_soft 0.0000  (42s)
  step 1800  JSR   -4.9  loss 4.4748  logE[BER] -4.475  P_det_soft 0.0000  (43s)
  step 1825  JSR  -24.9  loss 24.7644  logE[BER] -24.764  P_det_soft 0.0000  (43s)
  step 1850  JSR  -15.1  loss 6.4074  logE[BER] -6.407  P_det_soft 0.0000  (44s)
  step 1875  JSR   -5.5  loss 4.3920  logE[BER] -4.392  P_det_soft 0.0000  (44s)
  step 1900  JSR  -21.5  loss 11.7218  logE[BER] -11.722  P_det_soft 0.0000  (45s)
  step 1925  JSR  -15.2  loss 6.4781  logE[BER] -6.478  P_det_soft 0.0000  (46s)
  step 1950  JSR  -16.2  loss 6.4595  logE[BER] -6.460  P_det_soft 0.0000  (46s)
  step 1975  JSR  -10.8  loss 5.3706  logE[BER] -5.371  P_det_soft 0.0000  (47s)
  step 2000  JSR   -6.3  loss 4.5473  logE[BER] -4.547  P_det_soft 0.0000  (47s)
  step 2025  JSR   -1.8  loss 3.9727  logE[BER] -3.973  P_det_soft 0.0000  (48s)
  step 2050  JSR  -30.1  loss 63.4416  logE[BER] -63.442  P_det_soft 0.0000  (49s)
  step 2075  JSR  -28.1  loss 51.1680  logE[BER] -51.168  P_det_soft 0.0000  (49s)
  step 2100  JSR   -8.3  loss 5.1685  logE[BER] -5.168  P_det_soft 0.0000  (50s)
  step 2125  JSR  -17.6  loss 6.8430  logE[BER] -6.843  P_det_soft 0.0000  (50s)
  step 2150  JSR   -3.6  loss 4.4705  logE[BER] -4.470  P_det_soft 0.0000  (51s)
  step 2175  JSR  -29.3  loss 56.6461  logE[BER] -56.646  P_det_soft 0.0000  (51s)
  step 2200  JSR  -16.9  loss 6.5296  logE[BER] -6.530  P_det_soft 0.0000  (52s)
  step 2225  JSR   -3.0  loss 4.4226  logE[BER] -4.423  P_det_soft 0.0000  (53s)
  step 2250  JSR   -1.6  loss 4.0876  logE[BER] -4.088  P_det_soft 0.0000  (53s)
  step 2275  JSR  -30.9  loss 64.6498  logE[BER] -64.650  P_det_soft 0.0000  (54s)
  step 2300  JSR  -15.8  loss 6.2494  logE[BER] -6.249  P_det_soft 0.0000  (54s)
  step 2325  JSR  -17.4  loss 6.2414  logE[BER] -6.241  P_det_soft 0.0000  (55s)
  step 2350  JSR   -4.6  loss 4.3608  logE[BER] -4.361  P_det_soft 0.0000  (56s)
  step 2375  JSR   -1.1  loss 3.9797  logE[BER] -3.980  P_det_soft 0.0000  (56s)
  step 2400  JSR  -19.7  loss 7.3582  logE[BER] -7.358  P_det_soft 0.0000  (57s)
  step 2425  JSR   -2.9  loss 4.2487  logE[BER] -4.249  P_det_soft 0.0000  (57s)
  step 2450  JSR  -26.1  loss 30.4303  logE[BER] -30.430  P_det_soft 0.0000  (58s)
  step 2475  JSR   -3.1  loss 4.4731  logE[BER] -4.473  P_det_soft 0.0000  (58s)
  step 2500  JSR  -15.7  loss 6.0571  logE[BER] -6.057  P_det_soft 0.0000  (59s)
  step 2525  JSR  -15.1  loss 5.8732  logE[BER] -5.873  P_det_soft 0.0000  (60s)
  step 2550  JSR  -18.3  loss 6.6754  logE[BER] -6.675  P_det_soft 0.0000  (60s)
  step 2575  JSR  -28.4  loss 39.4895  logE[BER] -39.489  P_det_soft 0.0000  (61s)
  step 2600  JSR   -7.2  loss 4.8819  logE[BER] -4.882  P_det_soft 0.0000  (61s)
  step 2625  JSR  -13.6  loss 5.8528  logE[BER] -5.853  P_det_soft 0.0000  (62s)
  step 2650  JSR   -1.4  loss 4.2467  logE[BER] -4.247  P_det_soft 0.0000  (62s)
  step 2675  JSR  -19.5  loss 7.2673  logE[BER] -7.267  P_det_soft 0.0000  (63s)
  step 2700  JSR   -3.8  loss 4.4933  logE[BER] -4.493  P_det_soft 0.0000  (64s)
  step 2725  JSR   -6.6  loss 4.8403  logE[BER] -4.840  P_det_soft 0.0000  (64s)
  step 2750  JSR  -30.1  loss 50.8513  logE[BER] -50.851  P_det_soft 0.0000  (65s)
  step 2775  JSR  -18.5  loss 6.5482  logE[BER] -6.548  P_det_soft 0.0000  (65s)
  step 2800  JSR   -3.0  loss 4.2780  logE[BER] -4.278  P_det_soft 0.0000  (66s)
  step 2825  JSR  -26.6  loss 27.2512  logE[BER] -27.251  P_det_soft 0.0000  (67s)
  step 2850  JSR  -21.8  loss 8.9651  logE[BER] -8.965  P_det_soft 0.0000  (67s)
  step 2875  JSR   -0.7  loss 4.0323  logE[BER] -4.032  P_det_soft 0.0000  (68s)
  step 2900  JSR   -7.1  loss 4.6422  logE[BER] -4.642  P_det_soft 0.0000  (68s)
  step 2925  JSR  -22.4  loss 9.5668  logE[BER] -9.567  P_det_soft 0.0000  (69s)
  step 2950  JSR   -5.1  loss 4.5088  logE[BER] -4.509  P_det_soft 0.0000  (69s)
  step 2975  JSR  -10.8  loss 5.2594  logE[BER] -5.259  P_det_soft 0.0000  (70s)
  step 3000  JSR  -28.1  loss 34.1593  logE[BER] -34.159  P_det_soft 0.0000  (71s)
  step 3025  JSR  -14.2  loss 5.6462  logE[BER] -5.646  P_det_soft 0.0000  (71s)
  step 3050  JSR   -4.9  loss 4.3586  logE[BER] -4.359  P_det_soft 0.0000  (72s)
  step 3075  JSR  -28.2  loss 35.9601  logE[BER] -35.960  P_det_soft 0.0000  (72s)
  step 3100  JSR   -6.5  loss 4.6892  logE[BER] -4.689  P_det_soft 0.0000  (73s)
  step 3125  JSR  -28.9  loss 41.5134  logE[BER] -41.513  P_det_soft 0.0000  (74s)
  step 3150  JSR   -8.6  loss 4.7979  logE[BER] -4.798  P_det_soft 0.0000  (74s)
  step 3175  JSR  -12.2  loss 5.5635  logE[BER] -5.564  P_det_soft 0.0000  (75s)
  step 3200  JSR  -12.8  loss 5.5526  logE[BER] -5.553  P_det_soft 0.0000  (75s)
  step 3225  JSR   -8.3  loss 4.9166  logE[BER] -4.917  P_det_soft 0.0000  (76s)
  step 3250  JSR   -2.5  loss 4.1421  logE[BER] -4.142  P_det_soft 0.0000  (76s)
  step 3275  JSR  -28.7  loss 40.6364  logE[BER] -40.636  P_det_soft 0.0000  (77s)
  step 3300  JSR  -19.7  loss 7.0007  logE[BER] -7.001  P_det_soft 0.0000  (78s)
  step 3325  JSR  -10.8  loss 5.3158  logE[BER] -5.316  P_det_soft 0.0000  (78s)
  step 3350  JSR  -14.3  loss 5.7031  logE[BER] -5.703  P_det_soft 0.0000  (79s)
  step 3375  JSR  -21.6  loss 7.8289  logE[BER] -7.829  P_det_soft 0.0000  (79s)
  step 3400  JSR  -14.7  loss 5.6103  logE[BER] -5.610  P_det_soft 0.0000  (80s)
  step 3425  JSR   -7.5  loss 5.1487  logE[BER] -5.149  P_det_soft 0.0000  (80s)
  step 3450  JSR  -21.4  loss 7.2500  logE[BER] -7.250  P_det_soft 0.0000  (81s)
  step 3475  JSR  -11.7  loss 5.6933  logE[BER] -5.693  P_det_soft 0.0000  (82s)
  step 3500  JSR   -6.6  loss 4.7377  logE[BER] -4.738  P_det_soft 0.0000  (82s)
  step 3525  JSR   -1.6  loss 4.0494  logE[BER] -4.049  P_det_soft 0.0000  (83s)
  step 3550  JSR  -29.7  loss 48.0043  logE[BER] -48.004  P_det_soft 0.0000  (83s)
  step 3575  JSR  -13.7  loss 5.5753  logE[BER] -5.575  P_det_soft 0.0000  (84s)
  step 3600  JSR  -30.4  loss 51.9528  logE[BER] -51.953  P_det_soft 0.0000  (85s)
  step 3625  JSR  -18.2  loss 6.2899  logE[BER] -6.290  P_det_soft 0.0000  (85s)
  step 3650  JSR  -28.8  loss 45.4537  logE[BER] -45.454  P_det_soft 0.0000  (86s)
  step 3675  JSR   -1.0  loss 4.3596  logE[BER] -4.360  P_det_soft 0.0000  (86s)
  step 3700  JSR  -18.4  loss 6.3313  logE[BER] -6.331  P_det_soft 0.0000  (87s)
  step 3725  JSR  -15.5  loss 5.9068  logE[BER] -5.907  P_det_soft 0.0000  (87s)
  step 3750  JSR  -31.6  loss 59.3110  logE[BER] -59.311  P_det_soft 0.0000  (88s)
  step 3775  JSR  -28.1  loss 39.0258  logE[BER] -39.026  P_det_soft 0.0000  (89s)
  step 3800  JSR  -29.6  loss 45.9062  logE[BER] -45.906  P_det_soft 0.0000  (89s)
  step 3825  JSR  -27.5  loss 29.2837  logE[BER] -29.284  P_det_soft 0.0000  (90s)
  step 3850  JSR  -19.9  loss 6.6571  logE[BER] -6.657  P_det_soft 0.0000  (90s)
  step 3875  JSR  -26.2  loss 23.4899  logE[BER] -23.490  P_det_soft 0.0000  (91s)
  step 3900  JSR  -13.3  loss 5.5208  logE[BER] -5.521  P_det_soft 0.0000  (92s)
  step 3925  JSR  -19.8  loss 6.5425  logE[BER] -6.542  P_det_soft 0.0000  (92s)
  step 3950  JSR  -20.4  loss 6.8065  logE[BER] -6.806  P_det_soft 0.0000  (93s)
  step 3975  JSR  -16.2  loss 6.0197  logE[BER] -6.020  P_det_soft 0.0000  (93s)
  step 3999  JSR  -10.0  loss 5.2516  logE[BER] -5.252  P_det_soft 0.0000  (94s)
wrote gan/control_r0_G.pt, gan/control_r0.json in 94s
