node: tikgpu04.ee.ethz.ch | gpu: NVIDIA TITAN RTX
env fading_k28 = {'noise_unc_db': 0.0, 'rician_k_db': 28.0} | task cnn_b10_r2 = {'target': 'spec_cnn', 'beta': 10.0, 'cgan_task': 14} | seed 6014 | band (-39.3, -7.3) | 32 frames/step | 4000 steps | device cuda:0
  target spec_cnn: threshold -1.14364, clean-frame std 1.3192 (soft_pdet width)
  step    0  JSR  -11.7  loss 74.6227  logE[BER] -64.726  P_det_soft 0.9896  (1s)
  step   25  JSR  -25.0  loss 78.5735  logE[BER] -75.419  P_det_soft 0.3154  (3s)
  step   50  JSR  -10.4  loss 17.4783  logE[BER] -7.601  P_det_soft 0.9877  (5s)
  step   75  JSR   -7.7  loss 16.3277  logE[BER] -6.423  P_det_soft 0.9904  (8s)
  step  100  JSR  -31.3  loss 117.4500  logE[BER] -115.450  P_det_soft 0.2000  (10s)
  step  125  JSR  -37.5  loss 114.5743  logE[BER] -113.007  P_det_soft 0.1568  (12s)
  step  150  JSR  -37.3  loss 112.9865  logE[BER] -111.288  P_det_soft 0.1699  (15s)
  step  175  JSR  -23.8  loss 85.9536  logE[BER] -82.072  P_det_soft 0.3881  (17s)
  step  200  JSR   -8.7  loss 16.5226  logE[BER] -6.649  P_det_soft 0.9874  (20s)
  step  225  JSR  -38.9  loss 122.8872  logE[BER] -121.693  P_det_soft 0.1194  (22s)
  step  250  JSR  -38.7  loss 125.3650  logE[BER] -123.382  P_det_soft 0.1983  (24s)
  step  275  JSR  -15.2  loss 22.1857  logE[BER] -12.483  P_det_soft 0.9702  (27s)
  step  300  JSR  -35.6  loss 115.7894  logE[BER] -113.845  P_det_soft 0.1944  (29s)
  step  325  JSR  -21.8  loss 82.5584  logE[BER] -77.700  P_det_soft 0.4859  (31s)
  step  350  JSR  -28.9  loss 103.3141  logE[BER] -101.230  P_det_soft 0.2084  (34s)
  step  375  JSR  -16.9  loss 46.6229  logE[BER] -37.312  P_det_soft 0.9310  (36s)
  step  400  JSR  -34.4  loss 119.0684  logE[BER] -117.410  P_det_soft 0.1658  (39s)
  step  425  JSR  -38.4  loss 121.4463  logE[BER] -119.847  P_det_soft 0.1599  (41s)
  step  450  JSR  -35.0  loss 114.3901  logE[BER] -112.869  P_det_soft 0.1521  (43s)
  step  475  JSR  -19.5  loss 58.4427  logE[BER] -50.789  P_det_soft 0.7654  (46s)
  step  500  JSR  -26.0  loss 82.1829  logE[BER] -79.794  P_det_soft 0.2389  (48s)
  step  525  JSR  -33.6  loss 109.7940  logE[BER] -107.576  P_det_soft 0.2218  (51s)
  step  550  JSR  -13.2  loss 18.3142  logE[BER] -8.429  P_det_soft 0.9885  (53s)
  step  575  JSR  -39.1  loss 118.9257  logE[BER] -117.671  P_det_soft 0.1255  (55s)
  step  600  JSR  -13.9  loss 18.3360  logE[BER] -8.481  P_det_soft 0.9855  (58s)
  step  625  JSR  -33.2  loss 117.4690  logE[BER] -115.402  P_det_soft 0.2067  (60s)
  step  650  JSR  -31.1  loss 96.7530  logE[BER] -94.840  P_det_soft 0.1913  (63s)
  step  675  JSR  -18.8  loss 32.4771  logE[BER] -24.408  P_det_soft 0.8069  (65s)
  step  700  JSR  -17.3  loss 39.8424  logE[BER] -30.631  P_det_soft 0.9211  (67s)
  step  725  JSR  -12.0  loss 16.6293  logE[BER] -6.721  P_det_soft 0.9909  (70s)
  step  750  JSR  -16.6  loss 38.0809  logE[BER] -28.605  P_det_soft 0.9476  (72s)
  step  775  JSR  -18.9  loss 35.2543  logE[BER] -27.954  P_det_soft 0.7300  (74s)
  step  800  JSR  -20.3  loss 44.3621  logE[BER] -37.475  P_det_soft 0.6887  (77s)
  step  825  JSR  -13.4  loss 16.9581  logE[BER] -7.098  P_det_soft 0.9860  (79s)
  step  850  JSR  -20.5  loss 39.3104  logE[BER] -34.249  P_det_soft 0.5062  (82s)
  step  875  JSR  -22.8  loss 53.8046  logE[BER] -49.885  P_det_soft 0.3920  (84s)
  step  900  JSR  -27.6  loss 89.0398  logE[BER] -86.854  P_det_soft 0.2186  (86s)
  step  925  JSR   -7.6  loss 15.3710  logE[BER] -5.513  P_det_soft 0.9858  (89s)
  step  950  JSR  -34.8  loss 109.1797  logE[BER] -107.887  P_det_soft 0.1292  (91s)
  step  975  JSR  -13.7  loss 16.6410  logE[BER] -6.839  P_det_soft 0.9802  (94s)
  step 1000  JSR  -35.3  loss 108.3473  logE[BER] -106.106  P_det_soft 0.2242  (96s)
  step 1025  JSR  -34.0  loss 106.2103  logE[BER] -103.851  P_det_soft 0.2359  (98s)
  step 1050  JSR  -26.8  loss 77.2983  logE[BER] -73.992  P_det_soft 0.3306  (101s)
  step 1075  JSR  -26.3  loss 65.1844  logE[BER] -63.029  P_det_soft 0.2156  (103s)
  step 1100  JSR  -38.1  loss 108.4418  logE[BER] -106.772  P_det_soft 0.1669  (106s)
  step 1125  JSR  -29.6  loss 83.5815  logE[BER] -81.655  P_det_soft 0.1927  (108s)
  step 1150  JSR  -18.2  loss 20.6044  logE[BER] -12.832  P_det_soft 0.7772  (110s)
  step 1175  JSR  -20.7  loss 22.1048  logE[BER] -17.295  P_det_soft 0.4809  (113s)
  step 1200  JSR  -17.1  loss 15.4863  logE[BER] -7.400  P_det_soft 0.8086  (115s)
  step 1225  JSR  -19.9  loss 23.1521  logE[BER] -16.702  P_det_soft 0.6450  (118s)
  step 1250  JSR  -15.9  loss 17.4261  logE[BER] -8.107  P_det_soft 0.9319  (120s)
  step 1275  JSR   -9.1  loss 15.2468  logE[BER] -5.337  P_det_soft 0.9910  (122s)
  step 1300  JSR  -30.7  loss 75.4218  logE[BER] -73.924  P_det_soft 0.1498  (125s)
  step 1325  JSR  -12.6  loss 16.5075  logE[BER] -6.673  P_det_soft 0.9835  (127s)
  step 1350  JSR  -17.2  loss 15.2440  logE[BER] -7.171  P_det_soft 0.8073  (130s)
  step 1375  JSR  -34.5  loss 97.5850  logE[BER] -95.654  P_det_soft 0.1931  (132s)
  step 1400  JSR  -10.3  loss 15.4550  logE[BER] -5.573  P_det_soft 0.9882  (134s)
  step 1425  JSR   -8.4  loss 15.2663  logE[BER] -5.383  P_det_soft 0.9883  (137s)
  step 1450  JSR  -11.1  loss 15.6921  logE[BER] -5.782  P_det_soft 0.9910  (139s)
  step 1475  JSR  -25.1  loss 36.1558  logE[BER] -33.673  P_det_soft 0.2483  (142s)
  step 1500  JSR  -16.6  loss 13.5940  logE[BER] -6.137  P_det_soft 0.7457  (144s)
  step 1525  JSR  -33.7  loss 90.7177  logE[BER] -88.707  P_det_soft 0.2011  (147s)
  step 1550  JSR   -8.6  loss 15.1969  logE[BER] -5.265  P_det_soft 0.9932  (149s)
  step 1575  JSR  -20.0  loss 10.8641  logE[BER] -6.947  P_det_soft 0.3917  (151s)
  step 1600  JSR  -25.6  loss 33.8261  logE[BER] -31.045  P_det_soft 0.2781  (154s)
  step 1625  JSR  -19.4  loss 11.1877  logE[BER] -6.644  P_det_soft 0.4544  (156s)
  step 1650  JSR  -20.3  loss 10.5680  logE[BER] -6.724  P_det_soft 0.3844  (159s)
  step 1675  JSR  -31.2  loss 62.8747  logE[BER] -61.209  P_det_soft 0.1665  (161s)
  step 1700  JSR  -34.4  loss 89.1696  logE[BER] -86.748  P_det_soft 0.2422  (163s)
  step 1725  JSR  -21.0  loss 11.0444  logE[BER] -7.305  P_det_soft 0.3739  (166s)
  step 1750  JSR  -15.3  loss 13.2639  logE[BER] -5.598  P_det_soft 0.7666  (168s)
  step 1775  JSR  -37.9  loss 96.0400  logE[BER] -94.548  P_det_soft 0.1492  (171s)
  step 1800  JSR  -36.4  loss 88.5184  logE[BER] -86.392  P_det_soft 0.2127  (173s)
  step 1825  JSR  -15.9  loss 12.4995  logE[BER] -5.710  P_det_soft 0.6790  (175s)
  step 1850  JSR  -14.2  loss 13.7026  logE[BER] -5.588  P_det_soft 0.8114  (178s)
  step 1875  JSR  -16.1  loss 13.6544  logE[BER] -6.052  P_det_soft 0.7602  (180s)
  step 1900  JSR  -20.8  loss 11.4505  logE[BER] -7.618  P_det_soft 0.3832  (183s)
  step 1925  JSR  -14.7  loss 14.3999  logE[BER] -6.038  P_det_soft 0.8362  (185s)
  step 1950  JSR  -13.8  loss 15.0113  logE[BER] -5.618  P_det_soft 0.9393  (187s)
  step 1975  JSR  -30.4  loss 62.0966  logE[BER] -60.016  P_det_soft 0.2081  (190s)
  step 2000  JSR  -32.2  loss 64.0254  logE[BER] -62.535  P_det_soft 0.1490  (192s)
  step 2025  JSR  -16.4  loss 12.8840  logE[BER] -5.926  P_det_soft 0.6958  (195s)
  step 2050  JSR  -24.8  loss 21.0248  logE[BER] -18.773  P_det_soft 0.2252  (197s)
  step 2075  JSR  -16.8  loss 12.3532  logE[BER] -5.921  P_det_soft 0.6432  (199s)
  step 2100  JSR  -33.7  loss 73.0086  logE[BER] -71.291  P_det_soft 0.1718  (202s)
  step 2125  JSR  -31.1  loss 59.2889  logE[BER] -57.718  P_det_soft 0.1571  (204s)
  step 2150  JSR  -11.4  loss 15.1934  logE[BER] -5.449  P_det_soft 0.9744  (207s)
  step 2175  JSR  -23.5  loss 14.8836  logE[BER] -11.525  P_det_soft 0.3359  (209s)
  step 2200  JSR  -22.7  loss 12.3459  logE[BER] -8.615  P_det_soft 0.3731  (211s)
  step 2225  JSR  -25.7  loss 25.3130  logE[BER] -23.059  P_det_soft 0.2254  (214s)
  step 2250  JSR   -9.8  loss 15.5339  logE[BER] -5.601  P_det_soft 0.9933  (216s)
  step 2275  JSR  -37.9  loss 97.2164  logE[BER] -95.169  P_det_soft 0.2047  (219s)
  step 2300  JSR  -34.1  loss 82.2259  logE[BER] -80.405  P_det_soft 0.1821  (221s)
  step 2325  JSR  -33.6  loss 70.5919  logE[BER] -68.406  P_det_soft 0.2186  (223s)
  step 2350  JSR  -29.6  loss 49.7107  logE[BER] -48.087  P_det_soft 0.1624  (226s)
  step 2375  JSR  -23.0  loss 12.2731  logE[BER] -9.473  P_det_soft 0.2800  (228s)
  step 2400  JSR  -14.8  loss 13.6145  logE[BER] -5.854  P_det_soft 0.7761  (231s)
  step 2425  JSR   -9.1  loss 15.3348  logE[BER] -5.409  P_det_soft 0.9926  (233s)
  step 2450  JSR   -7.8  loss 15.1998  logE[BER] -5.272  P_det_soft 0.9928  (235s)
  step 2475  JSR   -7.6  loss 15.1533  logE[BER] -5.222  P_det_soft 0.9931  (238s)
  step 2500  JSR   -8.6  loss 15.0950  logE[BER] -5.184  P_det_soft 0.9911  (240s)
  step 2525  JSR  -30.7  loss 53.3344  logE[BER] -51.533  P_det_soft 0.1801  (243s)
  step 2550  JSR  -27.2  loss 31.1049  logE[BER] -29.515  P_det_soft 0.1590  (245s)
  step 2575  JSR  -20.0  loss 11.6460  logE[BER] -7.382  P_det_soft 0.4264  (247s)
  step 2600  JSR  -33.3  loss 72.8294  logE[BER] -70.769  P_det_soft 0.2060  (250s)
  step 2625  JSR   -9.4  loss 15.1739  logE[BER] -5.317  P_det_soft 0.9857  (252s)
  step 2650  JSR  -38.8  loss 102.4688  logE[BER] -101.310  P_det_soft 0.1159  (255s)
  step 2675  JSR  -24.0  loss 15.8044  logE[BER] -13.522  P_det_soft 0.2282  (257s)
  step 2700  JSR  -37.1  loss 91.8621  logE[BER] -90.066  P_det_soft 0.1796  (259s)
  step 2725  JSR  -33.6  loss 74.4518  logE[BER] -72.704  P_det_soft 0.1747  (262s)
  step 2750  JSR  -19.3  loss 10.8122  logE[BER] -6.703  P_det_soft 0.4110  (264s)
  step 2775  JSR  -29.1  loss 46.9399  logE[BER] -44.931  P_det_soft 0.2009  (267s)
  step 2800  JSR  -28.2  loss 40.3893  logE[BER] -38.370  P_det_soft 0.2019  (269s)
  step 2825  JSR  -24.1  loss 17.2521  logE[BER] -14.934  P_det_soft 0.2319  (271s)
  step 2850  JSR  -31.3  loss 60.2780  logE[BER] -58.727  P_det_soft 0.1551  (274s)
  step 2875  JSR  -10.7  loss 15.2776  logE[BER] -5.478  P_det_soft 0.9799  (276s)
  step 2900  JSR  -28.4  loss 42.0951  logE[BER] -39.673  P_det_soft 0.2423  (279s)
  step 2925  JSR  -35.8  loss 80.6886  logE[BER] -79.285  P_det_soft 0.1404  (281s)
  step 2950  JSR   -8.0  loss 15.3086  logE[BER] -5.369  P_det_soft 0.9940  (283s)
  step 2975  JSR  -36.1  loss 88.9334  logE[BER] -87.413  P_det_soft 0.1520  (286s)
  step 3000  JSR  -12.5  loss 14.2805  logE[BER] -5.555  P_det_soft 0.8726  (288s)
  step 3025  JSR  -14.5  loss 12.7884  logE[BER] -5.463  P_det_soft 0.7326  (291s)
  step 3050  JSR  -18.8  loss 10.0557  logE[BER] -6.289  P_det_soft 0.3766  (293s)
  step 3075  JSR  -14.4  loss 13.9424  logE[BER] -5.870  P_det_soft 0.8072  (295s)
  step 3100  JSR  -26.2  loss 27.0784  logE[BER] -24.905  P_det_soft 0.2173  (298s)
  step 3125  JSR  -11.1  loss 15.0675  logE[BER] -5.455  P_det_soft 0.9612  (300s)
  step 3150  JSR  -32.3  loss 67.1659  logE[BER] -65.202  P_det_soft 0.1964  (303s)
  step 3175  JSR  -16.8  loss 11.4571  logE[BER] -5.713  P_det_soft 0.5744  (305s)
  step 3200  JSR  -33.3  loss 71.7418  logE[BER] -69.856  P_det_soft 0.1885  (307s)
  step 3225  JSR  -24.3  loss 17.0055  logE[BER] -14.826  P_det_soft 0.2179  (310s)
  step 3250  JSR   -8.4  loss 15.1884  logE[BER] -5.264  P_det_soft 0.9925  (312s)
  step 3275  JSR  -39.2  loss 98.5127  logE[BER] -97.267  P_det_soft 0.1246  (315s)
  step 3300  JSR  -35.3  loss 82.8767  logE[BER] -80.909  P_det_soft 0.1968  (317s)
  step 3325  JSR  -28.5  loss 43.3977  logE[BER] -41.478  P_det_soft 0.1920  (319s)
  step 3350  JSR  -24.5  loss 16.3438  logE[BER] -14.258  P_det_soft 0.2086  (322s)
  step 3375  JSR  -18.1  loss 10.8771  logE[BER] -6.270  P_det_soft 0.4607  (324s)
  step 3400  JSR  -17.2  loss 10.9828  logE[BER] -5.911  P_det_soft 0.5072  (327s)
  step 3425  JSR  -21.2  loss 10.2997  logE[BER] -6.700  P_det_soft 0.3600  (329s)
  step 3450  JSR  -19.2  loss 10.0079  logE[BER] -6.434  P_det_soft 0.3573  (331s)
  step 3475  JSR  -20.8  loss 10.7689  logE[BER] -6.604  P_det_soft 0.4164  (334s)
  step 3500  JSR  -20.5  loss 10.0289  logE[BER] -6.960  P_det_soft 0.3069  (336s)
  step 3525  JSR   -7.6  loss 15.1211  logE[BER] -5.183  P_det_soft 0.9938  (339s)
  step 3550  JSR  -31.4  loss 74.6954  logE[BER] -72.816  P_det_soft 0.1879  (341s)
  step 3575  JSR  -17.6  loss 10.8184  logE[BER] -6.161  P_det_soft 0.4658  (343s)
  step 3600  JSR  -11.1  loss 14.9102  logE[BER] -5.369  P_det_soft 0.9542  (346s)
  step 3625  JSR  -25.7  loss 27.3634  logE[BER] -24.842  P_det_soft 0.2521  (348s)
  step 3650  JSR  -34.5  loss 83.0288  logE[BER] -81.411  P_det_soft 0.1618  (351s)
  step 3675  JSR  -15.9  loss 11.1337  logE[BER] -5.654  P_det_soft 0.5480  (353s)
  step 3700  JSR  -18.2  loss 10.4312  logE[BER] -5.925  P_det_soft 0.4506  (355s)
  step 3725  JSR  -24.6  loss 15.2303  logE[BER] -13.264  P_det_soft 0.1966  (358s)
  step 3750  JSR   -7.7  loss 15.0301  logE[BER] -5.106  P_det_soft 0.9925  (360s)
  step 3775  JSR  -29.5  loss 45.1693  logE[BER] -43.428  P_det_soft 0.1741  (363s)
  step 3800  JSR  -37.9  loss 93.2489  logE[BER] -90.866  P_det_soft 0.2383  (365s)
  step 3825  JSR  -35.4  loss 93.9885  logE[BER] -92.273  P_det_soft 0.1716  (367s)
  step 3850  JSR  -10.5  loss 14.5790  logE[BER] -5.197  P_det_soft 0.9382  (370s)
  step 3875  JSR  -20.9  loss 9.9951  logE[BER] -6.547  P_det_soft 0.3448  (372s)
  step 3900  JSR  -14.1  loss 12.5913  logE[BER] -5.666  P_det_soft 0.6925  (375s)
  step 3925  JSR  -33.0  loss 69.0359  logE[BER] -67.433  P_det_soft 0.1603  (377s)
  step 3950  JSR  -26.6  loss 27.2148  logE[BER] -25.285  P_det_soft 0.1929  (379s)
  step 3975  JSR  -24.1  loss 16.6812  logE[BER] -13.718  P_det_soft 0.2963  (382s)
  step 3999  JSR  -37.9  loss 98.6877  logE[BER] -96.799  P_det_soft 0.1888  (384s)
wrote gan/cnn_b10_r2_G.pt, gan/cnn_b10_r2.json in 390s
