node: tikgpu04.ee.ethz.ch | gpu: NVIDIA TITAN RTX
env base = {'noise_unc_db': 0.0, 'rician_k_db': None} | SNR 15 dB (Es/N0 24.03 dB) | device cuda:0 | full
spectrogram scale: vmin -29.40 dB, vmax 39.33 dB
dataset: 1578 frames (1105 train / 473 val), 2s
epoch   1  train loss 0.6815 acc 0.5783 | val loss 0.6727 acc 0.6152  (7s)
epoch   2  train loss 0.6517 acc 0.6579 | val loss 0.6394 acc 0.7082  (12s)
epoch   3  train loss 0.6254 acc 0.7131 | val loss 0.6133 acc 0.7336  (17s)
epoch   4  train loss 0.6120 acc 0.7231 | val loss 0.5910 acc 0.7505  (21s)
epoch   5  train loss 0.5865 acc 0.7593 | val loss 0.5691 acc 0.7674  (26s)
epoch   6  train loss 0.5720 acc 0.7692 | val loss 0.5522 acc 0.7801  (31s)
epoch   7  train loss 0.5558 acc 0.7873 | val loss 0.5318 acc 0.7992  (36s)
epoch   8  train loss 0.5319 acc 0.7955 | val loss 0.5146 acc 0.8034  (40s)
epoch   9  train loss 0.5231 acc 0.8027 | val loss 0.4990 acc 0.8118  (45s)
epoch  10  train loss 0.5151 acc 0.7937 | val loss 0.4875 acc 0.8224  (50s)
epoch  11  train loss 0.4978 acc 0.8018 | val loss 0.4762 acc 0.8182  (54s)
epoch  12  train loss 0.4917 acc 0.8100 | val loss 0.4624 acc 0.8245  (59s)
epoch  13  train loss 0.4710 acc 0.8335 | val loss 0.4495 acc 0.8161  (64s)
epoch  14  train loss 0.4609 acc 0.8335 | val loss 0.4374 acc 0.8372  (68s)
epoch  15  train loss 0.4463 acc 0.8362 | val loss 0.4252 acc 0.8330  (73s)
epoch  16  train loss 0.4397 acc 0.8335 | val loss 0.4122 acc 0.8393  (78s)
epoch  17  train loss 0.4320 acc 0.8489 | val loss 0.4047 acc 0.8478  (83s)
epoch  18  train loss 0.4117 acc 0.8462 | val loss 0.3944 acc 0.8541  (87s)
epoch  19  train loss 0.4034 acc 0.8534 | val loss 0.3868 acc 0.8520  (92s)
epoch  20  train loss 0.3988 acc 0.8425 | val loss 0.3778 acc 0.8520  (97s)
epoch  21  train loss 0.3860 acc 0.8615 | val loss 0.3686 acc 0.8562  (101s)
epoch  22  train loss 0.3789 acc 0.8516 | val loss 0.3610 acc 0.8562  (106s)
epoch  23  train loss 0.3646 acc 0.8652 | val loss 0.3571 acc 0.8562  (111s)
epoch  24  train loss 0.3615 acc 0.8579 | val loss 0.3542 acc 0.8520  (116s)
epoch  25  train loss 0.3516 acc 0.8796 | val loss 0.3448 acc 0.8541  (120s)
epoch  26  train loss 0.3445 acc 0.8633 | val loss 0.3372 acc 0.8626  (125s)
epoch  27  train loss 0.3370 acc 0.8769 | val loss 0.3294 acc 0.8626  (130s)
epoch  28  train loss 0.3239 acc 0.8869 | val loss 0.3328 acc 0.8584  (134s)
epoch  29  train loss 0.3199 acc 0.8760 | val loss 0.3221 acc 0.8626  (139s)
epoch  30  train loss 0.3161 acc 0.8851 | val loss 0.3194 acc 0.8647  (144s)
epoch  31  train loss 0.3091 acc 0.8941 | val loss 0.3078 acc 0.8795  (149s)
epoch  32  train loss 0.3038 acc 0.8923 | val loss 0.3116 acc 0.8626  (153s)
epoch  33  train loss 0.2989 acc 0.8941 | val loss 0.2999 acc 0.8795  (158s)
epoch  34  train loss 0.2915 acc 0.8995 | val loss 0.3079 acc 0.8626  (163s)
epoch  35  train loss 0.2857 acc 0.9041 | val loss 0.2940 acc 0.8795  (167s)
epoch  36  train loss 0.2735 acc 0.9041 | val loss 0.2857 acc 0.8837  (172s)
epoch  37  train loss 0.2677 acc 0.9086 | val loss 0.2852 acc 0.8837  (177s)
epoch  38  train loss 0.2622 acc 0.9041 | val loss 0.2913 acc 0.8753  (182s)
epoch  39  train loss 0.2587 acc 0.9041 | val loss 0.2837 acc 0.8753  (186s)
epoch  40  train loss 0.2470 acc 0.9113 | val loss 0.2684 acc 0.8964  (191s)
epoch  41  train loss 0.2506 acc 0.9122 | val loss 0.2720 acc 0.8901  (196s)
epoch  42  train loss 0.2394 acc 0.9131 | val loss 0.2604 acc 0.9091  (201s)
epoch  43  train loss 0.2426 acc 0.9176 | val loss 0.2748 acc 0.8858  (205s)
epoch  44  train loss 0.2353 acc 0.9167 | val loss 0.2620 acc 0.8943  (210s)
epoch  45  train loss 0.2286 acc 0.9149 | val loss 0.2642 acc 0.8943  (215s)
epoch  46  train loss 0.2267 acc 0.9167 | val loss 0.2592 acc 0.9027  (219s)
epoch  47  train loss 0.2216 acc 0.9213 | val loss 0.2723 acc 0.8879  (224s)
epoch  48  train loss 0.2250 acc 0.9222 | val loss 0.2494 acc 0.9112  (229s)
epoch  49  train loss 0.2223 acc 0.9222 | val loss 0.2641 acc 0.8985  (234s)
epoch  50  train loss 0.2000 acc 0.9312 | val loss 0.2562 acc 0.9049  (238s)
epoch  51  train loss 0.2091 acc 0.9321 | val loss 0.2432 acc 0.9154  (243s)
epoch  52  train loss 0.2007 acc 0.9339 | val loss 0.2353 acc 0.9133  (248s)
epoch  53  train loss 0.2059 acc 0.9249 | val loss 0.2315 acc 0.9154  (252s)
epoch  54  train loss 0.1963 acc 0.9312 | val loss 0.2500 acc 0.9070  (257s)
epoch  55  train loss 0.1951 acc 0.9303 | val loss 0.2429 acc 0.9070  (262s)
epoch  56  train loss 0.1757 acc 0.9394 | val loss 0.2685 acc 0.8943  (267s)
epoch  57  train loss 0.2007 acc 0.9249 | val loss 0.2495 acc 0.9091  (271s)
epoch  58  train loss 0.1794 acc 0.9376 | val loss 0.2490 acc 0.9070  (276s)
epoch  59  train loss 0.1777 acc 0.9430 | val loss 0.2862 acc 0.8837  (281s)
epoch  60  train loss 0.1863 acc 0.9348 | val loss 0.2180 acc 0.9175  (286s)
epoch  61  train loss 0.1598 acc 0.9538 | val loss 0.2250 acc 0.9154  (290s)
epoch  62  train loss 0.1682 acc 0.9421 | val loss 0.2278 acc 0.9133  (295s)
epoch  63  train loss 0.1584 acc 0.9493 | val loss 0.2480 acc 0.9091  (300s)
epoch  64  train loss 0.1465 acc 0.9557 | val loss 0.2209 acc 0.9175  (304s)
epoch  65  train loss 0.1570 acc 0.9475 | val loss 0.2378 acc 0.9112  (309s)
epoch  66  train loss 0.1523 acc 0.9493 | val loss 0.2257 acc 0.9154  (314s)
epoch  67  train loss 0.1536 acc 0.9484 | val loss 0.2252 acc 0.9133  (319s)
epoch  68  train loss 0.1368 acc 0.9629 | val loss 0.2013 acc 0.9239  (323s)
epoch  69  train loss 0.1629 acc 0.9430 | val loss 0.2245 acc 0.9175  (328s)
epoch  70  train loss 0.1394 acc 0.9538 | val loss 0.2579 acc 0.9027  (333s)
epoch  71  train loss 0.1376 acc 0.9529 | val loss 0.2517 acc 0.9027  (338s)
epoch  72  train loss 0.1229 acc 0.9629 | val loss 0.2313 acc 0.9133  (342s)
epoch  73  train loss 0.1328 acc 0.9548 | val loss 0.2169 acc 0.9197  (347s)
epoch  74  train loss 0.1261 acc 0.9602 | val loss 0.1993 acc 0.9281  (352s)
epoch  75  train loss 0.1332 acc 0.9593 | val loss 0.2445 acc 0.9112  (356s)
epoch  76  train loss 0.1369 acc 0.9593 | val loss 0.2003 acc 0.9281  (361s)
epoch  77  train loss 0.1320 acc 0.9602 | val loss 0.2384 acc 0.9112  (366s)
epoch  78  train loss 0.1212 acc 0.9638 | val loss 0.1945 acc 0.9323  (371s)
epoch  79  train loss 0.1102 acc 0.9738 | val loss 0.1947 acc 0.9302  (375s)
epoch  80  train loss 0.1274 acc 0.9566 | val loss 0.2021 acc 0.9260  (380s)
epoch  81  train loss 0.1221 acc 0.9656 | val loss 0.2572 acc 0.9006  (385s)
epoch  82  train loss 0.0994 acc 0.9692 | val loss 0.1900 acc 0.9302  (390s)
epoch  83  train loss 0.1089 acc 0.9683 | val loss 0.2086 acc 0.9260  (394s)
epoch  84  train loss 0.0986 acc 0.9710 | val loss 0.2327 acc 0.9154  (399s)
epoch  85  train loss 0.1030 acc 0.9656 | val loss 0.2039 acc 0.9281  (404s)
epoch  86  train loss 0.0861 acc 0.9783 | val loss 0.2128 acc 0.9218  (408s)
epoch  87  train loss 0.1077 acc 0.9656 | val loss 0.1944 acc 0.9366  (413s)
epoch  88  train loss 0.0896 acc 0.9747 | val loss 0.2585 acc 0.9049  (418s)
epoch  89  train loss 0.0924 acc 0.9774 | val loss 0.1799 acc 0.9408  (423s)
epoch  90  train loss 0.0986 acc 0.9692 | val loss 0.2252 acc 0.9218  (427s)
epoch  91  train loss 0.0899 acc 0.9738 | val loss 0.2328 acc 0.9175  (432s)
epoch  92  train loss 0.0881 acc 0.9701 | val loss 0.2120 acc 0.9218  (437s)
epoch  93  train loss 0.0841 acc 0.9756 | val loss 0.1770 acc 0.9429  (441s)
epoch  94  train loss 0.1054 acc 0.9602 | val loss 0.1708 acc 0.9408  (446s)
epoch  95  train loss 0.0906 acc 0.9756 | val loss 0.1997 acc 0.9345  (451s)
epoch  96  train loss 0.0892 acc 0.9674 | val loss 0.1894 acc 0.9366  (456s)
epoch  97  train loss 0.0848 acc 0.9756 | val loss 0.2845 acc 0.9027  (460s)
epoch  98  train loss 0.0825 acc 0.9783 | val loss 0.2151 acc 0.9260  (465s)
epoch  99  train loss 0.0851 acc 0.9747 | val loss 0.1876 acc 0.9408  (470s)
epoch 100  train loss 0.0807 acc 0.9810 | val loss 0.2316 acc 0.9218  (475s)
  calibrated on 20000 clean frames: energy mean 1.00394 (c0^2 + N0 = 1.00395), thresholds@0.05 energy 1.0169 energy_2s 0.015439 kurtosis 0.049231 spec_cnn -2.0068, clean BER 0.00e+00 PER 0.0000

--- Li et al. spectrogram CNN, retrained on env base ---
validation accuracy 0.9218 (S4/D6 15 dB r0: 0.932); detection rate on jammed 0.8538, FAR (argmax) 0.0000, AUC 0.9771 (r0: 0.978)
per type (val): {'clean': 1.0, 'barrage': 0.9836065573770493, 'tone': 0.8666666666666667, 'pulse_comb': 0.8933333333333334, 'protocol_aware': 0.6491228070175439}
P(det) at alpha 0.05 vs JSR [np.float64(-30.0), np.float64(-28.0), np.float64(-26.0), np.float64(-24.0), np.float64(-22.0), np.float64(-20.0), np.float64(-18.0), np.float64(-16.0), np.float64(-14.0), np.float64(-12.0), np.float64(-10.0), np.float64(-8.0), np.float64(-6.0), np.float64(-4.0), np.float64(-2.0), np.float64(0.0), np.float64(2.0), np.float64(4.0), np.float64(6.0), np.float64(8.0), np.float64(10.0)]:
  barrage         0.04 0.09 0.12 0.18 0.33 0.60 0.92 1.00 1.00 1.00 1.00 1.00 1.00 1.00 1.00 1.00 1.00 1.00 1.00 1.00 1.00
  tone            0.09 0.14 0.18 0.29 0.46 0.68 0.81 0.89 0.95 0.96 0.99 1.00 1.00 1.00 1.00 1.00 1.00 1.00 1.00 1.00 1.00
  pulse_comb      0.05 0.12 0.11 0.23 0.37 0.68 0.94 1.00 1.00 1.00 1.00 1.00 1.00 1.00 1.00 1.00 1.00 1.00 1.00 1.00 1.00
  protocol_aware  0.07 0.06 0.11 0.10 0.14 0.14 0.27 0.37 0.41 0.60 0.75 0.84 0.95 0.99 1.00 1.00 1.00 1.00 1.00 1.00 1.00
done in 504s
