node: tikgpu04.ee.ethz.ch | gpu: NVIDIA TITAN RTX
env both = {'noise_unc_db': 0.5, 'rician_k_db': 12.0} | task control_r2 = {'target': None, 'beta': 0.0, 'cgan_task': 0} | seed 6000 | band (-32.0, 0.0) | 128 frames/step | 4000 steps | device cuda:0
  step    0  JSR   -8.6  loss 20.6140  logE[BER] -20.614  P_det_soft 0.0000  (1s)
  step   25  JSR   -3.1  loss 3.8749  logE[BER] -3.875  P_det_soft 0.0000  (2s)
  step   50  JSR  -24.3  loss 20.9402  logE[BER] -20.940  P_det_soft 0.0000  (3s)
  step   75  JSR  -31.7  loss 45.6282  logE[BER] -45.628  P_det_soft 0.0000  (3s)
  step  100  JSR  -30.3  loss 32.4990  logE[BER] -32.499  P_det_soft 0.0000  (4s)
  step  125  JSR  -28.1  loss 39.2408  logE[BER] -39.241  P_det_soft 0.0000  (4s)
  step  150  JSR  -30.4  loss 17.5417  logE[BER] -17.542  P_det_soft 0.0000  (5s)
  step  175  JSR   -1.8  loss 3.5678  logE[BER] -3.568  P_det_soft 0.0000  (5s)
  step  200  JSR  -12.3  loss 6.1436  logE[BER] -6.144  P_det_soft 0.0000  (6s)
  step  225  JSR   -3.4  loss 3.5930  logE[BER] -3.593  P_det_soft 0.0000  (7s)
  step  250  JSR   -8.2  loss 4.5792  logE[BER] -4.579  P_det_soft 0.0000  (7s)
  step  275  JSR  -21.6  loss 20.3247  logE[BER] -20.325  P_det_soft 0.0000  (8s)
  step  300  JSR  -20.0  loss 20.7034  logE[BER] -20.703  P_det_soft 0.0000  (8s)
  step  325  JSR  -11.2  loss 5.8991  logE[BER] -5.899  P_det_soft 0.0000  (9s)
  step  350  JSR  -20.9  loss 14.6189  logE[BER] -14.619  P_det_soft 0.0000  (9s)
  step  375  JSR  -21.4  loss 14.5194  logE[BER] -14.519  P_det_soft 0.0000  (10s)
  step  400  JSR  -21.6  loss 22.4199  logE[BER] -22.420  P_det_soft 0.0000  (11s)
  step  425  JSR   -9.0  loss 4.6503  logE[BER] -4.650  P_det_soft 0.0000  (11s)
  step  450  JSR   -0.7  loss 3.4130  logE[BER] -3.413  P_det_soft 0.0000  (12s)
  step  475  JSR  -23.6  loss 25.3254  logE[BER] -25.325  P_det_soft 0.0000  (12s)
  step  500  JSR  -15.9  loss 8.8350  logE[BER] -8.835  P_det_soft 0.0000  (13s)
  step  525  JSR  -17.7  loss 10.9805  logE[BER] -10.980  P_det_soft 0.0000  (14s)
  step  550  JSR   -8.3  loss 4.3796  logE[BER] -4.380  P_det_soft 0.0000  (14s)
  step  575  JSR  -12.0  loss 5.1427  logE[BER] -5.143  P_det_soft 0.0000  (15s)
  step  600  JSR   -7.2  loss 4.1911  logE[BER] -4.191  P_det_soft 0.0000  (15s)
  step  625  JSR   -5.9  loss 3.8920  logE[BER] -3.892  P_det_soft 0.0000  (16s)
  step  650  JSR  -31.1  loss 42.4049  logE[BER] -42.405  P_det_soft 0.0000  (16s)
  step  675  JSR  -21.9  loss 11.6963  logE[BER] -11.696  P_det_soft 0.0000  (17s)
  step  700  JSR  -11.0  loss 5.4870  logE[BER] -5.487  P_det_soft 0.0000  (18s)
  step  725  JSR   -9.7  loss 4.7961  logE[BER] -4.796  P_det_soft 0.0000  (18s)
  step  750  JSR  -11.3  loss 4.8053  logE[BER] -4.805  P_det_soft 0.0000  (19s)
  step  775  JSR  -21.8  loss 19.2993  logE[BER] -19.299  P_det_soft 0.0000  (19s)
  step  800  JSR  -30.5  loss 33.2510  logE[BER] -33.251  P_det_soft 0.0000  (20s)
  step  825  JSR  -22.3  loss 22.5564  logE[BER] -22.556  P_det_soft 0.0000  (20s)
  step  850  JSR  -29.0  loss 33.4485  logE[BER] -33.449  P_det_soft 0.0000  (21s)
  step  875  JSR  -28.7  loss 17.6096  logE[BER] -17.610  P_det_soft 0.0000  (22s)
  step  900  JSR  -19.8  loss 12.4183  logE[BER] -12.418  P_det_soft 0.0000  (22s)
  step  925  JSR  -25.6  loss 28.2272  logE[BER] -28.227  P_det_soft 0.0000  (23s)
  step  950  JSR  -28.6  loss 31.0035  logE[BER] -31.004  P_det_soft 0.0000  (23s)
  step  975  JSR  -21.1  loss 14.1348  logE[BER] -14.135  P_det_soft 0.0000  (24s)
  step 1000  JSR  -14.4  loss 6.1949  logE[BER] -6.195  P_det_soft 0.0000  (25s)
  step 1025  JSR  -10.1  loss 4.4606  logE[BER] -4.461  P_det_soft 0.0000  (25s)
  step 1050  JSR  -31.2  loss 24.0422  logE[BER] -24.042  P_det_soft 0.0000  (26s)
  step 1075  JSR  -10.4  loss 4.6125  logE[BER] -4.612  P_det_soft 0.0000  (26s)
  step 1100  JSR  -26.2  loss 21.7520  logE[BER] -21.752  P_det_soft 0.0000  (27s)
  step 1125  JSR  -17.1  loss 8.3506  logE[BER] -8.351  P_det_soft 0.0000  (27s)
  step 1150  JSR  -28.7  loss 17.9397  logE[BER] -17.940  P_det_soft 0.0000  (28s)
  step 1175  JSR   -7.4  loss 4.1528  logE[BER] -4.153  P_det_soft 0.0000  (29s)
  step 1200  JSR  -26.1  loss 28.0849  logE[BER] -28.085  P_det_soft 0.0000  (29s)
  step 1225  JSR  -24.1  loss 19.2200  logE[BER] -19.220  P_det_soft 0.0000  (30s)
  step 1250  JSR  -30.5  loss 26.0764  logE[BER] -26.076  P_det_soft 0.0000  (30s)
  step 1275  JSR  -14.8  loss 6.3618  logE[BER] -6.362  P_det_soft 0.0000  (31s)
  step 1300  JSR   -2.2  loss 3.5503  logE[BER] -3.550  P_det_soft 0.0000  (31s)
  step 1325  JSR  -30.9  loss 36.0168  logE[BER] -36.017  P_det_soft 0.0000  (32s)
  step 1350  JSR  -15.8  loss 7.0904  logE[BER] -7.090  P_det_soft 0.0000  (33s)
  step 1375  JSR  -31.9  loss 34.1439  logE[BER] -34.144  P_det_soft 0.0000  (33s)
  step 1400  JSR  -21.8  loss 18.1517  logE[BER] -18.152  P_det_soft 0.0000  (34s)
  step 1425  JSR  -11.9  loss 4.6830  logE[BER] -4.683  P_det_soft 0.0000  (34s)
  step 1450  JSR  -27.3  loss 24.0935  logE[BER] -24.093  P_det_soft 0.0000  (35s)
  step 1475  JSR   -7.9  loss 4.0329  logE[BER] -4.033  P_det_soft 0.0000  (36s)
  step 1500  JSR  -30.1  loss 31.5951  logE[BER] -31.595  P_det_soft 0.0000  (36s)
  step 1525  JSR  -20.8  loss 12.3529  logE[BER] -12.353  P_det_soft 0.0000  (37s)
  step 1550  JSR  -22.6  loss 14.1134  logE[BER] -14.113  P_det_soft 0.0000  (37s)
  step 1575  JSR  -29.7  loss 13.4950  logE[BER] -13.495  P_det_soft 0.0000  (38s)
  step 1600  JSR  -18.0  loss 7.4416  logE[BER] -7.442  P_det_soft 0.0000  (38s)
  step 1625  JSR   -7.7  loss 4.1572  logE[BER] -4.157  P_det_soft 0.0000  (39s)
  step 1650  JSR  -28.0  loss 24.8131  logE[BER] -24.813  P_det_soft 0.0000  (40s)
  step 1675  JSR  -17.9  loss 6.9337  logE[BER] -6.934  P_det_soft 0.0000  (40s)
  step 1700  JSR  -11.0  loss 4.6246  logE[BER] -4.625  P_det_soft 0.0000  (41s)
  step 1725  JSR  -23.7  loss 13.1097  logE[BER] -13.110  P_det_soft 0.0000  (41s)
  step 1750  JSR   -7.3  loss 3.9887  logE[BER] -3.989  P_det_soft 0.0000  (42s)
  step 1775  JSR   -9.6  loss 4.5062  logE[BER] -4.506  P_det_soft 0.0000  (42s)
  step 1800  JSR  -16.7  loss 6.0451  logE[BER] -6.045  P_det_soft 0.0000  (43s)
  step 1825  JSR  -28.4  loss 31.5768  logE[BER] -31.577  P_det_soft 0.0000  (44s)
  step 1850  JSR  -25.5  loss 14.8617  logE[BER] -14.862  P_det_soft 0.0000  (44s)
  step 1875  JSR  -29.2  loss 29.4605  logE[BER] -29.461  P_det_soft 0.0000  (45s)
  step 1900  JSR  -12.2  loss 4.8699  logE[BER] -4.870  P_det_soft 0.0000  (45s)
  step 1925  JSR   -7.4  loss 4.4233  logE[BER] -4.423  P_det_soft 0.0000  (46s)
  step 1950  JSR  -10.1  loss 4.5856  logE[BER] -4.586  P_det_soft 0.0000  (47s)
  step 1975  JSR  -26.4  loss 23.1018  logE[BER] -23.102  P_det_soft 0.0000  (47s)
  step 2000  JSR  -10.4  loss 4.6164  logE[BER] -4.616  P_det_soft 0.0000  (48s)
  step 2025  JSR  -18.3  loss 6.5809  logE[BER] -6.581  P_det_soft 0.0000  (48s)
  step 2050  JSR  -23.9  loss 12.6515  logE[BER] -12.651  P_det_soft 0.0000  (49s)
  step 2075  JSR  -25.8  loss 19.3603  logE[BER] -19.360  P_det_soft 0.0000  (49s)
  step 2100  JSR  -15.4  loss 5.2773  logE[BER] -5.277  P_det_soft 0.0000  (50s)
  step 2125  JSR  -23.1  loss 9.1229  logE[BER] -9.123  P_det_soft 0.0000  (51s)
  step 2150  JSR  -21.6  loss 8.8502  logE[BER] -8.850  P_det_soft 0.0000  (51s)
  step 2175  JSR  -22.2  loss 9.0337  logE[BER] -9.034  P_det_soft 0.0000  (52s)
  step 2200  JSR  -15.4  loss 5.3976  logE[BER] -5.398  P_det_soft 0.0000  (52s)
  step 2225  JSR  -17.7  loss 6.1376  logE[BER] -6.138  P_det_soft 0.0000  (53s)
  step 2250  JSR  -12.0  loss 4.9562  logE[BER] -4.956  P_det_soft 0.0000  (53s)
  step 2275  JSR   -2.1  loss 4.2855  logE[BER] -4.285  P_det_soft 0.0000  (54s)
  step 2300  JSR   -8.5  loss 4.6654  logE[BER] -4.665  P_det_soft 0.0000  (55s)
  step 2325  JSR  -15.6  loss 5.6928  logE[BER] -5.693  P_det_soft 0.0000  (55s)
  step 2350  JSR  -14.4  loss 5.5348  logE[BER] -5.535  P_det_soft 0.0000  (56s)
  step 2375  JSR  -28.1  loss 21.6668  logE[BER] -21.667  P_det_soft 0.0000  (56s)
  step 2400  JSR  -19.9  loss 6.2857  logE[BER] -6.286  P_det_soft 0.0000  (57s)
  step 2425  JSR  -22.6  loss 8.0856  logE[BER] -8.086  P_det_soft 0.0000  (58s)
  step 2450  JSR  -29.4  loss 10.4677  logE[BER] -10.468  P_det_soft 0.0000  (58s)
  step 2475  JSR  -27.6  loss 10.6603  logE[BER] -10.660  P_det_soft 0.0000  (59s)
  step 2500  JSR   -0.0  loss 4.2726  logE[BER] -4.273  P_det_soft 0.0000  (59s)
  step 2525  JSR  -30.7  loss 14.8453  logE[BER] -14.845  P_det_soft 0.0000  (60s)
  step 2550  JSR   -9.0  loss 5.0358  logE[BER] -5.036  P_det_soft 0.0000  (60s)
  step 2575  JSR  -29.3  loss 17.2621  logE[BER] -17.262  P_det_soft 0.0000  (61s)
  step 2600  JSR  -21.9  loss 7.3728  logE[BER] -7.373  P_det_soft 0.0000  (62s)
  step 2625  JSR  -31.3  loss 25.5950  logE[BER] -25.595  P_det_soft 0.0000  (62s)
  step 2650  JSR   -9.1  loss 4.7490  logE[BER] -4.749  P_det_soft 0.0000  (63s)
  step 2675  JSR  -23.3  loss 8.3765  logE[BER] -8.377  P_det_soft 0.0000  (63s)
  step 2700  JSR  -15.1  loss 5.6568  logE[BER] -5.657  P_det_soft 0.0000  (64s)
  step 2725  JSR  -26.2  loss 9.8639  logE[BER] -9.864  P_det_soft 0.0000  (64s)
  step 2750  JSR  -20.3  loss 6.7270  logE[BER] -6.727  P_det_soft 0.0000  (65s)
  step 2775  JSR   -8.9  loss 5.0214  logE[BER] -5.021  P_det_soft 0.0000  (66s)
  step 2800  JSR  -26.9  loss 14.7666  logE[BER] -14.767  P_det_soft 0.0000  (66s)
  step 2825  JSR  -24.3  loss 8.6568  logE[BER] -8.657  P_det_soft 0.0000  (67s)
  step 2850  JSR   -1.3  loss 4.3901  logE[BER] -4.390  P_det_soft 0.0000  (67s)
  step 2875  JSR  -22.3  loss 7.4324  logE[BER] -7.432  P_det_soft 0.0000  (68s)
  step 2900  JSR   -4.6  loss 4.5119  logE[BER] -4.512  P_det_soft 0.0000  (69s)
  step 2925  JSR   -2.2  loss 4.3881  logE[BER] -4.388  P_det_soft 0.0000  (69s)
  step 2950  JSR   -7.6  loss 4.8439  logE[BER] -4.844  P_det_soft 0.0000  (70s)
  step 2975  JSR  -12.1  loss 5.3868  logE[BER] -5.387  P_det_soft 0.0000  (70s)
  step 3000  JSR   -8.9  loss 4.9874  logE[BER] -4.987  P_det_soft 0.0000  (71s)
  step 3025  JSR  -14.1  loss 5.5055  logE[BER] -5.505  P_det_soft 0.0000  (71s)
  step 3050  JSR  -21.8  loss 6.9988  logE[BER] -6.999  P_det_soft 0.0000  (72s)
  step 3075  JSR  -25.7  loss 10.3647  logE[BER] -10.365  P_det_soft 0.0000  (73s)
  step 3100  JSR  -28.8  loss 13.0170  logE[BER] -13.017  P_det_soft 0.0000  (73s)
  step 3125  JSR   -9.0  loss 4.9683  logE[BER] -4.968  P_det_soft 0.0000  (74s)
  step 3150  JSR   -6.8  loss 4.6466  logE[BER] -4.647  P_det_soft 0.0000  (74s)
  step 3175  JSR  -12.5  loss 5.2913  logE[BER] -5.291  P_det_soft 0.0000  (75s)
  step 3200  JSR  -30.9  loss 16.6432  logE[BER] -16.643  P_det_soft 0.0000  (75s)
  step 3225  JSR   -7.9  loss 4.8836  logE[BER] -4.884  P_det_soft 0.0000  (76s)
  step 3250  JSR  -16.3  loss 5.7054  logE[BER] -5.705  P_det_soft 0.0000  (77s)
  step 3275  JSR   -1.6  loss 4.3131  logE[BER] -4.313  P_det_soft 0.0000  (77s)
  step 3300  JSR  -10.6  loss 5.1868  logE[BER] -5.187  P_det_soft 0.0000  (78s)
  step 3325  JSR  -11.3  loss 5.0928  logE[BER] -5.093  P_det_soft 0.0000  (78s)
  step 3350  JSR   -6.3  loss 4.5776  logE[BER] -4.578  P_det_soft 0.0000  (79s)
  step 3375  JSR  -14.7  loss 5.5532  logE[BER] -5.553  P_det_soft 0.0000  (80s)
  step 3400  JSR  -20.4  loss 6.3927  logE[BER] -6.393  P_det_soft 0.0000  (80s)
  step 3425  JSR  -30.2  loss 21.0165  logE[BER] -21.017  P_det_soft 0.0000  (81s)
  step 3450  JSR  -23.1  loss 7.7940  logE[BER] -7.794  P_det_soft 0.0000  (81s)
  step 3475  JSR   -5.6  loss 4.6682  logE[BER] -4.668  P_det_soft 0.0000  (82s)
  step 3500  JSR  -28.0  loss 14.1674  logE[BER] -14.167  P_det_soft 0.0000  (82s)
  step 3525  JSR   -3.8  loss 4.6473  logE[BER] -4.647  P_det_soft 0.0000  (83s)
  step 3550  JSR  -23.3  loss 7.8835  logE[BER] -7.884  P_det_soft 0.0000  (84s)
  step 3575  JSR  -28.0  loss 13.8842  logE[BER] -13.884  P_det_soft 0.0000  (84s)
  step 3600  JSR   -9.8  loss 5.2176  logE[BER] -5.218  P_det_soft 0.0000  (85s)
  step 3625  JSR   -8.6  loss 4.8953  logE[BER] -4.895  P_det_soft 0.0000  (85s)
  step 3650  JSR  -25.6  loss 9.0407  logE[BER] -9.041  P_det_soft 0.0000  (86s)
  step 3675  JSR  -11.8  loss 5.2401  logE[BER] -5.240  P_det_soft 0.0000  (86s)
  step 3700  JSR   -0.0  loss 4.1148  logE[BER] -4.115  P_det_soft 0.0000  (87s)
  step 3725  JSR   -9.6  loss 4.8614  logE[BER] -4.861  P_det_soft 0.0000  (88s)
  step 3750  JSR  -29.0  loss 21.5083  logE[BER] -21.508  P_det_soft 0.0000  (88s)
  step 3775  JSR  -18.4  loss 6.0710  logE[BER] -6.071  P_det_soft 0.0000  (89s)
  step 3800  JSR  -26.4  loss 10.1686  logE[BER] -10.169  P_det_soft 0.0000  (89s)
  step 3825  JSR  -19.8  loss 6.2465  logE[BER] -6.247  P_det_soft 0.0000  (90s)
  step 3850  JSR  -23.0  loss 7.6866  logE[BER] -7.687  P_det_soft 0.0000  (91s)
  step 3875  JSR   -4.6  loss 4.5317  logE[BER] -4.532  P_det_soft 0.0000  (91s)
  step 3900  JSR  -16.9  loss 5.8914  logE[BER] -5.891  P_det_soft 0.0000  (92s)
  step 3925  JSR  -21.5  loss 7.0078  logE[BER] -7.008  P_det_soft 0.0000  (92s)
  step 3950  JSR   -4.3  loss 4.7482  logE[BER] -4.748  P_det_soft 0.0000  (93s)
  step 3975  JSR  -17.4  loss 5.9463  logE[BER] -5.946  P_det_soft 0.0000  (93s)
  step 3999  JSR  -28.5  loss 13.6631  logE[BER] -13.663  P_det_soft 0.0000  (94s)
wrote gan/control_r2_G.pt, gan/control_r2.json in 94s
