node: tikgpu04.ee.ethz.ch | gpu: NVIDIA TITAN RTX
env base = {'noise_unc_db': 0.0, 'rician_k_db': None} | task cnn_b10_grey_r1 = {'target': 'spec_cnn', 'beta': 10.0, 'cgan_task': 14, 'defender': 'cnn_s12'} | seed 5014 | band (-38.8, -6.8) | 32 frames/step | 4000 steps | init random | damage ber | device cuda:0
  target spec_cnn: threshold -1.58684, clean-frame std 1.23395 (soft_pdet width)
  step    0  JSR  -20.0  loss 114.6700  logE[BER] -108.347  P_det_soft 0.6323  (1s)
  step   25  JSR  -22.4  loss 81.7952  logE[BER] -77.744  P_det_soft 0.4051  (3s)
  step   50  JSR  -10.1  loss 18.2962  logE[BER] -8.346  P_det_soft 0.9950  (5s)
  step   75  JSR  -22.7  loss 83.7264  logE[BER] -80.687  P_det_soft 0.3040  (8s)
  step  100  JSR  -19.2  loss 60.0320  logE[BER] -53.368  P_det_soft 0.6664  (10s)
  step  125  JSR  -36.5  loss 125.0405  logE[BER] -123.687  P_det_soft 0.1354  (12s)
  step  150  JSR  -34.0  loss 121.3569  logE[BER] -119.751  P_det_soft 0.1606  (15s)
  step  175  JSR  -18.8  loss 70.0118  logE[BER] -62.236  P_det_soft 0.7776  (17s)
  step  200  JSR   -9.7  loss 16.6020  logE[BER] -6.664  P_det_soft 0.9938  (19s)
  step  225  JSR  -13.4  loss 21.9224  logE[BER] -12.036  P_det_soft 0.9887  (22s)
  step  250  JSR  -22.5  loss 84.6155  logE[BER] -80.601  P_det_soft 0.4014  (24s)
  step  275  JSR  -27.3  loss 104.1727  logE[BER] -102.396  P_det_soft 0.1777  (26s)
  step  300  JSR  -20.6  loss 71.3427  logE[BER] -64.925  P_det_soft 0.6418  (29s)
  step  325  JSR  -36.0  loss 124.9018  logE[BER] -123.286  P_det_soft 0.1615  (31s)
  step  350  JSR  -18.0  loss 37.4728  logE[BER] -28.943  P_det_soft 0.8529  (33s)
  step  375  JSR  -25.4  loss 92.4695  logE[BER] -89.757  P_det_soft 0.2712  (36s)
  step  400  JSR   -9.3  loss 16.4587  logE[BER] -6.516  P_det_soft 0.9943  (38s)
  step  425  JSR  -35.9  loss 125.0820  logE[BER] -123.608  P_det_soft 0.1474  (40s)
  step  450  JSR  -28.4  loss 100.1968  logE[BER] -98.216  P_det_soft 0.1980  (43s)
  step  475  JSR  -25.3  loss 90.5077  logE[BER] -88.131  P_det_soft 0.2377  (45s)
  step  500  JSR  -37.5  loss 124.3314  logE[BER] -122.810  P_det_soft 0.1521  (47s)
  step  525  JSR   -8.1  loss 16.3746  logE[BER] -6.437  P_det_soft 0.9938  (50s)
  step  550  JSR  -26.4  loss 90.8421  logE[BER] -88.976  P_det_soft 0.1866  (52s)
  step  575  JSR  -36.2  loss 118.1995  logE[BER] -116.162  P_det_soft 0.2037  (54s)
  step  600  JSR  -14.0  loss 18.5422  logE[BER] -8.710  P_det_soft 0.9832  (57s)
  step  625  JSR  -11.4  loss 17.4240  logE[BER] -7.487  P_det_soft 0.9937  (59s)
  step  650  JSR  -10.5  loss 16.3395  logE[BER] -6.388  P_det_soft 0.9952  (61s)
  step  675  JSR  -25.1  loss 79.9217  logE[BER] -76.991  P_det_soft 0.2930  (64s)
  step  700  JSR  -25.0  loss 75.4087  logE[BER] -73.303  P_det_soft 0.2105  (66s)
  step  725  JSR  -14.2  loss 18.5558  logE[BER] -8.816  P_det_soft 0.9740  (68s)
  step  750  JSR  -10.2  loss 15.8148  logE[BER] -5.869  P_det_soft 0.9946  (71s)
  step  775  JSR  -22.9  loss 61.6065  logE[BER] -58.424  P_det_soft 0.3183  (73s)
  step  800  JSR  -32.6  loss 96.3255  logE[BER] -94.549  P_det_soft 0.1776  (75s)
  step  825  JSR  -26.0  loss 81.8461  logE[BER] -79.037  P_det_soft 0.2809  (78s)
  step  850  JSR  -28.8  loss 81.3673  logE[BER] -80.130  P_det_soft 0.1237  (80s)
  step  875  JSR  -13.0  loss 16.4346  logE[BER] -6.562  P_det_soft 0.9872  (83s)
  step  900  JSR  -17.8  loss 31.1331  logE[BER] -22.857  P_det_soft 0.8276  (85s)
  step  925  JSR  -17.5  loss 23.3853  logE[BER] -14.947  P_det_soft 0.8438  (87s)
  step  950  JSR   -7.3  loss 15.1620  logE[BER] -5.209  P_det_soft 0.9953  (90s)
  step  975  JSR  -20.6  loss 41.3891  logE[BER] -36.273  P_det_soft 0.5117  (92s)
  step 1000  JSR  -23.1  loss 48.7176  logE[BER] -46.057  P_det_soft 0.2661  (94s)
  step 1025  JSR  -34.9  loss 112.4256  logE[BER] -110.429  P_det_soft 0.1997  (97s)
  step 1050  JSR  -37.4  loss 113.3685  logE[BER] -112.069  P_det_soft 0.1300  (99s)
  step 1075  JSR  -12.3  loss 16.3505  logE[BER] -6.425  P_det_soft 0.9926  (101s)
  step 1100  JSR  -35.1  loss 114.5941  logE[BER] -113.013  P_det_soft 0.1581  (104s)
  step 1125  JSR  -28.7  loss 82.7932  logE[BER] -80.782  P_det_soft 0.2011  (106s)
  step 1150  JSR  -21.0  loss 31.7555  logE[BER] -27.914  P_det_soft 0.3842  (109s)
  step 1175  JSR  -33.6  loss 95.8768  logE[BER] -94.441  P_det_soft 0.1435  (111s)
  step 1200  JSR  -31.7  loss 85.6515  logE[BER] -84.015  P_det_soft 0.1636  (113s)
  step 1225  JSR  -23.7  loss 41.0419  logE[BER] -37.895  P_det_soft 0.3147  (116s)
  step 1250  JSR  -16.4  loss 14.2506  logE[BER] -6.349  P_det_soft 0.7902  (118s)
  step 1275  JSR  -17.2  loss 14.7946  logE[BER] -7.347  P_det_soft 0.7448  (121s)
  step 1300  JSR  -28.2  loss 67.3030  logE[BER] -64.625  P_det_soft 0.2678  (123s)
  step 1325  JSR   -9.8  loss 15.6181  logE[BER] -5.672  P_det_soft 0.9946  (125s)
  step 1350  JSR  -37.7  loss 109.6322  logE[BER] -107.934  P_det_soft 0.1698  (128s)
  step 1375  JSR  -30.6  loss 75.3605  logE[BER] -73.865  P_det_soft 0.1495  (130s)
  step 1400  JSR   -9.3  loss 15.4355  logE[BER] -5.486  P_det_soft 0.9950  (133s)
  step 1425  JSR  -28.8  loss 65.5711  logE[BER] -63.707  P_det_soft 0.1864  (135s)
  step 1450  JSR  -20.1  loss 10.4787  logE[BER] -7.234  P_det_soft 0.3245  (137s)
  step 1475  JSR  -34.0  loss 86.7950  logE[BER] -84.840  P_det_soft 0.1955  (140s)
  step 1500  JSR  -15.6  loss 14.1108  logE[BER] -6.093  P_det_soft 0.8017  (142s)
  step 1525  JSR  -19.9  loss 10.5789  logE[BER] -6.704  P_det_soft 0.3875  (145s)
  step 1550  JSR  -31.4  loss 72.5611  logE[BER] -70.331  P_det_soft 0.2231  (147s)
  step 1575  JSR  -22.7  loss 12.7068  logE[BER] -10.507  P_det_soft 0.2200  (150s)
  step 1600  JSR  -24.8  loss 20.5570  logE[BER] -18.614  P_det_soft 0.1943  (152s)
  step 1625  JSR  -29.7  loss 52.9775  logE[BER] -51.027  P_det_soft 0.1951  (154s)
  step 1650  JSR   -9.0  loss 15.2072  logE[BER] -5.257  P_det_soft 0.9950  (157s)
  step 1675  JSR  -32.3  loss 74.0482  logE[BER] -72.391  P_det_soft 0.1657  (159s)
  step 1700  JSR  -33.5  loss 80.0828  logE[BER] -78.468  P_det_soft 0.1615  (162s)
  step 1725  JSR  -20.8  loss 11.4617  logE[BER] -7.709  P_det_soft 0.3752  (164s)
  step 1750  JSR  -31.8  loss 71.1266  logE[BER] -69.236  P_det_soft 0.1891  (167s)
  step 1775  JSR  -26.4  loss 33.7833  logE[BER] -32.133  P_det_soft 0.1651  (169s)
  step 1800  JSR  -25.9  loss 31.2833  logE[BER] -29.292  P_det_soft 0.1991  (171s)
  step 1825  JSR  -25.8  loss 24.9699  logE[BER] -22.804  P_det_soft 0.2166  (174s)
  step 1850  JSR   -9.3  loss 15.2782  logE[BER] -5.359  P_det_soft 0.9919  (176s)
  step 1875  JSR  -10.3  loss 15.3255  logE[BER] -5.426  P_det_soft 0.9900  (179s)
  step 1900  JSR  -19.9  loss 10.4922  logE[BER] -6.929  P_det_soft 0.3563  (181s)
  step 1925  JSR  -11.0  loss 15.4352  logE[BER] -5.720  P_det_soft 0.9715  (184s)
  step 1950  JSR  -22.6  loss 11.0951  logE[BER] -8.981  P_det_soft 0.2114  (186s)
  step 1975  JSR  -25.8  loss 22.9798  logE[BER] -21.046  P_det_soft 0.1934  (189s)
  step 2000  JSR  -24.9  loss 18.2613  logE[BER] -16.182  P_det_soft 0.2080  (191s)
  step 2025  JSR  -14.2  loss 14.2718  logE[BER] -5.812  P_det_soft 0.8460  (193s)
  step 2050  JSR  -32.5  loss 73.5977  logE[BER] -71.374  P_det_soft 0.2224  (196s)
  step 2075  JSR  -33.3  loss 76.4848  logE[BER] -74.711  P_det_soft 0.1774  (198s)
  step 2100  JSR  -16.6  loss 10.0707  logE[BER] -5.720  P_det_soft 0.4351  (201s)
  step 2125  JSR  -35.9  loss 92.1662  logE[BER] -90.603  P_det_soft 0.1563  (203s)
  step 2150  JSR  -13.1  loss 13.8582  logE[BER] -5.431  P_det_soft 0.8428  (206s)
  step 2175  JSR  -34.8  loss 85.3781  logE[BER] -84.111  P_det_soft 0.1267  (208s)
  step 2200  JSR  -17.7  loss 10.7115  logE[BER] -6.311  P_det_soft 0.4401  (211s)
  step 2225  JSR  -25.6  loss 22.5545  logE[BER] -20.754  P_det_soft 0.1801  (213s)
  step 2250  JSR  -31.5  loss 65.2782  logE[BER] -63.852  P_det_soft 0.1426  (216s)
  step 2275  JSR  -17.3  loss 11.0992  logE[BER] -5.895  P_det_soft 0.5204  (218s)
  step 2300  JSR  -26.5  loss 32.8485  logE[BER] -31.006  P_det_soft 0.1842  (220s)
  step 2325  JSR  -21.3  loss 9.0782  logE[BER] -6.460  P_det_soft 0.2618  (223s)
  step 2350  JSR  -11.3  loss 15.1773  logE[BER] -5.490  P_det_soft 0.9687  (225s)
  step 2375  JSR  -34.0  loss 81.2215  logE[BER] -79.557  P_det_soft 0.1665  (228s)
  step 2400  JSR   -9.0  loss 15.0556  logE[BER] -5.149  P_det_soft 0.9907  (230s)
  step 2425  JSR  -37.0  loss 97.5766  logE[BER] -95.453  P_det_soft 0.2123  (233s)
  step 2450  JSR  -25.0  loss 20.6644  logE[BER] -18.945  P_det_soft 0.1719  (235s)
  step 2475  JSR  -14.8  loss 12.1655  logE[BER] -6.154  P_det_soft 0.6012  (238s)
  step 2500  JSR  -35.8  loss 90.6855  logE[BER] -89.348  P_det_soft 0.1338  (240s)
  step 2525  JSR  -31.7  loss 68.4487  logE[BER] -66.727  P_det_soft 0.1722  (243s)
  step 2550  JSR  -14.1  loss 12.4375  logE[BER] -5.688  P_det_soft 0.6750  (245s)
  step 2575  JSR   -8.5  loss 15.0529  logE[BER] -5.116  P_det_soft 0.9937  (247s)
  step 2600  JSR  -27.6  loss 38.3051  logE[BER] -35.792  P_det_soft 0.2513  (250s)
  step 2625  JSR  -34.4  loss 87.1034  logE[BER] -85.456  P_det_soft 0.1647  (252s)
  step 2650  JSR  -25.2  loss 25.6470  logE[BER] -23.670  P_det_soft 0.1977  (255s)
  step 2675  JSR  -10.2  loss 15.1380  logE[BER] -5.290  P_det_soft 0.9848  (257s)
  step 2700  JSR  -17.5  loss 10.5511  logE[BER] -5.931  P_det_soft 0.4620  (260s)
  step 2725  JSR  -22.6  loss 12.9191  logE[BER] -10.424  P_det_soft 0.2495  (262s)
  step 2750  JSR   -7.9  loss 15.1390  logE[BER] -5.179  P_det_soft 0.9960  (265s)
  step 2775  JSR  -20.1  loss 10.0090  logE[BER] -6.968  P_det_soft 0.3041  (267s)
  step 2800  JSR  -27.9  loss 37.9440  logE[BER] -36.062  P_det_soft 0.1882  (270s)
  step 2825  JSR  -18.6  loss 10.3494  logE[BER] -6.491  P_det_soft 0.3859  (272s)
  step 2850  JSR  -14.6  loss 12.6694  logE[BER] -5.701  P_det_soft 0.6969  (274s)
  step 2875  JSR  -20.3  loss 9.8105  logE[BER] -7.092  P_det_soft 0.2719  (277s)
  step 2900  JSR   -8.6  loss 15.1794  logE[BER] -5.228  P_det_soft 0.9952  (279s)
  step 2925  JSR  -23.9  loss 12.8094  logE[BER] -11.186  P_det_soft 0.1623  (282s)
  step 2950  JSR  -12.3  loss 14.7450  logE[BER] -5.588  P_det_soft 0.9157  (284s)
  step 2975  JSR  -19.1  loss 8.9523  logE[BER] -6.310  P_det_soft 0.2642  (287s)
  step 3000  JSR  -34.6  loss 80.9270  logE[BER] -79.839  P_det_soft 0.1088  (289s)
  step 3025  JSR  -25.4  loss 20.1796  logE[BER] -17.912  P_det_soft 0.2268  (292s)
  step 3050  JSR  -17.3  loss 9.1708  logE[BER] -5.950  P_det_soft 0.3221  (294s)
  step 3075  JSR   -8.7  loss 15.3215  logE[BER] -5.390  P_det_soft 0.9931  (297s)
  step 3100  JSR  -27.1  loss 30.6902  logE[BER] -29.320  P_det_soft 0.1370  (299s)
  step 3125  JSR  -24.8  loss 19.9651  logE[BER] -17.899  P_det_soft 0.2066  (302s)
  step 3150  JSR  -15.4  loss 10.5825  logE[BER] -5.746  P_det_soft 0.4837  (304s)
  step 3175  JSR  -12.6  loss 13.7729  logE[BER] -5.599  P_det_soft 0.8174  (306s)
  step 3200  JSR   -8.4  loss 15.1637  logE[BER] -5.244  P_det_soft 0.9920  (309s)
  step 3225  JSR  -32.4  loss 73.6220  logE[BER] -72.291  P_det_soft 0.1331  (311s)
  step 3250  JSR  -10.3  loss 15.2153  logE[BER] -5.317  P_det_soft 0.9898  (314s)
  step 3275  JSR  -10.2  loss 15.0841  logE[BER] -5.465  P_det_soft 0.9619  (316s)
  step 3300  JSR   -8.7  loss 15.2851  logE[BER] -5.390  P_det_soft 0.9895  (319s)
  step 3325  JSR  -35.3  loss 86.8714  logE[BER] -85.438  P_det_soft 0.1434  (321s)
  step 3350  JSR  -16.6  loss 10.2095  logE[BER] -6.084  P_det_soft 0.4125  (324s)
  step 3375  JSR  -17.2  loss 11.4050  logE[BER] -5.995  P_det_soft 0.5410  (326s)
  step 3400  JSR  -26.1  loss 23.9465  logE[BER] -21.763  P_det_soft 0.2184  (329s)
  step 3425  JSR  -24.5  loss 15.8705  logE[BER] -14.268  P_det_soft 0.1603  (331s)
  step 3450  JSR   -8.6  loss 15.2548  logE[BER] -5.317  P_det_soft 0.9938  (334s)
  step 3475  JSR  -33.5  loss 77.4762  logE[BER] -75.606  P_det_soft 0.1870  (336s)
  step 3500  JSR  -30.2  loss 56.2817  logE[BER] -54.596  P_det_soft 0.1685  (338s)
  step 3525  JSR  -33.8  loss 78.4642  logE[BER] -76.923  P_det_soft 0.1541  (341s)
  step 3550  JSR  -37.4  loss 98.3147  logE[BER] -96.795  P_det_soft 0.1519  (343s)
  step 3575  JSR  -23.6  loss 12.3793  logE[BER] -10.568  P_det_soft 0.1811  (346s)
  step 3600  JSR  -12.7  loss 13.2961  logE[BER] -5.465  P_det_soft 0.7831  (348s)
  step 3625  JSR   -8.7  loss 15.1046  logE[BER] -5.174  P_det_soft 0.9930  (351s)
  step 3650  JSR  -23.9  loss 16.5987  logE[BER] -14.490  P_det_soft 0.2109  (353s)
  step 3675  JSR   -7.6  loss 15.3475  logE[BER] -5.384  P_det_soft 0.9964  (356s)
  step 3700  JSR  -15.2  loss 10.7336  logE[BER] -5.506  P_det_soft 0.5227  (358s)
  step 3725  JSR  -36.2  loss 90.5399  logE[BER] -88.797  P_det_soft 0.1742  (361s)
  step 3750  JSR  -19.0  loss 10.2788  logE[BER] -6.711  P_det_soft 0.3567  (363s)
  step 3775  JSR  -30.3  loss 58.8988  logE[BER] -57.102  P_det_soft 0.1796  (366s)
  step 3800  JSR   -7.9  loss 15.2247  logE[BER] -5.296  P_det_soft 0.9929  (368s)
  step 3825  JSR  -29.5  loss 48.5070  logE[BER] -47.435  P_det_soft 0.1072  (371s)
  step 3850  JSR  -22.6  loss 10.7042  logE[BER] -8.516  P_det_soft 0.2188  (373s)
  step 3875  JSR  -26.4  loss 25.1322  logE[BER] -23.394  P_det_soft 0.1738  (375s)
  step 3900  JSR  -37.6  loss 96.7723  logE[BER] -95.297  P_det_soft 0.1475  (378s)
  step 3925  JSR  -15.4  loss 11.4566  logE[BER] -5.925  P_det_soft 0.5532  (380s)
  step 3950  JSR  -17.8  loss 9.8016  logE[BER] -6.076  P_det_soft 0.3726  (383s)
  step 3975  JSR  -29.7  loss 53.1630  logE[BER] -51.435  P_det_soft 0.1728  (385s)
  step 3999  JSR   -8.6  loss 15.2190  logE[BER] -5.270  P_det_soft 0.9949  (388s)
wrote gan/cnn_b10_grey_r1_G.pt, gan/cnn_b10_grey_r1.json in 394s
