node: tikgpu05.ee.ethz.ch | gpu: NVIDIA TITAN RTX
env base = {'noise_unc_db': 0.0, 'rician_k_db': None} | task control_r1 = {'target': None, 'beta': 0.0, 'cgan_task': 0} | seed 5000 | band (-32.0, 0.0) | 128 frames/step | 4000 steps | device cuda:0
  step    0  JSR  -12.5  loss 75.1476  logE[BER] -75.148  P_det_soft 0.0000  (1s)
  step   25  JSR  -19.8  loss 33.9796  logE[BER] -33.980  P_det_soft 0.0000  (2s)
  step   50  JSR  -28.2  loss 90.8706  logE[BER] -90.871  P_det_soft 0.0000  (2s)
  step   75  JSR  -16.3  loss 13.5014  logE[BER] -13.501  P_det_soft 0.0000  (3s)
  step  100  JSR  -27.3  loss 82.9258  logE[BER] -82.926  P_det_soft 0.0000  (3s)
  step  125  JSR  -26.4  loss 74.0473  logE[BER] -74.047  P_det_soft 0.0000  (4s)
  step  150  JSR  -22.4  loss 52.0979  logE[BER] -52.098  P_det_soft 0.0000  (5s)
  step  175  JSR   -2.0  loss 4.4071  logE[BER] -4.407  P_det_soft 0.0000  (5s)
  step  200  JSR   -0.4  loss 4.3938  logE[BER] -4.394  P_det_soft 0.0000  (6s)
  step  225  JSR  -24.4  loss 68.5392  logE[BER] -68.539  P_det_soft 0.0000  (6s)
  step  250  JSR  -16.3  loss 10.2417  logE[BER] -10.242  P_det_soft 0.0000  (7s)
  step  275  JSR  -14.2  loss 14.2712  logE[BER] -14.271  P_det_soft 0.0000  (7s)
  step  300  JSR  -20.6  loss 51.4968  logE[BER] -51.497  P_det_soft 0.0000  (8s)
  step  325  JSR   -5.5  loss 5.7231  logE[BER] -5.723  P_det_soft 0.0000  (8s)
  step  350  JSR  -16.2  loss 11.3201  logE[BER] -11.320  P_det_soft 0.0000  (9s)
  step  375  JSR   -9.9  loss 6.1916  logE[BER] -6.192  P_det_soft 0.0000  (10s)
  step  400  JSR  -28.9  loss 86.6760  logE[BER] -86.676  P_det_soft 0.0000  (10s)
  step  425  JSR  -31.5  loss 97.6931  logE[BER] -97.693  P_det_soft 0.0000  (11s)
  step  450  JSR  -17.4  loss 12.2425  logE[BER] -12.243  P_det_soft 0.0000  (11s)
  step  475  JSR  -14.2  loss 8.4195  logE[BER] -8.419  P_det_soft 0.0000  (12s)
  step  500  JSR  -14.8  loss 8.7365  logE[BER] -8.737  P_det_soft 0.0000  (12s)
  step  525  JSR  -10.9  loss 6.2146  logE[BER] -6.215  P_det_soft 0.0000  (13s)
  step  550  JSR  -19.0  loss 14.0637  logE[BER] -14.064  P_det_soft 0.0000  (13s)
  step  575  JSR  -18.2  loss 13.7947  logE[BER] -13.795  P_det_soft 0.0000  (14s)
  step  600  JSR   -9.1  loss 6.1435  logE[BER] -6.144  P_det_soft 0.0000  (15s)
  step  625  JSR   -0.7  loss 4.4972  logE[BER] -4.497  P_det_soft 0.0000  (15s)
  step  650  JSR  -17.4  loss 12.0927  logE[BER] -12.093  P_det_soft 0.0000  (16s)
  step  675  JSR   -6.3  loss 5.4718  logE[BER] -5.472  P_det_soft 0.0000  (16s)
  step  700  JSR  -25.9  loss 57.2551  logE[BER] -57.255  P_det_soft 0.0000  (17s)
  step  725  JSR  -22.7  loss 36.9901  logE[BER] -36.990  P_det_soft 0.0000  (17s)
  step  750  JSR  -13.1  loss 7.1023  logE[BER] -7.102  P_det_soft 0.0000  (18s)
  step  775  JSR   -8.1  loss 5.7702  logE[BER] -5.770  P_det_soft 0.0000  (18s)
  step  800  JSR  -11.5  loss 6.4781  logE[BER] -6.478  P_det_soft 0.0000  (19s)
  step  825  JSR   -5.2  loss 5.3033  logE[BER] -5.303  P_det_soft 0.0000  (20s)
  step  850  JSR  -30.8  loss 88.2202  logE[BER] -88.220  P_det_soft 0.0000  (20s)
  step  875  JSR   -0.8  loss 4.3280  logE[BER] -4.328  P_det_soft 0.0000  (21s)
  step  900  JSR  -21.5  loss 29.2667  logE[BER] -29.267  P_det_soft 0.0000  (21s)
  step  925  JSR   -2.5  loss 4.6672  logE[BER] -4.667  P_det_soft 0.0000  (22s)
  step  950  JSR  -27.5  loss 70.8136  logE[BER] -70.814  P_det_soft 0.0000  (22s)
  step  975  JSR  -26.7  loss 60.7605  logE[BER] -60.760  P_det_soft 0.0000  (23s)
  step 1000  JSR   -8.8  loss 6.0537  logE[BER] -6.054  P_det_soft 0.0000  (24s)
  step 1025  JSR  -25.2  loss 54.9711  logE[BER] -54.971  P_det_soft 0.0000  (24s)
  step 1050  JSR   -7.7  loss 5.5940  logE[BER] -5.594  P_det_soft 0.0000  (25s)
  step 1075  JSR   -9.3  loss 6.1169  logE[BER] -6.117  P_det_soft 0.0000  (25s)
  step 1100  JSR  -26.3  loss 59.2185  logE[BER] -59.218  P_det_soft 0.0000  (26s)
  step 1125  JSR   -5.4  loss 4.9819  logE[BER] -4.982  P_det_soft 0.0000  (26s)
  step 1150  JSR  -27.7  loss 66.2088  logE[BER] -66.209  P_det_soft 0.0000  (27s)
  step 1175  JSR   -8.2  loss 5.4476  logE[BER] -5.448  P_det_soft 0.0000  (27s)
  step 1200  JSR  -20.0  loss 14.7383  logE[BER] -14.738  P_det_soft 0.0000  (28s)
  step 1225  JSR   -4.8  loss 4.8398  logE[BER] -4.840  P_det_soft 0.0000  (29s)
  step 1250  JSR   -0.9  loss 4.1155  logE[BER] -4.116  P_det_soft 0.0000  (29s)
  step 1275  JSR  -13.4  loss 7.0332  logE[BER] -7.033  P_det_soft 0.0000  (30s)
  step 1300  JSR  -16.5  loss 8.2663  logE[BER] -8.266  P_det_soft 0.0000  (30s)
  step 1325  JSR  -14.5  loss 7.3522  logE[BER] -7.352  P_det_soft 0.0000  (31s)
  step 1350  JSR   -7.5  loss 5.5812  logE[BER] -5.581  P_det_soft 0.0000  (31s)
  step 1375  JSR  -23.4  loss 39.5683  logE[BER] -39.568  P_det_soft 0.0000  (32s)
  step 1400  JSR   -6.4  loss 5.3147  logE[BER] -5.315  P_det_soft 0.0000  (32s)
  step 1425  JSR  -29.9  loss 76.2979  logE[BER] -76.298  P_det_soft 0.0000  (33s)
  step 1450  JSR  -14.2  loss 7.1427  logE[BER] -7.143  P_det_soft 0.0000  (34s)
  step 1475  JSR   -8.2  loss 5.4996  logE[BER] -5.500  P_det_soft 0.0000  (34s)
  step 1500  JSR   -6.4  loss 5.1125  logE[BER] -5.113  P_det_soft 0.0000  (35s)
  step 1525  JSR  -31.8  loss 94.4157  logE[BER] -94.416  P_det_soft 0.0000  (35s)
  step 1550  JSR  -14.7  loss 6.9864  logE[BER] -6.986  P_det_soft 0.0000  (36s)
  step 1575  JSR   -9.0  loss 5.6655  logE[BER] -5.666  P_det_soft 0.0000  (36s)
  step 1600  JSR  -12.1  loss 6.5435  logE[BER] -6.543  P_det_soft 0.0000  (37s)
  step 1625  JSR  -27.3  loss 62.0043  logE[BER] -62.004  P_det_soft 0.0000  (38s)
  step 1650  JSR  -13.4  loss 6.5554  logE[BER] -6.555  P_det_soft 0.0000  (38s)
  step 1675  JSR   -9.5  loss 6.0401  logE[BER] -6.040  P_det_soft 0.0000  (39s)
  step 1700  JSR  -17.1  loss 8.2775  logE[BER] -8.277  P_det_soft 0.0000  (39s)
  step 1725  JSR  -29.8  loss 87.3879  logE[BER] -87.388  P_det_soft 0.0000  (40s)
  step 1750  JSR  -16.2  loss 8.1147  logE[BER] -8.115  P_det_soft 0.0000  (40s)
  step 1775  JSR  -27.0  loss 58.8146  logE[BER] -58.815  P_det_soft 0.0000  (41s)
  step 1800  JSR  -13.5  loss 6.5299  logE[BER] -6.530  P_det_soft 0.0000  (41s)
  step 1825  JSR   -9.2  loss 5.4555  logE[BER] -5.455  P_det_soft 0.0000  (42s)
  step 1850  JSR   -7.6  loss 5.1153  logE[BER] -5.115  P_det_soft 0.0000  (43s)
  step 1875  JSR  -14.3  loss 6.8067  logE[BER] -6.807  P_det_soft 0.0000  (43s)
  step 1900  JSR   -4.2  loss 4.3930  logE[BER] -4.393  P_det_soft 0.0000  (44s)
  step 1925  JSR  -13.7  loss 6.5740  logE[BER] -6.574  P_det_soft 0.0000  (44s)
  step 1950  JSR   -2.7  loss 3.9778  logE[BER] -3.978  P_det_soft 0.0000  (45s)
  step 1975  JSR  -22.4  loss 18.4166  logE[BER] -18.417  P_det_soft 0.0000  (45s)
  step 2000  JSR  -24.8  loss 36.8479  logE[BER] -36.848  P_det_soft 0.0000  (46s)
  step 2025  JSR  -12.3  loss 6.3117  logE[BER] -6.312  P_det_soft 0.0000  (47s)
  step 2050  JSR  -17.4  loss 7.9245  logE[BER] -7.924  P_det_soft 0.0000  (47s)
  step 2075  JSR  -15.4  loss 6.7990  logE[BER] -6.799  P_det_soft 0.0000  (48s)
  step 2100  JSR   -1.2  loss 3.7575  logE[BER] -3.758  P_det_soft 0.0000  (48s)
  step 2125  JSR  -18.5  loss 8.3910  logE[BER] -8.391  P_det_soft 0.0000  (49s)
  step 2150  JSR   -7.1  loss 4.9620  logE[BER] -4.962  P_det_soft 0.0000  (49s)
  step 2175  JSR  -27.9  loss 64.7012  logE[BER] -64.701  P_det_soft 0.0000  (50s)
  step 2200  JSR  -31.8  loss 74.1427  logE[BER] -74.143  P_det_soft 0.0000  (50s)
  step 2225  JSR   -5.3  loss 4.7118  logE[BER] -4.712  P_det_soft 0.0000  (51s)
  step 2250  JSR   -8.0  loss 5.2566  logE[BER] -5.257  P_det_soft 0.0000  (52s)
  step 2275  JSR  -12.5  loss 6.0540  logE[BER] -6.054  P_det_soft 0.0000  (52s)
  step 2300  JSR  -16.1  loss 7.0252  logE[BER] -7.025  P_det_soft 0.0000  (53s)
  step 2325  JSR  -23.1  loss 20.3863  logE[BER] -20.386  P_det_soft 0.0000  (53s)
  step 2350  JSR  -23.4  loss 22.2570  logE[BER] -22.257  P_det_soft 0.0000  (54s)
  step 2375  JSR   -3.8  loss 4.3408  logE[BER] -4.341  P_det_soft 0.0000  (54s)
  step 2400  JSR   -0.5  loss 3.8524  logE[BER] -3.852  P_det_soft 0.0000  (55s)
  step 2425  JSR   -3.5  loss 4.2893  logE[BER] -4.289  P_det_soft 0.0000  (55s)
  step 2450  JSR   -0.4  loss 3.7314  logE[BER] -3.731  P_det_soft 0.0000  (56s)
  step 2475  JSR   -0.8  loss 3.6940  logE[BER] -3.694  P_det_soft 0.0000  (57s)
  step 2500  JSR  -10.7  loss 5.8050  logE[BER] -5.805  P_det_soft 0.0000  (57s)
  step 2525  JSR  -30.1  loss 61.2817  logE[BER] -61.282  P_det_soft 0.0000  (58s)
  step 2550  JSR  -28.1  loss 46.7793  logE[BER] -46.779  P_det_soft 0.0000  (58s)
  step 2575  JSR   -8.3  loss 5.1230  logE[BER] -5.123  P_det_soft 0.0000  (59s)
  step 2600  JSR   -0.1  loss 3.7360  logE[BER] -3.736  P_det_soft 0.0000  (59s)
  step 2625  JSR  -32.0  loss 65.6994  logE[BER] -65.699  P_det_soft 0.0000  (60s)
  step 2650  JSR  -18.4  loss 7.7250  logE[BER] -7.725  P_det_soft 0.0000  (61s)
  step 2675  JSR   -0.9  loss 3.9102  logE[BER] -3.910  P_det_soft 0.0000  (61s)
  step 2700  JSR   -9.0  loss 5.1655  logE[BER] -5.166  P_det_soft 0.0000  (62s)
  step 2725  JSR   -5.9  loss 4.7009  logE[BER] -4.701  P_det_soft 0.0000  (62s)
  step 2750  JSR   -2.7  loss 4.1257  logE[BER] -4.126  P_det_soft 0.0000  (63s)
  step 2775  JSR   -1.5  loss 3.7913  logE[BER] -3.791  P_det_soft 0.0000  (63s)
  step 2800  JSR   -2.9  loss 4.0312  logE[BER] -4.031  P_det_soft 0.0000  (64s)
  step 2825  JSR  -29.3  loss 48.1296  logE[BER] -48.130  P_det_soft 0.0000  (64s)
  step 2850  JSR  -17.5  loss 7.1515  logE[BER] -7.152  P_det_soft 0.0000  (65s)
  step 2875  JSR  -24.4  loss 16.4368  logE[BER] -16.437  P_det_soft 0.0000  (66s)
  step 2900  JSR  -17.9  loss 7.5940  logE[BER] -7.594  P_det_soft 0.0000  (66s)
  step 2925  JSR  -15.5  loss 6.6968  logE[BER] -6.697  P_det_soft 0.0000  (67s)
  step 2950  JSR  -15.2  loss 6.5369  logE[BER] -6.537  P_det_soft 0.0000  (67s)
  step 2975  JSR  -27.4  loss 47.1214  logE[BER] -47.121  P_det_soft 0.0000  (68s)
  step 3000  JSR  -23.5  loss 14.9871  logE[BER] -14.987  P_det_soft 0.0000  (68s)
  step 3025  JSR  -22.4  loss 13.8316  logE[BER] -13.832  P_det_soft 0.0000  (69s)
  step 3050  JSR  -16.1  loss 7.0706  logE[BER] -7.071  P_det_soft 0.0000  (69s)
  step 3075  JSR   -1.2  loss 3.9982  logE[BER] -3.998  P_det_soft 0.0000  (70s)
  step 3100  JSR  -22.8  loss 11.3713  logE[BER] -11.371  P_det_soft 0.0000  (71s)
  step 3125  JSR  -13.2  loss 6.1151  logE[BER] -6.115  P_det_soft 0.0000  (71s)
  step 3150  JSR   -0.3  loss 3.6283  logE[BER] -3.628  P_det_soft 0.0000  (72s)
  step 3175  JSR  -10.9  loss 5.5057  logE[BER] -5.506  P_det_soft 0.0000  (72s)
  step 3200  JSR   -5.9  loss 4.3999  logE[BER] -4.400  P_det_soft 0.0000  (73s)
  step 3225  JSR   -1.8  loss 3.8184  logE[BER] -3.818  P_det_soft 0.0000  (73s)
  step 3250  JSR  -26.1  loss 32.1634  logE[BER] -32.163  P_det_soft 0.0000  (74s)
  step 3275  JSR  -16.1  loss 6.9774  logE[BER] -6.977  P_det_soft 0.0000  (75s)
  step 3300  JSR  -16.8  loss 7.0883  logE[BER] -7.088  P_det_soft 0.0000  (75s)
  step 3325  JSR   -6.2  loss 4.4612  logE[BER] -4.461  P_det_soft 0.0000  (76s)
  step 3350  JSR  -24.2  loss 15.2167  logE[BER] -15.217  P_det_soft 0.0000  (76s)
  step 3375  JSR  -22.5  loss 13.8633  logE[BER] -13.863  P_det_soft 0.0000  (77s)
  step 3400  JSR   -4.7  loss 4.3136  logE[BER] -4.314  P_det_soft 0.0000  (77s)
  step 3425  JSR   -5.2  loss 4.2775  logE[BER] -4.277  P_det_soft 0.0000  (78s)
  step 3450  JSR  -25.7  loss 25.3656  logE[BER] -25.366  P_det_soft 0.0000  (78s)
  step 3475  JSR  -24.0  loss 12.7274  logE[BER] -12.727  P_det_soft 0.0000  (79s)
  step 3500  JSR  -10.3  loss 5.1768  logE[BER] -5.177  P_det_soft 0.0000  (80s)
  step 3525  JSR  -21.9  loss 9.8574  logE[BER] -9.857  P_det_soft 0.0000  (80s)
  step 3550  JSR  -26.4  loss 35.5296  logE[BER] -35.530  P_det_soft 0.0000  (81s)
  step 3575  JSR   -1.9  loss 3.8193  logE[BER] -3.819  P_det_soft 0.0000  (81s)
  step 3600  JSR  -19.7  loss 8.2041  logE[BER] -8.204  P_det_soft 0.0000  (82s)
  step 3625  JSR   -1.2  loss 3.7823  logE[BER] -3.782  P_det_soft 0.0000  (82s)
  step 3650  JSR  -12.8  loss 5.7212  logE[BER] -5.721  P_det_soft 0.0000  (83s)
  step 3675  JSR  -29.7  loss 53.0955  logE[BER] -53.095  P_det_soft 0.0000  (84s)
  step 3700  JSR  -11.8  loss 5.6768  logE[BER] -5.677  P_det_soft 0.0000  (84s)
  step 3725  JSR  -24.4  loss 16.3256  logE[BER] -16.326  P_det_soft 0.0000  (85s)
  step 3750  JSR  -14.7  loss 6.2183  logE[BER] -6.218  P_det_soft 0.0000  (85s)
  step 3775  JSR   -8.2  loss 5.0597  logE[BER] -5.060  P_det_soft 0.0000  (86s)
  step 3800  JSR   -8.0  loss 5.1177  logE[BER] -5.118  P_det_soft 0.0000  (86s)
  step 3825  JSR   -8.9  loss 5.0368  logE[BER] -5.037  P_det_soft 0.0000  (87s)
  step 3850  JSR   -6.3  loss 4.6415  logE[BER] -4.641  P_det_soft 0.0000  (88s)
  step 3875  JSR   -7.7  loss 4.8067  logE[BER] -4.807  P_det_soft 0.0000  (88s)
  step 3900  JSR  -10.6  loss 5.2202  logE[BER] -5.220  P_det_soft 0.0000  (89s)
  step 3925  JSR  -18.3  loss 7.7566  logE[BER] -7.757  P_det_soft 0.0000  (89s)
  step 3950  JSR  -20.6  loss 8.5511  logE[BER] -8.551  P_det_soft 0.0000  (90s)
  step 3975  JSR  -22.3  loss 10.8045  logE[BER] -10.805  P_det_soft 0.0000  (90s)
  step 3999  JSR  -28.6  loss 46.0861  logE[BER] -46.086  P_det_soft 0.0000  (91s)
wrote gan/control_r1_G.pt, gan/control_r1.json in 91s
