node: tikgpu04.ee.ethz.ch | gpu: NVIDIA TITAN RTX
env base = {'noise_unc_db': 0.0, 'rician_k_db': None} | SNR 15 dB (Es/N0 24.03 dB) | device cuda:0 | full
spectrogram scale: vmin -29.42 dB, vmax 39.30 dB
dataset: 1578 frames (1105 train / 473 val), 2s
epoch   1  train loss 0.7123 acc 0.4507 | val loss 0.6965 acc 0.5074  (7s)
epoch   2  train loss 0.6744 acc 0.5882 | val loss 0.6515 acc 0.6765  (12s)
epoch   3  train loss 0.6484 acc 0.6950 | val loss 0.6245 acc 0.7357  (17s)
epoch   4  train loss 0.6281 acc 0.7059 | val loss 0.6013 acc 0.7632  (23s)
epoch   5  train loss 0.6080 acc 0.7439 | val loss 0.5801 acc 0.7696  (28s)
epoch   6  train loss 0.5862 acc 0.7584 | val loss 0.5589 acc 0.7844  (33s)
epoch   7  train loss 0.5718 acc 0.7656 | val loss 0.5407 acc 0.7907  (38s)
epoch   8  train loss 0.5574 acc 0.7692 | val loss 0.5262 acc 0.7907  (43s)
epoch   9  train loss 0.5440 acc 0.7783 | val loss 0.5055 acc 0.8309  (48s)
epoch  10  train loss 0.5311 acc 0.7891 | val loss 0.4958 acc 0.8161  (53s)
epoch  11  train loss 0.5205 acc 0.7882 | val loss 0.4787 acc 0.8414  (58s)
epoch  12  train loss 0.5112 acc 0.7946 | val loss 0.4661 acc 0.8436  (64s)
epoch  13  train loss 0.5006 acc 0.8045 | val loss 0.4550 acc 0.8414  (69s)
epoch  14  train loss 0.4863 acc 0.8136 | val loss 0.4466 acc 0.8351  (74s)
epoch  15  train loss 0.4760 acc 0.8208 | val loss 0.4358 acc 0.8436  (79s)
epoch  16  train loss 0.4577 acc 0.8262 | val loss 0.4223 acc 0.8478  (84s)
epoch  17  train loss 0.4592 acc 0.8190 | val loss 0.4166 acc 0.8457  (89s)
epoch  18  train loss 0.4457 acc 0.8299 | val loss 0.3991 acc 0.8520  (94s)
epoch  19  train loss 0.4411 acc 0.8217 | val loss 0.3871 acc 0.8584  (100s)
epoch  20  train loss 0.4234 acc 0.8308 | val loss 0.3804 acc 0.8562  (105s)
epoch  21  train loss 0.4213 acc 0.8335 | val loss 0.3768 acc 0.8562  (110s)
epoch  22  train loss 0.4093 acc 0.8434 | val loss 0.3647 acc 0.8605  (115s)
epoch  23  train loss 0.4080 acc 0.8416 | val loss 0.3614 acc 0.8605  (120s)
epoch  24  train loss 0.3841 acc 0.8525 | val loss 0.3551 acc 0.8626  (125s)
epoch  25  train loss 0.3908 acc 0.8434 | val loss 0.3503 acc 0.8605  (130s)
epoch  26  train loss 0.3900 acc 0.8489 | val loss 0.3437 acc 0.8626  (136s)
epoch  27  train loss 0.3726 acc 0.8443 | val loss 0.3307 acc 0.8647  (141s)
epoch  28  train loss 0.3628 acc 0.8633 | val loss 0.3293 acc 0.8668  (146s)
epoch  29  train loss 0.3615 acc 0.8643 | val loss 0.3163 acc 0.8837  (151s)
epoch  30  train loss 0.3546 acc 0.8633 | val loss 0.3209 acc 0.8710  (156s)
epoch  31  train loss 0.3505 acc 0.8688 | val loss 0.3087 acc 0.8858  (161s)
epoch  32  train loss 0.3423 acc 0.8588 | val loss 0.3085 acc 0.8816  (166s)
epoch  33  train loss 0.3336 acc 0.8679 | val loss 0.3040 acc 0.8816  (172s)
epoch  34  train loss 0.3190 acc 0.8733 | val loss 0.2976 acc 0.8837  (177s)
epoch  35  train loss 0.3176 acc 0.8733 | val loss 0.2958 acc 0.8816  (182s)
epoch  36  train loss 0.3030 acc 0.8824 | val loss 0.2893 acc 0.8858  (187s)
epoch  37  train loss 0.2988 acc 0.8977 | val loss 0.2797 acc 0.8922  (192s)
epoch  38  train loss 0.2958 acc 0.8914 | val loss 0.2796 acc 0.8922  (197s)
epoch  39  train loss 0.2954 acc 0.8833 | val loss 0.2753 acc 0.8922  (202s)
epoch  40  train loss 0.2878 acc 0.8887 | val loss 0.2669 acc 0.8922  (208s)
epoch  41  train loss 0.2741 acc 0.8995 | val loss 0.2688 acc 0.8922  (213s)
epoch  42  train loss 0.2624 acc 0.9041 | val loss 0.2640 acc 0.8943  (218s)
epoch  43  train loss 0.2675 acc 0.8995 | val loss 0.2562 acc 0.9027  (223s)
epoch  44  train loss 0.2677 acc 0.9041 | val loss 0.2555 acc 0.8964  (228s)
epoch  45  train loss 0.2842 acc 0.8878 | val loss 0.2519 acc 0.9049  (233s)
epoch  46  train loss 0.2459 acc 0.9131 | val loss 0.2504 acc 0.9027  (238s)
epoch  47  train loss 0.2544 acc 0.9041 | val loss 0.2521 acc 0.9006  (244s)
epoch  48  train loss 0.2467 acc 0.9086 | val loss 0.2467 acc 0.9049  (249s)
epoch  49  train loss 0.2533 acc 0.9041 | val loss 0.2455 acc 0.9091  (254s)
epoch  50  train loss 0.2267 acc 0.9158 | val loss 0.2434 acc 0.9112  (259s)
epoch  51  train loss 0.2248 acc 0.9249 | val loss 0.2384 acc 0.9133  (264s)
epoch  52  train loss 0.2205 acc 0.9213 | val loss 0.2310 acc 0.9197  (269s)
epoch  53  train loss 0.2177 acc 0.9213 | val loss 0.2319 acc 0.9154  (275s)
epoch  54  train loss 0.2163 acc 0.9258 | val loss 0.2367 acc 0.9112  (280s)
epoch  55  train loss 0.2075 acc 0.9276 | val loss 0.2270 acc 0.9197  (285s)
epoch  56  train loss 0.2165 acc 0.9176 | val loss 0.2288 acc 0.9175  (290s)
epoch  57  train loss 0.1947 acc 0.9303 | val loss 0.2256 acc 0.9197  (295s)
epoch  58  train loss 0.1884 acc 0.9367 | val loss 0.2241 acc 0.9175  (300s)
epoch  59  train loss 0.1940 acc 0.9394 | val loss 0.2207 acc 0.9218  (305s)
epoch  60  train loss 0.1858 acc 0.9339 | val loss 0.2198 acc 0.9218  (311s)
epoch  61  train loss 0.1864 acc 0.9367 | val loss 0.2218 acc 0.9218  (316s)
epoch  62  train loss 0.1847 acc 0.9367 | val loss 0.2226 acc 0.9175  (321s)
epoch  63  train loss 0.1664 acc 0.9448 | val loss 0.2240 acc 0.9281  (326s)
epoch  64  train loss 0.1782 acc 0.9330 | val loss 0.2204 acc 0.9218  (331s)
epoch  65  train loss 0.1710 acc 0.9367 | val loss 0.2145 acc 0.9218  (336s)
epoch  66  train loss 0.1650 acc 0.9466 | val loss 0.2242 acc 0.9218  (341s)
epoch  67  train loss 0.1833 acc 0.9367 | val loss 0.2198 acc 0.9260  (347s)
epoch  68  train loss 0.1588 acc 0.9457 | val loss 0.2161 acc 0.9197  (352s)
epoch  69  train loss 0.1758 acc 0.9412 | val loss 0.2186 acc 0.9281  (357s)
epoch  70  train loss 0.1693 acc 0.9312 | val loss 0.2167 acc 0.9218  (362s)
epoch  71  train loss 0.1564 acc 0.9439 | val loss 0.2097 acc 0.9239  (367s)
epoch  72  train loss 0.1437 acc 0.9529 | val loss 0.2123 acc 0.9281  (372s)
epoch  73  train loss 0.1311 acc 0.9638 | val loss 0.2170 acc 0.9260  (377s)
epoch  74  train loss 0.1360 acc 0.9566 | val loss 0.2084 acc 0.9239  (383s)
epoch  75  train loss 0.1419 acc 0.9520 | val loss 0.2337 acc 0.9260  (388s)
epoch  76  train loss 0.1372 acc 0.9593 | val loss 0.2121 acc 0.9281  (393s)
epoch  77  train loss 0.1331 acc 0.9575 | val loss 0.2080 acc 0.9260  (398s)
epoch  78  train loss 0.1134 acc 0.9683 | val loss 0.2167 acc 0.9281  (403s)
epoch  79  train loss 0.1319 acc 0.9575 | val loss 0.2152 acc 0.9239  (408s)
epoch  80  train loss 0.1265 acc 0.9584 | val loss 0.2088 acc 0.9281  (413s)
epoch  81  train loss 0.1218 acc 0.9647 | val loss 0.2071 acc 0.9323  (419s)
epoch  82  train loss 0.1148 acc 0.9674 | val loss 0.2078 acc 0.9323  (424s)
epoch  83  train loss 0.1115 acc 0.9701 | val loss 0.2076 acc 0.9260  (429s)
epoch  84  train loss 0.1202 acc 0.9611 | val loss 0.2177 acc 0.9323  (434s)
epoch  85  train loss 0.1238 acc 0.9575 | val loss 0.2122 acc 0.9281  (439s)
epoch  86  train loss 0.1031 acc 0.9683 | val loss 0.2132 acc 0.9302  (444s)
epoch  87  train loss 0.1182 acc 0.9638 | val loss 0.2153 acc 0.9302  (449s)
epoch  88  train loss 0.0928 acc 0.9765 | val loss 0.2008 acc 0.9323  (455s)
epoch  89  train loss 0.1006 acc 0.9692 | val loss 0.2171 acc 0.9302  (460s)
epoch  90  train loss 0.1006 acc 0.9701 | val loss 0.2021 acc 0.9345  (465s)
epoch  91  train loss 0.0937 acc 0.9738 | val loss 0.2038 acc 0.9345  (470s)
epoch  92  train loss 0.1115 acc 0.9674 | val loss 0.2059 acc 0.9323  (475s)
epoch  93  train loss 0.0960 acc 0.9692 | val loss 0.2046 acc 0.9323  (480s)
epoch  94  train loss 0.1075 acc 0.9692 | val loss 0.2032 acc 0.9345  (485s)
epoch  95  train loss 0.1008 acc 0.9674 | val loss 0.2178 acc 0.9323  (491s)
epoch  96  train loss 0.0833 acc 0.9810 | val loss 0.1960 acc 0.9323  (496s)
epoch  97  train loss 0.0905 acc 0.9738 | val loss 0.2168 acc 0.9366  (501s)
epoch  98  train loss 0.1060 acc 0.9611 | val loss 0.2035 acc 0.9366  (506s)
epoch  99  train loss 0.0855 acc 0.9729 | val loss 0.2021 acc 0.9323  (511s)
epoch 100  train loss 0.1015 acc 0.9665 | val loss 0.2117 acc 0.9366  (516s)
  calibrated on 20000 clean frames: energy mean 1.00395 (c0^2 + N0 = 1.00395), thresholds@0.05 energy 1.0171 energy_2s 0.01549 kurtosis 0.048909 spec_cnn -1.5868, clean BER 0.00e+00 PER 0.0000

--- Li et al. spectrogram CNN, retrained on env base ---
validation accuracy 0.9366 (S4/D6 15 dB r0: 0.932); detection rate on jammed 0.8884, FAR (argmax) 0.0090, AUC 0.9715 (r0: 0.978)
per type (val): {'clean': 0.990990990990991, 'barrage': 0.9701492537313433, 'tone': 0.9642857142857142, 'pulse_comb': 0.9428571428571428, 'protocol_aware': 0.6551724137931034}
P(det) at alpha 0.05 vs JSR [np.float64(-30.0), np.float64(-28.0), np.float64(-26.0), np.float64(-24.0), np.float64(-22.0), np.float64(-20.0), np.float64(-18.0), np.float64(-16.0), np.float64(-14.0), np.float64(-12.0), np.float64(-10.0), np.float64(-8.0), np.float64(-6.0), np.float64(-4.0), np.float64(-2.0), np.float64(0.0), np.float64(2.0), np.float64(4.0), np.float64(6.0), np.float64(8.0), np.float64(10.0)]:
  barrage         0.05 0.12 0.16 0.19 0.33 0.55 0.88 1.00 1.00 1.00 1.00 1.00 1.00 1.00 1.00 1.00 1.00 1.00 1.00 1.00 1.00
  tone            0.09 0.13 0.14 0.34 0.46 0.65 0.82 0.95 0.96 1.00 1.00 1.00 1.00 1.00 1.00 1.00 1.00 1.00 1.00 1.00 1.00
  pulse_comb      0.08 0.12 0.12 0.25 0.33 0.55 0.88 1.00 1.00 1.00 1.00 1.00 1.00 1.00 1.00 1.00 1.00 1.00 1.00 1.00 1.00
  protocol_aware  0.05 0.05 0.09 0.11 0.14 0.19 0.27 0.32 0.44 0.58 0.75 0.88 0.97 1.00 1.00 1.00 1.00 1.00 1.00 1.00 1.00
done in 548s
