node: tikgpu04.ee.ethz.ch | gpu: NVIDIA TITAN RTX
env fading = {'noise_unc_db': 0.0, 'rician_k_db': 12.0} | task cnn_b10_r0 = {'target': 'spec_cnn', 'beta': 10.0, 'cgan_task': 14} | seed 4014 | band (-39.0, -7.0) | 32 frames/step | 4000 steps | device cuda:0
  target spec_cnn: threshold -0.927185, clean-frame std 1.34167 (soft_pdet width)
  step    0  JSR  -16.0  loss 49.7544  logE[BER] -40.486  P_det_soft 0.9268  (1s)
  step   25  JSR  -18.2  loss 23.1529  logE[BER] -16.860  P_det_soft 0.6293  (3s)
  step   50  JSR  -12.0  loss 19.8725  logE[BER] -10.077  P_det_soft 0.9796  (5s)
  step   75  JSR  -37.1  loss 61.3516  logE[BER] -60.071  P_det_soft 0.1281  (8s)
  step  100  JSR  -27.9  loss 45.1261  logE[BER] -43.306  P_det_soft 0.1820  (10s)
  step  125  JSR  -34.8  loss 54.5393  logE[BER] -53.178  P_det_soft 0.1361  (13s)
  step  150  JSR  -35.3  loss 53.6359  logE[BER] -52.114  P_det_soft 0.1522  (15s)
  step  175  JSR  -13.8  loss 20.1506  logE[BER] -10.534  P_det_soft 0.9617  (17s)
  step  200  JSR  -30.5  loss 57.7484  logE[BER] -56.261  P_det_soft 0.1488  (20s)
  step  225  JSR  -31.2  loss 63.8527  logE[BER] -62.219  P_det_soft 0.1633  (22s)
  step  250  JSR  -17.6  loss 34.3762  logE[BER] -27.525  P_det_soft 0.6851  (25s)
  step  275  JSR  -13.0  loss 24.7031  logE[BER] -14.953  P_det_soft 0.9750  (27s)
  step  300  JSR  -36.7  loss 58.8801  logE[BER] -57.496  P_det_soft 0.1384  (30s)
  step  325  JSR  -36.2  loss 40.7661  logE[BER] -38.954  P_det_soft 0.1812  (32s)
  step  350  JSR  -13.6  loss 25.7677  logE[BER] -16.145  P_det_soft 0.9622  (34s)
  step  375  JSR  -25.3  loss 52.7004  logE[BER] -50.307  P_det_soft 0.2394  (37s)
  step  400  JSR  -16.9  loss 30.0578  logE[BER] -22.440  P_det_soft 0.7618  (39s)
  step  425  JSR  -37.2  loss 70.8214  logE[BER] -69.235  P_det_soft 0.1587  (42s)
  step  450  JSR   -8.8  loss 18.0811  logE[BER] -8.263  P_det_soft 0.9818  (44s)
  step  475  JSR  -19.5  loss 25.0429  logE[BER] -19.810  P_det_soft 0.5233  (47s)
  step  500  JSR  -32.7  loss 55.7452  logE[BER] -54.346  P_det_soft 0.1399  (49s)
  step  525  JSR  -25.7  loss 56.7645  logE[BER] -54.575  P_det_soft 0.2190  (52s)
  step  550  JSR  -13.9  loss 23.2844  logE[BER] -13.896  P_det_soft 0.9389  (54s)
  step  575  JSR  -12.6  loss 17.8779  logE[BER] -8.134  P_det_soft 0.9743  (56s)
  step  600  JSR  -15.1  loss 22.3286  logE[BER] -13.380  P_det_soft 0.8949  (59s)
  step  625  JSR   -7.9  loss 16.0720  logE[BER] -6.253  P_det_soft 0.9819  (61s)
  step  650  JSR  -19.9  loss 33.4774  logE[BER] -29.044  P_det_soft 0.4434  (64s)
  step  675  JSR  -15.1  loss 23.5476  logE[BER] -14.492  P_det_soft 0.9055  (66s)
  step  700  JSR  -28.5  loss 58.2277  logE[BER] -56.849  P_det_soft 0.1379  (69s)
  step  725  JSR  -13.3  loss 19.8896  logE[BER] -10.179  P_det_soft 0.9710  (71s)
  step  750  JSR  -19.0  loss 26.2335  logE[BER] -20.492  P_det_soft 0.5741  (74s)
  step  775  JSR   -7.2  loss 15.6360  logE[BER] -5.829  P_det_soft 0.9807  (76s)
  step  800  JSR  -37.6  loss 60.6696  logE[BER] -59.153  P_det_soft 0.1517  (79s)
  step  825  JSR   -7.8  loss 15.8252  logE[BER] -6.013  P_det_soft 0.9812  (81s)
  step  850  JSR  -26.5  loss 42.7232  logE[BER] -40.705  P_det_soft 0.2018  (83s)
  step  875  JSR  -23.1  loss 30.7039  logE[BER] -27.964  P_det_soft 0.2739  (86s)
  step  900  JSR  -32.4  loss 39.8890  logE[BER] -38.204  P_det_soft 0.1686  (88s)
  step  925  JSR  -26.7  loss 27.7115  logE[BER] -25.651  P_det_soft 0.2061  (91s)
  step  950  JSR  -21.2  loss 37.8555  logE[BER] -34.044  P_det_soft 0.3811  (93s)
  step  975  JSR  -35.2  loss 90.8516  logE[BER] -89.249  P_det_soft 0.1602  (96s)
  step 1000  JSR  -25.2  loss 51.2271  logE[BER] -48.779  P_det_soft 0.2448  (98s)
  step 1025  JSR  -16.2  loss 32.4212  logE[BER] -24.114  P_det_soft 0.8308  (101s)
  step 1050  JSR  -34.8  loss 43.1986  logE[BER] -41.288  P_det_soft 0.1911  (103s)
  step 1075  JSR  -25.3  loss 38.0999  logE[BER] -36.076  P_det_soft 0.2024  (106s)
  step 1100  JSR  -38.8  loss 42.4061  logE[BER] -41.163  P_det_soft 0.1244  (108s)
  step 1125  JSR  -14.0  loss 24.7115  logE[BER] -15.085  P_det_soft 0.9626  (111s)
  step 1150  JSR  -12.4  loss 20.7152  logE[BER] -11.060  P_det_soft 0.9655  (113s)
  step 1175  JSR  -26.8  loss 47.6471  logE[BER] -45.544  P_det_soft 0.2103  (115s)
  step 1200  JSR  -12.7  loss 19.2964  logE[BER] -9.650  P_det_soft 0.9647  (118s)
  step 1225  JSR  -10.9  loss 18.8977  logE[BER] -9.102  P_det_soft 0.9796  (120s)
  step 1250  JSR  -11.2  loss 16.8988  logE[BER] -7.120  P_det_soft 0.9779  (123s)
  step 1275  JSR  -23.9  loss 60.2976  logE[BER] -57.264  P_det_soft 0.3034  (125s)
  step 1300  JSR  -15.3  loss 30.4521  logE[BER] -21.817  P_det_soft 0.8635  (128s)
  step 1325  JSR  -21.4  loss 45.2078  logE[BER] -41.712  P_det_soft 0.3496  (130s)
  step 1350  JSR  -32.5  loss 43.4449  logE[BER] -41.760  P_det_soft 0.1685  (133s)
  step 1375  JSR  -27.2  loss 56.7726  logE[BER] -54.932  P_det_soft 0.1841  (135s)
  step 1400  JSR  -23.1  loss 49.5771  logE[BER] -47.600  P_det_soft 0.1977  (138s)
  step 1425  JSR  -35.2  loss 20.4223  logE[BER] -18.641  P_det_soft 0.1782  (140s)
  step 1450  JSR  -29.7  loss 37.1922  logE[BER] -35.721  P_det_soft 0.1471  (143s)
  step 1475  JSR  -27.0  loss 46.8990  logE[BER] -44.832  P_det_soft 0.2067  (145s)
  step 1500  JSR  -37.5  loss 68.0544  logE[BER] -66.766  P_det_soft 0.1288  (147s)
  step 1525  JSR  -23.2  loss 22.8646  logE[BER] -20.050  P_det_soft 0.2814  (150s)
  step 1550  JSR  -37.5  loss 65.3594  logE[BER] -63.999  P_det_soft 0.1360  (152s)
  step 1575  JSR  -31.2  loss 64.2828  logE[BER] -62.593  P_det_soft 0.1690  (155s)
  step 1600  JSR  -25.3  loss 47.3735  logE[BER] -45.302  P_det_soft 0.2071  (157s)
  step 1625  JSR  -18.7  loss 25.7303  logE[BER] -20.432  P_det_soft 0.5299  (160s)
  step 1650  JSR  -31.2  loss 50.6695  logE[BER] -49.030  P_det_soft 0.1640  (162s)
  step 1675  JSR  -10.3  loss 16.1230  logE[BER] -6.300  P_det_soft 0.9823  (165s)
  step 1700  JSR  -25.1  loss 35.8122  logE[BER] -34.316  P_det_soft 0.1496  (167s)
  step 1725  JSR  -28.7  loss 31.0559  logE[BER] -29.044  P_det_soft 0.2012  (170s)
  step 1750  JSR  -32.1  loss 60.1496  logE[BER] -58.933  P_det_soft 0.1217  (172s)
  step 1775  JSR  -29.6  loss 42.8771  logE[BER] -41.016  P_det_soft 0.1861  (174s)
  step 1800  JSR  -29.6  loss 21.6108  logE[BER] -19.139  P_det_soft 0.2472  (177s)
  step 1825  JSR  -35.6  loss 49.9956  logE[BER] -47.408  P_det_soft 0.2587  (179s)
  step 1850  JSR  -18.1  loss 13.8612  logE[BER] -9.083  P_det_soft 0.4778  (182s)
  step 1875  JSR  -26.9  loss 25.0324  logE[BER] -23.057  P_det_soft 0.1975  (184s)
  step 1900  JSR   -7.1  loss 13.9948  logE[BER] -4.134  P_det_soft 0.9860  (187s)
  step 1925  JSR  -31.5  loss 52.7954  logE[BER] -51.059  P_det_soft 0.1737  (189s)
  step 1950  JSR  -16.2  loss 12.6157  logE[BER] -6.765  P_det_soft 0.5851  (192s)
  step 1975  JSR  -14.2  loss 13.8109  logE[BER] -5.799  P_det_soft 0.8012  (194s)
  step 2000  JSR  -18.3  loss 10.8122  logE[BER] -8.056  P_det_soft 0.2756  (197s)
  step 2025  JSR  -24.1  loss 13.6708  logE[BER] -11.886  P_det_soft 0.1785  (199s)
  step 2050  JSR  -22.8  loss 15.0908  logE[BER] -12.502  P_det_soft 0.2589  (202s)
  step 2075  JSR  -14.0  loss 14.0315  logE[BER] -5.614  P_det_soft 0.8418  (204s)
  step 2100  JSR  -18.7  loss 11.2422  logE[BER] -8.103  P_det_soft 0.3139  (206s)
  step 2125  JSR  -11.8  loss 13.5543  logE[BER] -4.730  P_det_soft 0.8825  (209s)
  step 2150  JSR  -30.3  loss 48.0731  logE[BER] -46.648  P_det_soft 0.1425  (211s)
  step 2175  JSR  -30.2  loss 39.3413  logE[BER] -37.772  P_det_soft 0.1570  (214s)
  step 2200  JSR  -26.2  loss 23.8312  logE[BER] -22.570  P_det_soft 0.1262  (216s)
  step 2225  JSR  -22.6  loss 17.0369  logE[BER] -15.338  P_det_soft 0.1699  (219s)
  step 2250  JSR  -37.4  loss 57.6862  logE[BER] -56.159  P_det_soft 0.1527  (221s)
  step 2275  JSR  -16.7  loss 10.0246  logE[BER] -5.813  P_det_soft 0.4212  (224s)
  step 2300  JSR  -30.2  loss 34.0308  logE[BER] -32.556  P_det_soft 0.1475  (226s)
  step 2325  JSR  -31.4  loss 23.1609  logE[BER] -21.366  P_det_soft 0.1795  (229s)
  step 2350  JSR  -11.9  loss 13.3498  logE[BER] -4.958  P_det_soft 0.8392  (231s)
  step 2375  JSR   -7.9  loss 14.5472  logE[BER] -4.668  P_det_soft 0.9880  (233s)
  step 2400  JSR  -19.0  loss 9.6721  logE[BER] -6.521  P_det_soft 0.3151  (236s)
  step 2425  JSR  -13.8  loss 12.6641  logE[BER] -5.298  P_det_soft 0.7366  (238s)
  step 2450  JSR  -20.3  loss 10.6130  logE[BER] -8.674  P_det_soft 0.1939  (241s)
  step 2475  JSR  -35.3  loss 64.0867  logE[BER] -62.528  P_det_soft 0.1559  (243s)
  step 2500  JSR  -19.8  loss 11.1279  logE[BER] -7.544  P_det_soft 0.3584  (246s)
  step 2525  JSR  -33.5  loss 44.8440  logE[BER] -43.085  P_det_soft 0.1759  (248s)
  step 2550  JSR  -13.2  loss 11.0162  logE[BER] -4.990  P_det_soft 0.6026  (251s)
  step 2575  JSR   -7.0  loss 14.4615  logE[BER] -4.571  P_det_soft 0.9891  (253s)
  step 2600  JSR  -15.2  loss 11.1681  logE[BER] -5.554  P_det_soft 0.5614  (256s)
  step 2625  JSR  -30.9  loss 34.4077  logE[BER] -33.108  P_det_soft 0.1300  (258s)
  step 2650  JSR  -28.6  loss 33.8342  logE[BER] -32.143  P_det_soft 0.1691  (261s)
  step 2675  JSR  -34.6  loss 33.2795  logE[BER] -31.892  P_det_soft 0.1388  (263s)
  step 2700  JSR  -13.9  loss 11.2557  logE[BER] -5.195  P_det_soft 0.6061  (265s)
  step 2725  JSR  -29.1  loss 18.4421  logE[BER] -16.972  P_det_soft 0.1470  (268s)
  step 2750  JSR  -33.4  loss 27.7588  logE[BER] -26.064  P_det_soft 0.1695  (270s)
  step 2775  JSR  -12.1  loss 12.5872  logE[BER] -4.886  P_det_soft 0.7701  (273s)
  step 2800  JSR  -22.5  loss 12.1886  logE[BER] -10.544  P_det_soft 0.1645  (275s)
  step 2825  JSR  -28.5  loss 33.0152  logE[BER] -31.135  P_det_soft 0.1880  (278s)
  step 2850  JSR  -38.3  loss 61.8964  logE[BER] -60.371  P_det_soft 0.1526  (280s)
  step 2875  JSR  -15.4  loss 11.1760  logE[BER] -5.640  P_det_soft 0.5536  (283s)
  step 2900  JSR  -25.0  loss 11.3922  logE[BER] -9.175  P_det_soft 0.2217  (285s)
  step 2925  JSR  -21.3  loss 10.0826  logE[BER] -8.269  P_det_soft 0.1813  (288s)
  step 2950  JSR  -13.2  loss 11.5005  logE[BER] -4.963  P_det_soft 0.6538  (290s)
  step 2975  JSR  -16.5  loss 9.3510  logE[BER] -5.831  P_det_soft 0.3520  (292s)
  step 3000  JSR  -14.7  loss 10.5367  logE[BER] -5.438  P_det_soft 0.5099  (295s)
  step 3025  JSR  -35.4  loss 24.1947  logE[BER] -22.823  P_det_soft 0.1372  (297s)
  step 3050  JSR  -33.2  loss 26.8648  logE[BER] -24.794  P_det_soft 0.2071  (300s)
  step 3075  JSR  -21.8  loss 15.1592  logE[BER] -13.378  P_det_soft 0.1781  (302s)
  step 3100  JSR  -26.0  loss 15.9564  logE[BER] -14.128  P_det_soft 0.1829  (305s)
  step 3125  JSR  -38.8  loss 47.2182  logE[BER] -45.617  P_det_soft 0.1601  (307s)
  step 3150  JSR  -11.7  loss 13.2234  logE[BER] -4.896  P_det_soft 0.8327  (310s)
  step 3175  JSR  -12.1  loss 13.4646  logE[BER] -5.234  P_det_soft 0.8230  (312s)
  step 3200  JSR  -37.0  loss 47.1049  logE[BER] -45.903  P_det_soft 0.1201  (315s)
  step 3225  JSR  -32.6  loss 35.6324  logE[BER] -34.206  P_det_soft 0.1426  (317s)
  step 3250  JSR  -37.9  loss 41.9943  logE[BER] -40.875  P_det_soft 0.1120  (319s)
  step 3275  JSR  -24.9  loss 15.1081  logE[BER] -13.092  P_det_soft 0.2017  (322s)
  step 3300  JSR  -16.1  loss 9.5035  logE[BER] -5.699  P_det_soft 0.3804  (324s)
  step 3325  JSR  -38.5  loss 40.4462  logE[BER] -38.845  P_det_soft 0.1602  (327s)
  step 3350  JSR  -31.3  loss 39.3386  logE[BER] -37.911  P_det_soft 0.1427  (329s)
  step 3375  JSR  -14.1  loss 12.6212  logE[BER] -5.436  P_det_soft 0.7185  (332s)
  step 3400  JSR  -15.2  loss 10.1951  logE[BER] -5.787  P_det_soft 0.4408  (334s)
  step 3425  JSR  -27.9  loss 18.5126  logE[BER] -16.606  P_det_soft 0.1906  (337s)
  step 3450  JSR  -35.3  loss 48.1898  logE[BER] -46.664  P_det_soft 0.1525  (339s)
  step 3475  JSR  -10.0  loss 14.3683  logE[BER] -4.888  P_det_soft 0.9480  (342s)
  step 3500  JSR  -35.4  loss 41.0288  logE[BER] -38.938  P_det_soft 0.2091  (344s)
  step 3525  JSR   -8.8  loss 14.5000  logE[BER] -4.723  P_det_soft 0.9777  (346s)
  step 3550  JSR  -10.1  loss 14.3620  logE[BER] -4.896  P_det_soft 0.9466  (349s)
  step 3575  JSR  -33.4  loss 35.9072  logE[BER] -33.911  P_det_soft 0.1996  (351s)
  step 3600  JSR  -29.2  loss 19.7757  logE[BER] -18.418  P_det_soft 0.1358  (354s)
  step 3625  JSR   -8.4  loss 14.8800  logE[BER] -5.055  P_det_soft 0.9825  (356s)
  step 3650  JSR  -31.9  loss 36.2331  logE[BER] -34.923  P_det_soft 0.1310  (359s)
  step 3675  JSR  -35.6  loss 50.8001  logE[BER] -49.130  P_det_soft 0.1670  (361s)
  step 3700  JSR  -28.0  loss 18.1268  logE[BER] -16.350  P_det_soft 0.1777  (364s)
  step 3725  JSR  -28.3  loss 14.4945  logE[BER] -13.047  P_det_soft 0.1447  (366s)
  step 3750  JSR  -25.4  loss 16.2631  logE[BER] -14.469  P_det_soft 0.1794  (368s)
  step 3775  JSR  -29.9  loss 29.5599  logE[BER] -28.152  P_det_soft 0.1408  (371s)
  step 3800  JSR   -9.3  loss 14.6264  logE[BER] -5.021  P_det_soft 0.9605  (373s)
  step 3825  JSR  -10.3  loss 14.5332  logE[BER] -5.335  P_det_soft 0.9198  (376s)
  step 3850  JSR  -22.9  loss 14.4191  logE[BER] -12.297  P_det_soft 0.2122  (378s)
  step 3875  JSR  -16.3  loss 10.3097  logE[BER] -6.156  P_det_soft 0.4153  (381s)
  step 3900  JSR  -22.1  loss 9.5844  logE[BER] -7.454  P_det_soft 0.2130  (383s)
  step 3925  JSR  -12.4  loss 12.5515  logE[BER] -5.266  P_det_soft 0.7286  (386s)
  step 3950  JSR  -14.1  loss 11.4239  logE[BER] -5.682  P_det_soft 0.5742  (388s)
  step 3975  JSR  -10.7  loss 13.9761  logE[BER] -5.247  P_det_soft 0.8730  (391s)
  step 3999  JSR  -24.4  loss 14.9225  logE[BER] -13.432  P_det_soft 0.1491  (393s)
wrote gan/cnn_b10_r0_G.pt, gan/cnn_b10_r0.json in 399s
