node: tikgpu05.ee.ethz.ch | gpu: NVIDIA TITAN RTX
env both = {'noise_unc_db': 0.5, 'rician_k_db': 12.0} | task cnn_b10_r0 = {'target': 'spec_cnn', 'beta': 10.0, 'cgan_task': 14} | seed 4014 | band (-35.8, -3.8) | 32 frames/step | 4000 steps | device cuda:0
  target spec_cnn: threshold -0.44283, clean-frame std 1.31588 (soft_pdet width)
  step    0  JSR  -12.8  loss 38.3223  logE[BER] -28.899  P_det_soft 0.9424  (0s)
  step   25  JSR  -15.0  loss 18.5913  logE[BER] -11.852  P_det_soft 0.6739  (3s)
  step   50  JSR   -8.8  loss 17.5428  logE[BER] -7.863  P_det_soft 0.9680  (5s)
  step   75  JSR  -33.9  loss 59.2660  logE[BER] -57.762  P_det_soft 0.1504  (7s)
  step  100  JSR  -24.7  loss 40.8277  logE[BER] -39.093  P_det_soft 0.1735  (10s)
  step  125  JSR  -31.6  loss 48.0131  logE[BER] -46.324  P_det_soft 0.1689  (12s)
  step  150  JSR  -32.1  loss 53.1809  logE[BER] -51.237  P_det_soft 0.1943  (14s)
  step  175  JSR  -10.6  loss 17.7327  logE[BER] -8.232  P_det_soft 0.9501  (17s)
  step  200  JSR  -27.3  loss 64.1358  logE[BER] -62.182  P_det_soft 0.1954  (19s)
  step  225  JSR  -28.0  loss 67.2234  logE[BER] -65.442  P_det_soft 0.1781  (21s)
  step  250  JSR  -14.4  loss 27.4424  logE[BER] -20.288  P_det_soft 0.7155  (24s)
  step  275  JSR   -9.8  loss 18.0011  logE[BER] -8.466  P_det_soft 0.9536  (26s)
  step  300  JSR  -33.5  loss 58.4383  logE[BER] -57.124  P_det_soft 0.1314  (28s)
  step  325  JSR  -33.0  loss 37.9121  logE[BER] -35.810  P_det_soft 0.2102  (31s)
  step  350  JSR  -10.4  loss 18.3076  logE[BER] -8.808  P_det_soft 0.9500  (33s)
  step  375  JSR  -22.1  loss 44.8619  logE[BER] -42.366  P_det_soft 0.2496  (35s)
  step  400  JSR  -13.7  loss 24.3752  logE[BER] -16.667  P_det_soft 0.7708  (37s)
  step  425  JSR  -34.0  loss 58.4903  logE[BER] -56.713  P_det_soft 0.1777  (40s)
  step  450  JSR   -5.6  loss 14.9890  logE[BER] -5.416  P_det_soft 0.9573  (42s)
  step  475  JSR  -16.3  loss 18.6934  logE[BER] -14.053  P_det_soft 0.4641  (44s)
  step  500  JSR  -29.5  loss 56.7757  logE[BER] -55.006  P_det_soft 0.1770  (47s)
  step  525  JSR  -22.5  loss 44.7461  logE[BER] -42.631  P_det_soft 0.2116  (49s)
  step  550  JSR  -10.7  loss 23.0155  logE[BER] -13.843  P_det_soft 0.9172  (51s)
  step  575  JSR   -9.4  loss 16.5136  logE[BER] -7.170  P_det_soft 0.9343  (54s)
  step  600  JSR  -11.9  loss 17.3674  logE[BER] -9.082  P_det_soft 0.8285  (56s)
  step  625  JSR   -4.7  loss 14.5602  logE[BER] -4.906  P_det_soft 0.9654  (58s)
  step  650  JSR  -16.7  loss 22.2560  logE[BER] -18.634  P_det_soft 0.3622  (61s)
  step  675  JSR  -11.9  loss 20.3622  logE[BER] -11.916  P_det_soft 0.8446  (63s)
  step  700  JSR  -25.3  loss 55.9279  logE[BER] -54.400  P_det_soft 0.1528  (65s)
  step  725  JSR  -10.1  loss 16.7099  logE[BER] -7.458  P_det_soft 0.9252  (67s)
  step  750  JSR  -15.8  loss 19.6354  logE[BER] -14.499  P_det_soft 0.5136  (70s)
  step  775  JSR   -4.0  loss 14.5506  logE[BER] -4.781  P_det_soft 0.9770  (72s)
  step  800  JSR  -34.4  loss 60.7068  logE[BER] -58.752  P_det_soft 0.1955  (74s)
  step  825  JSR   -4.6  loss 14.3910  logE[BER] -4.719  P_det_soft 0.9672  (77s)
  step  850  JSR  -23.3  loss 37.2568  logE[BER] -35.194  P_det_soft 0.2063  (79s)
  step  875  JSR  -19.9  loss 30.3620  logE[BER] -27.942  P_det_soft 0.2420  (81s)
  step  900  JSR  -29.2  loss 41.8251  logE[BER] -39.808  P_det_soft 0.2017  (84s)
  step  925  JSR  -23.5  loss 24.4835  logE[BER] -22.258  P_det_soft 0.2225  (86s)
  step  950  JSR  -18.0  loss 30.4067  logE[BER] -26.621  P_det_soft 0.3786  (88s)
  step  975  JSR  -32.0  loss 86.6625  logE[BER] -85.009  P_det_soft 0.1653  (91s)
  step 1000  JSR  -22.0  loss 43.2637  logE[BER] -41.365  P_det_soft 0.1898  (93s)
  step 1025  JSR  -13.0  loss 26.0649  logE[BER] -18.271  P_det_soft 0.7794  (95s)
  step 1050  JSR  -31.6  loss 42.6410  logE[BER] -40.747  P_det_soft 0.1894  (98s)
  step 1075  JSR  -22.1  loss 37.7171  logE[BER] -34.974  P_det_soft 0.2743  (100s)
  step 1100  JSR  -35.6  loss 44.9933  logE[BER] -43.765  P_det_soft 0.1229  (102s)
  step 1125  JSR  -10.8  loss 18.3437  logE[BER] -9.519  P_det_soft 0.8825  (104s)
  step 1150  JSR   -9.2  loss 18.0562  logE[BER] -8.519  P_det_soft 0.9537  (107s)
  step 1175  JSR  -23.6  loss 41.8751  logE[BER] -39.679  P_det_soft 0.2196  (109s)
  step 1200  JSR   -9.5  loss 16.6282  logE[BER] -7.250  P_det_soft 0.9378  (111s)
  step 1225  JSR   -7.7  loss 15.7471  logE[BER] -6.203  P_det_soft 0.9544  (114s)
  step 1250  JSR   -8.0  loss 15.5541  logE[BER] -6.040  P_det_soft 0.9515  (116s)
  step 1275  JSR  -20.7  loss 48.2073  logE[BER] -45.580  P_det_soft 0.2627  (118s)
  step 1300  JSR  -12.1  loss 19.3378  logE[BER] -12.081  P_det_soft 0.7257  (121s)
  step 1325  JSR  -18.2  loss 31.1030  logE[BER] -28.778  P_det_soft 0.2325  (123s)
  step 1350  JSR  -29.3  loss 36.6594  logE[BER] -35.070  P_det_soft 0.1589  (125s)
  step 1375  JSR  -24.0  loss 56.8110  logE[BER] -54.915  P_det_soft 0.1896  (128s)
  step 1400  JSR  -19.9  loss 41.1319  logE[BER] -38.772  P_det_soft 0.2360  (130s)
  step 1425  JSR  -32.0  loss 20.5743  logE[BER] -18.912  P_det_soft 0.1662  (132s)
  step 1450  JSR  -26.5  loss 30.7045  logE[BER] -28.651  P_det_soft 0.2053  (135s)
  step 1475  JSR  -23.8  loss 45.8392  logE[BER] -44.434  P_det_soft 0.1405  (137s)
  step 1500  JSR  -34.3  loss 72.8302  logE[BER] -71.268  P_det_soft 0.1562  (139s)
  step 1525  JSR  -20.0  loss 17.9979  logE[BER] -15.251  P_det_soft 0.2746  (141s)
  step 1550  JSR  -34.3  loss 68.3062  logE[BER] -66.693  P_det_soft 0.1613  (144s)
  step 1575  JSR  -28.0  loss 57.1337  logE[BER] -55.141  P_det_soft 0.1992  (146s)
  step 1600  JSR  -22.1  loss 42.5976  logE[BER] -40.273  P_det_soft 0.2325  (148s)
  step 1625  JSR  -15.5  loss 23.6033  logE[BER] -20.558  P_det_soft 0.3045  (151s)
  step 1650  JSR  -28.0  loss 45.8881  logE[BER] -44.068  P_det_soft 0.1820  (153s)
  step 1675  JSR   -7.1  loss 14.7006  logE[BER] -5.796  P_det_soft 0.8905  (155s)
  step 1700  JSR  -21.9  loss 32.6600  logE[BER] -31.209  P_det_soft 0.1451  (158s)
  step 1725  JSR  -25.5  loss 31.5989  logE[BER] -29.721  P_det_soft 0.1878  (160s)
  step 1750  JSR  -28.9  loss 55.5860  logE[BER] -53.979  P_det_soft 0.1607  (162s)
  step 1775  JSR  -26.4  loss 45.3459  logE[BER] -43.765  P_det_soft 0.1581  (165s)
  step 1800  JSR  -26.4  loss 22.3231  logE[BER] -19.906  P_det_soft 0.2417  (167s)
  step 1825  JSR  -32.4  loss 49.5010  logE[BER] -47.291  P_det_soft 0.2210  (169s)
  step 1850  JSR  -14.9  loss 16.3555  logE[BER] -13.405  P_det_soft 0.2950  (172s)
  step 1875  JSR  -23.7  loss 25.5005  logE[BER] -24.085  P_det_soft 0.1416  (174s)
  step 1900  JSR   -3.9  loss 13.8440  logE[BER] -4.460  P_det_soft 0.9384  (176s)
  step 1925  JSR  -28.3  loss 49.8547  logE[BER] -48.219  P_det_soft 0.1636  (178s)
  step 1950  JSR  -13.0  loss 21.5285  logE[BER] -17.611  P_det_soft 0.3918  (181s)
  step 1975  JSR  -11.0  loss 14.1235  logE[BER] -8.915  P_det_soft 0.5209  (183s)
  step 2000  JSR  -15.1  loss 26.1228  logE[BER] -23.554  P_det_soft 0.2568  (185s)
  step 2025  JSR  -20.9  loss 20.6492  logE[BER] -18.701  P_det_soft 0.1948  (188s)
  step 2050  JSR  -19.6  loss 33.5732  logE[BER] -31.857  P_det_soft 0.1716  (190s)
  step 2075  JSR  -10.8  loss 12.7772  logE[BER] -7.513  P_det_soft 0.5264  (192s)
  step 2100  JSR  -15.5  loss 27.3254  logE[BER] -24.737  P_det_soft 0.2589  (195s)
  step 2125  JSR   -8.6  loss 11.9159  logE[BER] -6.023  P_det_soft 0.5893  (197s)
  step 2150  JSR  -27.1  loss 64.3782  logE[BER] -62.994  P_det_soft 0.1384  (199s)
  step 2175  JSR  -27.0  loss 55.5681  logE[BER] -53.429  P_det_soft 0.2139  (202s)
  step 2200  JSR  -23.0  loss 54.9216  logE[BER] -53.352  P_det_soft 0.1570  (204s)
  step 2225  JSR  -19.4  loss 23.4138  logE[BER] -21.785  P_det_soft 0.1629  (206s)
  step 2250  JSR  -34.2  loss 67.6964  logE[BER] -66.457  P_det_soft 0.1239  (209s)
  step 2275  JSR  -13.5  loss 21.8171  logE[BER] -18.380  P_det_soft 0.3437  (211s)
  step 2300  JSR  -27.0  loss 56.2219  logE[BER] -54.917  P_det_soft 0.1304  (213s)
  step 2325  JSR  -28.2  loss 35.7106  logE[BER] -33.906  P_det_soft 0.1805  (215s)
  step 2350  JSR   -8.7  loss 12.7486  logE[BER] -6.788  P_det_soft 0.5961  (218s)
  step 2375  JSR   -4.7  loss 13.4439  logE[BER] -4.603  P_det_soft 0.8841  (220s)
  step 2400  JSR  -15.8  loss 25.5195  logE[BER] -23.358  P_det_soft 0.2161  (222s)
  step 2425  JSR  -10.6  loss 12.9809  logE[BER] -8.384  P_det_soft 0.4596  (225s)
  step 2450  JSR  -17.1  loss 31.6505  logE[BER] -29.822  P_det_soft 0.1828  (227s)
  step 2475  JSR  -32.1  loss 71.3400  logE[BER] -69.531  P_det_soft 0.1809  (229s)
  step 2500  JSR  -16.6  loss 13.8934  logE[BER] -11.555  P_det_soft 0.2339  (232s)
  step 2525  JSR  -30.3  loss 54.7049  logE[BER] -52.844  P_det_soft 0.1861  (234s)
  step 2550  JSR  -10.0  loss 10.5512  logE[BER] -6.592  P_det_soft 0.3959  (236s)
  step 2575  JSR   -3.8  loss 13.1743  logE[BER] -4.269  P_det_soft 0.8905  (239s)
  step 2600  JSR  -12.0  loss 13.8718  logE[BER] -10.215  P_det_soft 0.3657  (241s)
  step 2625  JSR  -27.7  loss 43.8912  logE[BER] -42.574  P_det_soft 0.1317  (243s)
  step 2650  JSR  -25.4  loss 59.2854  logE[BER] -57.486  P_det_soft 0.1800  (246s)
  step 2675  JSR  -31.4  loss 36.8256  logE[BER] -35.291  P_det_soft 0.1534  (248s)
  step 2700  JSR  -10.7  loss 12.3160  logE[BER] -8.063  P_det_soft 0.4253  (250s)
  step 2725  JSR  -25.9  loss 36.7442  logE[BER] -35.102  P_det_soft 0.1642  (252s)
  step 2750  JSR  -30.2  loss 30.0362  logE[BER] -28.014  P_det_soft 0.2022  (255s)
  step 2775  JSR   -8.9  loss 11.4234  logE[BER] -6.004  P_det_soft 0.5420  (257s)
  step 2800  JSR  -19.3  loss 25.1113  logE[BER] -23.056  P_det_soft 0.2055  (259s)
  step 2825  JSR  -25.3  loss 56.4693  logE[BER] -54.242  P_det_soft 0.2227  (262s)
  step 2850  JSR  -35.1  loss 65.1453  logE[BER] -63.455  P_det_soft 0.1690  (264s)
  step 2875  JSR  -12.2  loss 10.8773  logE[BER] -7.512  P_det_soft 0.3365  (266s)
  step 2900  JSR  -21.8  loss 12.7697  logE[BER] -10.464  P_det_soft 0.2306  (269s)
  step 2925  JSR  -18.1  loss 26.9903  logE[BER] -25.114  P_det_soft 0.1876  (271s)
  step 2950  JSR  -10.0  loss 10.5486  logE[BER] -6.402  P_det_soft 0.4147  (273s)
  step 2975  JSR  -13.3  loss 15.3840  logE[BER] -13.008  P_det_soft 0.2376  (276s)
  step 3000  JSR  -11.5  loss 10.2166  logE[BER] -7.728  P_det_soft 0.2489  (278s)
  step 3025  JSR  -32.2  loss 41.1053  logE[BER] -39.773  P_det_soft 0.1333  (280s)
  step 3050  JSR  -30.0  loss 43.7593  logE[BER] -42.139  P_det_soft 0.1621  (283s)
  step 3075  JSR  -18.6  loss 28.4358  logE[BER] -26.596  P_det_soft 0.1840  (285s)
  step 3100  JSR  -22.8  loss 42.3735  logE[BER] -39.911  P_det_soft 0.2463  (287s)
  step 3125  JSR  -35.6  loss 54.1554  logE[BER] -52.575  P_det_soft 0.1581  (289s)
  step 3150  JSR   -8.5  loss 10.8695  logE[BER] -6.033  P_det_soft 0.4836  (292s)
  step 3175  JSR   -8.9  loss 11.2956  logE[BER] -5.599  P_det_soft 0.5697  (294s)
  step 3200  JSR  -33.8  loss 46.1448  logE[BER] -44.528  P_det_soft 0.1617  (296s)
  step 3225  JSR  -29.4  loss 48.7835  logE[BER] -47.113  P_det_soft 0.1670  (299s)
  step 3250  JSR  -34.7  loss 45.8649  logE[BER] -43.880  P_det_soft 0.1985  (301s)
  step 3275  JSR  -21.7  loss 35.4951  logE[BER] -33.254  P_det_soft 0.2241  (303s)
  step 3300  JSR  -12.9  loss 12.5906  logE[BER] -9.099  P_det_soft 0.3491  (306s)
  step 3325  JSR  -35.3  loss 46.3471  logE[BER] -44.522  P_det_soft 0.1826  (308s)
  step 3350  JSR  -28.1  loss 50.3462  logE[BER] -48.754  P_det_soft 0.1592  (310s)
  step 3375  JSR  -10.9  loss 12.4265  logE[BER] -8.940  P_det_soft 0.3487  (313s)
  step 3400  JSR  -12.0  loss 11.1178  logE[BER] -7.807  P_det_soft 0.3311  (315s)
  step 3425  JSR  -24.7  loss 35.5746  logE[BER] -33.715  P_det_soft 0.1860  (317s)
  step 3450  JSR  -32.1  loss 57.9156  logE[BER] -56.187  P_det_soft 0.1729  (320s)
  step 3475  JSR   -6.8  loss 11.5022  logE[BER] -5.247  P_det_soft 0.6256  (322s)
  step 3500  JSR  -32.2  loss 49.2135  logE[BER] -47.379  P_det_soft 0.1835  (324s)
  step 3525  JSR   -5.6  loss 11.6231  logE[BER] -5.098  P_det_soft 0.6525  (326s)
  step 3550  JSR   -6.9  loss 10.6604  logE[BER] -5.460  P_det_soft 0.5201  (329s)
  step 3575  JSR  -30.2  loss 61.4068  logE[BER] -59.373  P_det_soft 0.2033  (331s)
  step 3600  JSR  -26.0  loss 56.2459  logE[BER] -54.058  P_det_soft 0.2188  (333s)
  step 3625  JSR   -5.2  loss 11.0929  logE[BER] -4.919  P_det_soft 0.6174  (336s)
  step 3650  JSR  -28.7  loss 41.6437  logE[BER] -39.793  P_det_soft 0.1850  (338s)
  step 3675  JSR  -32.4  loss 63.1859  logE[BER] -61.594  P_det_soft 0.1592  (340s)
  step 3700  JSR  -24.8  loss 24.5845  logE[BER] -22.828  P_det_soft 0.1756  (343s)
  step 3725  JSR  -25.1  loss 56.6162  logE[BER] -55.156  P_det_soft 0.1460  (345s)
  step 3750  JSR  -22.2  loss 41.2123  logE[BER] -38.895  P_det_soft 0.2317  (347s)
  step 3775  JSR  -26.7  loss 56.4844  logE[BER] -54.166  P_det_soft 0.2319  (350s)
  step 3800  JSR   -6.1  loss 11.2242  logE[BER] -5.332  P_det_soft 0.5892  (352s)
  step 3825  JSR   -7.1  loss 11.1644  logE[BER] -5.668  P_det_soft 0.5496  (354s)
  step 3850  JSR  -19.7  loss 37.0908  logE[BER] -34.927  P_det_soft 0.2164  (356s)
  step 3875  JSR  -13.1  loss 11.9914  logE[BER] -9.418  P_det_soft 0.2573  (359s)
  step 3900  JSR  -18.9  loss 30.0960  logE[BER] -28.182  P_det_soft 0.1914  (361s)
  step 3925  JSR   -9.2  loss 10.6463  logE[BER] -6.376  P_det_soft 0.4270  (363s)
  step 3950  JSR  -10.9  loss 12.1582  logE[BER] -9.263  P_det_soft 0.2895  (366s)
  step 3975  JSR   -7.5  loss 10.1400  logE[BER] -5.544  P_det_soft 0.4596  (368s)
  step 3999  JSR  -21.2  loss 31.6630  logE[BER] -29.637  P_det_soft 0.2026  (370s)
wrote gan/cnn_b10_r0_G.pt, gan/cnn_b10_r0.json in 377s
