node: tikgpu04.ee.ethz.ch | gpu: NVIDIA TITAN RTX
env both = {'noise_unc_db': 0.5, 'rician_k_db': 12.0} | task kurtosis_b10_r0 = {'target': 'kurtosis', 'beta': 10.0, 'cgan_task': 10} | seed 4010 | band (-30.8, 0.0) | 128 frames/step | 4000 steps | device cuda:0
  target kurtosis: threshold 0.0589399, clean-frame std 0.0182095 (soft_pdet width)
  step    0  JSR  -27.2  loss 35.9708  logE[BER] -34.080  P_det_soft 0.1891  (1s)
  step   25  JSR  -19.1  loss 23.9405  logE[BER] -22.304  P_det_soft 0.1636  (2s)
  step   50  JSR   -1.3  loss 10.8608  logE[BER] -3.323  P_det_soft 0.7538  (2s)
  step   75  JSR  -10.9  loss 8.4796  logE[BER] -6.513  P_det_soft 0.1966  (3s)
  step  100  JSR  -22.3  loss 32.3019  logE[BER] -30.566  P_det_soft 0.1736  (3s)
  step  125  JSR  -11.9  loss 8.1978  logE[BER] -6.501  P_det_soft 0.1697  (4s)
  step  150  JSR  -21.0  loss 31.2031  logE[BER] -29.607  P_det_soft 0.1596  (5s)
  step  175  JSR  -18.5  loss 18.2025  logE[BER] -16.540  P_det_soft 0.1662  (5s)
  step  200  JSR  -24.8  loss 33.6602  logE[BER] -31.884  P_det_soft 0.1776  (6s)
  step  225  JSR  -24.5  loss 27.7249  logE[BER] -26.120  P_det_soft 0.1605  (6s)
  step  250  JSR  -20.2  loss 24.6799  logE[BER] -22.985  P_det_soft 0.1695  (7s)
  step  275  JSR   -6.0  loss 6.4544  logE[BER] -3.959  P_det_soft 0.2496  (8s)
  step  300  JSR  -19.2  loss 22.1742  logE[BER] -20.614  P_det_soft 0.1560  (8s)
  step  325  JSR  -17.1  loss 15.2861  logE[BER] -13.652  P_det_soft 0.1634  (9s)
  step  350  JSR  -16.9  loss 15.7201  logE[BER] -14.006  P_det_soft 0.1714  (9s)
  step  375  JSR  -23.5  loss 29.9866  logE[BER] -28.619  P_det_soft 0.1368  (10s)
  step  400  JSR   -2.6  loss 7.4863  logE[BER] -3.241  P_det_soft 0.4246  (11s)
  step  425  JSR   -8.1  loss 6.7052  logE[BER] -4.354  P_det_soft 0.2351  (11s)
  step  450  JSR   -6.4  loss 6.0963  logE[BER] -3.948  P_det_soft 0.2148  (12s)
  step  475  JSR   -8.4  loss 6.7830  logE[BER] -4.304  P_det_soft 0.2479  (12s)
  step  500  JSR  -15.1  loss 10.0877  logE[BER] -8.232  P_det_soft 0.1856  (13s)
  step  525  JSR   -4.2  loss 7.3905  logE[BER] -3.802  P_det_soft 0.3588  (14s)
  step  550  JSR  -23.6  loss 15.8644  logE[BER] -14.205  P_det_soft 0.1660  (14s)
  step  575  JSR  -27.8  loss 23.9612  logE[BER] -22.193  P_det_soft 0.1768  (15s)
  step  600  JSR   -2.7  loss 6.6786  logE[BER] -3.448  P_det_soft 0.3230  (15s)
  step  625  JSR  -16.8  loss 13.9224  logE[BER] -12.233  P_det_soft 0.1689  (16s)
  step  650  JSR  -12.1  loss 9.0115  logE[BER] -7.234  P_det_soft 0.1777  (17s)
  step  675  JSR   -3.3  loss 8.0081  logE[BER] -3.251  P_det_soft 0.4757  (17s)
  step  700  JSR   -7.7  loss 6.6771  logE[BER] -4.090  P_det_soft 0.2587  (18s)
  step  725  JSR  -11.7  loss 7.6804  logE[BER] -5.636  P_det_soft 0.2045  (19s)
  step  750  JSR  -30.6  loss 35.5107  logE[BER] -34.119  P_det_soft 0.1392  (19s)
  step  775  JSR  -15.4  loss 12.2881  logE[BER] -10.496  P_det_soft 0.1793  (20s)
  step  800  JSR  -28.4  loss 36.9263  logE[BER] -35.357  P_det_soft 0.1569  (20s)
  step  825  JSR   -6.8  loss 6.8793  logE[BER] -3.829  P_det_soft 0.3051  (21s)
  step  850  JSR  -18.6  loss 16.6646  logE[BER] -14.981  P_det_soft 0.1683  (22s)
  step  875  JSR  -28.0  loss 37.6549  logE[BER] -35.995  P_det_soft 0.1660  (22s)
  step  900  JSR  -20.6  loss 20.7032  logE[BER] -19.159  P_det_soft 0.1545  (23s)
  step  925  JSR  -28.2  loss 35.8327  logE[BER] -34.353  P_det_soft 0.1480  (23s)
  step  950  JSR  -20.9  loss 19.3554  logE[BER] -17.664  P_det_soft 0.1691  (24s)
  step  975  JSR  -27.1  loss 38.1395  logE[BER] -36.468  P_det_soft 0.1671  (25s)
  step 1000  JSR  -16.3  loss 10.0791  logE[BER] -8.200  P_det_soft 0.1879  (25s)
  step 1025  JSR  -18.0  loss 15.3498  logE[BER] -13.916  P_det_soft 0.1434  (26s)
  step 1050  JSR  -18.2  loss 13.5517  logE[BER] -11.718  P_det_soft 0.1834  (26s)
  step 1075  JSR  -20.9  loss 28.8405  logE[BER] -27.222  P_det_soft 0.1618  (27s)
  step 1100  JSR   -5.4  loss 7.5123  logE[BER] -3.530  P_det_soft 0.3982  (28s)
  step 1125  JSR  -24.3  loss 25.3723  logE[BER] -23.782  P_det_soft 0.1591  (28s)
  step 1150  JSR   -6.5  loss 7.3622  logE[BER] -3.745  P_det_soft 0.3617  (29s)
  step 1175  JSR  -24.1  loss 28.6353  logE[BER] -27.283  P_det_soft 0.1353  (29s)
  step 1200  JSR  -19.1  loss 16.3024  logE[BER] -14.714  P_det_soft 0.1589  (30s)
  step 1225  JSR   -6.7  loss 8.9478  logE[BER] -3.799  P_det_soft 0.5149  (31s)
  step 1250  JSR  -21.9  loss 12.4793  logE[BER] -10.767  P_det_soft 0.1712  (31s)
  step 1275  JSR   -3.4  loss 10.9846  logE[BER] -3.258  P_det_soft 0.7727  (32s)
  step 1300  JSR  -18.8  loss 18.7841  logE[BER] -17.363  P_det_soft 0.1421  (33s)
  step 1325  JSR  -24.1  loss 25.2891  logE[BER] -23.494  P_det_soft 0.1795  (33s)
  step 1350  JSR   -5.4  loss 7.9617  logE[BER] -3.530  P_det_soft 0.4432  (34s)
  step 1375  JSR  -20.6  loss 19.0220  logE[BER] -17.440  P_det_soft 0.1582  (34s)
  step 1400  JSR  -27.7  loss 37.3392  logE[BER] -35.564  P_det_soft 0.1775  (35s)
  step 1425  JSR  -10.2  loss 7.2835  logE[BER] -4.533  P_det_soft 0.2750  (36s)
  step 1450  JSR  -19.4  loss 14.3915  logE[BER] -12.651  P_det_soft 0.1740  (36s)
  step 1475  JSR  -25.9  loss 35.5851  logE[BER] -33.870  P_det_soft 0.1715  (37s)
  step 1500  JSR  -11.7  loss 7.4829  logE[BER] -5.089  P_det_soft 0.2394  (37s)
  step 1525  JSR  -21.1  loss 21.9681  logE[BER] -20.505  P_det_soft 0.1464  (38s)
  step 1550  JSR  -14.5  loss 8.6275  logE[BER] -6.875  P_det_soft 0.1753  (39s)
  step 1575  JSR   -7.5  loss 9.5224  logE[BER] -3.943  P_det_soft 0.5580  (39s)
  step 1600  JSR  -11.5  loss 7.5775  logE[BER] -4.931  P_det_soft 0.2646  (40s)
  step 1625  JSR  -29.1  loss 33.7791  logE[BER] -32.232  P_det_soft 0.1547  (40s)
  step 1650  JSR  -28.7  loss 26.5282  logE[BER] -24.632  P_det_soft 0.1896  (41s)
  step 1675  JSR  -30.5  loss 33.1600  logE[BER] -31.690  P_det_soft 0.1470  (42s)
  step 1700  JSR  -13.4  loss 7.8243  logE[BER] -5.450  P_det_soft 0.2375  (42s)
  step 1725  JSR  -25.9  loss 26.7765  logE[BER] -24.957  P_det_soft 0.1819  (43s)
  step 1750  JSR  -17.0  loss 9.2358  logE[BER] -7.423  P_det_soft 0.1813  (44s)
  step 1775  JSR  -13.3  loss 7.8205  logE[BER] -5.409  P_det_soft 0.2411  (44s)
  step 1800  JSR  -10.8  loss 8.6589  logE[BER] -4.529  P_det_soft 0.4130  (45s)
  step 1825  JSR  -18.7  loss 11.4322  logE[BER] -10.010  P_det_soft 0.1422  (45s)
  step 1850  JSR   -9.3  loss 9.7488  logE[BER] -4.349  P_det_soft 0.5400  (46s)
  step 1875  JSR   -0.9  loss 13.4208  logE[BER] -3.421  P_det_soft 1.0000  (47s)
  step 1900  JSR  -28.9  loss 23.5886  logE[BER] -21.906  P_det_soft 0.1683  (47s)
  step 1925  JSR  -25.7  loss 21.5477  logE[BER] -20.018  P_det_soft 0.1529  (48s)
  step 1950  JSR  -29.9  loss 27.0528  logE[BER] -25.416  P_det_soft 0.1636  (49s)
  step 1975  JSR   -1.1  loss 13.5945  logE[BER] -3.594  P_det_soft 1.0000  (49s)
  step 2000  JSR   -3.1  loss 13.7290  logE[BER] -3.729  P_det_soft 1.0000  (50s)
  step 2025  JSR  -13.3  loss 8.3040  logE[BER] -4.913  P_det_soft 0.3391  (50s)
  step 2050  JSR   -6.4  loss 13.8238  logE[BER] -3.950  P_det_soft 0.9874  (51s)
  step 2075  JSR  -15.8  loss 8.2959  logE[BER] -6.053  P_det_soft 0.2243  (52s)
  step 2100  JSR   -6.7  loss 14.0510  logE[BER] -4.068  P_det_soft 0.9983  (52s)
  step 2125  JSR  -13.0  loss 9.3620  logE[BER] -5.376  P_det_soft 0.3986  (53s)
  step 2150  JSR  -24.3  loss 12.3987  logE[BER] -10.955  P_det_soft 0.1444  (53s)
  step 2175  JSR  -20.3  loss 9.8857  logE[BER] -7.990  P_det_soft 0.1895  (54s)
  step 2200  JSR  -13.4  loss 10.0266  logE[BER] -5.262  P_det_soft 0.4765  (55s)
  step 2225  JSR  -27.6  loss 18.9495  logE[BER] -17.414  P_det_soft 0.1536  (55s)
  step 2250  JSR   -1.5  loss 13.5680  logE[BER] -3.568  P_det_soft 1.0000  (56s)
  step 2275  JSR   -2.6  loss 14.1889  logE[BER] -4.189  P_det_soft 1.0000  (57s)
  step 2300  JSR  -27.1  loss 22.1671  logE[BER] -20.478  P_det_soft 0.1690  (57s)
  step 2325  JSR  -13.6  loss 10.0395  logE[BER] -5.128  P_det_soft 0.4911  (58s)
  step 2350  JSR   -9.5  loss 14.1388  logE[BER] -4.794  P_det_soft 0.9345  (58s)
  step 2375  JSR  -11.3  loss 11.1769  logE[BER] -4.821  P_det_soft 0.6356  (59s)
  step 2400  JSR  -11.4  loss 11.9614  logE[BER] -4.813  P_det_soft 0.7148  (60s)
  step 2425  JSR   -0.0  loss 13.5565  logE[BER] -3.557  P_det_soft 1.0000  (60s)
  step 2450  JSR  -13.7  loss 10.6596  logE[BER] -5.362  P_det_soft 0.5297  (61s)
  step 2475  JSR  -16.6  loss 8.2753  logE[BER] -5.670  P_det_soft 0.2605  (62s)
  step 2500  JSR  -15.3  loss 9.1194  logE[BER] -5.578  P_det_soft 0.3541  (62s)
  step 2525  JSR  -21.3  loss 10.3115  logE[BER] -8.494  P_det_soft 0.1817  (63s)
  step 2550  JSR  -26.8  loss 24.8345  logE[BER] -23.337  P_det_soft 0.1498  (63s)
  step 2575  JSR  -12.8  loss 10.4443  logE[BER] -5.038  P_det_soft 0.5407  (64s)
  step 2600  JSR  -21.9  loss 10.3167  logE[BER] -8.729  P_det_soft 0.1588  (65s)
  step 2625  JSR  -13.8  loss 10.5753  logE[BER] -5.236  P_det_soft 0.5340  (65s)
  step 2650  JSR   -7.0  loss 14.3347  logE[BER] -4.402  P_det_soft 0.9933  (66s)
  step 2675  JSR  -15.7  loss 9.2022  logE[BER] -5.825  P_det_soft 0.3377  (67s)
  step 2700  JSR  -18.4  loss 8.8728  logE[BER] -6.620  P_det_soft 0.2252  (67s)
  step 2725  JSR  -16.1  loss 9.3747  logE[BER] -5.742  P_det_soft 0.3632  (68s)
  step 2750  JSR  -21.0  loss 9.0049  logE[BER] -6.846  P_det_soft 0.2159  (68s)
  step 2775  JSR  -23.2  loss 10.4095  logE[BER] -8.428  P_det_soft 0.1981  (69s)
  step 2800  JSR  -24.3  loss 10.8478  logE[BER] -9.307  P_det_soft 0.1540  (70s)
  step 2825  JSR  -19.1  loss 8.8698  logE[BER] -6.737  P_det_soft 0.2133  (70s)
  step 2850  JSR  -14.0  loss 10.7104  logE[BER] -5.551  P_det_soft 0.5160  (71s)
  step 2875  JSR  -15.4  loss 9.7573  logE[BER] -5.637  P_det_soft 0.4121  (72s)
  step 2900  JSR   -4.1  loss 13.9590  logE[BER] -3.959  P_det_soft 1.0000  (72s)
  step 2925  JSR  -30.2  loss 27.3518  logE[BER] -25.804  P_det_soft 0.1548  (73s)
  step 2950  JSR   -9.2  loss 14.1974  logE[BER] -4.544  P_det_soft 0.9653  (73s)
  step 2975  JSR   -9.6  loss 14.3024  logE[BER] -4.673  P_det_soft 0.9629  (74s)
  step 3000  JSR  -27.8  loss 19.4692  logE[BER] -17.926  P_det_soft 0.1543  (75s)
  step 3025  JSR  -21.2  loss 8.9504  logE[BER] -7.229  P_det_soft 0.1722  (75s)
  step 3050  JSR  -17.1  loss 8.9887  logE[BER] -6.064  P_det_soft 0.2925  (76s)
  step 3075  JSR  -24.8  loss 12.8966  logE[BER] -11.173  P_det_soft 0.1723  (77s)
  step 3100  JSR   -5.9  loss 14.1372  logE[BER] -4.137  P_det_soft 1.0000  (77s)
  step 3125  JSR  -14.3  loss 10.8389  logE[BER] -5.506  P_det_soft 0.5333  (78s)
  step 3150  JSR  -23.1  loss 10.0546  logE[BER] -8.511  P_det_soft 0.1544  (79s)
  step 3175  JSR  -23.9  loss 12.8102  logE[BER] -11.220  P_det_soft 0.1591  (79s)
  step 3200  JSR   -9.9  loss 12.8922  logE[BER] -4.627  P_det_soft 0.8265  (80s)
  step 3225  JSR  -28.2  loss 15.8431  logE[BER] -14.188  P_det_soft 0.1655  (80s)
  step 3250  JSR   -2.9  loss 13.8142  logE[BER] -3.814  P_det_soft 1.0000  (81s)
  step 3275  JSR  -30.4  loss 27.0171  logE[BER] -25.468  P_det_soft 0.1549  (82s)
  step 3300  JSR   -6.7  loss 14.3009  logE[BER] -4.301  P_det_soft 1.0000  (82s)
  step 3325  JSR  -16.9  loss 9.3058  logE[BER] -6.409  P_det_soft 0.2897  (83s)
  step 3350  JSR  -24.1  loss 10.5098  logE[BER] -8.700  P_det_soft 0.1810  (84s)
  step 3375  JSR  -22.6  loss 10.6067  logE[BER] -8.802  P_det_soft 0.1804  (84s)
  step 3400  JSR  -11.0  loss 13.8939  logE[BER] -5.139  P_det_soft 0.8755  (85s)
  step 3425  JSR   -8.1  loss 14.1731  logE[BER] -4.475  P_det_soft 0.9698  (85s)
  step 3450  JSR  -14.6  loss 9.5702  logE[BER] -5.709  P_det_soft 0.3861  (86s)
  step 3475  JSR  -30.2  loss 26.7828  logE[BER] -24.907  P_det_soft 0.1875  (87s)
  step 3500  JSR   -7.0  loss 14.0845  logE[BER] -4.171  P_det_soft 0.9914  (87s)
  step 3525  JSR  -19.1  loss 9.0607  logE[BER] -7.074  P_det_soft 0.1987  (88s)
  step 3550  JSR   -1.3  loss 13.4470  logE[BER] -3.447  P_det_soft 1.0000  (89s)
  step 3575  JSR  -15.1  loss 10.0298  logE[BER] -6.058  P_det_soft 0.3971  (89s)
  step 3600  JSR  -30.4  loss 24.4573  logE[BER] -22.771  P_det_soft 0.1686  (90s)
  step 3625  JSR  -19.1  loss 8.7814  logE[BER] -6.979  P_det_soft 0.1802  (91s)
  step 3650  JSR  -30.4  loss 25.5681  logE[BER] -23.937  P_det_soft 0.1631  (91s)
  step 3675  JSR  -26.4  loss 16.2472  logE[BER] -14.699  P_det_soft 0.1548  (92s)
  step 3700  JSR   -8.3  loss 14.5171  logE[BER] -4.592  P_det_soft 0.9925  (93s)
  step 3725  JSR  -15.5  loss 9.6762  logE[BER] -5.956  P_det_soft 0.3721  (93s)
  step 3750  JSR  -18.4  loss 9.1444  logE[BER] -6.587  P_det_soft 0.2557  (94s)
  step 3775  JSR  -27.8  loss 13.1180  logE[BER] -11.517  P_det_soft 0.1601  (94s)
  step 3800  JSR  -19.9  loss 9.6451  logE[BER] -7.650  P_det_soft 0.1996  (95s)
  step 3825  JSR  -29.1  loss 27.2095  logE[BER] -25.713  P_det_soft 0.1496  (96s)
  step 3850  JSR  -24.7  loss 12.0964  logE[BER] -10.612  P_det_soft 0.1484  (96s)
  step 3875  JSR  -23.7  loss 10.5313  logE[BER] -8.735  P_det_soft 0.1796  (97s)
  step 3900  JSR  -28.6  loss 19.6109  logE[BER] -17.903  P_det_soft 0.1708  (98s)
  step 3925  JSR  -22.0  loss 9.6966  logE[BER] -7.944  P_det_soft 0.1753  (98s)
  step 3950  JSR  -21.3  loss 9.9195  logE[BER] -8.044  P_det_soft 0.1875  (99s)
  step 3975  JSR   -7.5  loss 14.0880  logE[BER] -4.184  P_det_soft 0.9904  (100s)
  step 3999  JSR  -24.5  loss 11.2168  logE[BER] -9.467  P_det_soft 0.1750  (100s)
wrote gan/kurtosis_b10_r0_G.pt, gan/kurtosis_b10_r0.json in 101s
