node: tikgpu04.ee.ethz.ch | gpu: NVIDIA TITAN RTX
env noise_1db = {'noise_unc_db': 1.0, 'rician_k_db': None} | task energy_b10_r0 = {'target': 'energy', 'beta': 10.0, 'cgan_task': 2} | seed 4002 | band (-25.1, 0.0) | 128 frames/step | 4000 steps | device cuda:0
  target energy: threshold 1.01707, clean-frame std 0.00790969 (soft_pdet width)
  step    0  JSR   -5.2  loss 23.3075  logE[BER] -15.463  P_det_soft 0.7844  (1s)
  step   25  JSR  -23.3  loss 50.5945  logE[BER] -48.130  P_det_soft 0.2464  (2s)
  step   50  JSR  -10.9  loss 13.0937  logE[BER] -6.505  P_det_soft 0.6588  (2s)
  step   75  JSR   -4.5  loss 15.3963  logE[BER] -5.658  P_det_soft 0.9738  (3s)
  step  100  JSR   -9.4  loss 13.6599  logE[BER] -6.203  P_det_soft 0.7457  (4s)
  step  125  JSR  -16.7  loss 26.7605  logE[BER] -22.983  P_det_soft 0.3777  (4s)
  step  150  JSR   -0.2  loss 14.3765  logE[BER] -4.377  P_det_soft 0.9999  (5s)
  step  175  JSR   -4.7  loss 14.9678  logE[BER] -5.497  P_det_soft 0.9470  (6s)
  step  200  JSR   -7.9  loss 15.0398  logE[BER] -5.798  P_det_soft 0.9242  (6s)
  step  225  JSR   -1.4  loss 14.6760  logE[BER] -4.783  P_det_soft 0.9893  (7s)
  step  250  JSR  -18.9  loss 27.0972  logE[BER] -24.007  P_det_soft 0.3091  (8s)
  step  275  JSR  -18.1  loss 41.3901  logE[BER] -38.814  P_det_soft 0.2576  (8s)
  step  300  JSR   -9.0  loss 13.7640  logE[BER] -5.920  P_det_soft 0.7844  (9s)
  step  325  JSR   -2.0  loss 14.3206  logE[BER] -4.321  P_det_soft 1.0000  (10s)
  step  350  JSR  -23.5  loss 48.5926  logE[BER] -46.255  P_det_soft 0.2338  (10s)
  step  375  JSR  -13.6  loss 17.7099  logE[BER] -12.143  P_det_soft 0.5567  (11s)
  step  400  JSR  -22.4  loss 54.0102  logE[BER] -51.652  P_det_soft 0.2358  (12s)
  step  425  JSR  -11.6  loss 12.8137  logE[BER] -6.398  P_det_soft 0.6416  (12s)
  step  450  JSR  -14.7  loss 13.8820  logE[BER] -9.598  P_det_soft 0.4284  (13s)
  step  475  JSR  -15.4  loss 14.8811  logE[BER] -9.437  P_det_soft 0.5445  (14s)
  step  500  JSR   -8.4  loss 14.2401  logE[BER] -5.274  P_det_soft 0.8966  (14s)
  step  525  JSR   -8.1  loss 14.1104  logE[BER] -5.223  P_det_soft 0.8888  (15s)
  step  550  JSR   -2.6  loss 13.8136  logE[BER] -3.814  P_det_soft 1.0000  (16s)
  step  575  JSR  -24.4  loss 57.2521  logE[BER] -54.933  P_det_soft 0.2319  (16s)
  step  600  JSR   -2.7  loss 14.2029  logE[BER] -4.203  P_det_soft 1.0000  (17s)
  step  625  JSR  -14.8  loss 17.5836  logE[BER] -13.419  P_det_soft 0.4164  (18s)
  step  650  JSR  -16.4  loss 15.9824  logE[BER] -12.299  P_det_soft 0.3683  (18s)
  step  675  JSR   -2.7  loss 14.3136  logE[BER] -4.314  P_det_soft 1.0000  (19s)
  step  700  JSR  -16.3  loss 14.9493  logE[BER] -11.290  P_det_soft 0.3659  (20s)
  step  725  JSR   -9.1  loss 13.5591  logE[BER] -6.018  P_det_soft 0.7541  (20s)
  step  750  JSR  -10.7  loss 12.9366  logE[BER] -5.777  P_det_soft 0.7160  (21s)
  step  775  JSR  -14.8  loss 13.1574  logE[BER] -8.490  P_det_soft 0.4667  (22s)
  step  800  JSR  -20.7  loss 31.8500  logE[BER] -29.087  P_det_soft 0.2763  (22s)
  step  825  JSR  -11.8  loss 12.2245  logE[BER] -6.711  P_det_soft 0.5513  (23s)
  step  850  JSR  -13.0  loss 12.2456  logE[BER] -6.674  P_det_soft 0.5571  (24s)
  step  875  JSR  -23.3  loss 43.6380  logE[BER] -41.346  P_det_soft 0.2292  (24s)
  step  900  JSR   -1.2  loss 14.4799  logE[BER] -4.482  P_det_soft 0.9998  (25s)
  step  925  JSR  -22.6  loss 44.9565  logE[BER] -42.792  P_det_soft 0.2164  (26s)
  step  950  JSR  -19.7  loss 25.6908  logE[BER] -22.740  P_det_soft 0.2951  (26s)
  step  975  JSR   -1.6  loss 14.7082  logE[BER] -4.803  P_det_soft 0.9905  (27s)
  step 1000  JSR  -14.3  loss 11.3295  logE[BER] -7.104  P_det_soft 0.4226  (28s)
  step 1025  JSR  -20.9  loss 37.5409  logE[BER] -35.271  P_det_soft 0.2270  (28s)
  step 1050  JSR   -7.1  loss 14.5041  logE[BER] -5.252  P_det_soft 0.9252  (29s)
  step 1075  JSR  -11.1  loss 12.4598  logE[BER] -6.270  P_det_soft 0.6190  (30s)
  step 1100  JSR   -3.2  loss 14.7991  logE[BER] -4.964  P_det_soft 0.9835  (30s)
  step 1125  JSR  -13.8  loss 12.6140  logE[BER] -7.253  P_det_soft 0.5361  (31s)
  step 1150  JSR  -23.2  loss 41.1503  logE[BER] -38.869  P_det_soft 0.2281  (32s)
  step 1175  JSR   -9.4  loss 13.7893  logE[BER] -5.641  P_det_soft 0.8149  (32s)
  step 1200  JSR   -2.3  loss 14.7986  logE[BER] -4.800  P_det_soft 0.9998  (33s)
  step 1225  JSR  -24.4  loss 49.2140  logE[BER] -47.031  P_det_soft 0.2183  (34s)
  step 1250  JSR   -1.8  loss 14.7362  logE[BER] -4.753  P_det_soft 0.9983  (34s)
  step 1275  JSR   -4.1  loss 14.7548  logE[BER] -4.834  P_det_soft 0.9921  (35s)
  step 1300  JSR   -4.9  loss 14.8393  logE[BER] -4.892  P_det_soft 0.9947  (36s)
  step 1325  JSR   -9.3  loss 13.6921  logE[BER] -5.499  P_det_soft 0.8193  (36s)
  step 1350  JSR  -24.9  loss 45.8494  logE[BER] -43.710  P_det_soft 0.2139  (37s)
  step 1375  JSR   -9.9  loss 11.9751  logE[BER] -6.116  P_det_soft 0.5859  (38s)
  step 1400  JSR  -10.6  loss 13.1306  logE[BER] -5.923  P_det_soft 0.7207  (38s)
  step 1425  JSR  -24.5  loss 40.0040  logE[BER] -37.393  P_det_soft 0.2611  (39s)
  step 1450  JSR  -17.4  loss 11.4690  logE[BER] -8.229  P_det_soft 0.3240  (40s)
  step 1475  JSR   -5.3  loss 14.7822  logE[BER] -5.421  P_det_soft 0.9361  (40s)
  step 1500  JSR  -16.1  loss 11.1511  logE[BER] -6.980  P_det_soft 0.4171  (41s)
  step 1525  JSR  -13.3  loss 11.6859  logE[BER] -6.438  P_det_soft 0.5248  (42s)
  step 1550  JSR   -1.3  loss 14.1280  logE[BER] -4.128  P_det_soft 1.0000  (42s)
  step 1575  JSR  -21.5  loss 21.9612  logE[BER] -19.509  P_det_soft 0.2453  (43s)
  step 1600  JSR   -2.6  loss 14.5811  logE[BER] -4.581  P_det_soft 1.0000  (44s)
  step 1625  JSR  -23.8  loss 38.6492  logE[BER] -36.282  P_det_soft 0.2368  (44s)
  step 1650  JSR  -18.0  loss 10.8935  logE[BER] -7.895  P_det_soft 0.2999  (45s)
  step 1675  JSR  -22.8  loss 20.9960  logE[BER] -18.300  P_det_soft 0.2696  (46s)
  step 1700  JSR  -13.5  loss 11.7441  logE[BER] -6.509  P_det_soft 0.5235  (47s)
  step 1725  JSR  -10.0  loss 13.8406  logE[BER] -5.478  P_det_soft 0.8362  (47s)
  step 1750  JSR  -17.8  loss 11.2375  logE[BER] -7.422  P_det_soft 0.3816  (48s)
  step 1775  JSR  -17.9  loss 12.0816  logE[BER] -8.034  P_det_soft 0.4047  (49s)
  step 1800  JSR  -10.1  loss 13.1519  logE[BER] -5.754  P_det_soft 0.7398  (49s)
  step 1825  JSR   -6.8  loss 14.9286  logE[BER] -5.265  P_det_soft 0.9664  (50s)
  step 1850  JSR   -0.8  loss 14.6692  logE[BER] -4.669  P_det_soft 1.0000  (51s)
  step 1875  JSR  -23.0  loss 27.9645  logE[BER] -25.416  P_det_soft 0.2548  (51s)
  step 1900  JSR   -4.7  loss 14.9058  logE[BER] -4.909  P_det_soft 0.9996  (52s)
  step 1925  JSR  -15.2  loss 12.5348  logE[BER] -6.269  P_det_soft 0.6266  (53s)
  step 1950  JSR  -15.6  loss 10.8419  logE[BER] -6.034  P_det_soft 0.4808  (53s)
  step 1975  JSR   -0.4  loss 14.3688  logE[BER] -4.369  P_det_soft 1.0000  (54s)
  step 2000  JSR  -13.9  loss 12.5007  logE[BER] -5.941  P_det_soft 0.6559  (55s)
  step 2025  JSR   -7.8  loss 14.9135  logE[BER] -5.289  P_det_soft 0.9625  (55s)
  step 2050  JSR  -12.7  loss 12.9227  logE[BER] -5.803  P_det_soft 0.7119  (56s)
  step 2075  JSR   -7.1  loss 15.0925  logE[BER] -5.300  P_det_soft 0.9792  (57s)
  step 2100  JSR  -23.1  loss 19.5970  logE[BER] -16.961  P_det_soft 0.2636  (57s)
  step 2125  JSR   -5.2  loss 14.7943  logE[BER] -4.799  P_det_soft 0.9996  (58s)
  step 2150  JSR  -24.2  loss 24.9365  logE[BER] -22.642  P_det_soft 0.2295  (59s)
  step 2175  JSR  -10.0  loss 14.2635  logE[BER] -5.407  P_det_soft 0.8856  (59s)
  step 2200  JSR  -24.8  loss 22.7197  logE[BER] -20.292  P_det_soft 0.2428  (60s)
  step 2225  JSR   -1.4  loss 14.6487  logE[BER] -4.649  P_det_soft 1.0000  (61s)
  step 2250  JSR  -17.1  loss 11.7940  logE[BER] -6.349  P_det_soft 0.5445  (61s)
  step 2275  JSR   -8.0  loss 14.8485  logE[BER] -4.910  P_det_soft 0.9938  (62s)
  step 2300  JSR   -6.7  loss 14.7970  logE[BER] -4.799  P_det_soft 0.9998  (63s)
  step 2325  JSR  -11.2  loss 14.0855  logE[BER] -5.442  P_det_soft 0.8643  (63s)
  step 2350  JSR  -13.0  loss 12.7165  logE[BER] -5.553  P_det_soft 0.7164  (64s)
  step 2375  JSR  -14.3  loss 12.5408  logE[BER] -5.835  P_det_soft 0.6706  (65s)
  step 2400  JSR  -14.7  loss 12.7544  logE[BER] -5.904  P_det_soft 0.6850  (65s)
  step 2425  JSR  -16.7  loss 10.9200  logE[BER] -5.992  P_det_soft 0.4928  (66s)
  step 2450  JSR   -9.2  loss 14.4608  logE[BER] -5.078  P_det_soft 0.9383  (67s)
  step 2475  JSR  -19.7  loss 11.6688  logE[BER] -7.492  P_det_soft 0.4177  (67s)
  step 2500  JSR   -4.9  loss 14.8684  logE[BER] -4.868  P_det_soft 1.0000  (68s)
  step 2525  JSR  -14.8  loss 12.7583  logE[BER] -5.942  P_det_soft 0.6816  (69s)
  step 2550  JSR  -25.0  loss 23.4093  logE[BER] -20.882  P_det_soft 0.2527  (69s)
  step 2575  JSR   -0.5  loss 14.1250  logE[BER] -4.125  P_det_soft 1.0000  (70s)
  step 2600  JSR  -15.7  loss 11.1187  logE[BER] -5.964  P_det_soft 0.5155  (71s)
  step 2625  JSR   -1.5  loss 14.2366  logE[BER] -4.237  P_det_soft 1.0000  (71s)
  step 2650  JSR  -18.5  loss 10.9542  logE[BER] -6.580  P_det_soft 0.4374  (72s)
  step 2675  JSR  -17.0  loss 11.3341  logE[BER] -6.476  P_det_soft 0.4858  (73s)
  step 2700  JSR   -1.0  loss 14.3060  logE[BER] -4.306  P_det_soft 1.0000  (73s)
  step 2725  JSR   -9.5  loss 15.0130  logE[BER] -5.216  P_det_soft 0.9797  (74s)
  step 2750  JSR  -13.8  loss 13.0865  logE[BER] -5.795  P_det_soft 0.7291  (75s)
  step 2775  JSR  -24.5  loss 18.8756  logE[BER] -15.740  P_det_soft 0.3136  (75s)
  step 2800  JSR  -18.1  loss 10.5144  logE[BER] -6.486  P_det_soft 0.4028  (76s)
  step 2825  JSR  -17.3  loss 11.7423  logE[BER] -6.202  P_det_soft 0.5540  (77s)
  step 2850  JSR  -19.9  loss 10.1098  logE[BER] -6.553  P_det_soft 0.3557  (77s)
  step 2875  JSR  -12.4  loss 13.6817  logE[BER] -5.551  P_det_soft 0.8131  (78s)
  step 2900  JSR   -7.7  loss 15.0209  logE[BER] -5.062  P_det_soft 0.9959  (79s)
  step 2925  JSR  -20.1  loss 11.2433  logE[BER] -6.874  P_det_soft 0.4369  (79s)
  step 2950  JSR  -18.3  loss 10.9882  logE[BER] -6.236  P_det_soft 0.4752  (80s)
  step 2975  JSR  -23.0  loss 12.7474  logE[BER] -9.845  P_det_soft 0.2903  (81s)
  step 3000  JSR   -6.9  loss 14.5353  logE[BER] -4.542  P_det_soft 0.9993  (81s)
  step 3025  JSR  -14.3  loss 12.3332  logE[BER] -5.660  P_det_soft 0.6673  (82s)
  step 3050  JSR   -0.0  loss 14.3434  logE[BER] -4.343  P_det_soft 1.0000  (83s)
  step 3075  JSR  -20.6  loss 10.8593  logE[BER] -7.084  P_det_soft 0.3775  (83s)
  step 3100  JSR  -14.2  loss 12.5489  logE[BER] -5.654  P_det_soft 0.6895  (84s)
  step 3125  JSR  -21.7  loss 11.3387  logE[BER] -7.947  P_det_soft 0.3391  (85s)
  step 3150  JSR  -24.9  loss 18.2927  logE[BER] -15.765  P_det_soft 0.2528  (85s)
  step 3175  JSR  -15.7  loss 12.4352  logE[BER] -6.022  P_det_soft 0.6413  (86s)
  step 3200  JSR  -23.5  loss 13.3758  logE[BER] -10.328  P_det_soft 0.3048  (87s)
  step 3225  JSR  -11.5  loss 14.0758  logE[BER] -5.351  P_det_soft 0.8724  (87s)
  step 3250  JSR  -15.4  loss 12.6507  logE[BER] -5.926  P_det_soft 0.6724  (88s)
  step 3275  JSR   -8.1  loss 14.9880  logE[BER] -5.033  P_det_soft 0.9955  (89s)
  step 3300  JSR  -13.1  loss 13.7601  logE[BER] -5.716  P_det_soft 0.8044  (89s)
  step 3325  JSR  -13.6  loss 13.1120  logE[BER] -5.542  P_det_soft 0.7570  (90s)
  step 3350  JSR   -2.9  loss 14.7056  logE[BER] -4.706  P_det_soft 1.0000  (91s)
  step 3375  JSR   -4.4  loss 14.6262  logE[BER] -4.626  P_det_soft 1.0000  (91s)
  step 3400  JSR  -16.3  loss 11.4204  logE[BER] -5.852  P_det_soft 0.5568  (92s)
  step 3425  JSR  -16.6  loss 11.2637  logE[BER] -5.876  P_det_soft 0.5388  (93s)
  step 3450  JSR   -5.6  loss 14.7961  logE[BER] -4.796  P_det_soft 1.0000  (93s)
  step 3475  JSR   -4.9  loss 14.6888  logE[BER] -4.689  P_det_soft 1.0000  (94s)
  step 3500  JSR   -7.8  loss 14.9838  logE[BER] -5.010  P_det_soft 0.9974  (95s)
  step 3525  JSR  -14.7  loss 13.0224  logE[BER] -5.777  P_det_soft 0.7245  (96s)
  step 3550  JSR  -18.7  loss 10.8782  logE[BER] -6.534  P_det_soft 0.4344  (96s)
  step 3575  JSR  -24.4  loss 18.8436  logE[BER] -15.917  P_det_soft 0.2927  (97s)
  step 3600  JSR  -10.9  loss 14.1918  logE[BER] -5.036  P_det_soft 0.9156  (98s)
  step 3625  JSR   -4.5  loss 14.6274  logE[BER] -4.627  P_det_soft 1.0000  (98s)
  step 3650  JSR  -12.4  loss 13.3413  logE[BER] -5.339  P_det_soft 0.8002  (99s)
  step 3675  JSR  -24.9  loss 19.2759  logE[BER] -16.855  P_det_soft 0.2421  (100s)
  step 3700  JSR  -12.7  loss 13.3232  logE[BER] -5.558  P_det_soft 0.7765  (100s)
  step 3725  JSR   -3.4  loss 14.5595  logE[BER] -4.560  P_det_soft 1.0000  (101s)
  step 3750  JSR   -5.4  loss 14.7080  logE[BER] -4.708  P_det_soft 1.0000  (102s)
  step 3775  JSR  -23.9  loss 14.8910  logE[BER] -12.282  P_det_soft 0.2609  (102s)
  step 3800  JSR   -3.1  loss 14.5201  logE[BER] -4.520  P_det_soft 1.0000  (103s)
  step 3825  JSR  -11.7  loss 14.1934  logE[BER] -5.426  P_det_soft 0.8768  (104s)
  step 3850  JSR   -5.9  loss 14.6176  logE[BER] -4.618  P_det_soft 0.9999  (104s)
  step 3875  JSR  -12.9  loss 13.8380  logE[BER] -5.638  P_det_soft 0.8200  (105s)
  step 3900  JSR  -10.7  loss 14.8279  logE[BER] -5.407  P_det_soft 0.9421  (106s)
  step 3925  JSR   -7.2  loss 14.9645  logE[BER] -4.970  P_det_soft 0.9995  (106s)
  step 3950  JSR   -8.7  loss 14.7556  logE[BER] -4.977  P_det_soft 0.9779  (107s)
  step 3975  JSR  -14.4  loss 12.4081  logE[BER] -5.616  P_det_soft 0.6792  (108s)
  step 3999  JSR  -18.0  loss 11.3629  logE[BER] -6.336  P_det_soft 0.5027  (108s)
wrote gan/energy_b10_r0_G.pt, gan/energy_b10_r0.json in 109s
