node: tikgpu04.ee.ethz.ch | gpu: NVIDIA TITAN RTX
env noise = {'noise_unc_db': 0.5, 'rician_k_db': None} | task cnn_b10_r0 = {'target': 'spec_cnn', 'beta': 10.0, 'cgan_task': 14} | seed 4014 | band (-36.4, -4.4) | 32 frames/step | 4000 steps | device cuda:0
  target spec_cnn: threshold -0.671523, clean-frame std 1.44179 (soft_pdet width)
  step    0  JSR  -13.4  loss 86.7153  logE[BER] -77.321  P_det_soft 0.9395  (1s)
  step   25  JSR  -15.6  loss 40.9791  logE[BER] -34.348  P_det_soft 0.6631  (3s)
  step   50  JSR   -9.4  loss 17.0257  logE[BER] -7.295  P_det_soft 0.9731  (6s)
  step   75  JSR  -34.5  loss 111.0785  logE[BER] -109.908  P_det_soft 0.1171  (8s)
  step  100  JSR  -25.3  loss 90.6349  logE[BER] -89.184  P_det_soft 0.1451  (11s)
  step  125  JSR  -32.2  loss 103.0559  logE[BER] -101.433  P_det_soft 0.1623  (13s)
  step  150  JSR  -32.7  loss 107.3013  logE[BER] -105.756  P_det_soft 0.1546  (16s)
  step  175  JSR  -11.2  loss 20.1348  logE[BER] -10.408  P_det_soft 0.9727  (18s)
  step  200  JSR  -27.9  loss 94.8574  logE[BER] -93.159  P_det_soft 0.1699  (21s)
  step  225  JSR  -28.6  loss 102.2761  logE[BER] -100.631  P_det_soft 0.1645  (23s)
  step  250  JSR  -15.0  loss 41.0560  logE[BER] -32.455  P_det_soft 0.8601  (26s)
  step  275  JSR  -10.4  loss 20.2578  logE[BER] -10.479  P_det_soft 0.9779  (28s)
  step  300  JSR  -34.1  loss 101.4511  logE[BER] -100.475  P_det_soft 0.0976  (31s)
  step  325  JSR  -33.6  loss 101.6205  logE[BER] -99.861  P_det_soft 0.1760  (33s)
  step  350  JSR  -11.0  loss 17.4114  logE[BER] -7.704  P_det_soft 0.9707  (36s)
  step  375  JSR  -22.7  loss 70.9569  logE[BER] -67.942  P_det_soft 0.3015  (38s)
  step  400  JSR  -14.3  loss 30.8328  logE[BER] -22.196  P_det_soft 0.8637  (41s)
  step  425  JSR  -34.6  loss 103.8195  logE[BER] -102.195  P_det_soft 0.1625  (44s)
  step  450  JSR   -6.2  loss 15.3568  logE[BER] -5.633  P_det_soft 0.9724  (46s)
  step  475  JSR  -16.9  loss 49.9964  logE[BER] -43.295  P_det_soft 0.6702  (49s)
  step  500  JSR  -30.1  loss 97.1399  logE[BER] -95.847  P_det_soft 0.1293  (51s)
  step  525  JSR  -23.1  loss 73.8022  logE[BER] -71.220  P_det_soft 0.2582  (54s)
  step  550  JSR  -11.3  loss 18.6520  logE[BER] -8.976  P_det_soft 0.9676  (56s)
  step  575  JSR  -10.0  loss 15.8513  logE[BER] -6.117  P_det_soft 0.9734  (59s)
  step  600  JSR  -12.5  loss 19.3476  logE[BER] -9.937  P_det_soft 0.9411  (61s)
  step  625  JSR   -5.3  loss 14.7892  logE[BER] -5.002  P_det_soft 0.9788  (64s)
  step  650  JSR  -17.3  loss 51.7820  logE[BER] -46.186  P_det_soft 0.5596  (67s)
  step  675  JSR  -12.5  loss 16.3261  logE[BER] -7.038  P_det_soft 0.9288  (69s)
  step  700  JSR  -25.9  loss 86.6977  logE[BER] -84.789  P_det_soft 0.1908  (72s)
  step  725  JSR  -10.7  loss 16.1803  logE[BER] -6.495  P_det_soft 0.9685  (74s)
  step  750  JSR  -16.4  loss 36.8160  logE[BER] -30.057  P_det_soft 0.6759  (77s)
  step  775  JSR   -4.6  loss 14.5060  logE[BER] -4.760  P_det_soft 0.9746  (79s)
  step  800  JSR  -35.0  loss 106.2904  logE[BER] -104.757  P_det_soft 0.1533  (82s)
  step  825  JSR   -5.2  loss 14.4277  logE[BER] -4.656  P_det_soft 0.9772  (85s)
  step  850  JSR  -23.9  loss 73.2489  logE[BER] -70.975  P_det_soft 0.2274  (87s)
  step  875  JSR  -20.5  loss 60.5192  logE[BER] -56.940  P_det_soft 0.3579  (90s)
  step  900  JSR  -29.8  loss 86.9734  logE[BER] -85.448  P_det_soft 0.1525  (92s)
  step  925  JSR  -24.1  loss 56.7609  logE[BER] -54.552  P_det_soft 0.2209  (95s)
  step  950  JSR  -18.6  loss 38.3567  logE[BER] -34.612  P_det_soft 0.3745  (97s)
  step  975  JSR  -32.6  loss 105.6953  logE[BER] -104.121  P_det_soft 0.1574  (100s)
  step 1000  JSR  -22.6  loss 59.2621  logE[BER] -56.421  P_det_soft 0.2841  (103s)
  step 1025  JSR  -13.6  loss 15.5895  logE[BER] -7.321  P_det_soft 0.8269  (105s)
  step 1050  JSR  -32.2  loss 97.6854  logE[BER] -96.357  P_det_soft 0.1328  (108s)
  step 1075  JSR  -22.7  loss 66.7156  logE[BER] -64.193  P_det_soft 0.2523  (110s)
  step 1100  JSR  -36.2  loss 107.0635  logE[BER] -105.826  P_det_soft 0.1238  (113s)
  step 1125  JSR  -11.4  loss 15.9403  logE[BER] -6.490  P_det_soft 0.9451  (115s)
  step 1150  JSR   -9.8  loss 15.1761  logE[BER] -5.457  P_det_soft 0.9719  (118s)
  step 1175  JSR  -24.2  loss 62.5654  logE[BER] -60.660  P_det_soft 0.1906  (121s)
  step 1200  JSR  -10.1  loss 15.0216  logE[BER] -5.308  P_det_soft 0.9714  (123s)
  step 1225  JSR   -8.3  loss 14.8472  logE[BER] -5.143  P_det_soft 0.9704  (126s)
  step 1250  JSR   -8.6  loss 14.7817  logE[BER] -5.096  P_det_soft 0.9686  (128s)
  step 1275  JSR  -21.3  loss 50.0338  logE[BER] -46.560  P_det_soft 0.3473  (131s)
  step 1300  JSR  -12.7  loss 15.3539  logE[BER] -6.034  P_det_soft 0.9320  (134s)
  step 1325  JSR  -18.8  loss 19.3449  logE[BER] -16.574  P_det_soft 0.2771  (136s)
  step 1350  JSR  -29.9  loss 93.5190  logE[BER] -91.282  P_det_soft 0.2237  (139s)
  step 1375  JSR  -24.6  loss 56.3973  logE[BER] -54.553  P_det_soft 0.1844  (141s)
  step 1400  JSR  -20.5  loss 29.5177  logE[BER] -27.514  P_det_soft 0.2004  (144s)
  step 1425  JSR  -32.6  loss 88.7767  logE[BER] -86.842  P_det_soft 0.1935  (146s)
  step 1450  JSR  -27.1  loss 57.0796  logE[BER] -55.513  P_det_soft 0.1566  (149s)
  step 1475  JSR  -24.4  loss 42.1748  logE[BER] -40.466  P_det_soft 0.1708  (152s)
  step 1500  JSR  -34.9  loss 86.4504  logE[BER] -84.770  P_det_soft 0.1680  (154s)
  step 1525  JSR  -20.6  loss 27.5388  logE[BER] -24.653  P_det_soft 0.2886  (157s)
  step 1550  JSR  -34.9  loss 94.5727  logE[BER] -93.247  P_det_soft 0.1326  (159s)
  step 1575  JSR  -28.6  loss 57.4408  logE[BER] -55.486  P_det_soft 0.1955  (162s)
  step 1600  JSR  -22.7  loss 20.1589  logE[BER] -18.155  P_det_soft 0.2004  (164s)
  step 1625  JSR  -16.1  loss 10.1323  logE[BER] -5.805  P_det_soft 0.4327  (167s)
  step 1650  JSR  -28.6  loss 51.7350  logE[BER] -50.091  P_det_soft 0.1644  (170s)
  step 1675  JSR   -7.7  loss 15.0445  logE[BER] -5.187  P_det_soft 0.9857  (172s)
  step 1700  JSR  -22.5  loss 12.3607  logE[BER] -10.767  P_det_soft 0.1593  (175s)
  step 1725  JSR  -26.1  loss 36.1955  logE[BER] -34.358  P_det_soft 0.1838  (177s)
  step 1750  JSR  -29.5  loss 51.0458  logE[BER] -49.572  P_det_soft 0.1474  (180s)
  step 1775  JSR  -27.0  loss 38.8247  logE[BER] -36.925  P_det_soft 0.1900  (182s)
  step 1800  JSR  -27.0  loss 34.0543  logE[BER] -32.027  P_det_soft 0.2027  (185s)
  step 1825  JSR  -33.0  loss 71.0452  logE[BER] -68.772  P_det_soft 0.2274  (188s)
  step 1850  JSR  -15.5  loss 9.8364  logE[BER] -5.803  P_det_soft 0.4034  (190s)
  step 1875  JSR  -24.3  loss 18.2693  logE[BER] -16.550  P_det_soft 0.1719  (193s)
  step 1900  JSR   -4.5  loss 14.7283  logE[BER] -4.870  P_det_soft 0.9858  (195s)
  step 1925  JSR  -28.9  loss 45.3443  logE[BER] -43.404  P_det_soft 0.1940  (198s)
  step 1950  JSR  -13.6  loss 11.0855  logE[BER] -5.628  P_det_soft 0.5458  (200s)
  step 1975  JSR  -11.6  loss 14.2165  logE[BER] -5.691  P_det_soft 0.8525  (203s)
  step 2000  JSR  -15.7  loss 9.7251  logE[BER] -5.760  P_det_soft 0.3965  (206s)
  step 2025  JSR  -21.5  loss 9.1758  logE[BER] -7.586  P_det_soft 0.1590  (208s)
  step 2050  JSR  -20.2  loss 8.9743  logE[BER] -6.718  P_det_soft 0.2256  (211s)
  step 2075  JSR  -11.4  loss 13.4499  logE[BER] -5.331  P_det_soft 0.8119  (213s)
  step 2100  JSR  -16.1  loss 10.3327  logE[BER] -5.962  P_det_soft 0.4371  (216s)
  step 2125  JSR   -9.2  loss 14.6404  logE[BER] -5.200  P_det_soft 0.9440  (219s)
  step 2150  JSR  -27.7  loss 38.3621  logE[BER] -37.005  P_det_soft 0.1357  (221s)
  step 2175  JSR  -27.6  loss 33.5699  logE[BER] -32.138  P_det_soft 0.1432  (224s)
  step 2200  JSR  -23.6  loss 11.6634  logE[BER] -9.844  P_det_soft 0.1819  (226s)
  step 2225  JSR  -20.0  loss 8.6513  logE[BER] -6.618  P_det_soft 0.2033  (229s)
  step 2250  JSR  -34.8  loss 78.1539  logE[BER] -76.592  P_det_soft 0.1562  (231s)
  step 2275  JSR  -14.1  loss 10.7191  logE[BER] -5.698  P_det_soft 0.5021  (234s)
  step 2300  JSR  -27.6  loss 34.7083  logE[BER] -33.397  P_det_soft 0.1311  (237s)
  step 2325  JSR  -28.8  loss 41.8950  logE[BER] -40.306  P_det_soft 0.1589  (239s)
  step 2350  JSR   -9.3  loss 14.7535  logE[BER] -5.338  P_det_soft 0.9416  (242s)
  step 2375  JSR   -5.3  loss 14.9713  logE[BER] -5.119  P_det_soft 0.9852  (244s)
  step 2400  JSR  -16.4  loss 9.5895  logE[BER] -5.901  P_det_soft 0.3688  (247s)
  step 2425  JSR  -11.2  loss 12.9353  logE[BER] -5.422  P_det_soft 0.7514  (249s)
  step 2450  JSR  -17.7  loss 8.2618  logE[BER] -6.027  P_det_soft 0.2235  (252s)
  step 2475  JSR  -32.7  loss 67.1257  logE[BER] -65.593  P_det_soft 0.1532  (255s)
  step 2500  JSR  -17.2  loss 9.1924  logE[BER] -6.127  P_det_soft 0.3065  (257s)
  step 2525  JSR  -30.9  loss 61.3125  logE[BER] -59.661  P_det_soft 0.1652  (260s)
  step 2550  JSR  -10.6  loss 12.4531  logE[BER] -5.211  P_det_soft 0.7243  (262s)
  step 2575  JSR   -4.4  loss 14.8422  logE[BER] -4.955  P_det_soft 0.9887  (265s)
  step 2600  JSR  -12.6  loss 11.2649  logE[BER] -5.489  P_det_soft 0.5776  (267s)
  step 2625  JSR  -28.3  loss 43.4772  logE[BER] -42.349  P_det_soft 0.1128  (270s)
  step 2650  JSR  -26.0  loss 23.2641  logE[BER] -21.388  P_det_soft 0.1877  (273s)
  step 2675  JSR  -32.0  loss 69.2957  logE[BER] -67.924  P_det_soft 0.1371  (275s)
  step 2700  JSR  -11.3  loss 13.1032  logE[BER] -5.513  P_det_soft 0.7590  (278s)
  step 2725  JSR  -26.5  loss 28.6939  logE[BER] -26.898  P_det_soft 0.1796  (280s)
  step 2750  JSR  -30.8  loss 48.3685  logE[BER] -46.893  P_det_soft 0.1475  (283s)
  step 2775  JSR   -9.5  loss 14.6191  logE[BER] -5.498  P_det_soft 0.9121  (286s)
  step 2800  JSR  -19.9  loss 9.3286  logE[BER] -6.810  P_det_soft 0.2519  (288s)
  step 2825  JSR  -25.9  loss 22.0051  logE[BER] -20.171  P_det_soft 0.1835  (291s)
  step 2850  JSR  -35.7  loss 80.2139  logE[BER] -78.774  P_det_soft 0.1440  (293s)
  step 2875  JSR  -12.8  loss 11.6163  logE[BER] -5.561  P_det_soft 0.6055  (296s)
  step 2900  JSR  -22.4  loss 10.1925  logE[BER] -7.860  P_det_soft 0.2332  (298s)
  step 2925  JSR  -18.7  loss 8.0811  logE[BER] -6.207  P_det_soft 0.1874  (301s)
  step 2950  JSR  -10.6  loss 13.0873  logE[BER] -5.559  P_det_soft 0.7529  (304s)
  step 2975  JSR  -13.9  loss 9.9721  logE[BER] -5.688  P_det_soft 0.4284  (306s)
  step 3000  JSR  -12.1  loss 11.8272  logE[BER] -5.545  P_det_soft 0.6282  (309s)
  step 3025  JSR  -32.8  loss 64.7953  logE[BER] -63.545  P_det_soft 0.1250  (311s)
  step 3050  JSR  -30.6  loss 50.9349  logE[BER] -48.598  P_det_soft 0.2337  (314s)
  step 3075  JSR  -19.2  loss 8.6544  logE[BER] -6.461  P_det_soft 0.2194  (316s)
  step 3100  JSR  -23.4  loss 11.3401  logE[BER] -9.242  P_det_soft 0.2098  (319s)
  step 3125  JSR  -36.2  loss 90.1688  logE[BER] -88.465  P_det_soft 0.1704  (322s)
  step 3150  JSR   -9.1  loss 14.8304  logE[BER] -5.353  P_det_soft 0.9478  (324s)
  step 3175  JSR   -9.5  loss 14.4523  logE[BER] -5.313  P_det_soft 0.9139  (327s)
  step 3200  JSR  -34.4  loss 74.6410  logE[BER] -73.218  P_det_soft 0.1423  (329s)
  step 3225  JSR  -30.0  loss 53.0896  logE[BER] -51.843  P_det_soft 0.1247  (332s)
  step 3250  JSR  -35.3  loss 81.6554  logE[BER] -80.355  P_det_soft 0.1301  (334s)
  step 3275  JSR  -22.3  loss 9.0917  logE[BER] -7.468  P_det_soft 0.1623  (337s)
  step 3300  JSR  -13.5  loss 10.9090  logE[BER] -5.568  P_det_soft 0.5341  (340s)
  step 3325  JSR  -35.9  loss 76.6257  logE[BER] -74.841  P_det_soft 0.1785  (342s)
  step 3350  JSR  -28.7  loss 44.6878  logE[BER] -42.932  P_det_soft 0.1756  (345s)
  step 3375  JSR  -11.5  loss 12.7982  logE[BER] -5.526  P_det_soft 0.7272  (347s)
  step 3400  JSR  -12.6  loss 12.3772  logE[BER] -5.768  P_det_soft 0.6609  (350s)
  step 3425  JSR  -25.3  loss 19.5880  logE[BER] -18.246  P_det_soft 0.1342  (352s)
  step 3450  JSR  -32.7  loss 62.2362  logE[BER] -60.605  P_det_soft 0.1632  (355s)
  step 3475  JSR   -7.4  loss 15.0579  logE[BER] -5.335  P_det_soft 0.9723  (358s)
  step 3500  JSR  -32.8  loss 68.4498  logE[BER] -66.755  P_det_soft 0.1695  (360s)
  step 3525  JSR   -6.2  loss 14.9236  logE[BER] -5.150  P_det_soft 0.9774  (363s)
  step 3550  JSR   -7.5  loss 14.8317  logE[BER] -5.283  P_det_soft 0.9548  (365s)
  step 3575  JSR  -30.8  loss 50.5547  logE[BER] -48.794  P_det_soft 0.1760  (368s)
  step 3600  JSR  -26.6  loss 23.6804  logE[BER] -22.056  P_det_soft 0.1625  (370s)
  step 3625  JSR   -5.8  loss 14.6398  logE[BER] -4.826  P_det_soft 0.9814  (373s)
  step 3650  JSR  -29.3  loss 39.0766  logE[BER] -37.771  P_det_soft 0.1305  (376s)
  step 3675  JSR  -33.0  loss 69.7440  logE[BER] -68.110  P_det_soft 0.1634  (378s)
  step 3700  JSR  -25.4  loss 19.1359  logE[BER] -17.568  P_det_soft 0.1568  (381s)
  step 3725  JSR  -25.7  loss 19.0201  logE[BER] -17.866  P_det_soft 0.1154  (383s)
  step 3750  JSR  -22.8  loss 10.1042  logE[BER] -8.314  P_det_soft 0.1790  (386s)
  step 3775  JSR  -27.3  loss 28.8178  logE[BER] -26.938  P_det_soft 0.1880  (388s)
  step 3800  JSR   -6.7  loss 14.8870  logE[BER] -5.219  P_det_soft 0.9668  (391s)
  step 3825  JSR   -7.7  loss 14.4405  logE[BER] -5.074  P_det_soft 0.9366  (394s)
  step 3850  JSR  -20.3  loss 8.8646  logE[BER] -6.654  P_det_soft 0.2211  (396s)
  step 3875  JSR  -13.7  loss 10.0492  logE[BER] -5.598  P_det_soft 0.4451  (399s)
  step 3900  JSR  -19.5  loss 8.4278  logE[BER] -6.153  P_det_soft 0.2275  (401s)
  step 3925  JSR   -9.8  loss 14.2646  logE[BER] -5.388  P_det_soft 0.8877  (404s)
  step 3950  JSR  -11.5  loss 12.1874  logE[BER] -5.607  P_det_soft 0.6581  (407s)
  step 3975  JSR   -8.1  loss 14.8900  logE[BER] -5.281  P_det_soft 0.9609  (409s)
  step 3999  JSR  -21.8  loss 9.7647  logE[BER] -7.826  P_det_soft 0.1939  (412s)
wrote gan/cnn_b10_r0_G.pt, gan/cnn_b10_r0.json in 418s
