node: tikgpu04.ee.ethz.ch | gpu: NVIDIA TITAN RTX
env fading = {'noise_unc_db': 0.0, 'rician_k_db': 12.0} | task control_r2 = {'target': None, 'beta': 0.0, 'cgan_task': 0} | seed 6000 | band (-32.0, 0.0) | 128 frames/step | 4000 steps | device cuda:0
  step    0  JSR   -8.6  loss 19.3369  logE[BER] -19.337  P_det_soft 0.0000  (1s)
  step   25  JSR   -3.1  loss 3.6693  logE[BER] -3.669  P_det_soft 0.0000  (2s)
  step   50  JSR  -24.3  loss 17.3128  logE[BER] -17.313  P_det_soft 0.0000  (2s)
  step   75  JSR  -31.7  loss 44.0411  logE[BER] -44.041  P_det_soft 0.0000  (3s)
  step  100  JSR  -30.3  loss 38.4947  logE[BER] -38.495  P_det_soft 0.0000  (3s)
  step  125  JSR  -28.1  loss 37.1280  logE[BER] -37.128  P_det_soft 0.0000  (4s)
  step  150  JSR  -30.4  loss 20.7672  logE[BER] -20.767  P_det_soft 0.0000  (4s)
  step  175  JSR   -1.8  loss 3.7192  logE[BER] -3.719  P_det_soft 0.0000  (5s)
  step  200  JSR  -12.3  loss 6.3646  logE[BER] -6.365  P_det_soft 0.0000  (6s)
  step  225  JSR   -3.4  loss 3.7404  logE[BER] -3.740  P_det_soft 0.0000  (6s)
  step  250  JSR   -8.2  loss 4.6585  logE[BER] -4.658  P_det_soft 0.0000  (7s)
  step  275  JSR  -21.6  loss 19.3449  logE[BER] -19.345  P_det_soft 0.0000  (7s)
  step  300  JSR  -20.0  loss 19.4318  logE[BER] -19.432  P_det_soft 0.0000  (8s)
  step  325  JSR  -11.2  loss 5.9997  logE[BER] -6.000  P_det_soft 0.0000  (8s)
  step  350  JSR  -20.9  loss 12.0610  logE[BER] -12.061  P_det_soft 0.0000  (9s)
  step  375  JSR  -21.4  loss 13.8133  logE[BER] -13.813  P_det_soft 0.0000  (10s)
  step  400  JSR  -21.6  loss 28.2633  logE[BER] -28.263  P_det_soft 0.0000  (10s)
  step  425  JSR   -9.0  loss 4.8885  logE[BER] -4.889  P_det_soft 0.0000  (11s)
  step  450  JSR   -0.7  loss 3.7012  logE[BER] -3.701  P_det_soft 0.0000  (11s)
  step  475  JSR  -23.6  loss 26.3739  logE[BER] -26.374  P_det_soft 0.0000  (12s)
  step  500  JSR  -15.9  loss 7.8595  logE[BER] -7.860  P_det_soft 0.0000  (13s)
  step  525  JSR  -17.7  loss 10.1279  logE[BER] -10.128  P_det_soft 0.0000  (13s)
  step  550  JSR   -8.3  loss 4.4762  logE[BER] -4.476  P_det_soft 0.0000  (14s)
  step  575  JSR  -12.0  loss 5.3880  logE[BER] -5.388  P_det_soft 0.0000  (14s)
  step  600  JSR   -7.2  loss 4.3640  logE[BER] -4.364  P_det_soft 0.0000  (15s)
  step  625  JSR   -5.9  loss 3.8847  logE[BER] -3.885  P_det_soft 0.0000  (15s)
  step  650  JSR  -31.1  loss 42.3514  logE[BER] -42.351  P_det_soft 0.0000  (16s)
  step  675  JSR  -21.9  loss 13.2464  logE[BER] -13.246  P_det_soft 0.0000  (17s)
  step  700  JSR  -11.0  loss 5.6287  logE[BER] -5.629  P_det_soft 0.0000  (17s)
  step  725  JSR   -9.7  loss 4.7739  logE[BER] -4.774  P_det_soft 0.0000  (18s)
  step  750  JSR  -11.3  loss 4.8592  logE[BER] -4.859  P_det_soft 0.0000  (18s)
  step  775  JSR  -21.8  loss 16.8012  logE[BER] -16.801  P_det_soft 0.0000  (19s)
  step  800  JSR  -30.5  loss 37.9486  logE[BER] -37.949  P_det_soft 0.0000  (20s)
  step  825  JSR  -22.3  loss 21.7544  logE[BER] -21.754  P_det_soft 0.0000  (20s)
  step  850  JSR  -29.0  loss 33.8660  logE[BER] -33.866  P_det_soft 0.0000  (21s)
  step  875  JSR  -28.7  loss 16.8619  logE[BER] -16.862  P_det_soft 0.0000  (21s)
  step  900  JSR  -19.8  loss 10.8858  logE[BER] -10.886  P_det_soft 0.0000  (22s)
  step  925  JSR  -25.6  loss 31.3991  logE[BER] -31.399  P_det_soft 0.0000  (22s)
  step  950  JSR  -28.6  loss 29.0443  logE[BER] -29.044  P_det_soft 0.0000  (23s)
  step  975  JSR  -21.1  loss 11.0981  logE[BER] -11.098  P_det_soft 0.0000  (24s)
  step 1000  JSR  -14.4  loss 6.1605  logE[BER] -6.161  P_det_soft 0.0000  (24s)
  step 1025  JSR  -10.1  loss 4.5652  logE[BER] -4.565  P_det_soft 0.0000  (25s)
  step 1050  JSR  -31.2  loss 23.2839  logE[BER] -23.284  P_det_soft 0.0000  (25s)
  step 1075  JSR  -10.4  loss 4.6206  logE[BER] -4.621  P_det_soft 0.0000  (26s)
  step 1100  JSR  -26.2  loss 19.4112  logE[BER] -19.411  P_det_soft 0.0000  (26s)
  step 1125  JSR  -17.1  loss 8.3469  logE[BER] -8.347  P_det_soft 0.0000  (27s)
  step 1150  JSR  -28.7  loss 17.2029  logE[BER] -17.203  P_det_soft 0.0000  (28s)
  step 1175  JSR   -7.4  loss 4.1983  logE[BER] -4.198  P_det_soft 0.0000  (28s)
  step 1200  JSR  -26.1  loss 25.7381  logE[BER] -25.738  P_det_soft 0.0000  (29s)
  step 1225  JSR  -24.1  loss 14.4569  logE[BER] -14.457  P_det_soft 0.0000  (29s)
  step 1250  JSR  -30.5  loss 24.2178  logE[BER] -24.218  P_det_soft 0.0000  (30s)
  step 1275  JSR  -14.8  loss 6.0999  logE[BER] -6.100  P_det_soft 0.0000  (31s)
  step 1300  JSR   -2.2  loss 3.6077  logE[BER] -3.608  P_det_soft 0.0000  (31s)
  step 1325  JSR  -30.9  loss 35.9811  logE[BER] -35.981  P_det_soft 0.0000  (32s)
  step 1350  JSR  -15.8  loss 6.8970  logE[BER] -6.897  P_det_soft 0.0000  (32s)
  step 1375  JSR  -31.9  loss 31.0712  logE[BER] -31.071  P_det_soft 0.0000  (33s)
  step 1400  JSR  -21.8  loss 15.7279  logE[BER] -15.728  P_det_soft 0.0000  (33s)
  step 1425  JSR  -11.9  loss 4.7594  logE[BER] -4.759  P_det_soft 0.0000  (34s)
  step 1450  JSR  -27.3  loss 27.8204  logE[BER] -27.820  P_det_soft 0.0000  (35s)
  step 1475  JSR   -7.9  loss 4.1640  logE[BER] -4.164  P_det_soft 0.0000  (35s)
  step 1500  JSR  -30.1  loss 31.8174  logE[BER] -31.817  P_det_soft 0.0000  (36s)
  step 1525  JSR  -20.8  loss 10.8384  logE[BER] -10.838  P_det_soft 0.0000  (36s)
  step 1550  JSR  -22.6  loss 14.5991  logE[BER] -14.599  P_det_soft 0.0000  (37s)
  step 1575  JSR  -29.7  loss 12.0986  logE[BER] -12.099  P_det_soft 0.0000  (38s)
  step 1600  JSR  -18.0  loss 6.9558  logE[BER] -6.956  P_det_soft 0.0000  (38s)
  step 1625  JSR   -7.7  loss 4.0887  logE[BER] -4.089  P_det_soft 0.0000  (39s)
  step 1650  JSR  -28.0  loss 27.4492  logE[BER] -27.449  P_det_soft 0.0000  (39s)
  step 1675  JSR  -17.9  loss 7.3149  logE[BER] -7.315  P_det_soft 0.0000  (40s)
  step 1700  JSR  -11.0  loss 4.6221  logE[BER] -4.622  P_det_soft 0.0000  (40s)
  step 1725  JSR  -23.7  loss 14.2283  logE[BER] -14.228  P_det_soft 0.0000  (41s)
  step 1750  JSR   -7.3  loss 3.9441  logE[BER] -3.944  P_det_soft 0.0000  (42s)
  step 1775  JSR   -9.6  loss 4.5359  logE[BER] -4.536  P_det_soft 0.0000  (42s)
  step 1800  JSR  -16.7  loss 6.1011  logE[BER] -6.101  P_det_soft 0.0000  (43s)
  step 1825  JSR  -28.4  loss 24.6669  logE[BER] -24.667  P_det_soft 0.0000  (43s)
  step 1850  JSR  -25.5  loss 14.4251  logE[BER] -14.425  P_det_soft 0.0000  (44s)
  step 1875  JSR  -29.2  loss 25.5087  logE[BER] -25.509  P_det_soft 0.0000  (45s)
  step 1900  JSR  -12.2  loss 4.8130  logE[BER] -4.813  P_det_soft 0.0000  (45s)
  step 1925  JSR   -7.4  loss 4.3091  logE[BER] -4.309  P_det_soft 0.0000  (46s)
  step 1950  JSR  -10.1  loss 4.6219  logE[BER] -4.622  P_det_soft 0.0000  (46s)
  step 1975  JSR  -26.4  loss 21.7711  logE[BER] -21.771  P_det_soft 0.0000  (47s)
  step 2000  JSR  -10.4  loss 4.5576  logE[BER] -4.558  P_det_soft 0.0000  (47s)
  step 2025  JSR  -18.3  loss 6.4538  logE[BER] -6.454  P_det_soft 0.0000  (48s)
  step 2050  JSR  -23.9  loss 10.6313  logE[BER] -10.631  P_det_soft 0.0000  (49s)
  step 2075  JSR  -25.8  loss 17.6755  logE[BER] -17.676  P_det_soft 0.0000  (49s)
  step 2100  JSR  -15.4  loss 5.3573  logE[BER] -5.357  P_det_soft 0.0000  (50s)
  step 2125  JSR  -23.1  loss 9.6526  logE[BER] -9.653  P_det_soft 0.0000  (50s)
  step 2150  JSR  -21.6  loss 8.2979  logE[BER] -8.298  P_det_soft 0.0000  (51s)
  step 2175  JSR  -22.2  loss 9.1566  logE[BER] -9.157  P_det_soft 0.0000  (52s)
  step 2200  JSR  -15.4  loss 5.3721  logE[BER] -5.372  P_det_soft 0.0000  (52s)
  step 2225  JSR  -17.7  loss 6.1853  logE[BER] -6.185  P_det_soft 0.0000  (53s)
  step 2250  JSR  -12.0  loss 4.8725  logE[BER] -4.873  P_det_soft 0.0000  (53s)
  step 2275  JSR   -2.1  loss 4.1649  logE[BER] -4.165  P_det_soft 0.0000  (54s)
  step 2300  JSR   -8.5  loss 4.5839  logE[BER] -4.584  P_det_soft 0.0000  (54s)
  step 2325  JSR  -15.6  loss 5.6161  logE[BER] -5.616  P_det_soft 0.0000  (55s)
  step 2350  JSR  -14.4  loss 5.3174  logE[BER] -5.317  P_det_soft 0.0000  (56s)
  step 2375  JSR  -28.1  loss 16.8197  logE[BER] -16.820  P_det_soft 0.0000  (56s)
  step 2400  JSR  -19.9  loss 6.7805  logE[BER] -6.780  P_det_soft 0.0000  (57s)
  step 2425  JSR  -22.6  loss 8.6265  logE[BER] -8.626  P_det_soft 0.0000  (57s)
  step 2450  JSR  -29.4  loss 12.8881  logE[BER] -12.888  P_det_soft 0.0000  (58s)
  step 2475  JSR  -27.6  loss 10.7020  logE[BER] -10.702  P_det_soft 0.0000  (58s)
  step 2500  JSR   -0.0  loss 4.2368  logE[BER] -4.237  P_det_soft 0.0000  (59s)
  step 2525  JSR  -30.7  loss 17.0188  logE[BER] -17.019  P_det_soft 0.0000  (60s)
  step 2550  JSR   -9.0  loss 5.1051  logE[BER] -5.105  P_det_soft 0.0000  (60s)
  step 2575  JSR  -29.3  loss 13.8834  logE[BER] -13.883  P_det_soft 0.0000  (61s)
  step 2600  JSR  -21.9  loss 7.1119  logE[BER] -7.112  P_det_soft 0.0000  (61s)
  step 2625  JSR  -31.3  loss 23.3161  logE[BER] -23.316  P_det_soft 0.0000  (62s)
  step 2650  JSR   -9.1  loss 4.8353  logE[BER] -4.835  P_det_soft 0.0000  (63s)
  step 2675  JSR  -23.3  loss 8.1327  logE[BER] -8.133  P_det_soft 0.0000  (63s)
  step 2700  JSR  -15.1  loss 5.6258  logE[BER] -5.626  P_det_soft 0.0000  (64s)
  step 2725  JSR  -26.2  loss 10.0770  logE[BER] -10.077  P_det_soft 0.0000  (64s)
  step 2750  JSR  -20.3  loss 6.5299  logE[BER] -6.530  P_det_soft 0.0000  (65s)
  step 2775  JSR   -8.9  loss 5.1604  logE[BER] -5.160  P_det_soft 0.0000  (65s)
  step 2800  JSR  -26.9  loss 11.1339  logE[BER] -11.134  P_det_soft 0.0000  (66s)
  step 2825  JSR  -24.3  loss 8.7788  logE[BER] -8.779  P_det_soft 0.0000  (67s)
  step 2850  JSR   -1.3  loss 4.3724  logE[BER] -4.372  P_det_soft 0.0000  (67s)
  step 2875  JSR  -22.3  loss 7.5728  logE[BER] -7.573  P_det_soft 0.0000  (68s)
  step 2900  JSR   -4.6  loss 4.3777  logE[BER] -4.378  P_det_soft 0.0000  (68s)
  step 2925  JSR   -2.2  loss 4.3315  logE[BER] -4.331  P_det_soft 0.0000  (69s)
  step 2950  JSR   -7.6  loss 4.9084  logE[BER] -4.908  P_det_soft 0.0000  (70s)
  step 2975  JSR  -12.1  loss 5.4473  logE[BER] -5.447  P_det_soft 0.0000  (70s)
  step 3000  JSR   -8.9  loss 5.0655  logE[BER] -5.065  P_det_soft 0.0000  (71s)
  step 3025  JSR  -14.1  loss 5.5974  logE[BER] -5.597  P_det_soft 0.0000  (71s)
  step 3050  JSR  -21.8  loss 7.0781  logE[BER] -7.078  P_det_soft 0.0000  (72s)
  step 3075  JSR  -25.7  loss 10.4234  logE[BER] -10.423  P_det_soft 0.0000  (73s)
  step 3100  JSR  -28.8  loss 12.4508  logE[BER] -12.451  P_det_soft 0.0000  (73s)
  step 3125  JSR   -9.0  loss 5.0897  logE[BER] -5.090  P_det_soft 0.0000  (74s)
  step 3150  JSR   -6.8  loss 4.6608  logE[BER] -4.661  P_det_soft 0.0000  (74s)
  step 3175  JSR  -12.5  loss 5.3911  logE[BER] -5.391  P_det_soft 0.0000  (75s)
  step 3200  JSR  -30.9  loss 11.8492  logE[BER] -11.849  P_det_soft 0.0000  (75s)
  step 3225  JSR   -7.9  loss 5.0629  logE[BER] -5.063  P_det_soft 0.0000  (76s)
  step 3250  JSR  -16.3  loss 5.5853  logE[BER] -5.585  P_det_soft 0.0000  (77s)
  step 3275  JSR   -1.6  loss 4.4773  logE[BER] -4.477  P_det_soft 0.0000  (77s)
  step 3300  JSR  -10.6  loss 5.1942  logE[BER] -5.194  P_det_soft 0.0000  (78s)
  step 3325  JSR  -11.3  loss 5.3852  logE[BER] -5.385  P_det_soft 0.0000  (78s)
  step 3350  JSR   -6.3  loss 4.6042  logE[BER] -4.604  P_det_soft 0.0000  (79s)
  step 3375  JSR  -14.7  loss 5.5076  logE[BER] -5.508  P_det_soft 0.0000  (80s)
  step 3400  JSR  -20.4  loss 6.6831  logE[BER] -6.683  P_det_soft 0.0000  (80s)
  step 3425  JSR  -30.2  loss 12.4141  logE[BER] -12.414  P_det_soft 0.0000  (81s)
  step 3450  JSR  -23.1  loss 7.5412  logE[BER] -7.541  P_det_soft 0.0000  (81s)
  step 3475  JSR   -5.6  loss 4.6956  logE[BER] -4.696  P_det_soft 0.0000  (82s)
  step 3500  JSR  -28.0  loss 12.5136  logE[BER] -12.514  P_det_soft 0.0000  (82s)
  step 3525  JSR   -3.8  loss 4.5760  logE[BER] -4.576  P_det_soft 0.0000  (83s)
  step 3550  JSR  -23.3  loss 7.7078  logE[BER] -7.708  P_det_soft 0.0000  (84s)
  step 3575  JSR  -28.0  loss 12.2606  logE[BER] -12.261  P_det_soft 0.0000  (84s)
  step 3600  JSR   -9.8  loss 5.1218  logE[BER] -5.122  P_det_soft 0.0000  (85s)
  step 3625  JSR   -8.6  loss 5.1654  logE[BER] -5.165  P_det_soft 0.0000  (85s)
  step 3650  JSR  -25.6  loss 9.9203  logE[BER] -9.920  P_det_soft 0.0000  (86s)
  step 3675  JSR  -11.8  loss 5.2711  logE[BER] -5.271  P_det_soft 0.0000  (87s)
  step 3700  JSR   -0.0  loss 3.8597  logE[BER] -3.860  P_det_soft 0.0000  (87s)
  step 3725  JSR   -9.6  loss 4.9952  logE[BER] -4.995  P_det_soft 0.0000  (88s)
  step 3750  JSR  -29.0  loss 19.3567  logE[BER] -19.357  P_det_soft 0.0000  (88s)
  step 3775  JSR  -18.4  loss 6.1110  logE[BER] -6.111  P_det_soft 0.0000  (89s)
  step 3800  JSR  -26.4  loss 9.8713  logE[BER] -9.871  P_det_soft 0.0000  (89s)
  step 3825  JSR  -19.8  loss 6.3258  logE[BER] -6.326  P_det_soft 0.0000  (90s)
  step 3850  JSR  -23.0  loss 7.6938  logE[BER] -7.694  P_det_soft 0.0000  (91s)
  step 3875  JSR   -4.6  loss 4.4523  logE[BER] -4.452  P_det_soft 0.0000  (91s)
  step 3900  JSR  -16.9  loss 6.0655  logE[BER] -6.065  P_det_soft 0.0000  (92s)
  step 3925  JSR  -21.5  loss 7.5748  logE[BER] -7.575  P_det_soft 0.0000  (92s)
  step 3950  JSR   -4.3  loss 4.7417  logE[BER] -4.742  P_det_soft 0.0000  (93s)
  step 3975  JSR  -17.4  loss 5.9020  logE[BER] -5.902  P_det_soft 0.0000  (94s)
  step 3999  JSR  -28.5  loss 12.1113  logE[BER] -12.111  P_det_soft 0.0000  (94s)
wrote gan/control_r2_G.pt, gan/control_r2.json in 95s
