node: tikgpu05.ee.ethz.ch | gpu: NVIDIA TITAN RTX
env fading = {'noise_unc_db': 0.0, 'rician_k_db': 12.0} | task kurtosis_b10_r0 = {'target': 'kurtosis', 'beta': 10.0, 'cgan_task': 10} | seed 4010 | band (-30.9, 0.0) | 128 frames/step | 4000 steps | device cuda:0
  target kurtosis: threshold 0.0576212, clean-frame std 0.0179509 (soft_pdet width)
  step    0  JSR  -27.2  loss 40.5833  logE[BER] -38.686  P_det_soft 0.1897  (1s)
  step   25  JSR  -19.2  loss 25.2627  logE[BER] -23.593  P_det_soft 0.1669  (2s)
  step   50  JSR   -1.3  loss 10.5199  logE[BER] -3.234  P_det_soft 0.7285  (3s)
  step   75  JSR  -11.0  loss 9.0123  logE[BER] -6.984  P_det_soft 0.2028  (3s)
  step  100  JSR  -22.4  loss 35.2753  logE[BER] -33.595  P_det_soft 0.1681  (4s)
  step  125  JSR  -12.0  loss 8.5593  logE[BER] -6.744  P_det_soft 0.1815  (4s)
  step  150  JSR  -21.0  loss 24.4731  logE[BER] -22.884  P_det_soft 0.1589  (5s)
  step  175  JSR  -18.6  loss 21.1331  logE[BER] -19.545  P_det_soft 0.1588  (6s)
  step  200  JSR  -24.9  loss 30.0305  logE[BER] -28.332  P_det_soft 0.1699  (6s)
  step  225  JSR  -24.6  loss 25.7662  logE[BER] -24.126  P_det_soft 0.1640  (7s)
  step  250  JSR  -20.3  loss 26.0280  logE[BER] -24.208  P_det_soft 0.1820  (7s)
  step  275  JSR   -6.0  loss 6.5225  logE[BER] -3.938  P_det_soft 0.2584  (8s)
  step  300  JSR  -19.2  loss 24.8282  logE[BER] -23.400  P_det_soft 0.1428  (9s)
  step  325  JSR  -17.1  loss 15.9820  logE[BER] -14.305  P_det_soft 0.1677  (9s)
  step  350  JSR  -16.9  loss 17.1257  logE[BER] -15.519  P_det_soft 0.1607  (10s)
  step  375  JSR  -23.6  loss 27.4132  logE[BER] -25.938  P_det_soft 0.1475  (10s)
  step  400  JSR   -2.6  loss 7.3160  logE[BER] -3.192  P_det_soft 0.4124  (11s)
  step  425  JSR   -8.2  loss 6.8668  logE[BER] -4.461  P_det_soft 0.2406  (12s)
  step  450  JSR   -6.4  loss 6.5013  logE[BER] -4.061  P_det_soft 0.2441  (12s)
  step  475  JSR   -8.4  loss 6.7307  logE[BER] -4.379  P_det_soft 0.2352  (13s)
  step  500  JSR  -15.1  loss 10.8028  logE[BER] -8.958  P_det_soft 0.1844  (13s)
  step  525  JSR   -4.2  loss 7.2936  logE[BER] -3.837  P_det_soft 0.3456  (14s)
  step  550  JSR  -23.6  loss 17.4521  logE[BER] -15.752  P_det_soft 0.1700  (15s)
  step  575  JSR  -27.9  loss 24.0481  logE[BER] -22.194  P_det_soft 0.1854  (15s)
  step  600  JSR   -2.7  loss 6.9757  logE[BER] -3.516  P_det_soft 0.3460  (16s)
  step  625  JSR  -16.9  loss 12.3976  logE[BER] -10.734  P_det_soft 0.1663  (16s)
  step  650  JSR  -12.2  loss 8.6067  logE[BER] -7.060  P_det_soft 0.1547  (17s)
  step  675  JSR   -3.3  loss 8.7741  logE[BER] -3.468  P_det_soft 0.5306  (18s)
  step  700  JSR   -7.8  loss 7.1105  logE[BER] -4.462  P_det_soft 0.2649  (18s)
  step  725  JSR  -11.8  loss 7.7087  logE[BER] -5.823  P_det_soft 0.1886  (19s)
  step  750  JSR  -30.7  loss 41.1198  logE[BER] -39.735  P_det_soft 0.1384  (20s)
  step  775  JSR  -15.5  loss 12.4060  logE[BER] -10.412  P_det_soft 0.1994  (20s)
  step  800  JSR  -28.5  loss 38.2913  logE[BER] -36.766  P_det_soft 0.1525  (21s)
  step  825  JSR   -6.8  loss 6.7107  logE[BER] -3.813  P_det_soft 0.2898  (21s)
  step  850  JSR  -18.7  loss 18.2766  logE[BER] -16.593  P_det_soft 0.1684  (22s)
  step  875  JSR  -28.1  loss 39.0522  logE[BER] -37.410  P_det_soft 0.1642  (23s)
  step  900  JSR  -20.6  loss 20.9371  logE[BER] -19.481  P_det_soft 0.1457  (23s)
  step  925  JSR  -28.3  loss 39.6666  logE[BER] -38.172  P_det_soft 0.1495  (24s)
  step  950  JSR  -21.0  loss 17.0927  logE[BER] -15.422  P_det_soft 0.1671  (24s)
  step  975  JSR  -27.1  loss 33.7573  logE[BER] -32.006  P_det_soft 0.1751  (25s)
  step 1000  JSR  -16.4  loss 10.2470  logE[BER] -8.314  P_det_soft 0.1933  (26s)
  step 1025  JSR  -18.0  loss 17.6558  logE[BER] -16.036  P_det_soft 0.1620  (26s)
  step 1050  JSR  -18.3  loss 12.4926  logE[BER] -10.759  P_det_soft 0.1733  (27s)
  step 1075  JSR  -21.0  loss 32.9450  logE[BER] -31.323  P_det_soft 0.1622  (27s)
  step 1100  JSR   -5.4  loss 7.4361  logE[BER] -3.709  P_det_soft 0.3727  (28s)
  step 1125  JSR  -24.4  loss 23.7349  logE[BER] -22.119  P_det_soft 0.1615  (29s)
  step 1150  JSR   -6.5  loss 8.0334  logE[BER] -3.892  P_det_soft 0.4141  (29s)
  step 1175  JSR  -24.2  loss 25.2131  logE[BER] -23.772  P_det_soft 0.1442  (30s)
  step 1200  JSR  -19.2  loss 13.4912  logE[BER] -11.910  P_det_soft 0.1581  (31s)
  step 1225  JSR   -6.7  loss 8.7588  logE[BER] -3.977  P_det_soft 0.4781  (31s)
  step 1250  JSR  -22.0  loss 12.7047  logE[BER] -10.928  P_det_soft 0.1777  (32s)
  step 1275  JSR   -3.4  loss 10.4040  logE[BER] -3.469  P_det_soft 0.6935  (32s)
  step 1300  JSR  -18.9  loss 17.3337  logE[BER] -15.874  P_det_soft 0.1459  (33s)
  step 1325  JSR  -24.2  loss 29.0537  logE[BER] -27.247  P_det_soft 0.1807  (34s)
  step 1350  JSR   -5.5  loss 8.0922  logE[BER] -3.614  P_det_soft 0.4479  (34s)
  step 1375  JSR  -20.7  loss 19.9791  logE[BER] -18.370  P_det_soft 0.1609  (35s)
  step 1400  JSR  -27.8  loss 36.3769  logE[BER] -34.543  P_det_soft 0.1833  (35s)
  step 1425  JSR  -10.2  loss 8.0026  logE[BER] -4.724  P_det_soft 0.3279  (36s)
  step 1450  JSR  -19.4  loss 16.6857  logE[BER] -14.910  P_det_soft 0.1776  (37s)
  step 1475  JSR  -26.0  loss 35.2526  logE[BER] -33.557  P_det_soft 0.1696  (37s)
  step 1500  JSR  -11.8  loss 8.0848  logE[BER] -5.089  P_det_soft 0.2995  (38s)
  step 1525  JSR  -21.2  loss 21.7835  logE[BER] -20.266  P_det_soft 0.1517  (39s)
  step 1550  JSR  -14.5  loss 8.8612  logE[BER] -6.905  P_det_soft 0.1956  (39s)
  step 1575  JSR   -7.5  loss 10.2656  logE[BER] -4.023  P_det_soft 0.6243  (40s)
  step 1600  JSR  -11.5  loss 7.5884  logE[BER] -4.907  P_det_soft 0.2681  (40s)
  step 1625  JSR  -29.1  loss 35.5100  logE[BER] -33.937  P_det_soft 0.1573  (41s)
  step 1650  JSR  -28.7  loss 30.7314  logE[BER] -28.807  P_det_soft 0.1924  (42s)
  step 1675  JSR  -30.6  loss 29.5689  logE[BER] -28.060  P_det_soft 0.1509  (42s)
  step 1700  JSR  -13.5  loss 7.9568  logE[BER] -5.582  P_det_soft 0.2375  (43s)
  step 1725  JSR  -26.0  loss 27.0077  logE[BER] -25.088  P_det_soft 0.1919  (43s)
  step 1750  JSR  -17.1  loss 9.4548  logE[BER] -7.758  P_det_soft 0.1697  (44s)
  step 1775  JSR  -13.3  loss 7.9764  logE[BER] -5.586  P_det_soft 0.2390  (45s)
  step 1800  JSR  -10.8  loss 8.0424  logE[BER] -4.471  P_det_soft 0.3571  (45s)
  step 1825  JSR  -18.8  loss 12.5556  logE[BER] -10.897  P_det_soft 0.1659  (46s)
  step 1850  JSR   -9.3  loss 9.1514  logE[BER] -4.193  P_det_soft 0.4959  (47s)
  step 1875  JSR   -0.9  loss 13.3120  logE[BER] -3.312  P_det_soft 1.0000  (47s)
  step 1900  JSR  -29.0  loss 29.8231  logE[BER] -28.065  P_det_soft 0.1758  (48s)
  step 1925  JSR  -25.8  loss 24.5256  logE[BER] -22.942  P_det_soft 0.1584  (48s)
  step 1950  JSR  -30.0  loss 28.7033  logE[BER] -27.034  P_det_soft 0.1670  (49s)
  step 1975  JSR   -1.1  loss 13.3830  logE[BER] -3.383  P_det_soft 1.0000  (50s)
  step 2000  JSR   -3.1  loss 13.5653  logE[BER] -3.565  P_det_soft 1.0000  (50s)
  step 2025  JSR  -13.4  loss 7.8614  logE[BER] -4.897  P_det_soft 0.2965  (51s)
  step 2050  JSR   -6.4  loss 13.6715  logE[BER] -3.902  P_det_soft 0.9770  (52s)
  step 2075  JSR  -15.8  loss 8.2969  logE[BER] -6.260  P_det_soft 0.2037  (52s)
  step 2100  JSR   -6.7  loss 13.5009  logE[BER] -3.920  P_det_soft 0.9581  (53s)
  step 2125  JSR  -13.1  loss 8.2491  logE[BER] -5.035  P_det_soft 0.3214  (53s)
  step 2150  JSR  -24.3  loss 13.8602  logE[BER] -12.431  P_det_soft 0.1430  (54s)
  step 2175  JSR  -20.4  loss 10.1642  logE[BER] -8.241  P_det_soft 0.1923  (55s)
  step 2200  JSR  -13.5  loss 8.8902  logE[BER] -5.016  P_det_soft 0.3874  (55s)
  step 2225  JSR  -27.6  loss 21.8556  logE[BER] -20.278  P_det_soft 0.1577  (56s)
  step 2250  JSR   -1.5  loss 13.5007  logE[BER] -3.501  P_det_soft 1.0000  (56s)
  step 2275  JSR   -2.6  loss 13.8777  logE[BER] -3.878  P_det_soft 1.0000  (57s)
  step 2300  JSR  -27.2  loss 27.8105  logE[BER] -26.040  P_det_soft 0.1770  (58s)
  step 2325  JSR  -13.6  loss 9.5823  logE[BER] -5.050  P_det_soft 0.4532  (58s)
  step 2350  JSR   -9.5  loss 13.5683  logE[BER] -4.496  P_det_soft 0.9073  (59s)
  step 2375  JSR  -11.3  loss 10.3415  logE[BER] -4.748  P_det_soft 0.5594  (60s)
  step 2400  JSR  -11.5  loss 9.8977  logE[BER] -4.697  P_det_soft 0.5201  (60s)
  step 2425  JSR   -0.0  loss 13.2511  logE[BER] -3.251  P_det_soft 1.0000  (61s)
  step 2450  JSR  -13.8  loss 9.3021  logE[BER] -5.199  P_det_soft 0.4103  (61s)
  step 2475  JSR  -16.6  loss 8.2125  logE[BER] -5.897  P_det_soft 0.2316  (62s)
  step 2500  JSR  -15.4  loss 8.0465  logE[BER] -5.519  P_det_soft 0.2527  (63s)
  step 2525  JSR  -21.3  loss 11.2721  logE[BER] -9.465  P_det_soft 0.1808  (63s)
  step 2550  JSR  -26.9  loss 26.0731  logE[BER] -24.509  P_det_soft 0.1564  (64s)
  step 2575  JSR  -12.8  loss 10.3236  logE[BER] -5.138  P_det_soft 0.5186  (65s)
  step 2600  JSR  -22.0  loss 11.6693  logE[BER] -10.120  P_det_soft 0.1550  (65s)
  step 2625  JSR  -13.8  loss 10.2272  logE[BER] -5.219  P_det_soft 0.5009  (66s)
  step 2650  JSR   -7.0  loss 14.4394  logE[BER] -4.440  P_det_soft 0.9999  (66s)
  step 2675  JSR  -15.7  loss 8.3302  logE[BER] -5.628  P_det_soft 0.2702  (67s)
  step 2700  JSR  -18.4  loss 8.5403  logE[BER] -6.402  P_det_soft 0.2138  (68s)
  step 2725  JSR  -16.1  loss 8.2277  logE[BER] -5.546  P_det_soft 0.2682  (68s)
  step 2750  JSR  -21.1  loss 9.0551  logE[BER] -7.260  P_det_soft 0.1795  (69s)
  step 2775  JSR  -23.3  loss 11.2316  logE[BER] -9.201  P_det_soft 0.2030  (69s)
  step 2800  JSR  -24.4  loss 12.2424  logE[BER] -10.600  P_det_soft 0.1643  (70s)
  step 2825  JSR  -19.2  loss 8.7945  logE[BER] -6.862  P_det_soft 0.1932  (71s)
  step 2850  JSR  -14.0  loss 10.4823  logE[BER] -5.231  P_det_soft 0.5251  (71s)
  step 2875  JSR  -15.4  loss 10.0592  logE[BER] -5.645  P_det_soft 0.4414  (72s)
  step 2900  JSR   -4.1  loss 13.9701  logE[BER] -3.970  P_det_soft 1.0000  (73s)
  step 2925  JSR  -30.3  loss 32.0682  logE[BER] -30.528  P_det_soft 0.1540  (73s)
  step 2950  JSR   -9.2  loss 14.0610  logE[BER] -4.697  P_det_soft 0.9364  (74s)
  step 2975  JSR   -9.6  loss 14.1695  logE[BER] -4.747  P_det_soft 0.9422  (74s)
  step 3000  JSR  -27.9  loss 16.6448  logE[BER] -15.031  P_det_soft 0.1614  (75s)
  step 3025  JSR  -21.2  loss 9.0515  logE[BER] -7.301  P_det_soft 0.1751  (76s)
  step 3050  JSR  -17.2  loss 9.4031  logE[BER] -6.120  P_det_soft 0.3283  (76s)
  step 3075  JSR  -24.9  loss 14.0547  logE[BER] -12.239  P_det_soft 0.1816  (77s)
  step 3100  JSR   -5.9  loss 14.2398  logE[BER] -4.240  P_det_soft 1.0000  (78s)
  step 3125  JSR  -14.3  loss 11.5478  logE[BER] -5.768  P_det_soft 0.5780  (78s)
  step 3150  JSR  -23.1  loss 10.2342  logE[BER] -8.686  P_det_soft 0.1549  (79s)
  step 3175  JSR  -23.9  loss 11.8540  logE[BER] -10.202  P_det_soft 0.1652  (79s)
  step 3200  JSR   -9.9  loss 11.8143  logE[BER] -4.662  P_det_soft 0.7152  (80s)
  step 3225  JSR  -28.3  loss 15.4968  logE[BER] -13.850  P_det_soft 0.1647  (81s)
  step 3250  JSR   -2.9  loss 13.9629  logE[BER] -3.963  P_det_soft 1.0000  (81s)
  step 3275  JSR  -30.5  loss 28.3604  logE[BER] -26.708  P_det_soft 0.1652  (82s)
  step 3300  JSR   -6.8  loss 14.4415  logE[BER] -4.461  P_det_soft 0.9981  (83s)
  step 3325  JSR  -16.9  loss 9.0669  logE[BER] -5.758  P_det_soft 0.3309  (83s)
  step 3350  JSR  -24.1  loss 11.1002  logE[BER] -9.202  P_det_soft 0.1898  (84s)
  step 3375  JSR  -22.7  loss 9.5187  logE[BER] -7.849  P_det_soft 0.1670  (84s)
  step 3400  JSR  -11.1  loss 14.5704  logE[BER] -5.316  P_det_soft 0.9255  (85s)
  step 3425  JSR   -8.2  loss 14.5422  logE[BER] -4.608  P_det_soft 0.9934  (86s)
  step 3450  JSR  -14.6  loss 10.9350  logE[BER] -5.509  P_det_soft 0.5426  (86s)
  step 3475  JSR  -30.3  loss 23.9002  logE[BER] -22.014  P_det_soft 0.1886  (87s)
  step 3500  JSR   -7.0  loss 14.3778  logE[BER] -4.378  P_det_soft 1.0000  (87s)
  step 3525  JSR  -19.2  loss 8.8808  logE[BER] -6.465  P_det_soft 0.2415  (88s)
  step 3550  JSR   -1.3  loss 13.7232  logE[BER] -3.723  P_det_soft 1.0000  (89s)
  step 3575  JSR  -15.1  loss 11.1940  logE[BER] -5.652  P_det_soft 0.5542  (89s)
  step 3600  JSR  -30.5  loss 19.5649  logE[BER] -17.850  P_det_soft 0.1715  (90s)
  step 3625  JSR  -19.2  loss 8.6297  logE[BER] -6.477  P_det_soft 0.2152  (91s)
  step 3650  JSR  -30.4  loss 24.4027  logE[BER] -22.755  P_det_soft 0.1647  (91s)
  step 3675  JSR  -26.5  loss 12.7506  logE[BER] -11.177  P_det_soft 0.1574  (92s)
  step 3700  JSR   -8.3  loss 14.7140  logE[BER] -4.785  P_det_soft 0.9929  (92s)
  step 3725  JSR  -15.6  loss 10.1152  logE[BER] -5.598  P_det_soft 0.4517  (93s)
  step 3750  JSR  -18.4  loss 8.9597  logE[BER] -6.483  P_det_soft 0.2477  (94s)
  step 3775  JSR  -27.9  loss 21.5078  logE[BER] -19.867  P_det_soft 0.1640  (94s)
  step 3800  JSR  -20.0  loss 9.1852  logE[BER] -7.033  P_det_soft 0.2153  (95s)
  step 3825  JSR  -29.2  loss 17.2620  logE[BER] -15.704  P_det_soft 0.1558  (96s)
  step 3850  JSR  -24.8  loss 12.1522  logE[BER] -10.626  P_det_soft 0.1526  (96s)
  step 3875  JSR  -23.8  loss 10.5699  logE[BER] -8.739  P_det_soft 0.1831  (97s)
  step 3900  JSR  -28.7  loss 15.4020  logE[BER] -13.676  P_det_soft 0.1726  (97s)
  step 3925  JSR  -22.0  loss 9.1911  logE[BER] -7.414  P_det_soft 0.1777  (98s)
  step 3950  JSR  -21.3  loss 8.8261  logE[BER] -6.958  P_det_soft 0.1868  (99s)
  step 3975  JSR   -7.5  loss 14.5595  logE[BER] -4.562  P_det_soft 0.9997  (99s)
  step 3999  JSR  -24.6  loss 10.7062  logE[BER] -8.937  P_det_soft 0.1770  (100s)
wrote gan/kurtosis_b10_r0_G.pt, gan/kurtosis_b10_r0.json in 101s
