node: tikgpu04.ee.ethz.ch | gpu: NVIDIA TITAN RTX
env base = {'noise_unc_db': 0.0, 'rician_k_db': None} | task cnn_b10_r1 = {'target': 'spec_cnn', 'beta': 10.0, 'cgan_task': 14} | seed 5014 | band (-39.0, -7.0) | 32 frames/step | 4000 steps | device cuda:0
  target spec_cnn: threshold -2.00681, clean-frame std 1.19308 (soft_pdet width)
  step    0  JSR  -20.2  loss 115.1209  logE[BER] -108.978  P_det_soft 0.6143  (1s)
  step   25  JSR  -22.6  loss 82.2484  logE[BER] -78.187  P_det_soft 0.4062  (3s)
  step   50  JSR  -10.3  loss 18.5320  logE[BER] -8.566  P_det_soft 0.9966  (6s)
  step   75  JSR  -22.9  loss 84.9728  logE[BER] -81.322  P_det_soft 0.3651  (8s)
  step  100  JSR  -19.4  loss 67.5494  logE[BER] -60.716  P_det_soft 0.6833  (10s)
  step  125  JSR  -36.7  loss 125.3188  logE[BER] -123.985  P_det_soft 0.1333  (13s)
  step  150  JSR  -34.2  loss 121.2354  logE[BER] -119.460  P_det_soft 0.1776  (15s)
  step  175  JSR  -19.0  loss 66.5772  logE[BER] -59.077  P_det_soft 0.7500  (18s)
  step  200  JSR   -9.9  loss 16.5675  logE[BER] -6.602  P_det_soft 0.9966  (20s)
  step  225  JSR  -13.6  loss 23.0113  logE[BER] -13.070  P_det_soft 0.9941  (22s)
  step  250  JSR  -22.7  loss 82.3280  logE[BER] -78.696  P_det_soft 0.3632  (25s)
  step  275  JSR  -27.5  loss 104.0602  logE[BER] -102.045  P_det_soft 0.2015  (27s)
  step  300  JSR  -20.8  loss 71.6769  logE[BER] -65.854  P_det_soft 0.5823  (30s)
  step  325  JSR  -36.2  loss 124.3953  logE[BER] -122.813  P_det_soft 0.1582  (32s)
  step  350  JSR  -18.2  loss 37.8173  logE[BER] -29.715  P_det_soft 0.8102  (34s)
  step  375  JSR  -25.6  loss 93.2294  logE[BER] -90.549  P_det_soft 0.2680  (37s)
  step  400  JSR   -9.5  loss 16.4596  logE[BER] -6.497  P_det_soft 0.9963  (39s)
  step  425  JSR  -36.1  loss 123.8954  logE[BER] -122.458  P_det_soft 0.1437  (42s)
  step  450  JSR  -28.6  loss 100.5405  logE[BER] -98.563  P_det_soft 0.1978  (44s)
  step  475  JSR  -25.5  loss 87.9174  logE[BER] -85.825  P_det_soft 0.2092  (46s)
  step  500  JSR  -37.7  loss 124.4507  logE[BER] -122.914  P_det_soft 0.1537  (49s)
  step  525  JSR   -8.3  loss 16.5488  logE[BER] -6.591  P_det_soft 0.9957  (51s)
  step  550  JSR  -26.6  loss 92.1224  logE[BER] -89.514  P_det_soft 0.2608  (54s)
  step  575  JSR  -36.4  loss 118.5004  logE[BER] -116.108  P_det_soft 0.2392  (56s)
  step  600  JSR  -14.2  loss 18.6690  logE[BER] -8.792  P_det_soft 0.9878  (58s)
  step  625  JSR  -11.6  loss 17.6090  logE[BER] -7.643  P_det_soft 0.9966  (61s)
  step  650  JSR  -10.7  loss 16.4168  logE[BER] -6.447  P_det_soft 0.9970  (63s)
  step  675  JSR  -25.3  loss 80.1456  logE[BER] -77.972  P_det_soft 0.2173  (66s)
  step  700  JSR  -25.2  loss 78.5108  logE[BER] -76.674  P_det_soft 0.1837  (68s)
  step  725  JSR  -14.4  loss 18.2174  logE[BER] -8.370  P_det_soft 0.9847  (70s)
  step  750  JSR  -10.4  loss 15.8652  logE[BER] -5.897  P_det_soft 0.9968  (73s)
  step  775  JSR  -23.1  loss 63.4035  logE[BER] -60.818  P_det_soft 0.2585  (75s)
  step  800  JSR  -32.8  loss 95.9048  logE[BER] -94.159  P_det_soft 0.1746  (78s)
  step  825  JSR  -26.2  loss 80.4133  logE[BER] -78.632  P_det_soft 0.1781  (80s)
  step  850  JSR  -29.0  loss 82.6129  logE[BER] -80.913  P_det_soft 0.1700  (82s)
  step  875  JSR  -13.2  loss 16.4509  logE[BER] -6.542  P_det_soft 0.9909  (85s)
  step  900  JSR  -18.0  loss 31.0395  logE[BER] -23.405  P_det_soft 0.7634  (87s)
  step  925  JSR  -17.7  loss 23.0733  logE[BER] -14.991  P_det_soft 0.8082  (90s)
  step  950  JSR   -7.5  loss 15.3727  logE[BER] -5.401  P_det_soft 0.9971  (92s)
  step  975  JSR  -20.8  loss 40.6292  logE[BER] -36.004  P_det_soft 0.4625  (94s)
  step 1000  JSR  -23.3  loss 48.7435  logE[BER] -45.865  P_det_soft 0.2879  (97s)
  step 1025  JSR  -35.1  loss 113.4970  logE[BER] -111.640  P_det_soft 0.1857  (99s)
  step 1050  JSR  -37.6  loss 113.4126  logE[BER] -112.073  P_det_soft 0.1339  (102s)
  step 1075  JSR  -12.5  loss 16.3429  logE[BER] -6.393  P_det_soft 0.9950  (104s)
  step 1100  JSR  -35.3  loss 113.8295  logE[BER] -112.305  P_det_soft 0.1525  (106s)
  step 1125  JSR  -28.9  loss 82.4992  logE[BER] -80.700  P_det_soft 0.1799  (109s)
  step 1150  JSR  -21.2  loss 31.1041  logE[BER] -26.824  P_det_soft 0.4280  (111s)
  step 1175  JSR  -33.8  loss 95.5590  logE[BER] -93.920  P_det_soft 0.1639  (114s)
  step 1200  JSR  -31.9  loss 86.2815  logE[BER] -84.770  P_det_soft 0.1511  (116s)
  step 1225  JSR  -23.9  loss 43.5890  logE[BER] -41.090  P_det_soft 0.2499  (118s)
  step 1250  JSR  -16.6  loss 14.1137  logE[BER] -6.508  P_det_soft 0.7606  (121s)
  step 1275  JSR  -17.4  loss 14.1048  logE[BER] -7.090  P_det_soft 0.7014  (123s)
  step 1300  JSR  -28.4  loss 68.9318  logE[BER] -66.531  P_det_soft 0.2401  (126s)
  step 1325  JSR  -10.0  loss 15.6490  logE[BER] -5.691  P_det_soft 0.9958  (128s)
  step 1350  JSR  -37.9  loss 110.2161  logE[BER] -108.760  P_det_soft 0.1456  (130s)
  step 1375  JSR  -30.8  loss 77.7348  logE[BER] -75.983  P_det_soft 0.1752  (133s)
  step 1400  JSR   -9.5  loss 15.4566  logE[BER] -5.489  P_det_soft 0.9968  (135s)
  step 1425  JSR  -29.0  loss 66.1867  logE[BER] -64.500  P_det_soft 0.1687  (138s)
  step 1450  JSR  -20.3  loss 10.4978  logE[BER] -7.246  P_det_soft 0.3252  (140s)
  step 1475  JSR  -34.2  loss 86.8430  logE[BER] -84.625  P_det_soft 0.2218  (142s)
  step 1500  JSR  -15.8  loss 13.9699  logE[BER] -6.096  P_det_soft 0.7874  (145s)
  step 1525  JSR  -20.1  loss 10.9302  logE[BER] -6.726  P_det_soft 0.4204  (147s)
  step 1550  JSR  -31.6  loss 77.4285  logE[BER] -74.829  P_det_soft 0.2600  (150s)
  step 1575  JSR  -22.9  loss 14.0797  logE[BER] -11.530  P_det_soft 0.2550  (152s)
  step 1600  JSR  -25.0  loss 22.3551  logE[BER] -20.508  P_det_soft 0.1847  (154s)
  step 1625  JSR  -29.9  loss 56.5594  logE[BER] -54.839  P_det_soft 0.1720  (157s)
  step 1650  JSR   -9.2  loss 15.3029  logE[BER] -5.332  P_det_soft 0.9971  (159s)
  step 1675  JSR  -32.5  loss 75.8419  logE[BER] -73.831  P_det_soft 0.2011  (162s)
  step 1700  JSR  -33.7  loss 81.5821  logE[BER] -80.066  P_det_soft 0.1516  (164s)
  step 1725  JSR  -21.0  loss 11.1905  logE[BER] -7.818  P_det_soft 0.3372  (166s)
  step 1750  JSR  -32.0  loss 72.2817  logE[BER] -70.117  P_det_soft 0.2165  (169s)
  step 1775  JSR  -26.6  loss 36.6904  logE[BER] -34.857  P_det_soft 0.1833  (171s)
  step 1800  JSR  -26.1  loss 30.6285  logE[BER] -28.868  P_det_soft 0.1761  (174s)
  step 1825  JSR  -26.0  loss 26.4737  logE[BER] -24.285  P_det_soft 0.2188  (176s)
  step 1850  JSR   -9.5  loss 15.3678  logE[BER] -5.429  P_det_soft 0.9939  (178s)
  step 1875  JSR  -10.5  loss 15.2681  logE[BER] -5.414  P_det_soft 0.9854  (181s)
  step 1900  JSR  -20.1  loss 10.3947  logE[BER] -6.990  P_det_soft 0.3405  (183s)
  step 1925  JSR  -11.2  loss 15.5190  logE[BER] -5.790  P_det_soft 0.9729  (186s)
  step 1950  JSR  -22.8  loss 11.8724  logE[BER] -9.568  P_det_soft 0.2305  (188s)
  step 1975  JSR  -26.0  loss 24.2329  logE[BER] -21.898  P_det_soft 0.2335  (191s)
  step 2000  JSR  -25.1  loss 19.3625  logE[BER] -17.438  P_det_soft 0.1925  (193s)
  step 2025  JSR  -14.4  loss 14.2644  logE[BER] -5.841  P_det_soft 0.8423  (195s)
  step 2050  JSR  -32.7  loss 75.0381  logE[BER] -73.201  P_det_soft 0.1837  (198s)
  step 2075  JSR  -33.5  loss 77.6452  logE[BER] -75.634  P_det_soft 0.2011  (200s)
  step 2100  JSR  -16.8  loss 10.0076  logE[BER] -5.679  P_det_soft 0.4329  (203s)
  step 2125  JSR  -36.1  loss 92.3381  logE[BER] -90.220  P_det_soft 0.2119  (205s)
  step 2150  JSR  -13.3  loss 13.4900  logE[BER] -5.457  P_det_soft 0.8033  (207s)
  step 2175  JSR  -35.0  loss 87.5516  logE[BER] -85.739  P_det_soft 0.1813  (210s)
  step 2200  JSR  -17.9  loss 11.0566  logE[BER] -6.307  P_det_soft 0.4750  (212s)
  step 2225  JSR  -25.8  loss 23.5293  logE[BER] -21.606  P_det_soft 0.1923  (215s)
  step 2250  JSR  -31.7  loss 65.2012  logE[BER] -64.049  P_det_soft 0.1153  (217s)
  step 2275  JSR  -17.5  loss 9.8262  logE[BER] -5.902  P_det_soft 0.3924  (219s)
  step 2300  JSR  -26.7  loss 34.1452  logE[BER] -32.490  P_det_soft 0.1655  (222s)
  step 2325  JSR  -21.5  loss 8.9933  logE[BER] -6.636  P_det_soft 0.2357  (224s)
  step 2350  JSR  -11.5  loss 14.9455  logE[BER] -5.510  P_det_soft 0.9435  (227s)
  step 2375  JSR  -34.2  loss 82.3086  logE[BER] -81.034  P_det_soft 0.1275  (229s)
  step 2400  JSR   -9.2  loss 15.0101  logE[BER] -5.152  P_det_soft 0.9858  (231s)
  step 2425  JSR  -37.2  loss 96.3873  logE[BER] -94.931  P_det_soft 0.1456  (234s)
  step 2450  JSR  -25.2  loss 20.6604  logE[BER] -19.270  P_det_soft 0.1390  (236s)
  step 2475  JSR  -15.0  loss 12.1534  logE[BER] -6.292  P_det_soft 0.5862  (239s)
  step 2500  JSR  -36.0  loss 92.0520  logE[BER] -90.657  P_det_soft 0.1395  (241s)
  step 2525  JSR  -31.9  loss 70.6602  logE[BER] -69.264  P_det_soft 0.1396  (243s)
  step 2550  JSR  -14.3  loss 12.2573  logE[BER] -5.644  P_det_soft 0.6613  (246s)
  step 2575  JSR   -8.7  loss 14.9378  logE[BER] -5.085  P_det_soft 0.9853  (248s)
  step 2600  JSR  -27.8  loss 37.7240  logE[BER] -36.172  P_det_soft 0.1552  (251s)
  step 2625  JSR  -34.6  loss 88.0961  logE[BER] -86.072  P_det_soft 0.2024  (253s)
  step 2650  JSR  -25.4  loss 23.6680  logE[BER] -21.888  P_det_soft 0.1780  (255s)
  step 2675  JSR  -10.4  loss 15.0715  logE[BER] -5.344  P_det_soft 0.9728  (258s)
  step 2700  JSR  -17.7  loss 9.6836  logE[BER] -6.004  P_det_soft 0.3680  (260s)
  step 2725  JSR  -22.8  loss 13.2016  logE[BER] -11.038  P_det_soft 0.2164  (263s)
  step 2750  JSR   -8.1  loss 15.1350  logE[BER] -5.186  P_det_soft 0.9949  (265s)
  step 2775  JSR  -20.3  loss 9.8910  logE[BER] -7.229  P_det_soft 0.2662  (267s)
  step 2800  JSR  -28.1  loss 37.9702  logE[BER] -36.447  P_det_soft 0.1524  (270s)
  step 2825  JSR  -18.8  loss 10.8379  logE[BER] -6.320  P_det_soft 0.4518  (272s)
  step 2850  JSR  -14.8  loss 11.9283  logE[BER] -5.690  P_det_soft 0.6238  (275s)
  step 2875  JSR  -20.5  loss 9.4834  logE[BER] -7.259  P_det_soft 0.2224  (277s)
  step 2900  JSR   -8.8  loss 15.2109  logE[BER] -5.273  P_det_soft 0.9938  (279s)
  step 2925  JSR  -24.1  loss 13.9261  logE[BER] -12.539  P_det_soft 0.1387  (282s)
  step 2950  JSR  -12.5  loss 14.8177  logE[BER] -5.603  P_det_soft 0.9215  (284s)
  step 2975  JSR  -19.3  loss 9.1592  logE[BER] -6.427  P_det_soft 0.2732  (287s)
  step 3000  JSR  -34.8  loss 82.5531  logE[BER] -81.490  P_det_soft 0.1064  (289s)
  step 3025  JSR  -25.6  loss 20.5720  logE[BER] -18.842  P_det_soft 0.1730  (291s)
  step 3050  JSR  -17.5  loss 8.9562  logE[BER] -5.935  P_det_soft 0.3021  (294s)
  step 3075  JSR   -8.9  loss 15.2388  logE[BER] -5.382  P_det_soft 0.9857  (296s)
  step 3100  JSR  -27.3  loss 32.9332  logE[BER] -31.877  P_det_soft 0.1056  (299s)
  step 3125  JSR  -25.0  loss 22.2920  logE[BER] -20.641  P_det_soft 0.1651  (301s)
  step 3150  JSR  -15.6  loss 10.1716  logE[BER] -5.801  P_det_soft 0.4371  (303s)
  step 3175  JSR  -12.8  loss 13.6097  logE[BER] -5.637  P_det_soft 0.7973  (306s)
  step 3200  JSR   -8.6  loss 15.1727  logE[BER] -5.276  P_det_soft 0.9897  (308s)
  step 3225  JSR  -32.6  loss 73.8606  logE[BER] -72.561  P_det_soft 0.1300  (311s)
  step 3250  JSR  -10.5  loss 15.0724  logE[BER] -5.382  P_det_soft 0.9691  (313s)
  step 3275  JSR  -10.4  loss 15.0448  logE[BER] -5.470  P_det_soft 0.9575  (315s)
  step 3300  JSR   -8.9  loss 15.3419  logE[BER] -5.396  P_det_soft 0.9945  (318s)
  step 3325  JSR  -35.5  loss 88.6551  logE[BER] -87.220  P_det_soft 0.1435  (320s)
  step 3350  JSR  -16.8  loss 9.9422  logE[BER] -6.065  P_det_soft 0.3878  (323s)
  step 3375  JSR  -17.4  loss 11.4525  logE[BER] -5.965  P_det_soft 0.5487  (325s)
  step 3400  JSR  -26.3  loss 25.0741  logE[BER] -23.045  P_det_soft 0.2029  (327s)
  step 3425  JSR  -24.7  loss 16.0514  logE[BER] -14.808  P_det_soft 0.1244  (330s)
  step 3450  JSR   -8.8  loss 15.3444  logE[BER] -5.422  P_det_soft 0.9922  (332s)
  step 3475  JSR  -33.7  loss 78.1205  logE[BER] -76.558  P_det_soft 0.1562  (335s)
  step 3500  JSR  -30.4  loss 57.7320  logE[BER] -56.182  P_det_soft 0.1550  (337s)
  step 3525  JSR  -34.0  loss 77.0531  logE[BER] -75.879  P_det_soft 0.1174  (339s)
  step 3550  JSR  -37.6  loss 98.8195  logE[BER] -97.298  P_det_soft 0.1522  (342s)
  step 3575  JSR  -23.8  loss 13.2206  logE[BER] -11.534  P_det_soft 0.1687  (344s)
  step 3600  JSR  -12.9  loss 12.8450  logE[BER] -5.455  P_det_soft 0.7390  (347s)
  step 3625  JSR   -8.9  loss 15.1721  logE[BER] -5.236  P_det_soft 0.9936  (349s)
  step 3650  JSR  -24.1  loss 16.0981  logE[BER] -14.024  P_det_soft 0.2075  (351s)
  step 3675  JSR   -7.8  loss 15.4133  logE[BER] -5.443  P_det_soft 0.9970  (354s)
  step 3700  JSR  -15.4  loss 10.2509  logE[BER] -5.544  P_det_soft 0.4707  (356s)
  step 3725  JSR  -36.4  loss 91.2546  logE[BER] -89.812  P_det_soft 0.1443  (359s)
  step 3750  JSR  -19.2  loss 9.8568  logE[BER] -6.694  P_det_soft 0.3163  (361s)
  step 3775  JSR  -30.5  loss 57.1692  logE[BER] -55.363  P_det_soft 0.1806  (363s)
  step 3800  JSR   -8.1  loss 15.2361  logE[BER] -5.278  P_det_soft 0.9958  (366s)
  step 3825  JSR  -29.7  loss 51.1635  logE[BER] -49.762  P_det_soft 0.1401  (368s)
  step 3850  JSR  -22.8  loss 10.4608  logE[BER] -8.568  P_det_soft 0.1893  (371s)
  step 3875  JSR  -26.6  loss 26.6034  logE[BER] -24.836  P_det_soft 0.1767  (373s)
  step 3900  JSR  -37.8  loss 98.0704  logE[BER] -96.560  P_det_soft 0.1511  (375s)
  step 3925  JSR  -15.6  loss 11.2384  logE[BER] -5.926  P_det_soft 0.5313  (378s)
  step 3950  JSR  -18.0  loss 8.8659  logE[BER] -6.166  P_det_soft 0.2700  (380s)
  step 3975  JSR  -29.9  loss 52.1994  logE[BER] -50.770  P_det_soft 0.1429  (383s)
  step 3999  JSR   -8.8  loss 15.1473  logE[BER] -5.247  P_det_soft 0.9901  (385s)
wrote gan/cnn_b10_r1_G.pt, gan/cnn_b10_r1.json in 391s
