node: tikgpu05.ee.ethz.ch | gpu: NVIDIA TITAN RTX
env base = {'noise_unc_db': 0.0, 'rician_k_db': None} | task cnn_li_r2 = {'target': 'spec_cnn', 'beta': 10.0, 'cgan_task': 14, 'damage': 'per', 'band': (-10.0, 0.0), 'init': 'cnn_b10'} | seed 6014 | band (-10.0, 0.0) | 32 frames/step | 4000 steps | init ../artifacts/final/base/gan/cnn_b10_r2_G.pt | damage per | device cuda:0
  target spec_cnn: threshold -2.00681, clean-frame std 1.19308 (soft_pdet width)
  step    0  JSR   -1.4  loss 10.0735  logE[PER] -0.098  P_det_soft 0.9975  (1s)
  step   25  JSR   -5.5  loss 10.0431  logE[PER] -0.065  P_det_soft 0.9979  (3s)
  step   50  JSR   -1.0  loss 10.0269  logE[PER] -0.065  P_det_soft 0.9962  (5s)
  step   75  JSR   -0.1  loss 9.9607  logE[PER] -0.000  P_det_soft 0.9960  (7s)
  step  100  JSR   -7.5  loss 10.0207  logE[PER] -0.073  P_det_soft 0.9948  (10s)
  step  125  JSR   -9.4  loss 10.1186  logE[PER] -0.213  P_det_soft 0.9906  (12s)
  step  150  JSR   -9.4  loss 10.1541  logE[PER] -0.248  P_det_soft 0.9906  (14s)
  step  175  JSR   -5.2  loss 9.8894  logE[PER] -0.034  P_det_soft 0.9856  (17s)
  step  200  JSR   -0.4  loss 9.8666  logE[PER] -0.000  P_det_soft 0.9866  (19s)
  step  225  JSR   -9.9  loss 10.0176  logE[PER] -0.256  P_det_soft 0.9761  (21s)
  step  250  JSR   -9.8  loss 10.0289  logE[PER] -0.348  P_det_soft 0.9681  (24s)
  step  275  JSR   -2.5  loss 9.5603  logE[PER] -0.029  P_det_soft 0.9531  (26s)
  step  300  JSR   -8.8  loss 9.9437  logE[PER] -0.401  P_det_soft 0.9543  (28s)
  step  325  JSR   -4.5  loss 9.0038  logE[PER] -0.102  P_det_soft 0.8902  (30s)
  step  350  JSR   -6.8  loss 8.7459  logE[PER] -0.401  P_det_soft 0.8345  (33s)
  step  375  JSR   -3.0  loss 4.9700  logE[PER] -0.062  P_det_soft 0.4908  (35s)
  step  400  JSR   -8.5  loss 9.9804  logE[PER] -1.237  P_det_soft 0.8743  (37s)
  step  425  JSR   -9.7  loss 12.1643  logE[PER] -3.105  P_det_soft 0.9059  (40s)
  step  450  JSR   -8.7  loss 8.9344  logE[PER] -0.603  P_det_soft 0.8331  (42s)
  step  475  JSR   -3.8  loss 3.0424  logE[PER] -0.190  P_det_soft 0.2853  (44s)
  step  500  JSR   -5.8  loss 5.3251  logE[PER] -0.763  P_det_soft 0.4562  (47s)
  step  525  JSR   -8.2  loss 8.1656  logE[PER] -1.100  P_det_soft 0.7066  (49s)
  step  550  JSR   -1.9  loss 2.0300  logE[PER] -0.150  P_det_soft 0.1880  (51s)
  step  575  JSR   -9.9  loss 10.1461  logE[PER] -1.751  P_det_soft 0.8395  (54s)
  step  600  JSR   -2.1  loss 1.8588  logE[PER] -0.077  P_det_soft 0.1782  (56s)
  step  625  JSR   -8.1  loss 7.2818  logE[PER] -0.925  P_det_soft 0.6357  (58s)
  step  650  JSR   -7.4  loss 6.4229  logE[PER] -0.638  P_det_soft 0.5785  (61s)
  step  675  JSR   -3.6  loss 2.0763  logE[PER] -0.175  P_det_soft 0.1902  (63s)
  step  700  JSR   -3.1  loss 2.3485  logE[PER] -0.096  P_det_soft 0.2252  (65s)
  step  725  JSR   -1.5  loss 1.7059  logE[PER] -0.091  P_det_soft 0.1614  (67s)
  step  750  JSR   -2.9  loss 2.2426  logE[PER] -0.298  P_det_soft 0.1944  (70s)
  step  775  JSR   -3.6  loss 1.7206  logE[PER] -0.119  P_det_soft 0.1601  (72s)
  step  800  JSR   -4.1  loss 1.6574  logE[PER] -0.102  P_det_soft 0.1555  (74s)
  step  825  JSR   -1.9  loss 1.7844  logE[PER] -0.217  P_det_soft 0.1567  (77s)
  step  850  JSR   -4.1  loss 1.9300  logE[PER] -0.207  P_det_soft 0.1723  (79s)
  step  875  JSR   -4.8  loss 2.1920  logE[PER] -0.334  P_det_soft 0.1858  (81s)
  step  900  JSR   -6.3  loss 3.7414  logE[PER] -0.350  P_det_soft 0.3391  (84s)
  step  925  JSR   -0.1  loss 2.3020  logE[PER] -0.124  P_det_soft 0.2178  (86s)
  step  950  JSR   -8.6  loss 7.7522  logE[PER] -1.105  P_det_soft 0.6648  (88s)
  step  975  JSR   -2.0  loss 1.8388  logE[PER] -0.198  P_det_soft 0.1641  (91s)
  step 1000  JSR   -8.7  loss 8.9176  logE[PER] -1.935  P_det_soft 0.6982  (93s)
  step 1025  JSR   -8.3  loss 7.9891  logE[PER] -0.909  P_det_soft 0.7081  (95s)
  step 1050  JSR   -6.1  loss 3.4075  logE[PER] -0.372  P_det_soft 0.3036  (98s)
  step 1075  JSR   -5.9  loss 2.9789  logE[PER] -0.319  P_det_soft 0.2660  (100s)
  step 1100  JSR   -9.6  loss 9.7103  logE[PER] -2.064  P_det_soft 0.7646  (102s)
  step 1125  JSR   -7.0  loss 4.2985  logE[PER] -0.765  P_det_soft 0.3534  (105s)
  step 1150  JSR   -3.4  loss 1.2571  logE[PER] -0.290  P_det_soft 0.0967  (107s)
  step 1175  JSR   -4.2  loss 1.7993  logE[PER] -0.326  P_det_soft 0.1473  (109s)
  step 1200  JSR   -3.1  loss 1.3026  logE[PER] -0.148  P_det_soft 0.1154  (112s)
  step 1225  JSR   -3.9  loss 1.5445  logE[PER] -0.172  P_det_soft 0.1373  (114s)
  step 1250  JSR   -2.7  loss 1.1526  logE[PER] -0.100  P_det_soft 0.1052  (116s)
  step 1275  JSR   -0.6  loss 1.4516  logE[PER] -0.134  P_det_soft 0.1318  (119s)
  step 1300  JSR   -7.3  loss 4.2863  logE[PER] -0.492  P_det_soft 0.3794  (121s)
  step 1325  JSR   -1.6  loss 1.1980  logE[PER] -0.158  P_det_soft 0.1040  (123s)
  step 1350  JSR   -3.1  loss 1.2372  logE[PER] -0.102  P_det_soft 0.1135  (126s)
  step 1375  JSR   -8.5  loss 6.2670  logE[PER] -0.671  P_det_soft 0.5596  (128s)
  step 1400  JSR   -1.0  loss 1.4549  logE[PER] -0.254  P_det_soft 0.1200  (130s)
  step 1425  JSR   -0.3  loss 1.6335  logE[PER] -0.155  P_det_soft 0.1479  (133s)
  step 1450  JSR   -1.2  loss 1.9468  logE[PER] -0.141  P_det_soft 0.1806  (135s)
  step 1475  JSR   -5.6  loss 2.4175  logE[PER] -0.345  P_det_soft 0.2072  (137s)
  step 1500  JSR   -2.9  loss 1.4475  logE[PER] -0.204  P_det_soft 0.1244  (140s)
  step 1525  JSR   -8.3  loss 6.3300  logE[PER] -1.000  P_det_soft 0.5330  (142s)
  step 1550  JSR   -0.4  loss 2.1535  logE[PER] -0.098  P_det_soft 0.2055  (144s)
  step 1575  JSR   -4.0  loss 1.6065  logE[PER] -0.140  P_det_soft 0.1466  (147s)
  step 1600  JSR   -5.7  loss 2.9749  logE[PER] -0.352  P_det_soft 0.2623  (149s)
  step 1625  JSR   -3.8  loss 1.3070  logE[PER] -0.308  P_det_soft 0.0999  (151s)
  step 1650  JSR   -4.1  loss 1.2077  logE[PER] -0.247  P_det_soft 0.0960  (154s)
  step 1675  JSR   -7.5  loss 4.7030  logE[PER] -0.530  P_det_soft 0.4173  (156s)
  step 1700  JSR   -8.5  loss 7.0168  logE[PER] -1.164  P_det_soft 0.5853  (158s)
  step 1725  JSR   -4.3  loss 1.6307  logE[PER] -0.228  P_det_soft 0.1403  (161s)
  step 1750  JSR   -2.5  loss 1.0955  logE[PER] -0.132  P_det_soft 0.0963  (163s)
  step 1775  JSR   -9.6  loss 8.9431  logE[PER] -1.917  P_det_soft 0.7026  (165s)
  step 1800  JSR   -9.1  loss 7.7770  logE[PER] -1.267  P_det_soft 0.6510  (168s)
  step 1825  JSR   -2.7  loss 1.3400  logE[PER] -0.208  P_det_soft 0.1132  (170s)
  step 1850  JSR   -2.1  loss 1.9773  logE[PER] -0.305  P_det_soft 0.1673  (172s)
  step 1875  JSR   -2.8  loss 1.0614  logE[PER] -0.079  P_det_soft 0.0983  (175s)
  step 1900  JSR   -4.2  loss 1.7351  logE[PER] -0.352  P_det_soft 0.1383  (177s)
  step 1925  JSR   -2.3  loss 1.2720  logE[PER] -0.071  P_det_soft 0.1201  (179s)
  step 1950  JSR   -2.0  loss 1.3026  logE[PER] -0.122  P_det_soft 0.1181  (182s)
  step 1975  JSR   -7.2  loss 3.8172  logE[PER] -0.548  P_det_soft 0.3269  (184s)
  step 2000  JSR   -7.8  loss 5.2516  logE[PER] -0.682  P_det_soft 0.4570  (186s)
  step 2025  JSR   -2.8  loss 0.9636  logE[PER] -0.129  P_det_soft 0.0835  (189s)
  step 2050  JSR   -5.5  loss 2.0680  logE[PER] -0.195  P_det_soft 0.1873  (191s)
  step 2075  JSR   -3.0  loss 1.0480  logE[PER] -0.130  P_det_soft 0.0917  (193s)
  step 2100  JSR   -8.3  loss 6.7230  logE[PER] -1.169  P_det_soft 0.5554  (196s)
  step 2125  JSR   -7.4  loss 4.5372  logE[PER] -0.590  P_det_soft 0.3947  (198s)
  step 2150  JSR   -1.3  loss 1.3150  logE[PER] -0.055  P_det_soft 0.1260  (200s)
  step 2175  JSR   -5.1  loss 1.6897  logE[PER] -0.369  P_det_soft 0.1321  (203s)
  step 2200  JSR   -4.8  loss 1.6249  logE[PER] -0.232  P_det_soft 0.1393  (205s)
  step 2225  JSR   -5.8  loss 2.1468  logE[PER] -0.375  P_det_soft 0.1771  (207s)
  step 2250  JSR   -0.8  loss 1.5696  logE[PER] -0.126  P_det_soft 0.1443  (210s)
  step 2275  JSR   -9.6  loss 9.5312  logE[PER] -2.328  P_det_soft 0.7203  (212s)
  step 2300  JSR   -8.4  loss 6.2117  logE[PER] -0.789  P_det_soft 0.5423  (215s)
  step 2325  JSR   -8.2  loss 5.6212  logE[PER] -0.678  P_det_soft 0.4943  (217s)
  step 2350  JSR   -7.0  loss 3.4175  logE[PER] -0.472  P_det_soft 0.2946  (219s)
  step 2375  JSR   -4.9  loss 1.9378  logE[PER] -0.401  P_det_soft 0.1537  (222s)
  step 2400  JSR   -2.3  loss 1.1857  logE[PER] -0.000  P_det_soft 0.1186  (224s)
  step 2425  JSR   -0.6  loss 1.8587  logE[PER] -0.065  P_det_soft 0.1794  (226s)
  step 2450  JSR   -0.2  loss 1.6672  logE[PER] -0.170  P_det_soft 0.1497  (229s)
  step 2475  JSR   -0.1  loss 2.1489  logE[PER] -0.065  P_det_soft 0.2084  (231s)
  step 2500  JSR   -0.4  loss 2.0249  logE[PER] -0.123  P_det_soft 0.1901  (233s)
  step 2525  JSR   -7.3  loss 4.0097  logE[PER] -0.522  P_det_soft 0.3488  (236s)
  step 2550  JSR   -6.2  loss 2.6028  logE[PER] -0.360  P_det_soft 0.2243  (238s)
  step 2575  JSR   -4.0  loss 1.2734  logE[PER] -0.211  P_det_soft 0.1062  (240s)
  step 2600  JSR   -8.1  loss 5.8927  logE[PER] -0.796  P_det_soft 0.5096  (243s)
  step 2625  JSR   -0.7  loss 1.7201  logE[PER] -0.035  P_det_soft 0.1686  (245s)
  step 2650  JSR   -9.9  loss 9.7728  logE[PER] -2.282  P_det_soft 0.7491  (248s)
  step 2675  JSR   -5.2  loss 1.8915  logE[PER] -0.343  P_det_soft 0.1548  (250s)
  step 2700  JSR   -9.3  loss 8.8539  logE[PER] -2.435  P_det_soft 0.6419  (252s)
  step 2725  JSR   -8.2  loss 5.3706  logE[PER] -0.461  P_det_soft 0.4909  (255s)
  step 2750  JSR   -3.8  loss 1.3447  logE[PER] -0.145  P_det_soft 0.1199  (257s)
  step 2775  JSR   -6.8  loss 3.5948  logE[PER] -0.520  P_det_soft 0.3074  (259s)
  step 2800  JSR   -6.5  loss 3.0548  logE[PER] -0.319  P_det_soft 0.2735  (262s)
  step 2825  JSR   -5.3  loss 2.2453  logE[PER] -0.495  P_det_soft 0.1750  (264s)
  step 2850  JSR   -7.5  loss 3.8125  logE[PER] -0.954  P_det_soft 0.2859  (266s)
  step 2875  JSR   -1.1  loss 1.0550  logE[PER] -0.035  P_det_soft 0.1020  (269s)
  step 2900  JSR   -6.6  loss 2.8958  logE[PER] -0.434  P_det_soft 0.2462  (271s)
  step 2925  JSR   -8.9  loss 6.9787  logE[PER] -1.116  P_det_soft 0.5863  (274s)
  step 2950  JSR   -0.2  loss 2.0247  logE[PER] -0.184  P_det_soft 0.1840  (276s)
  step 2975  JSR   -9.0  loss 6.7257  logE[PER] -1.412  P_det_soft 0.5313  (278s)
  step 3000  JSR   -1.6  loss 1.3332  logE[PER] -0.161  P_det_soft 0.1172  (281s)
  step 3025  JSR   -2.3  loss 1.3190  logE[PER] -0.136  P_det_soft 0.1183  (283s)
  step 3050  JSR   -3.6  loss 1.1420  logE[PER] -0.099  P_det_soft 0.1043  (285s)
  step 3075  JSR   -2.2  loss 0.9334  logE[PER] -0.041  P_det_soft 0.0892  (288s)
  step 3100  JSR   -5.9  loss 2.1771  logE[PER] -0.432  P_det_soft 0.1745  (290s)
  step 3125  JSR   -1.2  loss 1.1190  logE[PER] -0.173  P_det_soft 0.0946  (293s)
  step 3150  JSR   -7.8  loss 5.2277  logE[PER] -1.115  P_det_soft 0.4113  (295s)
  step 3175  JSR   -3.0  loss 1.1724  logE[PER] -0.140  P_det_soft 0.1032  (297s)
  step 3200  JSR   -8.1  loss 6.0841  logE[PER] -0.562  P_det_soft 0.5522  (300s)
  step 3225  JSR   -5.3  loss 1.7376  logE[PER] -0.304  P_det_soft 0.1434  (302s)
  step 3250  JSR   -0.4  loss 2.0544  logE[PER] -0.208  P_det_soft 0.1847  (304s)
  step 3275  JSR  -10.0  loss 8.5448  logE[PER] -2.076  P_det_soft 0.6469  (307s)
  step 3300  JSR   -8.8  loss 6.4293  logE[PER] -1.179  P_det_soft 0.5250  (309s)
  step 3325  JSR   -6.6  loss 3.3969  logE[PER] -0.525  P_det_soft 0.2871  (312s)
  step 3350  JSR   -5.4  loss 1.8947  logE[PER] -0.225  P_det_soft 0.1670  (314s)
  step 3375  JSR   -3.4  loss 1.0755  logE[PER] -0.237  P_det_soft 0.0839  (316s)
  step 3400  JSR   -3.1  loss 0.9481  logE[PER] -0.127  P_det_soft 0.0821  (319s)
  step 3425  JSR   -4.3  loss 1.4988  logE[PER] -0.255  P_det_soft 0.1244  (321s)
  step 3450  JSR   -3.7  loss 1.0767  logE[PER] -0.171  P_det_soft 0.0906  (323s)
  step 3475  JSR   -4.2  loss 1.2991  logE[PER] -0.222  P_det_soft 0.1077  (326s)
  step 3500  JSR   -4.1  loss 1.2490  logE[PER] -0.227  P_det_soft 0.1022  (328s)
  step 3525  JSR   -0.1  loss 1.9709  logE[PER] -0.161  P_det_soft 0.1809  (331s)
  step 3550  JSR   -7.5  loss 3.4181  logE[PER] -0.409  P_det_soft 0.3009  (333s)
  step 3575  JSR   -3.2  loss 0.9510  logE[PER] -0.112  P_det_soft 0.0839  (335s)
  step 3600  JSR   -1.2  loss 0.9389  logE[PER] -0.092  P_det_soft 0.0847  (338s)
  step 3625  JSR   -5.8  loss 2.1952  logE[PER] -0.268  P_det_soft 0.1927  (340s)
  step 3650  JSR   -8.5  loss 5.6283  logE[PER] -0.876  P_det_soft 0.4752  (342s)
  step 3675  JSR   -2.7  loss 1.1281  logE[PER] -0.240  P_det_soft 0.0888  (345s)
  step 3700  JSR   -3.4  loss 0.9543  logE[PER] -0.063  P_det_soft 0.0891  (347s)
  step 3725  JSR   -5.4  loss 1.4254  logE[PER] -0.150  P_det_soft 0.1276  (349s)
  step 3750  JSR   -0.1  loss 1.6422  logE[PER] -0.053  P_det_soft 0.1589  (352s)
  step 3775  JSR   -7.0  loss 3.0953  logE[PER] -0.793  P_det_soft 0.2302  (354s)
  step 3800  JSR   -9.6  loss 8.8308  logE[PER] -2.091  P_det_soft 0.6740  (357s)
  step 3825  JSR   -8.8  loss 6.0962  logE[PER] -0.620  P_det_soft 0.5476  (359s)
  step 3850  JSR   -1.0  loss 1.4140  logE[PER] -0.133  P_det_soft 0.1281  (361s)
  step 3875  JSR   -4.2  loss 1.4117  logE[PER] -0.286  P_det_soft 0.1125  (364s)
  step 3900  JSR   -2.1  loss 0.9257  logE[PER] -0.170  P_det_soft 0.0756  (366s)
  step 3925  JSR   -8.0  loss 4.7408  logE[PER] -0.933  P_det_soft 0.3808  (368s)
  step 3950  JSR   -6.0  loss 2.0459  logE[PER] -0.472  P_det_soft 0.1574  (371s)
  step 3975  JSR   -5.3  loss 1.4896  logE[PER] -0.189  P_det_soft 0.1300  (373s)
  step 3999  JSR   -9.6  loss 7.8614  logE[PER] -1.609  P_det_soft 0.6252  (376s)
wrote gan/cnn_li_r2_G.pt, gan/cnn_li_r2.json in 382s
