node: tikgpu05.ee.ethz.ch | gpu: NVIDIA TITAN RTX
env noise = {'noise_unc_db': 0.5, 'rician_k_db': None} | task control_r0 = {'target': None, 'beta': 0.0, 'cgan_task': 0} | seed 4000 | band (-32.0, 0.0) | 128 frames/step | 4000 steps | device cuda:0
  step    0  JSR  -20.6  loss 86.4919  logE[BER] -86.492  P_det_soft 0.0000  (1s)
  step   25  JSR  -30.4  loss 86.5358  logE[BER] -86.536  P_det_soft 0.0000  (1s)
  step   50  JSR   -4.2  loss 5.2785  logE[BER] -5.279  P_det_soft 0.0000  (2s)
  step   75  JSR  -15.4  loss 14.3464  logE[BER] -14.346  P_det_soft 0.0000  (3s)
  step  100  JSR   -5.6  loss 5.4316  logE[BER] -5.432  P_det_soft 0.0000  (3s)
  step  125  JSR  -24.5  loss 66.2129  logE[BER] -66.213  P_det_soft 0.0000  (4s)
  step  150  JSR   -1.5  loss 4.4581  logE[BER] -4.458  P_det_soft 0.0000  (4s)
  step  175  JSR  -19.0  loss 24.4855  logE[BER] -24.486  P_det_soft 0.0000  (5s)
  step  200  JSR  -14.9  loss 10.8735  logE[BER] -10.873  P_det_soft 0.0000  (5s)
  step  225  JSR  -30.6  loss 89.5228  logE[BER] -89.523  P_det_soft 0.0000  (6s)
  step  250  JSR   -2.5  loss 4.8980  logE[BER] -4.898  P_det_soft 0.0000  (6s)
  step  275  JSR   -9.9  loss 7.2016  logE[BER] -7.202  P_det_soft 0.0000  (7s)
  step  300  JSR  -21.7  loss 37.6090  logE[BER] -37.609  P_det_soft 0.0000  (8s)
  step  325  JSR  -22.6  loss 56.9381  logE[BER] -56.938  P_det_soft 0.0000  (8s)
  step  350  JSR  -18.3  loss 18.0323  logE[BER] -18.032  P_det_soft 0.0000  (9s)
  step  375  JSR  -19.2  loss 17.0633  logE[BER] -17.063  P_det_soft 0.0000  (9s)
  step  400  JSR  -29.0  loss 72.0023  logE[BER] -72.002  P_det_soft 0.0000  (10s)
  step  425  JSR  -20.5  loss 45.5367  logE[BER] -45.537  P_det_soft 0.0000  (10s)
  step  450  JSR   -8.9  loss 5.2984  logE[BER] -5.298  P_det_soft 0.0000  (11s)
  step  475  JSR  -27.8  loss 61.6950  logE[BER] -61.695  P_det_soft 0.0000  (11s)
  step  500  JSR  -19.0  loss 24.4810  logE[BER] -24.481  P_det_soft 0.0000  (12s)
  step  525  JSR  -21.3  loss 24.3904  logE[BER] -24.390  P_det_soft 0.0000  (12s)
  step  550  JSR   -1.6  loss 4.4072  logE[BER] -4.407  P_det_soft 0.0000  (13s)
  step  575  JSR  -22.9  loss 38.5049  logE[BER] -38.505  P_det_soft 0.0000  (14s)
  step  600  JSR  -22.2  loss 36.2365  logE[BER] -36.236  P_det_soft 0.0000  (14s)
  step  625  JSR  -28.3  loss 66.3823  logE[BER] -66.382  P_det_soft 0.0000  (15s)
  step  650  JSR  -13.0  loss 6.0955  logE[BER] -6.095  P_det_soft 0.0000  (15s)
  step  675  JSR  -10.0  loss 5.6174  logE[BER] -5.617  P_det_soft 0.0000  (16s)
  step  700  JSR  -14.0  loss 6.6122  logE[BER] -6.612  P_det_soft 0.0000  (16s)
  step  725  JSR   -6.7  loss 4.8533  logE[BER] -4.853  P_det_soft 0.0000  (17s)
  step  750  JSR   -9.1  loss 5.5813  logE[BER] -5.581  P_det_soft 0.0000  (17s)
  step  775  JSR  -12.7  loss 7.0425  logE[BER] -7.042  P_det_soft 0.0000  (18s)
  step  800  JSR  -26.9  loss 57.8721  logE[BER] -57.872  P_det_soft 0.0000  (18s)
  step  825  JSR  -30.8  loss 86.6176  logE[BER] -86.618  P_det_soft 0.0000  (19s)
  step  850  JSR  -28.3  loss 70.7395  logE[BER] -70.740  P_det_soft 0.0000  (20s)
  step  875  JSR  -25.1  loss 38.2524  logE[BER] -38.252  P_det_soft 0.0000  (20s)
  step  900  JSR  -30.5  loss 75.3399  logE[BER] -75.340  P_det_soft 0.0000  (21s)
  step  925  JSR   -2.8  loss 4.4148  logE[BER] -4.415  P_det_soft 0.0000  (21s)
  step  950  JSR   -8.2  loss 5.1147  logE[BER] -5.115  P_det_soft 0.0000  (22s)
  step  975  JSR  -11.8  loss 5.5644  logE[BER] -5.564  P_det_soft 0.0000  (22s)
  step 1000  JSR   -0.2  loss 4.3458  logE[BER] -4.346  P_det_soft 0.0000  (23s)
  step 1025  JSR  -24.4  loss 36.3402  logE[BER] -36.340  P_det_soft 0.0000  (23s)
  step 1050  JSR  -14.6  loss 6.9109  logE[BER] -6.911  P_det_soft 0.0000  (24s)
  step 1075  JSR  -29.0  loss 68.9605  logE[BER] -68.960  P_det_soft 0.0000  (25s)
  step 1100  JSR  -16.3  loss 6.4723  logE[BER] -6.472  P_det_soft 0.0000  (25s)
  step 1125  JSR   -0.8  loss 4.3744  logE[BER] -4.374  P_det_soft 0.0000  (26s)
  step 1150  JSR   -3.6  loss 4.8408  logE[BER] -4.841  P_det_soft 0.0000  (26s)
  step 1175  JSR  -23.7  loss 28.6348  logE[BER] -28.635  P_det_soft 0.0000  (27s)
  step 1200  JSR  -24.5  loss 36.1765  logE[BER] -36.176  P_det_soft 0.0000  (27s)
  step 1225  JSR   -5.2  loss 4.6253  logE[BER] -4.625  P_det_soft 0.0000  (28s)
  step 1250  JSR   -4.6  loss 4.7461  logE[BER] -4.746  P_det_soft 0.0000  (28s)
  step 1275  JSR   -5.8  loss 4.9456  logE[BER] -4.946  P_det_soft 0.0000  (29s)
  step 1300  JSR   -0.8  loss 4.2459  logE[BER] -4.246  P_det_soft 0.0000  (29s)
  step 1325  JSR   -2.6  loss 4.3587  logE[BER] -4.359  P_det_soft 0.0000  (30s)
  step 1350  JSR   -8.1  loss 5.2345  logE[BER] -5.234  P_det_soft 0.0000  (31s)
  step 1375  JSR   -0.8  loss 4.5975  logE[BER] -4.598  P_det_soft 0.0000  (31s)
  step 1400  JSR  -13.3  loss 6.0281  logE[BER] -6.028  P_det_soft 0.0000  (32s)
  step 1425  JSR   -1.9  loss 4.7154  logE[BER] -4.715  P_det_soft 0.0000  (32s)
  step 1450  JSR  -23.2  loss 13.8609  logE[BER] -13.861  P_det_soft 0.0000  (33s)
  step 1475  JSR  -16.2  loss 6.0823  logE[BER] -6.082  P_det_soft 0.0000  (33s)
  step 1500  JSR   -8.5  loss 5.4804  logE[BER] -5.480  P_det_soft 0.0000  (34s)
  step 1525  JSR  -18.5  loss 6.7228  logE[BER] -6.723  P_det_soft 0.0000  (34s)
  step 1550  JSR  -30.1  loss 60.6891  logE[BER] -60.689  P_det_soft 0.0000  (35s)
  step 1575  JSR  -11.2  loss 5.4622  logE[BER] -5.462  P_det_soft 0.0000  (35s)
  step 1600  JSR   -8.5  loss 5.1591  logE[BER] -5.159  P_det_soft 0.0000  (36s)
  step 1625  JSR  -22.0  loss 8.5657  logE[BER] -8.566  P_det_soft 0.0000  (37s)
  step 1650  JSR  -30.1  loss 53.5820  logE[BER] -53.582  P_det_soft 0.0000  (37s)
  step 1675  JSR  -10.0  loss 5.1843  logE[BER] -5.184  P_det_soft 0.0000  (38s)
  step 1700  JSR  -31.9  loss 58.7805  logE[BER] -58.780  P_det_soft 0.0000  (38s)
  step 1725  JSR   -8.0  loss 5.3067  logE[BER] -5.307  P_det_soft 0.0000  (39s)
  step 1750  JSR  -14.4  loss 5.9662  logE[BER] -5.966  P_det_soft 0.0000  (39s)
  step 1775  JSR   -2.8  loss 4.7036  logE[BER] -4.704  P_det_soft 0.0000  (40s)
  step 1800  JSR   -4.9  loss 5.0414  logE[BER] -5.041  P_det_soft 0.0000  (40s)
  step 1825  JSR  -24.9  loss 17.8032  logE[BER] -17.803  P_det_soft 0.0000  (41s)
  step 1850  JSR  -15.1  loss 5.7999  logE[BER] -5.800  P_det_soft 0.0000  (42s)
  step 1875  JSR   -5.5  loss 4.6881  logE[BER] -4.688  P_det_soft 0.0000  (42s)
  step 1900  JSR  -21.5  loss 7.2274  logE[BER] -7.227  P_det_soft 0.0000  (43s)
  step 1925  JSR  -15.2  loss 5.8252  logE[BER] -5.825  P_det_soft 0.0000  (43s)
  step 1950  JSR  -16.2  loss 5.8797  logE[BER] -5.880  P_det_soft 0.0000  (44s)
  step 1975  JSR  -10.8  loss 5.3767  logE[BER] -5.377  P_det_soft 0.0000  (44s)
  step 2000  JSR   -6.3  loss 4.8025  logE[BER] -4.803  P_det_soft 0.0000  (45s)
  step 2025  JSR   -1.8  loss 4.4843  logE[BER] -4.484  P_det_soft 0.0000  (45s)
  step 2050  JSR  -30.1  loss 49.0547  logE[BER] -49.055  P_det_soft 0.0000  (46s)
  step 2075  JSR  -28.1  loss 34.0753  logE[BER] -34.075  P_det_soft 0.0000  (46s)
  step 2100  JSR   -8.3  loss 5.1420  logE[BER] -5.142  P_det_soft 0.0000  (47s)
  step 2125  JSR  -17.6  loss 6.0722  logE[BER] -6.072  P_det_soft 0.0000  (48s)
  step 2150  JSR   -3.6  loss 4.7403  logE[BER] -4.740  P_det_soft 0.0000  (48s)
  step 2175  JSR  -29.3  loss 45.6316  logE[BER] -45.632  P_det_soft 0.0000  (49s)
  step 2200  JSR  -16.9  loss 5.8361  logE[BER] -5.836  P_det_soft 0.0000  (49s)
  step 2225  JSR   -3.0  loss 4.7480  logE[BER] -4.748  P_det_soft 0.0000  (50s)
  step 2250  JSR   -1.6  loss 4.5386  logE[BER] -4.539  P_det_soft 0.0000  (50s)
  step 2275  JSR  -30.9  loss 52.0458  logE[BER] -52.046  P_det_soft 0.0000  (51s)
  step 2300  JSR  -15.8  loss 5.7986  logE[BER] -5.799  P_det_soft 0.0000  (51s)
  step 2325  JSR  -17.4  loss 5.9909  logE[BER] -5.991  P_det_soft 0.0000  (52s)
  step 2350  JSR   -4.6  loss 4.8079  logE[BER] -4.808  P_det_soft 0.0000  (53s)
  step 2375  JSR   -1.1  loss 4.6313  logE[BER] -4.631  P_det_soft 0.0000  (53s)
  step 2400  JSR  -19.7  loss 6.3875  logE[BER] -6.387  P_det_soft 0.0000  (54s)
  step 2425  JSR   -2.9  loss 4.6801  logE[BER] -4.680  P_det_soft 0.0000  (54s)
  step 2450  JSR  -26.1  loss 20.1750  logE[BER] -20.175  P_det_soft 0.0000  (55s)
  step 2475  JSR   -3.1  loss 4.7284  logE[BER] -4.728  P_det_soft 0.0000  (55s)
  step 2500  JSR  -15.7  loss 5.8077  logE[BER] -5.808  P_det_soft 0.0000  (56s)
  step 2525  JSR  -15.1  loss 5.5401  logE[BER] -5.540  P_det_soft 0.0000  (56s)
  step 2550  JSR  -18.3  loss 6.0321  logE[BER] -6.032  P_det_soft 0.0000  (57s)
  step 2575  JSR  -28.4  loss 33.4570  logE[BER] -33.457  P_det_soft 0.0000  (57s)
  step 2600  JSR   -7.2  loss 5.1698  logE[BER] -5.170  P_det_soft 0.0000  (58s)
  step 2625  JSR  -13.6  loss 5.5784  logE[BER] -5.578  P_det_soft 0.0000  (59s)
  step 2650  JSR   -1.4  loss 4.6862  logE[BER] -4.686  P_det_soft 0.0000  (59s)
  step 2675  JSR  -19.5  loss 6.3762  logE[BER] -6.376  P_det_soft 0.0000  (60s)
  step 2700  JSR   -3.8  loss 4.7416  logE[BER] -4.742  P_det_soft 0.0000  (60s)
  step 2725  JSR   -6.6  loss 5.0202  logE[BER] -5.020  P_det_soft 0.0000  (61s)
  step 2750  JSR  -30.1  loss 45.7354  logE[BER] -45.735  P_det_soft 0.0000  (61s)
  step 2775  JSR  -18.5  loss 6.1345  logE[BER] -6.134  P_det_soft 0.0000  (62s)
  step 2800  JSR   -3.0  loss 4.7292  logE[BER] -4.729  P_det_soft 0.0000  (62s)
  step 2825  JSR  -26.6  loss 21.3859  logE[BER] -21.386  P_det_soft 0.0000  (63s)
  step 2850  JSR  -21.8  loss 7.2381  logE[BER] -7.238  P_det_soft 0.0000  (64s)
  step 2875  JSR   -0.7  loss 4.4261  logE[BER] -4.426  P_det_soft 0.0000  (64s)
  step 2900  JSR   -7.1  loss 4.9362  logE[BER] -4.936  P_det_soft 0.0000  (65s)
  step 2925  JSR  -22.4  loss 7.5416  logE[BER] -7.542  P_det_soft 0.0000  (65s)
  step 2950  JSR   -5.1  loss 4.7793  logE[BER] -4.779  P_det_soft 0.0000  (66s)
  step 2975  JSR  -10.8  loss 5.3061  logE[BER] -5.306  P_det_soft 0.0000  (66s)
  step 3000  JSR  -28.1  loss 32.4260  logE[BER] -32.426  P_det_soft 0.0000  (67s)
  step 3025  JSR  -14.2  loss 5.5313  logE[BER] -5.531  P_det_soft 0.0000  (67s)
  step 3050  JSR   -4.9  loss 4.8493  logE[BER] -4.849  P_det_soft 0.0000  (68s)
  step 3075  JSR  -28.2  loss 28.5365  logE[BER] -28.537  P_det_soft 0.0000  (69s)
  step 3100  JSR   -6.5  loss 4.9492  logE[BER] -4.949  P_det_soft 0.0000  (69s)
  step 3125  JSR  -28.9  loss 36.8946  logE[BER] -36.895  P_det_soft 0.0000  (70s)
  step 3150  JSR   -8.6  loss 5.0710  logE[BER] -5.071  P_det_soft 0.0000  (70s)
  step 3175  JSR  -12.2  loss 5.4763  logE[BER] -5.476  P_det_soft 0.0000  (71s)
  step 3200  JSR  -12.8  loss 5.4857  logE[BER] -5.486  P_det_soft 0.0000  (71s)
  step 3225  JSR   -8.3  loss 5.1099  logE[BER] -5.110  P_det_soft 0.0000  (72s)
  step 3250  JSR   -2.5  loss 4.6137  logE[BER] -4.614  P_det_soft 0.0000  (72s)
  step 3275  JSR  -28.7  loss 36.2930  logE[BER] -36.293  P_det_soft 0.0000  (73s)
  step 3300  JSR  -19.7  loss 6.3774  logE[BER] -6.377  P_det_soft 0.0000  (73s)
  step 3325  JSR  -10.8  loss 5.4277  logE[BER] -5.428  P_det_soft 0.0000  (74s)
  step 3350  JSR  -14.3  loss 5.6272  logE[BER] -5.627  P_det_soft 0.0000  (75s)
  step 3375  JSR  -21.6  loss 6.9237  logE[BER] -6.924  P_det_soft 0.0000  (75s)
  step 3400  JSR  -14.7  loss 5.5797  logE[BER] -5.580  P_det_soft 0.0000  (76s)
  step 3425  JSR   -7.5  loss 5.0983  logE[BER] -5.098  P_det_soft 0.0000  (76s)
  step 3450  JSR  -21.4  loss 6.8668  logE[BER] -6.867  P_det_soft 0.0000  (77s)
  step 3475  JSR  -11.7  loss 5.3227  logE[BER] -5.323  P_det_soft 0.0000  (77s)
  step 3500  JSR   -6.6  loss 4.8070  logE[BER] -4.807  P_det_soft 0.0000  (78s)
  step 3525  JSR   -1.6  loss 4.5645  logE[BER] -4.564  P_det_soft 0.0000  (78s)
  step 3550  JSR  -29.7  loss 39.0248  logE[BER] -39.025  P_det_soft 0.0000  (79s)
  step 3575  JSR  -13.7  loss 5.6668  logE[BER] -5.667  P_det_soft 0.0000  (80s)
  step 3600  JSR  -30.4  loss 45.9480  logE[BER] -45.948  P_det_soft 0.0000  (80s)
  step 3625  JSR  -18.2  loss 6.0771  logE[BER] -6.077  P_det_soft 0.0000  (81s)
  step 3650  JSR  -28.8  loss 36.3115  logE[BER] -36.312  P_det_soft 0.0000  (81s)
  step 3675  JSR   -1.0  loss 4.5935  logE[BER] -4.594  P_det_soft 0.0000  (82s)
  step 3700  JSR  -18.4  loss 5.9933  logE[BER] -5.993  P_det_soft 0.0000  (82s)
  step 3725  JSR  -15.5  loss 5.7894  logE[BER] -5.789  P_det_soft 0.0000  (83s)
  step 3750  JSR  -31.6  loss 53.7081  logE[BER] -53.708  P_det_soft 0.0000  (83s)
  step 3775  JSR  -28.1  loss 28.6529  logE[BER] -28.653  P_det_soft 0.0000  (84s)
  step 3800  JSR  -29.6  loss 41.8916  logE[BER] -41.892  P_det_soft 0.0000  (84s)
  step 3825  JSR  -27.5  loss 28.2341  logE[BER] -28.234  P_det_soft 0.0000  (85s)
  step 3850  JSR  -19.9  loss 6.5640  logE[BER] -6.564  P_det_soft 0.0000  (86s)
  step 3875  JSR  -26.2  loss 19.7785  logE[BER] -19.779  P_det_soft 0.0000  (86s)
  step 3900  JSR  -13.3  loss 5.5197  logE[BER] -5.520  P_det_soft 0.0000  (87s)
  step 3925  JSR  -19.8  loss 6.3768  logE[BER] -6.377  P_det_soft 0.0000  (87s)
  step 3950  JSR  -20.4  loss 6.4670  logE[BER] -6.467  P_det_soft 0.0000  (88s)
  step 3975  JSR  -16.2  loss 5.7857  logE[BER] -5.786  P_det_soft 0.0000  (88s)
  step 3999  JSR  -10.0  loss 5.3087  logE[BER] -5.309  P_det_soft 0.0000  (89s)
wrote gan/control_r0_G.pt, gan/control_r0.json in 89s
