node: tikgpu05.ee.ethz.ch | gpu: NVIDIA TITAN RTX
env fading = {'noise_unc_db': 0.0, 'rician_k_db': 12.0} | task energy_b10_r0 = {'target': 'energy', 'beta': 10.0, 'cgan_task': 2} | seed 4002 | band (-8.0, 0.0) | 128 frames/step | 4000 steps | device cuda:0
  target energy: threshold 1.61347, clean-frame std 0.335705 (soft_pdet width)
  step    0  JSR   -1.7  loss 8.7954  logE[BER] -6.549  P_det_soft 0.2246  (1s)
  step   25  JSR   -7.4  loss 7.1652  logE[BER] -5.090  P_det_soft 0.2076  (2s)
  step   50  JSR   -3.5  loss 5.7315  logE[BER] -3.363  P_det_soft 0.2368  (3s)
  step   75  JSR   -1.4  loss 6.1029  logE[BER] -2.733  P_det_soft 0.3370  (3s)
  step  100  JSR   -3.0  loss 5.8941  logE[BER] -3.269  P_det_soft 0.2625  (4s)
  step  125  JSR   -5.3  loss 6.0030  logE[BER] -3.782  P_det_soft 0.2221  (5s)
  step  150  JSR   -0.1  loss 6.6496  logE[BER] -2.636  P_det_soft 0.4013  (5s)
  step  175  JSR   -1.5  loss 5.9959  logE[BER] -2.823  P_det_soft 0.3173  (6s)
  step  200  JSR   -2.5  loss 5.5281  logE[BER] -3.125  P_det_soft 0.2403  (7s)
  step  225  JSR   -0.5  loss 7.0641  logE[BER] -2.629  P_det_soft 0.4435  (7s)
  step  250  JSR   -6.0  loss 6.6242  logE[BER] -4.515  P_det_soft 0.2109  (8s)
  step  275  JSR   -5.8  loss 6.2745  logE[BER] -4.108  P_det_soft 0.2167  (9s)
  step  300  JSR   -2.9  loss 5.8739  logE[BER] -3.228  P_det_soft 0.2646  (9s)
  step  325  JSR   -0.6  loss 6.9504  logE[BER] -2.686  P_det_soft 0.4265  (10s)
  step  350  JSR   -7.5  loss 6.7693  logE[BER] -4.660  P_det_soft 0.2109  (11s)
  step  375  JSR   -4.3  loss 6.2276  logE[BER] -3.786  P_det_soft 0.2442  (11s)
  step  400  JSR   -7.2  loss 6.5754  logE[BER] -4.709  P_det_soft 0.1866  (12s)
  step  425  JSR   -3.7  loss 5.8994  logE[BER] -3.131  P_det_soft 0.2769  (13s)
  step  450  JSR   -4.7  loss 5.7527  logE[BER] -3.466  P_det_soft 0.2286  (13s)
  step  475  JSR   -4.9  loss 6.3672  logE[BER] -4.008  P_det_soft 0.2359  (14s)
  step  500  JSR   -2.7  loss 5.9824  logE[BER] -3.151  P_det_soft 0.2831  (15s)
  step  525  JSR   -2.6  loss 5.9595  logE[BER] -3.052  P_det_soft 0.2907  (15s)
  step  550  JSR   -0.8  loss 6.3554  logE[BER] -2.882  P_det_soft 0.3473  (16s)
  step  575  JSR   -7.8  loss 7.5093  logE[BER] -5.525  P_det_soft 0.1984  (17s)
  step  600  JSR   -0.9  loss 6.0578  logE[BER] -2.606  P_det_soft 0.3452  (18s)
  step  625  JSR   -4.7  loss 6.2219  logE[BER] -3.843  P_det_soft 0.2378  (18s)
  step  650  JSR   -5.2  loss 6.5130  logE[BER] -3.650  P_det_soft 0.2863  (19s)
  step  675  JSR   -0.8  loss 6.4509  logE[BER] -2.738  P_det_soft 0.3713  (20s)
  step  700  JSR   -5.2  loss 6.2611  logE[BER] -3.646  P_det_soft 0.2616  (20s)
  step  725  JSR   -2.9  loss 6.0576  logE[BER] -3.146  P_det_soft 0.2911  (21s)
  step  750  JSR   -3.4  loss 5.7510  logE[BER] -3.012  P_det_soft 0.2739  (22s)
  step  775  JSR   -4.7  loss 5.8140  logE[BER] -3.603  P_det_soft 0.2211  (22s)
  step  800  JSR   -6.6  loss 6.6927  logE[BER] -4.418  P_det_soft 0.2274  (23s)
  step  825  JSR   -3.8  loss 6.0335  logE[BER] -3.141  P_det_soft 0.2893  (24s)
  step  850  JSR   -4.1  loss 5.7210  logE[BER] -3.274  P_det_soft 0.2447  (24s)
  step  875  JSR   -7.4  loss 7.0431  logE[BER] -4.997  P_det_soft 0.2046  (25s)
  step  900  JSR   -0.4  loss 6.6905  logE[BER] -2.653  P_det_soft 0.4037  (26s)
  step  925  JSR   -7.2  loss 6.6226  logE[BER] -4.308  P_det_soft 0.2315  (26s)
  step  950  JSR   -6.3  loss 6.3590  logE[BER] -4.034  P_det_soft 0.2325  (27s)
  step  975  JSR   -0.5  loss 6.5689  logE[BER] -2.750  P_det_soft 0.3819  (28s)
  step 1000  JSR   -4.6  loss 5.9306  logE[BER] -3.379  P_det_soft 0.2551  (28s)
  step 1025  JSR   -6.7  loss 6.2964  logE[BER] -4.043  P_det_soft 0.2253  (29s)
  step 1050  JSR   -2.3  loss 5.7787  logE[BER] -3.006  P_det_soft 0.2772  (30s)
  step 1075  JSR   -3.6  loss 5.8828  logE[BER] -3.056  P_det_soft 0.2827  (30s)
  step 1100  JSR   -1.0  loss 6.3337  logE[BER] -2.727  P_det_soft 0.3607  (31s)
  step 1125  JSR   -4.4  loss 6.2560  logE[BER] -3.538  P_det_soft 0.2718  (32s)
  step 1150  JSR   -7.4  loss 6.5487  logE[BER] -4.467  P_det_soft 0.2082  (32s)
  step 1175  JSR   -3.0  loss 5.9464  logE[BER] -3.025  P_det_soft 0.2921  (33s)
  step 1200  JSR   -0.7  loss 6.4478  logE[BER] -2.654  P_det_soft 0.3793  (34s)
  step 1225  JSR   -7.8  loss 7.4945  logE[BER] -5.156  P_det_soft 0.2339  (35s)
  step 1250  JSR   -0.6  loss 6.6910  logE[BER] -2.631  P_det_soft 0.4060  (35s)
  step 1275  JSR   -1.3  loss 6.1166  logE[BER] -2.800  P_det_soft 0.3316  (36s)
  step 1300  JSR   -1.6  loss 6.4910  logE[BER] -2.754  P_det_soft 0.3737  (37s)
  step 1325  JSR   -3.0  loss 5.7564  logE[BER] -2.961  P_det_soft 0.2796  (37s)
  step 1350  JSR   -7.9  loss 7.0862  logE[BER] -4.953  P_det_soft 0.2133  (38s)
  step 1375  JSR   -3.2  loss 5.5157  logE[BER] -3.081  P_det_soft 0.2435  (39s)
  step 1400  JSR   -3.4  loss 5.7885  logE[BER] -3.000  P_det_soft 0.2788  (39s)
  step 1425  JSR   -7.8  loss 6.7745  logE[BER] -4.850  P_det_soft 0.1925  (40s)
  step 1450  JSR   -5.6  loss 6.0148  logE[BER] -3.655  P_det_soft 0.2360  (41s)
  step 1475  JSR   -1.7  loss 6.1992  logE[BER] -2.775  P_det_soft 0.3424  (41s)
  step 1500  JSR   -5.1  loss 6.1680  logE[BER] -3.563  P_det_soft 0.2605  (42s)
  step 1525  JSR   -4.2  loss 5.8059  logE[BER] -3.222  P_det_soft 0.2584  (43s)
  step 1550  JSR   -0.4  loss 6.4031  logE[BER] -2.657  P_det_soft 0.3746  (43s)
  step 1575  JSR   -6.8  loss 6.7453  logE[BER] -4.727  P_det_soft 0.2019  (44s)
  step 1600  JSR   -0.8  loss 6.4588  logE[BER] -2.623  P_det_soft 0.3836  (45s)
  step 1625  JSR   -7.6  loss 7.4855  logE[BER] -5.067  P_det_soft 0.2419  (45s)
  step 1650  JSR   -5.7  loss 5.9257  logE[BER] -3.790  P_det_soft 0.2135  (46s)
  step 1675  JSR   -7.3  loss 7.2255  logE[BER] -4.819  P_det_soft 0.2407  (47s)
  step 1700  JSR   -4.3  loss 6.0184  logE[BER] -3.388  P_det_soft 0.2631  (47s)
  step 1725  JSR   -3.2  loss 6.0475  logE[BER] -3.222  P_det_soft 0.2826  (48s)
  step 1750  JSR   -5.7  loss 6.0073  logE[BER] -3.863  P_det_soft 0.2144  (49s)
  step 1775  JSR   -5.7  loss 6.5364  logE[BER] -4.072  P_det_soft 0.2464  (50s)
  step 1800  JSR   -3.2  loss 5.7591  logE[BER] -3.086  P_det_soft 0.2673  (50s)
  step 1825  JSR   -2.2  loss 6.3101  logE[BER] -2.804  P_det_soft 0.3506  (51s)
  step 1850  JSR   -0.3  loss 6.6286  logE[BER] -2.590  P_det_soft 0.4039  (52s)
  step 1875  JSR   -7.3  loss 6.8686  logE[BER] -4.672  P_det_soft 0.2197  (52s)
  step 1900  JSR   -1.5  loss 5.8934  logE[BER] -2.785  P_det_soft 0.3109  (53s)
  step 1925  JSR   -4.8  loss 6.0948  logE[BER] -3.824  P_det_soft 0.2271  (54s)
  step 1950  JSR   -5.0  loss 5.8002  logE[BER] -3.403  P_det_soft 0.2397  (54s)
  step 1975  JSR   -0.1  loss 7.2371  logE[BER] -2.595  P_det_soft 0.4642  (55s)
  step 2000  JSR   -4.4  loss 5.9953  logE[BER] -3.464  P_det_soft 0.2531  (56s)
  step 2025  JSR   -2.5  loss 6.4667  logE[BER] -2.968  P_det_soft 0.3498  (56s)
  step 2050  JSR   -4.0  loss 5.6835  logE[BER] -3.082  P_det_soft 0.2602  (57s)
  step 2075  JSR   -2.3  loss 5.8400  logE[BER] -2.835  P_det_soft 0.3004  (58s)
  step 2100  JSR   -7.4  loss 6.8198  logE[BER] -4.782  P_det_soft 0.2038  (58s)
  step 2125  JSR   -1.7  loss 6.0114  logE[BER] -2.741  P_det_soft 0.3270  (59s)
  step 2150  JSR   -7.7  loss 6.7367  logE[BER] -4.557  P_det_soft 0.2180  (60s)
  step 2175  JSR   -3.2  loss 5.9176  logE[BER] -3.008  P_det_soft 0.2910  (60s)
  step 2200  JSR   -7.9  loss 7.2570  logE[BER] -5.117  P_det_soft 0.2140  (61s)
  step 2225  JSR   -0.4  loss 6.9719  logE[BER] -2.535  P_det_soft 0.4437  (62s)
  step 2250  JSR   -5.5  loss 5.7057  logE[BER] -3.420  P_det_soft 0.2286  (62s)
  step 2275  JSR   -2.5  loss 5.9841  logE[BER] -3.032  P_det_soft 0.2952  (63s)
  step 2300  JSR   -2.2  loss 6.0987  logE[BER] -2.911  P_det_soft 0.3188  (64s)
  step 2325  JSR   -3.6  loss 5.7687  logE[BER] -3.144  P_det_soft 0.2625  (65s)
  step 2350  JSR   -4.1  loss 6.4006  logE[BER] -3.388  P_det_soft 0.3013  (65s)
  step 2375  JSR   -4.6  loss 5.7784  logE[BER] -3.336  P_det_soft 0.2443  (66s)
  step 2400  JSR   -4.7  loss 5.9798  logE[BER] -3.552  P_det_soft 0.2427  (67s)
  step 2425  JSR   -5.3  loss 6.0086  logE[BER] -3.717  P_det_soft 0.2292  (67s)
  step 2450  JSR   -2.9  loss 5.6020  logE[BER] -2.963  P_det_soft 0.2639  (68s)
  step 2475  JSR   -6.3  loss 6.7218  logE[BER] -4.147  P_det_soft 0.2575  (69s)
  step 2500  JSR   -1.6  loss 6.1936  logE[BER] -2.766  P_det_soft 0.3427  (69s)
  step 2525  JSR   -4.7  loss 5.9530  logE[BER] -3.423  P_det_soft 0.2530  (70s)
  step 2550  JSR   -8.0  loss 7.9620  logE[BER] -5.710  P_det_soft 0.2252  (71s)
  step 2575  JSR   -0.2  loss 6.3707  logE[BER] -2.631  P_det_soft 0.3740  (71s)
  step 2600  JSR   -5.0  loss 6.1046  logE[BER] -3.641  P_det_soft 0.2464  (72s)
  step 2625  JSR   -0.5  loss 6.3397  logE[BER] -2.649  P_det_soft 0.3691  (73s)
  step 2650  JSR   -5.9  loss 6.5142  logE[BER] -4.178  P_det_soft 0.2336  (73s)
  step 2675  JSR   -5.4  loss 6.3960  logE[BER] -3.973  P_det_soft 0.2423  (74s)
  step 2700  JSR   -0.3  loss 6.7405  logE[BER] -2.621  P_det_soft 0.4119  (75s)
  step 2725  JSR   -3.0  loss 5.7924  logE[BER] -2.973  P_det_soft 0.2819  (75s)
  step 2750  JSR   -4.4  loss 5.9762  logE[BER] -3.349  P_det_soft 0.2627  (76s)
  step 2775  JSR   -7.8  loss 6.4681  logE[BER] -4.643  P_det_soft 0.1825  (77s)
  step 2800  JSR   -5.8  loss 5.9772  logE[BER] -3.798  P_det_soft 0.2179  (77s)
  step 2825  JSR   -5.5  loss 5.5602  logE[BER] -3.521  P_det_soft 0.2039  (78s)
  step 2850  JSR   -6.3  loss 6.0285  logE[BER] -3.798  P_det_soft 0.2230  (79s)
  step 2875  JSR   -3.9  loss 5.8658  logE[BER] -3.156  P_det_soft 0.2710  (80s)
  step 2900  JSR   -2.5  loss 6.0807  logE[BER] -2.786  P_det_soft 0.3295  (80s)
  step 2925  JSR   -6.4  loss 6.3252  logE[BER] -3.905  P_det_soft 0.2420  (81s)
  step 2950  JSR   -5.8  loss 5.5274  logE[BER] -3.251  P_det_soft 0.2276  (82s)
  step 2975  JSR   -7.3  loss 6.5014  logE[BER] -4.073  P_det_soft 0.2429  (82s)
  step 3000  JSR   -2.2  loss 6.0345  logE[BER] -3.029  P_det_soft 0.3006  (83s)
  step 3025  JSR   -4.6  loss 5.5021  logE[BER] -3.152  P_det_soft 0.2350  (84s)
  step 3050  JSR   -0.0  loss 6.8914  logE[BER] -2.541  P_det_soft 0.4351  (84s)
  step 3075  JSR   -6.6  loss 6.5189  logE[BER] -4.217  P_det_soft 0.2302  (85s)
  step 3100  JSR   -4.5  loss 5.8396  logE[BER] -3.433  P_det_soft 0.2407  (86s)
  step 3125  JSR   -6.9  loss 7.3745  logE[BER] -4.830  P_det_soft 0.2545  (86s)
  step 3150  JSR   -7.9  loss 7.4229  logE[BER] -5.144  P_det_soft 0.2279  (87s)
  step 3175  JSR   -5.0  loss 5.6829  logE[BER] -3.349  P_det_soft 0.2334  (88s)
  step 3200  JSR   -7.5  loss 6.4417  logE[BER] -4.480  P_det_soft 0.1962  (88s)
  step 3225  JSR   -3.7  loss 6.0077  logE[BER] -3.138  P_det_soft 0.2870  (89s)
  step 3250  JSR   -4.9  loss 5.9201  logE[BER] -3.335  P_det_soft 0.2586  (90s)
  step 3275  JSR   -2.6  loss 6.2892  logE[BER] -2.990  P_det_soft 0.3299  (91s)
  step 3300  JSR   -4.2  loss 5.7929  logE[BER] -3.392  P_det_soft 0.2401  (91s)
  step 3325  JSR   -4.3  loss 6.1575  logE[BER] -3.427  P_det_soft 0.2731  (92s)
  step 3350  JSR   -0.9  loss 6.4611  logE[BER] -2.737  P_det_soft 0.3724  (93s)
  step 3375  JSR   -1.4  loss 6.3874  logE[BER] -2.716  P_det_soft 0.3671  (93s)
  step 3400  JSR   -5.2  loss 6.0830  logE[BER] -3.505  P_det_soft 0.2578  (94s)
  step 3425  JSR   -5.3  loss 6.0465  logE[BER] -3.468  P_det_soft 0.2579  (95s)
  step 3450  JSR   -1.8  loss 6.2802  logE[BER] -2.773  P_det_soft 0.3507  (95s)
  step 3475  JSR   -1.6  loss 6.3646  logE[BER] -2.809  P_det_soft 0.3556  (96s)
  step 3500  JSR   -2.5  loss 6.0109  logE[BER] -2.820  P_det_soft 0.3191  (97s)
  step 3525  JSR   -4.7  loss 5.8595  logE[BER] -3.374  P_det_soft 0.2486  (97s)
  step 3550  JSR   -6.0  loss 6.2021  logE[BER] -3.745  P_det_soft 0.2457  (98s)
  step 3575  JSR   -7.8  loss 6.5064  logE[BER] -4.436  P_det_soft 0.2071  (99s)
  step 3600  JSR   -3.5  loss 5.8636  logE[BER] -3.347  P_det_soft 0.2517  (99s)
  step 3625  JSR   -1.4  loss 6.1809  logE[BER] -2.746  P_det_soft 0.3435  (100s)
  step 3650  JSR   -3.9  loss 6.1377  logE[BER] -3.283  P_det_soft 0.2855  (101s)
  step 3675  JSR   -7.9  loss 7.3449  logE[BER] -5.416  P_det_soft 0.1929  (101s)
  step 3700  JSR   -4.0  loss 5.6712  logE[BER] -3.260  P_det_soft 0.2411  (102s)
  step 3725  JSR   -1.1  loss 6.1750  logE[BER] -2.768  P_det_soft 0.3407  (103s)
  step 3750  JSR   -1.7  loss 5.7777  logE[BER] -2.748  P_det_soft 0.3030  (104s)
  step 3775  JSR   -7.6  loss 7.1379  logE[BER] -5.022  P_det_soft 0.2116  (104s)
  step 3800  JSR   -1.0  loss 6.6321  logE[BER] -2.671  P_det_soft 0.3961  (105s)
  step 3825  JSR   -3.7  loss 5.8644  logE[BER] -3.178  P_det_soft 0.2686  (106s)
  step 3850  JSR   -1.9  loss 6.0943  logE[BER] -2.862  P_det_soft 0.3232  (106s)
  step 3875  JSR   -4.1  loss 5.6372  logE[BER] -3.087  P_det_soft 0.2551  (107s)
  step 3900  JSR   -3.4  loss 5.8523  logE[BER] -3.048  P_det_soft 0.2805  (108s)
  step 3925  JSR   -2.3  loss 6.2658  logE[BER] -2.887  P_det_soft 0.3379  (108s)
  step 3950  JSR   -2.8  loss 6.0184  logE[BER] -3.085  P_det_soft 0.2933  (109s)
  step 3975  JSR   -4.6  loss 5.9976  logE[BER] -3.361  P_det_soft 0.2636  (110s)
  step 3999  JSR   -5.7  loss 6.3002  logE[BER] -3.899  P_det_soft 0.2401  (110s)
wrote gan/energy_b10_r0_G.pt, gan/energy_b10_r0.json in 111s
