node: tikgpu05.ee.ethz.ch | gpu: NVIDIA TITAN RTX
env base = {'noise_unc_db': 0.0, 'rician_k_db': None} | task suite_b30_r0 = {'target': ['energy', 'kurtosis', 'spec_cnn'], 'beta': 30.0, 'cgan_task': 21, 'band': (-32.0, 0.0)} | seed 4021 | band (-32.0, 0.0) | 32 frames/step | 1500 steps | init random | damage ber | device cuda:0
  suite ['energy', 'kurtosis', 'spec_cnn']: thr {'energy': 1.0168669588165358, 'kurtosis': 0.049231088477732096, 'spec_cnn': -2.0068115234375004}, clean-frame std {'energy': 0.007850642469837297, 'kurtosis': 0.014962997650456058, 'spec_cnn': 1.1930798209227553} (worst-detector soft P_det)
  step    0  JSR  -25.5  loss 134.7564  logE[BER] -122.233  P_det_soft 0.4174  (1s)
  step   25  JSR   -2.6  loss 35.6699  logE[BER] -5.673  P_det_soft 0.9999  (3s)
  step   50  JSR   -1.2  loss 35.6149  logE[BER] -5.620  P_det_soft 0.9998  (5s)
  step   75  JSR  -26.0  loss 116.9731  logE[BER] -106.393  P_det_soft 0.3527  (7s)
  step  100  JSR  -21.7  loss 105.7943  logE[BER] -90.828  P_det_soft 0.4989  (10s)
  step  125  JSR  -27.0  loss 122.5162  logE[BER] -111.475  P_det_soft 0.3681  (12s)
  step  150  JSR   -3.7  loss 36.7762  logE[BER] -6.787  P_det_soft 0.9996  (14s)
  step  175  JSR  -20.5  loss 102.3128  logE[BER] -86.702  P_det_soft 0.5204  (17s)
  step  200  JSR  -22.7  loss 109.9201  logE[BER] -97.483  P_det_soft 0.4146  (19s)
  step  225  JSR   -4.0  loss 36.6593  logE[BER] -6.669  P_det_soft 0.9997  (21s)
  step  250  JSR  -14.5  loss 80.0324  logE[BER] -50.708  P_det_soft 0.9775  (24s)
  step  275  JSR   -8.7  loss 41.6579  logE[BER] -11.793  P_det_soft 0.9955  (26s)
  step  300  JSR  -14.5  loss 78.2559  logE[BER] -49.084  P_det_soft 0.9724  (28s)
  step  325  JSR   -4.5  loss 36.1621  logE[BER] -6.180  P_det_soft 0.9994  (31s)
  step  350  JSR   -1.7  loss 35.6809  logE[BER] -5.692  P_det_soft 0.9996  (33s)
  step  375  JSR   -1.6  loss 35.2727  logE[BER] -5.277  P_det_soft 0.9999  (35s)
  step  400  JSR  -15.1  loss 80.3857  logE[BER] -51.631  P_det_soft 0.9585  (38s)
  step  425  JSR   -4.8  loss 36.4402  logE[BER] -6.472  P_det_soft 0.9990  (40s)
  step  450  JSR  -21.2  loss 101.4069  logE[BER] -85.951  P_det_soft 0.5152  (42s)
  step  475  JSR  -25.7  loss 113.3272  logE[BER] -103.376  P_det_soft 0.3317  (45s)
  step  500  JSR   -7.0  loss 37.4212  logE[BER] -7.499  P_det_soft 0.9974  (47s)
  step  525  JSR   -7.0  loss 37.1986  logE[BER] -7.290  P_det_soft 0.9970  (49s)
  step  550  JSR  -19.9  loss 98.6729  logE[BER] -79.889  P_det_soft 0.6261  (52s)
  step  575  JSR  -24.2  loss 106.1423  logE[BER] -95.725  P_det_soft 0.3472  (54s)
  step  600  JSR  -31.0  loss 128.1448  logE[BER] -118.574  P_det_soft 0.3190  (56s)
  step  625  JSR  -31.7  loss 126.1291  logE[BER] -116.696  P_det_soft 0.3144  (59s)
  step  650  JSR   -4.8  loss 35.8771  logE[BER] -5.894  P_det_soft 0.9994  (61s)
  step  675  JSR  -24.4  loss 108.0205  logE[BER] -94.927  P_det_soft 0.4364  (63s)
  step  700  JSR   -8.6  loss 38.3839  logE[BER] -8.501  P_det_soft 0.9961  (66s)
  step  725  JSR  -30.5  loss 129.9686  logE[BER] -119.467  P_det_soft 0.3501  (68s)
  step  750  JSR  -25.9  loss 117.1103  logE[BER] -105.942  P_det_soft 0.3723  (70s)
  step  775  JSR  -22.2  loss 89.1340  logE[BER] -75.561  P_det_soft 0.4524  (73s)
  step  800  JSR  -24.4  loss 109.7506  logE[BER] -98.276  P_det_soft 0.3825  (75s)
  step  825  JSR  -26.6  loss 113.2072  logE[BER] -102.184  P_det_soft 0.3674  (77s)
  step  850  JSR  -14.3  loss 49.3839  logE[BER] -19.839  P_det_soft 0.9848  (80s)
  step  875  JSR  -26.1  loss 118.3535  logE[BER] -108.378  P_det_soft 0.3325  (82s)
  step  900  JSR  -30.1  loss 115.5385  logE[BER] -106.969  P_det_soft 0.2856  (85s)
  step  925  JSR  -23.4  loss 103.0835  logE[BER] -91.717  P_det_soft 0.3789  (87s)
  step  950  JSR  -20.8  loss 94.2290  logE[BER] -78.804  P_det_soft 0.5142  (89s)
  step  975  JSR  -12.5  loss 42.7864  logE[BER] -12.945  P_det_soft 0.9947  (92s)
  step 1000  JSR  -20.6  loss 94.9823  logE[BER] -76.437  P_det_soft 0.6182  (94s)
  step 1025  JSR  -10.5  loss 39.3769  logE[BER] -9.465  P_det_soft 0.9970  (96s)
  step 1050  JSR   -8.2  loss 37.2775  logE[BER] -7.370  P_det_soft 0.9969  (99s)
  step 1075  JSR  -20.8  loss 74.0673  logE[BER] -56.973  P_det_soft 0.5698  (101s)
  step 1100  JSR  -16.6  loss 77.0264  logE[BER] -49.145  P_det_soft 0.9294  (104s)
  step 1125  JSR  -25.8  loss 111.3924  logE[BER] -100.049  P_det_soft 0.3781  (106s)
  step 1150  JSR  -31.7  loss 128.9400  logE[BER] -119.641  P_det_soft 0.3100  (109s)
  step 1175  JSR  -17.9  loss 75.1200  logE[BER] -51.689  P_det_soft 0.7810  (111s)
  step 1200  JSR  -19.5  loss 83.0556  logE[BER] -61.582  P_det_soft 0.7158  (114s)
  step 1225  JSR  -27.1  loss 110.4280  logE[BER] -101.724  P_det_soft 0.2901  (116s)
  step 1250  JSR  -25.5  loss 100.0904  logE[BER] -88.985  P_det_soft 0.3702  (118s)
  step 1275  JSR   -3.1  loss 35.6415  logE[BER] -5.647  P_det_soft 0.9998  (121s)
  step 1300  JSR   -4.0  loss 35.4227  logE[BER] -5.438  P_det_soft 0.9995  (123s)
  step 1325  JSR  -31.2  loss 124.7764  logE[BER] -116.740  P_det_soft 0.2679  (126s)
  step 1350  JSR  -25.6  loss 99.5197  logE[BER] -88.437  P_det_soft 0.3694  (128s)
  step 1375  JSR   -1.3  loss 35.1567  logE[BER] -5.165  P_det_soft 0.9997  (131s)
  step 1400  JSR  -25.5  loss 103.6700  logE[BER] -94.674  P_det_soft 0.2999  (133s)
  step 1425  JSR  -24.9  loss 111.9244  logE[BER] -98.941  P_det_soft 0.4328  (136s)
  step 1450  JSR  -14.0  loss 50.3748  logE[BER] -20.626  P_det_soft 0.9916  (138s)
  step 1475  JSR  -27.6  loss 115.2308  logE[BER] -105.064  P_det_soft 0.3389  (141s)
  step 1499  JSR   -4.1  loss 35.3574  logE[BER] -5.374  P_det_soft 0.9995  (143s)
wrote gan/suite_b30_r0_G.pt, gan/suite_b30_r0.json in 150s
