node: tikgpu04.ee.ethz.ch | gpu: NVIDIA TITAN RTX
env fading_k28 = {'noise_unc_db': 0.0, 'rician_k_db': 28.0} | task energy_b10_r0 = {'target': 'energy', 'beta': 10.0, 'cgan_task': 2} | seed 4002 | band (-16.2, 0.0) | 128 frames/step | 4000 steps | device cuda:0
  target energy: threshold 1.0996, clean-frame std 0.0565984 (soft_pdet width)
  step    0  JSR   -3.3  loss 15.1883  logE[BER] -11.528  P_det_soft 0.3660  (1s)
  step   25  JSR  -15.0  loss 25.7249  logE[BER] -23.694  P_det_soft 0.2030  (2s)
  step   50  JSR   -7.0  loss 9.0175  logE[BER] -6.594  P_det_soft 0.2424  (2s)
  step   75  JSR   -2.9  loss 8.5889  logE[BER] -5.266  P_det_soft 0.3323  (3s)
  step  100  JSR   -6.0  loss 9.1644  logE[BER] -6.211  P_det_soft 0.2953  (4s)
  step  125  JSR  -10.7  loss 12.9367  logE[BER] -10.800  P_det_soft 0.2137  (4s)
  step  150  JSR   -0.1  loss 12.4121  logE[BER] -4.461  P_det_soft 0.7951  (5s)
  step  175  JSR   -3.0  loss 9.5261  logE[BER] -5.086  P_det_soft 0.4440  (6s)
  step  200  JSR   -5.1  loss 8.1866  logE[BER] -5.659  P_det_soft 0.2527  (6s)
  step  225  JSR   -0.9  loss 9.9441  logE[BER] -4.689  P_det_soft 0.5255  (7s)
  step  250  JSR  -12.2  loss 9.0926  logE[BER] -7.016  P_det_soft 0.2076  (8s)
  step  275  JSR  -11.7  loss 9.1469  logE[BER] -7.051  P_det_soft 0.2096  (8s)
  step  300  JSR   -5.8  loss 8.3185  logE[BER] -5.582  P_det_soft 0.2736  (9s)
  step  325  JSR   -1.3  loss 9.6176  logE[BER] -4.760  P_det_soft 0.4858  (10s)
  step  350  JSR  -15.2  loss 10.3376  logE[BER] -8.251  P_det_soft 0.2086  (10s)
  step  375  JSR   -8.8  loss 8.5025  logE[BER] -6.086  P_det_soft 0.2416  (11s)
  step  400  JSR  -14.5  loss 9.8209  logE[BER] -7.964  P_det_soft 0.1857  (12s)
  step  425  JSR   -7.5  loss 8.7240  logE[BER] -6.113  P_det_soft 0.2611  (12s)
  step  450  JSR   -9.5  loss 8.3005  logE[BER] -6.115  P_det_soft 0.2186  (13s)
  step  475  JSR  -10.0  loss 8.9545  logE[BER] -6.548  P_det_soft 0.2407  (14s)
  step  500  JSR   -5.4  loss 8.4440  logE[BER] -5.280  P_det_soft 0.3164  (14s)
  step  525  JSR   -5.2  loss 8.5889  logE[BER] -5.413  P_det_soft 0.3175  (15s)
  step  550  JSR   -1.7  loss 9.3563  logE[BER] -4.849  P_det_soft 0.4507  (16s)
  step  575  JSR  -15.7  loss 11.1670  logE[BER] -9.195  P_det_soft 0.1972  (17s)
  step  600  JSR   -1.7  loss 8.9744  logE[BER] -4.755  P_det_soft 0.4219  (17s)
  step  625  JSR   -9.6  loss 8.5662  logE[BER] -6.165  P_det_soft 0.2401  (18s)
  step  650  JSR  -10.6  loss 9.1407  logE[BER] -6.582  P_det_soft 0.2559  (19s)
  step  675  JSR   -1.7  loss 8.9328  logE[BER] -4.867  P_det_soft 0.4065  (19s)
  step  700  JSR  -10.5  loss 8.8632  logE[BER] -6.391  P_det_soft 0.2472  (20s)
  step  725  JSR   -5.8  loss 8.8214  logE[BER] -5.419  P_det_soft 0.3402  (21s)
  step  750  JSR   -6.9  loss 8.2826  logE[BER] -5.670  P_det_soft 0.2613  (21s)
  step  775  JSR   -9.6  loss 8.5807  logE[BER] -6.416  P_det_soft 0.2165  (22s)
  step  800  JSR  -13.4  loss 10.2310  logE[BER] -8.092  P_det_soft 0.2139  (23s)
  step  825  JSR   -7.6  loss 8.7609  logE[BER] -6.209  P_det_soft 0.2552  (23s)
  step  850  JSR   -8.4  loss 8.6059  logE[BER] -6.307  P_det_soft 0.2298  (24s)
  step  875  JSR  -15.1  loss 10.1704  logE[BER] -8.211  P_det_soft 0.1960  (25s)
  step  900  JSR   -0.8  loss 9.3631  logE[BER] -4.825  P_det_soft 0.4538  (25s)
  step  925  JSR  -14.6  loss 9.8052  logE[BER] -7.652  P_det_soft 0.2153  (26s)
  step  950  JSR  -12.7  loss 9.5998  logE[BER] -7.410  P_det_soft 0.2190  (27s)
  step  975  JSR   -1.0  loss 9.3115  logE[BER] -4.689  P_det_soft 0.4622  (27s)
  step 1000  JSR   -9.3  loss 8.7456  logE[BER] -6.331  P_det_soft 0.2414  (28s)
  step 1025  JSR  -13.5  loss 9.3729  logE[BER] -7.304  P_det_soft 0.2069  (29s)
  step 1050  JSR   -4.6  loss 8.6888  logE[BER] -5.255  P_det_soft 0.3434  (29s)
  step 1075  JSR   -7.2  loss 8.4599  logE[BER] -5.666  P_det_soft 0.2794  (30s)
  step 1100  JSR   -2.1  loss 8.9952  logE[BER] -4.789  P_det_soft 0.4206  (31s)
  step 1125  JSR   -8.9  loss 8.6698  logE[BER] -6.097  P_det_soft 0.2572  (32s)
  step 1150  JSR  -14.9  loss 10.8389  logE[BER] -8.861  P_det_soft 0.1978  (32s)
  step 1175  JSR   -6.1  loss 8.3622  logE[BER] -5.416  P_det_soft 0.2946  (33s)
  step 1200  JSR   -1.5  loss 8.5974  logE[BER] -4.745  P_det_soft 0.3852  (34s)
  step 1225  JSR  -15.7  loss 10.8882  logE[BER] -8.655  P_det_soft 0.2233  (34s)
  step 1250  JSR   -1.2  loss 9.5521  logE[BER] -4.688  P_det_soft 0.4864  (35s)
  step 1275  JSR   -2.7  loss 9.1134  logE[BER] -4.817  P_det_soft 0.4297  (36s)
  step 1300  JSR   -3.2  loss 8.7906  logE[BER] -5.067  P_det_soft 0.3724  (36s)
  step 1325  JSR   -6.0  loss 8.4254  logE[BER] -5.776  P_det_soft 0.2649  (37s)
  step 1350  JSR  -16.1  loss 10.6537  logE[BER] -8.634  P_det_soft 0.2020  (38s)
  step 1375  JSR   -6.4  loss 8.2638  logE[BER] -5.658  P_det_soft 0.2606  (38s)
  step 1400  JSR   -6.8  loss 8.2810  logE[BER] -5.691  P_det_soft 0.2590  (39s)
  step 1425  JSR  -15.8  loss 10.2459  logE[BER] -8.361  P_det_soft 0.1885  (40s)
  step 1450  JSR  -11.2  loss 9.4677  logE[BER] -7.343  P_det_soft 0.2124  (40s)
  step 1475  JSR   -3.4  loss 8.8441  logE[BER] -4.832  P_det_soft 0.4012  (41s)
  step 1500  JSR  -10.4  loss 8.9024  logE[BER] -6.499  P_det_soft 0.2404  (42s)
  step 1525  JSR   -8.6  loss 8.6026  logE[BER] -6.216  P_det_soft 0.2386  (42s)
  step 1550  JSR   -0.8  loss 9.4435  logE[BER] -4.683  P_det_soft 0.4760  (43s)
  step 1575  JSR  -13.9  loss 10.5322  logE[BER] -8.579  P_det_soft 0.1953  (44s)
  step 1600  JSR   -1.7  loss 9.1292  logE[BER] -4.857  P_det_soft 0.4272  (44s)
  step 1625  JSR  -15.3  loss 11.2614  logE[BER] -8.913  P_det_soft 0.2349  (45s)
  step 1650  JSR  -11.6  loss 9.3371  logE[BER] -7.263  P_det_soft 0.2074  (46s)
  step 1675  JSR  -14.7  loss 11.3413  logE[BER] -9.038  P_det_soft 0.2303  (46s)
  step 1700  JSR   -8.7  loss 8.7139  logE[BER] -6.248  P_det_soft 0.2466  (47s)
  step 1725  JSR   -6.5  loss 8.6202  logE[BER] -5.640  P_det_soft 0.2980  (48s)
  step 1750  JSR  -11.5  loss 8.8342  logE[BER] -6.764  P_det_soft 0.2071  (49s)
  step 1775  JSR  -11.6  loss 9.3337  logE[BER] -6.939  P_det_soft 0.2394  (49s)
  step 1800  JSR   -6.5  loss 8.4086  logE[BER] -5.780  P_det_soft 0.2628  (50s)
  step 1825  JSR   -4.4  loss 8.6821  logE[BER] -5.373  P_det_soft 0.3309  (51s)
  step 1850  JSR   -0.5  loss 9.2248  logE[BER] -4.568  P_det_soft 0.4657  (51s)
  step 1875  JSR  -14.8  loss 10.6241  logE[BER] -8.529  P_det_soft 0.2095  (52s)
  step 1900  JSR   -3.0  loss 8.6934  logE[BER] -5.114  P_det_soft 0.3580  (53s)
  step 1925  JSR   -9.8  loss 8.9048  logE[BER] -6.620  P_det_soft 0.2285  (53s)
  step 1950  JSR  -10.1  loss 8.7300  logE[BER] -6.531  P_det_soft 0.2199  (54s)
  step 1975  JSR   -0.2  loss 9.6531  logE[BER] -4.532  P_det_soft 0.5122  (55s)
  step 2000  JSR   -9.0  loss 8.4136  logE[BER] -6.023  P_det_soft 0.2390  (55s)
  step 2025  JSR   -5.1  loss 8.9265  logE[BER] -5.127  P_det_soft 0.3799  (56s)
  step 2050  JSR   -8.2  loss 8.3561  logE[BER] -6.081  P_det_soft 0.2275  (57s)
  step 2075  JSR   -4.6  loss 8.3768  logE[BER] -5.404  P_det_soft 0.2973  (57s)
  step 2100  JSR  -14.9  loss 10.6009  logE[BER] -8.609  P_det_soft 0.1992  (58s)
  step 2125  JSR   -3.4  loss 8.6232  logE[BER] -5.071  P_det_soft 0.3553  (59s)
  step 2150  JSR  -15.6  loss 11.7117  logE[BER] -9.654  P_det_soft 0.2057  (59s)
  step 2175  JSR   -6.5  loss 8.3758  logE[BER] -5.592  P_det_soft 0.2784  (60s)
  step 2200  JSR  -16.0  loss 12.5889  logE[BER] -10.498  P_det_soft 0.2091  (61s)
  step 2225  JSR   -0.9  loss 9.6954  logE[BER] -4.731  P_det_soft 0.4965  (61s)
  step 2250  JSR  -11.0  loss 9.0683  logE[BER] -6.907  P_det_soft 0.2161  (62s)
  step 2275  JSR   -5.1  loss 8.3497  logE[BER] -5.483  P_det_soft 0.2866  (63s)
  step 2300  JSR   -4.4  loss 8.4408  logE[BER] -5.365  P_det_soft 0.3076  (63s)
  step 2325  JSR   -7.2  loss 8.4963  logE[BER] -5.860  P_det_soft 0.2636  (64s)
  step 2350  JSR   -8.4  loss 9.3646  logE[BER] -6.681  P_det_soft 0.2684  (65s)
  step 2375  JSR   -9.2  loss 8.9153  logE[BER] -6.693  P_det_soft 0.2223  (66s)
  step 2400  JSR   -9.5  loss 8.7306  logE[BER] -6.463  P_det_soft 0.2268  (66s)
  step 2425  JSR  -10.8  loss 9.0283  logE[BER] -7.005  P_det_soft 0.2023  (67s)
  step 2450  JSR   -5.9  loss 8.1841  logE[BER] -5.537  P_det_soft 0.2647  (68s)
  step 2475  JSR  -12.7  loss 10.0030  logE[BER] -7.633  P_det_soft 0.2370  (68s)
  step 2500  JSR   -3.2  loss 8.7212  logE[BER] -5.062  P_det_soft 0.3659  (69s)
  step 2525  JSR   -9.6  loss 8.7617  logE[BER] -6.442  P_det_soft 0.2319  (70s)
  step 2550  JSR  -16.1  loss 12.4306  logE[BER] -10.217  P_det_soft 0.2214  (70s)
  step 2575  JSR   -0.3  loss 9.7638  logE[BER] -4.683  P_det_soft 0.5081  (71s)
  step 2600  JSR  -10.1  loss 9.3516  logE[BER] -6.953  P_det_soft 0.2398  (72s)
  step 2625  JSR   -1.0  loss 9.0650  logE[BER] -4.811  P_det_soft 0.4254  (72s)
  step 2650  JSR  -11.9  loss 9.6235  logE[BER] -7.365  P_det_soft 0.2258  (73s)
  step 2675  JSR  -10.9  loss 9.0977  logE[BER] -6.835  P_det_soft 0.2262  (74s)
  step 2700  JSR   -0.6  loss 9.4701  logE[BER] -4.849  P_det_soft 0.4621  (74s)
  step 2725  JSR   -6.1  loss 8.1891  logE[BER] -5.378  P_det_soft 0.2811  (75s)
  step 2750  JSR   -8.9  loss 8.7839  logE[BER] -6.365  P_det_soft 0.2419  (76s)
  step 2775  JSR  -15.8  loss 10.5685  logE[BER] -8.742  P_det_soft 0.1827  (76s)
  step 2800  JSR  -11.7  loss 9.2742  logE[BER] -7.221  P_det_soft 0.2053  (77s)
  step 2825  JSR  -11.2  loss 8.5902  logE[BER] -6.751  P_det_soft 0.1839  (78s)
  step 2850  JSR  -12.8  loss 9.7261  logE[BER] -7.688  P_det_soft 0.2039  (78s)
  step 2875  JSR   -8.0  loss 8.7355  logE[BER] -6.390  P_det_soft 0.2346  (79s)
  step 2900  JSR   -5.0  loss 8.4403  logE[BER] -5.237  P_det_soft 0.3203  (80s)
  step 2925  JSR  -13.0  loss 9.9483  logE[BER] -7.772  P_det_soft 0.2176  (81s)
  step 2950  JSR  -11.8  loss 8.9162  logE[BER] -6.915  P_det_soft 0.2001  (81s)
  step 2975  JSR  -14.9  loss 10.9699  logE[BER] -8.715  P_det_soft 0.2255  (82s)
  step 3000  JSR   -4.4  loss 8.5530  logE[BER] -5.308  P_det_soft 0.3245  (83s)
  step 3025  JSR   -9.2  loss 8.7842  logE[BER] -6.756  P_det_soft 0.2029  (83s)
  step 3050  JSR   -0.0  loss 10.0002  logE[BER] -4.647  P_det_soft 0.5353  (84s)
  step 3075  JSR  -13.3  loss 10.0094  logE[BER] -7.801  P_det_soft 0.2208  (85s)
  step 3100  JSR   -9.2  loss 8.9641  logE[BER] -6.558  P_det_soft 0.2406  (85s)
  step 3125  JSR  -14.0  loss 10.6140  logE[BER] -8.226  P_det_soft 0.2388  (86s)
  step 3150  JSR  -16.1  loss 11.1155  logE[BER] -8.930  P_det_soft 0.2185  (87s)
  step 3175  JSR  -10.1  loss 8.3683  logE[BER] -6.246  P_det_soft 0.2123  (87s)
  step 3200  JSR  -15.2  loss 10.3394  logE[BER] -8.411  P_det_soft 0.1929  (88s)
  step 3225  JSR   -7.4  loss 8.3749  logE[BER] -5.691  P_det_soft 0.2684  (89s)
  step 3250  JSR   -9.9  loss 8.6265  logE[BER] -6.321  P_det_soft 0.2306  (89s)
  step 3275  JSR   -5.2  loss 8.7400  logE[BER] -5.638  P_det_soft 0.3102  (90s)
  step 3300  JSR   -8.5  loss 8.5986  logE[BER] -6.201  P_det_soft 0.2398  (91s)
  step 3325  JSR   -8.8  loss 8.7412  logE[BER] -6.260  P_det_soft 0.2481  (91s)
  step 3350  JSR   -1.9  loss 9.2472  logE[BER] -4.817  P_det_soft 0.4430  (92s)
  step 3375  JSR   -2.8  loss 8.8885  logE[BER] -4.948  P_det_soft 0.3940  (93s)
  step 3400  JSR  -10.5  loss 9.1066  logE[BER] -6.727  P_det_soft 0.2379  (93s)
  step 3425  JSR  -10.7  loss 9.3311  logE[BER] -6.846  P_det_soft 0.2485  (94s)
  step 3450  JSR   -3.6  loss 8.8984  logE[BER] -5.123  P_det_soft 0.3775  (95s)
  step 3475  JSR   -3.1  loss 8.8104  logE[BER] -5.127  P_det_soft 0.3683  (95s)
  step 3500  JSR   -5.0  loss 8.6507  logE[BER] -5.500  P_det_soft 0.3151  (96s)
  step 3525  JSR   -9.5  loss 8.9458  logE[BER] -6.623  P_det_soft 0.2323  (97s)
  step 3550  JSR  -12.1  loss 9.5662  logE[BER] -7.351  P_det_soft 0.2215  (98s)
  step 3575  JSR  -15.7  loss 11.2495  logE[BER] -9.266  P_det_soft 0.1984  (98s)
  step 3600  JSR   -7.0  loss 8.4946  logE[BER] -5.848  P_det_soft 0.2647  (99s)
  step 3625  JSR   -2.9  loss 8.6075  logE[BER] -4.964  P_det_soft 0.3644  (100s)
  step 3650  JSR   -8.0  loss 8.8482  logE[BER] -6.074  P_det_soft 0.2774  (100s)
  step 3675  JSR  -16.1  loss 12.5893  logE[BER] -10.638  P_det_soft 0.1951  (101s)
  step 3700  JSR   -8.2  loss 8.2761  logE[BER] -5.899  P_det_soft 0.2377  (102s)
  step 3725  JSR   -2.2  loss 8.5242  logE[BER] -4.880  P_det_soft 0.3645  (102s)
  step 3750  JSR   -3.5  loss 8.2558  logE[BER] -5.053  P_det_soft 0.3203  (103s)
  step 3775  JSR  -15.4  loss 11.5040  logE[BER] -9.469  P_det_soft 0.2035  (104s)
  step 3800  JSR   -2.0  loss 9.2761  logE[BER] -4.841  P_det_soft 0.4435  (104s)
  step 3825  JSR   -7.5  loss 8.4725  logE[BER] -5.925  P_det_soft 0.2548  (105s)
  step 3850  JSR   -3.8  loss 8.6002  logE[BER] -5.042  P_det_soft 0.3558  (106s)
  step 3875  JSR   -8.3  loss 8.4458  logE[BER] -6.053  P_det_soft 0.2392  (106s)
  step 3900  JSR   -6.9  loss 8.3369  logE[BER] -5.870  P_det_soft 0.2467  (107s)
  step 3925  JSR   -4.6  loss 8.8043  logE[BER] -5.190  P_det_soft 0.3614  (108s)
  step 3950  JSR   -5.6  loss 8.4271  logE[BER] -5.518  P_det_soft 0.2909  (108s)
  step 3975  JSR   -9.3  loss 8.5472  logE[BER] -6.085  P_det_soft 0.2462  (109s)
  step 3999  JSR  -11.6  loss 9.2399  logE[BER] -7.040  P_det_soft 0.2200  (110s)
wrote gan/energy_b10_r0_G.pt, gan/energy_b10_r0.json in 111s
