node: tikgpu04.ee.ethz.ch | gpu: NVIDIA TITAN RTX
env fading_k28 = {'noise_unc_db': 0.0, 'rician_k_db': 28.0} | SNR 15 dB (Es/N0 24.03 dB) | device cuda:0 | full
spectrogram scale: vmin -29.41 dB, vmax 39.33 dB
dataset: 1578 frames (1105 train / 473 val), 2s
epoch   1  train loss 0.6825 acc 0.5511 | val loss 0.6727 acc 0.6089  (7s)
epoch   2  train loss 0.6498 acc 0.6869 | val loss 0.6418 acc 0.6934  (12s)
epoch   3  train loss 0.6293 acc 0.7167 | val loss 0.6154 acc 0.7400  (17s)
epoch   4  train loss 0.6093 acc 0.7330 | val loss 0.5935 acc 0.7526  (21s)
epoch   5  train loss 0.5894 acc 0.7376 | val loss 0.5716 acc 0.7674  (26s)
epoch   6  train loss 0.5700 acc 0.7656 | val loss 0.5543 acc 0.7780  (31s)
epoch   7  train loss 0.5508 acc 0.7937 | val loss 0.5337 acc 0.7907  (35s)
epoch   8  train loss 0.5373 acc 0.7946 | val loss 0.5174 acc 0.7970  (40s)
epoch   9  train loss 0.5269 acc 0.7910 | val loss 0.5020 acc 0.8118  (45s)
epoch  10  train loss 0.5155 acc 0.7882 | val loss 0.4906 acc 0.8140  (50s)
epoch  11  train loss 0.4985 acc 0.8072 | val loss 0.4779 acc 0.8140  (54s)
epoch  12  train loss 0.4919 acc 0.8090 | val loss 0.4630 acc 0.8203  (59s)
epoch  13  train loss 0.4811 acc 0.8090 | val loss 0.4505 acc 0.8203  (64s)
epoch  14  train loss 0.4697 acc 0.8208 | val loss 0.4397 acc 0.8245  (69s)
epoch  15  train loss 0.4520 acc 0.8244 | val loss 0.4252 acc 0.8309  (74s)
epoch  16  train loss 0.4456 acc 0.8244 | val loss 0.4139 acc 0.8330  (79s)
epoch  17  train loss 0.4362 acc 0.8362 | val loss 0.4055 acc 0.8351  (83s)
epoch  18  train loss 0.4227 acc 0.8452 | val loss 0.3964 acc 0.8372  (88s)
epoch  19  train loss 0.4122 acc 0.8452 | val loss 0.3888 acc 0.8372  (93s)
epoch  20  train loss 0.4065 acc 0.8389 | val loss 0.3779 acc 0.8372  (98s)
epoch  21  train loss 0.3945 acc 0.8643 | val loss 0.3686 acc 0.8499  (103s)
epoch  22  train loss 0.3820 acc 0.8507 | val loss 0.3628 acc 0.8499  (108s)
epoch  23  train loss 0.3774 acc 0.8552 | val loss 0.3568 acc 0.8499  (113s)
epoch  24  train loss 0.3760 acc 0.8489 | val loss 0.3511 acc 0.8457  (118s)
epoch  25  train loss 0.3611 acc 0.8624 | val loss 0.3444 acc 0.8520  (123s)
epoch  26  train loss 0.3562 acc 0.8633 | val loss 0.3381 acc 0.8562  (129s)
epoch  27  train loss 0.3502 acc 0.8633 | val loss 0.3251 acc 0.8647  (134s)
epoch  28  train loss 0.3388 acc 0.8724 | val loss 0.3276 acc 0.8562  (139s)
epoch  29  train loss 0.3360 acc 0.8679 | val loss 0.3211 acc 0.8605  (144s)
epoch  30  train loss 0.3246 acc 0.8814 | val loss 0.3109 acc 0.8689  (149s)
epoch  31  train loss 0.3257 acc 0.8787 | val loss 0.3036 acc 0.8753  (154s)
epoch  32  train loss 0.3132 acc 0.8805 | val loss 0.3102 acc 0.8626  (160s)
epoch  33  train loss 0.3062 acc 0.8923 | val loss 0.2980 acc 0.8753  (165s)
epoch  34  train loss 0.3046 acc 0.8887 | val loss 0.3009 acc 0.8668  (170s)
epoch  35  train loss 0.2953 acc 0.8941 | val loss 0.2877 acc 0.8795  (175s)
epoch  36  train loss 0.2919 acc 0.8950 | val loss 0.2792 acc 0.8816  (181s)
epoch  37  train loss 0.2813 acc 0.8968 | val loss 0.2797 acc 0.8985  (186s)
epoch  38  train loss 0.2708 acc 0.8986 | val loss 0.2815 acc 0.8774  (191s)
epoch  39  train loss 0.2769 acc 0.8995 | val loss 0.2754 acc 0.8816  (196s)
epoch  40  train loss 0.2667 acc 0.9113 | val loss 0.2646 acc 0.9006  (202s)
epoch  41  train loss 0.2629 acc 0.9023 | val loss 0.2645 acc 0.8943  (207s)
epoch  42  train loss 0.2528 acc 0.9104 | val loss 0.2588 acc 0.8964  (212s)
epoch  43  train loss 0.2506 acc 0.9131 | val loss 0.2592 acc 0.8901  (217s)
epoch  44  train loss 0.2564 acc 0.9014 | val loss 0.2554 acc 0.8943  (223s)
epoch  45  train loss 0.2424 acc 0.9104 | val loss 0.2583 acc 0.8964  (228s)
epoch  46  train loss 0.2378 acc 0.9086 | val loss 0.2551 acc 0.8943  (233s)
epoch  47  train loss 0.2376 acc 0.9131 | val loss 0.2592 acc 0.8943  (238s)
epoch  48  train loss 0.2341 acc 0.9140 | val loss 0.2421 acc 0.9154  (244s)
epoch  49  train loss 0.2300 acc 0.9222 | val loss 0.2438 acc 0.9049  (249s)
epoch  50  train loss 0.2185 acc 0.9249 | val loss 0.2442 acc 0.9027  (254s)
epoch  51  train loss 0.2266 acc 0.9158 | val loss 0.2360 acc 0.9239  (259s)
epoch  52  train loss 0.2107 acc 0.9176 | val loss 0.2354 acc 0.9154  (265s)
epoch  53  train loss 0.2159 acc 0.9240 | val loss 0.2380 acc 0.9112  (270s)
epoch  54  train loss 0.2172 acc 0.9294 | val loss 0.2376 acc 0.9112  (275s)
epoch  55  train loss 0.2111 acc 0.9195 | val loss 0.2424 acc 0.9070  (281s)
epoch  56  train loss 0.1957 acc 0.9339 | val loss 0.2488 acc 0.8943  (286s)
epoch  57  train loss 0.1959 acc 0.9339 | val loss 0.2366 acc 0.9112  (291s)
epoch  58  train loss 0.1945 acc 0.9312 | val loss 0.2273 acc 0.9175  (296s)
epoch  59  train loss 0.1917 acc 0.9267 | val loss 0.2274 acc 0.9154  (302s)
epoch  60  train loss 0.1891 acc 0.9285 | val loss 0.2281 acc 0.9175  (307s)
epoch  61  train loss 0.1747 acc 0.9430 | val loss 0.2259 acc 0.9197  (312s)
epoch  62  train loss 0.1826 acc 0.9285 | val loss 0.2224 acc 0.9197  (318s)
epoch  63  train loss 0.1707 acc 0.9403 | val loss 0.2153 acc 0.9281  (323s)
epoch  64  train loss 0.1650 acc 0.9493 | val loss 0.2298 acc 0.9154  (329s)
epoch  65  train loss 0.1679 acc 0.9412 | val loss 0.2226 acc 0.9218  (334s)
epoch  66  train loss 0.1617 acc 0.9466 | val loss 0.2285 acc 0.9133  (340s)
epoch  67  train loss 0.1676 acc 0.9385 | val loss 0.2181 acc 0.9218  (345s)
epoch  68  train loss 0.1596 acc 0.9439 | val loss 0.2184 acc 0.9239  (350s)
epoch  69  train loss 0.1681 acc 0.9376 | val loss 0.2118 acc 0.9260  (356s)
epoch  70  train loss 0.1618 acc 0.9439 | val loss 0.2215 acc 0.9154  (361s)
epoch  71  train loss 0.1584 acc 0.9484 | val loss 0.2219 acc 0.9175  (367s)
epoch  72  train loss 0.1405 acc 0.9575 | val loss 0.2184 acc 0.9197  (372s)
epoch  73  train loss 0.1409 acc 0.9548 | val loss 0.2049 acc 0.9323  (377s)
epoch  74  train loss 0.1331 acc 0.9593 | val loss 0.2023 acc 0.9323  (383s)
epoch  75  train loss 0.1390 acc 0.9584 | val loss 0.2279 acc 0.9218  (388s)
epoch  76  train loss 0.1435 acc 0.9548 | val loss 0.1999 acc 0.9408  (393s)
epoch  77  train loss 0.1452 acc 0.9538 | val loss 0.2255 acc 0.9154  (399s)
epoch  78  train loss 0.1358 acc 0.9575 | val loss 0.2100 acc 0.9260  (404s)
epoch  79  train loss 0.1235 acc 0.9629 | val loss 0.1959 acc 0.9366  (410s)
epoch  80  train loss 0.1330 acc 0.9511 | val loss 0.2019 acc 0.9302  (415s)
epoch  81  train loss 0.1192 acc 0.9692 | val loss 0.2189 acc 0.9175  (420s)
epoch  82  train loss 0.1083 acc 0.9665 | val loss 0.1984 acc 0.9302  (426s)
epoch  83  train loss 0.1313 acc 0.9557 | val loss 0.2081 acc 0.9323  (431s)
epoch  84  train loss 0.1145 acc 0.9710 | val loss 0.2092 acc 0.9260  (436s)
epoch  85  train loss 0.1198 acc 0.9548 | val loss 0.1973 acc 0.9387  (442s)
epoch  86  train loss 0.0997 acc 0.9729 | val loss 0.1973 acc 0.9345  (447s)
epoch  87  train loss 0.1193 acc 0.9602 | val loss 0.2024 acc 0.9366  (452s)
epoch  88  train loss 0.0960 acc 0.9674 | val loss 0.2294 acc 0.9197  (458s)
epoch  89  train loss 0.1110 acc 0.9620 | val loss 0.2054 acc 0.9302  (463s)
epoch  90  train loss 0.1111 acc 0.9620 | val loss 0.1951 acc 0.9366  (469s)
epoch  91  train loss 0.1043 acc 0.9692 | val loss 0.2025 acc 0.9345  (474s)
epoch  92  train loss 0.1008 acc 0.9692 | val loss 0.2083 acc 0.9345  (479s)
epoch  93  train loss 0.0892 acc 0.9792 | val loss 0.1940 acc 0.9387  (485s)
epoch  94  train loss 0.1072 acc 0.9602 | val loss 0.1915 acc 0.9387  (490s)
epoch  95  train loss 0.0992 acc 0.9710 | val loss 0.1962 acc 0.9408  (495s)
epoch  96  train loss 0.1007 acc 0.9692 | val loss 0.2027 acc 0.9323  (501s)
epoch  97  train loss 0.0892 acc 0.9792 | val loss 0.1915 acc 0.9366  (506s)
epoch  98  train loss 0.1021 acc 0.9647 | val loss 0.2106 acc 0.9323  (512s)
epoch  99  train loss 0.0912 acc 0.9738 | val loss 0.1960 acc 0.9345  (517s)
epoch 100  train loss 0.0939 acc 0.9774 | val loss 0.1981 acc 0.9366  (522s)
  calibrated on 20000 clean frames: energy mean 1.00400 (c0^2 + N0 = 1.00395), thresholds@0.05 energy 1.0996 energy_2s 0.1109 kurtosis 0.049583 spec_cnn -1.1436 energy_csi 1.0169, clean BER 0.00e+00 PER 0.0000

--- Li et al. spectrogram CNN, retrained on env fading_k28 ---
validation accuracy 0.9366 (S4/D6 15 dB r0: 0.932); detection rate on jammed 0.8893, FAR (argmax) 0.0091, AUC 0.9713 (r0: 0.978)
per type (val): {'clean': 0.9909090909090909, 'barrage': 0.9836065573770493, 'tone': 0.9666666666666667, 'pulse_comb': 0.9066666666666667, 'protocol_aware': 0.6842105263157894}
P(det) at alpha 0.05 vs JSR [np.float64(-30.0), np.float64(-28.0), np.float64(-26.0), np.float64(-24.0), np.float64(-22.0), np.float64(-20.0), np.float64(-18.0), np.float64(-16.0), np.float64(-14.0), np.float64(-12.0), np.float64(-10.0), np.float64(-8.0), np.float64(-6.0), np.float64(-4.0), np.float64(-2.0), np.float64(0.0), np.float64(2.0), np.float64(4.0), np.float64(6.0), np.float64(8.0), np.float64(10.0)]:
  barrage         0.07 0.08 0.12 0.15 0.36 0.64 0.95 1.00 1.00 1.00 1.00 1.00 1.00 1.00 1.00 1.00 1.00 1.00 1.00 1.00 1.00
  tone            0.08 0.14 0.21 0.33 0.49 0.70 0.84 0.92 0.95 0.98 1.00 1.00 1.00 1.00 1.00 1.00 1.00 1.00 1.00 1.00 1.00
  pulse_comb      0.07 0.11 0.15 0.20 0.39 0.68 0.95 1.00 1.00 1.00 1.00 1.00 1.00 1.00 1.00 1.00 1.00 1.00 1.00 1.00 1.00
  protocol_aware  0.07 0.07 0.11 0.11 0.12 0.20 0.27 0.32 0.39 0.54 0.71 0.82 0.94 0.98 1.00 1.00 1.00 1.00 1.00 1.00 1.00
done in 554s
