Run 001
Using cpu device
Wrapping the env with a `Monitor` wrapper
Wrapping the env in a DummyVecEnv.
-----------------------------
| time/              |      |
|    fps             | 9    |
|    iterations      | 1    |
|    time_elapsed    | 212  |
|    total_timesteps | 2048 |
-----------------------------
---------------------------------------
| time/                   |           |
|    fps                  | 6         |
|    iterations           | 2         |
|    time_elapsed         | 591       |
|    total_timesteps      | 4096      |
| train/                  |           |
|    approx_kl            | 0.0725674 |
|    clip_fraction        | 0.59      |
|    clip_range           | 0.2       |
|    entropy_loss         | -44.1     |
|    explained_variance   | -1.14     |
|    learning_rate        | 0.0003    |
|    loss                 | 0.471     |
|    n_updates            | 10        |
|    policy_gradient_loss | -0.109    |
|    std                  | 1         |
|    value_loss           | 11.5      |
---------------------------------------
----------------------------------------
| time/                   |            |
|    fps                  | 6          |
|    iterations           | 3          |
|    time_elapsed         | 972        |
|    total_timesteps      | 6144       |
| train/                  |            |
|    approx_kl            | 0.23896289 |
|    clip_fraction        | 0.638      |
|    clip_range           | 0.2        |
|    entropy_loss         | -44.1      |
|    explained_variance   | -0.862     |
|    learning_rate        | 0.0003     |
|    loss                 | -0.0617    |
|    n_updates            | 20         |
|    policy_gradient_loss | -0.101     |
|    std                  | 1          |
|    value_loss           | 2.18       |
----------------------------------------
----------------------------------------
| time/                   |            |
|    fps                  | 6          |
|    iterations           | 4          |
|    time_elapsed         | 1355       |
|    total_timesteps      | 8192       |
| train/                  |            |
|    approx_kl            | 0.20185423 |
|    clip_fraction        | 0.609      |
|    clip_range           | 0.2        |
|    entropy_loss         | -44        |
|    explained_variance   | -0.424     |
|    learning_rate        | 0.0003     |
|    loss                 | 0.0622     |
|    n_updates            | 30         |
|    policy_gradient_loss | -0.105     |
|    std                  | 1          |
|    value_loss           | 1.26       |
----------------------------------------
----------------------------------------
| time/                   |            |
|    fps                  | 5          |
|    iterations           | 5          |
|    time_elapsed         | 1738       |
|    total_timesteps      | 10240      |
| train/                  |            |
|    approx_kl            | 0.21915369 |
|    clip_fraction        | 0.649      |
|    clip_range           | 0.2        |
|    entropy_loss         | -43.9      |
|    explained_variance   | -0.432     |
|    learning_rate        | 0.0003     |
|    loss                 | 0.0577     |
|    n_updates            | 40         |
|    policy_gradient_loss | -0.111     |
|    std                  | 1          |
|    value_loss           | 0.854      |
----------------------------------------
----------------------------------------
| time/                   |            |
|    fps                  | 5          |
|    iterations           | 6          |
|    time_elapsed         | 2125       |
|    total_timesteps      | 12288      |
| train/                  |            |
|    approx_kl            | 0.24826136 |
|    clip_fraction        | 0.667      |
|    clip_range           | 0.2        |
|    entropy_loss         | -43.9      |
|    explained_variance   | -0.347     |
|    learning_rate        | 0.0003     |
|    loss                 | -0.0389    |
|    n_updates            | 50         |
|    policy_gradient_loss | -0.112     |
|    std                  | 1          |
|    value_loss           | 0.558      |
----------------------------------------
----------------------------------------
| time/                   |            |
|    fps                  | 5          |
|    iterations           | 7          |
|    time_elapsed         | 2512       |
|    total_timesteps      | 14336      |
| train/                  |            |
|    approx_kl            | 0.27831328 |
|    clip_fraction        | 0.667      |
|    clip_range           | 0.2        |
|    entropy_loss         | -43.9      |
|    explained_variance   | -0.264     |
|    learning_rate        | 0.0003     |
|    loss                 | -0.0256    |
|    n_updates            | 60         |
|    policy_gradient_loss | -0.114     |
|    std                  | 1          |
|    value_loss           | 0.409      |
----------------------------------------
---------------------------------------
| time/                   |           |
|    fps                  | 5         |
|    iterations           | 8         |
|    time_elapsed         | 2900      |
|    total_timesteps      | 16384     |
| train/                  |           |
|    approx_kl            | 0.2852957 |
|    clip_fraction        | 0.689     |
|    clip_range           | 0.2       |
|    entropy_loss         | -43.9     |
|    explained_variance   | -0.105    |
|    learning_rate        | 0.0003    |
|    loss                 | -0.0565   |
|    n_updates            | 70        |
|    policy_gradient_loss | -0.117    |
|    std                  | 1         |
|    value_loss           | 0.371     |
---------------------------------------
----------------------------------------
| time/                   |            |
|    fps                  | 5          |
|    iterations           | 9          |
|    time_elapsed         | 3286       |
|    total_timesteps      | 18432      |
| train/                  |            |
|    approx_kl            | 0.29045475 |
|    clip_fraction        | 0.715      |
|    clip_range           | 0.2        |
|    entropy_loss         | -43.9      |
|    explained_variance   | -0.106     |
|    learning_rate        | 0.0003     |
|    loss                 | -0.00606   |
|    n_updates            | 80         |
|    policy_gradient_loss | -0.117     |
|    std                  | 1          |
|    value_loss           | 0.333      |
----------------------------------------
----------------------------------------
| time/                   |            |
|    fps                  | 5          |
|    iterations           | 10         |
|    time_elapsed         | 3672       |
|    total_timesteps      | 20480      |
| train/                  |            |
|    approx_kl            | 0.29891026 |
|    clip_fraction        | 0.708      |
|    clip_range           | 0.2        |
|    entropy_loss         | -43.9      |
|    explained_variance   | -0.0536    |
|    learning_rate        | 0.0003     |
|    loss                 | 0.0279     |
|    n_updates            | 90         |
|    policy_gradient_loss | -0.119     |
|    std                  | 1          |
|    value_loss           | 0.375      |
----------------------------------------
----------------------------------------
| time/                   |            |
|    fps                  | 5          |
|    iterations           | 11         |
|    time_elapsed         | 4060       |
|    total_timesteps      | 22528      |
| train/                  |            |
|    approx_kl            | 0.30202347 |
|    clip_fraction        | 0.72       |
|    clip_range           | 0.2        |
|    entropy_loss         | -43.9      |
|    explained_variance   | -0.0766    |
|    learning_rate        | 0.0003     |
|    loss                 | -0.0121    |
|    n_updates            | 100        |
|    policy_gradient_loss | -0.119     |
|    std                  | 1          |
|    value_loss           | 0.274      |
----------------------------------------
----------------------------------------
| time/                   |            |
|    fps                  | 5          |
|    iterations           | 12         |
|    time_elapsed         | 4448       |
|    total_timesteps      | 24576      |
| train/                  |            |
|    approx_kl            | 0.33322722 |
|    clip_fraction        | 0.72       |
|    clip_range           | 0.2        |
|    entropy_loss         | -43.9      |
|    explained_variance   | -0.048     |
|    learning_rate        | 0.0003     |
|    loss                 | -0.0116    |
|    n_updates            | 110        |
|    policy_gradient_loss | -0.12      |
|    std                  | 1          |
|    value_loss           | 0.252      |
----------------------------------------
---------------------------------------
| time/                   |           |
|    fps                  | 5         |
|    iterations           | 13        |
|    time_elapsed         | 4836      |
|    total_timesteps      | 26624     |
| train/                  |           |
|    approx_kl            | 0.3009504 |
|    clip_fraction        | 0.72      |
|    clip_range           | 0.2       |
|    entropy_loss         | -43.9     |
|    explained_variance   | -0.0317   |
|    learning_rate        | 0.0003    |
|    loss                 | -0.0055   |
|    n_updates            | 120       |
|    policy_gradient_loss | -0.121    |
|    std                  | 1         |
|    value_loss           | 0.27      |
---------------------------------------
----------------------------------------
| time/                   |            |
|    fps                  | 5          |
|    iterations           | 14         |
|    time_elapsed         | 5225       |
|    total_timesteps      | 28672      |
| train/                  |            |
|    approx_kl            | 0.32800376 |
|    clip_fraction        | 0.732      |
|    clip_range           | 0.2        |
|    entropy_loss         | -43.7      |
|    explained_variance   | -0.0266    |
|    learning_rate        | 0.0003     |
|    loss                 | -0.0355    |
|    n_updates            | 130        |
|    policy_gradient_loss | -0.12      |
|    std                  | 1          |
|    value_loss           | 0.245      |
----------------------------------------
----------------------------------------
| time/                   |            |
|    fps                  | 5          |
|    iterations           | 15         |
|    time_elapsed         | 5612       |
|    total_timesteps      | 30720      |
| train/                  |            |
|    approx_kl            | 0.34014815 |
|    clip_fraction        | 0.731      |
|    clip_range           | 0.2        |
|    entropy_loss         | -43.7      |
|    explained_variance   | -0.0357    |
|    learning_rate        | 0.0003     |
|    loss                 | -0.0435    |
|    n_updates            | 140        |
|    policy_gradient_loss | -0.122     |
|    std                  | 1          |
|    value_loss           | 0.234      |
----------------------------------------
----------------------------------------
| time/                   |            |
|    fps                  | 5          |
|    iterations           | 16         |
|    time_elapsed         | 6001       |
|    total_timesteps      | 32768      |
| train/                  |            |
|    approx_kl            | 0.34788808 |
|    clip_fraction        | 0.743      |
|    clip_range           | 0.2        |
|    entropy_loss         | -43.6      |
|    explained_variance   | -0.0256    |
|    learning_rate        | 0.0003     |
|    loss                 | -0.0657    |
|    n_updates            | 150        |
|    policy_gradient_loss | -0.122     |
|    std                  | 1          |
|    value_loss           | 0.231      |
----------------------------------------
---------------------------------------
| time/                   |           |
|    fps                  | 5         |
|    iterations           | 17        |
|    time_elapsed         | 6391      |
|    total_timesteps      | 34816     |
| train/                  |           |
|    approx_kl            | 0.3411285 |
|    clip_fraction        | 0.734     |
|    clip_range           | 0.2       |
|    entropy_loss         | -43.6     |
|    explained_variance   | -0.0212   |
|    learning_rate        | 0.0003    |
|    loss                 | -0.0407   |
|    n_updates            | 160       |
|    policy_gradient_loss | -0.123    |
|    std                  | 1         |
|    value_loss           | 0.254     |
---------------------------------------
----------------------------------------
| time/                   |            |
|    fps                  | 5          |
|    iterations           | 18         |
|    time_elapsed         | 6777       |
|    total_timesteps      | 36864      |
| train/                  |            |
|    approx_kl            | 0.37532246 |
|    clip_fraction        | 0.754      |
|    clip_range           | 0.2        |
|    entropy_loss         | -43.7      |
|    explained_variance   | -0.0262    |
|    learning_rate        | 0.0003     |
|    loss                 | 0.0248     |
|    n_updates            | 170        |
|    policy_gradient_loss | -0.122     |
|    std                  | 1          |
|    value_loss           | 0.265      |
----------------------------------------
----------------------------------------
| time/                   |            |
|    fps                  | 5          |
|    iterations           | 19         |
|    time_elapsed         | 7164       |
|    total_timesteps      | 38912      |
| train/                  |            |
|    approx_kl            | 0.36073315 |
|    clip_fraction        | 0.738      |
|    clip_range           | 0.2        |
|    entropy_loss         | -43.7      |
|    explained_variance   | -0.0305    |
|    learning_rate        | 0.0003     |
|    loss                 | 0.0386     |
|    n_updates            | 180        |
|    policy_gradient_loss | -0.118     |
|    std                  | 1          |
|    value_loss           | 0.27       |
----------------------------------------
---------------------------------------
| time/                   |           |
|    fps                  | 5         |
|    iterations           | 20        |
|    time_elapsed         | 7552      |
|    total_timesteps      | 40960     |
| train/                  |           |
|    approx_kl            | 0.4284457 |
|    clip_fraction        | 0.756     |
|    clip_range           | 0.2       |
|    entropy_loss         | -43.7     |
|    explained_variance   | -0.0286   |
|    learning_rate        | 0.0003    |
|    loss                 | -0.032    |
|    n_updates            | 190       |
|    policy_gradient_loss | -0.12     |
|    std                  | 1         |
|    value_loss           | 0.291     |
---------------------------------------
---------------------------------------
| time/                   |           |
|    fps                  | 5         |
|    iterations           | 21        |
|    time_elapsed         | 7938      |
|    total_timesteps      | 43008     |
| train/                  |           |
|    approx_kl            | 0.4092418 |
|    clip_fraction        | 0.755     |
|    clip_range           | 0.2       |
|    entropy_loss         | -43.6     |
|    explained_variance   | -0.0236   |
|    learning_rate        | 0.0003    |
|    loss                 | -0.0405   |
|    n_updates            | 200       |
|    policy_gradient_loss | -0.121    |
|    std                  | 1         |
|    value_loss           | 0.248     |
---------------------------------------
----------------------------------------
| time/                   |            |
|    fps                  | 5          |
|    iterations           | 22         |
|    time_elapsed         | 8325       |
|    total_timesteps      | 45056      |
| train/                  |            |
|    approx_kl            | 0.44444272 |
|    clip_fraction        | 0.761      |
|    clip_range           | 0.2        |
|    entropy_loss         | -43.5      |
|    explained_variance   | -0.0155    |
|    learning_rate        | 0.0003     |
|    loss                 | 0.0308     |
|    n_updates            | 210        |
|    policy_gradient_loss | -0.12      |
|    std                  | 1          |
|    value_loss           | 0.29       |
----------------------------------------
----------------------------------------
| time/                   |            |
|    fps                  | 5          |
|    iterations           | 23         |
|    time_elapsed         | 8710       |
|    total_timesteps      | 47104      |
| train/                  |            |
|    approx_kl            | 0.45629236 |
|    clip_fraction        | 0.759      |
|    clip_range           | 0.2        |
|    entropy_loss         | -43.4      |
|    explained_variance   | -0.0322    |
|    learning_rate        | 0.0003     |
|    loss                 | -0.0567    |
|    n_updates            | 220        |
|    policy_gradient_loss | -0.122     |
|    std                  | 1          |
|    value_loss           | 0.206      |
----------------------------------------
----------------------------------------
| time/                   |            |
|    fps                  | 5          |
|    iterations           | 24         |
|    time_elapsed         | 9095       |
|    total_timesteps      | 49152      |
| train/                  |            |
|    approx_kl            | 0.46128398 |
|    clip_fraction        | 0.752      |
|    clip_range           | 0.2        |
|    entropy_loss         | -43.5      |
|    explained_variance   | -0.0199    |
|    learning_rate        | 0.0003     |
|    loss                 | -0.0344    |
|    n_updates            | 230        |
|    policy_gradient_loss | -0.119     |
|    std                  | 1          |
|    value_loss           | 0.283      |
----------------------------------------
----------------------------------------
| time/                   |            |
|    fps                  | 5          |
|    iterations           | 25         |
|    time_elapsed         | 9480       |
|    total_timesteps      | 51200      |
| train/                  |            |
|    approx_kl            | 0.47594982 |
|    clip_fraction        | 0.761      |
|    clip_range           | 0.2        |
|    entropy_loss         | -43.5      |
|    explained_variance   | -0.0311    |
|    learning_rate        | 0.0003     |
|    loss                 | -0.0258    |
|    n_updates            | 240        |
|    policy_gradient_loss | -0.116     |
|    std                  | 1          |
|    value_loss           | 0.243      |
----------------------------------------
Saved → /home/rrahman/StudentClusterBT/StudentClusterBT/simulation03/runs/run001.png
Saved → /home/rrahman/StudentClusterBT/StudentClusterBT/simulation03/runs/run001_iq.png
