Traceback (most recent call last):
  File "/home/rrahman/StudentClusterBT/Tabula Rasa/simulation06/train_detector.py", line 317, in <module>
    main()
  File "/home/rrahman/StudentClusterBT/Tabula Rasa/simulation06/train_detector.py", line 284, in main
    tl, ta = train_one_epoch(model, train_loader, criterion, optimizer)
             ^^^^^^^^^^^^^^^^^^^^^^^^^^^^^^^^^^^^^^^^^^^^^^^^^^^^^^^^^^
  File "/home/rrahman/StudentClusterBT/Tabula Rasa/simulation06/train_detector.py", line 136, in train_one_epoch
    for images, labels in loader:
  File "/work/scratch/rrahman/bt_env/lib/python3.12/site-packages/torch/utils/data/dataloader.py", line 718, in __next__
    data = self._next_data()
           ^^^^^^^^^^^^^^^^^
  File "/work/scratch/rrahman/bt_env/lib/python3.12/site-packages/torch/utils/data/dataloader.py", line 780, in _next_data
    data = _utils.pin_memory.pin_memory(data, self._pin_memory_device)
           ^^^^^^^^^^^^^^^^^^^^^^^^^^^^^^^^^^^^^^^^^^^^^^^^^^^^^^^^^^^
  File "/work/scratch/rrahman/bt_env/lib/python3.12/site-packages/torch/utils/data/_utils/pin_memory.py", line 100, in pin_memory
    clone[i] = pin_memory(item, device)
               ^^^^^^^^^^^^^^^^^^^^^^^^
  File "/work/scratch/rrahman/bt_env/lib/python3.12/site-packages/torch/utils/data/_utils/pin_memory.py", line 57, in pin_memory
    return data.pin_memory()
           ^^^^^^^^^^^^^^^^^
RuntimeError: cannot pin 'torch.cuda.FloatTensor' only dense CPU tensors can be pinned
