imports starting...
imports done — CUDA: False
Run 003
Using device: cpu
training started...
step     0 |  2.23 sps (avg 2.23) | loss 4.6889 | BER 0.315 | det 1.000 | kurt -0.163 | p1=2.151  p2=2.164
step    50 |  4.10 sps (avg 4.03) | loss 4.4094 | BER 0.347 | det 1.000 | kurt -0.410 | p1=2.433  p2=2.377
step   100 |  4.46 sps (avg 4.23) | loss 3.7452 | BER 0.411 | det 0.594 | kurt -0.976 | p1=2.835  p2=2.738
step   150 |  4.47 sps (avg 4.31) | loss 2.8328 | BER 0.429 | det 0.453 | kurt -0.982 | p1=1.298  p2=1.059
step   200 |  4.46 sps (avg 4.35) | loss 2.1727 | BER 0.004 | det 0.016 | kurt -1.571 | p1=0.438  p2=0.431
step   250 |  4.48 sps (avg 4.37) | loss 2.1468 | BER 0.003 | det 0.016 | kurt -1.647 | p1=0.246  p2=0.263
step   300 |  4.44 sps (avg 4.38) | loss 2.1360 | BER 0.001 | det 0.000 | kurt -1.666 | p1=0.160  p2=0.178
step   350 |  4.49 sps (avg 4.40) | loss 2.2063 | BER 0.002 | det 0.016 | kurt -1.626 | p1=0.132  p2=0.114
step   400 |  4.46 sps (avg 4.41) | loss 2.1242 | BER 0.001 | det 0.000 | kurt -1.713 | p1=0.091  p2=0.097
step   450 |  4.51 sps (avg 4.42) | loss 2.1248 | BER 0.002 | det 0.000 | kurt -1.729 | p1=0.079  p2=0.091
Saved → /home/rrahman/StudentClusterBT/Tabula Rasa/simulation04/../artifacts/sim04/run003.png
Saved → /home/rrahman/StudentClusterBT/Tabula Rasa/simulation04/../artifacts/sim04/run003_iq.png
Saved model → /home/rrahman/StudentClusterBT/Tabula Rasa/simulation04/../artifacts/sim04/run003_model.pt
step   500 |  3.59 sps (avg 4.32) | loss 2.1238 | BER 0.001 | det 0.000 | kurt -1.669 | p1=0.080  p2=0.075
step   550 |  4.54 sps (avg 4.34) | loss 2.1208 | BER 0.001 | det 0.000 | kurt -1.698 | p1=0.075  p2=0.066
step   600 |  4.59 sps (avg 4.36) | loss 2.1730 | BER 0.005 | det 0.047 | kurt -1.563 | p1=0.092  p2=0.089
step   650 |  4.62 sps (avg 4.38) | loss 2.1113 | BER 0.001 | det 0.000 | kurt -1.693 | p1=0.072  p2=0.070
step   700 |  4.59 sps (avg 4.39) | loss 2.1141 | BER 0.002 | det 0.000 | kurt -1.623 | p1=0.071  p2=0.073
step   750 |  4.59 sps (avg 4.40) | loss 2.1067 | BER 0.001 | det 0.000 | kurt -1.713 | p1=0.049  p2=0.063
step   800 |  4.60 sps (avg 4.42) | loss 2.0975 | BER 0.003 | det 0.016 | kurt -1.629 | p1=0.070  p2=0.074
step   850 |  4.57 sps (avg 4.42) | loss 2.0996 | BER 0.001 | det 0.000 | kurt -1.643 | p1=0.064  p2=0.087
step   900 |  4.47 sps (avg 4.43) | loss 2.0941 | BER 0.004 | det 0.000 | kurt -1.605 | p1=0.073  p2=0.073
step   950 |  4.59 sps (avg 4.43) | loss 2.0828 | BER 0.008 | det 0.016 | kurt -1.526 | p1=0.086  p2=0.085
Saved → /home/rrahman/StudentClusterBT/Tabula Rasa/simulation04/../artifacts/sim04/run003.png
Saved → /home/rrahman/StudentClusterBT/Tabula Rasa/simulation04/../artifacts/sim04/run003_iq.png
Saved model → /home/rrahman/StudentClusterBT/Tabula Rasa/simulation04/../artifacts/sim04/run003_model.pt
step  1000 |  3.68 sps (avg 4.39) | loss 2.0725 | BER 0.006 | det 0.016 | kurt -1.558 | p1=0.074  p2=0.075
step  1050 |  4.45 sps (avg 4.39) | loss 2.0680 | BER 0.011 | det 0.016 | kurt -1.491 | p1=0.093  p2=0.093
step  1100 |  4.52 sps (avg 4.40) | loss 2.0578 | BER 0.011 | det 0.000 | kurt -1.486 | p1=0.088  p2=0.086
step  1150 |  4.54 sps (avg 4.40) | loss 2.0555 | BER 0.011 | det 0.031 | kurt -1.464 | p1=0.102  p2=0.096
step  1200 |  4.52 sps (avg 4.41) | loss 2.0461 | BER 0.017 | det 0.016 | kurt -1.427 | p1=0.108  p2=0.110
step  1250 |  4.42 sps (avg 4.41) | loss 2.0473 | BER 0.019 | det 0.016 | kurt -1.395 | p1=0.088  p2=0.112
step  1300 |  4.25 sps (avg 4.40) | loss 2.0289 | BER 0.021 | det 0.016 | kurt -1.398 | p1=0.104  p2=0.099
step  1350 |  4.14 sps (avg 4.39) | loss 2.0173 | BER 0.026 | det 0.016 | kurt -1.352 | p1=0.118  p2=0.109
step  1400 |  4.06 sps (avg 4.38) | loss 2.0339 | BER 0.022 | det 0.031 | kurt -1.388 | p1=0.095  p2=0.108
step  1450 |  3.96 sps (avg 4.36) | loss 2.0190 | BER 0.022 | det 0.000 | kurt -1.349 | p1=0.094  p2=0.109
Saved → /home/rrahman/StudentClusterBT/Tabula Rasa/simulation04/../artifacts/sim04/run003.png
Saved → /home/rrahman/StudentClusterBT/Tabula Rasa/simulation04/../artifacts/sim04/run003_iq.png
Saved model → /home/rrahman/StudentClusterBT/Tabula Rasa/simulation04/../artifacts/sim04/run003_model.pt
step  1500 |  3.22 sps (avg 4.31) | loss 2.0189 | BER 0.021 | det 0.016 | kurt -1.366 | p1=0.097  p2=0.099
step  1550 |  3.68 sps (avg 4.29) | loss 2.0147 | BER 0.024 | det 0.031 | kurt -1.332 | p1=0.100  p2=0.111
step  1600 |  3.46 sps (avg 4.26) | loss 2.0162 | BER 0.024 | det 0.031 | kurt -1.377 | p1=0.105  p2=0.105
step  1650 |  3.22 sps (avg 4.22) | loss 2.0094 | BER 0.024 | det 0.016 | kurt -1.372 | p1=0.115  p2=0.098
step  1700 |  3.09 sps (avg 4.17) | loss 2.0004 | BER 0.030 | det 0.016 | kurt -1.282 | p1=0.111  p2=0.115
step  1750 |  2.99 sps (avg 4.12) | loss 1.9947 | BER 0.026 | det 0.031 | kurt -1.320 | p1=0.095  p2=0.114
step  1800 |  2.87 sps (avg 4.08) | loss 1.9905 | BER 0.037 | det 0.031 | kurt -1.240 | p1=0.118  p2=0.134
step  1850 |  2.65 sps (avg 4.02) | loss 1.9835 | BER 0.030 | det 0.031 | kurt -1.300 | p1=0.111  p2=0.118
step  1900 |  2.72 sps (avg 3.97) | loss 1.9803 | BER 0.032 | det 0.047 | kurt -1.271 | p1=0.103  p2=0.120
step  1950 |  2.66 sps (avg 3.92) | loss 1.9725 | BER 0.035 | det 0.000 | kurt -1.255 | p1=0.128  p2=0.123
Saved → /home/rrahman/StudentClusterBT/Tabula Rasa/simulation04/../artifacts/sim04/run003.png
Saved → /home/rrahman/StudentClusterBT/Tabula Rasa/simulation04/../artifacts/sim04/run003_iq.png
Saved model → /home/rrahman/StudentClusterBT/Tabula Rasa/simulation04/../artifacts/sim04/run003_model.pt
step  2000 |  2.26 sps (avg 3.85) | loss 1.9826 | BER 0.036 | det 0.031 | kurt -1.263 | p1=0.127  p2=0.123
step  2050 |  2.50 sps (avg 3.80) | loss 1.9685 | BER 0.033 | det 0.000 | kurt -1.276 | p1=0.122  p2=0.129
step  2100 |  2.33 sps (avg 3.74) | loss 1.9794 | BER 0.037 | det 0.016 | kurt -1.260 | p1=0.128  p2=0.126
step  2150 |  2.30 sps (avg 3.69) | loss 1.9863 | BER 0.033 | det 0.047 | kurt -1.295 | p1=0.118  p2=0.118
step  2200 |  2.28 sps (avg 3.64) | loss 1.9602 | BER 0.038 | det 0.078 | kurt -1.256 | p1=0.115  p2=0.126
step  2250 |  2.29 sps (avg 3.59) | loss 1.9629 | BER 0.035 | det 0.016 | kurt -1.267 | p1=0.130  p2=0.122
step  2300 |  2.22 sps (avg 3.54) | loss 1.9552 | BER 0.037 | det 0.031 | kurt -1.275 | p1=0.115  p2=0.131
step  2350 |  2.20 sps (avg 3.50) | loss 2.1089 | BER 0.040 | det 0.047 | kurt -1.173 | p1=0.122  p2=0.129
step  2400 |  2.17 sps (avg 3.45) | loss 1.9551 | BER 0.037 | det 0.016 | kurt -1.290 | p1=0.129  p2=0.129
step  2450 |  2.13 sps (avg 3.41) | loss 1.9578 | BER 0.038 | det 0.031 | kurt -1.242 | p1=0.130  p2=0.127
Saved → /home/rrahman/StudentClusterBT/Tabula Rasa/simulation04/../artifacts/sim04/run003.png
Saved → /home/rrahman/StudentClusterBT/Tabula Rasa/simulation04/../artifacts/sim04/run003_iq.png
Saved model → /home/rrahman/StudentClusterBT/Tabula Rasa/simulation04/../artifacts/sim04/run003_model.pt
step  2500 |  1.86 sps (avg 3.35) | loss 1.9511 | BER 0.038 | det 0.000 | kurt -1.252 | p1=0.122  p2=0.127
step  2550 |  1.97 sps (avg 3.31) | loss 1.9524 | BER 0.042 | det 0.062 | kurt -1.236 | p1=0.137  p2=0.132
step  2600 |  1.92 sps (avg 3.26) | loss 1.9544 | BER 0.041 | det 0.062 | kurt -1.246 | p1=0.122  p2=0.144
step  2650 |  1.87 sps (avg 3.22) | loss 1.9334 | BER 0.045 | det 0.016 | kurt -1.214 | p1=0.128  p2=0.146
step  2700 |  1.84 sps (avg 3.17) | loss 1.9346 | BER 0.045 | det 0.047 | kurt -1.235 | p1=0.124  p2=0.146
step  2750 |  1.79 sps (avg 3.13) | loss 1.9686 | BER 0.045 | det 0.031 | kurt -1.208 | p1=0.128  p2=0.140
step  2800 |  1.74 sps (avg 3.09) | loss 1.9275 | BER 0.047 | det 0.062 | kurt -1.209 | p1=0.135  p2=0.136
step  2850 |  1.71 sps (avg 3.04) | loss 1.9354 | BER 0.045 | det 0.031 | kurt -1.229 | p1=0.129  p2=0.137
step  2900 |  1.68 sps (avg 3.00) | loss 1.9441 | BER 0.044 | det 0.047 | kurt -1.224 | p1=0.121  p2=0.137
step  2950 |  1.64 sps (avg 2.96) | loss 1.9278 | BER 0.044 | det 0.016 | kurt -1.250 | p1=0.127  p2=0.141
Saved → /home/rrahman/StudentClusterBT/Tabula Rasa/simulation04/../artifacts/sim04/run003.png
Saved → /home/rrahman/StudentClusterBT/Tabula Rasa/simulation04/../artifacts/sim04/run003_iq.png
Saved model → /home/rrahman/StudentClusterBT/Tabula Rasa/simulation04/../artifacts/sim04/run003_model.pt
step  3000 |  1.46 sps (avg 2.91) | loss 1.9260 | BER 0.051 | det 0.078 | kurt -1.224 | p1=0.128  p2=0.145
step  3050 |  1.52 sps (avg 2.87) | loss 1.9736 | BER 0.045 | det 0.031 | kurt -1.239 | p1=0.128  p2=0.129
step  3100 |  1.49 sps (avg 2.83) | loss 1.9368 | BER 0.050 | det 0.047 | kurt -1.239 | p1=0.126  p2=0.142
step  3150 |  1.51 sps (avg 2.79) | loss 1.9147 | BER 0.052 | det 0.031 | kurt -1.216 | p1=0.133  p2=0.140
step  3200 |  1.52 sps (avg 2.75) | loss 2.0671 | BER 0.051 | det 0.031 | kurt -1.148 | p1=0.130  p2=0.147
step  3250 |  1.51 sps (avg 2.72) | loss 1.9236 | BER 0.057 | det 0.094 | kurt -1.210 | p1=0.146  p2=0.144
step  3300 |  1.55 sps (avg 2.69) | loss 1.9128 | BER 0.057 | det 0.062 | kurt -1.203 | p1=0.143  p2=0.151
step  3350 |  1.56 sps (avg 2.66) | loss 1.9065 | BER 0.057 | det 0.031 | kurt -1.212 | p1=0.146  p2=0.153
step  3400 |  1.64 sps (avg 2.63) | loss 1.9168 | BER 0.056 | det 0.047 | kurt -1.218 | p1=0.143  p2=0.152
step  3450 |  1.75 sps (avg 2.61) | loss 1.9106 | BER 0.055 | det 0.031 | kurt -1.223 | p1=0.137  p2=0.154
Saved → /home/rrahman/StudentClusterBT/Tabula Rasa/simulation04/../artifacts/sim04/run003.png
Saved → /home/rrahman/StudentClusterBT/Tabula Rasa/simulation04/../artifacts/sim04/run003_iq.png
Saved model → /home/rrahman/StudentClusterBT/Tabula Rasa/simulation04/../artifacts/sim04/run003_model.pt
step  3500 |  1.60 sps (avg 2.59) | loss 1.9108 | BER 0.054 | det 0.078 | kurt -1.241 | p1=0.145  p2=0.151
step  3550 |  1.67 sps (avg 2.57) | loss 1.9064 | BER 0.064 | det 0.094 | kurt -1.150 | p1=0.149  p2=0.165
step  3600 |  1.62 sps (avg 2.55) | loss 2.0464 | BER 0.057 | det 0.016 | kurt -1.135 | p1=0.149  p2=0.162
step  3650 |  1.57 sps (avg 2.53) | loss 1.9033 | BER 0.062 | det 0.062 | kurt -1.217 | p1=0.145  p2=0.165
step  3700 |  1.52 sps (avg 2.51) | loss 1.9029 | BER 0.058 | det 0.031 | kurt -1.228 | p1=0.133  p2=0.164
step  3750 |  1.48 sps (avg 2.48) | loss 1.8971 | BER 0.059 | det 0.016 | kurt -1.270 | p1=0.139  p2=0.160
step  3800 |  1.47 sps (avg 2.46) | loss 1.8960 | BER 0.064 | det 0.047 | kurt -1.215 | p1=0.146  p2=0.165
step  3850 |  1.45 sps (avg 2.44) | loss 1.8935 | BER 0.066 | det 0.078 | kurt -1.215 | p1=0.145  p2=0.170
step  3900 |  1.42 sps (avg 2.42) | loss 1.8923 | BER 0.066 | det 0.016 | kurt -1.212 | p1=0.146  p2=0.169
