device=cuda
OFDM initialized on cuda: 624 data syms, 104 pilot syms, 52 effective SC
grid: EbN0=[5, 10, 15, 20, 30] n_active=[1, 2, 3, 4, 6, 8, 12, 16, 24, 32, 52] powers=[0.25, 0.5, 0.75, 1.0, 1.5, 2.0, 3.0, 4.0, 6.0] B=512
clean            EbN0=  5 | BER floor=0.0871 P_energy=0.014 (e_thresh=2.649)
sparse_blind        EbN0=  5 n=  1 pwr=0.25 | BER=0.0877 P_energy=0.008
sparse_blind        EbN0=  5 n=  2 pwr=0.25 | BER=0.0884 P_energy=0.016
sparse_blind        EbN0=  5 n=  3 pwr=0.25 | BER=0.0878 P_energy=0.014
sparse_blind        EbN0=  5 n=  4 pwr=0.25 | BER=0.0890 P_energy=0.014
sparse_blind        EbN0=  5 n=  6 pwr=0.25 | BER=0.0909 P_energy=0.008
sparse_blind        EbN0=  5 n=  8 pwr=0.25 | BER=0.0954 P_energy=0.014
sparse_blind        EbN0=  5 n= 12 pwr=0.25 | BER=0.0989 P_energy=0.012
sparse_blind        EbN0=  5 n= 16 pwr=0.25 | BER=0.1012 P_energy=0.010
sparse_blind        EbN0=  5 n= 24 pwr=0.25 | BER=0.1165 P_energy=0.021
sparse_blind        EbN0=  5 n= 32 pwr=0.25 | BER=0.1225 P_energy=0.012
sparse_blind        EbN0=  5 n= 52 pwr=0.25 | BER=0.1411 P_energy=0.010
sparse_channelaware EbN0=  5 n=  1 pwr=0.25 | BER=0.0865 P_energy=0.010
sparse_channelaware EbN0=  5 n=  2 pwr=0.25 | BER=0.0866 P_energy=0.014
sparse_channelaware EbN0=  5 n=  3 pwr=0.25 | BER=0.0897 P_energy=0.006
sparse_channelaware EbN0=  5 n=  4 pwr=0.25 | BER=0.0918 P_energy=0.010
sparse_channelaware EbN0=  5 n=  6 pwr=0.25 | BER=0.0986 P_energy=0.016
sparse_channelaware EbN0=  5 n=  8 pwr=0.25 | BER=0.1002 P_energy=0.016
sparse_channelaware EbN0=  5 n= 12 pwr=0.25 | BER=0.1087 P_energy=0.018
sparse_channelaware EbN0=  5 n= 16 pwr=0.25 | BER=0.1108 P_energy=0.004
sparse_channelaware EbN0=  5 n= 24 pwr=0.25 | BER=0.1185 P_energy=0.020
sparse_channelaware EbN0=  5 n= 32 pwr=0.25 | BER=0.1364 P_energy=0.012
sparse_channelaware EbN0=  5 n= 52 pwr=0.25 | BER=0.1497 P_energy=0.018
broadband_inband  EbN0=  5       pwr=0.25 | BER=0.1434 P_energy=0.014
sparse_blind        EbN0=  5 n=  1 pwr=0.5 | BER=0.0847 P_energy=0.012
sparse_blind        EbN0=  5 n=  2 pwr=0.5 | BER=0.0914 P_energy=0.008
sparse_blind        EbN0=  5 n=  3 pwr=0.5 | BER=0.0913 P_energy=0.006
sparse_blind        EbN0=  5 n=  4 pwr=0.5 | BER=0.0971 P_energy=0.010
sparse_blind        EbN0=  5 n=  6 pwr=0.5 | BER=0.0997 P_energy=0.008
sparse_blind        EbN0=  5 n=  8 pwr=0.5 | BER=0.0994 P_energy=0.016
sparse_blind        EbN0=  5 n= 12 pwr=0.5 | BER=0.1077 P_energy=0.012
sparse_blind        EbN0=  5 n= 16 pwr=0.5 | BER=0.1119 P_energy=0.016
sparse_blind        EbN0=  5 n= 24 pwr=0.5 | BER=0.1335 P_energy=0.010
sparse_blind        EbN0=  5 n= 32 pwr=0.5 | BER=0.1450 P_energy=0.016
sparse_blind        EbN0=  5 n= 52 pwr=0.5 | BER=0.1809 P_energy=0.029
sparse_channelaware EbN0=  5 n=  1 pwr=0.5 | BER=0.0868 P_energy=0.004
sparse_channelaware EbN0=  5 n=  2 pwr=0.5 | BER=0.0909 P_energy=0.014
sparse_channelaware EbN0=  5 n=  3 pwr=0.5 | BER=0.0975 P_energy=0.012
sparse_channelaware EbN0=  5 n=  4 pwr=0.5 | BER=0.0954 P_energy=0.010
sparse_channelaware EbN0=  5 n=  6 pwr=0.5 | BER=0.1005 P_energy=0.010
sparse_channelaware EbN0=  5 n=  8 pwr=0.5 | BER=0.1110 P_energy=0.010
sparse_channelaware EbN0=  5 n= 12 pwr=0.5 | BER=0.1145 P_energy=0.020
sparse_channelaware EbN0=  5 n= 16 pwr=0.5 | BER=0.1335 P_energy=0.010
sparse_channelaware EbN0=  5 n= 24 pwr=0.5 | BER=0.1525 P_energy=0.016
sparse_channelaware EbN0=  5 n= 32 pwr=0.5 | BER=0.1652 P_energy=0.023
sparse_channelaware EbN0=  5 n= 52 pwr=0.5 | BER=0.1857 P_energy=0.031
broadband_inband  EbN0=  5       pwr=0.5 | BER=0.1797 P_energy=0.037
sparse_blind        EbN0=  5 n=  1 pwr=0.75 | BER=0.0900 P_energy=0.004
sparse_blind        EbN0=  5 n=  2 pwr=0.75 | BER=0.0905 P_energy=0.008
sparse_blind        EbN0=  5 n=  3 pwr=0.75 | BER=0.0916 P_energy=0.014
sparse_blind        EbN0=  5 n=  4 pwr=0.75 | BER=0.0969 P_energy=0.014
sparse_blind        EbN0=  5 n=  6 pwr=0.75 | BER=0.1034 P_energy=0.012
sparse_blind        EbN0=  5 n=  8 pwr=0.75 | BER=0.1031 P_energy=0.016
sparse_blind        EbN0=  5 n= 12 pwr=0.75 | BER=0.1175 P_energy=0.008
sparse_blind        EbN0=  5 n= 16 pwr=0.75 | BER=0.1229 P_energy=0.021
sparse_blind        EbN0=  5 n= 24 pwr=0.75 | BER=0.1423 P_energy=0.033
sparse_blind        EbN0=  5 n= 32 pwr=0.75 | BER=0.1637 P_energy=0.025
sparse_blind        EbN0=  5 n= 52 pwr=0.75 | BER=0.2084 P_energy=0.072
sparse_channelaware EbN0=  5 n=  1 pwr=0.75 | BER=0.0880 P_energy=0.012
sparse_channelaware EbN0=  5 n=  2 pwr=0.75 | BER=0.0902 P_energy=0.008
sparse_channelaware EbN0=  5 n=  3 pwr=0.75 | BER=0.0933 P_energy=0.010
sparse_channelaware EbN0=  5 n=  4 pwr=0.75 | BER=0.0988 P_energy=0.021
sparse_channelaware EbN0=  5 n=  6 pwr=0.75 | BER=0.1066 P_energy=0.010
sparse_channelaware EbN0=  5 n=  8 pwr=0.75 | BER=0.1111 P_energy=0.010
sparse_channelaware EbN0=  5 n= 12 pwr=0.75 | BER=0.1253 P_energy=0.014
sparse_channelaware EbN0=  5 n= 16 pwr=0.75 | BER=0.1394 P_energy=0.020
sparse_channelaware EbN0=  5 n= 24 pwr=0.75 | BER=0.1624 P_energy=0.039
sparse_channelaware EbN0=  5 n= 32 pwr=0.75 | BER=0.1815 P_energy=0.047
sparse_channelaware EbN0=  5 n= 52 pwr=0.75 | BER=0.2075 P_energy=0.059
broadband_inband  EbN0=  5       pwr=0.75 | BER=0.2055 P_energy=0.059
sparse_blind        EbN0=  5 n=  1 pwr=1 | BER=0.0874 P_energy=0.010
sparse_blind        EbN0=  5 n=  2 pwr=1 | BER=0.0913 P_energy=0.016
sparse_blind        EbN0=  5 n=  3 pwr=1 | BER=0.0967 P_energy=0.004
sparse_blind        EbN0=  5 n=  4 pwr=1 | BER=0.0983 P_energy=0.016
sparse_blind        EbN0=  5 n=  6 pwr=1 | BER=0.1055 P_energy=0.021
sparse_blind        EbN0=  5 n=  8 pwr=1 | BER=0.1064 P_energy=0.014
sparse_blind        EbN0=  5 n= 12 pwr=1 | BER=0.1195 P_energy=0.021
sparse_blind        EbN0=  5 n= 16 pwr=1 | BER=0.1327 P_energy=0.016
sparse_blind        EbN0=  5 n= 24 pwr=1 | BER=0.1522 P_energy=0.041
sparse_blind        EbN0=  5 n= 32 pwr=1 | BER=0.1749 P_energy=0.049
sparse_blind        EbN0=  5 n= 52 pwr=1 | BER=0.2293 P_energy=0.133
sparse_channelaware EbN0=  5 n=  1 pwr=1 | BER=0.0852 P_energy=0.012
sparse_channelaware EbN0=  5 n=  2 pwr=1 | BER=0.0929 P_energy=0.014
sparse_channelaware EbN0=  5 n=  3 pwr=1 | BER=0.0953 P_energy=0.014
sparse_channelaware EbN0=  5 n=  4 pwr=1 | BER=0.0974 P_energy=0.016
sparse_channelaware EbN0=  5 n=  6 pwr=1 | BER=0.1033 P_energy=0.025
sparse_channelaware EbN0=  5 n=  8 pwr=1 | BER=0.1145 P_energy=0.006
sparse_channelaware EbN0=  5 n= 12 pwr=1 | BER=0.1310 P_energy=0.018
sparse_channelaware EbN0=  5 n= 16 pwr=1 | BER=0.1458 P_energy=0.027
sparse_channelaware EbN0=  5 n= 24 pwr=1 | BER=0.1748 P_energy=0.045
sparse_channelaware EbN0=  5 n= 32 pwr=1 | BER=0.2046 P_energy=0.064
sparse_channelaware EbN0=  5 n= 52 pwr=1 | BER=0.2409 P_energy=0.121
broadband_inband  EbN0=  5       pwr=1 | BER=0.2282 P_energy=0.135
sparse_blind        EbN0=  5 n=  1 pwr=1.5 | BER=0.0890 P_energy=0.010
sparse_blind        EbN0=  5 n=  2 pwr=1.5 | BER=0.0921 P_energy=0.010
sparse_blind        EbN0=  5 n=  3 pwr=1.5 | BER=0.0922 P_energy=0.012
sparse_blind        EbN0=  5 n=  4 pwr=1.5 | BER=0.0991 P_energy=0.018
sparse_blind        EbN0=  5 n=  6 pwr=1.5 | BER=0.1124 P_energy=0.010
sparse_blind        EbN0=  5 n=  8 pwr=1.5 | BER=0.1152 P_energy=0.014
sparse_blind        EbN0=  5 n= 12 pwr=1.5 | BER=0.1247 P_energy=0.023
sparse_blind        EbN0=  5 n= 16 pwr=1.5 | BER=0.1446 P_energy=0.033
sparse_blind        EbN0=  5 n= 24 pwr=1.5 | BER=0.1690 P_energy=0.061
sparse_blind        EbN0=  5 n= 32 pwr=1.5 | BER=0.1950 P_energy=0.109
sparse_blind        EbN0=  5 n= 52 pwr=1.5 | BER=0.2658 P_energy=0.246
sparse_channelaware EbN0=  5 n=  1 pwr=1.5 | BER=0.0887 P_energy=0.014
sparse_channelaware EbN0=  5 n=  2 pwr=1.5 | BER=0.0892 P_energy=0.016
sparse_channelaware EbN0=  5 n=  3 pwr=1.5 | BER=0.0972 P_energy=0.014
sparse_channelaware EbN0=  5 n=  4 pwr=1.5 | BER=0.0990 P_energy=0.016
sparse_channelaware EbN0=  5 n=  6 pwr=1.5 | BER=0.1086 P_energy=0.014
sparse_channelaware EbN0=  5 n=  8 pwr=1.5 | BER=0.1142 P_energy=0.025
sparse_channelaware EbN0=  5 n= 12 pwr=1.5 | BER=0.1358 P_energy=0.035
sparse_channelaware EbN0=  5 n= 16 pwr=1.5 | BER=0.1553 P_energy=0.066
sparse_channelaware EbN0=  5 n= 24 pwr=1.5 | BER=0.1917 P_energy=0.098
sparse_channelaware EbN0=  5 n= 32 pwr=1.5 | BER=0.2194 P_energy=0.180
sparse_channelaware EbN0=  5 n= 52 pwr=1.5 | BER=0.2602 P_energy=0.258
broadband_inband  EbN0=  5       pwr=1.5 | BER=0.2615 P_energy=0.248
sparse_blind        EbN0=  5 n=  1 pwr=2 | BER=0.0910 P_energy=0.010
sparse_blind        EbN0=  5 n=  2 pwr=2 | BER=0.0922 P_energy=0.018
sparse_blind        EbN0=  5 n=  3 pwr=2 | BER=0.1000 P_energy=0.006
sparse_blind        EbN0=  5 n=  4 pwr=2 | BER=0.1040 P_energy=0.016
sparse_blind        EbN0=  5 n=  6 pwr=2 | BER=0.1110 P_energy=0.012
sparse_blind        EbN0=  5 n=  8 pwr=2 | BER=0.1200 P_energy=0.023
sparse_blind        EbN0=  5 n= 12 pwr=2 | BER=0.1342 P_energy=0.021
sparse_blind        EbN0=  5 n= 16 pwr=2 | BER=0.1453 P_energy=0.062
sparse_blind        EbN0=  5 n= 24 pwr=2 | BER=0.1779 P_energy=0.096
sparse_blind        EbN0=  5 n= 32 pwr=2 | BER=0.2060 P_energy=0.184
sparse_blind        EbN0=  5 n= 52 pwr=2 | BER=0.2907 P_energy=0.441
sparse_channelaware EbN0=  5 n=  1 pwr=2 | BER=0.0905 P_energy=0.008
sparse_channelaware EbN0=  5 n=  2 pwr=2 | BER=0.0902 P_energy=0.012
sparse_channelaware EbN0=  5 n=  3 pwr=2 | BER=0.0964 P_energy=0.010
sparse_channelaware EbN0=  5 n=  4 pwr=2 | BER=0.1015 P_energy=0.020
sparse_channelaware EbN0=  5 n=  6 pwr=2 | BER=0.1102 P_energy=0.021
sparse_channelaware EbN0=  5 n=  8 pwr=2 | BER=0.1197 P_energy=0.029
sparse_channelaware EbN0=  5 n= 12 pwr=2 | BER=0.1385 P_energy=0.066
sparse_channelaware EbN0=  5 n= 16 pwr=2 | BER=0.1571 P_energy=0.117
sparse_channelaware EbN0=  5 n= 24 pwr=2 | BER=0.2045 P_energy=0.189
sparse_channelaware EbN0=  5 n= 32 pwr=2 | BER=0.2320 P_energy=0.314
sparse_channelaware EbN0=  5 n= 52 pwr=2 | BER=0.2928 P_energy=0.416
broadband_inband  EbN0=  5       pwr=2 | BER=0.2891 P_energy=0.420
sparse_blind        EbN0=  5 n=  1 pwr=3 | BER=0.0904 P_energy=0.006
sparse_blind        EbN0=  5 n=  2 pwr=3 | BER=0.0935 P_energy=0.010
sparse_blind        EbN0=  5 n=  3 pwr=3 | BER=0.0986 P_energy=0.018
sparse_blind        EbN0=  5 n=  4 pwr=3 | BER=0.1038 P_energy=0.023
sparse_blind        EbN0=  5 n=  6 pwr=3 | BER=0.1132 P_energy=0.029
sparse_blind        EbN0=  5 n=  8 pwr=3 | BER=0.1219 P_energy=0.023
sparse_blind        EbN0=  5 n= 12 pwr=3 | BER=0.1387 P_energy=0.062
sparse_blind        EbN0=  5 n= 16 pwr=3 | BER=0.1580 P_energy=0.094
sparse_blind        EbN0=  5 n= 24 pwr=3 | BER=0.1894 P_energy=0.234
sparse_blind        EbN0=  5 n= 32 pwr=3 | BER=0.2280 P_energy=0.359
sparse_blind        EbN0=  5 n= 52 pwr=3 | BER=0.3116 P_energy=0.609
sparse_channelaware EbN0=  5 n=  1 pwr=3 | BER=0.0861 P_energy=0.012
sparse_channelaware EbN0=  5 n=  2 pwr=3 | BER=0.0914 P_energy=0.020
sparse_channelaware EbN0=  5 n=  3 pwr=3 | BER=0.0961 P_energy=0.014
sparse_channelaware EbN0=  5 n=  4 pwr=3 | BER=0.1015 P_energy=0.020
sparse_channelaware EbN0=  5 n=  6 pwr=3 | BER=0.1094 P_energy=0.037
sparse_channelaware EbN0=  5 n=  8 pwr=3 | BER=0.1208 P_energy=0.051
sparse_channelaware EbN0=  5 n= 12 pwr=3 | BER=0.1441 P_energy=0.123
sparse_channelaware EbN0=  5 n= 16 pwr=3 | BER=0.1637 P_energy=0.203
sparse_channelaware EbN0=  5 n= 24 pwr=3 | BER=0.2112 P_energy=0.379
sparse_channelaware EbN0=  5 n= 32 pwr=3 | BER=0.2499 P_energy=0.541
sparse_channelaware EbN0=  5 n= 52 pwr=3 | BER=0.3182 P_energy=0.652
broadband_inband  EbN0=  5       pwr=3 | BER=0.3199 P_energy=0.641
sparse_blind        EbN0=  5 n=  1 pwr=4 | BER=0.0891 P_energy=0.008
sparse_blind        EbN0=  5 n=  2 pwr=4 | BER=0.0953 P_energy=0.025
sparse_blind        EbN0=  5 n=  3 pwr=4 | BER=0.0982 P_energy=0.014
sparse_blind        EbN0=  5 n=  4 pwr=4 | BER=0.1007 P_energy=0.018
sparse_blind        EbN0=  5 n=  6 pwr=4 | BER=0.1154 P_energy=0.023
sparse_blind        EbN0=  5 n=  8 pwr=4 | BER=0.1265 P_energy=0.043
sparse_blind        EbN0=  5 n= 12 pwr=4 | BER=0.1420 P_energy=0.109
sparse_blind        EbN0=  5 n= 16 pwr=4 | BER=0.1651 P_energy=0.176
sparse_blind        EbN0=  5 n= 24 pwr=4 | BER=0.2076 P_energy=0.377
sparse_blind        EbN0=  5 n= 32 pwr=4 | BER=0.2408 P_energy=0.523
sparse_blind        EbN0=  5 n= 52 pwr=4 | BER=0.3317 P_energy=0.781
sparse_channelaware EbN0=  5 n=  1 pwr=4 | BER=0.0938 P_energy=0.012
sparse_channelaware EbN0=  5 n=  2 pwr=4 | BER=0.0886 P_energy=0.012
sparse_channelaware EbN0=  5 n=  3 pwr=4 | BER=0.0938 P_energy=0.023
sparse_channelaware EbN0=  5 n=  4 pwr=4 | BER=0.1001 P_energy=0.031
sparse_channelaware EbN0=  5 n=  6 pwr=4 | BER=0.1088 P_energy=0.068
sparse_channelaware EbN0=  5 n=  8 pwr=4 | BER=0.1213 P_energy=0.113
sparse_channelaware EbN0=  5 n= 12 pwr=4 | BER=0.1461 P_energy=0.270
sparse_channelaware EbN0=  5 n= 16 pwr=4 | BER=0.1664 P_energy=0.367
sparse_channelaware EbN0=  5 n= 24 pwr=4 | BER=0.2151 P_energy=0.533
sparse_channelaware EbN0=  5 n= 32 pwr=4 | BER=0.2615 P_energy=0.652
sparse_channelaware EbN0=  5 n= 52 pwr=4 | BER=0.3338 P_energy=0.783
broadband_inband  EbN0=  5       pwr=4 | BER=0.3379 P_energy=0.775
sparse_blind        EbN0=  5 n=  1 pwr=6 | BER=0.0933 P_energy=0.018
sparse_blind        EbN0=  5 n=  2 pwr=6 | BER=0.1015 P_energy=0.014
sparse_blind        EbN0=  5 n=  3 pwr=6 | BER=0.1024 P_energy=0.016
sparse_blind        EbN0=  5 n=  4 pwr=6 | BER=0.1079 P_energy=0.027
sparse_blind        EbN0=  5 n=  6 pwr=6 | BER=0.1198 P_energy=0.066
sparse_blind        EbN0=  5 n=  8 pwr=6 | BER=0.1334 P_energy=0.100
sparse_blind        EbN0=  5 n= 12 pwr=6 | BER=0.1502 P_energy=0.230
sparse_blind        EbN0=  5 n= 16 pwr=6 | BER=0.1732 P_energy=0.371
sparse_blind        EbN0=  5 n= 24 pwr=6 | BER=0.2136 P_energy=0.564
sparse_blind        EbN0=  5 n= 32 pwr=6 | BER=0.2583 P_energy=0.738
sparse_blind        EbN0=  5 n= 52 pwr=6 | BER=0.3621 P_energy=0.918
sparse_channelaware EbN0=  5 n=  1 pwr=6 | BER=0.0892 P_energy=0.012
sparse_channelaware EbN0=  5 n=  2 pwr=6 | BER=0.0964 P_energy=0.021
sparse_channelaware EbN0=  5 n=  3 pwr=6 | BER=0.0954 P_energy=0.043
sparse_channelaware EbN0=  5 n=  4 pwr=6 | BER=0.1026 P_energy=0.057
sparse_channelaware EbN0=  5 n=  6 pwr=6 | BER=0.1147 P_energy=0.150
sparse_channelaware EbN0=  5 n=  8 pwr=6 | BER=0.1232 P_energy=0.238
sparse_channelaware EbN0=  5 n= 12 pwr=6 | BER=0.1506 P_energy=0.432
sparse_channelaware EbN0=  5 n= 16 pwr=6 | BER=0.1722 P_energy=0.596
sparse_channelaware EbN0=  5 n= 24 pwr=6 | BER=0.2221 P_energy=0.748
sparse_channelaware EbN0=  5 n= 32 pwr=6 | BER=0.2746 P_energy=0.875
sparse_channelaware EbN0=  5 n= 52 pwr=6 | BER=0.3638 P_energy=0.922
broadband_inband  EbN0=  5       pwr=6 | BER=0.3701 P_energy=0.953
clean            EbN0= 10 | BER floor=0.0322 P_energy=0.012 (e_thresh=2.485)
sparse_blind        EbN0= 10 n=  1 pwr=0.25 | BER=0.0326 P_energy=0.016
sparse_blind        EbN0= 10 n=  2 pwr=0.25 | BER=0.0365 P_energy=0.012
sparse_blind        EbN0= 10 n=  3 pwr=0.25 | BER=0.0382 P_energy=0.006
