device=cuda
OFDM initialized on cuda: 624 data syms, 104 pilot syms, 52 effective SC
grid: EbN0=[5, 10, 15, 20, 30] n_active=[1, 2, 3, 4, 6, 8, 12, 16, 24, 32, 52] powers=[0.25, 0.5, 0.75, 1.0, 1.5, 2.0, 3.0, 4.0, 6.0] B=512
clean            EbN0=  5 | BER floor=0.0843 P_energy=0.014 (e_thresh=2.647)
sparse_blind        EbN0=  5 n=  1 pwr=0.25 | BER=0.0863 P_energy=0.018
sparse_blind        EbN0=  5 n=  2 pwr=0.25 | BER=0.0901 P_energy=0.008
sparse_blind        EbN0=  5 n=  3 pwr=0.25 | BER=0.0923 P_energy=0.010
sparse_blind        EbN0=  5 n=  4 pwr=0.25 | BER=0.0911 P_energy=0.008
sparse_blind        EbN0=  5 n=  6 pwr=0.25 | BER=0.0905 P_energy=0.018
sparse_blind        EbN0=  5 n=  8 pwr=0.25 | BER=0.0939 P_energy=0.012
sparse_blind        EbN0=  5 n= 12 pwr=0.25 | BER=0.0989 P_energy=0.014
sparse_blind        EbN0=  5 n= 16 pwr=0.25 | BER=0.1079 P_energy=0.010
sparse_blind        EbN0=  5 n= 24 pwr=0.25 | BER=0.1102 P_energy=0.012
sparse_blind        EbN0=  5 n= 32 pwr=0.25 | BER=0.1162 P_energy=0.023
sparse_blind        EbN0=  5 n= 52 pwr=0.25 | BER=0.1467 P_energy=0.021
sparse_channelaware EbN0=  5 n=  1 pwr=0.25 | BER=0.0902 P_energy=0.006
sparse_channelaware EbN0=  5 n=  2 pwr=0.25 | BER=0.0908 P_energy=0.006
sparse_channelaware EbN0=  5 n=  3 pwr=0.25 | BER=0.0903 P_energy=0.008
sparse_channelaware EbN0=  5 n=  4 pwr=0.25 | BER=0.0936 P_energy=0.018
sparse_channelaware EbN0=  5 n=  6 pwr=0.25 | BER=0.0961 P_energy=0.006
sparse_channelaware EbN0=  5 n=  8 pwr=0.25 | BER=0.1015 P_energy=0.021
sparse_channelaware EbN0=  5 n= 12 pwr=0.25 | BER=0.1067 P_energy=0.004
sparse_channelaware EbN0=  5 n= 16 pwr=0.25 | BER=0.1122 P_energy=0.014
sparse_channelaware EbN0=  5 n= 24 pwr=0.25 | BER=0.1245 P_energy=0.008
sparse_channelaware EbN0=  5 n= 32 pwr=0.25 | BER=0.1287 P_energy=0.016
sparse_channelaware EbN0=  5 n= 52 pwr=0.25 | BER=0.1399 P_energy=0.018
broadband_inband  EbN0=  5       pwr=0.25 | BER=0.1383 P_energy=0.023
sparse_blind        EbN0=  5 n=  1 pwr=0.5 | BER=0.0886 P_energy=0.021
sparse_blind        EbN0=  5 n=  2 pwr=0.5 | BER=0.0886 P_energy=0.021
sparse_blind        EbN0=  5 n=  3 pwr=0.5 | BER=0.0999 P_energy=0.010
sparse_blind        EbN0=  5 n=  4 pwr=0.5 | BER=0.0891 P_energy=0.010
sparse_blind        EbN0=  5 n=  6 pwr=0.5 | BER=0.0948 P_energy=0.012
sparse_blind        EbN0=  5 n=  8 pwr=0.5 | BER=0.0962 P_energy=0.018
sparse_blind        EbN0=  5 n= 12 pwr=0.5 | BER=0.1084 P_energy=0.008
sparse_blind        EbN0=  5 n= 16 pwr=0.5 | BER=0.1179 P_energy=0.008
sparse_blind        EbN0=  5 n= 24 pwr=0.5 | BER=0.1337 P_energy=0.018
sparse_blind        EbN0=  5 n= 32 pwr=0.5 | BER=0.1395 P_energy=0.027
sparse_blind        EbN0=  5 n= 52 pwr=0.5 | BER=0.1713 P_energy=0.045
sparse_channelaware EbN0=  5 n=  1 pwr=0.5 | BER=0.0892 P_energy=0.010
sparse_channelaware EbN0=  5 n=  2 pwr=0.5 | BER=0.0900 P_energy=0.016
sparse_channelaware EbN0=  5 n=  3 pwr=0.5 | BER=0.0883 P_energy=0.016
sparse_channelaware EbN0=  5 n=  4 pwr=0.5 | BER=0.0955 P_energy=0.012
sparse_channelaware EbN0=  5 n=  6 pwr=0.5 | BER=0.1037 P_energy=0.014
sparse_channelaware EbN0=  5 n=  8 pwr=0.5 | BER=0.1031 P_energy=0.014
sparse_channelaware EbN0=  5 n= 12 pwr=0.5 | BER=0.1184 P_energy=0.012
sparse_channelaware EbN0=  5 n= 16 pwr=0.5 | BER=0.1300 P_energy=0.010
sparse_channelaware EbN0=  5 n= 24 pwr=0.5 | BER=0.1484 P_energy=0.023
sparse_channelaware EbN0=  5 n= 32 pwr=0.5 | BER=0.1664 P_energy=0.023
sparse_channelaware EbN0=  5 n= 52 pwr=0.5 | BER=0.1862 P_energy=0.041
broadband_inband  EbN0=  5       pwr=0.5 | BER=0.1817 P_energy=0.043
sparse_blind        EbN0=  5 n=  1 pwr=0.75 | BER=0.0945 P_energy=0.012
sparse_blind        EbN0=  5 n=  2 pwr=0.75 | BER=0.0895 P_energy=0.012
sparse_blind        EbN0=  5 n=  3 pwr=0.75 | BER=0.0950 P_energy=0.012
sparse_blind        EbN0=  5 n=  4 pwr=0.75 | BER=0.0955 P_energy=0.006
sparse_blind        EbN0=  5 n=  6 pwr=0.75 | BER=0.1053 P_energy=0.010
sparse_blind        EbN0=  5 n=  8 pwr=0.75 | BER=0.1085 P_energy=0.016
sparse_blind        EbN0=  5 n= 12 pwr=0.75 | BER=0.1177 P_energy=0.029
sparse_blind        EbN0=  5 n= 16 pwr=0.75 | BER=0.1241 P_energy=0.018
sparse_blind        EbN0=  5 n= 24 pwr=0.75 | BER=0.1406 P_energy=0.020
sparse_blind        EbN0=  5 n= 32 pwr=0.75 | BER=0.1606 P_energy=0.018
sparse_blind        EbN0=  5 n= 52 pwr=0.75 | BER=0.2123 P_energy=0.078
sparse_channelaware EbN0=  5 n=  1 pwr=0.75 | BER=0.0887 P_energy=0.010
sparse_channelaware EbN0=  5 n=  2 pwr=0.75 | BER=0.0912 P_energy=0.004
sparse_channelaware EbN0=  5 n=  3 pwr=0.75 | BER=0.0915 P_energy=0.016
sparse_channelaware EbN0=  5 n=  4 pwr=0.75 | BER=0.0982 P_energy=0.012
sparse_channelaware EbN0=  5 n=  6 pwr=0.75 | BER=0.1056 P_energy=0.016
sparse_channelaware EbN0=  5 n=  8 pwr=0.75 | BER=0.1111 P_energy=0.018
sparse_channelaware EbN0=  5 n= 12 pwr=0.75 | BER=0.1287 P_energy=0.016
sparse_channelaware EbN0=  5 n= 16 pwr=0.75 | BER=0.1367 P_energy=0.029
sparse_channelaware EbN0=  5 n= 24 pwr=0.75 | BER=0.1678 P_energy=0.037
sparse_channelaware EbN0=  5 n= 32 pwr=0.75 | BER=0.1823 P_energy=0.045
sparse_channelaware EbN0=  5 n= 52 pwr=0.75 | BER=0.2069 P_energy=0.070
broadband_inband  EbN0=  5       pwr=0.75 | BER=0.2071 P_energy=0.078
sparse_blind        EbN0=  5 n=  1 pwr=1 | BER=0.0905 P_energy=0.012
sparse_blind        EbN0=  5 n=  2 pwr=1 | BER=0.0902 P_energy=0.012
sparse_blind        EbN0=  5 n=  3 pwr=1 | BER=0.0934 P_energy=0.014
sparse_blind        EbN0=  5 n=  4 pwr=1 | BER=0.0969 P_energy=0.016
sparse_blind        EbN0=  5 n=  6 pwr=1 | BER=0.1053 P_energy=0.010
sparse_blind        EbN0=  5 n=  8 pwr=1 | BER=0.1070 P_energy=0.014
sparse_blind        EbN0=  5 n= 12 pwr=1 | BER=0.1205 P_energy=0.014
sparse_blind        EbN0=  5 n= 16 pwr=1 | BER=0.1268 P_energy=0.018
sparse_blind        EbN0=  5 n= 24 pwr=1 | BER=0.1525 P_energy=0.031
sparse_blind        EbN0=  5 n= 32 pwr=1 | BER=0.1741 P_energy=0.037
sparse_blind        EbN0=  5 n= 52 pwr=1 | BER=0.2343 P_energy=0.090
sparse_channelaware EbN0=  5 n=  1 pwr=1 | BER=0.0878 P_energy=0.004
sparse_channelaware EbN0=  5 n=  2 pwr=1 | BER=0.0933 P_energy=0.012
sparse_channelaware EbN0=  5 n=  3 pwr=1 | BER=0.0961 P_energy=0.016
sparse_channelaware EbN0=  5 n=  4 pwr=1 | BER=0.0984 P_energy=0.006
sparse_channelaware EbN0=  5 n=  6 pwr=1 | BER=0.1066 P_energy=0.018
sparse_channelaware EbN0=  5 n=  8 pwr=1 | BER=0.1159 P_energy=0.018
sparse_channelaware EbN0=  5 n= 12 pwr=1 | BER=0.1263 P_energy=0.031
sparse_channelaware EbN0=  5 n= 16 pwr=1 | BER=0.1471 P_energy=0.033
sparse_channelaware EbN0=  5 n= 24 pwr=1 | BER=0.1821 P_energy=0.043
sparse_channelaware EbN0=  5 n= 32 pwr=1 | BER=0.2018 P_energy=0.090
sparse_channelaware EbN0=  5 n= 52 pwr=1 | BER=0.2302 P_energy=0.131
broadband_inband  EbN0=  5       pwr=1 | BER=0.2284 P_energy=0.117
sparse_blind        EbN0=  5 n=  1 pwr=1.5 | BER=0.0895 P_energy=0.010
sparse_blind        EbN0=  5 n=  2 pwr=1.5 | BER=0.0951 P_energy=0.020
sparse_blind        EbN0=  5 n=  3 pwr=1.5 | BER=0.0967 P_energy=0.014
sparse_blind        EbN0=  5 n=  4 pwr=1.5 | BER=0.1020 P_energy=0.010
sparse_blind        EbN0=  5 n=  6 pwr=1.5 | BER=0.1075 P_energy=0.016
sparse_blind        EbN0=  5 n=  8 pwr=1.5 | BER=0.1167 P_energy=0.020
sparse_blind        EbN0=  5 n= 12 pwr=1.5 | BER=0.1268 P_energy=0.041
sparse_blind        EbN0=  5 n= 16 pwr=1.5 | BER=0.1430 P_energy=0.033
sparse_blind        EbN0=  5 n= 24 pwr=1.5 | BER=0.1623 P_energy=0.066
sparse_blind        EbN0=  5 n= 32 pwr=1.5 | BER=0.1958 P_energy=0.084
sparse_blind        EbN0=  5 n= 52 pwr=1.5 | BER=0.2628 P_energy=0.246
sparse_channelaware EbN0=  5 n=  1 pwr=1.5 | BER=0.0905 P_energy=0.014
sparse_channelaware EbN0=  5 n=  2 pwr=1.5 | BER=0.0901 P_energy=0.008
sparse_channelaware EbN0=  5 n=  3 pwr=1.5 | BER=0.0958 P_energy=0.016
sparse_channelaware EbN0=  5 n=  4 pwr=1.5 | BER=0.0969 P_energy=0.018
sparse_channelaware EbN0=  5 n=  6 pwr=1.5 | BER=0.1089 P_energy=0.021
sparse_channelaware EbN0=  5 n=  8 pwr=1.5 | BER=0.1150 P_energy=0.012
sparse_channelaware EbN0=  5 n= 12 pwr=1.5 | BER=0.1350 P_energy=0.049
sparse_channelaware EbN0=  5 n= 16 pwr=1.5 | BER=0.1556 P_energy=0.062
sparse_channelaware EbN0=  5 n= 24 pwr=1.5 | BER=0.1908 P_energy=0.127
sparse_channelaware EbN0=  5 n= 32 pwr=1.5 | BER=0.2248 P_energy=0.164
sparse_channelaware EbN0=  5 n= 52 pwr=1.5 | BER=0.2566 P_energy=0.285
broadband_inband  EbN0=  5       pwr=1.5 | BER=0.2634 P_energy=0.266
sparse_blind        EbN0=  5 n=  1 pwr=2 | BER=0.0884 P_energy=0.006
sparse_blind        EbN0=  5 n=  2 pwr=2 | BER=0.0939 P_energy=0.008
sparse_blind        EbN0=  5 n=  3 pwr=2 | BER=0.0999 P_energy=0.016
sparse_blind        EbN0=  5 n=  4 pwr=2 | BER=0.0993 P_energy=0.018
sparse_blind        EbN0=  5 n=  6 pwr=2 | BER=0.1083 P_energy=0.021
sparse_blind        EbN0=  5 n=  8 pwr=2 | BER=0.1154 P_energy=0.020
sparse_blind        EbN0=  5 n= 12 pwr=2 | BER=0.1369 P_energy=0.025
sparse_blind        EbN0=  5 n= 16 pwr=2 | BER=0.1487 P_energy=0.053
sparse_blind        EbN0=  5 n= 24 pwr=2 | BER=0.1775 P_energy=0.098
sparse_blind        EbN0=  5 n= 32 pwr=2 | BER=0.2103 P_energy=0.180
sparse_blind        EbN0=  5 n= 52 pwr=2 | BER=0.2906 P_energy=0.404
sparse_channelaware EbN0=  5 n=  1 pwr=2 | BER=0.0896 P_energy=0.010
sparse_channelaware EbN0=  5 n=  2 pwr=2 | BER=0.0893 P_energy=0.018
sparse_channelaware EbN0=  5 n=  3 pwr=2 | BER=0.0948 P_energy=0.012
sparse_channelaware EbN0=  5 n=  4 pwr=2 | BER=0.0996 P_energy=0.012
sparse_channelaware EbN0=  5 n=  6 pwr=2 | BER=0.1093 P_energy=0.021
sparse_channelaware EbN0=  5 n=  8 pwr=2 | BER=0.1170 P_energy=0.023
sparse_channelaware EbN0=  5 n= 12 pwr=2 | BER=0.1358 P_energy=0.064
sparse_channelaware EbN0=  5 n= 16 pwr=2 | BER=0.1594 P_energy=0.107
sparse_channelaware EbN0=  5 n= 24 pwr=2 | BER=0.2024 P_energy=0.209
sparse_channelaware EbN0=  5 n= 32 pwr=2 | BER=0.2369 P_energy=0.301
sparse_channelaware EbN0=  5 n= 52 pwr=2 | BER=0.2880 P_energy=0.410
broadband_inband  EbN0=  5       pwr=2 | BER=0.2894 P_energy=0.436
sparse_blind        EbN0=  5 n=  1 pwr=3 | BER=0.0951 P_energy=0.006
sparse_blind        EbN0=  5 n=  2 pwr=3 | BER=0.0919 P_energy=0.008
sparse_blind        EbN0=  5 n=  3 pwr=3 | BER=0.0988 P_energy=0.012
sparse_blind        EbN0=  5 n=  4 pwr=3 | BER=0.1014 P_energy=0.012
sparse_blind        EbN0=  5 n=  6 pwr=3 | BER=0.1133 P_energy=0.020
sparse_blind        EbN0=  5 n=  8 pwr=3 | BER=0.1187 P_energy=0.041
sparse_blind        EbN0=  5 n= 12 pwr=3 | BER=0.1396 P_energy=0.053
sparse_blind        EbN0=  5 n= 16 pwr=3 | BER=0.1572 P_energy=0.084
sparse_blind        EbN0=  5 n= 24 pwr=3 | BER=0.1923 P_energy=0.230
sparse_blind        EbN0=  5 n= 32 pwr=3 | BER=0.2303 P_energy=0.410
sparse_blind        EbN0=  5 n= 52 pwr=3 | BER=0.3149 P_energy=0.652
sparse_channelaware EbN0=  5 n=  1 pwr=3 | BER=0.0923 P_energy=0.025
sparse_channelaware EbN0=  5 n=  2 pwr=3 | BER=0.0890 P_energy=0.021
sparse_channelaware EbN0=  5 n=  3 pwr=3 | BER=0.0959 P_energy=0.018
sparse_channelaware EbN0=  5 n=  4 pwr=3 | BER=0.0981 P_energy=0.021
sparse_channelaware EbN0=  5 n=  6 pwr=3 | BER=0.1109 P_energy=0.031
sparse_channelaware EbN0=  5 n=  8 pwr=3 | BER=0.1216 P_energy=0.041
sparse_channelaware EbN0=  5 n= 12 pwr=3 | BER=0.1416 P_energy=0.139
sparse_channelaware EbN0=  5 n= 16 pwr=3 | BER=0.1635 P_energy=0.234
sparse_channelaware EbN0=  5 n= 24 pwr=3 | BER=0.2087 P_energy=0.402
sparse_channelaware EbN0=  5 n= 32 pwr=3 | BER=0.2543 P_energy=0.531
sparse_channelaware EbN0=  5 n= 52 pwr=3 | BER=0.3212 P_energy=0.705
broadband_inband  EbN0=  5       pwr=3 | BER=0.3209 P_energy=0.613
sparse_blind        EbN0=  5 n=  1 pwr=4 | BER=0.0887 P_energy=0.010
sparse_blind        EbN0=  5 n=  2 pwr=4 | BER=0.0969 P_energy=0.018
sparse_blind        EbN0=  5 n=  3 pwr=4 | BER=0.0976 P_energy=0.016
sparse_blind        EbN0=  5 n=  4 pwr=4 | BER=0.1072 P_energy=0.010
sparse_blind        EbN0=  5 n=  6 pwr=4 | BER=0.1196 P_energy=0.012
sparse_blind        EbN0=  5 n=  8 pwr=4 | BER=0.1232 P_energy=0.049
sparse_blind        EbN0=  5 n= 12 pwr=4 | BER=0.1499 P_energy=0.109
sparse_blind        EbN0=  5 n= 16 pwr=4 | BER=0.1627 P_energy=0.205
sparse_blind        EbN0=  5 n= 24 pwr=4 | BER=0.2004 P_energy=0.400
sparse_blind        EbN0=  5 n= 32 pwr=4 | BER=0.2438 P_energy=0.537
sparse_blind        EbN0=  5 n= 52 pwr=4 | BER=0.3394 P_energy=0.811
sparse_channelaware EbN0=  5 n=  1 pwr=4 | BER=0.0911 P_energy=0.006
sparse_channelaware EbN0=  5 n=  2 pwr=4 | BER=0.0894 P_energy=0.020
sparse_channelaware EbN0=  5 n=  3 pwr=4 | BER=0.0974 P_energy=0.027
sparse_channelaware EbN0=  5 n=  4 pwr=4 | BER=0.1018 P_energy=0.029
sparse_channelaware EbN0=  5 n=  6 pwr=4 | BER=0.1141 P_energy=0.055
sparse_channelaware EbN0=  5 n=  8 pwr=4 | BER=0.1210 P_energy=0.141
sparse_channelaware EbN0=  5 n= 12 pwr=4 | BER=0.1481 P_energy=0.223
sparse_channelaware EbN0=  5 n= 16 pwr=4 | BER=0.1670 P_energy=0.373
sparse_channelaware EbN0=  5 n= 24 pwr=4 | BER=0.2174 P_energy=0.607
sparse_channelaware EbN0=  5 n= 32 pwr=4 | BER=0.2590 P_energy=0.672
sparse_channelaware EbN0=  5 n= 52 pwr=4 | BER=0.3300 P_energy=0.773
broadband_inband  EbN0=  5       pwr=4 | BER=0.3307 P_energy=0.754
sparse_blind        EbN0=  5 n=  1 pwr=6 | BER=0.0942 P_energy=0.012
sparse_blind        EbN0=  5 n=  2 pwr=6 | BER=0.0988 P_energy=0.020
sparse_blind        EbN0=  5 n=  3 pwr=6 | BER=0.1055 P_energy=0.033
sparse_blind        EbN0=  5 n=  4 pwr=6 | BER=0.1060 P_energy=0.025
sparse_blind        EbN0=  5 n=  6 pwr=6 | BER=0.1224 P_energy=0.051
sparse_blind        EbN0=  5 n=  8 pwr=6 | BER=0.1274 P_energy=0.109
sparse_blind        EbN0=  5 n= 12 pwr=6 | BER=0.1481 P_energy=0.211
sparse_blind        EbN0=  5 n= 16 pwr=6 | BER=0.1728 P_energy=0.373
sparse_blind        EbN0=  5 n= 24 pwr=6 | BER=0.2152 P_energy=0.609
sparse_blind        EbN0=  5 n= 32 pwr=6 | BER=0.2591 P_energy=0.781
sparse_blind        EbN0=  5 n= 52 pwr=6 | BER=0.3616 P_energy=0.902
sparse_channelaware EbN0=  5 n=  1 pwr=6 | BER=0.0885 P_energy=0.018
sparse_channelaware EbN0=  5 n=  2 pwr=6 | BER=0.0928 P_energy=0.027
sparse_channelaware EbN0=  5 n=  3 pwr=6 | BER=0.1011 P_energy=0.051
sparse_channelaware EbN0=  5 n=  4 pwr=6 | BER=0.1062 P_energy=0.062
sparse_channelaware EbN0=  5 n=  6 pwr=6 | BER=0.1136 P_energy=0.139
sparse_channelaware EbN0=  5 n=  8 pwr=6 | BER=0.1226 P_energy=0.246
sparse_channelaware EbN0=  5 n= 12 pwr=6 | BER=0.1476 P_energy=0.457
sparse_channelaware EbN0=  5 n= 16 pwr=6 | BER=0.1722 P_energy=0.641
sparse_channelaware EbN0=  5 n= 24 pwr=6 | BER=0.2227 P_energy=0.771
sparse_channelaware EbN0=  5 n= 32 pwr=6 | BER=0.2758 P_energy=0.867
sparse_channelaware EbN0=  5 n= 52 pwr=6 | BER=0.3630 P_energy=0.902
broadband_inband  EbN0=  5       pwr=6 | BER=0.3649 P_energy=0.920
  [checkpoint] 208 rows written after EbN0=5 (147s elapsed)
clean            EbN0= 10 | BER floor=0.0332 P_energy=0.006 (e_thresh=2.500)
sparse_blind        EbN0= 10 n=  1 pwr=0.25 | BER=0.0341 P_energy=0.018
sparse_blind        EbN0= 10 n=  2 pwr=0.25 | BER=0.0371 P_energy=0.012
sparse_blind        EbN0= 10 n=  3 pwr=0.25 | BER=0.0373 P_energy=0.008
sparse_blind        EbN0= 10 n=  4 pwr=0.25 | BER=0.0369 P_energy=0.010
sparse_blind        EbN0= 10 n=  6 pwr=0.25 | BER=0.0412 P_energy=0.008
sparse_blind        EbN0= 10 n=  8 pwr=0.25 | BER=0.0472 P_energy=0.018
sparse_blind        EbN0= 10 n= 12 pwr=0.25 | BER=0.0516 P_energy=0.012
sparse_blind        EbN0= 10 n= 16 pwr=0.25 | BER=0.0553 P_energy=0.008
sparse_blind        EbN0= 10 n= 24 pwr=0.25 | BER=0.0680 P_energy=0.016
sparse_blind        EbN0= 10 n= 32 pwr=0.25 | BER=0.0781 P_energy=0.008
sparse_blind        EbN0= 10 n= 52 pwr=0.25 | BER=0.1138 P_energy=0.010
sparse_channelaware EbN0= 10 n=  1 pwr=0.25 | BER=0.0353 P_energy=0.012
sparse_channelaware EbN0= 10 n=  2 pwr=0.25 | BER=0.0374 P_energy=0.006
sparse_channelaware EbN0= 10 n=  3 pwr=0.25 | BER=0.0425 P_energy=0.008
sparse_channelaware EbN0= 10 n=  4 pwr=0.25 | BER=0.0456 P_energy=0.014
sparse_channelaware EbN0= 10 n=  6 pwr=0.25 | BER=0.0533 P_energy=0.014
sparse_channelaware EbN0= 10 n=  8 pwr=0.25 | BER=0.0560 P_energy=0.012
sparse_channelaware EbN0= 10 n= 12 pwr=0.25 | BER=0.0729 P_energy=0.014
sparse_channelaware EbN0= 10 n= 16 pwr=0.25 | BER=0.0805 P_energy=0.018
sparse_channelaware EbN0= 10 n= 24 pwr=0.25 | BER=0.0904 P_energy=0.004
sparse_channelaware EbN0= 10 n= 32 pwr=0.25 | BER=0.1045 P_energy=0.016
sparse_channelaware EbN0= 10 n= 52 pwr=0.25 | BER=0.1154 P_energy=0.020
broadband_inband  EbN0= 10       pwr=0.25 | BER=0.1140 P_energy=0.014
sparse_blind        EbN0= 10 n=  1 pwr=0.5 | BER=0.0359 P_energy=0.020
sparse_blind        EbN0= 10 n=  2 pwr=0.5 | BER=0.0368 P_energy=0.014
sparse_blind        EbN0= 10 n=  3 pwr=0.5 | BER=0.0388 P_energy=0.010
sparse_blind        EbN0= 10 n=  4 pwr=0.5 | BER=0.0413 P_energy=0.012
sparse_blind        EbN0= 10 n=  6 pwr=0.5 | BER=0.0472 P_energy=0.016
sparse_blind        EbN0= 10 n=  8 pwr=0.5 | BER=0.0515 P_energy=0.010
sparse_blind        EbN0= 10 n= 12 pwr=0.5 | BER=0.0595 P_energy=0.016
sparse_blind        EbN0= 10 n= 16 pwr=0.5 | BER=0.0724 P_energy=0.008
sparse_blind        EbN0= 10 n= 24 pwr=0.5 | BER=0.0874 P_energy=0.016
sparse_blind        EbN0= 10 n= 32 pwr=0.5 | BER=0.1082 P_energy=0.031
sparse_blind        EbN0= 10 n= 52 pwr=0.5 | BER=0.1603 P_energy=0.027
sparse_channelaware EbN0= 10 n=  1 pwr=0.5 | BER=0.0359 P_energy=0.014
sparse_channelaware EbN0= 10 n=  2 pwr=0.5 | BER=0.0427 P_energy=0.018
sparse_channelaware EbN0= 10 n=  3 pwr=0.5 | BER=0.0449 P_energy=0.012
sparse_channelaware EbN0= 10 n=  4 pwr=0.5 | BER=0.0486 P_energy=0.008
sparse_channelaware EbN0= 10 n=  6 pwr=0.5 | BER=0.0584 P_energy=0.010
sparse_channelaware EbN0= 10 n=  8 pwr=0.5 | BER=0.0688 P_energy=0.014
sparse_channelaware EbN0= 10 n= 12 pwr=0.5 | BER=0.0863 P_energy=0.018
sparse_channelaware EbN0= 10 n= 16 pwr=0.5 | BER=0.0998 P_energy=0.018
sparse_channelaware EbN0= 10 n= 24 pwr=0.5 | BER=0.1265 P_energy=0.025
sparse_channelaware EbN0= 10 n= 32 pwr=0.5 | BER=0.1444 P_energy=0.016
sparse_channelaware EbN0= 10 n= 52 pwr=0.5 | BER=0.1587 P_energy=0.033
broadband_inband  EbN0= 10       pwr=0.5 | BER=0.1556 P_energy=0.035
sparse_blind        EbN0= 10 n=  1 pwr=0.75 | BER=0.0351 P_energy=0.016
sparse_blind        EbN0= 10 n=  2 pwr=0.75 | BER=0.0397 P_energy=0.016
sparse_blind        EbN0= 10 n=  3 pwr=0.75 | BER=0.0409 P_energy=0.018
sparse_blind        EbN0= 10 n=  4 pwr=0.75 | BER=0.0455 P_energy=0.016
sparse_blind        EbN0= 10 n=  6 pwr=0.75 | BER=0.0527 P_energy=0.016
sparse_blind        EbN0= 10 n=  8 pwr=0.75 | BER=0.0562 P_energy=0.018
sparse_blind        EbN0= 10 n= 12 pwr=0.75 | BER=0.0685 P_energy=0.018
sparse_blind        EbN0= 10 n= 16 pwr=0.75 | BER=0.0800 P_energy=0.025
sparse_blind        EbN0= 10 n= 24 pwr=0.75 | BER=0.1023 P_energy=0.039
sparse_blind        EbN0= 10 n= 32 pwr=0.75 | BER=0.1360 P_energy=0.025
sparse_blind        EbN0= 10 n= 52 pwr=0.75 | BER=0.1893 P_energy=0.074
sparse_channelaware EbN0= 10 n=  1 pwr=0.75 | BER=0.0368 P_energy=0.021
sparse_channelaware EbN0= 10 n=  2 pwr=0.75 | BER=0.0406 P_energy=0.004
sparse_channelaware EbN0= 10 n=  3 pwr=0.75 | BER=0.0467 P_energy=0.016
sparse_channelaware EbN0= 10 n=  4 pwr=0.75 | BER=0.0499 P_energy=0.012
sparse_channelaware EbN0= 10 n=  6 pwr=0.75 | BER=0.0616 P_energy=0.014
sparse_channelaware EbN0= 10 n=  8 pwr=0.75 | BER=0.0722 P_energy=0.041
sparse_channelaware EbN0= 10 n= 12 pwr=0.75 | BER=0.0924 P_energy=0.033
sparse_channelaware EbN0= 10 n= 16 pwr=0.75 | BER=0.1121 P_energy=0.021
sparse_channelaware EbN0= 10 n= 24 pwr=0.75 | BER=0.1379 P_energy=0.031
sparse_channelaware EbN0= 10 n= 32 pwr=0.75 | BER=0.1671 P_energy=0.035
sparse_channelaware EbN0= 10 n= 52 pwr=0.75 | BER=0.1927 P_energy=0.068
broadband_inband  EbN0= 10       pwr=0.75 | BER=0.1927 P_energy=0.076
sparse_blind        EbN0= 10 n=  1 pwr=1 | BER=0.0368 P_energy=0.012
sparse_blind        EbN0= 10 n=  2 pwr=1 | BER=0.0403 P_energy=0.010
sparse_blind        EbN0= 10 n=  3 pwr=1 | BER=0.0431 P_energy=0.021
sparse_blind        EbN0= 10 n=  4 pwr=1 | BER=0.0437 P_energy=0.023
sparse_blind        EbN0= 10 n=  6 pwr=1 | BER=0.0531 P_energy=0.006
sparse_blind        EbN0= 10 n=  8 pwr=1 | BER=0.0622 P_energy=0.014
sparse_blind        EbN0= 10 n= 12 pwr=1 | BER=0.0768 P_energy=0.021
sparse_blind        EbN0= 10 n= 16 pwr=1 | BER=0.0894 P_energy=0.027
sparse_blind        EbN0= 10 n= 24 pwr=1 | BER=0.1187 P_energy=0.025
sparse_blind        EbN0= 10 n= 32 pwr=1 | BER=0.1431 P_energy=0.057
sparse_blind        EbN0= 10 n= 52 pwr=1 | BER=0.2143 P_energy=0.129
sparse_channelaware EbN0= 10 n=  1 pwr=1 | BER=0.0370 P_energy=0.004
sparse_channelaware EbN0= 10 n=  2 pwr=1 | BER=0.0422 P_energy=0.010
sparse_channelaware EbN0= 10 n=  3 pwr=1 | BER=0.0456 P_energy=0.016
sparse_channelaware EbN0= 10 n=  4 pwr=1 | BER=0.0538 P_energy=0.008
sparse_channelaware EbN0= 10 n=  6 pwr=1 | BER=0.0632 P_energy=0.012
sparse_channelaware EbN0= 10 n=  8 pwr=1 | BER=0.0735 P_energy=0.018
sparse_channelaware EbN0= 10 n= 12 pwr=1 | BER=0.0955 P_energy=0.031
sparse_channelaware EbN0= 10 n= 16 pwr=1 | BER=0.1210 P_energy=0.027
sparse_channelaware EbN0= 10 n= 24 pwr=1 | BER=0.1553 P_energy=0.062
sparse_channelaware EbN0= 10 n= 32 pwr=1 | BER=0.1885 P_energy=0.064
sparse_channelaware EbN0= 10 n= 52 pwr=1 | BER=0.2097 P_energy=0.129
broadband_inband  EbN0= 10       pwr=1 | BER=0.2168 P_energy=0.111
sparse_blind        EbN0= 10 n=  1 pwr=1.5 | BER=0.0356 P_energy=0.008
sparse_blind        EbN0= 10 n=  2 pwr=1.5 | BER=0.0415 P_energy=0.006
sparse_blind        EbN0= 10 n=  3 pwr=1.5 | BER=0.0456 P_energy=0.004
sparse_blind        EbN0= 10 n=  4 pwr=1.5 | BER=0.0491 P_energy=0.010
sparse_blind        EbN0= 10 n=  6 pwr=1.5 | BER=0.0596 P_energy=0.008
sparse_blind        EbN0= 10 n=  8 pwr=1.5 | BER=0.0704 P_energy=0.020
sparse_blind        EbN0= 10 n= 12 pwr=1.5 | BER=0.0827 P_energy=0.025
sparse_blind        EbN0= 10 n= 16 pwr=1.5 | BER=0.0998 P_energy=0.023
sparse_blind        EbN0= 10 n= 24 pwr=1.5 | BER=0.1304 P_energy=0.055
sparse_blind        EbN0= 10 n= 32 pwr=1.5 | BER=0.1682 P_energy=0.111
sparse_blind        EbN0= 10 n= 52 pwr=1.5 | BER=0.2490 P_energy=0.281
sparse_channelaware EbN0= 10 n=  1 pwr=1.5 | BER=0.0362 P_energy=0.004
sparse_channelaware EbN0= 10 n=  2 pwr=1.5 | BER=0.0426 P_energy=0.012
sparse_channelaware EbN0= 10 n=  3 pwr=1.5 | BER=0.0495 P_energy=0.004
sparse_channelaware EbN0= 10 n=  4 pwr=1.5 | BER=0.0527 P_energy=0.020
sparse_channelaware EbN0= 10 n=  6 pwr=1.5 | BER=0.0662 P_energy=0.014
sparse_channelaware EbN0= 10 n=  8 pwr=1.5 | BER=0.0787 P_energy=0.018
sparse_channelaware EbN0= 10 n= 12 pwr=1.5 | BER=0.1041 P_energy=0.041
sparse_channelaware EbN0= 10 n= 16 pwr=1.5 | BER=0.1260 P_energy=0.049
sparse_channelaware EbN0= 10 n= 24 pwr=1.5 | BER=0.1716 P_energy=0.146
sparse_channelaware EbN0= 10 n= 32 pwr=1.5 | BER=0.2094 P_energy=0.184
sparse_channelaware EbN0= 10 n= 52 pwr=1.5 | BER=0.2493 P_energy=0.275
broadband_inband  EbN0= 10       pwr=1.5 | BER=0.2515 P_energy=0.291
sparse_blind        EbN0= 10 n=  1 pwr=2 | BER=0.0360 P_energy=0.008
sparse_blind        EbN0= 10 n=  2 pwr=2 | BER=0.0418 P_energy=0.010
sparse_blind        EbN0= 10 n=  3 pwr=2 | BER=0.0449 P_energy=0.016
sparse_blind        EbN0= 10 n=  4 pwr=2 | BER=0.0524 P_energy=0.023
sparse_blind        EbN0= 10 n=  6 pwr=2 | BER=0.0609 P_energy=0.014
sparse_blind        EbN0= 10 n=  8 pwr=2 | BER=0.0708 P_energy=0.025
sparse_blind        EbN0= 10 n= 12 pwr=2 | BER=0.0900 P_energy=0.029
sparse_blind        EbN0= 10 n= 16 pwr=2 | BER=0.1062 P_energy=0.061
sparse_blind        EbN0= 10 n= 24 pwr=2 | BER=0.1454 P_energy=0.109
sparse_blind        EbN0= 10 n= 32 pwr=2 | BER=0.1898 P_energy=0.215
sparse_blind        EbN0= 10 n= 52 pwr=2 | BER=0.2793 P_energy=0.441
sparse_channelaware EbN0= 10 n=  1 pwr=2 | BER=0.0375 P_energy=0.006
sparse_channelaware EbN0= 10 n=  2 pwr=2 | BER=0.0409 P_energy=0.012
sparse_channelaware EbN0= 10 n=  3 pwr=2 | BER=0.0472 P_energy=0.018
sparse_channelaware EbN0= 10 n=  4 pwr=2 | BER=0.0538 P_energy=0.008
sparse_channelaware EbN0= 10 n=  6 pwr=2 | BER=0.0656 P_energy=0.018
sparse_channelaware EbN0= 10 n=  8 pwr=2 | BER=0.0790 P_energy=0.045
sparse_channelaware EbN0= 10 n= 12 pwr=2 | BER=0.1057 P_energy=0.070
sparse_channelaware EbN0= 10 n= 16 pwr=2 | BER=0.1325 P_energy=0.137
sparse_channelaware EbN0= 10 n= 24 pwr=2 | BER=0.1810 P_energy=0.217
sparse_channelaware EbN0= 10 n= 32 pwr=2 | BER=0.2229 P_energy=0.291
sparse_channelaware EbN0= 10 n= 52 pwr=2 | BER=0.2772 P_energy=0.408
broadband_inband  EbN0= 10       pwr=2 | BER=0.2791 P_energy=0.461
sparse_blind        EbN0= 10 n=  1 pwr=3 | BER=0.0384 P_energy=0.014
sparse_blind        EbN0= 10 n=  2 pwr=3 | BER=0.0426 P_energy=0.016
sparse_blind        EbN0= 10 n=  3 pwr=3 | BER=0.0482 P_energy=0.020
sparse_blind        EbN0= 10 n=  4 pwr=3 | BER=0.0550 P_energy=0.008
sparse_blind        EbN0= 10 n=  6 pwr=3 | BER=0.0649 P_energy=0.029
sparse_blind        EbN0= 10 n=  8 pwr=3 | BER=0.0792 P_energy=0.035
sparse_blind        EbN0= 10 n= 12 pwr=3 | BER=0.0986 P_energy=0.053
sparse_blind        EbN0= 10 n= 16 pwr=3 | BER=0.1209 P_energy=0.123
sparse_blind        EbN0= 10 n= 24 pwr=3 | BER=0.1617 P_energy=0.244
sparse_blind        EbN0= 10 n= 32 pwr=3 | BER=0.2055 P_energy=0.340
sparse_blind        EbN0= 10 n= 52 pwr=3 | BER=0.3140 P_energy=0.646
sparse_channelaware EbN0= 10 n=  1 pwr=3 | BER=0.0385 P_energy=0.012
sparse_channelaware EbN0= 10 n=  2 pwr=3 | BER=0.0428 P_energy=0.018
sparse_channelaware EbN0= 10 n=  3 pwr=3 | BER=0.0504 P_energy=0.021
sparse_channelaware EbN0= 10 n=  4 pwr=3 | BER=0.0552 P_energy=0.021
sparse_channelaware EbN0= 10 n=  6 pwr=3 | BER=0.0688 P_energy=0.031
sparse_channelaware EbN0= 10 n=  8 pwr=3 | BER=0.0809 P_energy=0.062
sparse_channelaware EbN0= 10 n= 12 pwr=3 | BER=0.1104 P_energy=0.141
sparse_channelaware EbN0= 10 n= 16 pwr=3 | BER=0.1382 P_energy=0.223
sparse_channelaware EbN0= 10 n= 24 pwr=3 | BER=0.1931 P_energy=0.402
sparse_channelaware EbN0= 10 n= 32 pwr=3 | BER=0.2375 P_energy=0.506
sparse_channelaware EbN0= 10 n= 52 pwr=3 | BER=0.3078 P_energy=0.672
broadband_inband  EbN0= 10       pwr=3 | BER=0.3109 P_energy=0.650
sparse_blind        EbN0= 10 n=  1 pwr=4 | BER=0.0416 P_energy=0.016
sparse_blind        EbN0= 10 n=  2 pwr=4 | BER=0.0438 P_energy=0.027
sparse_blind        EbN0= 10 n=  3 pwr=4 | BER=0.0527 P_energy=0.018
sparse_blind        EbN0= 10 n=  4 pwr=4 | BER=0.0561 P_energy=0.025
sparse_blind        EbN0= 10 n=  6 pwr=4 | BER=0.0662 P_energy=0.057
sparse_blind        EbN0= 10 n=  8 pwr=4 | BER=0.0814 P_energy=0.031
sparse_blind        EbN0= 10 n= 12 pwr=4 | BER=0.0986 P_energy=0.098
sparse_blind        EbN0= 10 n= 16 pwr=4 | BER=0.1237 P_energy=0.195
sparse_blind        EbN0= 10 n= 24 pwr=4 | BER=0.1723 P_energy=0.406
sparse_blind        EbN0= 10 n= 32 pwr=4 | BER=0.2224 P_energy=0.559
sparse_blind        EbN0= 10 n= 52 pwr=4 | BER=0.3359 P_energy=0.785
sparse_channelaware EbN0= 10 n=  1 pwr=4 | BER=0.0377 P_energy=0.014
sparse_channelaware EbN0= 10 n=  2 pwr=4 | BER=0.0424 P_energy=0.014
sparse_channelaware EbN0= 10 n=  3 pwr=4 | BER=0.0486 P_energy=0.033
sparse_channelaware EbN0= 10 n=  4 pwr=4 | BER=0.0545 P_energy=0.041
sparse_channelaware EbN0= 10 n=  6 pwr=4 | BER=0.0685 P_energy=0.068
sparse_channelaware EbN0= 10 n=  8 pwr=4 | BER=0.0817 P_energy=0.129
sparse_channelaware EbN0= 10 n= 12 pwr=4 | BER=0.1140 P_energy=0.258
sparse_channelaware EbN0= 10 n= 16 pwr=4 | BER=0.1408 P_energy=0.322
sparse_channelaware EbN0= 10 n= 24 pwr=4 | BER=0.1985 P_energy=0.551
sparse_channelaware EbN0= 10 n= 32 pwr=4 | BER=0.2524 P_energy=0.721
sparse_channelaware EbN0= 10 n= 52 pwr=4 | BER=0.3322 P_energy=0.805
broadband_inband  EbN0= 10       pwr=4 | BER=0.3413 P_energy=0.820
sparse_blind        EbN0= 10 n=  1 pwr=6 | BER=0.0386 P_energy=0.010
sparse_blind        EbN0= 10 n=  2 pwr=6 | BER=0.0486 P_energy=0.018
sparse_blind        EbN0= 10 n=  3 pwr=6 | BER=0.0525 P_energy=0.016
sparse_blind        EbN0= 10 n=  4 pwr=6 | BER=0.0565 P_energy=0.035
sparse_blind        EbN0= 10 n=  6 pwr=6 | BER=0.0688 P_energy=0.062
sparse_blind        EbN0= 10 n=  8 pwr=6 | BER=0.0839 P_energy=0.098
sparse_blind        EbN0= 10 n= 12 pwr=6 | BER=0.1107 P_energy=0.252
sparse_blind        EbN0= 10 n= 16 pwr=6 | BER=0.1351 P_energy=0.385
sparse_blind        EbN0= 10 n= 24 pwr=6 | BER=0.1826 P_energy=0.582
sparse_blind        EbN0= 10 n= 32 pwr=6 | BER=0.2356 P_energy=0.768
sparse_blind        EbN0= 10 n= 52 pwr=6 | BER=0.3581 P_energy=0.898
sparse_channelaware EbN0= 10 n=  1 pwr=6 | BER=0.0396 P_energy=0.023
sparse_channelaware EbN0= 10 n=  2 pwr=6 | BER=0.0443 P_energy=0.014
sparse_channelaware EbN0= 10 n=  3 pwr=6 | BER=0.0495 P_energy=0.029
sparse_channelaware EbN0= 10 n=  4 pwr=6 | BER=0.0566 P_energy=0.057
sparse_channelaware EbN0= 10 n=  6 pwr=6 | BER=0.0695 P_energy=0.174
sparse_channelaware EbN0= 10 n=  8 pwr=6 | BER=0.0849 P_energy=0.273
sparse_channelaware EbN0= 10 n= 12 pwr=6 | BER=0.1147 P_energy=0.436
sparse_channelaware EbN0= 10 n= 16 pwr=6 | BER=0.1462 P_energy=0.619
sparse_channelaware EbN0= 10 n= 24 pwr=6 | BER=0.2062 P_energy=0.764
sparse_channelaware EbN0= 10 n= 32 pwr=6 | BER=0.2630 P_energy=0.855
sparse_channelaware EbN0= 10 n= 52 pwr=6 | BER=0.3548 P_energy=0.896
broadband_inband  EbN0= 10       pwr=6 | BER=0.3644 P_energy=0.902
  [checkpoint] 416 rows written after EbN0=10 (293s elapsed)
clean            EbN0= 15 | BER floor=0.0117 P_energy=0.010 (e_thresh=2.574)
sparse_blind        EbN0= 15 n=  1 pwr=0.25 | BER=0.0119 P_energy=0.006
sparse_blind        EbN0= 15 n=  2 pwr=0.25 | BER=0.0148 P_energy=0.010
sparse_blind        EbN0= 15 n=  3 pwr=0.25 | BER=0.0160 P_energy=0.008
sparse_blind        EbN0= 15 n=  4 pwr=0.25 | BER=0.0180 P_energy=0.006
sparse_blind        EbN0= 15 n=  6 pwr=0.25 | BER=0.0215 P_energy=0.010
sparse_blind        EbN0= 15 n=  8 pwr=0.25 | BER=0.0250 P_energy=0.004
sparse_blind        EbN0= 15 n= 12 pwr=0.25 | BER=0.0319 P_energy=0.018
sparse_blind        EbN0= 15 n= 16 pwr=0.25 | BER=0.0404 P_energy=0.018
sparse_blind        EbN0= 15 n= 24 pwr=0.25 | BER=0.0506 P_energy=0.008
sparse_blind        EbN0= 15 n= 32 pwr=0.25 | BER=0.0661 P_energy=0.008
sparse_blind        EbN0= 15 n= 52 pwr=0.25 | BER=0.0983 P_energy=0.010
sparse_channelaware EbN0= 15 n=  1 pwr=0.25 | BER=0.0148 P_energy=0.008
sparse_channelaware EbN0= 15 n=  2 pwr=0.25 | BER=0.0201 P_energy=0.008
sparse_channelaware EbN0= 15 n=  3 pwr=0.25 | BER=0.0254 P_energy=0.016
sparse_channelaware EbN0= 15 n=  4 pwr=0.25 | BER=0.0300 P_energy=0.002
sparse_channelaware EbN0= 15 n=  6 pwr=0.25 | BER=0.0383 P_energy=0.012
sparse_channelaware EbN0= 15 n=  8 pwr=0.25 | BER=0.0474 P_energy=0.008
sparse_channelaware EbN0= 15 n= 12 pwr=0.25 | BER=0.0593 P_energy=0.004
sparse_channelaware EbN0= 15 n= 16 pwr=0.25 | BER=0.0704 P_energy=0.006
sparse_channelaware EbN0= 15 n= 24 pwr=0.25 | BER=0.0877 P_energy=0.010
sparse_channelaware EbN0= 15 n= 32 pwr=0.25 | BER=0.0950 P_energy=0.021
sparse_channelaware EbN0= 15 n= 52 pwr=0.25 | BER=0.0968 P_energy=0.010
broadband_inband  EbN0= 15       pwr=0.25 | BER=0.0994 P_energy=0.016
sparse_blind        EbN0= 15 n=  1 pwr=0.5 | BER=0.0142 P_energy=0.002
sparse_blind        EbN0= 15 n=  2 pwr=0.5 | BER=0.0167 P_energy=0.012
sparse_blind        EbN0= 15 n=  3 pwr=0.5 | BER=0.0204 P_energy=0.010
sparse_blind        EbN0= 15 n=  4 pwr=0.5 | BER=0.0231 P_energy=0.008
sparse_blind        EbN0= 15 n=  6 pwr=0.5 | BER=0.0256 P_energy=0.010
sparse_blind        EbN0= 15 n=  8 pwr=0.5 | BER=0.0314 P_energy=0.014
sparse_blind        EbN0= 15 n= 12 pwr=0.5 | BER=0.0430 P_energy=0.020
sparse_blind        EbN0= 15 n= 16 pwr=0.5 | BER=0.0536 P_energy=0.018
sparse_blind        EbN0= 15 n= 24 pwr=0.5 | BER=0.0769 P_energy=0.004
sparse_blind        EbN0= 15 n= 32 pwr=0.5 | BER=0.0985 P_energy=0.020
sparse_blind        EbN0= 15 n= 52 pwr=0.5 | BER=0.1459 P_energy=0.014
sparse_channelaware EbN0= 15 n=  1 pwr=0.5 | BER=0.0159 P_energy=0.008
sparse_channelaware EbN0= 15 n=  2 pwr=0.5 | BER=0.0225 P_energy=0.008
sparse_channelaware EbN0= 15 n=  3 pwr=0.5 | BER=0.0271 P_energy=0.018
sparse_channelaware EbN0= 15 n=  4 pwr=0.5 | BER=0.0343 P_energy=0.016
sparse_channelaware EbN0= 15 n=  6 pwr=0.5 | BER=0.0446 P_energy=0.016
sparse_channelaware EbN0= 15 n=  8 pwr=0.5 | BER=0.0566 P_energy=0.016
sparse_channelaware EbN0= 15 n= 12 pwr=0.5 | BER=0.0779 P_energy=0.014
sparse_channelaware EbN0= 15 n= 16 pwr=0.5 | BER=0.0950 P_energy=0.008
sparse_channelaware EbN0= 15 n= 24 pwr=0.5 | BER=0.1212 P_energy=0.020
sparse_channelaware EbN0= 15 n= 32 pwr=0.5 | BER=0.1420 P_energy=0.025
sparse_channelaware EbN0= 15 n= 52 pwr=0.5 | BER=0.1523 P_energy=0.031
broadband_inband  EbN0= 15       pwr=0.5 | BER=0.1481 P_energy=0.039
sparse_blind        EbN0= 15 n=  1 pwr=0.75 | BER=0.0138 P_energy=0.004
sparse_blind        EbN0= 15 n=  2 pwr=0.75 | BER=0.0181 P_energy=0.010
sparse_blind        EbN0= 15 n=  3 pwr=0.75 | BER=0.0215 P_energy=0.004
sparse_blind        EbN0= 15 n=  4 pwr=0.75 | BER=0.0248 P_energy=0.010
sparse_blind        EbN0= 15 n=  6 pwr=0.75 | BER=0.0307 P_energy=0.012
sparse_blind        EbN0= 15 n=  8 pwr=0.75 | BER=0.0388 P_energy=0.016
sparse_blind        EbN0= 15 n= 12 pwr=0.75 | BER=0.0520 P_energy=0.010
sparse_blind        EbN0= 15 n= 16 pwr=0.75 | BER=0.0652 P_energy=0.020
sparse_blind        EbN0= 15 n= 24 pwr=0.75 | BER=0.0928 P_energy=0.020
sparse_blind        EbN0= 15 n= 32 pwr=0.75 | BER=0.1196 P_energy=0.027
sparse_blind        EbN0= 15 n= 52 pwr=0.75 | BER=0.1790 P_energy=0.064
sparse_channelaware EbN0= 15 n=  1 pwr=0.75 | BER=0.0156 P_energy=0.002
sparse_channelaware EbN0= 15 n=  2 pwr=0.75 | BER=0.0225 P_energy=0.012
sparse_channelaware EbN0= 15 n=  3 pwr=0.75 | BER=0.0294 P_energy=0.014
sparse_channelaware EbN0= 15 n=  4 pwr=0.75 | BER=0.0360 P_energy=0.010
sparse_channelaware EbN0= 15 n=  6 pwr=0.75 | BER=0.0479 P_energy=0.008
sparse_channelaware EbN0= 15 n=  8 pwr=0.75 | BER=0.0614 P_energy=0.010
sparse_channelaware EbN0= 15 n= 12 pwr=0.75 | BER=0.0846 P_energy=0.014
sparse_channelaware EbN0= 15 n= 16 pwr=0.75 | BER=0.1060 P_energy=0.008
sparse_channelaware EbN0= 15 n= 24 pwr=0.75 | BER=0.1346 P_energy=0.027
sparse_channelaware EbN0= 15 n= 32 pwr=0.75 | BER=0.1672 P_energy=0.033
sparse_channelaware EbN0= 15 n= 52 pwr=0.75 | BER=0.1856 P_energy=0.066
broadband_inband  EbN0= 15       pwr=0.75 | BER=0.1908 P_energy=0.053
sparse_blind        EbN0= 15 n=  1 pwr=1 | BER=0.0150 P_energy=0.010
sparse_blind        EbN0= 15 n=  2 pwr=1 | BER=0.0181 P_energy=0.008
sparse_blind        EbN0= 15 n=  3 pwr=1 | BER=0.0229 P_energy=0.010
sparse_blind        EbN0= 15 n=  4 pwr=1 | BER=0.0260 P_energy=0.004
sparse_blind        EbN0= 15 n=  6 pwr=1 | BER=0.0354 P_energy=0.012
sparse_blind        EbN0= 15 n=  8 pwr=1 | BER=0.0445 P_energy=0.016
sparse_blind        EbN0= 15 n= 12 pwr=1 | BER=0.0587 P_energy=0.006
sparse_blind        EbN0= 15 n= 16 pwr=1 | BER=0.0736 P_energy=0.008
sparse_blind        EbN0= 15 n= 24 pwr=1 | BER=0.1040 P_energy=0.023
sparse_blind        EbN0= 15 n= 32 pwr=1 | BER=0.1392 P_energy=0.045
sparse_blind        EbN0= 15 n= 52 pwr=1 | BER=0.2087 P_energy=0.092
sparse_channelaware EbN0= 15 n=  1 pwr=1 | BER=0.0163 P_energy=0.016
sparse_channelaware EbN0= 15 n=  2 pwr=1 | BER=0.0226 P_energy=0.016
sparse_channelaware EbN0= 15 n=  3 pwr=1 | BER=0.0301 P_energy=0.014
sparse_channelaware EbN0= 15 n=  4 pwr=1 | BER=0.0364 P_energy=0.008
sparse_channelaware EbN0= 15 n=  6 pwr=1 | BER=0.0508 P_energy=0.020
sparse_channelaware EbN0= 15 n=  8 pwr=1 | BER=0.0636 P_energy=0.012
sparse_channelaware EbN0= 15 n= 12 pwr=1 | BER=0.0903 P_energy=0.023
sparse_channelaware EbN0= 15 n= 16 pwr=1 | BER=0.1129 P_energy=0.021
sparse_channelaware EbN0= 15 n= 24 pwr=1 | BER=0.1568 P_energy=0.039
sparse_channelaware EbN0= 15 n= 32 pwr=1 | BER=0.1823 P_energy=0.072
sparse_channelaware EbN0= 15 n= 52 pwr=1 | BER=0.2071 P_energy=0.113
broadband_inband  EbN0= 15       pwr=1 | BER=0.2118 P_energy=0.135
sparse_blind        EbN0= 15 n=  1 pwr=1.5 | BER=0.0150 P_energy=0.016
sparse_blind        EbN0= 15 n=  2 pwr=1.5 | BER=0.0203 P_energy=0.004
sparse_blind        EbN0= 15 n=  3 pwr=1.5 | BER=0.0248 P_energy=0.020
sparse_blind        EbN0= 15 n=  4 pwr=1.5 | BER=0.0281 P_energy=0.006
sparse_blind        EbN0= 15 n=  6 pwr=1.5 | BER=0.0376 P_energy=0.014
sparse_blind        EbN0= 15 n=  8 pwr=1.5 | BER=0.0471 P_energy=0.016
sparse_blind        EbN0= 15 n= 12 pwr=1.5 | BER=0.0670 P_energy=0.029
sparse_blind        EbN0= 15 n= 16 pwr=1.5 | BER=0.0871 P_energy=0.016
sparse_blind        EbN0= 15 n= 24 pwr=1.5 | BER=0.1194 P_energy=0.059
sparse_blind        EbN0= 15 n= 32 pwr=1.5 | BER=0.1574 P_energy=0.076
sparse_blind        EbN0= 15 n= 52 pwr=1.5 | BER=0.2542 P_energy=0.236
sparse_channelaware EbN0= 15 n=  1 pwr=1.5 | BER=0.0158 P_energy=0.004
sparse_channelaware EbN0= 15 n=  2 pwr=1.5 | BER=0.0234 P_energy=0.010
sparse_channelaware EbN0= 15 n=  3 pwr=1.5 | BER=0.0298 P_energy=0.010
sparse_channelaware EbN0= 15 n=  4 pwr=1.5 | BER=0.0385 P_energy=0.016
sparse_channelaware EbN0= 15 n=  6 pwr=1.5 | BER=0.0534 P_energy=0.029
sparse_channelaware EbN0= 15 n=  8 pwr=1.5 | BER=0.0667 P_energy=0.008
sparse_channelaware EbN0= 15 n= 12 pwr=1.5 | BER=0.0949 P_energy=0.039
sparse_channelaware EbN0= 15 n= 16 pwr=1.5 | BER=0.1220 P_energy=0.045
sparse_channelaware EbN0= 15 n= 24 pwr=1.5 | BER=0.1695 P_energy=0.092
sparse_channelaware EbN0= 15 n= 32 pwr=1.5 | BER=0.2055 P_energy=0.158
sparse_channelaware EbN0= 15 n= 52 pwr=1.5 | BER=0.2583 P_energy=0.227
broadband_inband  EbN0= 15       pwr=1.5 | BER=0.2540 P_energy=0.248
sparse_blind        EbN0= 15 n=  1 pwr=2 | BER=0.0164 P_energy=0.008
sparse_blind        EbN0= 15 n=  2 pwr=2 | BER=0.0209 P_energy=0.010
sparse_blind        EbN0= 15 n=  3 pwr=2 | BER=0.0260 P_energy=0.008
sparse_blind        EbN0= 15 n=  4 pwr=2 | BER=0.0323 P_energy=0.010
sparse_blind        EbN0= 15 n=  6 pwr=2 | BER=0.0409 P_energy=0.018
sparse_blind        EbN0= 15 n=  8 pwr=2 | BER=0.0511 P_energy=0.010
sparse_blind        EbN0= 15 n= 12 pwr=2 | BER=0.0718 P_energy=0.035
sparse_blind        EbN0= 15 n= 16 pwr=2 | BER=0.0939 P_energy=0.045
sparse_blind        EbN0= 15 n= 24 pwr=2 | BER=0.1346 P_energy=0.113
sparse_blind        EbN0= 15 n= 32 pwr=2 | BER=0.1777 P_energy=0.154
sparse_blind        EbN0= 15 n= 52 pwr=2 | BER=0.2812 P_energy=0.359
sparse_channelaware EbN0= 15 n=  1 pwr=2 | BER=0.0168 P_energy=0.004
sparse_channelaware EbN0= 15 n=  2 pwr=2 | BER=0.0241 P_energy=0.010
sparse_channelaware EbN0= 15 n=  3 pwr=2 | BER=0.0315 P_energy=0.010
sparse_channelaware EbN0= 15 n=  4 pwr=2 | BER=0.0373 P_energy=0.006
sparse_channelaware EbN0= 15 n=  6 pwr=2 | BER=0.0529 P_energy=0.012
sparse_channelaware EbN0= 15 n=  8 pwr=2 | BER=0.0682 P_energy=0.029
sparse_channelaware EbN0= 15 n= 12 pwr=2 | BER=0.0998 P_energy=0.035
sparse_channelaware EbN0= 15 n= 16 pwr=2 | BER=0.1257 P_energy=0.094
sparse_channelaware EbN0= 15 n= 24 pwr=2 | BER=0.1804 P_energy=0.188
sparse_channelaware EbN0= 15 n= 32 pwr=2 | BER=0.2199 P_energy=0.279
sparse_channelaware EbN0= 15 n= 52 pwr=2 | BER=0.2778 P_energy=0.391
broadband_inband  EbN0= 15       pwr=2 | BER=0.2728 P_energy=0.381
sparse_blind        EbN0= 15 n=  1 pwr=3 | BER=0.0176 P_energy=0.008
sparse_blind        EbN0= 15 n=  2 pwr=3 | BER=0.0224 P_energy=0.006
sparse_blind        EbN0= 15 n=  3 pwr=3 | BER=0.0290 P_energy=0.016
sparse_blind        EbN0= 15 n=  4 pwr=3 | BER=0.0343 P_energy=0.018
sparse_blind        EbN0= 15 n=  6 pwr=3 | BER=0.0455 P_energy=0.020
sparse_blind        EbN0= 15 n=  8 pwr=3 | BER=0.0569 P_energy=0.031
sparse_blind        EbN0= 15 n= 12 pwr=3 | BER=0.0779 P_energy=0.051
sparse_blind        EbN0= 15 n= 16 pwr=3 | BER=0.1058 P_energy=0.086
sparse_blind        EbN0= 15 n= 24 pwr=3 | BER=0.1509 P_energy=0.215
sparse_blind        EbN0= 15 n= 32 pwr=3 | BER=0.1951 P_energy=0.336
sparse_blind        EbN0= 15 n= 52 pwr=3 | BER=0.3092 P_energy=0.604
sparse_channelaware EbN0= 15 n=  1 pwr=3 | BER=0.0175 P_energy=0.008
sparse_channelaware EbN0= 15 n=  2 pwr=3 | BER=0.0243 P_energy=0.014
sparse_channelaware EbN0= 15 n=  3 pwr=3 | BER=0.0323 P_energy=0.021
sparse_channelaware EbN0= 15 n=  4 pwr=3 | BER=0.0400 P_energy=0.010
sparse_channelaware EbN0= 15 n=  6 pwr=3 | BER=0.0548 P_energy=0.043
sparse_channelaware EbN0= 15 n=  8 pwr=3 | BER=0.0713 P_energy=0.045
sparse_channelaware EbN0= 15 n= 12 pwr=3 | BER=0.1018 P_energy=0.143
sparse_channelaware EbN0= 15 n= 16 pwr=3 | BER=0.1312 P_energy=0.184
sparse_channelaware EbN0= 15 n= 24 pwr=3 | BER=0.1887 P_energy=0.373
sparse_channelaware EbN0= 15 n= 32 pwr=3 | BER=0.2389 P_energy=0.529
sparse_channelaware EbN0= 15 n= 52 pwr=3 | BER=0.3109 P_energy=0.619
broadband_inband  EbN0= 15       pwr=3 | BER=0.3129 P_energy=0.570
sparse_blind        EbN0= 15 n=  1 pwr=4 | BER=0.0178 P_energy=0.008
sparse_blind        EbN0= 15 n=  2 pwr=4 | BER=0.0226 P_energy=0.020
sparse_blind        EbN0= 15 n=  3 pwr=4 | BER=0.0316 P_energy=0.014
sparse_blind        EbN0= 15 n=  4 pwr=4 | BER=0.0354 P_energy=0.008
sparse_blind        EbN0= 15 n=  6 pwr=4 | BER=0.0484 P_energy=0.018
sparse_blind        EbN0= 15 n=  8 pwr=4 | BER=0.0636 P_energy=0.033
sparse_blind        EbN0= 15 n= 12 pwr=4 | BER=0.0858 P_energy=0.102
sparse_blind        EbN0= 15 n= 16 pwr=4 | BER=0.1095 P_energy=0.164
sparse_blind        EbN0= 15 n= 24 pwr=4 | BER=0.1625 P_energy=0.359
sparse_blind        EbN0= 15 n= 32 pwr=4 | BER=0.2084 P_energy=0.496
sparse_blind        EbN0= 15 n= 52 pwr=4 | BER=0.3405 P_energy=0.779
sparse_channelaware EbN0= 15 n=  1 pwr=4 | BER=0.0170 P_energy=0.002
sparse_channelaware EbN0= 15 n=  2 pwr=4 | BER=0.0249 P_energy=0.008
sparse_channelaware EbN0= 15 n=  3 pwr=4 | BER=0.0317 P_energy=0.014
sparse_channelaware EbN0= 15 n=  4 pwr=4 | BER=0.0402 P_energy=0.031
sparse_channelaware EbN0= 15 n=  6 pwr=4 | BER=0.0562 P_energy=0.045
sparse_channelaware EbN0= 15 n=  8 pwr=4 | BER=0.0720 P_energy=0.104
sparse_channelaware EbN0= 15 n= 12 pwr=4 | BER=0.1039 P_energy=0.215
sparse_channelaware EbN0= 15 n= 16 pwr=4 | BER=0.1353 P_energy=0.346
sparse_channelaware EbN0= 15 n= 24 pwr=4 | BER=0.1959 P_energy=0.537
sparse_channelaware EbN0= 15 n= 32 pwr=4 | BER=0.2509 P_energy=0.645
sparse_channelaware EbN0= 15 n= 52 pwr=4 | BER=0.3394 P_energy=0.762
broadband_inband  EbN0= 15       pwr=4 | BER=0.3321 P_energy=0.750
sparse_blind        EbN0= 15 n=  1 pwr=6 | BER=0.0173 P_energy=0.012
sparse_blind        EbN0= 15 n=  2 pwr=6 | BER=0.0233 P_energy=0.016
sparse_blind        EbN0= 15 n=  3 pwr=6 | BER=0.0321 P_energy=0.016
sparse_blind        EbN0= 15 n=  4 pwr=6 | BER=0.0392 P_energy=0.023
sparse_blind        EbN0= 15 n=  6 pwr=6 | BER=0.0509 P_energy=0.061
sparse_blind        EbN0= 15 n=  8 pwr=6 | BER=0.0637 P_energy=0.092
sparse_blind        EbN0= 15 n= 12 pwr=6 | BER=0.0909 P_energy=0.219
sparse_blind        EbN0= 15 n= 16 pwr=6 | BER=0.1203 P_energy=0.312
sparse_blind        EbN0= 15 n= 24 pwr=6 | BER=0.1750 P_energy=0.574
sparse_blind        EbN0= 15 n= 32 pwr=6 | BER=0.2284 P_energy=0.732
sparse_blind        EbN0= 15 n= 52 pwr=6 | BER=0.3607 P_energy=0.916
sparse_channelaware EbN0= 15 n=  1 pwr=6 | BER=0.0176 P_energy=0.008
sparse_channelaware EbN0= 15 n=  2 pwr=6 | BER=0.0246 P_energy=0.027
sparse_channelaware EbN0= 15 n=  3 pwr=6 | BER=0.0319 P_energy=0.043
sparse_channelaware EbN0= 15 n=  4 pwr=6 | BER=0.0411 P_energy=0.062
sparse_channelaware EbN0= 15 n=  6 pwr=6 | BER=0.0565 P_energy=0.131
sparse_channelaware EbN0= 15 n=  8 pwr=6 | BER=0.0734 P_energy=0.203
sparse_channelaware EbN0= 15 n= 12 pwr=6 | BER=0.1069 P_energy=0.381
sparse_channelaware EbN0= 15 n= 16 pwr=6 | BER=0.1398 P_energy=0.574
sparse_channelaware EbN0= 15 n= 24 pwr=6 | BER=0.2011 P_energy=0.758
sparse_channelaware EbN0= 15 n= 32 pwr=6 | BER=0.2586 P_energy=0.820
sparse_channelaware EbN0= 15 n= 52 pwr=6 | BER=0.3584 P_energy=0.885
broadband_inband  EbN0= 15       pwr=6 | BER=0.3653 P_energy=0.924
  [checkpoint] 624 rows written after EbN0=15 (439s elapsed)
clean            EbN0= 20 | BER floor=0.0036 P_energy=0.021 (e_thresh=2.440)
sparse_blind        EbN0= 20 n=  1 pwr=0.25 | BER=0.0058 P_energy=0.014
sparse_blind        EbN0= 20 n=  2 pwr=0.25 | BER=0.0067 P_energy=0.016
sparse_blind        EbN0= 20 n=  3 pwr=0.25 | BER=0.0089 P_energy=0.012
sparse_blind        EbN0= 20 n=  4 pwr=0.25 | BER=0.0106 P_energy=0.012
sparse_blind        EbN0= 20 n=  6 pwr=0.25 | BER=0.0140 P_energy=0.014
sparse_blind        EbN0= 20 n=  8 pwr=0.25 | BER=0.0182 P_energy=0.014
sparse_blind        EbN0= 20 n= 12 pwr=0.25 | BER=0.0236 P_energy=0.004
sparse_blind        EbN0= 20 n= 16 pwr=0.25 | BER=0.0310 P_energy=0.016
sparse_blind        EbN0= 20 n= 24 pwr=0.25 | BER=0.0453 P_energy=0.012
sparse_blind        EbN0= 20 n= 32 pwr=0.25 | BER=0.0587 P_energy=0.012
sparse_blind        EbN0= 20 n= 52 pwr=0.25 | BER=0.0917 P_energy=0.020
sparse_channelaware EbN0= 20 n=  1 pwr=0.25 | BER=0.0088 P_energy=0.008
sparse_channelaware EbN0= 20 n=  2 pwr=0.25 | BER=0.0147 P_energy=0.010
sparse_channelaware EbN0= 20 n=  3 pwr=0.25 | BER=0.0200 P_energy=0.016
sparse_channelaware EbN0= 20 n=  4 pwr=0.25 | BER=0.0251 P_energy=0.016
sparse_channelaware EbN0= 20 n=  6 pwr=0.25 | BER=0.0360 P_energy=0.014
sparse_channelaware EbN0= 20 n=  8 pwr=0.25 | BER=0.0447 P_energy=0.012
sparse_channelaware EbN0= 20 n= 12 pwr=0.25 | BER=0.0595 P_energy=0.010
sparse_channelaware EbN0= 20 n= 16 pwr=0.25 | BER=0.0681 P_energy=0.006
sparse_channelaware EbN0= 20 n= 24 pwr=0.25 | BER=0.0787 P_energy=0.021
sparse_channelaware EbN0= 20 n= 32 pwr=0.25 | BER=0.0908 P_energy=0.014
sparse_channelaware EbN0= 20 n= 52 pwr=0.25 | BER=0.0974 P_energy=0.010
broadband_inband  EbN0= 20       pwr=0.25 | BER=0.0970 P_energy=0.016
sparse_blind        EbN0= 20 n=  1 pwr=0.5 | BER=0.0062 P_energy=0.012
sparse_blind        EbN0= 20 n=  2 pwr=0.5 | BER=0.0085 P_energy=0.010
sparse_blind        EbN0= 20 n=  3 pwr=0.5 | BER=0.0112 P_energy=0.008
sparse_blind        EbN0= 20 n=  4 pwr=0.5 | BER=0.0147 P_energy=0.010
sparse_blind        EbN0= 20 n=  6 pwr=0.5 | BER=0.0193 P_energy=0.010
sparse_blind        EbN0= 20 n=  8 pwr=0.5 | BER=0.0260 P_energy=0.010
sparse_blind        EbN0= 20 n= 12 pwr=0.5 | BER=0.0348 P_energy=0.016
sparse_blind        EbN0= 20 n= 16 pwr=0.5 | BER=0.0485 P_energy=0.018
sparse_blind        EbN0= 20 n= 24 pwr=0.5 | BER=0.0686 P_energy=0.016
sparse_blind        EbN0= 20 n= 32 pwr=0.5 | BER=0.0889 P_energy=0.029
sparse_blind        EbN0= 20 n= 52 pwr=0.5 | BER=0.1463 P_energy=0.047
sparse_channelaware EbN0= 20 n=  1 pwr=0.5 | BER=0.0097 P_energy=0.014
sparse_channelaware EbN0= 20 n=  2 pwr=0.5 | BER=0.0163 P_energy=0.018
sparse_channelaware EbN0= 20 n=  3 pwr=0.5 | BER=0.0237 P_energy=0.008
sparse_channelaware EbN0= 20 n=  4 pwr=0.5 | BER=0.0298 P_energy=0.018
sparse_channelaware EbN0= 20 n=  6 pwr=0.5 | BER=0.0432 P_energy=0.012
sparse_channelaware EbN0= 20 n=  8 pwr=0.5 | BER=0.0546 P_energy=0.018
sparse_channelaware EbN0= 20 n= 12 pwr=0.5 | BER=0.0754 P_energy=0.014
sparse_channelaware EbN0= 20 n= 16 pwr=0.5 | BER=0.0932 P_energy=0.018
sparse_channelaware EbN0= 20 n= 24 pwr=0.5 | BER=0.1215 P_energy=0.035
sparse_channelaware EbN0= 20 n= 32 pwr=0.5 | BER=0.1309 P_energy=0.018
sparse_channelaware EbN0= 20 n= 52 pwr=0.5 | BER=0.1503 P_energy=0.037
broadband_inband  EbN0= 20       pwr=0.5 | BER=0.1531 P_energy=0.053
sparse_blind        EbN0= 20 n=  1 pwr=0.75 | BER=0.0068 P_energy=0.004
sparse_blind        EbN0= 20 n=  2 pwr=0.75 | BER=0.0103 P_energy=0.004
sparse_blind        EbN0= 20 n=  3 pwr=0.75 | BER=0.0137 P_energy=0.010
sparse_blind        EbN0= 20 n=  4 pwr=0.75 | BER=0.0182 P_energy=0.014
sparse_blind        EbN0= 20 n=  6 pwr=0.75 | BER=0.0240 P_energy=0.008
sparse_blind        EbN0= 20 n=  8 pwr=0.75 | BER=0.0322 P_energy=0.004
sparse_blind        EbN0= 20 n= 12 pwr=0.75 | BER=0.0456 P_energy=0.014
sparse_blind        EbN0= 20 n= 16 pwr=0.75 | BER=0.0595 P_energy=0.025
sparse_blind        EbN0= 20 n= 24 pwr=0.75 | BER=0.0863 P_energy=0.020
sparse_blind        EbN0= 20 n= 32 pwr=0.75 | BER=0.1156 P_energy=0.041
sparse_blind        EbN0= 20 n= 52 pwr=0.75 | BER=0.1858 P_energy=0.062
sparse_channelaware EbN0= 20 n=  1 pwr=0.75 | BER=0.0098 P_energy=0.021
sparse_channelaware EbN0= 20 n=  2 pwr=0.75 | BER=0.0176 P_energy=0.012
sparse_channelaware EbN0= 20 n=  3 pwr=0.75 | BER=0.0240 P_energy=0.012
sparse_channelaware EbN0= 20 n=  4 pwr=0.75 | BER=0.0318 P_energy=0.010
sparse_channelaware EbN0= 20 n=  6 pwr=0.75 | BER=0.0461 P_energy=0.012
sparse_channelaware EbN0= 20 n=  8 pwr=0.75 | BER=0.0587 P_energy=0.014
sparse_channelaware EbN0= 20 n= 12 pwr=0.75 | BER=0.0835 P_energy=0.027
sparse_channelaware EbN0= 20 n= 16 pwr=0.75 | BER=0.1045 P_energy=0.025
sparse_channelaware EbN0= 20 n= 24 pwr=0.75 | BER=0.1390 P_energy=0.033
sparse_channelaware EbN0= 20 n= 32 pwr=0.75 | BER=0.1674 P_energy=0.043
sparse_channelaware EbN0= 20 n= 52 pwr=0.75 | BER=0.1881 P_energy=0.086
broadband_inband  EbN0= 20       pwr=0.75 | BER=0.1865 P_energy=0.061
sparse_blind        EbN0= 20 n=  1 pwr=1 | BER=0.0076 P_energy=0.012
sparse_blind        EbN0= 20 n=  2 pwr=1 | BER=0.0106 P_energy=0.021
sparse_blind        EbN0= 20 n=  3 pwr=1 | BER=0.0155 P_energy=0.012
sparse_blind        EbN0= 20 n=  4 pwr=1 | BER=0.0212 P_energy=0.016
sparse_blind        EbN0= 20 n=  6 pwr=1 | BER=0.0271 P_energy=0.021
sparse_blind        EbN0= 20 n=  8 pwr=1 | BER=0.0366 P_energy=0.014
sparse_blind        EbN0= 20 n= 12 pwr=1 | BER=0.0513 P_energy=0.018
sparse_blind        EbN0= 20 n= 16 pwr=1 | BER=0.0674 P_energy=0.010
sparse_blind        EbN0= 20 n= 24 pwr=1 | BER=0.1022 P_energy=0.020
sparse_blind        EbN0= 20 n= 32 pwr=1 | BER=0.1313 P_energy=0.055
sparse_blind        EbN0= 20 n= 52 pwr=1 | BER=0.2089 P_energy=0.115
sparse_channelaware EbN0= 20 n=  1 pwr=1 | BER=0.0102 P_energy=0.014
sparse_channelaware EbN0= 20 n=  2 pwr=1 | BER=0.0183 P_energy=0.021
sparse_channelaware EbN0= 20 n=  3 pwr=1 | BER=0.0256 P_energy=0.010
sparse_channelaware EbN0= 20 n=  4 pwr=1 | BER=0.0336 P_energy=0.012
sparse_channelaware EbN0= 20 n=  6 pwr=1 | BER=0.0474 P_energy=0.020
sparse_channelaware EbN0= 20 n=  8 pwr=1 | BER=0.0603 P_energy=0.021
sparse_channelaware EbN0= 20 n= 12 pwr=1 | BER=0.0873 P_energy=0.035
sparse_channelaware EbN0= 20 n= 16 pwr=1 | BER=0.1140 P_energy=0.031
sparse_channelaware EbN0= 20 n= 24 pwr=1 | BER=0.1558 P_energy=0.064
sparse_channelaware EbN0= 20 n= 32 pwr=1 | BER=0.1859 P_energy=0.086
sparse_channelaware EbN0= 20 n= 52 pwr=1 | BER=0.2192 P_energy=0.143
broadband_inband  EbN0= 20       pwr=1 | BER=0.2096 P_energy=0.135
sparse_blind        EbN0= 20 n=  1 pwr=1.5 | BER=0.0082 P_energy=0.018
sparse_blind        EbN0= 20 n=  2 pwr=1.5 | BER=0.0136 P_energy=0.016
sparse_blind        EbN0= 20 n=  3 pwr=1.5 | BER=0.0182 P_energy=0.012
sparse_blind        EbN0= 20 n=  4 pwr=1.5 | BER=0.0228 P_energy=0.016
sparse_blind        EbN0= 20 n=  6 pwr=1.5 | BER=0.0308 P_energy=0.014
sparse_blind        EbN0= 20 n=  8 pwr=1.5 | BER=0.0420 P_energy=0.020
sparse_blind        EbN0= 20 n= 12 pwr=1.5 | BER=0.0603 P_energy=0.016
sparse_blind        EbN0= 20 n= 16 pwr=1.5 | BER=0.0808 P_energy=0.043
sparse_blind        EbN0= 20 n= 24 pwr=1.5 | BER=0.1196 P_energy=0.068
sparse_blind        EbN0= 20 n= 32 pwr=1.5 | BER=0.1541 P_energy=0.129
sparse_blind        EbN0= 20 n= 52 pwr=1.5 | BER=0.2529 P_energy=0.273
sparse_channelaware EbN0= 20 n=  1 pwr=1.5 | BER=0.0106 P_energy=0.006
sparse_channelaware EbN0= 20 n=  2 pwr=1.5 | BER=0.0186 P_energy=0.012
sparse_channelaware EbN0= 20 n=  3 pwr=1.5 | BER=0.0266 P_energy=0.010
sparse_channelaware EbN0= 20 n=  4 pwr=1.5 | BER=0.0340 P_energy=0.018
sparse_channelaware EbN0= 20 n=  6 pwr=1.5 | BER=0.0497 P_energy=0.023
sparse_channelaware EbN0= 20 n=  8 pwr=1.5 | BER=0.0646 P_energy=0.035
sparse_channelaware EbN0= 20 n= 12 pwr=1.5 | BER=0.0936 P_energy=0.033
sparse_channelaware EbN0= 20 n= 16 pwr=1.5 | BER=0.1196 P_energy=0.072
sparse_channelaware EbN0= 20 n= 24 pwr=1.5 | BER=0.1679 P_energy=0.141
sparse_channelaware EbN0= 20 n= 32 pwr=1.5 | BER=0.2059 P_energy=0.197
sparse_channelaware EbN0= 20 n= 52 pwr=1.5 | BER=0.2535 P_energy=0.266
broadband_inband  EbN0= 20       pwr=1.5 | BER=0.2471 P_energy=0.301
sparse_blind        EbN0= 20 n=  1 pwr=2 | BER=0.0089 P_energy=0.021
sparse_blind        EbN0= 20 n=  2 pwr=2 | BER=0.0142 P_energy=0.018
sparse_blind        EbN0= 20 n=  3 pwr=2 | BER=0.0199 P_energy=0.021
sparse_blind        EbN0= 20 n=  4 pwr=2 | BER=0.0242 P_energy=0.012
sparse_blind        EbN0= 20 n=  6 pwr=2 | BER=0.0354 P_energy=0.018
sparse_blind        EbN0= 20 n=  8 pwr=2 | BER=0.0460 P_energy=0.020
sparse_blind        EbN0= 20 n= 12 pwr=2 | BER=0.0685 P_energy=0.027
sparse_blind        EbN0= 20 n= 16 pwr=2 | BER=0.0858 P_energy=0.049
sparse_blind        EbN0= 20 n= 24 pwr=2 | BER=0.1281 P_energy=0.117
sparse_blind        EbN0= 20 n= 32 pwr=2 | BER=0.1718 P_energy=0.221
sparse_blind        EbN0= 20 n= 52 pwr=2 | BER=0.2669 P_energy=0.383
sparse_channelaware EbN0= 20 n=  1 pwr=2 | BER=0.0107 P_energy=0.020
sparse_channelaware EbN0= 20 n=  2 pwr=2 | BER=0.0188 P_energy=0.025
sparse_channelaware EbN0= 20 n=  3 pwr=2 | BER=0.0264 P_energy=0.010
sparse_channelaware EbN0= 20 n=  4 pwr=2 | BER=0.0349 P_energy=0.008
sparse_channelaware EbN0= 20 n=  6 pwr=2 | BER=0.0515 P_energy=0.021
sparse_channelaware EbN0= 20 n=  8 pwr=2 | BER=0.0665 P_energy=0.043
sparse_channelaware EbN0= 20 n= 12 pwr=2 | BER=0.0969 P_energy=0.102
sparse_channelaware EbN0= 20 n= 16 pwr=2 | BER=0.1257 P_energy=0.100
sparse_channelaware EbN0= 20 n= 24 pwr=2 | BER=0.1763 P_energy=0.205
sparse_channelaware EbN0= 20 n= 32 pwr=2 | BER=0.2226 P_energy=0.307
sparse_channelaware EbN0= 20 n= 52 pwr=2 | BER=0.2703 P_energy=0.422
broadband_inband  EbN0= 20       pwr=2 | BER=0.2771 P_energy=0.412
sparse_blind        EbN0= 20 n=  1 pwr=3 | BER=0.0091 P_energy=0.016
sparse_blind        EbN0= 20 n=  2 pwr=3 | BER=0.0153 P_energy=0.023
sparse_blind        EbN0= 20 n=  3 pwr=3 | BER=0.0214 P_energy=0.006
sparse_blind        EbN0= 20 n=  4 pwr=3 | BER=0.0278 P_energy=0.020
sparse_blind        EbN0= 20 n=  6 pwr=3 | BER=0.0386 P_energy=0.021
sparse_blind        EbN0= 20 n=  8 pwr=3 | BER=0.0504 P_energy=0.025
sparse_blind        EbN0= 20 n= 12 pwr=3 | BER=0.0734 P_energy=0.045
sparse_blind        EbN0= 20 n= 16 pwr=3 | BER=0.0971 P_energy=0.104
sparse_blind        EbN0= 20 n= 24 pwr=3 | BER=0.1453 P_energy=0.242
sparse_blind        EbN0= 20 n= 32 pwr=3 | BER=0.1956 P_energy=0.387
sparse_blind        EbN0= 20 n= 52 pwr=3 | BER=0.3159 P_energy=0.674
sparse_channelaware EbN0= 20 n=  1 pwr=3 | BER=0.0111 P_energy=0.008
sparse_channelaware EbN0= 20 n=  2 pwr=3 | BER=0.0189 P_energy=0.016
sparse_channelaware EbN0= 20 n=  3 pwr=3 | BER=0.0270 P_energy=0.021
sparse_channelaware EbN0= 20 n=  4 pwr=3 | BER=0.0355 P_energy=0.021
sparse_channelaware EbN0= 20 n=  6 pwr=3 | BER=0.0514 P_energy=0.037
sparse_channelaware EbN0= 20 n=  8 pwr=3 | BER=0.0687 P_energy=0.078
sparse_channelaware EbN0= 20 n= 12 pwr=3 | BER=0.0997 P_energy=0.131
sparse_channelaware EbN0= 20 n= 16 pwr=3 | BER=0.1304 P_energy=0.238
sparse_channelaware EbN0= 20 n= 24 pwr=3 | BER=0.1866 P_energy=0.395
sparse_channelaware EbN0= 20 n= 32 pwr=3 | BER=0.2382 P_energy=0.562
sparse_channelaware EbN0= 20 n= 52 pwr=3 | BER=0.3073 P_energy=0.680
broadband_inband  EbN0= 20       pwr=3 | BER=0.3072 P_energy=0.676
sparse_blind        EbN0= 20 n=  1 pwr=4 | BER=0.0100 P_energy=0.010
sparse_blind        EbN0= 20 n=  2 pwr=4 | BER=0.0161 P_energy=0.020
sparse_blind        EbN0= 20 n=  3 pwr=4 | BER=0.0227 P_energy=0.018
sparse_blind        EbN0= 20 n=  4 pwr=4 | BER=0.0298 P_energy=0.020
sparse_blind        EbN0= 20 n=  6 pwr=4 | BER=0.0415 P_energy=0.029
sparse_blind        EbN0= 20 n=  8 pwr=4 | BER=0.0543 P_energy=0.051
sparse_blind        EbN0= 20 n= 12 pwr=4 | BER=0.0798 P_energy=0.115
sparse_blind        EbN0= 20 n= 16 pwr=4 | BER=0.1036 P_energy=0.215
sparse_blind        EbN0= 20 n= 24 pwr=4 | BER=0.1548 P_energy=0.381
sparse_blind        EbN0= 20 n= 32 pwr=4 | BER=0.2050 P_energy=0.510
sparse_blind        EbN0= 20 n= 52 pwr=4 | BER=0.3302 P_energy=0.799
sparse_channelaware EbN0= 20 n=  1 pwr=4 | BER=0.0112 P_energy=0.016
sparse_channelaware EbN0= 20 n=  2 pwr=4 | BER=0.0191 P_energy=0.021
sparse_channelaware EbN0= 20 n=  3 pwr=4 | BER=0.0276 P_energy=0.025
sparse_channelaware EbN0= 20 n=  4 pwr=4 | BER=0.0359 P_energy=0.049
sparse_channelaware EbN0= 20 n=  6 pwr=4 | BER=0.0530 P_energy=0.061
sparse_channelaware EbN0= 20 n=  8 pwr=4 | BER=0.0702 P_energy=0.109
sparse_channelaware EbN0= 20 n= 12 pwr=4 | BER=0.1020 P_energy=0.219
sparse_channelaware EbN0= 20 n= 16 pwr=4 | BER=0.1345 P_energy=0.363
sparse_channelaware EbN0= 20 n= 24 pwr=4 | BER=0.1935 P_energy=0.568
sparse_channelaware EbN0= 20 n= 32 pwr=4 | BER=0.2515 P_energy=0.709
sparse_channelaware EbN0= 20 n= 52 pwr=4 | BER=0.3395 P_energy=0.809
broadband_inband  EbN0= 20       pwr=4 | BER=0.3354 P_energy=0.783
sparse_blind        EbN0= 20 n=  1 pwr=6 | BER=0.0105 P_energy=0.016
sparse_blind        EbN0= 20 n=  2 pwr=6 | BER=0.0170 P_energy=0.021
sparse_blind        EbN0= 20 n=  3 pwr=6 | BER=0.0248 P_energy=0.020
sparse_blind        EbN0= 20 n=  4 pwr=6 | BER=0.0310 P_energy=0.037
sparse_blind        EbN0= 20 n=  6 pwr=6 | BER=0.0455 P_energy=0.064
sparse_blind        EbN0= 20 n=  8 pwr=6 | BER=0.0589 P_energy=0.105
sparse_blind        EbN0= 20 n= 12 pwr=6 | BER=0.0878 P_energy=0.232
sparse_blind        EbN0= 20 n= 16 pwr=6 | BER=0.1136 P_energy=0.377
sparse_blind        EbN0= 20 n= 24 pwr=6 | BER=0.1706 P_energy=0.641
sparse_blind        EbN0= 20 n= 32 pwr=6 | BER=0.2226 P_energy=0.727
sparse_blind        EbN0= 20 n= 52 pwr=6 | BER=0.3580 P_energy=0.910
sparse_channelaware EbN0= 20 n=  1 pwr=6 | BER=0.0110 P_energy=0.016
sparse_channelaware EbN0= 20 n=  2 pwr=6 | BER=0.0195 P_energy=0.033
sparse_channelaware EbN0= 20 n=  3 pwr=6 | BER=0.0278 P_energy=0.045
sparse_channelaware EbN0= 20 n=  4 pwr=6 | BER=0.0365 P_energy=0.080
sparse_channelaware EbN0= 20 n=  6 pwr=6 | BER=0.0533 P_energy=0.168
sparse_channelaware EbN0= 20 n=  8 pwr=6 | BER=0.0712 P_energy=0.250
sparse_channelaware EbN0= 20 n= 12 pwr=6 | BER=0.1050 P_energy=0.459
sparse_channelaware EbN0= 20 n= 16 pwr=6 | BER=0.1377 P_energy=0.580
sparse_channelaware EbN0= 20 n= 24 pwr=6 | BER=0.2028 P_energy=0.770
sparse_channelaware EbN0= 20 n= 32 pwr=6 | BER=0.2625 P_energy=0.861
sparse_channelaware EbN0= 20 n= 52 pwr=6 | BER=0.3643 P_energy=0.902
broadband_inband  EbN0= 20       pwr=6 | BER=0.3662 P_energy=0.938
  [checkpoint] 832 rows written after EbN0=20 (584s elapsed)
clean            EbN0= 30 | BER floor=0.0003 P_energy=0.012 (e_thresh=2.458)
sparse_blind        EbN0= 30 n=  1 pwr=0.25 | BER=0.0018 P_energy=0.025
sparse_blind        EbN0= 30 n=  2 pwr=0.25 | BER=0.0039 P_energy=0.012
sparse_blind        EbN0= 30 n=  3 pwr=0.25 | BER=0.0054 P_energy=0.010
sparse_blind        EbN0= 30 n=  4 pwr=0.25 | BER=0.0078 P_energy=0.014
sparse_blind        EbN0= 30 n=  6 pwr=0.25 | BER=0.0108 P_energy=0.014
sparse_blind        EbN0= 30 n=  8 pwr=0.25 | BER=0.0139 P_energy=0.006
sparse_blind        EbN0= 30 n= 12 pwr=0.25 | BER=0.0214 P_energy=0.014
sparse_blind        EbN0= 30 n= 16 pwr=0.25 | BER=0.0293 P_energy=0.018
sparse_blind        EbN0= 30 n= 24 pwr=0.25 | BER=0.0434 P_energy=0.021
sparse_blind        EbN0= 30 n= 32 pwr=0.25 | BER=0.0547 P_energy=0.016
sparse_blind        EbN0= 30 n= 52 pwr=0.25 | BER=0.0944 P_energy=0.023
sparse_channelaware EbN0= 30 n=  1 pwr=0.25 | BER=0.0070 P_energy=0.012
sparse_channelaware EbN0= 30 n=  2 pwr=0.25 | BER=0.0135 P_energy=0.016
sparse_channelaware EbN0= 30 n=  3 pwr=0.25 | BER=0.0199 P_energy=0.010
sparse_channelaware EbN0= 30 n=  4 pwr=0.25 | BER=0.0247 P_energy=0.010
sparse_channelaware EbN0= 30 n=  6 pwr=0.25 | BER=0.0339 P_energy=0.012
sparse_channelaware EbN0= 30 n=  8 pwr=0.25 | BER=0.0434 P_energy=0.016
sparse_channelaware EbN0= 30 n= 12 pwr=0.25 | BER=0.0581 P_energy=0.010
sparse_channelaware EbN0= 30 n= 16 pwr=0.25 | BER=0.0663 P_energy=0.012
sparse_channelaware EbN0= 30 n= 24 pwr=0.25 | BER=0.0844 P_energy=0.004
sparse_channelaware EbN0= 30 n= 32 pwr=0.25 | BER=0.0860 P_energy=0.018
sparse_channelaware EbN0= 30 n= 52 pwr=0.25 | BER=0.0871 P_energy=0.023
broadband_inband  EbN0= 30       pwr=0.25 | BER=0.0937 P_energy=0.021
sparse_blind        EbN0= 30 n=  1 pwr=0.5 | BER=0.0031 P_energy=0.016
sparse_blind        EbN0= 30 n=  2 pwr=0.5 | BER=0.0061 P_energy=0.010
sparse_blind        EbN0= 30 n=  3 pwr=0.5 | BER=0.0089 P_energy=0.020
sparse_blind        EbN0= 30 n=  4 pwr=0.5 | BER=0.0121 P_energy=0.010
sparse_blind        EbN0= 30 n=  6 pwr=0.5 | BER=0.0170 P_energy=0.010
sparse_blind        EbN0= 30 n=  8 pwr=0.5 | BER=0.0217 P_energy=0.010
sparse_blind        EbN0= 30 n= 12 pwr=0.5 | BER=0.0347 P_energy=0.012
sparse_blind        EbN0= 30 n= 16 pwr=0.5 | BER=0.0444 P_energy=0.014
sparse_blind        EbN0= 30 n= 24 pwr=0.5 | BER=0.0654 P_energy=0.014
sparse_blind        EbN0= 30 n= 32 pwr=0.5 | BER=0.0869 P_energy=0.014
sparse_blind        EbN0= 30 n= 52 pwr=0.5 | BER=0.1432 P_energy=0.051
sparse_channelaware EbN0= 30 n=  1 pwr=0.5 | BER=0.0082 P_energy=0.010
sparse_channelaware EbN0= 30 n=  2 pwr=0.5 | BER=0.0156 P_energy=0.002
sparse_channelaware EbN0= 30 n=  3 pwr=0.5 | BER=0.0227 P_energy=0.002
sparse_channelaware EbN0= 30 n=  4 pwr=0.5 | BER=0.0300 P_energy=0.008
sparse_channelaware EbN0= 30 n=  6 pwr=0.5 | BER=0.0419 P_energy=0.014
sparse_channelaware EbN0= 30 n=  8 pwr=0.5 | BER=0.0525 P_energy=0.012
sparse_channelaware EbN0= 30 n= 12 pwr=0.5 | BER=0.0751 P_energy=0.012
sparse_channelaware EbN0= 30 n= 16 pwr=0.5 | BER=0.0945 P_energy=0.016
sparse_channelaware EbN0= 30 n= 24 pwr=0.5 | BER=0.1138 P_energy=0.037
sparse_channelaware EbN0= 30 n= 32 pwr=0.5 | BER=0.1357 P_energy=0.035
sparse_channelaware EbN0= 30 n= 52 pwr=0.5 | BER=0.1495 P_energy=0.031
broadband_inband  EbN0= 30       pwr=0.5 | BER=0.1533 P_energy=0.039
sparse_blind        EbN0= 30 n=  1 pwr=0.75 | BER=0.0038 P_energy=0.016
sparse_blind        EbN0= 30 n=  2 pwr=0.75 | BER=0.0073 P_energy=0.008
sparse_blind        EbN0= 30 n=  3 pwr=0.75 | BER=0.0110 P_energy=0.006
sparse_blind        EbN0= 30 n=  4 pwr=0.75 | BER=0.0150 P_energy=0.012
sparse_blind        EbN0= 30 n=  6 pwr=0.75 | BER=0.0219 P_energy=0.010
sparse_blind        EbN0= 30 n=  8 pwr=0.75 | BER=0.0291 P_energy=0.016
sparse_blind        EbN0= 30 n= 12 pwr=0.75 | BER=0.0436 P_energy=0.010
sparse_blind        EbN0= 30 n= 16 pwr=0.75 | BER=0.0568 P_energy=0.012
sparse_blind        EbN0= 30 n= 24 pwr=0.75 | BER=0.0865 P_energy=0.008
sparse_blind        EbN0= 30 n= 32 pwr=0.75 | BER=0.1127 P_energy=0.033
sparse_blind        EbN0= 30 n= 52 pwr=0.75 | BER=0.1901 P_energy=0.062
sparse_channelaware EbN0= 30 n=  1 pwr=0.75 | BER=0.0083 P_energy=0.010
sparse_channelaware EbN0= 30 n=  2 pwr=0.75 | BER=0.0164 P_energy=0.016
sparse_channelaware EbN0= 30 n=  3 pwr=0.75 | BER=0.0241 P_energy=0.010
sparse_channelaware EbN0= 30 n=  4 pwr=0.75 | BER=0.0313 P_energy=0.012
sparse_channelaware EbN0= 30 n=  6 pwr=0.75 | BER=0.0450 P_energy=0.010
sparse_channelaware EbN0= 30 n=  8 pwr=0.75 | BER=0.0591 P_energy=0.014
sparse_channelaware EbN0= 30 n= 12 pwr=0.75 | BER=0.0836 P_energy=0.021
sparse_channelaware EbN0= 30 n= 16 pwr=0.75 | BER=0.1050 P_energy=0.018
sparse_channelaware EbN0= 30 n= 24 pwr=0.75 | BER=0.1416 P_energy=0.031
sparse_channelaware EbN0= 30 n= 32 pwr=0.75 | BER=0.1658 P_energy=0.051
sparse_channelaware EbN0= 30 n= 52 pwr=0.75 | BER=0.1842 P_energy=0.076
broadband_inband  EbN0= 30       pwr=0.75 | BER=0.1925 P_energy=0.096
sparse_blind        EbN0= 30 n=  1 pwr=1 | BER=0.0043 P_energy=0.008
sparse_blind        EbN0= 30 n=  2 pwr=1 | BER=0.0087 P_energy=0.010
sparse_blind        EbN0= 30 n=  3 pwr=1 | BER=0.0123 P_energy=0.014
sparse_blind        EbN0= 30 n=  4 pwr=1 | BER=0.0166 P_energy=0.010
sparse_blind        EbN0= 30 n=  6 pwr=1 | BER=0.0246 P_energy=0.012
sparse_blind        EbN0= 30 n=  8 pwr=1 | BER=0.0331 P_energy=0.016
sparse_blind        EbN0= 30 n= 12 pwr=1 | BER=0.0480 P_energy=0.006
sparse_blind        EbN0= 30 n= 16 pwr=1 | BER=0.0673 P_energy=0.029
sparse_blind        EbN0= 30 n= 24 pwr=1 | BER=0.0998 P_energy=0.037
sparse_blind        EbN0= 30 n= 32 pwr=1 | BER=0.1283 P_energy=0.045
sparse_blind        EbN0= 30 n= 52 pwr=1 | BER=0.2130 P_energy=0.111
sparse_channelaware EbN0= 30 n=  1 pwr=1 | BER=0.0082 P_energy=0.006
sparse_channelaware EbN0= 30 n=  2 pwr=1 | BER=0.0168 P_energy=0.010
sparse_channelaware EbN0= 30 n=  3 pwr=1 | BER=0.0247 P_energy=0.010
sparse_channelaware EbN0= 30 n=  4 pwr=1 | BER=0.0328 P_energy=0.010
sparse_channelaware EbN0= 30 n=  6 pwr=1 | BER=0.0470 P_energy=0.021
sparse_channelaware EbN0= 30 n=  8 pwr=1 | BER=0.0605 P_energy=0.031
sparse_channelaware EbN0= 30 n= 12 pwr=1 | BER=0.0880 P_energy=0.021
sparse_channelaware EbN0= 30 n= 16 pwr=1 | BER=0.1103 P_energy=0.029
sparse_channelaware EbN0= 30 n= 24 pwr=1 | BER=0.1503 P_energy=0.053
sparse_channelaware EbN0= 30 n= 32 pwr=1 | BER=0.1782 P_energy=0.061
sparse_channelaware EbN0= 30 n= 52 pwr=1 | BER=0.2082 P_energy=0.121
broadband_inband  EbN0= 30       pwr=1 | BER=0.2147 P_energy=0.127
sparse_blind        EbN0= 30 n=  1 pwr=1.5 | BER=0.0050 P_energy=0.020
sparse_blind        EbN0= 30 n=  2 pwr=1.5 | BER=0.0100 P_energy=0.008
sparse_blind        EbN0= 30 n=  3 pwr=1.5 | BER=0.0143 P_energy=0.021
sparse_blind        EbN0= 30 n=  4 pwr=1.5 | BER=0.0197 P_energy=0.025
sparse_blind        EbN0= 30 n=  6 pwr=1.5 | BER=0.0299 P_energy=0.014
sparse_blind        EbN0= 30 n=  8 pwr=1.5 | BER=0.0387 P_energy=0.010
sparse_blind        EbN0= 30 n= 12 pwr=1.5 | BER=0.0566 P_energy=0.018
sparse_blind        EbN0= 30 n= 16 pwr=1.5 | BER=0.0802 P_energy=0.031
sparse_blind        EbN0= 30 n= 24 pwr=1.5 | BER=0.1154 P_energy=0.049
sparse_blind        EbN0= 30 n= 32 pwr=1.5 | BER=0.1514 P_energy=0.104
sparse_blind        EbN0= 30 n= 52 pwr=1.5 | BER=0.2423 P_energy=0.273
sparse_channelaware EbN0= 30 n=  1 pwr=1.5 | BER=0.0087 P_energy=0.012
sparse_channelaware EbN0= 30 n=  2 pwr=1.5 | BER=0.0169 P_energy=0.010
sparse_channelaware EbN0= 30 n=  3 pwr=1.5 | BER=0.0254 P_energy=0.021
sparse_channelaware EbN0= 30 n=  4 pwr=1.5 | BER=0.0334 P_energy=0.021
sparse_channelaware EbN0= 30 n=  6 pwr=1.5 | BER=0.0490 P_energy=0.027
sparse_channelaware EbN0= 30 n=  8 pwr=1.5 | BER=0.0644 P_energy=0.018
sparse_channelaware EbN0= 30 n= 12 pwr=1.5 | BER=0.0934 P_energy=0.043
sparse_channelaware EbN0= 30 n= 16 pwr=1.5 | BER=0.1215 P_energy=0.076
sparse_channelaware EbN0= 30 n= 24 pwr=1.5 | BER=0.1687 P_energy=0.113
sparse_channelaware EbN0= 30 n= 32 pwr=1.5 | BER=0.2036 P_energy=0.174
sparse_channelaware EbN0= 30 n= 52 pwr=1.5 | BER=0.2462 P_energy=0.258
broadband_inband  EbN0= 30       pwr=1.5 | BER=0.2461 P_energy=0.252
sparse_blind        EbN0= 30 n=  1 pwr=2 | BER=0.0057 P_energy=0.018
sparse_blind        EbN0= 30 n=  2 pwr=2 | BER=0.0116 P_energy=0.002
sparse_blind        EbN0= 30 n=  3 pwr=2 | BER=0.0162 P_energy=0.014
sparse_blind        EbN0= 30 n=  4 pwr=2 | BER=0.0220 P_energy=0.006
sparse_blind        EbN0= 30 n=  6 pwr=2 | BER=0.0324 P_energy=0.020
sparse_blind        EbN0= 30 n=  8 pwr=2 | BER=0.0426 P_energy=0.020
sparse_blind        EbN0= 30 n= 12 pwr=2 | BER=0.0649 P_energy=0.025
sparse_blind        EbN0= 30 n= 16 pwr=2 | BER=0.0850 P_energy=0.053
sparse_blind        EbN0= 30 n= 24 pwr=2 | BER=0.1295 P_energy=0.084
sparse_blind        EbN0= 30 n= 32 pwr=2 | BER=0.1652 P_energy=0.154
sparse_blind        EbN0= 30 n= 52 pwr=2 | BER=0.2806 P_energy=0.453
sparse_channelaware EbN0= 30 n=  1 pwr=2 | BER=0.0088 P_energy=0.020
sparse_channelaware EbN0= 30 n=  2 pwr=2 | BER=0.0173 P_energy=0.006
sparse_channelaware EbN0= 30 n=  3 pwr=2 | BER=0.0257 P_energy=0.010
sparse_channelaware EbN0= 30 n=  4 pwr=2 | BER=0.0341 P_energy=0.012
sparse_channelaware EbN0= 30 n=  6 pwr=2 | BER=0.0499 P_energy=0.039
sparse_channelaware EbN0= 30 n=  8 pwr=2 | BER=0.0653 P_energy=0.031
sparse_channelaware EbN0= 30 n= 12 pwr=2 | BER=0.0965 P_energy=0.062
sparse_channelaware EbN0= 30 n= 16 pwr=2 | BER=0.1266 P_energy=0.100
sparse_channelaware EbN0= 30 n= 24 pwr=2 | BER=0.1776 P_energy=0.238
sparse_channelaware EbN0= 30 n= 32 pwr=2 | BER=0.2257 P_energy=0.293
sparse_channelaware EbN0= 30 n= 52 pwr=2 | BER=0.2859 P_energy=0.447
broadband_inband  EbN0= 30       pwr=2 | BER=0.2735 P_energy=0.441
sparse_blind        EbN0= 30 n=  1 pwr=3 | BER=0.0062 P_energy=0.010
sparse_blind        EbN0= 30 n=  2 pwr=3 | BER=0.0128 P_energy=0.018
sparse_blind        EbN0= 30 n=  3 pwr=3 | BER=0.0185 P_energy=0.014
sparse_blind        EbN0= 30 n=  4 pwr=3 | BER=0.0238 P_energy=0.021
sparse_blind        EbN0= 30 n=  6 pwr=3 | BER=0.0354 P_energy=0.014
sparse_blind        EbN0= 30 n=  8 pwr=3 | BER=0.0472 P_energy=0.033
sparse_blind        EbN0= 30 n= 12 pwr=3 | BER=0.0720 P_energy=0.057
sparse_blind        EbN0= 30 n= 16 pwr=3 | BER=0.0962 P_energy=0.113
sparse_blind        EbN0= 30 n= 24 pwr=3 | BER=0.1456 P_energy=0.211
sparse_blind        EbN0= 30 n= 32 pwr=3 | BER=0.1941 P_energy=0.393
sparse_blind        EbN0= 30 n= 52 pwr=3 | BER=0.3107 P_energy=0.662
sparse_channelaware EbN0= 30 n=  1 pwr=3 | BER=0.0089 P_energy=0.020
sparse_channelaware EbN0= 30 n=  2 pwr=3 | BER=0.0178 P_energy=0.018
sparse_channelaware EbN0= 30 n=  3 pwr=3 | BER=0.0260 P_energy=0.023
sparse_channelaware EbN0= 30 n=  4 pwr=3 | BER=0.0345 P_energy=0.021
sparse_channelaware EbN0= 30 n=  6 pwr=3 | BER=0.0516 P_energy=0.035
sparse_channelaware EbN0= 30 n=  8 pwr=3 | BER=0.0680 P_energy=0.062
sparse_channelaware EbN0= 30 n= 12 pwr=3 | BER=0.0997 P_energy=0.133
sparse_channelaware EbN0= 30 n= 16 pwr=3 | BER=0.1301 P_energy=0.221
sparse_channelaware EbN0= 30 n= 24 pwr=3 | BER=0.1880 P_energy=0.357
sparse_channelaware EbN0= 30 n= 32 pwr=3 | BER=0.2355 P_energy=0.482
sparse_channelaware EbN0= 30 n= 52 pwr=3 | BER=0.3052 P_energy=0.590
broadband_inband  EbN0= 30       pwr=3 | BER=0.3107 P_energy=0.666
sparse_blind        EbN0= 30 n=  1 pwr=4 | BER=0.0066 P_energy=0.018
sparse_blind        EbN0= 30 n=  2 pwr=4 | BER=0.0134 P_energy=0.008
sparse_blind        EbN0= 30 n=  3 pwr=4 | BER=0.0195 P_energy=0.021
sparse_blind        EbN0= 30 n=  4 pwr=4 | BER=0.0260 P_energy=0.021
sparse_blind        EbN0= 30 n=  6 pwr=4 | BER=0.0379 P_energy=0.029
sparse_blind        EbN0= 30 n=  8 pwr=4 | BER=0.0512 P_energy=0.039
sparse_blind        EbN0= 30 n= 12 pwr=4 | BER=0.0796 P_energy=0.100
sparse_blind        EbN0= 30 n= 16 pwr=4 | BER=0.1038 P_energy=0.207
sparse_blind        EbN0= 30 n= 24 pwr=4 | BER=0.1532 P_energy=0.354
sparse_blind        EbN0= 30 n= 32 pwr=4 | BER=0.2086 P_energy=0.541
sparse_blind        EbN0= 30 n= 52 pwr=4 | BER=0.3316 P_energy=0.785
sparse_channelaware EbN0= 30 n=  1 pwr=4 | BER=0.0091 P_energy=0.006
sparse_channelaware EbN0= 30 n=  2 pwr=4 | BER=0.0180 P_energy=0.014
sparse_channelaware EbN0= 30 n=  3 pwr=4 | BER=0.0268 P_energy=0.027
sparse_channelaware EbN0= 30 n=  4 pwr=4 | BER=0.0356 P_energy=0.035
sparse_channelaware EbN0= 30 n=  6 pwr=4 | BER=0.0521 P_energy=0.059
sparse_channelaware EbN0= 30 n=  8 pwr=4 | BER=0.0703 P_energy=0.115
sparse_channelaware EbN0= 30 n= 12 pwr=4 | BER=0.1026 P_energy=0.236
sparse_channelaware EbN0= 30 n= 16 pwr=4 | BER=0.1336 P_energy=0.346
sparse_channelaware EbN0= 30 n= 24 pwr=4 | BER=0.1955 P_energy=0.590
sparse_channelaware EbN0= 30 n= 32 pwr=4 | BER=0.2500 P_energy=0.682
sparse_channelaware EbN0= 30 n= 52 pwr=4 | BER=0.3329 P_energy=0.783
broadband_inband  EbN0= 30       pwr=4 | BER=0.3385 P_energy=0.779
sparse_blind        EbN0= 30 n=  1 pwr=6 | BER=0.0072 P_energy=0.008
sparse_blind        EbN0= 30 n=  2 pwr=6 | BER=0.0143 P_energy=0.018
sparse_blind        EbN0= 30 n=  3 pwr=6 | BER=0.0216 P_energy=0.020
sparse_blind        EbN0= 30 n=  4 pwr=6 | BER=0.0284 P_energy=0.020
sparse_blind        EbN0= 30 n=  6 pwr=6 | BER=0.0415 P_energy=0.070
sparse_blind        EbN0= 30 n=  8 pwr=6 | BER=0.0553 P_energy=0.086
sparse_blind        EbN0= 30 n= 12 pwr=6 | BER=0.0827 P_energy=0.189
sparse_blind        EbN0= 30 n= 16 pwr=6 | BER=0.1119 P_energy=0.373
sparse_blind        EbN0= 30 n= 24 pwr=6 | BER=0.1673 P_energy=0.594
sparse_blind        EbN0= 30 n= 32 pwr=6 | BER=0.2250 P_energy=0.762
sparse_blind        EbN0= 30 n= 52 pwr=6 | BER=0.3605 P_energy=0.939
sparse_channelaware EbN0= 30 n=  1 pwr=6 | BER=0.0093 P_energy=0.008
sparse_channelaware EbN0= 30 n=  2 pwr=6 | BER=0.0183 P_energy=0.027
sparse_channelaware EbN0= 30 n=  3 pwr=6 | BER=0.0272 P_energy=0.045
sparse_channelaware EbN0= 30 n=  4 pwr=6 | BER=0.0360 P_energy=0.082
sparse_channelaware EbN0= 30 n=  6 pwr=6 | BER=0.0534 P_energy=0.123
sparse_channelaware EbN0= 30 n=  8 pwr=6 | BER=0.0712 P_energy=0.227
sparse_channelaware EbN0= 30 n= 12 pwr=6 | BER=0.1054 P_energy=0.459
sparse_channelaware EbN0= 30 n= 16 pwr=6 | BER=0.1379 P_energy=0.549
sparse_channelaware EbN0= 30 n= 24 pwr=6 | BER=0.2029 P_energy=0.775
sparse_channelaware EbN0= 30 n= 32 pwr=6 | BER=0.2595 P_energy=0.865
sparse_channelaware EbN0= 30 n= 52 pwr=6 | BER=0.3607 P_energy=0.912
broadband_inband  EbN0= 30       pwr=6 | BER=0.3573 P_energy=0.920
  [checkpoint] 1040 rows written after EbN0=30 (730s elapsed)

=== HEADLINE: channel-aware vs blind BER (n=8, power=6) ===
  EbN0=  5 dB | clean floor=0.0843 | blind=0.1274 | channel-aware=0.1226
  EbN0= 10 dB | clean floor=0.0332 | blind=0.0839 | channel-aware=0.0849
  EbN0= 15 dB | clean floor=0.0117 | blind=0.0637 | channel-aware=0.0734
  EbN0= 20 dB | clean floor=0.0036 | blind=0.0589 | channel-aware=0.0712
  EbN0= 30 dB | clean floor=0.0003 | blind=0.0553 | channel-aware=0.0712

=== ENERGY DETECTOR: max BER achievable while staying stealthy (P_energy<=0.5) ===
  EbN0=  5 dB | clean floor=0.0843 | stealthy blind=0.2906 | stealthy channel-aware=0.2880
  EbN0= 10 dB | clean floor=0.0332 | stealthy blind=0.2793 | stealthy channel-aware=0.2772
  EbN0= 15 dB | clean floor=0.0117 | stealthy blind=0.2812 | stealthy channel-aware=0.2778
  EbN0= 20 dB | clean floor=0.0036 | stealthy blind=0.2669 | stealthy channel-aware=0.2703
  EbN0= 30 dB | clean floor=0.0003 | stealthy blind=0.2806 | stealthy channel-aware=0.2859

=== FULL SUITE vs single detectors: max stealthy BER (P(det)<=0.5) over all jammers ===
  EbN0=  5 dB | floor=0.0843 | energy-only=0.2906 | CNN-only=0.1467 | SUITE=0.1467
  EbN0= 10 dB | floor=0.0332 | energy-only=0.2793 | CNN-only=0.1154 | SUITE=0.1154
  EbN0= 15 dB | floor=0.0117 | energy-only=0.2812 | CNN-only=0.0994 | SUITE=0.0994
  EbN0= 20 dB | floor=0.0036 | energy-only=0.2771 | CNN-only=0.0974 | SUITE=0.0974
  EbN0= 30 dB | floor=0.0003 | energy-only=0.2859 | CNN-only=0.1138 | SUITE=0.0945

Done in 731.5s. Outputs in /home/rrahman/StudentClusterBT/Tabula Rasa/simulation08/../artifacts/sim08/frontier_dense

=== MATCHED-DETECTABILITY: max BER at equal suite P(detect) ===
 Eb/N0 |   floor |   FAR | blind@FAR  ca@FAR | blind@.5   ca@.5 | ca-gain@.5
     5 |  0.0843 |  0.12 |       nan     nan |   0.1467  0.1399 |   -4.6%
    10 |  0.0332 |  0.02 |       nan     nan |   0.1138  0.1154 |   +1.5%
    15 |  0.0117 |  0.02 |       nan     nan |   0.0985  0.0968 |   -1.8%
    20 |  0.0036 |  0.03 |    0.0106  0.0147 |   0.0917  0.0974 |   +6.2%
    30 |  0.0003 |  0.03 |    0.0039  0.0070 |   0.0944  0.0945 |   +0.0%

Wrote matched_detectability.png + matched_summary.json to /home/rrahman/StudentClusterBT/Tabula Rasa/simulation08/../artifacts/sim08/frontier_dense
