18 noise levels: ['Eb/N0 0 dB', 'Eb/N0 2.5 dB', 'Eb/N0 5 dB', 'Eb/N0 7.5 dB', 'Eb/N0 10 dB', 'Eb/N0 12.5 dB', 'Eb/N0 15 dB', 'Eb/N0 17.5 dB', 'Eb/N0 20 dB', 'Eb/N0 22.5 dB', 'Eb/N0 25 dB', 'Eb/N0 27.5 dB', 'Eb/N0 30 dB', 'Eb/N0 32.5 dB', 'Eb/N0 35 dB', 'Eb/N0 37.5 dB', 'Eb/N0 40 dB', 'no noise']

Strongest confirmed stealthy jammer at each detector's own FAR budget (* = failed confirmation)
    level |    floor | FAR cnn FAR suite | vs cnn: N_J n p -> BER (xfloor) | vs suite: N_J n p -> BER (xfloor)
     0 dB | 1.81e-01 |   0.433     0.441 | 1  2 0.316   -> 0.1837 (x1.0, +2.0σ) | 4 16 0.01    -> 0.1823 (x1.0, +1.0σ)
   2.5 dB | 1.29e-01 |   0.264     0.277 | 4  1 0.562   -> 0.1316 (x1.0, +1.7σ) | 1  8 0.178   -> 0.1337 (x1.0, +3.2σ)
     5 dB | 8.51e-02 |   0.132     0.142 | 2  1 0.562   -> 0.0867 (x1.0, +1.4σ) | 1  1 0.178   -> 0.0866 (x1.0, +1.3σ)
   7.5 dB | 5.53e-02 |   0.061     0.070 | 4  4 0.0316  -> 0.0562 (x1.0, +1.0σ) | 1  8 0.0316  -> 0.0572 (x1.0, +2.0σ)
    10 dB | 3.25e-02 |   0.031     0.036 | 1 16 0.0316  -> 0.0372 (x1.1, +6.7σ) | 1 16 0.0316  -> 0.0372 (x1.1, +6.7σ)
  12.5 dB | 1.91e-02 |   0.023     0.030 | 2  4 0.1     -> 0.0224 (x1.2, +6.9σ) | 4  1 0.562   -> 0.0236 (x1.2, +9.2σ)
    15 dB | 1.12e-02 |   0.015     0.023 | 4  2 0.316   -> 0.0168 (x1.5, +15.7σ) | 1 52 0.01    -> 0.0157 (x1.4, +12.5σ)
  17.5 dB | 6.27e-03 |   0.016     0.029 | 1 52 0.01    -> 0.0111 (x1.8, +17.9σ) | 2  8 0.1     -> 0.0132 (x2.1, +25.1σ)
    20 dB | 3.38e-03 |   0.011     0.021 | 2 52 0.0178  -> 0.0115 (x3.4, +31.2σ) | 4  1 0.562   -> 0.0080 (x2.4, +27.1σ)
  22.5 dB | 2.10e-03 |   0.019     0.024 | 1 52 0.0178  -> 0.0108 (x5.1, +31.6σ) | 4  2 0.316   -> 0.0073 (x3.5, +34.4σ)
    25 dB | 1.15e-03 |   0.018     0.029 | 2 32 0.0316  -> 0.0102 (x8.9, +38.7σ)* | 2  4 0.178   -> 0.0071 (x6.2, +40.9σ)
  27.5 dB | 6.42e-04 |   0.013     0.022 | 2  4 0.178   -> 0.0067 (x10.4, +45.4σ) | 1 32 0.0178  -> 0.0058 (x9.1, +32.1σ)
    30 dB | 3.51e-04 |   0.017     0.025 | 4 16 0.0562  -> 0.0086 (x24.5, +41.9σ) | 4 16 0.0562  -> 0.0086 (x24.5, +41.9σ)
  32.5 dB | 1.86e-04 |   0.018     0.027 | 2  2 0.316   -> 0.0051 (x27.4, +48.8σ) | 1 52 0.0178  -> 0.0087 (x46.9, +36.6σ)
    35 dB | 1.26e-04 |   0.015     0.026 | 4 16 0.0316  -> 0.0050 (x39.5, +36.9σ) | 2 52 0.0316  -> 0.0155 (x122.8, +44.8σ)*
  37.5 dB | 6.18e-05 |   0.015     0.027 | 4 52 0.0178  -> 0.0090 (x145.4, +42.6σ) | 2 16 0.0562  -> 0.0081 (x130.6, +42.3σ)
    40 dB | 4.52e-05 |   0.018     0.028 | 4  8 0.1     -> 0.0074 (x163.9, +44.6σ) | 1 52 0.01    -> 0.0049 (x108.6, +30.4σ)
noiseless | 0.00e+00 |   0.021     0.034 | 2 52 0.0178  -> 0.0083 (floor=0, +39.4σ) | 2 52 0.0316  -> 0.0145 (floor=0, +46.3σ)

stealth-map cell counts (N_J = 1, 91 configs each):
        Eb/N0 5 dB: {'stealthy': 40, 'C': 30, 'E': 0, 'B': 21, 'S': 0}
       Eb/N0 15 dB: {'stealthy': 37, 'C': 27, 'E': 0, 'B': 27, 'S': 0}
       Eb/N0 30 dB: {'stealthy': 36, 'C': 31, 'E': 0, 'B': 23, 'S': 1}
          no noise: {'stealthy': 36, 'C': 31, 'E': 1, 'B': 23, 'S': 0}
wrote 5 figures + summary.json to /home/rrahman/BT/Tabula Rasa/sim08_ablation/../artifacts/sim08_ablation/run001
