node: tikgpu07.ee.ethz.ch | gpu: NVIDIA GeForce RTX 3090
OFDM initialized on cuda: 624 data syms, 104 pilot syms, 52 effective SC
ebno_20: no=0.00729 e_thresh=2.4841 | clean BER 0.00364 FAR cnn 0.0105 energy 0.0088 suite 0.0193
  N_J=1 n= 1 p=0.01      | BER 0.0037 cnn 0.012 en 0.020 suite 0.031 JSR -37.4 dB
  N_J=1 n= 2 p=0.01      | BER 0.0032 cnn 0.014 en 0.010 suite 0.023 JSR -34.2 dB
  N_J=1 n= 4 p=0.01      | BER 0.0036 cnn 0.012 en 0.014 suite 0.025 JSR -31.4 dB
  N_J=1 n= 8 p=0.01      | BER 0.0045 cnn 0.008 en 0.014 suite 0.021 JSR -27.9 dB
  N_J=1 n=16 p=0.01      | BER 0.0050 cnn 0.014 en 0.004 suite 0.018 JSR -25.0 dB
  N_J=1 n=32 p=0.01      | BER 0.0065 cnn 0.004 en 0.006 suite 0.010 JSR -21.9 dB
  N_J=1 n=52 p=0.01      | BER 0.0082 cnn 0.018 en 0.010 suite 0.027 JSR -19.7 dB
  N_J=1 n= 1 p=0.017783  | BER 0.0037 cnn 0.010 en 0.014 suite 0.023 JSR -35.0 dB
  N_J=1 n= 2 p=0.017783  | BER 0.0044 cnn 0.010 en 0.006 suite 0.016 JSR -31.1 dB
  N_J=1 n= 4 p=0.017783  | BER 0.0042 cnn 0.008 en 0.012 suite 0.020 JSR -28.8 dB
  N_J=1 n= 8 p=0.017783  | BER 0.0049 cnn 0.010 en 0.002 suite 0.012 JSR -25.7 dB
  N_J=1 n=16 p=0.017783  | BER 0.0060 cnn 0.008 en 0.016 suite 0.023 JSR -22.8 dB
  N_J=1 n=32 p=0.017783  | BER 0.0082 cnn 0.016 en 0.006 suite 0.021 JSR -19.6 dB
  N_J=1 n=52 p=0.017783  | BER 0.0116 cnn 0.018 en 0.016 suite 0.033 JSR -17.7 dB
  N_J=1 n= 1 p=0.031623  | BER 0.0035 cnn 0.016 en 0.016 suite 0.031 JSR -32.5 dB
  N_J=1 n= 2 p=0.031623  | BER 0.0048 cnn 0.008 en 0.008 suite 0.016 JSR -28.9 dB
  N_J=1 n= 4 p=0.031623  | BER 0.0050 cnn 0.008 en 0.018 suite 0.025 JSR -26.3 dB
  N_J=1 n= 8 p=0.031623  | BER 0.0061 cnn 0.012 en 0.010 suite 0.021 JSR -23.3 dB
  N_J=1 n=16 p=0.031623  | BER 0.0084 cnn 0.008 en 0.008 suite 0.016 JSR -19.8 dB
  N_J=1 n=32 p=0.031623  | BER 0.0127 cnn 0.004 en 0.012 suite 0.016 JSR -17.1 dB
  N_J=1 n=52 p=0.031623  | BER 0.0195 cnn 0.025 en 0.004 suite 0.029 JSR -14.9 dB
  N_J=1 n= 1 p=0.056234  | BER 0.0042 cnn 0.018 en 0.006 suite 0.023 JSR -29.8 dB
  N_J=1 n= 2 p=0.056234  | BER 0.0043 cnn 0.010 en 0.008 suite 0.018 JSR -27.0 dB
  N_J=1 n= 4 p=0.056234  | BER 0.0054 cnn 0.014 en 0.014 suite 0.027 JSR -23.7 dB
  N_J=1 n= 8 p=0.056234  | BER 0.0073 cnn 0.020 en 0.006 suite 0.025 JSR -20.8 dB
  N_J=1 n=16 p=0.056234  | BER 0.0114 cnn 0.021 en 0.006 suite 0.027 JSR -17.6 dB
  N_J=1 n=32 p=0.056234  | BER 0.0192 cnn 0.043 en 0.008 suite 0.051 JSR -14.5 dB
  N_J=1 n=52 p=0.056234  | BER 0.0291 cnn 0.076 en 0.016 suite 0.092 JSR -12.5 dB
  N_J=1 n= 1 p=0.1       | BER 0.0044 cnn 0.014 en 0.010 suite 0.023 JSR -26.8 dB
  N_J=1 n= 2 p=0.1       | BER 0.0053 cnn 0.014 en 0.014 suite 0.027 JSR -24.0 dB
  N_J=1 n= 4 p=0.1       | BER 0.0067 cnn 0.016 en 0.004 suite 0.020 JSR -20.8 dB
  N_J=1 n= 8 p=0.1       | BER 0.0101 cnn 0.023 en 0.012 suite 0.035 JSR -18.3 dB
  N_J=1 n=16 p=0.1       | BER 0.0162 cnn 0.023 en 0.010 suite 0.033 JSR -15.1 dB
  N_J=1 n=32 p=0.1       | BER 0.0277 cnn 0.068 en 0.008 suite 0.076 JSR -12.3 dB
  N_J=1 n=52 p=0.1       | BER 0.0499 cnn 0.162 en 0.006 suite 0.168 JSR -9.9 dB
  N_J=1 n= 1 p=0.177828  | BER 0.0050 cnn 0.014 en 0.006 suite 0.020 JSR -24.7 dB
  N_J=1 n= 2 p=0.177828  | BER 0.0058 cnn 0.010 en 0.014 suite 0.023 JSR -21.6 dB
  N_J=1 n= 4 p=0.177828  | BER 0.0089 cnn 0.016 en 0.012 suite 0.027 JSR -18.5 dB
  N_J=1 n= 8 p=0.177828  | BER 0.0142 cnn 0.029 en 0.004 suite 0.033 JSR -15.6 dB
  N_J=1 n=16 p=0.177828  | BER 0.0260 cnn 0.062 en 0.014 suite 0.076 JSR -12.4 dB
  N_J=1 n=32 p=0.177828  | BER 0.0449 cnn 0.166 en 0.010 suite 0.176 JSR -9.5 dB
  N_J=1 n=52 p=0.177828  | BER 0.0690 cnn 0.309 en 0.027 suite 0.336 JSR -7.8 dB
  N_J=1 n= 1 p=0.316228  | BER 0.0053 cnn 0.010 en 0.025 suite 0.035 JSR -22.2 dB
  N_J=1 n= 2 p=0.316228  | BER 0.0082 cnn 0.020 en 0.012 suite 0.031 JSR -19.1 dB
  N_J=1 n= 4 p=0.316228  | BER 0.0124 cnn 0.031 en 0.008 suite 0.039 JSR -15.9 dB
  N_J=1 n= 8 p=0.316228  | BER 0.0207 cnn 0.047 en 0.012 suite 0.059 JSR -13.2 dB
  N_J=1 n=16 p=0.316228  | BER 0.0365 cnn 0.139 en 0.014 suite 0.150 JSR -10.2 dB
  N_J=1 n=32 p=0.316228  | BER 0.0703 cnn 0.334 en 0.016 suite 0.348 JSR -7.1 dB
  N_J=1 n=52 p=0.316228  | BER 0.1107 cnn 0.486 en 0.012 suite 0.498 JSR -4.9 dB
  N_J=1 n= 1 p=0.562341  | BER 0.0076 cnn 0.018 en 0.010 suite 0.025 JSR -19.3 dB
  N_J=1 n= 2 p=0.562341  | BER 0.0090 cnn 0.016 en 0.006 suite 0.021 JSR -16.8 dB
  N_J=1 n= 4 p=0.562341  | BER 0.0153 cnn 0.072 en 0.004 suite 0.076 JSR -13.4 dB
  N_J=1 n= 8 p=0.562341  | BER 0.0275 cnn 0.133 en 0.014 suite 0.146 JSR -10.6 dB
  N_J=1 n=16 p=0.562341  | BER 0.0530 cnn 0.234 en 0.014 suite 0.248 JSR -7.6 dB
  N_J=1 n=32 p=0.562341  | BER 0.1005 cnn 0.525 en 0.020 suite 0.539 JSR -4.5 dB
  N_J=1 n=52 p=0.562341  | BER 0.1567 cnn 0.699 en 0.037 suite 0.719 JSR -2.5 dB
  N_J=1 n= 1 p=1         | BER 0.0076 cnn 0.027 en 0.012 suite 0.039 JSR -17.0 dB
  N_J=1 n= 2 p=1         | BER 0.0110 cnn 0.064 en 0.014 suite 0.078 JSR -14.5 dB
  N_J=1 n= 4 p=1         | BER 0.0190 cnn 0.113 en 0.010 suite 0.123 JSR -11.3 dB
  N_J=1 n= 8 p=1         | BER 0.0350 cnn 0.223 en 0.008 suite 0.230 JSR -8.3 dB
  N_J=1 n=16 p=1         | BER 0.0669 cnn 0.396 en 0.029 suite 0.422 JSR -5.4 dB
  N_J=1 n=32 p=1         | BER 0.1345 cnn 0.707 en 0.045 suite 0.727 JSR -2.0 dB
  N_J=1 n=52 p=1         | BER 0.2151 cnn 0.850 en 0.105 suite 0.869 JSR +0.1 dB
  N_J=1 n= 1 p=1.77828   | BER 0.0086 cnn 0.064 en 0.021 suite 0.086 JSR -14.8 dB
  N_J=1 n= 2 p=1.77828   | BER 0.0135 cnn 0.078 en 0.008 suite 0.086 JSR -11.8 dB
  N_J=1 n= 4 p=1.77828   | BER 0.0233 cnn 0.209 en 0.010 suite 0.217 JSR -8.7 dB
  N_J=1 n= 8 p=1.77828   | BER 0.0444 cnn 0.379 en 0.020 suite 0.396 JSR -5.7 dB
  N_J=1 n=16 p=1.77828   | BER 0.0832 cnn 0.646 en 0.053 suite 0.684 JSR -2.8 dB
  N_J=1 n=32 p=1.77828   | BER 0.1664 cnn 0.895 en 0.160 suite 0.908 JSR +0.6 dB
  N_J=1 n=52 p=1.77828   | BER 0.2711 cnn 0.963 en 0.379 suite 0.973 JSR +2.6 dB
  N_J=1 n= 1 p=3.16228   | BER 0.0094 cnn 0.076 en 0.014 suite 0.090 JSR -12.2 dB
  N_J=1 n= 2 p=3.16228   | BER 0.0162 cnn 0.242 en 0.006 suite 0.248 JSR -8.7 dB
  N_J=1 n= 4 p=3.16228   | BER 0.0276 cnn 0.428 en 0.010 suite 0.438 JSR -5.9 dB
  N_J=1 n= 8 p=3.16228   | BER 0.0530 cnn 0.600 en 0.014 suite 0.609 JSR -2.9 dB
  N_J=1 n=16 p=3.16228   | BER 0.1006 cnn 0.832 en 0.100 suite 0.844 JSR +0.1 dB
  N_J=1 n=32 p=3.16228   | BER 0.1941 cnn 0.953 en 0.381 suite 0.961 JSR +2.8 dB
  N_J=1 n=52 p=3.16228   | BER 0.3182 cnn 0.994 en 0.646 suite 0.994 JSR +5.0 dB
  N_J=1 n= 1 p=5.62341   | BER 0.0107 cnn 0.201 en 0.014 suite 0.213 JSR -9.8 dB
  N_J=1 n= 2 p=5.62341   | BER 0.0174 cnn 0.352 en 0.004 suite 0.355 JSR -6.8 dB
  N_J=1 n= 4 p=5.62341   | BER 0.0309 cnn 0.613 en 0.041 suite 0.633 JSR -3.4 dB
  N_J=1 n= 8 p=5.62341   | BER 0.0582 cnn 0.799 en 0.092 suite 0.816 JSR -0.4 dB
  N_J=1 n=16 p=5.62341   | BER 0.1127 cnn 0.910 en 0.309 suite 0.939 JSR +2.4 dB
  N_J=1 n=32 p=5.62341   | BER 0.2243 cnn 0.996 en 0.721 suite 0.998 JSR +5.7 dB
  N_J=1 n=52 p=5.62341   | BER 0.3578 cnn 0.998 en 0.881 suite 1.000 JSR +7.4 dB
  N_J=1 n= 1 p=10        | BER 0.0114 cnn 0.318 en 0.012 suite 0.326 JSR -7.3 dB
  N_J=1 n= 2 p=10        | BER 0.0180 cnn 0.551 en 0.033 suite 0.572 JSR -4.4 dB
  N_J=1 n= 4 p=10        | BER 0.0331 cnn 0.768 en 0.104 suite 0.787 JSR -1.3 dB
  N_J=1 n= 8 p=10        | BER 0.0627 cnn 0.932 en 0.260 suite 0.938 JSR +1.9 dB
  N_J=1 n=16 p=10        | BER 0.1231 cnn 0.971 en 0.633 suite 0.971 JSR +5.0 dB
  N_J=1 n=32 p=10        | BER 0.2418 cnn 0.998 en 0.891 suite 1.000 JSR +7.8 dB
  N_J=1 n=52 p=10        | BER 0.3952 cnn 1.000 en 0.979 suite 1.000 JSR +10.3 dB
  [checkpoint] N_J=1 done, 91 rows (41s)
  N_J=2 n= 1 p=0.01      | BER 0.0037 cnn 0.018 en 0.008 suite 0.025 JSR -36.9 dB
  N_J=2 n= 2 p=0.01      | BER 0.0036 cnn 0.018 en 0.008 suite 0.025 JSR -34.0 dB
  N_J=2 n= 4 p=0.01      | BER 0.0041 cnn 0.010 en 0.006 suite 0.016 JSR -30.9 dB
  N_J=2 n= 8 p=0.01      | BER 0.0046 cnn 0.014 en 0.004 suite 0.018 JSR -28.2 dB
  N_J=2 n=16 p=0.01      | BER 0.0045 cnn 0.004 en 0.010 suite 0.014 JSR -25.0 dB
  N_J=2 n=32 p=0.01      | BER 0.0067 cnn 0.021 en 0.021 suite 0.043 JSR -22.2 dB
  N_J=2 n=52 p=0.01      | BER 0.0087 cnn 0.020 en 0.014 suite 0.033 JSR -19.9 dB
  N_J=2 n= 1 p=0.017783  | BER 0.0043 cnn 0.010 en 0.010 suite 0.020 JSR -34.8 dB
  N_J=2 n= 2 p=0.017783  | BER 0.0037 cnn 0.004 en 0.004 suite 0.008 JSR -31.5 dB
  N_J=2 n= 4 p=0.017783  | BER 0.0042 cnn 0.012 en 0.018 suite 0.029 JSR -28.7 dB
  N_J=2 n= 8 p=0.017783  | BER 0.0045 cnn 0.014 en 0.012 suite 0.025 JSR -25.6 dB
  N_J=2 n=16 p=0.017783  | BER 0.0060 cnn 0.006 en 0.012 suite 0.018 JSR -22.7 dB
  N_J=2 n=32 p=0.017783  | BER 0.0097 cnn 0.016 en 0.012 suite 0.027 JSR -19.5 dB
  N_J=2 n=52 p=0.017783  | BER 0.0132 cnn 0.010 en 0.016 suite 0.025 JSR -17.5 dB
  N_J=2 n= 1 p=0.031623  | BER 0.0043 cnn 0.008 en 0.008 suite 0.016 JSR -31.9 dB
  N_J=2 n= 2 p=0.031623  | BER 0.0041 cnn 0.012 en 0.010 suite 0.021 JSR -28.7 dB
  N_J=2 n= 4 p=0.031623  | BER 0.0048 cnn 0.016 en 0.008 suite 0.023 JSR -26.1 dB
  N_J=2 n= 8 p=0.031623  | BER 0.0053 cnn 0.006 en 0.018 suite 0.023 JSR -23.2 dB
  N_J=2 n=16 p=0.031623  | BER 0.0077 cnn 0.012 en 0.016 suite 0.025 JSR -20.2 dB
  N_J=2 n=32 p=0.031623  | BER 0.0131 cnn 0.020 en 0.006 suite 0.023 JSR -17.1 dB
  N_J=2 n=52 p=0.031623  | BER 0.0187 cnn 0.014 en 0.012 suite 0.025 JSR -14.9 dB
  N_J=2 n= 1 p=0.056234  | BER 0.0037 cnn 0.008 en 0.014 suite 0.021 JSR -29.6 dB
  N_J=2 n= 2 p=0.056234  | BER 0.0049 cnn 0.014 en 0.014 suite 0.027 JSR -26.7 dB
  N_J=2 n= 4 p=0.056234  | BER 0.0063 cnn 0.006 en 0.012 suite 0.018 JSR -23.6 dB
  N_J=2 n= 8 p=0.056234  | BER 0.0077 cnn 0.012 en 0.008 suite 0.020 JSR -20.6 dB
  N_J=2 n=16 p=0.056234  | BER 0.0119 cnn 0.027 en 0.014 suite 0.041 JSR -17.7 dB
  N_J=2 n=32 p=0.056234  | BER 0.0197 cnn 0.027 en 0.006 suite 0.033 JSR -14.6 dB
  N_J=2 n=52 p=0.056234  | BER 0.0282 cnn 0.072 en 0.021 suite 0.094 JSR -12.8 dB
  N_J=2 n= 1 p=0.1       | BER 0.0037 cnn 0.012 en 0.008 suite 0.020 JSR -27.3 dB
  N_J=2 n= 2 p=0.1       | BER 0.0051 cnn 0.006 en 0.012 suite 0.018 JSR -24.2 dB
  N_J=2 n= 4 p=0.1       | BER 0.0076 cnn 0.010 en 0.012 suite 0.021 JSR -21.0 dB
  N_J=2 n= 8 p=0.1       | BER 0.0103 cnn 0.010 en 0.012 suite 0.021 JSR -18.3 dB
  N_J=2 n=16 p=0.1       | BER 0.0176 cnn 0.035 en 0.008 suite 0.043 JSR -15.3 dB
  N_J=2 n=32 p=0.1       | BER 0.0319 cnn 0.078 en 0.010 suite 0.088 JSR -11.8 dB
  N_J=2 n=52 p=0.1       | BER 0.0499 cnn 0.135 en 0.014 suite 0.148 JSR -9.9 dB
  N_J=2 n= 1 p=0.177828  | BER 0.0047 cnn 0.008 en 0.010 suite 0.018 JSR -24.6 dB
  N_J=2 n= 2 p=0.177828  | BER 0.0064 cnn 0.016 en 0.014 suite 0.029 JSR -21.5 dB
  N_J=2 n= 4 p=0.177828  | BER 0.0098 cnn 0.012 en 0.008 suite 0.020 JSR -18.5 dB
  N_J=2 n= 8 p=0.177828  | BER 0.0163 cnn 0.023 en 0.012 suite 0.035 JSR -15.6 dB
  N_J=2 n=16 p=0.177828  | BER 0.0277 cnn 0.051 en 0.006 suite 0.057 JSR -12.7 dB
  N_J=2 n=32 p=0.177828  | BER 0.0480 cnn 0.170 en 0.010 suite 0.180 JSR -9.5 dB
  N_J=2 n=52 p=0.177828  | BER 0.0711 cnn 0.270 en 0.012 suite 0.281 JSR -7.6 dB
  N_J=2 n= 1 p=0.316228  | BER 0.0059 cnn 0.016 en 0.010 suite 0.025 JSR -22.2 dB
  N_J=2 n= 2 p=0.316228  | BER 0.0083 cnn 0.012 en 0.010 suite 0.021 JSR -19.1 dB
  N_J=2 n= 4 p=0.316228  | BER 0.0132 cnn 0.012 en 0.006 suite 0.018 JSR -15.9 dB
  N_J=2 n= 8 p=0.316228  | BER 0.0221 cnn 0.039 en 0.010 suite 0.049 JSR -13.0 dB
  N_J=2 n=16 p=0.316228  | BER 0.0409 cnn 0.100 en 0.010 suite 0.109 JSR -10.0 dB
  N_J=2 n=32 p=0.316228  | BER 0.0782 cnn 0.361 en 0.023 suite 0.385 JSR -6.8 dB
  N_J=2 n=52 p=0.316228  | BER 0.1104 cnn 0.512 en 0.014 suite 0.523 JSR -5.0 dB
  N_J=2 n= 1 p=0.562341  | BER 0.0080 cnn 0.021 en 0.016 suite 0.037 JSR -19.6 dB
  N_J=2 n= 2 p=0.562341  | BER 0.0114 cnn 0.021 en 0.004 suite 0.025 JSR -16.4 dB
  N_J=2 n= 4 p=0.562341  | BER 0.0178 cnn 0.043 en 0.012 suite 0.055 JSR -13.7 dB
  N_J=2 n= 8 p=0.562341  | BER 0.0313 cnn 0.102 en 0.012 suite 0.111 JSR -10.7 dB
  N_J=2 n=16 p=0.562341  | BER 0.0586 cnn 0.246 en 0.010 suite 0.256 JSR -7.6 dB
  N_J=2 n=32 p=0.562341  | BER 0.1085 cnn 0.539 en 0.027 suite 0.564 JSR -4.7 dB
  N_J=2 n=52 p=0.562341  | BER 0.1578 cnn 0.723 en 0.025 suite 0.746 JSR -2.6 dB
  N_J=2 n= 1 p=1         | BER 0.0094 cnn 0.020 en 0.020 suite 0.039 JSR -17.2 dB
  N_J=2 n= 2 p=1         | BER 0.0147 cnn 0.037 en 0.008 suite 0.045 JSR -14.1 dB
  N_J=2 n= 4 p=1         | BER 0.0244 cnn 0.088 en 0.006 suite 0.094 JSR -11.1 dB
  N_J=2 n= 8 p=1         | BER 0.0453 cnn 0.217 en 0.018 suite 0.234 JSR -8.3 dB
  N_J=2 n=16 p=1         | BER 0.0834 cnn 0.457 en 0.010 suite 0.467 JSR -5.2 dB
  N_J=2 n=32 p=1         | BER 0.1535 cnn 0.793 en 0.037 suite 0.812 JSR -2.0 dB
  N_J=2 n=52 p=1         | BER 0.2100 cnn 0.904 en 0.111 suite 0.930 JSR -0.1 dB
  N_J=2 n= 1 p=1.77828   | BER 0.0106 cnn 0.041 en 0.008 suite 0.047 JSR -15.2 dB
  N_J=2 n= 2 p=1.77828   | BER 0.0183 cnn 0.117 en 0.008 suite 0.125 JSR -11.5 dB
  N_J=2 n= 4 p=1.77828   | BER 0.0343 cnn 0.215 en 0.020 suite 0.234 JSR -8.6 dB
  N_J=2 n= 8 p=1.77828   | BER 0.0616 cnn 0.406 en 0.027 suite 0.432 JSR -5.6 dB
  N_J=2 n=16 p=1.77828   | BER 0.1119 cnn 0.650 en 0.037 suite 0.676 JSR -2.6 dB
  N_J=2 n=32 p=1.77828   | BER 0.1918 cnn 0.898 en 0.127 suite 0.926 JSR +0.1 dB
  N_J=2 n=52 p=1.77828   | BER 0.2675 cnn 0.971 en 0.365 suite 0.984 JSR +2.5 dB
  N_J=2 n= 1 p=3.16228   | BER 0.0133 cnn 0.076 en 0.010 suite 0.086 JSR -12.0 dB
  N_J=2 n= 2 p=3.16228   | BER 0.0227 cnn 0.197 en 0.016 suite 0.213 JSR -9.2 dB
  N_J=2 n= 4 p=3.16228   | BER 0.0403 cnn 0.369 en 0.021 suite 0.389 JSR -6.1 dB
  N_J=2 n= 8 p=3.16228   | BER 0.0757 cnn 0.641 en 0.029 suite 0.662 JSR -3.2 dB
  N_J=2 n=16 p=3.16228   | BER 0.1406 cnn 0.857 en 0.100 suite 0.881 JSR -0.1 dB
  N_J=2 n=32 p=3.16228   | BER 0.2428 cnn 0.982 en 0.387 suite 0.994 JSR +2.9 dB
  N_J=2 n=52 p=3.16228   | BER 0.3133 cnn 0.996 en 0.738 suite 0.998 JSR +4.8 dB
  N_J=2 n= 1 p=5.62341   | BER 0.0158 cnn 0.191 en 0.010 suite 0.201 JSR -9.6 dB
  N_J=2 n= 2 p=5.62341   | BER 0.0266 cnn 0.395 en 0.018 suite 0.410 JSR -6.6 dB
  N_J=2 n= 4 p=5.62341   | BER 0.0503 cnn 0.623 en 0.031 suite 0.648 JSR -3.3 dB
  N_J=2 n= 8 p=5.62341   | BER 0.0915 cnn 0.836 en 0.068 suite 0.854 JSR -0.4 dB
  N_J=2 n=16 p=5.62341   | BER 0.1638 cnn 0.957 en 0.340 suite 0.969 JSR +2.2 dB
  N_J=2 n=32 p=5.62341   | BER 0.2803 cnn 0.990 en 0.809 suite 1.000 JSR +5.5 dB
  N_J=2 n=52 p=5.62341   | BER 0.3592 cnn 1.000 en 0.975 suite 1.000 JSR +7.6 dB
  N_J=2 n= 1 p=10        | BER 0.0168 cnn 0.338 en 0.016 suite 0.350 JSR -7.2 dB
  N_J=2 n= 2 p=10        | BER 0.0295 cnn 0.570 en 0.023 suite 0.586 JSR -4.1 dB
  N_J=2 n= 4 p=10        | BER 0.0548 cnn 0.795 en 0.062 suite 0.809 JSR -1.4 dB
  N_J=2 n= 8 p=10        | BER 0.1033 cnn 0.945 en 0.285 suite 0.959 JSR +2.1 dB
  N_J=2 n=16 p=10        | BER 0.1882 cnn 0.992 en 0.717 suite 0.994 JSR +4.9 dB
  N_J=2 n=32 p=10        | BER 0.3110 cnn 1.000 en 0.975 suite 1.000 JSR +7.7 dB
  N_J=2 n=52 p=10        | BER 0.3931 cnn 1.000 en 1.000 suite 1.000 JSR +10.1 dB
  [checkpoint] N_J=2 done, 182 rows (79s)
  N_J=4 n= 1 p=0.01      | BER 0.0040 cnn 0.010 en 0.010 suite 0.020 JSR -37.0 dB
  N_J=4 n= 2 p=0.01      | BER 0.0039 cnn 0.006 en 0.014 suite 0.020 JSR -34.1 dB
  N_J=4 n= 4 p=0.01      | BER 0.0043 cnn 0.012 en 0.010 suite 0.021 JSR -31.1 dB
  N_J=4 n= 8 p=0.01      | BER 0.0045 cnn 0.010 en 0.012 suite 0.021 JSR -28.2 dB
  N_J=4 n=16 p=0.01      | BER 0.0055 cnn 0.012 en 0.012 suite 0.023 JSR -25.0 dB
  N_J=4 n=32 p=0.01      | BER 0.0062 cnn 0.021 en 0.008 suite 0.029 JSR -22.1 dB
  N_J=4 n=52 p=0.01      | BER 0.0079 cnn 0.014 en 0.004 suite 0.018 JSR -19.9 dB
  N_J=4 n= 1 p=0.017783  | BER 0.0040 cnn 0.020 en 0.010 suite 0.029 JSR -34.7 dB
  N_J=4 n= 2 p=0.017783  | BER 0.0037 cnn 0.006 en 0.008 suite 0.014 JSR -31.7 dB
  N_J=4 n= 4 p=0.017783  | BER 0.0043 cnn 0.004 en 0.012 suite 0.016 JSR -28.5 dB
  N_J=4 n= 8 p=0.017783  | BER 0.0048 cnn 0.018 en 0.012 suite 0.029 JSR -25.8 dB
  N_J=4 n=16 p=0.017783  | BER 0.0057 cnn 0.010 en 0.008 suite 0.018 JSR -22.7 dB
  N_J=4 n=32 p=0.017783  | BER 0.0095 cnn 0.014 en 0.008 suite 0.021 JSR -19.4 dB
  N_J=4 n=52 p=0.017783  | BER 0.0114 cnn 0.021 en 0.010 suite 0.029 JSR -17.5 dB
  N_J=4 n= 1 p=0.031623  | BER 0.0036 cnn 0.012 en 0.006 suite 0.018 JSR -32.2 dB
  N_J=4 n= 2 p=0.031623  | BER 0.0039 cnn 0.018 en 0.018 suite 0.035 JSR -29.3 dB
  N_J=4 n= 4 p=0.031623  | BER 0.0050 cnn 0.014 en 0.018 suite 0.031 JSR -26.1 dB
  N_J=4 n= 8 p=0.031623  | BER 0.0059 cnn 0.012 en 0.014 suite 0.025 JSR -23.1 dB
  N_J=4 n=16 p=0.031623  | BER 0.0089 cnn 0.008 en 0.012 suite 0.020 JSR -20.2 dB
  N_J=4 n=32 p=0.031623  | BER 0.0129 cnn 0.016 en 0.012 suite 0.027 JSR -17.0 dB
  N_J=4 n=52 p=0.031623  | BER 0.0175 cnn 0.029 en 0.018 suite 0.047 JSR -15.0 dB
  N_J=4 n= 1 p=0.056234  | BER 0.0041 cnn 0.012 en 0.010 suite 0.021 JSR -29.7 dB
  N_J=4 n= 2 p=0.056234  | BER 0.0042 cnn 0.004 en 0.018 suite 0.021 JSR -26.9 dB
  N_J=4 n= 4 p=0.056234  | BER 0.0052 cnn 0.002 en 0.004 suite 0.006 JSR -23.6 dB
  N_J=4 n= 8 p=0.056234  | BER 0.0075 cnn 0.018 en 0.006 suite 0.023 JSR -20.7 dB
  N_J=4 n=16 p=0.056234  | BER 0.0114 cnn 0.016 en 0.004 suite 0.020 JSR -17.8 dB
  N_J=4 n=32 p=0.056234  | BER 0.0189 cnn 0.023 en 0.010 suite 0.033 JSR -14.6 dB
  N_J=4 n=52 p=0.056234  | BER 0.0304 cnn 0.061 en 0.012 suite 0.072 JSR -12.4 dB
  N_J=4 n= 1 p=0.1       | BER 0.0042 cnn 0.021 en 0.012 suite 0.033 JSR -27.1 dB
  N_J=4 n= 2 p=0.1       | BER 0.0058 cnn 0.014 en 0.010 suite 0.023 JSR -23.8 dB
  N_J=4 n= 4 p=0.1       | BER 0.0077 cnn 0.014 en 0.012 suite 0.025 JSR -21.2 dB
  N_J=4 n= 8 p=0.1       | BER 0.0112 cnn 0.016 en 0.012 suite 0.027 JSR -18.3 dB
  N_J=4 n=16 p=0.1       | BER 0.0172 cnn 0.020 en 0.006 suite 0.025 JSR -15.0 dB
  N_J=4 n=32 p=0.1       | BER 0.0319 cnn 0.047 en 0.012 suite 0.059 JSR -12.0 dB
  N_J=4 n=52 p=0.1       | BER 0.0464 cnn 0.135 en 0.020 suite 0.154 JSR -10.0 dB
  N_J=4 n= 1 p=0.177828  | BER 0.0054 cnn 0.010 en 0.012 suite 0.021 JSR -24.6 dB
  N_J=4 n= 2 p=0.177828  | BER 0.0065 cnn 0.020 en 0.002 suite 0.021 JSR -21.5 dB
  N_J=4 n= 4 p=0.177828  | BER 0.0083 cnn 0.029 en 0.016 suite 0.045 JSR -18.8 dB
  N_J=4 n= 8 p=0.177828  | BER 0.0149 cnn 0.020 en 0.010 suite 0.029 JSR -15.8 dB
  N_J=4 n=16 p=0.177828  | BER 0.0279 cnn 0.064 en 0.008 suite 0.072 JSR -12.6 dB
  N_J=4 n=32 p=0.177828  | BER 0.0499 cnn 0.145 en 0.008 suite 0.152 JSR -9.5 dB
  N_J=4 n=52 p=0.177828  | BER 0.0718 cnn 0.297 en 0.012 suite 0.309 JSR -7.3 dB
  N_J=4 n= 1 p=0.316228  | BER 0.0066 cnn 0.010 en 0.016 suite 0.025 JSR -22.1 dB
  N_J=4 n= 2 p=0.316228  | BER 0.0085 cnn 0.010 en 0.012 suite 0.021 JSR -19.3 dB
  N_J=4 n= 4 p=0.316228  | BER 0.0143 cnn 0.027 en 0.020 suite 0.047 JSR -16.1 dB
  N_J=4 n= 8 p=0.316228  | BER 0.0239 cnn 0.037 en 0.008 suite 0.045 JSR -13.2 dB
  N_J=4 n=16 p=0.316228  | BER 0.0419 cnn 0.123 en 0.016 suite 0.139 JSR -10.2 dB
  N_J=4 n=32 p=0.316228  | BER 0.0783 cnn 0.322 en 0.012 suite 0.334 JSR -7.0 dB
  N_J=4 n=52 p=0.316228  | BER 0.1118 cnn 0.549 en 0.021 suite 0.570 JSR -5.0 dB
  N_J=4 n= 1 p=0.562341  | BER 0.0080 cnn 0.014 en 0.004 suite 0.018 JSR -19.4 dB
  N_J=4 n= 2 p=0.562341  | BER 0.0129 cnn 0.018 en 0.014 suite 0.031 JSR -16.7 dB
  N_J=4 n= 4 p=0.562341  | BER 0.0209 cnn 0.049 en 0.018 suite 0.066 JSR -13.7 dB
  N_J=4 n= 8 p=0.562341  | BER 0.0356 cnn 0.107 en 0.012 suite 0.119 JSR -10.6 dB
  N_J=4 n=16 p=0.562341  | BER 0.0636 cnn 0.262 en 0.008 suite 0.268 JSR -7.6 dB
  N_J=4 n=32 p=0.562341  | BER 0.1103 cnn 0.521 en 0.027 suite 0.549 JSR -4.8 dB
  N_J=4 n=52 p=0.562341  | BER 0.1504 cnn 0.746 en 0.035 suite 0.770 JSR -2.8 dB
  N_J=4 n= 1 p=1         | BER 0.0103 cnn 0.021 en 0.004 suite 0.025 JSR -17.1 dB
  N_J=4 n= 2 p=1         | BER 0.0179 cnn 0.045 en 0.010 suite 0.055 JSR -13.9 dB
  N_J=4 n= 4 p=1         | BER 0.0293 cnn 0.092 en 0.002 suite 0.094 JSR -11.0 dB
  N_J=4 n= 8 p=1         | BER 0.0524 cnn 0.189 en 0.020 suite 0.209 JSR -8.3 dB
  N_J=4 n=16 p=1         | BER 0.0977 cnn 0.482 en 0.010 suite 0.492 JSR -5.0 dB
  N_J=4 n=32 p=1         | BER 0.1550 cnn 0.801 en 0.039 suite 0.828 JSR -2.2 dB
  N_J=4 n=52 p=1         | BER 0.2077 cnn 0.922 en 0.074 suite 0.945 JSR -0.1 dB
  N_J=4 n= 1 p=1.77828   | BER 0.0138 cnn 0.023 en 0.016 suite 0.039 JSR -14.6 dB
  N_J=4 n= 2 p=1.77828   | BER 0.0241 cnn 0.082 en 0.016 suite 0.098 JSR -11.6 dB
  N_J=4 n= 4 p=1.77828   | BER 0.0442 cnn 0.176 en 0.014 suite 0.188 JSR -8.6 dB
  N_J=4 n= 8 p=1.77828   | BER 0.0771 cnn 0.393 en 0.025 suite 0.414 JSR -5.9 dB
  N_J=4 n=16 p=1.77828   | BER 0.1309 cnn 0.740 en 0.035 suite 0.764 JSR -2.7 dB
  N_J=4 n=32 p=1.77828   | BER 0.2154 cnn 0.939 en 0.094 suite 0.951 JSR +0.5 dB
  N_J=4 n=52 p=1.77828   | BER 0.2639 cnn 0.982 en 0.322 suite 0.994 JSR +2.3 dB
  N_J=4 n= 1 p=3.16228   | BER 0.0190 cnn 0.096 en 0.004 suite 0.100 JSR -11.9 dB
  N_J=4 n= 2 p=3.16228   | BER 0.0320 cnn 0.184 en 0.010 suite 0.193 JSR -9.1 dB
  N_J=4 n= 4 p=3.16228   | BER 0.0561 cnn 0.354 en 0.021 suite 0.375 JSR -6.3 dB
  N_J=4 n= 8 p=3.16228   | BER 0.1009 cnn 0.660 en 0.033 suite 0.691 JSR -3.2 dB
  N_J=4 n=16 p=3.16228   | BER 0.1760 cnn 0.918 en 0.086 suite 0.930 JSR -0.0 dB
  N_J=4 n=32 p=3.16228   | BER 0.2581 cnn 0.988 en 0.436 suite 0.994 JSR +2.8 dB
  N_J=4 n=52 p=3.16228   | BER 0.3160 cnn 0.996 en 0.793 suite 0.998 JSR +5.0 dB
  N_J=4 n= 1 p=5.62341   | BER 0.0221 cnn 0.162 en 0.004 suite 0.164 JSR -9.4 dB
  N_J=4 n= 2 p=5.62341   | BER 0.0390 cnn 0.363 en 0.029 suite 0.391 JSR -6.5 dB
  N_J=4 n= 4 p=5.62341   | BER 0.0714 cnn 0.646 en 0.014 suite 0.656 JSR -3.5 dB
  N_J=4 n= 8 p=5.62341   | BER 0.1274 cnn 0.855 en 0.068 suite 0.877 JSR -0.7 dB
  N_J=4 n=16 p=5.62341   | BER 0.2107 cnn 0.969 en 0.350 suite 0.988 JSR +2.1 dB
  N_J=4 n=32 p=5.62341   | BER 0.3086 cnn 0.998 en 0.877 suite 1.000 JSR +5.3 dB
  N_J=4 n=52 p=5.62341   | BER 0.3587 cnn 1.000 en 0.994 suite 1.000 JSR +7.5 dB
  N_J=4 n= 1 p=10        | BER 0.0254 cnn 0.326 en 0.021 suite 0.346 JSR -7.2 dB
  N_J=4 n= 2 p=10        | BER 0.0463 cnn 0.602 en 0.025 suite 0.621 JSR -4.2 dB
  N_J=4 n= 4 p=10        | BER 0.0862 cnn 0.824 en 0.045 suite 0.848 JSR -1.1 dB
  N_J=4 n= 8 p=10        | BER 0.1521 cnn 0.959 en 0.242 suite 0.984 JSR +1.9 dB
  N_J=4 n=16 p=10        | BER 0.2563 cnn 0.996 en 0.787 suite 1.000 JSR +5.2 dB
  N_J=4 n=32 p=10        | BER 0.3464 cnn 1.000 en 0.996 suite 1.000 JSR +7.7 dB
  N_J=4 n=52 p=10        | BER 0.3921 cnn 1.000 en 1.000 suite 1.000 JSR +10.0 dB
  [checkpoint] N_J=4 done, 273 rows (116s)

ebno_20: confirmed frontier picks (fresh 4096 frames each)
  N_J=1 cnn   budget far   (=0.0110) -> n=32 p=0.031623 | BER 0.0130 P_det 0.0220 (+3.9 sigma)  FLAGGED
  N_J=1 cnn   budget 0.1   (=0.1000) -> n=52 p=0.056234 | BER 0.0302 P_det 0.0723 (-6.9 sigma)
  N_J=1 cnn   budget 0.5   (=0.5000) -> n=52 p=0.316228 | BER 0.1127 P_det 0.5208 (+2.7 sigma)  FLAGGED
  N_J=1 suite budget far   (=0.0215) -> n=32 p=0.031623 | BER 0.0130 P_det 0.0320 (+2.9 sigma)  FLAGGED
  N_J=1 suite budget 0.1   (=0.1000) -> n=52 p=0.056234 | BER 0.0302 P_det 0.0820 (-4.2 sigma)
  N_J=1 suite budget 0.5   (=0.5000) -> n=52 p=0.316228 | BER 0.1127 P_det 0.5391 (+5.0 sigma)  FLAGGED
  N_J=2 cnn   budget far   (=0.0110) -> n=52 p=0.017783 | BER 0.0115 P_det 0.0144 (+1.4 sigma)
  N_J=2 cnn   budget 0.1   (=0.1000) -> n=16 p=0.316228 | BER 0.0407 P_det 0.1128 (+2.6 sigma)  FLAGGED
  N_J=2 cnn   budget 0.5   (=0.5000) -> n=16 p=1 | BER 0.0839 P_det 0.4624 (-4.8 sigma)
  N_J=2 suite budget far   (=0.0215) -> n=4 p=0.316228 | BER 0.0131 P_det 0.0381 (+4.4 sigma)  FLAGGED
  N_J=2 suite budget 0.1   (=0.1000) -> n=32 p=0.1 | BER 0.0308 P_det 0.0742 (-6.3 sigma)
  N_J=2 suite budget 0.5   (=0.5000) -> n=16 p=1 | BER 0.0839 P_det 0.4839 (-2.1 sigma)
  N_J=4 cnn   budget far   (=0.0110) -> n=16 p=0.031623 | BER 0.0082 P_det 0.0129 (+0.8 sigma)
  N_J=4 cnn   budget 0.1   (=0.1000) -> n=32 p=0.1 | BER 0.0315 P_det 0.0632 (-9.7 sigma)
  N_J=4 cnn   budget 0.5   (=0.5000) -> n=16 p=1 | BER 0.0962 P_det 0.4856 (-1.8 sigma)
  N_J=4 suite budget far   (=0.0215) -> n=1 p=0.562341 | BER 0.0080 P_det 0.0259 (+1.3 sigma)
  N_J=4 suite budget 0.1   (=0.1000) -> n=32 p=0.1 | BER 0.0315 P_det 0.0769 (-5.5 sigma)
  N_J=4 suite budget 0.5   (=0.5000) -> n=16 p=1 | BER 0.0962 P_det 0.5024 (+0.3 sigma)
wrote /home/rrahman/BT/Tabula Rasa/sim08_ablation/../artifacts/sim08_ablation/run001/sweep_ebno_20.json (159s)
