node: tikgpu07.ee.ethz.ch | gpu: NVIDIA GeForce RTX 3090
OFDM initialized on cuda: 624 data syms, 104 pilot syms, 52 effective SC
ebno_37.5: no=0.00013 e_thresh=2.4099 | clean BER 0.00005 FAR cnn 0.0188 energy 0.0132 suite 0.0320
  N_J=1 n= 1 p=0.01      | BER 0.0001 cnn 0.018 en 0.008 suite 0.025 JSR -37.1 dB
  N_J=1 n= 2 p=0.01      | BER 0.0003 cnn 0.016 en 0.018 suite 0.033 JSR -34.0 dB
  N_J=1 n= 4 p=0.01      | BER 0.0004 cnn 0.023 en 0.006 suite 0.029 JSR -31.1 dB
  N_J=1 n= 8 p=0.01      | BER 0.0008 cnn 0.020 en 0.008 suite 0.025 JSR -28.1 dB
  N_J=1 n=16 p=0.01      | BER 0.0015 cnn 0.021 en 0.008 suite 0.029 JSR -25.1 dB
  N_J=1 n=32 p=0.01      | BER 0.0030 cnn 0.014 en 0.010 suite 0.023 JSR -22.1 dB
  N_J=1 n=52 p=0.01      | BER 0.0045 cnn 0.023 en 0.010 suite 0.033 JSR -20.0 dB
  N_J=1 n= 1 p=0.017783  | BER 0.0002 cnn 0.012 en 0.023 suite 0.035 JSR -35.1 dB
  N_J=1 n= 2 p=0.017783  | BER 0.0005 cnn 0.020 en 0.016 suite 0.035 JSR -31.4 dB
  N_J=1 n= 4 p=0.017783  | BER 0.0007 cnn 0.020 en 0.023 suite 0.043 JSR -28.8 dB
  N_J=1 n= 8 p=0.017783  | BER 0.0015 cnn 0.018 en 0.006 suite 0.023 JSR -25.4 dB
  N_J=1 n=16 p=0.017783  | BER 0.0024 cnn 0.006 en 0.012 suite 0.018 JSR -22.7 dB
  N_J=1 n=32 p=0.017783  | BER 0.0060 cnn 0.031 en 0.010 suite 0.039 JSR -19.5 dB
  N_J=1 n=52 p=0.017783  | BER 0.0097 cnn 0.021 en 0.004 suite 0.025 JSR -17.4 dB
  N_J=1 n= 1 p=0.031623  | BER 0.0004 cnn 0.020 en 0.012 suite 0.031 JSR -32.2 dB
  N_J=1 n= 2 p=0.031623  | BER 0.0008 cnn 0.012 en 0.014 suite 0.025 JSR -28.9 dB
  N_J=1 n= 4 p=0.031623  | BER 0.0013 cnn 0.020 en 0.012 suite 0.031 JSR -26.0 dB
  N_J=1 n= 8 p=0.031623  | BER 0.0025 cnn 0.018 en 0.012 suite 0.029 JSR -23.0 dB
  N_J=1 n=16 p=0.031623  | BER 0.0053 cnn 0.018 en 0.014 suite 0.031 JSR -19.8 dB
  N_J=1 n=32 p=0.031623  | BER 0.0084 cnn 0.014 en 0.021 suite 0.035 JSR -17.4 dB
  N_J=1 n=52 p=0.031623  | BER 0.0159 cnn 0.045 en 0.008 suite 0.053 JSR -14.8 dB
  N_J=1 n= 1 p=0.056234  | BER 0.0007 cnn 0.016 en 0.018 suite 0.033 JSR -29.8 dB
  N_J=1 n= 2 p=0.056234  | BER 0.0012 cnn 0.012 en 0.020 suite 0.029 JSR -26.9 dB
  N_J=1 n= 4 p=0.056234  | BER 0.0021 cnn 0.020 en 0.014 suite 0.033 JSR -23.8 dB
  N_J=1 n= 8 p=0.056234  | BER 0.0044 cnn 0.014 en 0.012 suite 0.025 JSR -20.8 dB
  N_J=1 n=16 p=0.056234  | BER 0.0083 cnn 0.023 en 0.010 suite 0.033 JSR -17.6 dB
  N_J=1 n=32 p=0.056234  | BER 0.0171 cnn 0.049 en 0.020 suite 0.068 JSR -14.6 dB
  N_J=1 n=52 p=0.056234  | BER 0.0262 cnn 0.076 en 0.021 suite 0.098 JSR -12.6 dB
  N_J=1 n= 1 p=0.1       | BER 0.0009 cnn 0.020 en 0.012 suite 0.031 JSR -26.9 dB
  N_J=1 n= 2 p=0.1       | BER 0.0018 cnn 0.029 en 0.006 suite 0.035 JSR -23.8 dB
  N_J=1 n= 4 p=0.1       | BER 0.0033 cnn 0.018 en 0.010 suite 0.027 JSR -21.3 dB
  N_J=1 n= 8 p=0.1       | BER 0.0072 cnn 0.023 en 0.016 suite 0.039 JSR -18.3 dB
  N_J=1 n=16 p=0.1       | BER 0.0136 cnn 0.037 en 0.016 suite 0.051 JSR -15.2 dB
  N_J=1 n=32 p=0.1       | BER 0.0258 cnn 0.080 en 0.014 suite 0.094 JSR -12.2 dB
  N_J=1 n=52 p=0.1       | BER 0.0430 cnn 0.158 en 0.016 suite 0.174 JSR -9.9 dB
  N_J=1 n= 1 p=0.177828  | BER 0.0013 cnn 0.008 en 0.018 suite 0.025 JSR -24.6 dB
  N_J=1 n= 2 p=0.177828  | BER 0.0027 cnn 0.018 en 0.006 suite 0.023 JSR -21.9 dB
  N_J=1 n= 4 p=0.177828  | BER 0.0052 cnn 0.029 en 0.010 suite 0.039 JSR -18.8 dB
  N_J=1 n= 8 p=0.177828  | BER 0.0120 cnn 0.045 en 0.010 suite 0.055 JSR -15.4 dB
  N_J=1 n=16 p=0.177828  | BER 0.0211 cnn 0.080 en 0.018 suite 0.096 JSR -12.9 dB
  N_J=1 n=32 p=0.177828  | BER 0.0440 cnn 0.189 en 0.012 suite 0.201 JSR -9.6 dB
  N_J=1 n=52 p=0.177828  | BER 0.0726 cnn 0.318 en 0.010 suite 0.328 JSR -7.3 dB
  N_J=1 n= 1 p=0.316228  | BER 0.0022 cnn 0.018 en 0.010 suite 0.027 JSR -22.4 dB
  N_J=1 n= 2 p=0.316228  | BER 0.0041 cnn 0.031 en 0.006 suite 0.037 JSR -18.8 dB
  N_J=1 n= 4 p=0.316228  | BER 0.0080 cnn 0.020 en 0.010 suite 0.029 JSR -16.4 dB
  N_J=1 n= 8 p=0.316228  | BER 0.0167 cnn 0.057 en 0.016 suite 0.070 JSR -13.1 dB
  N_J=1 n=16 p=0.316228  | BER 0.0359 cnn 0.152 en 0.025 suite 0.178 JSR -9.9 dB
  N_J=1 n=32 p=0.316228  | BER 0.0669 cnn 0.346 en 0.014 suite 0.359 JSR -7.1 dB
  N_J=1 n=52 p=0.316228  | BER 0.1109 cnn 0.520 en 0.018 suite 0.535 JSR -4.9 dB
  N_J=1 n= 1 p=0.562341  | BER 0.0028 cnn 0.021 en 0.008 suite 0.029 JSR -19.8 dB
  N_J=1 n= 2 p=0.562341  | BER 0.0058 cnn 0.039 en 0.020 suite 0.059 JSR -16.8 dB
  N_J=1 n= 4 p=0.562341  | BER 0.0125 cnn 0.064 en 0.010 suite 0.074 JSR -13.7 dB
  N_J=1 n= 8 p=0.562341  | BER 0.0235 cnn 0.117 en 0.018 suite 0.135 JSR -11.1 dB
  N_J=1 n=16 p=0.562341  | BER 0.0472 cnn 0.264 en 0.016 suite 0.277 JSR -7.7 dB
  N_J=1 n=32 p=0.562341  | BER 0.0989 cnn 0.521 en 0.023 suite 0.543 JSR -4.5 dB
  N_J=1 n=52 p=0.562341  | BER 0.1604 cnn 0.758 en 0.031 suite 0.775 JSR -2.4 dB
  N_J=1 n= 1 p=1         | BER 0.0044 cnn 0.029 en 0.008 suite 0.037 JSR -16.9 dB
  N_J=1 n= 2 p=1         | BER 0.0079 cnn 0.072 en 0.012 suite 0.084 JSR -14.3 dB
  N_J=1 n= 4 p=1         | BER 0.0164 cnn 0.146 en 0.020 suite 0.166 JSR -11.1 dB
  N_J=1 n= 8 p=1         | BER 0.0326 cnn 0.250 en 0.014 suite 0.264 JSR -8.1 dB
  N_J=1 n=16 p=1         | BER 0.0641 cnn 0.475 en 0.025 suite 0.498 JSR -5.1 dB
  N_J=1 n=32 p=1         | BER 0.1342 cnn 0.725 en 0.061 suite 0.752 JSR -2.0 dB
  N_J=1 n=52 p=1         | BER 0.2154 cnn 0.863 en 0.162 suite 0.889 JSR +0.2 dB
  N_J=1 n= 1 p=1.77828   | BER 0.0055 cnn 0.066 en 0.012 suite 0.078 JSR -14.2 dB
  N_J=1 n= 2 p=1.77828   | BER 0.0100 cnn 0.131 en 0.014 suite 0.143 JSR -11.5 dB
  N_J=1 n= 4 p=1.77828   | BER 0.0209 cnn 0.283 en 0.014 suite 0.295 JSR -8.5 dB
  N_J=1 n= 8 p=1.77828   | BER 0.0405 cnn 0.449 en 0.020 suite 0.465 JSR -5.8 dB
  N_J=1 n=16 p=1.77828   | BER 0.0835 cnn 0.678 en 0.033 suite 0.703 JSR -2.4 dB
  N_J=1 n=32 p=1.77828   | BER 0.1612 cnn 0.877 en 0.145 suite 0.898 JSR +0.3 dB
  N_J=1 n=52 p=1.77828   | BER 0.2671 cnn 0.969 en 0.383 suite 0.973 JSR +2.6 dB
  N_J=1 n= 1 p=3.16228   | BER 0.0060 cnn 0.127 en 0.008 suite 0.133 JSR -12.1 dB
  N_J=1 n= 2 p=3.16228   | BER 0.0120 cnn 0.268 en 0.012 suite 0.279 JSR -9.0 dB
  N_J=1 n= 4 p=3.16228   | BER 0.0241 cnn 0.432 en 0.018 suite 0.447 JSR -5.9 dB
  N_J=1 n= 8 p=3.16228   | BER 0.0488 cnn 0.604 en 0.037 suite 0.623 JSR -2.9 dB
  N_J=1 n=16 p=3.16228   | BER 0.0964 cnn 0.840 en 0.119 suite 0.857 JSR -0.3 dB
  N_J=1 n=32 p=3.16228   | BER 0.1914 cnn 0.949 en 0.441 suite 0.967 JSR +2.8 dB
  N_J=1 n=52 p=3.16228   | BER 0.3097 cnn 0.984 en 0.643 suite 0.986 JSR +4.8 dB
  N_J=1 n= 1 p=5.62341   | BER 0.0071 cnn 0.242 en 0.018 suite 0.258 JSR -9.2 dB
  N_J=1 n= 2 p=5.62341   | BER 0.0145 cnn 0.404 en 0.020 suite 0.422 JSR -6.4 dB
  N_J=1 n= 4 p=5.62341   | BER 0.0282 cnn 0.633 en 0.016 suite 0.643 JSR -3.5 dB
  N_J=1 n= 8 p=5.62341   | BER 0.0547 cnn 0.795 en 0.092 suite 0.822 JSR -0.7 dB
  N_J=1 n=16 p=5.62341   | BER 0.1101 cnn 0.926 en 0.383 suite 0.939 JSR +2.6 dB
  N_J=1 n=32 p=5.62341   | BER 0.2190 cnn 0.984 en 0.734 suite 0.988 JSR +5.4 dB
  N_J=1 n=52 p=5.62341   | BER 0.3632 cnn 1.000 en 0.898 suite 1.000 JSR +7.7 dB
  N_J=1 n= 1 p=10        | BER 0.0076 cnn 0.328 en 0.012 suite 0.340 JSR -7.3 dB
  N_J=1 n= 2 p=10        | BER 0.0150 cnn 0.562 en 0.031 suite 0.576 JSR -4.2 dB
  N_J=1 n= 4 p=10        | BER 0.0303 cnn 0.811 en 0.078 suite 0.822 JSR -1.1 dB
  N_J=1 n= 8 p=10        | BER 0.0601 cnn 0.900 en 0.311 suite 0.916 JSR +1.9 dB
  N_J=1 n=16 p=10        | BER 0.1194 cnn 0.988 en 0.664 suite 0.988 JSR +4.9 dB
  N_J=1 n=32 p=10        | BER 0.2396 cnn 0.996 en 0.926 suite 0.998 JSR +8.0 dB
  N_J=1 n=52 p=10        | BER 0.3893 cnn 1.000 en 0.979 suite 1.000 JSR +9.8 dB
  [checkpoint] N_J=1 done, 91 rows (41s)
  N_J=2 n= 1 p=0.01      | BER 0.0001 cnn 0.020 en 0.006 suite 0.025 JSR -37.3 dB
  N_J=2 n= 2 p=0.01      | BER 0.0003 cnn 0.008 en 0.008 suite 0.016 JSR -34.2 dB
  N_J=2 n= 4 p=0.01      | BER 0.0004 cnn 0.020 en 0.012 suite 0.031 JSR -31.1 dB
  N_J=2 n= 8 p=0.01      | BER 0.0006 cnn 0.006 en 0.014 suite 0.020 JSR -28.3 dB
  N_J=2 n=16 p=0.01      | BER 0.0015 cnn 0.023 en 0.016 suite 0.039 JSR -25.1 dB
  N_J=2 n=32 p=0.01      | BER 0.0029 cnn 0.018 en 0.012 suite 0.029 JSR -22.3 dB
  N_J=2 n=52 p=0.01      | BER 0.0043 cnn 0.008 en 0.016 suite 0.023 JSR -20.2 dB
  N_J=2 n= 1 p=0.017783  | BER 0.0003 cnn 0.014 en 0.000 suite 0.014 JSR -34.4 dB
  N_J=2 n= 2 p=0.017783  | BER 0.0003 cnn 0.018 en 0.014 suite 0.031 JSR -31.6 dB
  N_J=2 n= 4 p=0.017783  | BER 0.0007 cnn 0.014 en 0.012 suite 0.025 JSR -28.6 dB
  N_J=2 n= 8 p=0.017783  | BER 0.0014 cnn 0.014 en 0.010 suite 0.023 JSR -25.6 dB
  N_J=2 n=16 p=0.017783  | BER 0.0030 cnn 0.016 en 0.016 suite 0.031 JSR -22.4 dB
  N_J=2 n=32 p=0.017783  | BER 0.0051 cnn 0.023 en 0.004 suite 0.027 JSR -19.5 dB
  N_J=2 n=52 p=0.017783  | BER 0.0078 cnn 0.029 en 0.006 suite 0.035 JSR -17.6 dB
  N_J=2 n= 1 p=0.031623  | BER 0.0004 cnn 0.037 en 0.020 suite 0.055 JSR -32.4 dB
  N_J=2 n= 2 p=0.031623  | BER 0.0007 cnn 0.021 en 0.012 suite 0.033 JSR -28.9 dB
  N_J=2 n= 4 p=0.031623  | BER 0.0013 cnn 0.023 en 0.020 suite 0.043 JSR -26.1 dB
  N_J=2 n= 8 p=0.031623  | BER 0.0023 cnn 0.027 en 0.014 suite 0.041 JSR -23.3 dB
  N_J=2 n=16 p=0.031623  | BER 0.0042 cnn 0.018 en 0.014 suite 0.031 JSR -20.2 dB
  N_J=2 n=32 p=0.031623  | BER 0.0098 cnn 0.033 en 0.010 suite 0.043 JSR -17.2 dB
  N_J=2 n=52 p=0.031623  | BER 0.0163 cnn 0.031 en 0.018 suite 0.049 JSR -15.0 dB
  N_J=2 n= 1 p=0.056234  | BER 0.0006 cnn 0.018 en 0.018 suite 0.035 JSR -29.7 dB
  N_J=2 n= 2 p=0.056234  | BER 0.0009 cnn 0.025 en 0.016 suite 0.041 JSR -26.6 dB
  N_J=2 n= 4 p=0.056234  | BER 0.0022 cnn 0.020 en 0.020 suite 0.039 JSR -23.8 dB
  N_J=2 n= 8 p=0.056234  | BER 0.0038 cnn 0.012 en 0.012 suite 0.023 JSR -20.7 dB
  N_J=2 n=16 p=0.056234  | BER 0.0092 cnn 0.023 en 0.004 suite 0.027 JSR -17.4 dB
  N_J=2 n=32 p=0.056234  | BER 0.0142 cnn 0.039 en 0.016 suite 0.053 JSR -15.0 dB
  N_J=2 n=52 p=0.056234  | BER 0.0265 cnn 0.080 en 0.012 suite 0.092 JSR -12.3 dB
  N_J=2 n= 1 p=0.1       | BER 0.0011 cnn 0.018 en 0.004 suite 0.021 JSR -27.1 dB
  N_J=2 n= 2 p=0.1       | BER 0.0018 cnn 0.021 en 0.014 suite 0.035 JSR -24.0 dB
  N_J=2 n= 4 p=0.1       | BER 0.0037 cnn 0.018 en 0.012 suite 0.029 JSR -21.2 dB
  N_J=2 n= 8 p=0.1       | BER 0.0066 cnn 0.033 en 0.004 suite 0.037 JSR -18.1 dB
  N_J=2 n=16 p=0.1       | BER 0.0136 cnn 0.043 en 0.012 suite 0.055 JSR -15.1 dB
  N_J=2 n=32 p=0.1       | BER 0.0256 cnn 0.064 en 0.010 suite 0.074 JSR -12.2 dB
  N_J=2 n=52 p=0.1       | BER 0.0466 cnn 0.162 en 0.018 suite 0.180 JSR -10.0 dB
  N_J=2 n= 1 p=0.177828  | BER 0.0016 cnn 0.020 en 0.004 suite 0.023 JSR -24.6 dB
  N_J=2 n= 2 p=0.177828  | BER 0.0031 cnn 0.023 en 0.016 suite 0.039 JSR -21.8 dB
  N_J=2 n= 4 p=0.177828  | BER 0.0060 cnn 0.023 en 0.014 suite 0.037 JSR -18.7 dB
  N_J=2 n= 8 p=0.177828  | BER 0.0119 cnn 0.041 en 0.004 suite 0.045 JSR -15.6 dB
  N_J=2 n=16 p=0.177828  | BER 0.0261 cnn 0.078 en 0.006 suite 0.084 JSR -12.1 dB
  N_J=2 n=32 p=0.177828  | BER 0.0425 cnn 0.174 en 0.021 suite 0.195 JSR -10.0 dB
  N_J=2 n=52 p=0.177828  | BER 0.0732 cnn 0.314 en 0.008 suite 0.322 JSR -7.3 dB
  N_J=2 n= 1 p=0.316228  | BER 0.0025 cnn 0.012 en 0.012 suite 0.023 JSR -22.2 dB
  N_J=2 n= 2 p=0.316228  | BER 0.0051 cnn 0.018 en 0.018 suite 0.035 JSR -19.1 dB
  N_J=2 n= 4 p=0.316228  | BER 0.0088 cnn 0.041 en 0.010 suite 0.049 JSR -16.2 dB
  N_J=2 n= 8 p=0.316228  | BER 0.0201 cnn 0.080 en 0.008 suite 0.088 JSR -13.1 dB
  N_J=2 n=16 p=0.316228  | BER 0.0375 cnn 0.160 en 0.016 suite 0.176 JSR -10.2 dB
  N_J=2 n=32 p=0.316228  | BER 0.0726 cnn 0.340 en 0.025 suite 0.365 JSR -7.1 dB
  N_J=2 n=52 p=0.316228  | BER 0.1095 cnn 0.570 en 0.016 suite 0.582 JSR -4.9 dB
  N_J=2 n= 1 p=0.562341  | BER 0.0038 cnn 0.021 en 0.010 suite 0.031 JSR -19.9 dB
  N_J=2 n= 2 p=0.562341  | BER 0.0079 cnn 0.031 en 0.006 suite 0.037 JSR -16.6 dB
  N_J=2 n= 4 p=0.562341  | BER 0.0153 cnn 0.053 en 0.012 suite 0.064 JSR -13.4 dB
  N_J=2 n= 8 p=0.562341  | BER 0.0316 cnn 0.111 en 0.008 suite 0.119 JSR -10.4 dB
  N_J=2 n=16 p=0.562341  | BER 0.0559 cnn 0.295 en 0.018 suite 0.312 JSR -7.7 dB
  N_J=2 n=32 p=0.562341  | BER 0.1038 cnn 0.576 en 0.021 suite 0.592 JSR -4.7 dB
  N_J=2 n=52 p=0.562341  | BER 0.1610 cnn 0.771 en 0.029 suite 0.795 JSR -2.3 dB
  N_J=2 n= 1 p=1         | BER 0.0057 cnn 0.045 en 0.010 suite 0.055 JSR -17.1 dB
  N_J=2 n= 2 p=1         | BER 0.0108 cnn 0.055 en 0.018 suite 0.070 JSR -14.2 dB
  N_J=2 n= 4 p=1         | BER 0.0211 cnn 0.102 en 0.012 suite 0.113 JSR -11.0 dB
  N_J=2 n= 8 p=1         | BER 0.0445 cnn 0.238 en 0.016 suite 0.254 JSR -8.0 dB
  N_J=2 n=16 p=1         | BER 0.0818 cnn 0.494 en 0.025 suite 0.514 JSR -5.2 dB
  N_J=2 n=32 p=1         | BER 0.1437 cnn 0.750 en 0.045 suite 0.764 JSR -2.3 dB
  N_J=2 n=52 p=1         | BER 0.2111 cnn 0.924 en 0.135 suite 0.938 JSR -0.0 dB
  N_J=2 n= 1 p=1.77828   | BER 0.0076 cnn 0.068 en 0.002 suite 0.070 JSR -14.5 dB
  N_J=2 n= 2 p=1.77828   | BER 0.0151 cnn 0.102 en 0.004 suite 0.105 JSR -11.5 dB
  N_J=2 n= 4 p=1.77828   | BER 0.0299 cnn 0.252 en 0.014 suite 0.266 JSR -8.4 dB
  N_J=2 n= 8 p=1.77828   | BER 0.0597 cnn 0.453 en 0.008 suite 0.457 JSR -5.5 dB
  N_J=2 n=16 p=1.77828   | BER 0.1104 cnn 0.707 en 0.035 suite 0.729 JSR -2.7 dB
  N_J=2 n=32 p=1.77828   | BER 0.1981 cnn 0.938 en 0.131 suite 0.943 JSR +0.6 dB
  N_J=2 n=52 p=1.77828   | BER 0.2632 cnn 0.969 en 0.361 suite 0.979 JSR +2.4 dB
  N_J=2 n= 1 p=3.16228   | BER 0.0099 cnn 0.098 en 0.012 suite 0.109 JSR -12.0 dB
  N_J=2 n= 2 p=3.16228   | BER 0.0191 cnn 0.205 en 0.018 suite 0.221 JSR -9.4 dB
  N_J=2 n= 4 p=3.16228   | BER 0.0376 cnn 0.391 en 0.020 suite 0.410 JSR -6.2 dB
  N_J=2 n= 8 p=3.16228   | BER 0.0729 cnn 0.645 en 0.035 suite 0.674 JSR -3.3 dB
  N_J=2 n=16 p=3.16228   | BER 0.1367 cnn 0.895 en 0.109 suite 0.918 JSR -0.2 dB
  N_J=2 n=32 p=3.16228   | BER 0.2390 cnn 0.992 en 0.443 suite 0.996 JSR +3.0 dB
  N_J=2 n=52 p=3.16228   | BER 0.3149 cnn 0.998 en 0.783 suite 1.000 JSR +5.0 dB
  N_J=2 n= 1 p=5.62341   | BER 0.0114 cnn 0.217 en 0.012 suite 0.227 JSR -9.8 dB
  N_J=2 n= 2 p=5.62341   | BER 0.0232 cnn 0.422 en 0.010 suite 0.432 JSR -6.5 dB
  N_J=2 n= 4 p=5.62341   | BER 0.0452 cnn 0.656 en 0.049 suite 0.684 JSR -3.7 dB
  N_J=2 n= 8 p=5.62341   | BER 0.0887 cnn 0.859 en 0.078 suite 0.885 JSR -0.6 dB
  N_J=2 n=16 p=5.62341   | BER 0.1629 cnn 0.975 en 0.363 suite 0.990 JSR +2.6 dB
  N_J=2 n=32 p=5.62341   | BER 0.2776 cnn 0.996 en 0.846 suite 0.996 JSR +5.3 dB
  N_J=2 n=52 p=5.62341   | BER 0.3530 cnn 1.000 en 0.967 suite 1.000 JSR +7.4 dB
  N_J=2 n= 1 p=10        | BER 0.0133 cnn 0.395 en 0.020 suite 0.414 JSR -7.0 dB
  N_J=2 n= 2 p=10        | BER 0.0263 cnn 0.602 en 0.027 suite 0.619 JSR -4.1 dB
  N_J=2 n= 4 p=10        | BER 0.0516 cnn 0.814 en 0.057 suite 0.840 JSR -1.3 dB
  N_J=2 n= 8 p=10        | BER 0.1000 cnn 0.938 en 0.264 suite 0.955 JSR +1.7 dB
  N_J=2 n=16 p=10        | BER 0.1872 cnn 0.992 en 0.736 suite 0.994 JSR +5.3 dB
  N_J=2 n=32 p=10        | BER 0.3166 cnn 1.000 en 0.977 suite 1.000 JSR +8.1 dB
  N_J=2 n=52 p=10        | BER 0.3926 cnn 1.000 en 0.998 suite 1.000 JSR +10.2 dB
  [checkpoint] N_J=2 done, 182 rows (78s)
  N_J=4 n= 1 p=0.01      | BER 0.0001 cnn 0.020 en 0.006 suite 0.025 JSR -37.3 dB
  N_J=4 n= 2 p=0.01      | BER 0.0002 cnn 0.021 en 0.016 suite 0.037 JSR -34.3 dB
  N_J=4 n= 4 p=0.01      | BER 0.0006 cnn 0.016 en 0.014 suite 0.029 JSR -31.4 dB
  N_J=4 n= 8 p=0.01      | BER 0.0008 cnn 0.023 en 0.002 suite 0.025 JSR -27.9 dB
  N_J=4 n=16 p=0.01      | BER 0.0018 cnn 0.018 en 0.002 suite 0.020 JSR -25.3 dB
  N_J=4 n=32 p=0.01      | BER 0.0028 cnn 0.021 en 0.006 suite 0.027 JSR -22.0 dB
  N_J=4 n=52 p=0.01      | BER 0.0046 cnn 0.012 en 0.008 suite 0.020 JSR -20.1 dB
  N_J=4 n= 1 p=0.017783  | BER 0.0003 cnn 0.016 en 0.021 suite 0.037 JSR -34.7 dB
  N_J=4 n= 2 p=0.017783  | BER 0.0004 cnn 0.016 en 0.006 suite 0.021 JSR -31.5 dB
  N_J=4 n= 4 p=0.017783  | BER 0.0008 cnn 0.025 en 0.008 suite 0.033 JSR -28.6 dB
  N_J=4 n= 8 p=0.017783  | BER 0.0014 cnn 0.021 en 0.012 suite 0.033 JSR -25.6 dB
  N_J=4 n=16 p=0.017783  | BER 0.0031 cnn 0.021 en 0.014 suite 0.035 JSR -22.5 dB
  N_J=4 n=32 p=0.017783  | BER 0.0055 cnn 0.014 en 0.018 suite 0.031 JSR -19.7 dB
  N_J=4 n=52 p=0.017783  | BER 0.0081 cnn 0.018 en 0.016 suite 0.033 JSR -17.4 dB
  N_J=4 n= 1 p=0.031623  | BER 0.0003 cnn 0.016 en 0.020 suite 0.035 JSR -32.3 dB
  N_J=4 n= 2 p=0.031623  | BER 0.0008 cnn 0.016 en 0.006 suite 0.021 JSR -29.0 dB
  N_J=4 n= 4 p=0.031623  | BER 0.0013 cnn 0.025 en 0.018 suite 0.043 JSR -26.2 dB
  N_J=4 n= 8 p=0.031623  | BER 0.0024 cnn 0.012 en 0.004 suite 0.016 JSR -23.1 dB
  N_J=4 n=16 p=0.031623  | BER 0.0047 cnn 0.016 en 0.014 suite 0.029 JSR -20.2 dB
  N_J=4 n=32 p=0.031623  | BER 0.0105 cnn 0.023 en 0.012 suite 0.035 JSR -17.0 dB
  N_J=4 n=52 p=0.031623  | BER 0.0137 cnn 0.029 en 0.012 suite 0.039 JSR -15.1 dB
  N_J=4 n= 1 p=0.056234  | BER 0.0007 cnn 0.014 en 0.008 suite 0.021 JSR -29.8 dB
  N_J=4 n= 2 p=0.056234  | BER 0.0011 cnn 0.016 en 0.012 suite 0.027 JSR -26.8 dB
  N_J=4 n= 4 p=0.056234  | BER 0.0016 cnn 0.012 en 0.006 suite 0.018 JSR -23.7 dB
  N_J=4 n= 8 p=0.056234  | BER 0.0039 cnn 0.027 en 0.006 suite 0.033 JSR -20.5 dB
  N_J=4 n=16 p=0.056234  | BER 0.0087 cnn 0.039 en 0.008 suite 0.047 JSR -17.6 dB
  N_J=4 n=32 p=0.056234  | BER 0.0162 cnn 0.037 en 0.010 suite 0.047 JSR -14.4 dB
  N_J=4 n=52 p=0.056234  | BER 0.0261 cnn 0.074 en 0.021 suite 0.096 JSR -12.3 dB
  N_J=4 n= 1 p=0.1       | BER 0.0009 cnn 0.018 en 0.020 suite 0.037 JSR -27.5 dB
  N_J=4 n= 2 p=0.1       | BER 0.0019 cnn 0.023 en 0.016 suite 0.037 JSR -24.3 dB
  N_J=4 n= 4 p=0.1       | BER 0.0033 cnn 0.014 en 0.010 suite 0.023 JSR -21.1 dB
  N_J=4 n= 8 p=0.1       | BER 0.0074 cnn 0.014 en 0.010 suite 0.023 JSR -18.2 dB
  N_J=4 n=16 p=0.1       | BER 0.0140 cnn 0.023 en 0.012 suite 0.035 JSR -15.1 dB
  N_J=4 n=32 p=0.1       | BER 0.0277 cnn 0.068 en 0.012 suite 0.080 JSR -12.1 dB
  N_J=4 n=52 p=0.1       | BER 0.0426 cnn 0.141 en 0.018 suite 0.158 JSR -10.1 dB
  N_J=4 n= 1 p=0.177828  | BER 0.0015 cnn 0.010 en 0.010 suite 0.020 JSR -24.7 dB
  N_J=4 n= 2 p=0.177828  | BER 0.0028 cnn 0.021 en 0.014 suite 0.033 JSR -21.8 dB
  N_J=4 n= 4 p=0.177828  | BER 0.0067 cnn 0.020 en 0.012 suite 0.031 JSR -18.6 dB
  N_J=4 n= 8 p=0.177828  | BER 0.0120 cnn 0.033 en 0.012 suite 0.045 JSR -15.9 dB
  N_J=4 n=16 p=0.177828  | BER 0.0252 cnn 0.064 en 0.012 suite 0.076 JSR -12.6 dB
  N_J=4 n=32 p=0.177828  | BER 0.0454 cnn 0.188 en 0.020 suite 0.205 JSR -9.6 dB
  N_J=4 n=52 p=0.177828  | BER 0.0675 cnn 0.312 en 0.020 suite 0.332 JSR -7.7 dB
  N_J=4 n= 1 p=0.316228  | BER 0.0029 cnn 0.018 en 0.004 suite 0.021 JSR -22.2 dB
  N_J=4 n= 2 p=0.316228  | BER 0.0055 cnn 0.027 en 0.008 suite 0.035 JSR -19.2 dB
  N_J=4 n= 4 p=0.316228  | BER 0.0110 cnn 0.029 en 0.006 suite 0.035 JSR -16.1 dB
  N_J=4 n= 8 p=0.316228  | BER 0.0209 cnn 0.051 en 0.008 suite 0.059 JSR -13.1 dB
  N_J=4 n=16 p=0.316228  | BER 0.0401 cnn 0.162 en 0.020 suite 0.182 JSR -10.2 dB
  N_J=4 n=32 p=0.316228  | BER 0.0708 cnn 0.318 en 0.016 suite 0.334 JSR -7.4 dB
  N_J=4 n=52 p=0.316228  | BER 0.1095 cnn 0.557 en 0.031 suite 0.586 JSR -5.1 dB
  N_J=4 n= 1 p=0.562341  | BER 0.0046 cnn 0.020 en 0.012 suite 0.031 JSR -19.7 dB
  N_J=4 n= 2 p=0.562341  | BER 0.0091 cnn 0.021 en 0.010 suite 0.031 JSR -16.6 dB
  N_J=4 n= 4 p=0.562341  | BER 0.0163 cnn 0.055 en 0.020 suite 0.074 JSR -13.9 dB
  N_J=4 n= 8 p=0.562341  | BER 0.0326 cnn 0.109 en 0.023 suite 0.131 JSR -10.7 dB
  N_J=4 n=16 p=0.562341  | BER 0.0637 cnn 0.295 en 0.020 suite 0.314 JSR -7.7 dB
  N_J=4 n=32 p=0.562341  | BER 0.1095 cnn 0.604 en 0.021 suite 0.617 JSR -4.6 dB
  N_J=4 n=52 p=0.562341  | BER 0.1632 cnn 0.793 en 0.025 suite 0.805 JSR -2.3 dB
  N_J=4 n= 1 p=1         | BER 0.0065 cnn 0.023 en 0.018 suite 0.041 JSR -17.5 dB
  N_J=4 n= 2 p=1         | BER 0.0139 cnn 0.047 en 0.012 suite 0.059 JSR -14.1 dB
  N_J=4 n= 4 p=1         | BER 0.0270 cnn 0.111 en 0.018 suite 0.129 JSR -11.2 dB
  N_J=4 n= 8 p=1         | BER 0.0527 cnn 0.275 en 0.018 suite 0.293 JSR -7.9 dB
  N_J=4 n=16 p=1         | BER 0.0937 cnn 0.557 en 0.023 suite 0.574 JSR -5.1 dB
  N_J=4 n=32 p=1         | BER 0.1532 cnn 0.797 en 0.033 suite 0.822 JSR -2.2 dB
  N_J=4 n=52 p=1         | BER 0.2177 cnn 0.926 en 0.086 suite 0.945 JSR +0.1 dB
  N_J=4 n= 1 p=1.77828   | BER 0.0099 cnn 0.051 en 0.010 suite 0.059 JSR -14.9 dB
  N_J=4 n= 2 p=1.77828   | BER 0.0194 cnn 0.096 en 0.008 suite 0.104 JSR -11.8 dB
  N_J=4 n= 4 p=1.77828   | BER 0.0399 cnn 0.215 en 0.010 suite 0.225 JSR -8.7 dB
  N_J=4 n= 8 p=1.77828   | BER 0.0779 cnn 0.494 en 0.020 suite 0.512 JSR -5.4 dB
  N_J=4 n=16 p=1.77828   | BER 0.1304 cnn 0.754 en 0.031 suite 0.770 JSR -2.6 dB
  N_J=4 n=32 p=1.77828   | BER 0.2093 cnn 0.941 en 0.113 suite 0.961 JSR +0.3 dB
  N_J=4 n=52 p=1.77828   | BER 0.2636 cnn 0.994 en 0.320 suite 0.998 JSR +2.5 dB
  N_J=4 n= 1 p=3.16228   | BER 0.0146 cnn 0.092 en 0.008 suite 0.100 JSR -12.1 dB
  N_J=4 n= 2 p=3.16228   | BER 0.0281 cnn 0.172 en 0.014 suite 0.186 JSR -9.2 dB
  N_J=4 n= 4 p=3.16228   | BER 0.0547 cnn 0.412 en 0.016 suite 0.428 JSR -5.9 dB
  N_J=4 n= 8 p=3.16228   | BER 0.0962 cnn 0.660 en 0.031 suite 0.684 JSR -3.4 dB
  N_J=4 n=16 p=3.16228   | BER 0.1714 cnn 0.926 en 0.070 suite 0.945 JSR -0.1 dB
  N_J=4 n=32 p=3.16228   | BER 0.2646 cnn 0.986 en 0.420 suite 0.998 JSR +3.0 dB
  N_J=4 n=52 p=3.16228   | BER 0.3124 cnn 1.000 en 0.863 suite 1.000 JSR +5.0 dB
  N_J=4 n= 1 p=5.62341   | BER 0.0184 cnn 0.186 en 0.014 suite 0.199 JSR -9.6 dB
  N_J=4 n= 2 p=5.62341   | BER 0.0360 cnn 0.355 en 0.010 suite 0.365 JSR -6.6 dB
  N_J=4 n= 4 p=5.62341   | BER 0.0680 cnn 0.631 en 0.031 suite 0.648 JSR -3.8 dB
  N_J=4 n= 8 p=5.62341   | BER 0.1273 cnn 0.887 en 0.072 suite 0.904 JSR -0.4 dB
  N_J=4 n=16 p=5.62341   | BER 0.2141 cnn 0.990 en 0.350 suite 0.996 JSR +2.5 dB
  N_J=4 n=32 p=5.62341   | BER 0.3097 cnn 0.996 en 0.924 suite 1.000 JSR +5.3 dB
  N_J=4 n=52 p=5.62341   | BER 0.3582 cnn 1.000 en 0.990 suite 1.000 JSR +7.6 dB
  N_J=4 n= 1 p=10        | BER 0.0217 cnn 0.344 en 0.012 suite 0.355 JSR -7.2 dB
  N_J=4 n= 2 p=10        | BER 0.0432 cnn 0.643 en 0.023 suite 0.664 JSR -4.1 dB
  N_J=4 n= 4 p=10        | BER 0.0840 cnn 0.820 en 0.037 suite 0.844 JSR -0.8 dB
  N_J=4 n= 8 p=10        | BER 0.1502 cnn 0.967 en 0.248 suite 0.977 JSR +1.9 dB
  N_J=4 n=16 p=10        | BER 0.2497 cnn 0.998 en 0.809 suite 1.000 JSR +4.8 dB
  N_J=4 n=32 p=10        | BER 0.3497 cnn 1.000 en 1.000 suite 1.000 JSR +7.9 dB
  N_J=4 n=52 p=10        | BER 0.3943 cnn 1.000 en 1.000 suite 1.000 JSR +10.3 dB
  [checkpoint] N_J=4 done, 273 rows (116s)

ebno_37.5: confirmed frontier picks (fresh 4096 frames each)
  N_J=1 cnn   budget far   (=0.0151) -> n=32 p=0.031623 | BER 0.0092 P_det 0.0286 (+4.2 sigma)  FLAGGED
  N_J=1 cnn   budget 0.1   (=0.1000) -> n=52 p=0.056234 | BER 0.0264 P_det 0.0796 (-4.8 sigma)
  N_J=1 cnn   budget 0.5   (=0.5000) -> n=52 p=0.177828 | BER 0.0702 P_det 0.3235 (-24.1 sigma)
  N_J=1 suite budget far   (=0.0271) -> n=52 p=0.017783 | BER 0.0087 P_det 0.0405 (+3.4 sigma)  FLAGGED
  N_J=1 suite budget 0.1   (=0.1000) -> n=52 p=0.056234 | BER 0.0264 P_det 0.0908 (-2.0 sigma)
  N_J=1 suite budget 0.5   (=0.5000) -> n=52 p=0.177828 | BER 0.0702 P_det 0.3386 (-21.8 sigma)
  N_J=2 cnn   budget far   (=0.0151) -> n=2 p=0.316228 | BER 0.0049 P_det 0.0232 (+2.7 sigma)  FLAGGED
  N_J=2 cnn   budget 0.1   (=0.1000) -> n=52 p=0.056234 | BER 0.0269 P_det 0.0725 (-6.8 sigma)
  N_J=2 cnn   budget 0.5   (=0.5000) -> n=16 p=1 | BER 0.0824 P_det 0.4971 (-0.4 sigma)
  N_J=2 suite budget far   (=0.0271) -> n=16 p=0.056234 | BER 0.0081 P_det 0.0344 (+1.9 sigma)
  N_J=2 suite budget 0.1   (=0.1000) -> n=52 p=0.056234 | BER 0.0269 P_det 0.0842 (-3.6 sigma)
  N_J=2 suite budget 0.5   (=0.5000) -> n=52 p=0.177828 | BER 0.0694 P_det 0.3298 (-23.2 sigma)
  N_J=4 cnn   budget far   (=0.0151) -> n=52 p=0.017783 | BER 0.0090 P_det 0.0200 (+1.7 sigma)
  N_J=4 cnn   budget 0.1   (=0.1000) -> n=32 p=0.1 | BER 0.0278 P_det 0.0776 (-5.3 sigma)
  N_J=4 cnn   budget 0.5   (=0.5000) -> n=8 p=1.77828 | BER 0.0750 P_det 0.4729 (-3.5 sigma)
  N_J=4 suite budget far   (=0.0271) -> n=2 p=0.562341 | BER 0.0090 P_det 0.0415 (+3.6 sigma)  FLAGGED
  N_J=4 suite budget 0.1   (=0.1000) -> n=32 p=0.1 | BER 0.0278 P_det 0.0886 (-2.6 sigma)
  N_J=4 suite budget 0.5   (=0.5000) -> n=32 p=0.316228 | BER 0.0738 P_det 0.3718 (-17.0 sigma)
wrote /home/rrahman/BT/Tabula Rasa/sim08_ablation/../artifacts/sim08_ablation/run001/sweep_ebno_37.5.json (165s)
