node: tikgpu07.ee.ethz.ch | gpu: NVIDIA GeForce RTX 3090
OFDM initialized on cuda: 624 data syms, 104 pilot syms, 52 effective SC
ebno_32.5: no=0.00041 e_thresh=2.5254 | clean BER 0.00019 FAR cnn 0.0188 energy 0.0081 suite 0.0269
  N_J=1 n= 1 p=0.01      | BER 0.0003 cnn 0.016 en 0.008 suite 0.023 JSR -37.1 dB
  N_J=1 n= 2 p=0.01      | BER 0.0004 cnn 0.020 en 0.010 suite 0.029 JSR -34.0 dB
  N_J=1 n= 4 p=0.01      | BER 0.0006 cnn 0.025 en 0.012 suite 0.035 JSR -31.0 dB
  N_J=1 n= 8 p=0.01      | BER 0.0010 cnn 0.008 en 0.012 suite 0.020 JSR -28.2 dB
  N_J=1 n=16 p=0.01      | BER 0.0018 cnn 0.016 en 0.008 suite 0.023 JSR -25.2 dB
  N_J=1 n=32 p=0.01      | BER 0.0030 cnn 0.010 en 0.004 suite 0.014 JSR -22.2 dB
  N_J=1 n=52 p=0.01      | BER 0.0049 cnn 0.033 en 0.010 suite 0.043 JSR -20.0 dB
  N_J=1 n= 1 p=0.017783  | BER 0.0004 cnn 0.018 en 0.006 suite 0.023 JSR -34.8 dB
  N_J=1 n= 2 p=0.017783  | BER 0.0005 cnn 0.023 en 0.002 suite 0.025 JSR -31.3 dB
  N_J=1 n= 4 p=0.017783  | BER 0.0010 cnn 0.021 en 0.012 suite 0.033 JSR -28.5 dB
  N_J=1 n= 8 p=0.017783  | BER 0.0016 cnn 0.012 en 0.008 suite 0.020 JSR -25.6 dB
  N_J=1 n=16 p=0.017783  | BER 0.0026 cnn 0.025 en 0.012 suite 0.037 JSR -22.6 dB
  N_J=1 n=32 p=0.017783  | BER 0.0058 cnn 0.021 en 0.010 suite 0.031 JSR -19.7 dB
  N_J=1 n=52 p=0.017783  | BER 0.0091 cnn 0.018 en 0.004 suite 0.021 JSR -17.3 dB
  N_J=1 n= 1 p=0.031623  | BER 0.0006 cnn 0.031 en 0.016 suite 0.047 JSR -32.5 dB
  N_J=1 n= 2 p=0.031623  | BER 0.0009 cnn 0.021 en 0.008 suite 0.027 JSR -29.4 dB
  N_J=1 n= 4 p=0.031623  | BER 0.0014 cnn 0.023 en 0.006 suite 0.029 JSR -26.2 dB
  N_J=1 n= 8 p=0.031623  | BER 0.0024 cnn 0.014 en 0.012 suite 0.025 JSR -23.3 dB
  N_J=1 n=16 p=0.031623  | BER 0.0048 cnn 0.020 en 0.006 suite 0.025 JSR -20.0 dB
  N_J=1 n=32 p=0.031623  | BER 0.0110 cnn 0.023 en 0.004 suite 0.027 JSR -16.8 dB
  N_J=1 n=52 p=0.031623  | BER 0.0159 cnn 0.045 en 0.008 suite 0.053 JSR -14.8 dB
  N_J=1 n= 1 p=0.056234  | BER 0.0008 cnn 0.014 en 0.002 suite 0.016 JSR -29.5 dB
  N_J=1 n= 2 p=0.056234  | BER 0.0011 cnn 0.027 en 0.010 suite 0.037 JSR -27.1 dB
  N_J=1 n= 4 p=0.056234  | BER 0.0021 cnn 0.029 en 0.012 suite 0.041 JSR -23.7 dB
  N_J=1 n= 8 p=0.056234  | BER 0.0046 cnn 0.021 en 0.018 suite 0.039 JSR -20.7 dB
  N_J=1 n=16 p=0.056234  | BER 0.0079 cnn 0.023 en 0.016 suite 0.039 JSR -17.8 dB
  N_J=1 n=32 p=0.056234  | BER 0.0153 cnn 0.035 en 0.006 suite 0.041 JSR -14.7 dB
  N_J=1 n=52 p=0.056234  | BER 0.0277 cnn 0.092 en 0.006 suite 0.098 JSR -12.3 dB
  N_J=1 n= 1 p=0.1       | BER 0.0012 cnn 0.020 en 0.008 suite 0.027 JSR -27.2 dB
  N_J=1 n= 2 p=0.1       | BER 0.0019 cnn 0.020 en 0.008 suite 0.027 JSR -24.2 dB
  N_J=1 n= 4 p=0.1       | BER 0.0038 cnn 0.031 en 0.000 suite 0.031 JSR -20.6 dB
  N_J=1 n= 8 p=0.1       | BER 0.0072 cnn 0.020 en 0.010 suite 0.029 JSR -18.2 dB
  N_J=1 n=16 p=0.1       | BER 0.0121 cnn 0.055 en 0.016 suite 0.070 JSR -15.3 dB
  N_J=1 n=32 p=0.1       | BER 0.0273 cnn 0.105 en 0.006 suite 0.111 JSR -12.3 dB
  N_J=1 n=52 p=0.1       | BER 0.0458 cnn 0.182 en 0.006 suite 0.188 JSR -10.0 dB
  N_J=1 n= 1 p=0.177828  | BER 0.0016 cnn 0.027 en 0.002 suite 0.029 JSR -24.3 dB
  N_J=1 n= 2 p=0.177828  | BER 0.0030 cnn 0.021 en 0.012 suite 0.033 JSR -21.9 dB
  N_J=1 n= 4 p=0.177828  | BER 0.0057 cnn 0.027 en 0.010 suite 0.037 JSR -18.6 dB
  N_J=1 n= 8 p=0.177828  | BER 0.0116 cnn 0.053 en 0.012 suite 0.064 JSR -15.8 dB
  N_J=1 n=16 p=0.177828  | BER 0.0218 cnn 0.057 en 0.008 suite 0.064 JSR -12.6 dB
  N_J=1 n=32 p=0.177828  | BER 0.0431 cnn 0.166 en 0.010 suite 0.176 JSR -9.7 dB
  N_J=1 n=52 p=0.177828  | BER 0.0717 cnn 0.330 en 0.006 suite 0.336 JSR -7.5 dB
  N_J=1 n= 1 p=0.316228  | BER 0.0024 cnn 0.025 en 0.004 suite 0.029 JSR -22.0 dB
  N_J=1 n= 2 p=0.316228  | BER 0.0044 cnn 0.031 en 0.010 suite 0.039 JSR -19.1 dB
  N_J=1 n= 4 p=0.316228  | BER 0.0084 cnn 0.043 en 0.008 suite 0.051 JSR -16.2 dB
  N_J=1 n= 8 p=0.316228  | BER 0.0163 cnn 0.072 en 0.010 suite 0.082 JSR -13.2 dB
  N_J=1 n=16 p=0.316228  | BER 0.0339 cnn 0.143 en 0.006 suite 0.148 JSR -10.1 dB
  N_J=1 n=32 p=0.316228  | BER 0.0625 cnn 0.338 en 0.010 suite 0.348 JSR -7.3 dB
  N_J=1 n=52 p=0.316228  | BER 0.1084 cnn 0.539 en 0.018 suite 0.553 JSR -5.0 dB
  N_J=1 n= 1 p=0.562341  | BER 0.0031 cnn 0.027 en 0.008 suite 0.035 JSR -20.0 dB
  N_J=1 n= 2 p=0.562341  | BER 0.0060 cnn 0.016 en 0.004 suite 0.020 JSR -16.9 dB
  N_J=1 n= 4 p=0.562341  | BER 0.0119 cnn 0.051 en 0.004 suite 0.055 JSR -13.8 dB
  N_J=1 n= 8 p=0.562341  | BER 0.0256 cnn 0.143 en 0.010 suite 0.152 JSR -10.8 dB
  N_J=1 n=16 p=0.562341  | BER 0.0492 cnn 0.291 en 0.010 suite 0.301 JSR -7.7 dB
  N_J=1 n=32 p=0.562341  | BER 0.0934 cnn 0.525 en 0.018 suite 0.537 JSR -4.8 dB
  N_J=1 n=52 p=0.562341  | BER 0.1641 cnn 0.748 en 0.023 suite 0.760 JSR -2.1 dB
  N_J=1 n= 1 p=1         | BER 0.0040 cnn 0.031 en 0.004 suite 0.035 JSR -17.3 dB
  N_J=1 n= 2 p=1         | BER 0.0080 cnn 0.061 en 0.008 suite 0.068 JSR -14.4 dB
  N_J=1 n= 4 p=1         | BER 0.0165 cnn 0.152 en 0.010 suite 0.160 JSR -10.7 dB
  N_J=1 n= 8 p=1         | BER 0.0319 cnn 0.246 en 0.016 suite 0.262 JSR -8.2 dB
  N_J=1 n=16 p=1         | BER 0.0639 cnn 0.471 en 0.021 suite 0.490 JSR -5.2 dB
  N_J=1 n=32 p=1         | BER 0.1300 cnn 0.750 en 0.041 suite 0.768 JSR -2.1 dB
  N_J=1 n=52 p=1         | BER 0.2120 cnn 0.895 en 0.090 suite 0.906 JSR +0.0 dB
  N_J=1 n= 1 p=1.77828   | BER 0.0052 cnn 0.070 en 0.010 suite 0.080 JSR -14.7 dB
  N_J=1 n= 2 p=1.77828   | BER 0.0106 cnn 0.129 en 0.008 suite 0.137 JSR -11.4 dB
  N_J=1 n= 4 p=1.77828   | BER 0.0206 cnn 0.248 en 0.010 suite 0.258 JSR -8.6 dB
  N_J=1 n= 8 p=1.77828   | BER 0.0414 cnn 0.408 en 0.014 suite 0.422 JSR -5.6 dB
  N_J=1 n=16 p=1.77828   | BER 0.0806 cnn 0.670 en 0.037 suite 0.693 JSR -2.8 dB
  N_J=1 n=32 p=1.77828   | BER 0.1620 cnn 0.883 en 0.123 suite 0.898 JSR +0.4 dB
  N_J=1 n=52 p=1.77828   | BER 0.2621 cnn 0.965 en 0.355 suite 0.973 JSR +2.4 dB
  N_J=1 n= 1 p=3.16228   | BER 0.0063 cnn 0.125 en 0.020 suite 0.145 JSR -12.2 dB
  N_J=1 n= 2 p=3.16228   | BER 0.0128 cnn 0.279 en 0.012 suite 0.291 JSR -8.9 dB
  N_J=1 n= 4 p=3.16228   | BER 0.0245 cnn 0.400 en 0.018 suite 0.418 JSR -6.3 dB
  N_J=1 n= 8 p=3.16228   | BER 0.0484 cnn 0.656 en 0.039 suite 0.682 JSR -3.3 dB
  N_J=1 n=16 p=3.16228   | BER 0.0971 cnn 0.811 en 0.104 suite 0.834 JSR -0.2 dB
  N_J=1 n=32 p=3.16228   | BER 0.1933 cnn 0.957 en 0.357 suite 0.961 JSR +3.0 dB
  N_J=1 n=52 p=3.16228   | BER 0.3172 cnn 0.988 en 0.686 suite 0.998 JSR +5.1 dB
  N_J=1 n= 1 p=5.62341   | BER 0.0069 cnn 0.203 en 0.020 suite 0.223 JSR -9.6 dB
  N_J=1 n= 2 p=5.62341   | BER 0.0137 cnn 0.408 en 0.012 suite 0.416 JSR -6.8 dB
  N_J=1 n= 4 p=5.62341   | BER 0.0269 cnn 0.641 en 0.033 suite 0.656 JSR -3.7 dB
  N_J=1 n= 8 p=5.62341   | BER 0.0552 cnn 0.793 en 0.078 suite 0.816 JSR -0.7 dB
  N_J=1 n=16 p=5.62341   | BER 0.1101 cnn 0.928 en 0.301 suite 0.947 JSR +2.4 dB
  N_J=1 n=32 p=5.62341   | BER 0.2204 cnn 0.992 en 0.658 suite 0.994 JSR +5.5 dB
  N_J=1 n=52 p=5.62341   | BER 0.3584 cnn 1.000 en 0.900 suite 1.000 JSR +7.6 dB
  N_J=1 n= 1 p=10        | BER 0.0076 cnn 0.346 en 0.021 suite 0.363 JSR -7.2 dB
  N_J=1 n= 2 p=10        | BER 0.0151 cnn 0.562 en 0.020 suite 0.574 JSR -4.2 dB
  N_J=1 n= 4 p=10        | BER 0.0304 cnn 0.811 en 0.057 suite 0.822 JSR -1.0 dB
  N_J=1 n= 8 p=10        | BER 0.0602 cnn 0.924 en 0.217 suite 0.932 JSR +1.7 dB
  N_J=1 n=16 p=10        | BER 0.1199 cnn 0.984 en 0.643 suite 0.992 JSR +4.8 dB
  N_J=1 n=32 p=10        | BER 0.2422 cnn 1.000 en 0.912 suite 1.000 JSR +8.1 dB
  N_J=1 n=52 p=10        | BER 0.3895 cnn 1.000 en 0.975 suite 1.000 JSR +10.0 dB
  [checkpoint] N_J=1 done, 91 rows (41s)
  N_J=2 n= 1 p=0.01      | BER 0.0003 cnn 0.016 en 0.008 suite 0.023 JSR -37.1 dB
  N_J=2 n= 2 p=0.01      | BER 0.0004 cnn 0.018 en 0.012 suite 0.029 JSR -34.1 dB
  N_J=2 n= 4 p=0.01      | BER 0.0007 cnn 0.025 en 0.012 suite 0.037 JSR -31.2 dB
  N_J=2 n= 8 p=0.01      | BER 0.0007 cnn 0.014 en 0.002 suite 0.016 JSR -27.8 dB
  N_J=2 n=16 p=0.01      | BER 0.0017 cnn 0.014 en 0.002 suite 0.016 JSR -25.3 dB
  N_J=2 n=32 p=0.01      | BER 0.0033 cnn 0.012 en 0.008 suite 0.020 JSR -22.1 dB
  N_J=2 n=52 p=0.01      | BER 0.0048 cnn 0.027 en 0.006 suite 0.033 JSR -19.9 dB
  N_J=2 n= 1 p=0.017783  | BER 0.0003 cnn 0.014 en 0.006 suite 0.020 JSR -34.6 dB
  N_J=2 n= 2 p=0.017783  | BER 0.0006 cnn 0.023 en 0.006 suite 0.029 JSR -31.8 dB
  N_J=2 n= 4 p=0.017783  | BER 0.0010 cnn 0.012 en 0.008 suite 0.020 JSR -28.8 dB
  N_J=2 n= 8 p=0.017783  | BER 0.0019 cnn 0.033 en 0.010 suite 0.043 JSR -25.5 dB
  N_J=2 n=16 p=0.017783  | BER 0.0027 cnn 0.031 en 0.006 suite 0.037 JSR -22.6 dB
  N_J=2 n=32 p=0.017783  | BER 0.0062 cnn 0.020 en 0.008 suite 0.027 JSR -19.5 dB
  N_J=2 n=52 p=0.017783  | BER 0.0085 cnn 0.023 en 0.014 suite 0.037 JSR -17.5 dB
  N_J=2 n= 1 p=0.031623  | BER 0.0006 cnn 0.014 en 0.006 suite 0.020 JSR -32.3 dB
  N_J=2 n= 2 p=0.031623  | BER 0.0008 cnn 0.027 en 0.014 suite 0.041 JSR -29.4 dB
  N_J=2 n= 4 p=0.031623  | BER 0.0013 cnn 0.018 en 0.014 suite 0.031 JSR -26.3 dB
  N_J=2 n= 8 p=0.031623  | BER 0.0032 cnn 0.025 en 0.006 suite 0.031 JSR -22.8 dB
  N_J=2 n=16 p=0.031623  | BER 0.0052 cnn 0.018 en 0.006 suite 0.023 JSR -19.7 dB
  N_J=2 n=32 p=0.031623  | BER 0.0092 cnn 0.023 en 0.006 suite 0.029 JSR -17.1 dB
  N_J=2 n=52 p=0.031623  | BER 0.0163 cnn 0.039 en 0.008 suite 0.045 JSR -14.7 dB
  N_J=2 n= 1 p=0.056234  | BER 0.0009 cnn 0.012 en 0.006 suite 0.018 JSR -29.5 dB
  N_J=2 n= 2 p=0.056234  | BER 0.0013 cnn 0.010 en 0.006 suite 0.016 JSR -26.3 dB
  N_J=2 n= 4 p=0.056234  | BER 0.0023 cnn 0.021 en 0.010 suite 0.031 JSR -23.6 dB
  N_J=2 n= 8 p=0.056234  | BER 0.0050 cnn 0.020 en 0.012 suite 0.031 JSR -20.6 dB
  N_J=2 n=16 p=0.056234  | BER 0.0088 cnn 0.021 en 0.016 suite 0.037 JSR -17.6 dB
  N_J=2 n=32 p=0.056234  | BER 0.0158 cnn 0.037 en 0.006 suite 0.043 JSR -14.6 dB
  N_J=2 n=52 p=0.056234  | BER 0.0263 cnn 0.070 en 0.006 suite 0.076 JSR -12.7 dB
  N_J=2 n= 1 p=0.1       | BER 0.0010 cnn 0.014 en 0.006 suite 0.020 JSR -27.0 dB
  N_J=2 n= 2 p=0.1       | BER 0.0020 cnn 0.021 en 0.008 suite 0.029 JSR -24.3 dB
  N_J=2 n= 4 p=0.1       | BER 0.0039 cnn 0.025 en 0.008 suite 0.033 JSR -21.2 dB
  N_J=2 n= 8 p=0.1       | BER 0.0073 cnn 0.021 en 0.008 suite 0.029 JSR -18.2 dB
  N_J=2 n=16 p=0.1       | BER 0.0143 cnn 0.043 en 0.016 suite 0.059 JSR -15.0 dB
  N_J=2 n=32 p=0.1       | BER 0.0277 cnn 0.076 en 0.006 suite 0.082 JSR -12.1 dB
  N_J=2 n=52 p=0.1       | BER 0.0447 cnn 0.160 en 0.010 suite 0.170 JSR -9.9 dB
  N_J=2 n= 1 p=0.177828  | BER 0.0016 cnn 0.021 en 0.010 suite 0.031 JSR -24.8 dB
  N_J=2 n= 2 p=0.177828  | BER 0.0030 cnn 0.010 en 0.008 suite 0.018 JSR -21.6 dB
  N_J=2 n= 4 p=0.177828  | BER 0.0059 cnn 0.023 en 0.014 suite 0.037 JSR -18.9 dB
  N_J=2 n= 8 p=0.177828  | BER 0.0124 cnn 0.031 en 0.010 suite 0.041 JSR -15.5 dB
  N_J=2 n=16 p=0.177828  | BER 0.0233 cnn 0.074 en 0.008 suite 0.082 JSR -12.6 dB
  N_J=2 n=32 p=0.177828  | BER 0.0456 cnn 0.203 en 0.010 suite 0.213 JSR -9.6 dB
  N_J=2 n=52 p=0.177828  | BER 0.0683 cnn 0.322 en 0.016 suite 0.338 JSR -7.5 dB
  N_J=2 n= 1 p=0.316228  | BER 0.0029 cnn 0.025 en 0.012 suite 0.037 JSR -22.1 dB
  N_J=2 n= 2 p=0.316228  | BER 0.0054 cnn 0.018 en 0.000 suite 0.018 JSR -19.0 dB
  N_J=2 n= 4 p=0.316228  | BER 0.0098 cnn 0.035 en 0.010 suite 0.045 JSR -16.3 dB
  N_J=2 n= 8 p=0.316228  | BER 0.0181 cnn 0.061 en 0.014 suite 0.074 JSR -13.3 dB
  N_J=2 n=16 p=0.316228  | BER 0.0407 cnn 0.156 en 0.010 suite 0.166 JSR -9.8 dB
  N_J=2 n=32 p=0.316228  | BER 0.0709 cnn 0.350 en 0.018 suite 0.365 JSR -7.2 dB
  N_J=2 n=52 p=0.316228  | BER 0.1007 cnn 0.523 en 0.016 suite 0.535 JSR -5.1 dB
  N_J=2 n= 1 p=0.562341  | BER 0.0041 cnn 0.023 en 0.010 suite 0.033 JSR -19.5 dB
  N_J=2 n= 2 p=0.562341  | BER 0.0081 cnn 0.029 en 0.008 suite 0.037 JSR -16.6 dB
  N_J=2 n= 4 p=0.562341  | BER 0.0154 cnn 0.070 en 0.008 suite 0.078 JSR -13.5 dB
  N_J=2 n= 8 p=0.562341  | BER 0.0313 cnn 0.135 en 0.006 suite 0.141 JSR -10.4 dB
  N_J=2 n=16 p=0.562341  | BER 0.0559 cnn 0.305 en 0.018 suite 0.320 JSR -7.7 dB
  N_J=2 n=32 p=0.562341  | BER 0.1072 cnn 0.521 en 0.023 suite 0.543 JSR -4.7 dB
  N_J=2 n=52 p=0.562341  | BER 0.1610 cnn 0.762 en 0.025 suite 0.777 JSR -2.5 dB
  N_J=2 n= 1 p=1         | BER 0.0056 cnn 0.039 en 0.016 suite 0.055 JSR -17.2 dB
  N_J=2 n= 2 p=1         | BER 0.0112 cnn 0.057 en 0.008 suite 0.064 JSR -14.3 dB
  N_J=2 n= 4 p=1         | BER 0.0227 cnn 0.113 en 0.006 suite 0.119 JSR -11.0 dB
  N_J=2 n= 8 p=1         | BER 0.0425 cnn 0.232 en 0.008 suite 0.240 JSR -8.1 dB
  N_J=2 n=16 p=1         | BER 0.0816 cnn 0.477 en 0.016 suite 0.488 JSR -5.2 dB
  N_J=2 n=32 p=1         | BER 0.1454 cnn 0.801 en 0.043 suite 0.822 JSR -2.3 dB
  N_J=2 n=52 p=1         | BER 0.2078 cnn 0.916 en 0.100 suite 0.936 JSR -0.1 dB
  N_J=2 n= 1 p=1.77828   | BER 0.0080 cnn 0.070 en 0.010 suite 0.080 JSR -14.7 dB
  N_J=2 n= 2 p=1.77828   | BER 0.0156 cnn 0.117 en 0.016 suite 0.133 JSR -11.7 dB
  N_J=2 n= 4 p=1.77828   | BER 0.0310 cnn 0.289 en 0.002 suite 0.291 JSR -8.3 dB
  N_J=2 n= 8 p=1.77828   | BER 0.0589 cnn 0.430 en 0.008 suite 0.436 JSR -5.6 dB
  N_J=2 n=16 p=1.77828   | BER 0.1128 cnn 0.723 en 0.025 suite 0.738 JSR -2.4 dB
  N_J=2 n=32 p=1.77828   | BER 0.1968 cnn 0.930 en 0.096 suite 0.949 JSR +0.5 dB
  N_J=2 n=52 p=1.77828   | BER 0.2723 cnn 0.979 en 0.338 suite 0.992 JSR +2.8 dB
  N_J=2 n= 1 p=3.16228   | BER 0.0096 cnn 0.125 en 0.018 suite 0.141 JSR -12.2 dB
  N_J=2 n= 2 p=3.16228   | BER 0.0201 cnn 0.242 en 0.000 suite 0.242 JSR -8.9 dB
  N_J=2 n= 4 p=3.16228   | BER 0.0382 cnn 0.414 en 0.025 suite 0.438 JSR -6.1 dB
  N_J=2 n= 8 p=3.16228   | BER 0.0742 cnn 0.691 en 0.016 suite 0.703 JSR -3.1 dB
  N_J=2 n=16 p=3.16228   | BER 0.1377 cnn 0.881 en 0.094 suite 0.902 JSR -0.3 dB
  N_J=2 n=32 p=3.16228   | BER 0.2373 cnn 0.984 en 0.379 suite 0.988 JSR +2.8 dB
  N_J=2 n=52 p=3.16228   | BER 0.3199 cnn 0.998 en 0.727 suite 1.000 JSR +5.2 dB
  N_J=2 n= 1 p=5.62341   | BER 0.0123 cnn 0.217 en 0.020 suite 0.236 JSR -9.6 dB
  N_J=2 n= 2 p=5.62341   | BER 0.0238 cnn 0.457 en 0.010 suite 0.467 JSR -6.4 dB
  N_J=2 n= 4 p=5.62341   | BER 0.0454 cnn 0.629 en 0.021 suite 0.641 JSR -3.8 dB
  N_J=2 n= 8 p=5.62341   | BER 0.0876 cnn 0.877 en 0.057 suite 0.883 JSR -0.6 dB
  N_J=2 n=16 p=5.62341   | BER 0.1622 cnn 0.957 en 0.344 suite 0.979 JSR +2.3 dB
  N_J=2 n=32 p=5.62341   | BER 0.2811 cnn 0.998 en 0.775 suite 1.000 JSR +5.5 dB
  N_J=2 n=52 p=5.62341   | BER 0.3609 cnn 1.000 en 0.959 suite 1.000 JSR +7.7 dB
  N_J=2 n= 1 p=10        | BER 0.0136 cnn 0.381 en 0.016 suite 0.396 JSR -7.3 dB
  N_J=2 n= 2 p=10        | BER 0.0261 cnn 0.605 en 0.018 suite 0.617 JSR -4.2 dB
  N_J=2 n= 4 p=10        | BER 0.0523 cnn 0.805 en 0.049 suite 0.820 JSR -1.2 dB
  N_J=2 n= 8 p=10        | BER 0.1019 cnn 0.953 en 0.207 suite 0.965 JSR +2.1 dB
  N_J=2 n=16 p=10        | BER 0.1842 cnn 0.994 en 0.717 suite 0.996 JSR +4.8 dB
  N_J=2 n=32 p=10        | BER 0.3157 cnn 1.000 en 0.979 suite 1.000 JSR +8.1 dB
  N_J=2 n=52 p=10        | BER 0.3914 cnn 1.000 en 0.996 suite 1.000 JSR +10.0 dB
  [checkpoint] N_J=2 done, 182 rows (79s)
  N_J=4 n= 1 p=0.01      | BER 0.0003 cnn 0.023 en 0.014 suite 0.037 JSR -37.3 dB
  N_J=4 n= 2 p=0.01      | BER 0.0004 cnn 0.016 en 0.008 suite 0.023 JSR -34.3 dB
  N_J=4 n= 4 p=0.01      | BER 0.0006 cnn 0.018 en 0.006 suite 0.023 JSR -31.2 dB
  N_J=4 n= 8 p=0.01      | BER 0.0010 cnn 0.018 en 0.012 suite 0.029 JSR -28.0 dB
  N_J=4 n=16 p=0.01      | BER 0.0017 cnn 0.031 en 0.006 suite 0.037 JSR -25.2 dB
  N_J=4 n=32 p=0.01      | BER 0.0038 cnn 0.023 en 0.008 suite 0.031 JSR -22.0 dB
  N_J=4 n=52 p=0.01      | BER 0.0054 cnn 0.025 en 0.008 suite 0.031 JSR -19.9 dB
  N_J=4 n= 1 p=0.017783  | BER 0.0004 cnn 0.020 en 0.002 suite 0.021 JSR -34.5 dB
  N_J=4 n= 2 p=0.017783  | BER 0.0006 cnn 0.018 en 0.010 suite 0.027 JSR -31.5 dB
  N_J=4 n= 4 p=0.017783  | BER 0.0007 cnn 0.021 en 0.016 suite 0.037 JSR -28.7 dB
  N_J=4 n= 8 p=0.017783  | BER 0.0017 cnn 0.016 en 0.006 suite 0.021 JSR -25.5 dB
  N_J=4 n=16 p=0.017783  | BER 0.0031 cnn 0.016 en 0.008 suite 0.023 JSR -22.3 dB
  N_J=4 n=32 p=0.017783  | BER 0.0060 cnn 0.031 en 0.006 suite 0.037 JSR -19.5 dB
  N_J=4 n=52 p=0.017783  | BER 0.0076 cnn 0.016 en 0.014 suite 0.029 JSR -17.8 dB
  N_J=4 n= 1 p=0.031623  | BER 0.0005 cnn 0.021 en 0.018 suite 0.039 JSR -32.3 dB
  N_J=4 n= 2 p=0.031623  | BER 0.0009 cnn 0.016 en 0.002 suite 0.018 JSR -28.8 dB
  N_J=4 n= 4 p=0.031623  | BER 0.0016 cnn 0.018 en 0.004 suite 0.021 JSR -26.1 dB
  N_J=4 n= 8 p=0.031623  | BER 0.0023 cnn 0.018 en 0.004 suite 0.021 JSR -23.2 dB
  N_J=4 n=16 p=0.031623  | BER 0.0043 cnn 0.027 en 0.004 suite 0.031 JSR -20.0 dB
  N_J=4 n=32 p=0.031623  | BER 0.0093 cnn 0.027 en 0.012 suite 0.039 JSR -17.2 dB
  N_J=4 n=52 p=0.031623  | BER 0.0174 cnn 0.037 en 0.006 suite 0.043 JSR -14.7 dB
  N_J=4 n= 1 p=0.056234  | BER 0.0007 cnn 0.021 en 0.008 suite 0.029 JSR -29.4 dB
  N_J=4 n= 2 p=0.056234  | BER 0.0012 cnn 0.020 en 0.004 suite 0.023 JSR -26.6 dB
  N_J=4 n= 4 p=0.056234  | BER 0.0030 cnn 0.031 en 0.004 suite 0.035 JSR -23.7 dB
  N_J=4 n= 8 p=0.056234  | BER 0.0047 cnn 0.025 en 0.008 suite 0.033 JSR -20.6 dB
  N_J=4 n=16 p=0.056234  | BER 0.0089 cnn 0.033 en 0.008 suite 0.041 JSR -17.4 dB
  N_J=4 n=32 p=0.056234  | BER 0.0146 cnn 0.035 en 0.006 suite 0.041 JSR -14.8 dB
  N_J=4 n=52 p=0.056234  | BER 0.0268 cnn 0.066 en 0.006 suite 0.072 JSR -12.5 dB
  N_J=4 n= 1 p=0.1       | BER 0.0013 cnn 0.002 en 0.004 suite 0.006 JSR -27.1 dB
  N_J=4 n= 2 p=0.1       | BER 0.0019 cnn 0.023 en 0.008 suite 0.031 JSR -24.2 dB
  N_J=4 n= 4 p=0.1       | BER 0.0041 cnn 0.020 en 0.004 suite 0.023 JSR -21.3 dB
  N_J=4 n= 8 p=0.1       | BER 0.0066 cnn 0.027 en 0.006 suite 0.033 JSR -18.3 dB
  N_J=4 n=16 p=0.1       | BER 0.0144 cnn 0.047 en 0.008 suite 0.055 JSR -15.2 dB
  N_J=4 n=32 p=0.1       | BER 0.0261 cnn 0.086 en 0.012 suite 0.098 JSR -12.3 dB
  N_J=4 n=52 p=0.1       | BER 0.0433 cnn 0.154 en 0.006 suite 0.160 JSR -10.0 dB
  N_J=4 n= 1 p=0.177828  | BER 0.0017 cnn 0.014 en 0.010 suite 0.023 JSR -24.8 dB
  N_J=4 n= 2 p=0.177828  | BER 0.0033 cnn 0.023 en 0.016 suite 0.039 JSR -21.8 dB
  N_J=4 n= 4 p=0.177828  | BER 0.0069 cnn 0.016 en 0.006 suite 0.021 JSR -18.6 dB
  N_J=4 n= 8 p=0.177828  | BER 0.0111 cnn 0.018 en 0.014 suite 0.031 JSR -15.8 dB
  N_J=4 n=16 p=0.177828  | BER 0.0235 cnn 0.061 en 0.008 suite 0.068 JSR -12.7 dB
  N_J=4 n=32 p=0.177828  | BER 0.0449 cnn 0.186 en 0.002 suite 0.188 JSR -9.7 dB
  N_J=4 n=52 p=0.177828  | BER 0.0755 cnn 0.320 en 0.010 suite 0.330 JSR -7.3 dB
  N_J=4 n= 1 p=0.316228  | BER 0.0031 cnn 0.029 en 0.016 suite 0.045 JSR -22.1 dB
  N_J=4 n= 2 p=0.316228  | BER 0.0056 cnn 0.008 en 0.000 suite 0.008 JSR -19.1 dB
  N_J=4 n= 4 p=0.316228  | BER 0.0105 cnn 0.039 en 0.006 suite 0.045 JSR -16.1 dB
  N_J=4 n= 8 p=0.316228  | BER 0.0209 cnn 0.068 en 0.018 suite 0.084 JSR -13.2 dB
  N_J=4 n=16 p=0.316228  | BER 0.0416 cnn 0.148 en 0.006 suite 0.154 JSR -9.9 dB
  N_J=4 n=32 p=0.316228  | BER 0.0683 cnn 0.309 en 0.020 suite 0.328 JSR -7.4 dB
  N_J=4 n=52 p=0.316228  | BER 0.1093 cnn 0.594 en 0.025 suite 0.615 JSR -5.0 dB
  N_J=4 n= 1 p=0.562341  | BER 0.0046 cnn 0.023 en 0.014 suite 0.033 JSR -19.7 dB
  N_J=4 n= 2 p=0.562341  | BER 0.0092 cnn 0.039 en 0.004 suite 0.043 JSR -16.6 dB
  N_J=4 n= 4 p=0.562341  | BER 0.0175 cnn 0.049 en 0.008 suite 0.057 JSR -13.8 dB
  N_J=4 n= 8 p=0.562341  | BER 0.0355 cnn 0.127 en 0.010 suite 0.137 JSR -10.6 dB
  N_J=4 n=16 p=0.562341  | BER 0.0647 cnn 0.268 en 0.010 suite 0.277 JSR -7.6 dB
  N_J=4 n=32 p=0.562341  | BER 0.1132 cnn 0.602 en 0.020 suite 0.621 JSR -4.6 dB
  N_J=4 n=52 p=0.562341  | BER 0.1561 cnn 0.801 en 0.035 suite 0.818 JSR -2.6 dB
  N_J=4 n= 1 p=1         | BER 0.0069 cnn 0.035 en 0.016 suite 0.049 JSR -17.4 dB
  N_J=4 n= 2 p=1         | BER 0.0133 cnn 0.062 en 0.008 suite 0.070 JSR -14.2 dB
  N_J=4 n= 4 p=1         | BER 0.0284 cnn 0.109 en 0.012 suite 0.121 JSR -11.3 dB
  N_J=4 n= 8 p=1         | BER 0.0530 cnn 0.232 en 0.012 suite 0.242 JSR -7.9 dB
  N_J=4 n=16 p=1         | BER 0.0937 cnn 0.551 en 0.021 suite 0.570 JSR -5.1 dB
  N_J=4 n=32 p=1         | BER 0.1604 cnn 0.809 en 0.035 suite 0.830 JSR -2.1 dB
  N_J=4 n=52 p=1         | BER 0.2084 cnn 0.939 en 0.086 suite 0.953 JSR -0.1 dB
  N_J=4 n= 1 p=1.77828   | BER 0.0109 cnn 0.062 en 0.016 suite 0.078 JSR -14.5 dB
  N_J=4 n= 2 p=1.77828   | BER 0.0198 cnn 0.102 en 0.018 suite 0.119 JSR -11.8 dB
  N_J=4 n= 4 p=1.77828   | BER 0.0392 cnn 0.205 en 0.008 suite 0.213 JSR -8.6 dB
  N_J=4 n= 8 p=1.77828   | BER 0.0741 cnn 0.430 en 0.027 suite 0.455 JSR -5.7 dB
  N_J=4 n=16 p=1.77828   | BER 0.1326 cnn 0.756 en 0.021 suite 0.773 JSR -2.5 dB
  N_J=4 n=32 p=1.77828   | BER 0.2104 cnn 0.938 en 0.098 suite 0.943 JSR +0.3 dB
  N_J=4 n=52 p=1.77828   | BER 0.2694 cnn 0.994 en 0.281 suite 0.994 JSR +2.7 dB
  N_J=4 n= 1 p=3.16228   | BER 0.0144 cnn 0.094 en 0.006 suite 0.100 JSR -12.1 dB
  N_J=4 n= 2 p=3.16228   | BER 0.0268 cnn 0.211 en 0.012 suite 0.223 JSR -9.4 dB
  N_J=4 n= 4 p=3.16228   | BER 0.0528 cnn 0.406 en 0.008 suite 0.414 JSR -6.0 dB
  N_J=4 n= 8 p=3.16228   | BER 0.1033 cnn 0.684 en 0.023 suite 0.703 JSR -3.0 dB
  N_J=4 n=16 p=3.16228   | BER 0.1732 cnn 0.918 en 0.078 suite 0.938 JSR -0.1 dB
  N_J=4 n=32 p=3.16228   | BER 0.2614 cnn 0.984 en 0.396 suite 1.000 JSR +2.7 dB
  N_J=4 n=52 p=3.16228   | BER 0.3139 cnn 1.000 en 0.818 suite 1.000 JSR +4.9 dB
  N_J=4 n= 1 p=5.62341   | BER 0.0188 cnn 0.189 en 0.010 suite 0.199 JSR -9.6 dB
  N_J=4 n= 2 p=5.62341   | BER 0.0361 cnn 0.367 en 0.012 suite 0.379 JSR -6.7 dB
  N_J=4 n= 4 p=5.62341   | BER 0.0692 cnn 0.660 en 0.018 suite 0.676 JSR -3.6 dB
  N_J=4 n= 8 p=5.62341   | BER 0.1250 cnn 0.850 en 0.070 suite 0.881 JSR -0.8 dB
  N_J=4 n=16 p=5.62341   | BER 0.2176 cnn 0.982 en 0.271 suite 0.992 JSR +2.6 dB
  N_J=4 n=32 p=5.62341   | BER 0.3085 cnn 0.998 en 0.857 suite 1.000 JSR +5.5 dB
  N_J=4 n=52 p=5.62341   | BER 0.3570 cnn 1.000 en 0.990 suite 1.000 JSR +7.4 dB
  N_J=4 n= 1 p=10        | BER 0.0226 cnn 0.410 en 0.008 suite 0.418 JSR -7.1 dB
  N_J=4 n= 2 p=10        | BER 0.0439 cnn 0.641 en 0.018 suite 0.656 JSR -4.0 dB
  N_J=4 n= 4 p=10        | BER 0.0829 cnn 0.828 en 0.039 suite 0.846 JSR -1.0 dB
  N_J=4 n= 8 p=10        | BER 0.1489 cnn 0.949 en 0.234 suite 0.971 JSR +1.8 dB
  N_J=4 n=16 p=10        | BER 0.2486 cnn 0.994 en 0.760 suite 1.000 JSR +4.8 dB
  N_J=4 n=32 p=10        | BER 0.3522 cnn 1.000 en 0.992 suite 1.000 JSR +8.0 dB
  N_J=4 n=52 p=10        | BER 0.3883 cnn 1.000 en 1.000 suite 1.000 JSR +10.0 dB
  [checkpoint] N_J=4 done, 273 rows (117s)

ebno_32.5: confirmed frontier picks (fresh 4096 frames each)
  N_J=1 cnn   budget far   (=0.0183) -> n=52 p=0.017783 | BER 0.0087 P_det 0.0256 (+2.3 sigma)  FLAGGED
  N_J=1 cnn   budget 0.1   (=0.1000) -> n=52 p=0.056234 | BER 0.0261 P_det 0.0857 (-3.3 sigma)
  N_J=1 cnn   budget 0.5   (=0.5000) -> n=52 p=0.177828 | BER 0.0692 P_det 0.3286 (-23.4 sigma)
  N_J=1 suite budget far   (=0.0266) -> n=52 p=0.017783 | BER 0.0087 P_det 0.0332 (+1.8 sigma)
  N_J=1 suite budget 0.1   (=0.1000) -> n=52 p=0.056234 | BER 0.0261 P_det 0.0974 (-0.6 sigma)
  N_J=1 suite budget 0.5   (=0.5000) -> n=52 p=0.177828 | BER 0.0692 P_det 0.3374 (-22.0 sigma)
  N_J=2 cnn   budget far   (=0.0183) -> n=2 p=0.316228 | BER 0.0051 P_det 0.0217 (+1.1 sigma)
  N_J=2 cnn   budget 0.1   (=0.1000) -> n=32 p=0.1 | BER 0.0272 P_det 0.0811 (-4.4 sigma)
  N_J=2 cnn   budget 0.5   (=0.5000) -> n=16 p=1 | BER 0.0828 P_det 0.5105 (+1.3 sigma)
  N_J=2 suite budget far   (=0.0266) -> n=2 p=0.316228 | BER 0.0051 P_det 0.0300 (+0.9 sigma)
  N_J=2 suite budget 0.1   (=0.1000) -> n=32 p=0.1 | BER 0.0272 P_det 0.0894 (-2.4 sigma)
  N_J=2 suite budget 0.5   (=0.5000) -> n=16 p=1 | BER 0.0828 P_det 0.5225 (+2.9 sigma)  FLAGGED
  N_J=4 cnn   budget far   (=0.0183) -> n=8 p=0.177828 | BER 0.0126 P_det 0.0315 (+3.8 sigma)  FLAGGED
  N_J=4 cnn   budget 0.1   (=0.1000) -> n=52 p=0.056234 | BER 0.0258 P_det 0.0720 (-6.9 sigma)
  N_J=4 cnn   budget 0.5   (=0.5000) -> n=52 p=0.177828 | BER 0.0701 P_det 0.3164 (-25.3 sigma)
  N_J=4 suite budget far   (=0.0266) -> n=4 p=0.177828 | BER 0.0064 P_det 0.0344 (+2.1 sigma)  FLAGGED
  N_J=4 suite budget 0.1   (=0.1000) -> n=52 p=0.056234 | BER 0.0258 P_det 0.0815 (-4.3 sigma)
  N_J=4 suite budget 0.5   (=0.5000) -> n=52 p=0.177828 | BER 0.0701 P_det 0.3271 (-23.6 sigma)
wrote /home/rrahman/BT/Tabula Rasa/sim08_ablation/../artifacts/sim08_ablation/run001/sweep_ebno_32.5.json (154s)
