node: tikgpu07.ee.ethz.ch | gpu: NVIDIA GeForce RTX 3090
OFDM initialized on cuda: 624 data syms, 104 pilot syms, 52 effective SC
ebno_35: no=0.000231 e_thresh=2.4304 | clean BER 0.00012 FAR cnn 0.0134 energy 0.0125 suite 0.0259
  N_J=1 n= 1 p=0.01      | BER 0.0002 cnn 0.012 en 0.018 suite 0.029 JSR -37.0 dB
  N_J=1 n= 2 p=0.01      | BER 0.0003 cnn 0.027 en 0.012 suite 0.039 JSR -34.3 dB
  N_J=1 n= 4 p=0.01      | BER 0.0006 cnn 0.018 en 0.008 suite 0.025 JSR -31.0 dB
  N_J=1 n= 8 p=0.01      | BER 0.0008 cnn 0.025 en 0.008 suite 0.033 JSR -28.2 dB
  N_J=1 n=16 p=0.01      | BER 0.0022 cnn 0.006 en 0.008 suite 0.014 JSR -25.3 dB
  N_J=1 n=32 p=0.01      | BER 0.0032 cnn 0.016 en 0.012 suite 0.027 JSR -22.3 dB
  N_J=1 n=52 p=0.01      | BER 0.0046 cnn 0.006 en 0.010 suite 0.016 JSR -20.3 dB
  N_J=1 n= 1 p=0.017783  | BER 0.0002 cnn 0.016 en 0.010 suite 0.025 JSR -34.9 dB
  N_J=1 n= 2 p=0.017783  | BER 0.0005 cnn 0.012 en 0.010 suite 0.021 JSR -31.6 dB
  N_J=1 n= 4 p=0.017783  | BER 0.0008 cnn 0.023 en 0.016 suite 0.039 JSR -28.7 dB
  N_J=1 n= 8 p=0.017783  | BER 0.0016 cnn 0.016 en 0.012 suite 0.027 JSR -25.7 dB
  N_J=1 n=16 p=0.017783  | BER 0.0029 cnn 0.012 en 0.014 suite 0.025 JSR -22.7 dB
  N_J=1 n=32 p=0.017783  | BER 0.0057 cnn 0.020 en 0.012 suite 0.031 JSR -19.6 dB
  N_J=1 n=52 p=0.017783  | BER 0.0093 cnn 0.027 en 0.008 suite 0.035 JSR -17.5 dB
  N_J=1 n= 1 p=0.031623  | BER 0.0005 cnn 0.018 en 0.006 suite 0.023 JSR -32.1 dB
  N_J=1 n= 2 p=0.031623  | BER 0.0009 cnn 0.016 en 0.016 suite 0.031 JSR -29.3 dB
  N_J=1 n= 4 p=0.031623  | BER 0.0011 cnn 0.010 en 0.008 suite 0.018 JSR -26.2 dB
  N_J=1 n= 8 p=0.031623  | BER 0.0023 cnn 0.006 en 0.008 suite 0.014 JSR -23.2 dB
  N_J=1 n=16 p=0.031623  | BER 0.0049 cnn 0.025 en 0.008 suite 0.033 JSR -20.0 dB
  N_J=1 n=32 p=0.031623  | BER 0.0094 cnn 0.021 en 0.018 suite 0.039 JSR -17.3 dB
  N_J=1 n=52 p=0.031623  | BER 0.0140 cnn 0.045 en 0.012 suite 0.057 JSR -15.2 dB
  N_J=1 n= 1 p=0.056234  | BER 0.0007 cnn 0.021 en 0.010 suite 0.031 JSR -29.8 dB
  N_J=1 n= 2 p=0.056234  | BER 0.0011 cnn 0.020 en 0.004 suite 0.023 JSR -26.4 dB
  N_J=1 n= 4 p=0.056234  | BER 0.0020 cnn 0.008 en 0.010 suite 0.018 JSR -23.8 dB
  N_J=1 n= 8 p=0.056234  | BER 0.0046 cnn 0.021 en 0.020 suite 0.041 JSR -20.6 dB
  N_J=1 n=16 p=0.056234  | BER 0.0085 cnn 0.023 en 0.012 suite 0.035 JSR -17.6 dB
  N_J=1 n=32 p=0.056234  | BER 0.0164 cnn 0.047 en 0.008 suite 0.055 JSR -14.6 dB
  N_J=1 n=52 p=0.056234  | BER 0.0260 cnn 0.064 en 0.006 suite 0.070 JSR -12.6 dB
  N_J=1 n= 1 p=0.1       | BER 0.0008 cnn 0.014 en 0.014 suite 0.027 JSR -26.9 dB
  N_J=1 n= 2 p=0.1       | BER 0.0016 cnn 0.020 en 0.012 suite 0.031 JSR -24.3 dB
  N_J=1 n= 4 p=0.1       | BER 0.0035 cnn 0.018 en 0.012 suite 0.029 JSR -21.0 dB
  N_J=1 n= 8 p=0.1       | BER 0.0073 cnn 0.012 en 0.014 suite 0.025 JSR -18.0 dB
  N_J=1 n=16 p=0.1       | BER 0.0127 cnn 0.031 en 0.014 suite 0.045 JSR -15.3 dB
  N_J=1 n=32 p=0.1       | BER 0.0250 cnn 0.084 en 0.018 suite 0.102 JSR -12.4 dB
  N_J=1 n=52 p=0.1       | BER 0.0410 cnn 0.152 en 0.020 suite 0.172 JSR -10.3 dB
  N_J=1 n= 1 p=0.177828  | BER 0.0013 cnn 0.016 en 0.010 suite 0.025 JSR -24.7 dB
  N_J=1 n= 2 p=0.177828  | BER 0.0030 cnn 0.012 en 0.010 suite 0.021 JSR -21.9 dB
  N_J=1 n= 4 p=0.177828  | BER 0.0055 cnn 0.008 en 0.012 suite 0.020 JSR -18.8 dB
  N_J=1 n= 8 p=0.177828  | BER 0.0110 cnn 0.041 en 0.000 suite 0.041 JSR -15.5 dB
  N_J=1 n=16 p=0.177828  | BER 0.0226 cnn 0.084 en 0.016 suite 0.100 JSR -12.5 dB
  N_J=1 n=32 p=0.177828  | BER 0.0419 cnn 0.152 en 0.021 suite 0.174 JSR -9.7 dB
  N_J=1 n=52 p=0.177828  | BER 0.0717 cnn 0.336 en 0.018 suite 0.352 JSR -7.6 dB
  N_J=1 n= 1 p=0.316228  | BER 0.0022 cnn 0.004 en 0.004 suite 0.008 JSR -22.2 dB
  N_J=1 n= 2 p=0.316228  | BER 0.0044 cnn 0.023 en 0.021 suite 0.045 JSR -19.2 dB
  N_J=1 n= 4 p=0.316228  | BER 0.0083 cnn 0.049 en 0.008 suite 0.057 JSR -16.2 dB
  N_J=1 n= 8 p=0.316228  | BER 0.0175 cnn 0.064 en 0.010 suite 0.074 JSR -12.9 dB
  N_J=1 n=16 p=0.316228  | BER 0.0332 cnn 0.096 en 0.010 suite 0.105 JSR -10.2 dB
  N_J=1 n=32 p=0.316228  | BER 0.0699 cnn 0.332 en 0.018 suite 0.350 JSR -7.0 dB
  N_J=1 n=52 p=0.316228  | BER 0.1099 cnn 0.541 en 0.008 suite 0.547 JSR -4.8 dB
  N_J=1 n= 1 p=0.562341  | BER 0.0029 cnn 0.023 en 0.012 suite 0.035 JSR -19.8 dB
  N_J=1 n= 2 p=0.562341  | BER 0.0061 cnn 0.039 en 0.012 suite 0.051 JSR -16.5 dB
  N_J=1 n= 4 p=0.562341  | BER 0.0129 cnn 0.062 en 0.008 suite 0.070 JSR -13.1 dB
  N_J=1 n= 8 p=0.562341  | BER 0.0226 cnn 0.117 en 0.014 suite 0.131 JSR -11.0 dB
  N_J=1 n=16 p=0.562341  | BER 0.0485 cnn 0.250 en 0.018 suite 0.262 JSR -7.7 dB
  N_J=1 n=32 p=0.562341  | BER 0.0969 cnn 0.520 en 0.020 suite 0.529 JSR -4.5 dB
  N_J=1 n=52 p=0.562341  | BER 0.1508 cnn 0.705 en 0.059 suite 0.740 JSR -2.8 dB
  N_J=1 n= 1 p=1         | BER 0.0042 cnn 0.027 en 0.008 suite 0.035 JSR -17.3 dB
  N_J=1 n= 2 p=1         | BER 0.0081 cnn 0.053 en 0.012 suite 0.062 JSR -14.1 dB
  N_J=1 n= 4 p=1         | BER 0.0168 cnn 0.129 en 0.010 suite 0.139 JSR -11.0 dB
  N_J=1 n= 8 p=1         | BER 0.0325 cnn 0.240 en 0.014 suite 0.250 JSR -8.1 dB
  N_J=1 n=16 p=1         | BER 0.0651 cnn 0.430 en 0.031 suite 0.461 JSR -5.1 dB
  N_J=1 n=32 p=1         | BER 0.1300 cnn 0.721 en 0.041 suite 0.736 JSR -2.2 dB
  N_J=1 n=52 p=1         | BER 0.2108 cnn 0.877 en 0.129 suite 0.896 JSR -0.0 dB
  N_J=1 n= 1 p=1.77828   | BER 0.0055 cnn 0.055 en 0.012 suite 0.066 JSR -14.7 dB
  N_J=1 n= 2 p=1.77828   | BER 0.0107 cnn 0.127 en 0.016 suite 0.143 JSR -11.5 dB
  N_J=1 n= 4 p=1.77828   | BER 0.0208 cnn 0.225 en 0.021 suite 0.246 JSR -8.5 dB
  N_J=1 n= 8 p=1.77828   | BER 0.0411 cnn 0.439 en 0.025 suite 0.463 JSR -5.5 dB
  N_J=1 n=16 p=1.77828   | BER 0.0803 cnn 0.650 en 0.039 suite 0.676 JSR -2.8 dB
  N_J=1 n=32 p=1.77828   | BER 0.1611 cnn 0.869 en 0.188 suite 0.900 JSR +0.3 dB
  N_J=1 n=52 p=1.77828   | BER 0.2612 cnn 0.955 en 0.355 suite 0.959 JSR +2.2 dB
  N_J=1 n= 1 p=3.16228   | BER 0.0060 cnn 0.109 en 0.014 suite 0.123 JSR -12.1 dB
  N_J=1 n= 2 p=3.16228   | BER 0.0124 cnn 0.229 en 0.012 suite 0.238 JSR -9.1 dB
  N_J=1 n= 4 p=3.16228   | BER 0.0241 cnn 0.385 en 0.016 suite 0.396 JSR -6.4 dB
  N_J=1 n= 8 p=3.16228   | BER 0.0493 cnn 0.662 en 0.029 suite 0.684 JSR -3.0 dB
  N_J=1 n=16 p=3.16228   | BER 0.0990 cnn 0.838 en 0.145 suite 0.863 JSR +0.1 dB
  N_J=1 n=32 p=3.16228   | BER 0.1942 cnn 0.951 en 0.396 suite 0.975 JSR +3.0 dB
  N_J=1 n=52 p=3.16228   | BER 0.3144 cnn 0.982 en 0.658 suite 0.990 JSR +5.0 dB
  N_J=1 n= 1 p=5.62341   | BER 0.0069 cnn 0.193 en 0.014 suite 0.205 JSR -9.2 dB
  N_J=1 n= 2 p=5.62341   | BER 0.0137 cnn 0.373 en 0.021 suite 0.391 JSR -6.9 dB
  N_J=1 n= 4 p=5.62341   | BER 0.0281 cnn 0.617 en 0.033 suite 0.641 JSR -3.6 dB
  N_J=1 n= 8 p=5.62341   | BER 0.0552 cnn 0.809 en 0.113 suite 0.822 JSR -0.4 dB
  N_J=1 n=16 p=5.62341   | BER 0.1091 cnn 0.936 en 0.348 suite 0.949 JSR +2.4 dB
  N_J=1 n=32 p=5.62341   | BER 0.2196 cnn 0.971 en 0.686 suite 0.982 JSR +5.5 dB
  N_J=1 n=52 p=5.62341   | BER 0.3557 cnn 0.994 en 0.908 suite 1.000 JSR +7.4 dB
  N_J=1 n= 1 p=10        | BER 0.0076 cnn 0.338 en 0.010 suite 0.348 JSR -6.8 dB
  N_J=1 n= 2 p=10        | BER 0.0150 cnn 0.594 en 0.033 suite 0.609 JSR -4.0 dB
  N_J=1 n= 4 p=10        | BER 0.0306 cnn 0.785 en 0.084 suite 0.797 JSR -0.9 dB
  N_J=1 n= 8 p=10        | BER 0.0603 cnn 0.936 en 0.289 suite 0.941 JSR +2.2 dB
  N_J=1 n=16 p=10        | BER 0.1200 cnn 0.977 en 0.646 suite 0.986 JSR +4.8 dB
  N_J=1 n=32 p=10        | BER 0.2418 cnn 0.996 en 0.922 suite 0.996 JSR +7.9 dB
  N_J=1 n=52 p=10        | BER 0.3875 cnn 1.000 en 0.988 suite 1.000 JSR +9.9 dB
  [checkpoint] N_J=1 done, 91 rows (41s)
  N_J=2 n= 1 p=0.01      | BER 0.0001 cnn 0.010 en 0.014 suite 0.023 JSR -37.4 dB
  N_J=2 n= 2 p=0.01      | BER 0.0003 cnn 0.014 en 0.014 suite 0.027 JSR -34.4 dB
  N_J=2 n= 4 p=0.01      | BER 0.0003 cnn 0.006 en 0.018 suite 0.023 JSR -31.2 dB
  N_J=2 n= 8 p=0.01      | BER 0.0009 cnn 0.014 en 0.012 suite 0.025 JSR -28.1 dB
  N_J=2 n=16 p=0.01      | BER 0.0015 cnn 0.014 en 0.006 suite 0.020 JSR -24.9 dB
  N_J=2 n=32 p=0.01      | BER 0.0032 cnn 0.016 en 0.010 suite 0.025 JSR -22.1 dB
  N_J=2 n=52 p=0.01      | BER 0.0046 cnn 0.014 en 0.014 suite 0.027 JSR -20.1 dB
  N_J=2 n= 1 p=0.017783  | BER 0.0003 cnn 0.012 en 0.006 suite 0.018 JSR -34.5 dB
  N_J=2 n= 2 p=0.017783  | BER 0.0004 cnn 0.018 en 0.021 suite 0.039 JSR -31.9 dB
  N_J=2 n= 4 p=0.017783  | BER 0.0007 cnn 0.010 en 0.012 suite 0.021 JSR -28.7 dB
  N_J=2 n= 8 p=0.017783  | BER 0.0013 cnn 0.012 en 0.016 suite 0.027 JSR -25.9 dB
  N_J=2 n=16 p=0.017783  | BER 0.0031 cnn 0.018 en 0.010 suite 0.027 JSR -22.5 dB
  N_J=2 n=32 p=0.017783  | BER 0.0061 cnn 0.018 en 0.012 suite 0.029 JSR -19.5 dB
  N_J=2 n=52 p=0.017783  | BER 0.0087 cnn 0.018 en 0.010 suite 0.027 JSR -17.4 dB
  N_J=2 n= 1 p=0.031623  | BER 0.0004 cnn 0.018 en 0.004 suite 0.021 JSR -32.0 dB
  N_J=2 n= 2 p=0.031623  | BER 0.0007 cnn 0.010 en 0.014 suite 0.023 JSR -29.2 dB
  N_J=2 n= 4 p=0.031623  | BER 0.0012 cnn 0.018 en 0.006 suite 0.023 JSR -26.5 dB
  N_J=2 n= 8 p=0.031623  | BER 0.0023 cnn 0.014 en 0.016 suite 0.029 JSR -23.3 dB
  N_J=2 n=16 p=0.031623  | BER 0.0045 cnn 0.025 en 0.012 suite 0.037 JSR -20.0 dB
  N_J=2 n=32 p=0.031623  | BER 0.0093 cnn 0.023 en 0.012 suite 0.035 JSR -17.0 dB
  N_J=2 n=52 p=0.031623  | BER 0.0149 cnn 0.021 en 0.004 suite 0.025 JSR -15.2 dB
  N_J=2 n= 1 p=0.056234  | BER 0.0008 cnn 0.010 en 0.002 suite 0.012 JSR -29.6 dB
  N_J=2 n= 2 p=0.056234  | BER 0.0010 cnn 0.006 en 0.010 suite 0.016 JSR -26.7 dB
  N_J=2 n= 4 p=0.056234  | BER 0.0019 cnn 0.012 en 0.006 suite 0.018 JSR -23.6 dB
  N_J=2 n= 8 p=0.056234  | BER 0.0037 cnn 0.016 en 0.016 suite 0.031 JSR -20.7 dB
  N_J=2 n=16 p=0.056234  | BER 0.0087 cnn 0.014 en 0.008 suite 0.021 JSR -17.6 dB
  N_J=2 n=32 p=0.056234  | BER 0.0167 cnn 0.014 en 0.014 suite 0.027 JSR -14.7 dB
  N_J=2 n=52 p=0.056234  | BER 0.0261 cnn 0.076 en 0.008 suite 0.084 JSR -12.3 dB
  N_J=2 n= 1 p=0.1       | BER 0.0011 cnn 0.016 en 0.008 suite 0.023 JSR -26.9 dB
  N_J=2 n= 2 p=0.1       | BER 0.0019 cnn 0.010 en 0.014 suite 0.023 JSR -24.4 dB
  N_J=2 n= 4 p=0.1       | BER 0.0043 cnn 0.016 en 0.008 suite 0.023 JSR -20.8 dB
  N_J=2 n= 8 p=0.1       | BER 0.0074 cnn 0.025 en 0.014 suite 0.039 JSR -18.2 dB
  N_J=2 n=16 p=0.1       | BER 0.0141 cnn 0.023 en 0.018 suite 0.041 JSR -15.2 dB
  N_J=2 n=32 p=0.1       | BER 0.0266 cnn 0.074 en 0.008 suite 0.082 JSR -12.2 dB
  N_J=2 n=52 p=0.1       | BER 0.0422 cnn 0.123 en 0.012 suite 0.135 JSR -10.1 dB
  N_J=2 n= 1 p=0.177828  | BER 0.0016 cnn 0.012 en 0.004 suite 0.016 JSR -24.3 dB
  N_J=2 n= 2 p=0.177828  | BER 0.0033 cnn 0.018 en 0.010 suite 0.025 JSR -21.3 dB
  N_J=2 n= 4 p=0.177828  | BER 0.0059 cnn 0.025 en 0.012 suite 0.037 JSR -18.7 dB
  N_J=2 n= 8 p=0.177828  | BER 0.0116 cnn 0.029 en 0.012 suite 0.041 JSR -15.8 dB
  N_J=2 n=16 p=0.177828  | BER 0.0230 cnn 0.053 en 0.012 suite 0.064 JSR -12.7 dB
  N_J=2 n=32 p=0.177828  | BER 0.0465 cnn 0.172 en 0.010 suite 0.182 JSR -9.4 dB
  N_J=2 n=52 p=0.177828  | BER 0.0655 cnn 0.271 en 0.016 suite 0.285 JSR -7.9 dB
  N_J=2 n= 1 p=0.316228  | BER 0.0024 cnn 0.008 en 0.014 suite 0.021 JSR -22.2 dB
  N_J=2 n= 2 p=0.316228  | BER 0.0049 cnn 0.020 en 0.010 suite 0.029 JSR -19.2 dB
  N_J=2 n= 4 p=0.316228  | BER 0.0102 cnn 0.023 en 0.006 suite 0.029 JSR -16.0 dB
  N_J=2 n= 8 p=0.316228  | BER 0.0179 cnn 0.066 en 0.016 suite 0.080 JSR -13.3 dB
  N_J=2 n=16 p=0.316228  | BER 0.0364 cnn 0.137 en 0.023 suite 0.160 JSR -10.3 dB
  N_J=2 n=32 p=0.316228  | BER 0.0678 cnn 0.305 en 0.023 suite 0.328 JSR -7.3 dB
  N_J=2 n=52 p=0.316228  | BER 0.1101 cnn 0.551 en 0.023 suite 0.570 JSR -5.0 dB
  N_J=2 n= 1 p=0.562341  | BER 0.0040 cnn 0.016 en 0.006 suite 0.021 JSR -19.5 dB
  N_J=2 n= 2 p=0.562341  | BER 0.0082 cnn 0.025 en 0.012 suite 0.037 JSR -16.4 dB
  N_J=2 n= 4 p=0.562341  | BER 0.0149 cnn 0.053 en 0.012 suite 0.064 JSR -13.6 dB
  N_J=2 n= 8 p=0.562341  | BER 0.0288 cnn 0.127 en 0.018 suite 0.145 JSR -10.7 dB
  N_J=2 n=16 p=0.562341  | BER 0.0575 cnn 0.275 en 0.018 suite 0.293 JSR -7.5 dB
  N_J=2 n=32 p=0.562341  | BER 0.1108 cnn 0.588 en 0.023 suite 0.611 JSR -4.5 dB
  N_J=2 n=52 p=0.562341  | BER 0.1508 cnn 0.764 en 0.047 suite 0.785 JSR -2.7 dB
  N_J=2 n= 1 p=1         | BER 0.0055 cnn 0.023 en 0.014 suite 0.037 JSR -17.3 dB
  N_J=2 n= 2 p=1         | BER 0.0111 cnn 0.057 en 0.010 suite 0.066 JSR -14.1 dB
  N_J=2 n= 4 p=1         | BER 0.0216 cnn 0.105 en 0.008 suite 0.113 JSR -11.3 dB
  N_J=2 n= 8 p=1         | BER 0.0415 cnn 0.203 en 0.025 suite 0.229 JSR -8.4 dB
  N_J=2 n=16 p=1         | BER 0.0801 cnn 0.469 en 0.023 suite 0.486 JSR -5.3 dB
  N_J=2 n=32 p=1         | BER 0.1412 cnn 0.760 en 0.039 suite 0.789 JSR -2.6 dB
  N_J=2 n=52 p=1         | BER 0.2106 cnn 0.910 en 0.094 suite 0.932 JSR -0.0 dB
  N_J=2 n= 1 p=1.77828   | BER 0.0075 cnn 0.068 en 0.008 suite 0.074 JSR -14.8 dB
  N_J=2 n= 2 p=1.77828   | BER 0.0155 cnn 0.109 en 0.010 suite 0.119 JSR -11.6 dB
  N_J=2 n= 4 p=1.77828   | BER 0.0313 cnn 0.225 en 0.010 suite 0.234 JSR -8.3 dB
  N_J=2 n= 8 p=1.77828   | BER 0.0584 cnn 0.369 en 0.014 suite 0.383 JSR -5.5 dB
  N_J=2 n=16 p=1.77828   | BER 0.1125 cnn 0.717 en 0.041 suite 0.744 JSR -2.4 dB
  N_J=2 n=32 p=1.77828   | BER 0.1963 cnn 0.922 en 0.131 suite 0.938 JSR +0.4 dB
  N_J=2 n=52 p=1.77828   | BER 0.2599 cnn 0.982 en 0.373 suite 0.992 JSR +2.3 dB
  N_J=2 n= 1 p=3.16228   | BER 0.0099 cnn 0.094 en 0.020 suite 0.113 JSR -12.4 dB
  N_J=2 n= 2 p=3.16228   | BER 0.0192 cnn 0.227 en 0.012 suite 0.238 JSR -9.3 dB
  N_J=2 n= 4 p=3.16228   | BER 0.0376 cnn 0.385 en 0.025 suite 0.406 JSR -6.2 dB
  N_J=2 n= 8 p=3.16228   | BER 0.0739 cnn 0.639 en 0.035 suite 0.662 JSR -3.2 dB
  N_J=2 n=16 p=3.16228   | BER 0.1370 cnn 0.889 en 0.123 suite 0.922 JSR -0.4 dB
  N_J=2 n=32 p=3.16228   | BER 0.2400 cnn 0.982 en 0.424 suite 0.992 JSR +3.0 dB
  N_J=2 n=52 p=3.16228   | BER 0.3123 cnn 0.992 en 0.760 suite 0.998 JSR +4.9 dB
  N_J=2 n= 1 p=5.62341   | BER 0.0116 cnn 0.240 en 0.018 suite 0.258 JSR -9.5 dB
  N_J=2 n= 2 p=5.62341   | BER 0.0227 cnn 0.377 en 0.018 suite 0.395 JSR -6.8 dB
  N_J=2 n= 4 p=5.62341   | BER 0.0455 cnn 0.619 en 0.029 suite 0.637 JSR -3.7 dB
  N_J=2 n= 8 p=5.62341   | BER 0.0885 cnn 0.844 en 0.076 suite 0.865 JSR -0.5 dB
  N_J=2 n=16 p=5.62341   | BER 0.1608 cnn 0.953 en 0.361 suite 0.969 JSR +2.2 dB
  N_J=2 n=32 p=5.62341   | BER 0.2818 cnn 0.998 en 0.805 suite 1.000 JSR +5.5 dB
  N_J=2 n=52 p=5.62341   | BER 0.3611 cnn 1.000 en 0.977 suite 1.000 JSR +7.6 dB
  N_J=2 n= 1 p=10        | BER 0.0135 cnn 0.352 en 0.021 suite 0.373 JSR -7.1 dB
  N_J=2 n= 2 p=10        | BER 0.0263 cnn 0.582 en 0.020 suite 0.594 JSR -4.2 dB
  N_J=2 n= 4 p=10        | BER 0.0520 cnn 0.791 en 0.053 suite 0.812 JSR -1.0 dB
  N_J=2 n= 8 p=10        | BER 0.0992 cnn 0.943 en 0.287 suite 0.963 JSR +1.7 dB
  N_J=2 n=16 p=10        | BER 0.1859 cnn 0.992 en 0.719 suite 0.998 JSR +4.9 dB
  N_J=2 n=32 p=10        | BER 0.3125 cnn 0.998 en 0.980 suite 1.000 JSR +7.8 dB
  N_J=2 n=52 p=10        | BER 0.3921 cnn 1.000 en 1.000 suite 1.000 JSR +10.0 dB
  [checkpoint] N_J=2 done, 182 rows (78s)
  N_J=4 n= 1 p=0.01      | BER 0.0002 cnn 0.020 en 0.023 suite 0.043 JSR -37.4 dB
  N_J=4 n= 2 p=0.01      | BER 0.0003 cnn 0.010 en 0.008 suite 0.018 JSR -34.2 dB
  N_J=4 n= 4 p=0.01      | BER 0.0007 cnn 0.004 en 0.014 suite 0.018 JSR -31.1 dB
  N_J=4 n= 8 p=0.01      | BER 0.0008 cnn 0.018 en 0.020 suite 0.037 JSR -28.2 dB
  N_J=4 n=16 p=0.01      | BER 0.0015 cnn 0.006 en 0.018 suite 0.023 JSR -25.4 dB
  N_J=4 n=32 p=0.01      | BER 0.0036 cnn 0.016 en 0.014 suite 0.029 JSR -22.0 dB
  N_J=4 n=52 p=0.01      | BER 0.0050 cnn 0.016 en 0.010 suite 0.025 JSR -20.1 dB
  N_J=4 n= 1 p=0.017783  | BER 0.0003 cnn 0.014 en 0.014 suite 0.027 JSR -34.6 dB
  N_J=4 n= 2 p=0.017783  | BER 0.0004 cnn 0.008 en 0.018 suite 0.025 JSR -31.6 dB
  N_J=4 n= 4 p=0.017783  | BER 0.0009 cnn 0.020 en 0.016 suite 0.035 JSR -28.7 dB
  N_J=4 n= 8 p=0.017783  | BER 0.0013 cnn 0.012 en 0.027 suite 0.037 JSR -25.9 dB
  N_J=4 n=16 p=0.017783  | BER 0.0029 cnn 0.012 en 0.012 suite 0.023 JSR -22.6 dB
  N_J=4 n=32 p=0.017783  | BER 0.0060 cnn 0.014 en 0.012 suite 0.025 JSR -19.7 dB
  N_J=4 n=52 p=0.017783  | BER 0.0096 cnn 0.025 en 0.008 suite 0.031 JSR -17.4 dB
  N_J=4 n= 1 p=0.031623  | BER 0.0005 cnn 0.014 en 0.002 suite 0.016 JSR -32.2 dB
  N_J=4 n= 2 p=0.031623  | BER 0.0009 cnn 0.025 en 0.012 suite 0.037 JSR -29.2 dB
  N_J=4 n= 4 p=0.031623  | BER 0.0013 cnn 0.020 en 0.002 suite 0.021 JSR -26.0 dB
  N_J=4 n= 8 p=0.031623  | BER 0.0024 cnn 0.014 en 0.010 suite 0.023 JSR -23.1 dB
  N_J=4 n=16 p=0.031623  | BER 0.0049 cnn 0.012 en 0.006 suite 0.018 JSR -20.0 dB
  N_J=4 n=32 p=0.031623  | BER 0.0106 cnn 0.014 en 0.014 suite 0.027 JSR -17.2 dB
  N_J=4 n=52 p=0.031623  | BER 0.0162 cnn 0.029 en 0.008 suite 0.037 JSR -14.7 dB
  N_J=4 n= 1 p=0.056234  | BER 0.0007 cnn 0.020 en 0.020 suite 0.037 JSR -29.7 dB
  N_J=4 n= 2 p=0.056234  | BER 0.0011 cnn 0.018 en 0.008 suite 0.025 JSR -26.6 dB
  N_J=4 n= 4 p=0.056234  | BER 0.0020 cnn 0.020 en 0.008 suite 0.027 JSR -23.7 dB
  N_J=4 n= 8 p=0.056234  | BER 0.0040 cnn 0.018 en 0.010 suite 0.027 JSR -20.6 dB
  N_J=4 n=16 p=0.056234  | BER 0.0095 cnn 0.020 en 0.016 suite 0.035 JSR -17.6 dB
  N_J=4 n=32 p=0.056234  | BER 0.0151 cnn 0.037 en 0.014 suite 0.051 JSR -14.7 dB
  N_J=4 n=52 p=0.056234  | BER 0.0273 cnn 0.064 en 0.012 suite 0.076 JSR -12.4 dB
  N_J=4 n= 1 p=0.1       | BER 0.0009 cnn 0.010 en 0.008 suite 0.018 JSR -27.2 dB
  N_J=4 n= 2 p=0.1       | BER 0.0018 cnn 0.014 en 0.018 suite 0.031 JSR -24.2 dB
  N_J=4 n= 4 p=0.1       | BER 0.0038 cnn 0.020 en 0.020 suite 0.037 JSR -21.4 dB
  N_J=4 n= 8 p=0.1       | BER 0.0072 cnn 0.014 en 0.018 suite 0.031 JSR -18.3 dB
  N_J=4 n=16 p=0.1       | BER 0.0137 cnn 0.035 en 0.012 suite 0.047 JSR -15.0 dB
  N_J=4 n=32 p=0.1       | BER 0.0283 cnn 0.064 en 0.008 suite 0.072 JSR -12.1 dB
  N_J=4 n=52 p=0.1       | BER 0.0438 cnn 0.150 en 0.023 suite 0.174 JSR -10.1 dB
  N_J=4 n= 1 p=0.177828  | BER 0.0016 cnn 0.018 en 0.012 suite 0.027 JSR -24.8 dB
  N_J=4 n= 2 p=0.177828  | BER 0.0032 cnn 0.012 en 0.010 suite 0.021 JSR -22.0 dB
  N_J=4 n= 4 p=0.177828  | BER 0.0059 cnn 0.029 en 0.014 suite 0.043 JSR -18.6 dB
  N_J=4 n= 8 p=0.177828  | BER 0.0128 cnn 0.031 en 0.010 suite 0.041 JSR -15.5 dB
  N_J=4 n=16 p=0.177828  | BER 0.0241 cnn 0.053 en 0.012 suite 0.064 JSR -12.5 dB
  N_J=4 n=32 p=0.177828  | BER 0.0422 cnn 0.129 en 0.016 suite 0.145 JSR -9.9 dB
  N_J=4 n=52 p=0.177828  | BER 0.0653 cnn 0.270 en 0.014 suite 0.283 JSR -7.7 dB
  N_J=4 n= 1 p=0.316228  | BER 0.0028 cnn 0.016 en 0.010 suite 0.025 JSR -22.0 dB
  N_J=4 n= 2 p=0.316228  | BER 0.0059 cnn 0.025 en 0.008 suite 0.033 JSR -19.0 dB
  N_J=4 n= 4 p=0.316228  | BER 0.0101 cnn 0.020 en 0.014 suite 0.033 JSR -16.2 dB
  N_J=4 n= 8 p=0.316228  | BER 0.0197 cnn 0.057 en 0.012 suite 0.068 JSR -13.1 dB
  N_J=4 n=16 p=0.316228  | BER 0.0397 cnn 0.133 en 0.012 suite 0.143 JSR -10.1 dB
  N_J=4 n=32 p=0.316228  | BER 0.0707 cnn 0.328 en 0.021 suite 0.350 JSR -7.2 dB
  N_J=4 n=52 p=0.316228  | BER 0.1096 cnn 0.566 en 0.012 suite 0.576 JSR -4.8 dB
  N_J=4 n= 1 p=0.562341  | BER 0.0050 cnn 0.023 en 0.004 suite 0.027 JSR -19.7 dB
  N_J=4 n= 2 p=0.562341  | BER 0.0096 cnn 0.020 en 0.006 suite 0.025 JSR -16.7 dB
  N_J=4 n= 4 p=0.562341  | BER 0.0169 cnn 0.053 en 0.002 suite 0.055 JSR -13.7 dB
  N_J=4 n= 8 p=0.562341  | BER 0.0355 cnn 0.129 en 0.010 suite 0.139 JSR -10.5 dB
  N_J=4 n=16 p=0.562341  | BER 0.0596 cnn 0.252 en 0.014 suite 0.264 JSR -7.8 dB
  N_J=4 n=32 p=0.562341  | BER 0.1099 cnn 0.582 en 0.020 suite 0.600 JSR -4.6 dB
  N_J=4 n=52 p=0.562341  | BER 0.1557 cnn 0.771 en 0.031 suite 0.779 JSR -2.5 dB
  N_J=4 n= 1 p=1         | BER 0.0073 cnn 0.020 en 0.010 suite 0.029 JSR -17.1 dB
  N_J=4 n= 2 p=1         | BER 0.0137 cnn 0.049 en 0.018 suite 0.066 JSR -14.2 dB
  N_J=4 n= 4 p=1         | BER 0.0258 cnn 0.092 en 0.016 suite 0.107 JSR -11.3 dB
  N_J=4 n= 8 p=1         | BER 0.0494 cnn 0.189 en 0.029 suite 0.219 JSR -8.4 dB
  N_J=4 n=16 p=1         | BER 0.0937 cnn 0.512 en 0.021 suite 0.529 JSR -5.3 dB
  N_J=4 n=32 p=1         | BER 0.1637 cnn 0.822 en 0.035 suite 0.846 JSR -1.8 dB
  N_J=4 n=52 p=1         | BER 0.2070 cnn 0.914 en 0.096 suite 0.936 JSR -0.2 dB
  N_J=4 n= 1 p=1.77828   | BER 0.0106 cnn 0.037 en 0.004 suite 0.041 JSR -14.5 dB
  N_J=4 n= 2 p=1.77828   | BER 0.0212 cnn 0.080 en 0.014 suite 0.094 JSR -11.7 dB
  N_J=4 n= 4 p=1.77828   | BER 0.0400 cnn 0.246 en 0.016 suite 0.262 JSR -8.5 dB
  N_J=4 n= 8 p=1.77828   | BER 0.0775 cnn 0.447 en 0.020 suite 0.463 JSR -5.5 dB
  N_J=4 n=16 p=1.77828   | BER 0.1340 cnn 0.750 en 0.039 suite 0.771 JSR -2.6 dB
  N_J=4 n=32 p=1.77828   | BER 0.2102 cnn 0.932 en 0.102 suite 0.963 JSR +0.4 dB
  N_J=4 n=52 p=1.77828   | BER 0.2603 cnn 0.986 en 0.385 suite 0.994 JSR +2.3 dB
  N_J=4 n= 1 p=3.16228   | BER 0.0145 cnn 0.066 en 0.010 suite 0.076 JSR -12.0 dB
  N_J=4 n= 2 p=3.16228   | BER 0.0280 cnn 0.191 en 0.010 suite 0.201 JSR -9.2 dB
  N_J=4 n= 4 p=3.16228   | BER 0.0543 cnn 0.352 en 0.012 suite 0.363 JSR -6.0 dB
  N_J=4 n= 8 p=3.16228   | BER 0.1020 cnn 0.662 en 0.033 suite 0.691 JSR -3.0 dB
  N_J=4 n=16 p=3.16228   | BER 0.1685 cnn 0.877 en 0.100 suite 0.924 JSR -0.4 dB
  N_J=4 n=32 p=3.16228   | BER 0.2625 cnn 0.992 en 0.383 suite 0.996 JSR +3.0 dB
  N_J=4 n=52 p=3.16228   | BER 0.3180 cnn 1.000 en 0.797 suite 1.000 JSR +5.1 dB
  N_J=4 n= 1 p=5.62341   | BER 0.0187 cnn 0.186 en 0.016 suite 0.201 JSR -9.4 dB
  N_J=4 n= 2 p=5.62341   | BER 0.0357 cnn 0.346 en 0.018 suite 0.361 JSR -6.7 dB
  N_J=4 n= 4 p=5.62341   | BER 0.0674 cnn 0.607 en 0.029 suite 0.631 JSR -3.8 dB
  N_J=4 n= 8 p=5.62341   | BER 0.1284 cnn 0.887 en 0.066 suite 0.910 JSR -0.4 dB
  N_J=4 n=16 p=5.62341   | BER 0.2153 cnn 0.975 en 0.305 suite 0.986 JSR +2.4 dB
  N_J=4 n=32 p=5.62341   | BER 0.3081 cnn 0.996 en 0.869 suite 1.000 JSR +5.4 dB
  N_J=4 n=52 p=5.62341   | BER 0.3552 cnn 1.000 en 0.992 suite 1.000 JSR +7.4 dB
  N_J=4 n= 1 p=10        | BER 0.0216 cnn 0.357 en 0.023 suite 0.381 JSR -7.3 dB
  N_J=4 n= 2 p=10        | BER 0.0434 cnn 0.619 en 0.035 suite 0.648 JSR -4.1 dB
  N_J=4 n= 4 p=10        | BER 0.0824 cnn 0.799 en 0.055 suite 0.830 JSR -1.2 dB
  N_J=4 n= 8 p=10        | BER 0.1515 cnn 0.961 en 0.270 suite 0.971 JSR +2.0 dB
  N_J=4 n=16 p=10        | BER 0.2533 cnn 0.994 en 0.803 suite 1.000 JSR +5.1 dB
  N_J=4 n=32 p=10        | BER 0.3459 cnn 1.000 en 0.998 suite 1.000 JSR +7.7 dB
  N_J=4 n=52 p=10        | BER 0.3928 cnn 1.000 en 1.000 suite 1.000 JSR +10.1 dB
  [checkpoint] N_J=4 done, 273 rows (116s)

ebno_35: confirmed frontier picks (fresh 4096 frames each)
  N_J=1 cnn   budget far   (=0.0149) -> n=8 p=0.1 | BER 0.0070 P_det 0.0247 (+3.2 sigma)  FLAGGED
  N_J=1 cnn   budget 0.1   (=0.1000) -> n=16 p=0.316228 | BER 0.0338 P_det 0.1426 (+7.8 sigma)  FLAGGED
  N_J=1 cnn   budget 0.5   (=0.5000) -> n=52 p=0.177828 | BER 0.0720 P_det 0.3242 (-24.0 sigma)
  N_J=1 suite budget far   (=0.0256) -> n=8 p=0.1 | BER 0.0070 P_det 0.0354 (+2.6 sigma)  FLAGGED
  N_J=1 suite budget 0.1   (=0.1000) -> n=52 p=0.056234 | BER 0.0254 P_det 0.0854 (-3.3 sigma)
  N_J=1 suite budget 0.5   (=0.5000) -> n=52 p=0.177828 | BER 0.0720 P_det 0.3372 (-22.0 sigma)
  N_J=2 cnn   budget far   (=0.0149) -> n=1 p=0.316228 | BER 0.0025 P_det 0.0134 (-0.6 sigma)
  N_J=2 cnn   budget 0.1   (=0.1000) -> n=32 p=0.1 | BER 0.0279 P_det 0.0718 (-7.0 sigma)
  N_J=2 cnn   budget 0.5   (=0.5000) -> n=16 p=1 | BER 0.0819 P_det 0.4783 (-2.8 sigma)
  N_J=2 suite budget far   (=0.0256) -> n=52 p=0.031623 | BER 0.0155 P_det 0.0452 (+4.8 sigma)  FLAGGED
  N_J=2 suite budget 0.1   (=0.1000) -> n=32 p=0.1 | BER 0.0279 P_det 0.0840 (-3.7 sigma)
  N_J=2 suite budget 0.5   (=0.5000) -> n=16 p=1 | BER 0.0819 P_det 0.4968 (-0.4 sigma)
  N_J=4 cnn   budget far   (=0.0149) -> n=16 p=0.031623 | BER 0.0050 P_det 0.0154 (+0.2 sigma)
  N_J=4 cnn   budget 0.1   (=0.1000) -> n=32 p=0.1 | BER 0.0271 P_det 0.0657 (-8.9 sigma)
  N_J=4 cnn   budget 0.5   (=0.5000) -> n=8 p=1.77828 | BER 0.0743 P_det 0.4387 (-7.9 sigma)
  N_J=4 suite budget far   (=0.0256) -> n=2 p=0.562341 | BER 0.0090 P_det 0.0376 (+3.1 sigma)  FLAGGED
  N_J=4 suite budget 0.1   (=0.1000) -> n=32 p=0.1 | BER 0.0271 P_det 0.0764 (-5.7 sigma)
  N_J=4 suite budget 0.5   (=0.5000) -> n=8 p=1.77828 | BER 0.0743 P_det 0.4565 (-5.6 sigma)
wrote /home/rrahman/BT/Tabula Rasa/sim08_ablation/../artifacts/sim08_ablation/run001/sweep_ebno_35.json (159s)
