node: tikgpu07.ee.ethz.ch | gpu: NVIDIA GeForce RTX 3090
OFDM initialized on cuda: 624 data syms, 104 pilot syms, 52 effective SC
ebno_25: no=0.00231 e_thresh=2.3726 | clean BER 0.00115 FAR cnn 0.0251 energy 0.0083 suite 0.0330
  N_J=1 n= 1 p=0.01      | BER 0.0012 cnn 0.023 en 0.023 suite 0.047 JSR -37.3 dB
  N_J=1 n= 2 p=0.01      | BER 0.0015 cnn 0.020 en 0.010 suite 0.029 JSR -34.1 dB
  N_J=1 n= 4 p=0.01      | BER 0.0015 cnn 0.018 en 0.014 suite 0.031 JSR -31.4 dB
  N_J=1 n= 8 p=0.01      | BER 0.0018 cnn 0.010 en 0.018 suite 0.025 JSR -28.3 dB
  N_J=1 n=16 p=0.01      | BER 0.0027 cnn 0.016 en 0.023 suite 0.039 JSR -24.9 dB
  N_J=1 n=32 p=0.01      | BER 0.0038 cnn 0.023 en 0.016 suite 0.039 JSR -22.3 dB
  N_J=1 n=52 p=0.01      | BER 0.0057 cnn 0.018 en 0.006 suite 0.023 JSR -20.2 dB
  N_J=1 n= 1 p=0.017783  | BER 0.0013 cnn 0.016 en 0.012 suite 0.027 JSR -34.3 dB
  N_J=1 n= 2 p=0.017783  | BER 0.0014 cnn 0.012 en 0.004 suite 0.016 JSR -31.8 dB
  N_J=1 n= 4 p=0.017783  | BER 0.0020 cnn 0.027 en 0.010 suite 0.037 JSR -28.6 dB
  N_J=1 n= 8 p=0.017783  | BER 0.0025 cnn 0.016 en 0.010 suite 0.025 JSR -25.5 dB
  N_J=1 n=16 p=0.017783  | BER 0.0033 cnn 0.021 en 0.014 suite 0.035 JSR -22.5 dB
  N_J=1 n=32 p=0.017783  | BER 0.0073 cnn 0.043 en 0.014 suite 0.057 JSR -19.4 dB
  N_J=1 n=52 p=0.017783  | BER 0.0092 cnn 0.021 en 0.016 suite 0.037 JSR -17.6 dB
  N_J=1 n= 1 p=0.031623  | BER 0.0014 cnn 0.012 en 0.012 suite 0.023 JSR -32.1 dB
  N_J=1 n= 2 p=0.031623  | BER 0.0016 cnn 0.014 en 0.004 suite 0.018 JSR -29.2 dB
  N_J=1 n= 4 p=0.031623  | BER 0.0023 cnn 0.021 en 0.014 suite 0.035 JSR -25.9 dB
  N_J=1 n= 8 p=0.031623  | BER 0.0041 cnn 0.033 en 0.012 suite 0.045 JSR -23.0 dB
  N_J=1 n=16 p=0.031623  | BER 0.0057 cnn 0.025 en 0.008 suite 0.033 JSR -20.1 dB
  N_J=1 n=32 p=0.031623  | BER 0.0104 cnn 0.027 en 0.014 suite 0.041 JSR -17.0 dB
  N_J=1 n=52 p=0.031623  | BER 0.0162 cnn 0.041 en 0.006 suite 0.047 JSR -15.0 dB
  N_J=1 n= 1 p=0.056234  | BER 0.0018 cnn 0.012 en 0.006 suite 0.018 JSR -29.9 dB
  N_J=1 n= 2 p=0.056234  | BER 0.0018 cnn 0.021 en 0.020 suite 0.041 JSR -26.7 dB
  N_J=1 n= 4 p=0.056234  | BER 0.0032 cnn 0.023 en 0.016 suite 0.039 JSR -23.8 dB
  N_J=1 n= 8 p=0.056234  | BER 0.0049 cnn 0.025 en 0.012 suite 0.037 JSR -20.8 dB
  N_J=1 n=16 p=0.056234  | BER 0.0089 cnn 0.025 en 0.018 suite 0.043 JSR -17.4 dB
  N_J=1 n=32 p=0.056234  | BER 0.0175 cnn 0.053 en 0.016 suite 0.068 JSR -14.7 dB
  N_J=1 n=52 p=0.056234  | BER 0.0263 cnn 0.107 en 0.004 suite 0.111 JSR -12.6 dB
  N_J=1 n= 1 p=0.1       | BER 0.0022 cnn 0.027 en 0.021 suite 0.049 JSR -27.4 dB
  N_J=1 n= 2 p=0.1       | BER 0.0030 cnn 0.037 en 0.010 suite 0.047 JSR -24.0 dB
  N_J=1 n= 4 p=0.1       | BER 0.0048 cnn 0.023 en 0.016 suite 0.039 JSR -21.0 dB
  N_J=1 n= 8 p=0.1       | BER 0.0069 cnn 0.037 en 0.020 suite 0.057 JSR -18.3 dB
  N_J=1 n=16 p=0.1       | BER 0.0143 cnn 0.064 en 0.008 suite 0.072 JSR -15.0 dB
  N_J=1 n=32 p=0.1       | BER 0.0288 cnn 0.086 en 0.006 suite 0.090 JSR -12.0 dB
  N_J=1 n=52 p=0.1       | BER 0.0456 cnn 0.191 en 0.008 suite 0.199 JSR -9.8 dB
  N_J=1 n= 1 p=0.177828  | BER 0.0024 cnn 0.021 en 0.016 suite 0.037 JSR -24.6 dB
  N_J=1 n= 2 p=0.177828  | BER 0.0040 cnn 0.033 en 0.020 suite 0.053 JSR -21.8 dB
  N_J=1 n= 4 p=0.177828  | BER 0.0072 cnn 0.037 en 0.008 suite 0.045 JSR -18.6 dB
  N_J=1 n= 8 p=0.177828  | BER 0.0121 cnn 0.051 en 0.012 suite 0.062 JSR -15.7 dB
  N_J=1 n=16 p=0.177828  | BER 0.0239 cnn 0.098 en 0.006 suite 0.104 JSR -12.4 dB
  N_J=1 n=32 p=0.177828  | BER 0.0446 cnn 0.176 en 0.018 suite 0.191 JSR -9.5 dB
  N_J=1 n=52 p=0.177828  | BER 0.0729 cnn 0.340 en 0.014 suite 0.354 JSR -7.4 dB
  N_J=1 n= 1 p=0.316228  | BER 0.0032 cnn 0.023 en 0.006 suite 0.029 JSR -21.9 dB
  N_J=1 n= 2 p=0.316228  | BER 0.0053 cnn 0.018 en 0.014 suite 0.031 JSR -19.5 dB
  N_J=1 n= 4 p=0.316228  | BER 0.0091 cnn 0.033 en 0.012 suite 0.045 JSR -16.4 dB
  N_J=1 n= 8 p=0.316228  | BER 0.0182 cnn 0.072 en 0.014 suite 0.086 JSR -13.0 dB
  N_J=1 n=16 p=0.316228  | BER 0.0324 cnn 0.117 en 0.014 suite 0.131 JSR -10.5 dB
  N_J=1 n=32 p=0.316228  | BER 0.0661 cnn 0.352 en 0.016 suite 0.365 JSR -7.2 dB
  N_J=1 n=52 p=0.316228  | BER 0.1110 cnn 0.566 en 0.027 suite 0.588 JSR -5.0 dB
  N_J=1 n= 1 p=0.562341  | BER 0.0040 cnn 0.031 en 0.021 suite 0.053 JSR -19.7 dB
  N_J=1 n= 2 p=0.562341  | BER 0.0070 cnn 0.041 en 0.010 suite 0.051 JSR -16.7 dB
  N_J=1 n= 4 p=0.562341  | BER 0.0123 cnn 0.064 en 0.008 suite 0.072 JSR -14.0 dB
  N_J=1 n= 8 p=0.562341  | BER 0.0257 cnn 0.160 en 0.008 suite 0.168 JSR -10.5 dB
  N_J=1 n=16 p=0.562341  | BER 0.0484 cnn 0.279 en 0.020 suite 0.299 JSR -7.7 dB
  N_J=1 n=32 p=0.562341  | BER 0.0945 cnn 0.521 en 0.035 suite 0.555 JSR -4.9 dB
  N_J=1 n=52 p=0.562341  | BER 0.1613 cnn 0.756 en 0.047 suite 0.773 JSR -2.2 dB
  N_J=1 n= 1 p=1         | BER 0.0054 cnn 0.045 en 0.014 suite 0.059 JSR -17.1 dB
  N_J=1 n= 2 p=1         | BER 0.0096 cnn 0.068 en 0.020 suite 0.088 JSR -14.2 dB
  N_J=1 n= 4 p=1         | BER 0.0173 cnn 0.148 en 0.016 suite 0.164 JSR -10.8 dB
  N_J=1 n= 8 p=1         | BER 0.0336 cnn 0.256 en 0.010 suite 0.266 JSR -8.1 dB
  N_J=1 n=16 p=1         | BER 0.0639 cnn 0.496 en 0.031 suite 0.523 JSR -5.2 dB
  N_J=1 n=32 p=1         | BER 0.1331 cnn 0.775 en 0.049 suite 0.793 JSR -1.9 dB
  N_J=1 n=52 p=1         | BER 0.2025 cnn 0.857 en 0.162 suite 0.879 JSR -0.3 dB
  N_J=1 n= 1 p=1.77828   | BER 0.0063 cnn 0.094 en 0.020 suite 0.113 JSR -14.5 dB
  N_J=1 n= 2 p=1.77828   | BER 0.0111 cnn 0.117 en 0.010 suite 0.127 JSR -11.8 dB
  N_J=1 n= 4 p=1.77828   | BER 0.0217 cnn 0.250 en 0.006 suite 0.256 JSR -8.6 dB
  N_J=1 n= 8 p=1.77828   | BER 0.0421 cnn 0.451 en 0.021 suite 0.471 JSR -5.5 dB
  N_J=1 n=16 p=1.77828   | BER 0.0809 cnn 0.668 en 0.051 suite 0.688 JSR -3.0 dB
  N_J=1 n=32 p=1.77828   | BER 0.1629 cnn 0.898 en 0.160 suite 0.922 JSR +0.2 dB
  N_J=1 n=52 p=1.77828   | BER 0.2628 cnn 0.955 en 0.354 suite 0.969 JSR +2.3 dB
  N_J=1 n= 1 p=3.16228   | BER 0.0069 cnn 0.117 en 0.016 suite 0.131 JSR -12.5 dB
  N_J=1 n= 2 p=3.16228   | BER 0.0133 cnn 0.256 en 0.016 suite 0.271 JSR -8.9 dB
  N_J=1 n= 4 p=3.16228   | BER 0.0255 cnn 0.422 en 0.021 suite 0.441 JSR -6.2 dB
  N_J=1 n= 8 p=3.16228   | BER 0.0486 cnn 0.625 en 0.047 suite 0.654 JSR -3.7 dB
  N_J=1 n=16 p=3.16228   | BER 0.0988 cnn 0.854 en 0.137 suite 0.873 JSR -0.0 dB
  N_J=1 n=32 p=3.16228   | BER 0.1967 cnn 0.967 en 0.438 suite 0.975 JSR +3.0 dB
  N_J=1 n=52 p=3.16228   | BER 0.3142 cnn 0.988 en 0.650 suite 0.996 JSR +4.9 dB
  N_J=1 n= 1 p=5.62341   | BER 0.0084 cnn 0.197 en 0.006 suite 0.199 JSR -9.6 dB
  N_J=1 n= 2 p=5.62341   | BER 0.0147 cnn 0.436 en 0.025 suite 0.451 JSR -6.4 dB
  N_J=1 n= 4 p=5.62341   | BER 0.0284 cnn 0.619 en 0.039 suite 0.643 JSR -3.5 dB
  N_J=1 n= 8 p=5.62341   | BER 0.0556 cnn 0.799 en 0.133 suite 0.824 JSR -0.6 dB
  N_J=1 n=16 p=5.62341   | BER 0.1107 cnn 0.949 en 0.373 suite 0.963 JSR +2.5 dB
  N_J=1 n=32 p=5.62341   | BER 0.2205 cnn 0.988 en 0.713 suite 0.992 JSR +5.6 dB
  N_J=1 n=52 p=5.62341   | BER 0.3627 cnn 1.000 en 0.906 suite 1.000 JSR +7.9 dB
  N_J=1 n= 1 p=10        | BER 0.0086 cnn 0.365 en 0.037 suite 0.389 JSR -7.2 dB
  N_J=1 n= 2 p=10        | BER 0.0157 cnn 0.547 en 0.020 suite 0.559 JSR -4.5 dB
  N_J=1 n= 4 p=10        | BER 0.0314 cnn 0.812 en 0.086 suite 0.830 JSR -0.9 dB
  N_J=1 n= 8 p=10        | BER 0.0613 cnn 0.934 en 0.318 suite 0.947 JSR +2.0 dB
  N_J=1 n=16 p=10        | BER 0.1211 cnn 0.980 en 0.686 suite 0.988 JSR +4.6 dB
  N_J=1 n=32 p=10        | BER 0.2416 cnn 0.998 en 0.926 suite 1.000 JSR +7.9 dB
  N_J=1 n=52 p=10        | BER 0.3880 cnn 0.998 en 0.979 suite 1.000 JSR +9.9 dB
  [checkpoint] N_J=1 done, 91 rows (41s)
  N_J=2 n= 1 p=0.01      | BER 0.0015 cnn 0.025 en 0.008 suite 0.033 JSR -36.8 dB
  N_J=2 n= 2 p=0.01      | BER 0.0015 cnn 0.027 en 0.010 suite 0.037 JSR -34.2 dB
  N_J=2 n= 4 p=0.01      | BER 0.0015 cnn 0.010 en 0.010 suite 0.020 JSR -31.1 dB
  N_J=2 n= 8 p=0.01      | BER 0.0019 cnn 0.012 en 0.018 suite 0.029 JSR -28.0 dB
  N_J=2 n=16 p=0.01      | BER 0.0025 cnn 0.012 en 0.014 suite 0.025 JSR -25.2 dB
  N_J=2 n=32 p=0.01      | BER 0.0041 cnn 0.018 en 0.010 suite 0.027 JSR -22.0 dB
  N_J=2 n=52 p=0.01      | BER 0.0049 cnn 0.018 en 0.027 suite 0.045 JSR -20.4 dB
  N_J=2 n= 1 p=0.017783  | BER 0.0013 cnn 0.021 en 0.018 suite 0.039 JSR -34.8 dB
  N_J=2 n= 2 p=0.017783  | BER 0.0016 cnn 0.016 en 0.012 suite 0.027 JSR -31.7 dB
  N_J=2 n= 4 p=0.017783  | BER 0.0015 cnn 0.012 en 0.021 suite 0.033 JSR -28.7 dB
  N_J=2 n= 8 p=0.017783  | BER 0.0025 cnn 0.014 en 0.018 suite 0.031 JSR -25.6 dB
  N_J=2 n=16 p=0.017783  | BER 0.0036 cnn 0.016 en 0.012 suite 0.027 JSR -22.8 dB
  N_J=2 n=32 p=0.017783  | BER 0.0063 cnn 0.016 en 0.018 suite 0.029 JSR -19.6 dB
  N_J=2 n=52 p=0.017783  | BER 0.0094 cnn 0.025 en 0.010 suite 0.035 JSR -17.4 dB
  N_J=2 n= 1 p=0.031623  | BER 0.0014 cnn 0.020 en 0.016 suite 0.035 JSR -32.0 dB
  N_J=2 n= 2 p=0.031623  | BER 0.0017 cnn 0.021 en 0.006 suite 0.027 JSR -29.1 dB
  N_J=2 n= 4 p=0.031623  | BER 0.0021 cnn 0.023 en 0.008 suite 0.031 JSR -26.2 dB
  N_J=2 n= 8 p=0.031623  | BER 0.0035 cnn 0.020 en 0.012 suite 0.031 JSR -23.1 dB
  N_J=2 n=16 p=0.031623  | BER 0.0060 cnn 0.025 en 0.014 suite 0.039 JSR -20.3 dB
  N_J=2 n=32 p=0.031623  | BER 0.0097 cnn 0.023 en 0.023 suite 0.047 JSR -17.5 dB
  N_J=2 n=52 p=0.031623  | BER 0.0159 cnn 0.061 en 0.008 suite 0.068 JSR -14.8 dB
  N_J=2 n= 1 p=0.056234  | BER 0.0015 cnn 0.018 en 0.010 suite 0.025 JSR -29.4 dB
  N_J=2 n= 2 p=0.056234  | BER 0.0021 cnn 0.012 en 0.020 suite 0.031 JSR -26.7 dB
  N_J=2 n= 4 p=0.056234  | BER 0.0030 cnn 0.012 en 0.002 suite 0.014 JSR -23.6 dB
  N_J=2 n= 8 p=0.056234  | BER 0.0050 cnn 0.029 en 0.023 suite 0.053 JSR -20.8 dB
  N_J=2 n=16 p=0.056234  | BER 0.0099 cnn 0.037 en 0.010 suite 0.047 JSR -17.4 dB
  N_J=2 n=32 p=0.056234  | BER 0.0188 cnn 0.041 en 0.012 suite 0.053 JSR -14.4 dB
  N_J=2 n=52 p=0.056234  | BER 0.0251 cnn 0.080 en 0.016 suite 0.096 JSR -12.7 dB
  N_J=2 n= 1 p=0.1       | BER 0.0022 cnn 0.025 en 0.014 suite 0.037 JSR -27.1 dB
  N_J=2 n= 2 p=0.1       | BER 0.0029 cnn 0.023 en 0.012 suite 0.035 JSR -24.0 dB
  N_J=2 n= 4 p=0.1       | BER 0.0044 cnn 0.018 en 0.008 suite 0.025 JSR -21.0 dB
  N_J=2 n= 8 p=0.1       | BER 0.0080 cnn 0.023 en 0.010 suite 0.033 JSR -18.1 dB
  N_J=2 n=16 p=0.1       | BER 0.0139 cnn 0.037 en 0.012 suite 0.049 JSR -15.1 dB
  N_J=2 n=32 p=0.1       | BER 0.0287 cnn 0.086 en 0.010 suite 0.096 JSR -12.0 dB
  N_J=2 n=52 p=0.1       | BER 0.0469 cnn 0.160 en 0.018 suite 0.178 JSR -10.0 dB
  N_J=2 n= 1 p=0.177828  | BER 0.0027 cnn 0.023 en 0.010 suite 0.033 JSR -24.7 dB
  N_J=2 n= 2 p=0.177828  | BER 0.0042 cnn 0.008 en 0.008 suite 0.014 JSR -21.7 dB
  N_J=2 n= 4 p=0.177828  | BER 0.0075 cnn 0.012 en 0.018 suite 0.029 JSR -18.7 dB
  N_J=2 n= 8 p=0.177828  | BER 0.0124 cnn 0.041 en 0.020 suite 0.061 JSR -15.6 dB
  N_J=2 n=16 p=0.177828  | BER 0.0241 cnn 0.086 en 0.016 suite 0.102 JSR -12.6 dB
  N_J=2 n=32 p=0.177828  | BER 0.0464 cnn 0.193 en 0.023 suite 0.217 JSR -9.5 dB
  N_J=2 n=52 p=0.177828  | BER 0.0699 cnn 0.328 en 0.012 suite 0.340 JSR -7.6 dB
  N_J=2 n= 1 p=0.316228  | BER 0.0033 cnn 0.010 en 0.010 suite 0.020 JSR -22.0 dB
  N_J=2 n= 2 p=0.316228  | BER 0.0061 cnn 0.020 en 0.008 suite 0.027 JSR -18.9 dB
  N_J=2 n= 4 p=0.316228  | BER 0.0104 cnn 0.043 en 0.004 suite 0.047 JSR -16.1 dB
  N_J=2 n= 8 p=0.316228  | BER 0.0216 cnn 0.062 en 0.008 suite 0.070 JSR -13.0 dB
  N_J=2 n=16 p=0.316228  | BER 0.0373 cnn 0.129 en 0.018 suite 0.146 JSR -10.3 dB
  N_J=2 n=32 p=0.316228  | BER 0.0661 cnn 0.307 en 0.029 suite 0.334 JSR -7.5 dB
  N_J=2 n=52 p=0.316228  | BER 0.1112 cnn 0.572 en 0.029 suite 0.602 JSR -5.0 dB
  N_J=2 n= 1 p=0.562341  | BER 0.0051 cnn 0.035 en 0.010 suite 0.045 JSR -19.7 dB
  N_J=2 n= 2 p=0.562341  | BER 0.0085 cnn 0.031 en 0.016 suite 0.047 JSR -16.8 dB
  N_J=2 n= 4 p=0.562341  | BER 0.0165 cnn 0.035 en 0.016 suite 0.051 JSR -13.5 dB
  N_J=2 n= 8 p=0.562341  | BER 0.0308 cnn 0.145 en 0.021 suite 0.166 JSR -10.7 dB
  N_J=2 n=16 p=0.562341  | BER 0.0569 cnn 0.297 en 0.020 suite 0.312 JSR -7.5 dB
  N_J=2 n=32 p=0.562341  | BER 0.1053 cnn 0.529 en 0.027 suite 0.551 JSR -4.8 dB
  N_J=2 n=52 p=0.562341  | BER 0.1582 cnn 0.770 en 0.039 suite 0.795 JSR -2.5 dB
  N_J=2 n= 1 p=1         | BER 0.0068 cnn 0.039 en 0.018 suite 0.057 JSR -17.4 dB
  N_J=2 n= 2 p=1         | BER 0.0130 cnn 0.045 en 0.006 suite 0.051 JSR -13.9 dB
  N_J=2 n= 4 p=1         | BER 0.0233 cnn 0.125 en 0.021 suite 0.146 JSR -11.1 dB
  N_J=2 n= 8 p=1         | BER 0.0439 cnn 0.252 en 0.014 suite 0.266 JSR -8.1 dB
  N_J=2 n=16 p=1         | BER 0.0847 cnn 0.521 en 0.014 suite 0.535 JSR -5.0 dB
  N_J=2 n=32 p=1         | BER 0.1526 cnn 0.830 en 0.053 suite 0.852 JSR -2.0 dB
  N_J=2 n=52 p=1         | BER 0.2097 cnn 0.914 en 0.117 suite 0.934 JSR -0.0 dB
  N_J=2 n= 1 p=1.77828   | BER 0.0086 cnn 0.068 en 0.010 suite 0.078 JSR -14.7 dB
  N_J=2 n= 2 p=1.77828   | BER 0.0162 cnn 0.111 en 0.018 suite 0.129 JSR -11.8 dB
  N_J=2 n= 4 p=1.77828   | BER 0.0298 cnn 0.230 en 0.014 suite 0.244 JSR -8.8 dB
  N_J=2 n= 8 p=1.77828   | BER 0.0595 cnn 0.438 en 0.010 suite 0.445 JSR -5.6 dB
  N_J=2 n=16 p=1.77828   | BER 0.1085 cnn 0.697 en 0.035 suite 0.713 JSR -2.8 dB
  N_J=2 n=32 p=1.77828   | BER 0.1979 cnn 0.928 en 0.123 suite 0.945 JSR +0.5 dB
  N_J=2 n=52 p=1.77828   | BER 0.2608 cnn 0.982 en 0.395 suite 0.990 JSR +2.2 dB
  N_J=2 n= 1 p=3.16228   | BER 0.0112 cnn 0.141 en 0.018 suite 0.158 JSR -12.1 dB
  N_J=2 n= 2 p=3.16228   | BER 0.0204 cnn 0.199 en 0.014 suite 0.213 JSR -9.1 dB
  N_J=2 n= 4 p=3.16228   | BER 0.0385 cnn 0.406 en 0.023 suite 0.428 JSR -6.2 dB
  N_J=2 n= 8 p=3.16228   | BER 0.0746 cnn 0.674 en 0.027 suite 0.691 JSR -3.2 dB
  N_J=2 n=16 p=3.16228   | BER 0.1388 cnn 0.895 en 0.125 suite 0.920 JSR -0.2 dB
  N_J=2 n=32 p=3.16228   | BER 0.2392 cnn 0.975 en 0.463 suite 0.988 JSR +2.8 dB
  N_J=2 n=52 p=3.16228   | BER 0.3177 cnn 0.996 en 0.805 suite 0.998 JSR +5.1 dB
  N_J=2 n= 1 p=5.62341   | BER 0.0128 cnn 0.242 en 0.012 suite 0.254 JSR -9.4 dB
  N_J=2 n= 2 p=5.62341   | BER 0.0247 cnn 0.428 en 0.018 suite 0.445 JSR -6.4 dB
  N_J=2 n= 4 p=5.62341   | BER 0.0464 cnn 0.631 en 0.035 suite 0.656 JSR -3.8 dB
  N_J=2 n= 8 p=5.62341   | BER 0.0901 cnn 0.838 en 0.082 suite 0.873 JSR -0.6 dB
  N_J=2 n=16 p=5.62341   | BER 0.1661 cnn 0.969 en 0.365 suite 0.977 JSR +2.5 dB
  N_J=2 n=32 p=5.62341   | BER 0.2825 cnn 1.000 en 0.830 suite 1.000 JSR +5.5 dB
  N_J=2 n=52 p=5.62341   | BER 0.3558 cnn 1.000 en 0.977 suite 1.000 JSR +7.6 dB
  N_J=2 n= 1 p=10        | BER 0.0144 cnn 0.398 en 0.025 suite 0.416 JSR -7.3 dB
  N_J=2 n= 2 p=10        | BER 0.0274 cnn 0.625 en 0.016 suite 0.633 JSR -3.9 dB
  N_J=2 n= 4 p=10        | BER 0.0534 cnn 0.855 en 0.057 suite 0.881 JSR -0.9 dB
  N_J=2 n= 8 p=10        | BER 0.1007 cnn 0.951 en 0.318 suite 0.967 JSR +1.9 dB
  N_J=2 n=16 p=10        | BER 0.1865 cnn 0.988 en 0.812 suite 0.994 JSR +4.9 dB
  N_J=2 n=32 p=10        | BER 0.3161 cnn 1.000 en 0.977 suite 1.000 JSR +8.0 dB
  N_J=2 n=52 p=10        | BER 0.3901 cnn 1.000 en 1.000 suite 1.000 JSR +10.0 dB
  [checkpoint] N_J=2 done, 182 rows (78s)
  N_J=4 n= 1 p=0.01      | BER 0.0014 cnn 0.021 en 0.021 suite 0.043 JSR -37.0 dB
  N_J=4 n= 2 p=0.01      | BER 0.0013 cnn 0.020 en 0.020 suite 0.039 JSR -34.4 dB
  N_J=4 n= 4 p=0.01      | BER 0.0014 cnn 0.025 en 0.014 suite 0.039 JSR -31.1 dB
  N_J=4 n= 8 p=0.01      | BER 0.0019 cnn 0.014 en 0.008 suite 0.021 JSR -28.1 dB
  N_J=4 n=16 p=0.01      | BER 0.0026 cnn 0.018 en 0.016 suite 0.031 JSR -25.1 dB
  N_J=4 n=32 p=0.01      | BER 0.0040 cnn 0.014 en 0.012 suite 0.025 JSR -22.2 dB
  N_J=4 n=52 p=0.01      | BER 0.0060 cnn 0.025 en 0.012 suite 0.037 JSR -20.0 dB
  N_J=4 n= 1 p=0.017783  | BER 0.0013 cnn 0.016 en 0.012 suite 0.027 JSR -34.7 dB
  N_J=4 n= 2 p=0.017783  | BER 0.0016 cnn 0.018 en 0.006 suite 0.023 JSR -31.5 dB
  N_J=4 n= 4 p=0.017783  | BER 0.0024 cnn 0.012 en 0.008 suite 0.020 JSR -28.4 dB
  N_J=4 n= 8 p=0.017783  | BER 0.0023 cnn 0.027 en 0.016 suite 0.043 JSR -25.7 dB
  N_J=4 n=16 p=0.017783  | BER 0.0037 cnn 0.018 en 0.014 suite 0.031 JSR -22.7 dB
  N_J=4 n=32 p=0.017783  | BER 0.0065 cnn 0.021 en 0.021 suite 0.043 JSR -19.6 dB
  N_J=4 n=52 p=0.017783  | BER 0.0094 cnn 0.027 en 0.008 suite 0.035 JSR -17.3 dB
  N_J=4 n= 1 p=0.031623  | BER 0.0014 cnn 0.018 en 0.006 suite 0.023 JSR -32.1 dB
  N_J=4 n= 2 p=0.031623  | BER 0.0019 cnn 0.033 en 0.016 suite 0.049 JSR -29.2 dB
  N_J=4 n= 4 p=0.031623  | BER 0.0023 cnn 0.008 en 0.004 suite 0.012 JSR -26.3 dB
  N_J=4 n= 8 p=0.031623  | BER 0.0033 cnn 0.020 en 0.016 suite 0.033 JSR -23.2 dB
  N_J=4 n=16 p=0.031623  | BER 0.0056 cnn 0.023 en 0.012 suite 0.035 JSR -20.2 dB
  N_J=4 n=32 p=0.031623  | BER 0.0103 cnn 0.035 en 0.014 suite 0.049 JSR -17.2 dB
  N_J=4 n=52 p=0.031623  | BER 0.0167 cnn 0.045 en 0.018 suite 0.062 JSR -15.0 dB
  N_J=4 n= 1 p=0.056234  | BER 0.0014 cnn 0.020 en 0.008 suite 0.027 JSR -29.7 dB
  N_J=4 n= 2 p=0.056234  | BER 0.0021 cnn 0.018 en 0.004 suite 0.021 JSR -26.4 dB
  N_J=4 n= 4 p=0.056234  | BER 0.0031 cnn 0.018 en 0.021 suite 0.039 JSR -23.7 dB
  N_J=4 n= 8 p=0.056234  | BER 0.0055 cnn 0.008 en 0.008 suite 0.016 JSR -20.4 dB
  N_J=4 n=16 p=0.056234  | BER 0.0081 cnn 0.025 en 0.008 suite 0.033 JSR -17.5 dB
  N_J=4 n=32 p=0.056234  | BER 0.0172 cnn 0.033 en 0.010 suite 0.043 JSR -14.6 dB
  N_J=4 n=52 p=0.056234  | BER 0.0266 cnn 0.096 en 0.006 suite 0.102 JSR -12.4 dB
  N_J=4 n= 1 p=0.1       | BER 0.0020 cnn 0.018 en 0.008 suite 0.025 JSR -27.3 dB
  N_J=4 n= 2 p=0.1       | BER 0.0026 cnn 0.012 en 0.010 suite 0.021 JSR -24.2 dB
  N_J=4 n= 4 p=0.1       | BER 0.0049 cnn 0.020 en 0.010 suite 0.029 JSR -21.1 dB
  N_J=4 n= 8 p=0.1       | BER 0.0083 cnn 0.033 en 0.006 suite 0.039 JSR -18.0 dB
  N_J=4 n=16 p=0.1       | BER 0.0152 cnn 0.039 en 0.010 suite 0.049 JSR -15.2 dB
  N_J=4 n=32 p=0.1       | BER 0.0299 cnn 0.088 en 0.012 suite 0.100 JSR -12.1 dB
  N_J=4 n=52 p=0.1       | BER 0.0437 cnn 0.170 en 0.008 suite 0.178 JSR -10.0 dB
  N_J=4 n= 1 p=0.177828  | BER 0.0027 cnn 0.018 en 0.014 suite 0.031 JSR -24.6 dB
  N_J=4 n= 2 p=0.177828  | BER 0.0042 cnn 0.023 en 0.014 suite 0.037 JSR -21.7 dB
  N_J=4 n= 4 p=0.177828  | BER 0.0075 cnn 0.035 en 0.010 suite 0.045 JSR -18.6 dB
  N_J=4 n= 8 p=0.177828  | BER 0.0130 cnn 0.041 en 0.020 suite 0.061 JSR -15.8 dB
  N_J=4 n=16 p=0.177828  | BER 0.0247 cnn 0.057 en 0.006 suite 0.062 JSR -12.6 dB
  N_J=4 n=32 p=0.177828  | BER 0.0467 cnn 0.178 en 0.018 suite 0.195 JSR -9.8 dB
  N_J=4 n=52 p=0.177828  | BER 0.0720 cnn 0.336 en 0.014 suite 0.350 JSR -7.4 dB
  N_J=4 n= 1 p=0.316228  | BER 0.0036 cnn 0.020 en 0.014 suite 0.033 JSR -22.4 dB
  N_J=4 n= 2 p=0.316228  | BER 0.0062 cnn 0.025 en 0.014 suite 0.039 JSR -19.3 dB
  N_J=4 n= 4 p=0.316228  | BER 0.0117 cnn 0.045 en 0.010 suite 0.055 JSR -16.1 dB
  N_J=4 n= 8 p=0.316228  | BER 0.0224 cnn 0.072 en 0.012 suite 0.084 JSR -13.0 dB
  N_J=4 n=16 p=0.316228  | BER 0.0437 cnn 0.166 en 0.006 suite 0.172 JSR -10.1 dB
  N_J=4 n=32 p=0.316228  | BER 0.0717 cnn 0.346 en 0.012 suite 0.357 JSR -7.2 dB
  N_J=4 n=52 p=0.316228  | BER 0.1074 cnn 0.576 en 0.025 suite 0.596 JSR -5.2 dB
  N_J=4 n= 1 p=0.562341  | BER 0.0055 cnn 0.018 en 0.016 suite 0.031 JSR -19.8 dB
  N_J=4 n= 2 p=0.562341  | BER 0.0100 cnn 0.041 en 0.006 suite 0.045 JSR -16.6 dB
  N_J=4 n= 4 p=0.562341  | BER 0.0179 cnn 0.037 en 0.021 suite 0.059 JSR -13.9 dB
  N_J=4 n= 8 p=0.562341  | BER 0.0325 cnn 0.115 en 0.016 suite 0.131 JSR -10.8 dB
  N_J=4 n=16 p=0.562341  | BER 0.0633 cnn 0.326 en 0.016 suite 0.342 JSR -7.5 dB
  N_J=4 n=32 p=0.562341  | BER 0.1153 cnn 0.592 en 0.043 suite 0.629 JSR -4.7 dB
  N_J=4 n=52 p=0.562341  | BER 0.1509 cnn 0.791 en 0.041 suite 0.814 JSR -2.6 dB
  N_J=4 n= 1 p=1         | BER 0.0085 cnn 0.035 en 0.012 suite 0.047 JSR -17.0 dB
  N_J=4 n= 2 p=1         | BER 0.0154 cnn 0.074 en 0.008 suite 0.082 JSR -14.1 dB
  N_J=4 n= 4 p=1         | BER 0.0268 cnn 0.084 en 0.010 suite 0.094 JSR -11.3 dB
  N_J=4 n= 8 p=1         | BER 0.0535 cnn 0.309 en 0.014 suite 0.320 JSR -7.9 dB
  N_J=4 n=16 p=1         | BER 0.0942 cnn 0.578 en 0.033 suite 0.611 JSR -5.2 dB
  N_J=4 n=32 p=1         | BER 0.1563 cnn 0.822 en 0.059 suite 0.848 JSR -2.3 dB
  N_J=4 n=52 p=1         | BER 0.2106 cnn 0.924 en 0.092 suite 0.949 JSR -0.0 dB
  N_J=4 n= 1 p=1.77828   | BER 0.0112 cnn 0.039 en 0.014 suite 0.053 JSR -14.7 dB
  N_J=4 n= 2 p=1.77828   | BER 0.0204 cnn 0.125 en 0.010 suite 0.135 JSR -11.7 dB
  N_J=4 n= 4 p=1.77828   | BER 0.0384 cnn 0.203 en 0.021 suite 0.225 JSR -9.1 dB
  N_J=4 n= 8 p=1.77828   | BER 0.0778 cnn 0.525 en 0.021 suite 0.541 JSR -5.4 dB
  N_J=4 n=16 p=1.77828   | BER 0.1285 cnn 0.781 en 0.049 suite 0.812 JSR -2.8 dB
  N_J=4 n=32 p=1.77828   | BER 0.2132 cnn 0.939 en 0.135 suite 0.959 JSR +0.4 dB
  N_J=4 n=52 p=1.77828   | BER 0.2616 cnn 0.992 en 0.363 suite 0.998 JSR +2.3 dB
  N_J=4 n= 1 p=3.16228   | BER 0.0153 cnn 0.121 en 0.020 suite 0.141 JSR -12.0 dB
  N_J=4 n= 2 p=3.16228   | BER 0.0285 cnn 0.201 en 0.016 suite 0.217 JSR -9.2 dB
  N_J=4 n= 4 p=3.16228   | BER 0.0540 cnn 0.412 en 0.018 suite 0.430 JSR -6.2 dB
  N_J=4 n= 8 p=3.16228   | BER 0.1000 cnn 0.686 en 0.037 suite 0.709 JSR -3.2 dB
  N_J=4 n=16 p=3.16228   | BER 0.1767 cnn 0.938 en 0.086 suite 0.953 JSR -0.0 dB
  N_J=4 n=32 p=3.16228   | BER 0.2560 cnn 0.996 en 0.479 suite 0.998 JSR +2.6 dB
  N_J=4 n=52 p=3.16228   | BER 0.3134 cnn 1.000 en 0.846 suite 1.000 JSR +5.0 dB
  N_J=4 n= 1 p=5.62341   | BER 0.0191 cnn 0.217 en 0.018 suite 0.234 JSR -9.7 dB
  N_J=4 n= 2 p=5.62341   | BER 0.0374 cnn 0.385 en 0.020 suite 0.404 JSR -6.7 dB
  N_J=4 n= 4 p=5.62341   | BER 0.0706 cnn 0.672 en 0.016 suite 0.682 JSR -3.5 dB
  N_J=4 n= 8 p=5.62341   | BER 0.1285 cnn 0.867 en 0.061 suite 0.893 JSR -0.6 dB
  N_J=4 n=16 p=5.62341   | BER 0.2138 cnn 0.984 en 0.350 suite 0.996 JSR +2.5 dB
  N_J=4 n=32 p=5.62341   | BER 0.3128 cnn 0.998 en 0.918 suite 0.998 JSR +5.5 dB
  N_J=4 n=52 p=5.62341   | BER 0.3583 cnn 1.000 en 0.992 suite 1.000 JSR +7.6 dB
  N_J=4 n= 1 p=10        | BER 0.0238 cnn 0.395 en 0.018 suite 0.410 JSR -7.1 dB
  N_J=4 n= 2 p=10        | BER 0.0441 cnn 0.572 en 0.023 suite 0.592 JSR -4.3 dB
  N_J=4 n= 4 p=10        | BER 0.0838 cnn 0.834 en 0.066 suite 0.859 JSR -1.1 dB
  N_J=4 n= 8 p=10        | BER 0.1516 cnn 0.965 en 0.273 suite 0.975 JSR +2.0 dB
  N_J=4 n=16 p=10        | BER 0.2472 cnn 0.996 en 0.820 suite 0.998 JSR +4.8 dB
  N_J=4 n=32 p=10        | BER 0.3497 cnn 1.000 en 1.000 suite 1.000 JSR +7.9 dB
  N_J=4 n=52 p=10        | BER 0.3903 cnn 1.000 en 1.000 suite 1.000 JSR +10.0 dB
  [checkpoint] N_J=4 done, 273 rows (116s)

ebno_25: confirmed frontier picks (fresh 4096 frames each)
  N_J=1 cnn   budget far   (=0.0181) -> n=52 p=0.017783 | BER 0.0099 P_det 0.0291 (+3.3 sigma)  FLAGGED
  N_J=1 cnn   budget 0.1   (=0.1000) -> n=32 p=0.1 | BER 0.0278 P_det 0.0974 (-0.6 sigma)
  N_J=1 cnn   budget 0.5   (=0.5000) -> n=52 p=0.177828 | BER 0.0710 P_det 0.3394 (-21.7 sigma)
  N_J=1 suite budget far   (=0.0293) -> n=52 p=0.01 | BER 0.0058 P_det 0.0337 (+1.1 sigma)
  N_J=1 suite budget 0.1   (=0.1000) -> n=32 p=0.1 | BER 0.0278 P_det 0.1101 (+2.1 sigma)  FLAGGED
  N_J=1 suite budget 0.5   (=0.5000) -> n=52 p=0.177828 | BER 0.0710 P_det 0.3582 (-18.9 sigma)
  N_J=2 cnn   budget far   (=0.0181) -> n=32 p=0.031623 | BER 0.0102 P_det 0.0298 (+3.5 sigma)  FLAGGED
  N_J=2 cnn   budget 0.1   (=0.1000) -> n=32 p=0.1 | BER 0.0284 P_det 0.0847 (-3.5 sigma)
  N_J=2 cnn   budget 0.5   (=0.5000) -> n=52 p=0.177828 | BER 0.0703 P_det 0.3335 (-22.6 sigma)
  N_J=2 suite budget far   (=0.0293) -> n=4 p=0.177828 | BER 0.0071 P_det 0.0347 (+1.4 sigma)
  N_J=2 suite budget 0.1   (=0.1000) -> n=32 p=0.1 | BER 0.0284 P_det 0.0957 (-0.9 sigma)
  N_J=2 suite budget 0.5   (=0.5000) -> n=52 p=0.177828 | BER 0.0703 P_det 0.3481 (-20.4 sigma)
  N_J=4 cnn   budget far   (=0.0181) -> n=32 p=0.017783 | BER 0.0065 P_det 0.0247 (+2.1 sigma)  FLAGGED
  N_J=4 cnn   budget 0.1   (=0.1000) -> n=32 p=0.1 | BER 0.0287 P_det 0.0830 (-3.9 sigma)
  N_J=4 cnn   budget 0.5   (=0.5000) -> n=52 p=0.177828 | BER 0.0723 P_det 0.3340 (-22.5 sigma)
  N_J=4 suite budget far   (=0.0293) -> n=8 p=0.056234 | BER 0.0054 P_det 0.0364 (+1.8 sigma)
  N_J=4 suite budget 0.1   (=0.1000) -> n=32 p=0.1 | BER 0.0287 P_det 0.0933 (-1.5 sigma)
  N_J=4 suite budget 0.5   (=0.5000) -> n=52 p=0.177828 | BER 0.0723 P_det 0.3516 (-19.9 sigma)
wrote /home/rrahman/BT/Tabula Rasa/sim08_ablation/../artifacts/sim08_ablation/run001/sweep_ebno_25.json (159s)
